Running HiGHS 1.12.0 (git hash: 4f96ee8f4): Copyright (c) 2025 HiGHS under MIT licence terms
MIP has 2950 rows; 1240 cols; 336924 nonzeros; 1240 integer variables (1240 binary)
Coefficient ranges:
  Matrix  [1e+00, 6e+00]
  Cost    [0e+00, 0e+00]
  Bound   [1e+00, 1e+00]
  RHS     [1e+00, 6e+01]
Presolving model
2942 rows, 1240 cols, 336916 nonzeros  0s
2613 rows, 1240 cols, 325158 nonzeros  6s
Presolve reductions: rows 2613(-337); columns 1240(-0); nonzeros 325158(-11766) 
Objective function is integral with scale 1

Solving MIP model with:
   2613 rows
   1240 cols (1240 binary, 0 integer, 0 implied int., 0 continuous, 0 domain fixed)
   325158 nonzeros

Src: B => Branching; C => Central rounding; F => Feasibility pump; H => Heuristic;
     I => Shifting; J => Feasibility jump; L => Sub-MIP; P => Empty MIP; R => Randomized rounding;
     S => Solve LP; T => Evaluate node; U => Unbounded; X => User solution; Y => HiGHS solution;
     Z => ZI Round; l => Trivial lower; p => Trivial point; u => Trivial upper; z => Trivial zero

        Nodes      |    B&B Tree     |            Objective Bounds              |  Dynamic Constraints |       Work      
Src  Proc. InQueue |  Leaves   Expl. | BestBound       BestSol              Gap |   Cuts   InLp Confl. | LpIters     Time

         0       0         0   0.00%   0               inf                  inf        0      0      0         0     6.6s
         0       0         0   0.00%   0               inf                  inf        0      0      0       655     6.7s

67.3% inactive integer columns, restarting
Model after restart has 2126 rows, 406 cols (406 bin., 0 int., 0 impl., 0 cont., 0 dom.fix.), and 71354 nonzeros

         0       0         0   0.00%   0               inf                  inf       17      0      0      8612    11.0s
         0       0         0   0.00%   0               inf                  inf       17     13      0      8801    11.0s

5.9% inactive integer columns, restarting
Model after restart has 2102 rows, 382 cols (382 bin., 0 int., 0 impl., 0 cont., 0 dom.fix.), and 67023 nonzeros

         0       0         0   0.00%   0               inf                  inf       29      0      0     16473    13.8s
         0       0         0   0.00%   0               inf                  inf       29     17      0     16615    13.8s
        75       0        38 100.00%   inf             inf                  inf     1763     41    109     33275    17.4s

Solving report
  Status            Infeasible
  Primal bound      inf
  Dual bound        inf
  Gap               inf
  P-D integral      0
  Solution status   -
  Timing            17.43
  Max sub-MIP depth 3
  Nodes             75
  Repair LPs        0
  LP iterations     33275
                    0 (strong br.)
                    2101 (separation)
                    22148 (heuristics)
{"encoding": "expanded_integer_linear", "wall": false, "threshold": 55, "options": 1240, "base_rows": 2949, "status": 2, "message": "The problem is infeasible. (HiGHS Status 8: model_status is Infeasible; primal_status is None)", "wall_seconds": 17.59784468599537}
