Running HiGHS 1.12.0 (git hash: 4f96ee8f4): Copyright (c) 2025 HiGHS under MIT licence terms
MIP has 1353 rows; 550 cols; 127131 nonzeros; 550 integer variables (550 binary)
Coefficient ranges:
  Matrix  [1e+00, 6e+00]
  Cost    [2e+00, 3e+00]
  Bound   [1e+00, 1e+00]
  RHS     [1e+00, 1e+01]
Presolving model
1345 rows, 550 cols, 127123 nonzeros  0s
1163 rows, 550 cols, 122109 nonzeros  0s
Presolve reductions: rows 1163(-190); columns 550(-0); nonzeros 122109(-5022) 
Objective function is integral with scale 1

Solving MIP model with:
   1163 rows
   550 cols (550 binary, 0 integer, 0 implied int., 0 continuous, 0 domain fixed)
   122109 nonzeros

Src: B => Branching; C => Central rounding; F => Feasibility pump; H => Heuristic;
     I => Shifting; J => Feasibility jump; L => Sub-MIP; P => Empty MIP; R => Randomized rounding;
     S => Solve LP; T => Evaluate node; U => Unbounded; X => User solution; Y => HiGHS solution;
     Z => ZI Round; l => Trivial lower; p => Trivial point; u => Trivial upper; z => Trivial zero

        Nodes      |    B&B Tree     |            Objective Bounds              |  Dynamic Constraints |       Work      
Src  Proc. InQueue |  Leaves   Expl. | BestBound       BestSol              Gap |   Cuts   InLp Confl. | LpIters     Time

 z       0       0         0   0.00%   -inf            0                  Large        0      0      0         0     0.9s
 J       0       0         0   0.00%   -inf            -3                 Large        0      0      0         0     1.0s
 R       0       0         0   0.00%   -30             -5               500.00%        0      0      0       531     1.1s
 S       0       0         0   0.00%   -30             -6               400.00%      154      5      0       531     1.1s
 L       0       0         0   0.00%   -29             -29                0.00%     2328     51      0      1056     2.6s
         1       0         1 100.00%   -29             -29                0.00%     2202     51      0      1167     2.6s

Solving report
  Status            Optimal
  Primal bound      -29
  Dual bound        -29
  Gap               0%
  P-D integral      6.618655626
  Solution status   feasible
                    -29 (objective)
                    0 (bound viol.)
                    6.88338275268e-15 (int. viol.)
                    0 (row viol.)
  Timing            2.60
  Max sub-MIP depth 3
  Nodes             1
  Repair LPs        0
  LP iterations     1167
                    0 (strong br.)
                    525 (separation)
                    111 (heuristics)
{"encoding": "expanded_integer_linear", "wall": true, "threshold": null, "options": 550, "base_rows": 1353, "status": 0, "message": "Optimization terminated successfully. (HiGHS Status 7: Optimal)", "wall_seconds": 2.6655103170051007, "weight": 29, "counts": {"s": 10, "l": 3}}
