
Starting CP-SAT solver v9.15.6755
Parameters: max_time_in_seconds: 120 log_search_progress: true num_search_workers: 2 log_to_stdout: false

Initial optimization model '': (model_fingerprint: 0x92a78f7bcccada6f)
#Variables: 802 (#bools: 550 in objective) (664 primary variables)
  - 802 Booleans in [0,1]
#kLinear1: 4 (#enforced: 4)
#kLinear2: 12 (#enforced: 4)
#kLinear3: 346 (#enforced: 338)
#kLinearN: 991 (#enforced: 754) (#terms: 15'718)

Starting presolve at 0.00s
  3.18e-04s  0.00e+00d  [DetectDominanceRelations] 
  3.62e-03s  0.00e+00d  [PresolveToFixPoint] #num_loops=2 #num_dual_strengthening=1 
  1.26e-05s  0.00e+00d  [ExtractEncodingFromLinear] #potential_supersets=244 
  2.01e-04s  0.00e+00d  [DetectDuplicateColumns] 
  1.28e-04s  0.00e+00d  [DetectDuplicateConstraints] 
[Symmetry] Graph for symmetry has 2'933 nodes and 18'604 arcs.
[Symmetry] Symmetry computation done. time: 0.000963243 dtime: 0.00345295
[Symmetry] #generators: 1, average support size: 784
[Symmetry] 392 orbits on 784 variables with sizes: 2,2,2,2,2,2,2,2,2,2,...
[Symmetry] Num fixable by intersecting at_most_one with orbits: 39 largest_orbit: 2
[SAT presolve] num removable Booleans: 0 / 794
[SAT presolve] num trivial clauses: 0
[SAT presolve] [0s] clauses:1'011 literals:5'712 vars:755 one_side_vars:754 simple_definition:1 singleton_clauses:0
[SAT presolve] [3.5488e-05s] clauses:1'011 literals:5'712 vars:755 one_side_vars:754 simple_definition:1 singleton_clauses:0
[SAT presolve] [5.9646e-05s] clauses:1'011 literals:5'712 vars:755 one_side_vars:754 simple_definition:1 singleton_clauses:0
  1.44e-04s  0.00e+00d  [DetectDuplicateConstraintsWithDifferentEnforcements] 
  1.12e-02s  3.48e-02d  [Probe] #probed=1'526 #new_binary_clauses=16'592 
  2.12e-05s  5.47e-05d  [MaxClique] 
  3.11e-04s  0.00e+00d  [DetectDominanceRelations] 
  9.96e-04s  0.00e+00d  [PresolveToFixPoint] #num_loops=1 #num_dual_strengthening=1 
  1.86e-04s  0.00e+00d  [ProcessAtMostOneAndLinear] 
  1.25e-04s  0.00e+00d  [DetectDuplicateConstraints] 
  1.12e-04s  0.00e+00d  [DetectDuplicateConstraintsWithDifferentEnforcements] 
  3.98e-06s  0.00e+00d  [DetectDominatedLinearConstraints] #relevant_constraints=1 
  3.11e-06s  0.00e+00d  [DetectDifferentVariables] 
  3.85e-04s  4.10e-05d  [ProcessSetPPC] #relevant_constraints=712 #num_inclusions=12 
  9.50e-05s  2.01e-05d  [TransformClausesToExactlyOne] #num_amos=549 #num_clauses=462 #num_checked=462 
  4.51e-06s  0.00e+00d  [DetectEncodedComplexDomains] 
  2.15e-06s  0.00e+00d  [FindAlmostIdenticalLinearConstraints] 
  8.62e-04s  2.11e-03d  [FindBigAtMostOneAndLinearOverlap] #blocks=2 #saved_nz=226 
  1.15e-04s  4.65e-04d  [FindBigVerticalLinearOverlap] 
  3.99e-06s  1.41e-06d  [FindBigHorizontalLinearOverlap] #linears=1 
  8.13e-05s  1.08e-05d  [MergeClauses] #num_collisions=124 #num_merges=124 #num_saved_literals=429 
  2.53e-04s  0.00e+00d  [DetectDominanceRelations] 
  8.35e-04s  0.00e+00d  [PresolveToFixPoint] #num_loops=1 #num_dual_strengthening=1 
  2.47e-04s  0.00e+00d  [DetectDominanceRelations] 
  8.06e-04s  0.00e+00d  [PresolveToFixPoint] #num_loops=1 #num_dual_strengthening=1 
  1.70e-04s  0.00e+00d  [DetectDuplicateColumns] 
  1.24e-04s  0.00e+00d  [DetectDuplicateConstraints] 
[Symmetry] Graph for symmetry has 2'722 nodes and 14'365 arcs.
[Symmetry] Symmetry computation done. time: 0.000350123 dtime: 0.00120064
[SAT presolve] num removable Booleans: 0 / 743
[SAT presolve] num trivial clauses: 0
[SAT presolve] [0s] clauses:1'011 literals:3'250 vars:743 one_side_vars:742 simple_definition:1 singleton_clauses:0
[SAT presolve] [3.3587e-05s] clauses:1'011 literals:3'250 vars:743 one_side_vars:742 simple_definition:1 singleton_clauses:0
[SAT presolve] [5.3947e-05s] clauses:1'011 literals:3'250 vars:743 one_side_vars:742 simple_definition:1 singleton_clauses:0
  1.32e-04s  0.00e+00d  [DetectDuplicateConstraintsWithDifferentEnforcements] 
  1.05e-02s  3.31e-02d  [Probe] #probed=1'530 #new_binary_clauses=14'769 
  1.79e-03s  1.68e-02d  [MaxClique] Merged 549 constraints with 1'098 literals into 197 constraints with 758 literals
  2.56e-04s  0.00e+00d  [DetectDominanceRelations] 
  9.15e-04s  0.00e+00d  [PresolveToFixPoint] #num_loops=1 #num_dual_strengthening=1 
  1.39e-04s  0.00e+00d  [ProcessAtMostOneAndLinear] 
  1.20e-04s  0.00e+00d  [DetectDuplicateConstraints] 
  1.11e-04s  0.00e+00d  [DetectDuplicateConstraintsWithDifferentEnforcements] 
  4.16e-06s  0.00e+00d  [DetectDominatedLinearConstraints] #relevant_constraints=1 
  3.89e-06s  0.00e+00d  [DetectDifferentVariables] 
  4.45e-04s  5.38e-05d  [ProcessSetPPC] #relevant_constraints=823 #num_inclusions=54 
  8.03e-05s  2.00e-05d  [TransformClausesToExactlyOne] #num_amos=149 #num_clauses=460 #num_checked=460 
  4.53e-06s  0.00e+00d  [DetectEncodedComplexDomains] 
  2.82e-06s  0.00e+00d  [FindAlmostIdenticalLinearConstraints] 
  7.64e-04s  1.95e-03d  [FindBigAtMostOneAndLinearOverlap] 
  9.99e-05s  4.57e-04d  [FindBigVerticalLinearOverlap] 
  4.48e-06s  1.40e-06d  [FindBigHorizontalLinearOverlap] #linears=1 
  8.01e-05s  1.07e-05d  [MergeClauses] #num_collisions=124 #num_merges=124 #num_saved_literals=429 
  3.74e-04s  0.00e+00d  [DetectDominanceRelations] 
  2.69e-04s  0.00e+00d  [DetectDominanceRelations] 
  1.53e-03s  0.00e+00d  [PresolveToFixPoint] #num_loops=2 #num_dual_strengthening=2 
  2.67e-04s  0.00e+00d  [DetectDominanceRelations] 
  7.63e-04s  0.00e+00d  [PresolveToFixPoint] #num_loops=1 #num_dual_strengthening=1 
  1.41e-04s  0.00e+00d  [DetectDuplicateColumns] 
  1.20e-04s  0.00e+00d  [DetectDuplicateConstraints] 
[Symmetry] Graph for symmetry has 2'036 nodes and 11'784 arcs.
[Symmetry] Symmetry computation done. time: 0.000242184 dtime: 0.00082053
[SAT presolve] num removable Booleans: 0 / 662
[SAT presolve] num trivial clauses: 0
[SAT presolve] [0s] clauses:491 literals:2'152 vars:547 one_side_vars:546 simple_definition:1 singleton_clauses:0
[SAT presolve] [2.3447e-05s] clauses:491 literals:2'152 vars:547 one_side_vars:546 simple_definition:1 singleton_clauses:0
[SAT presolve] [4.8013e-05s] clauses:491 literals:2'152 vars:547 one_side_vars:546 simple_definition:1 singleton_clauses:0
  1.36e-04s  0.00e+00d  [DetectDuplicateConstraintsWithDifferentEnforcements] 
  9.18e-03s  2.67e-02d  [Probe] #probed=1'502 #new_binary_clauses=8'135 
  1.09e-03s  9.41e-03d  [MaxClique] Merged 149 constraints with 552 literals into 147 constraints with 548 literals
  2.69e-04s  0.00e+00d  [DetectDominanceRelations] 
  7.91e-04s  0.00e+00d  [PresolveToFixPoint] #num_loops=1 #num_dual_strengthening=1 
  1.31e-04s  0.00e+00d  [ProcessAtMostOneAndLinear] 
  1.17e-04s  0.00e+00d  [DetectDuplicateConstraints] 
  1.06e-04s  0.00e+00d  [DetectDuplicateConstraintsWithDifferentEnforcements] 
  4.66e-06s  0.00e+00d  [DetectDominatedLinearConstraints] #relevant_constraints=1 
  4.40e-06s  0.00e+00d  [DetectDifferentVariables] 
  3.80e-04s  4.39e-05d  [ProcessSetPPC] #relevant_constraints=759 #num_inclusions=4 
  7.47e-05s  1.92e-05d  [TransformClausesToExactlyOne] #num_amos=147 #num_clauses=446 #num_checked=446 
  4.04e-06s  0.00e+00d  [DetectEncodedComplexDomains] 
  3.23e-06s  0.00e+00d  [FindAlmostIdenticalLinearConstraints] 
  9.07e-04s  1.90e-03d  [FindBigAtMostOneAndLinearOverlap] 
  1.03e-04s  4.44e-04d  [FindBigVerticalLinearOverlap] 
  5.21e-06s  1.38e-06d  [FindBigHorizontalLinearOverlap] #linears=1 
  7.71e-05s  1.03e-05d  [MergeClauses] #num_collisions=117 #num_merges=117 #num_saved_literals=396 
  2.70e-04s  0.00e+00d  [DetectDominanceRelations] 
  7.67e-04s  0.00e+00d  [PresolveToFixPoint] #num_loops=1 #num_dual_strengthening=1 
  2.76e-06s  0.00e+00d  [MergeNoOverlap] 
  3.17e-06s  0.00e+00d  [MergeNoOverlap2D] 
  1.99e-03s  0.00e+00d  [ExpandObjective] #entries=609'854 #tight_variables=8'656 #tight_constraints=165 #expands=37 

Presolve summary:
  - 10 affine relations were detected.
  - rule 'TODO dual: only one blocking constraint?' was applied 1'930 times.
  - rule 'TODO linear matrix: reuse exo constraint' was applied 2 times.
  - rule 'affine: new relation' was applied 10 times.
  - rule 'at_most_one: removed literals' was applied 6 times.
  - rule 'at_most_one: resolved two constraints with opposite literal' was applied 67 times.
  - rule 'at_most_one: transformed into max clique' was applied 2 times.
  - rule 'bool_and: fixed literals' was applied 7 times.
  - rule 'bool_or: always true' was applied 7 times.
  - rule 'bool_or: implications' was applied 546 times.
  - rule 'bool_or: removed enforcement literal' was applied 1'084 times.
  - rule 'deductions: 4 stored' was applied 1 time.
  - rule 'domination: in exactly one' was applied 14 times.
  - rule 'exactly_one: removed literals' was applied 152 times.
  - rule 'exactly_one: singleton' was applied 12 times.
  - rule 'exactly_one: size two' was applied 2 times.
  - rule 'linear matrix: common amo rectangle' was applied 2 times.
  - rule 'linear2: convert ax + by != cte to clauses' was applied 4 times.
  - rule 'linear: always true' was applied 12 times.
  - rule 'linear: fixed or dup variables' was applied 2 times.
  - rule 'linear: negative clause' was applied 1'080 times.
  - rule 'linear: positive equal one' was applied 244 times.
  - rule 'linear: remapped using affine relations' was applied 21 times.
  - rule 'new_bool: with clause' was applied 2 times.
  - rule 'objective: expanded via tight equality' was applied 37 times.
  - rule 'objective: shifted cost with exactly ones' was applied 15 times.
  - rule 'presolve: 53 unused variables removed.' was applied 1 time.
  - rule 'presolve: iteration' was applied 3 times.
  - rule 'probing: bool_or reduced to implication' was applied 546 times.
  - rule 'probing: simplified clauses' was applied 250 times.
  - rule 'setppc: removed dominated constraints' was applied 62 times.
  - rule 'symmetry: added orbit symmetry breaking implications' was applied 1 time.
  - rule 'symmetry: fixed to false in general orbit' was applied 39 times.

Presolved optimization model '': (model_fingerprint: 0x7bafc0435ebfbb01)
#Variables: 662 (#bools: 467 in objective) (608 primary variables)
  - 662 Booleans in [0,1]
#kAtMostOne: 104 (#literals: 462)
#kBoolAnd: 41 (#enforced: 41) (#literals: 84)
#kBoolAndClauses: 116 (#enforced: 116 #multi: 116) (#literals: 626)
#kBoolOr: 213 (#literals: 1'040)
#kExactlyOne: 165 (#literals: 8'656)
#kLinearN: 1 (#terms: 277)
[Symmetry] Graph for symmetry has 1'889 nodes and 11'775 arcs.
[Symmetry] Symmetry computation done. time: 0.000252918 dtime: 0.00079252

Preloading model.
#Bound   0.06s best:-inf  next:[-0,61]    initial_domain
#Model   0.06s var:662/662 constraints:640/640

Starting search at 0.06s with 2 workers.
1 full problem subsolver: [default_lp]
1 first solution subsolver: [fj]
9 interleaved subsolvers: [feasibility_pump, graph_arc_lns, graph_cst_lns, graph_dec_lns, graph_var_lns, ls, rins/rens, rnd_cst_lns, rnd_var_lns]
3 helper subsolvers: [neighborhood_helper, synchronization_agent, update_gap_integral]

#1       0.08s best:-0    next:[1,61]     fj_restart(batch:1 lin{mvs:0 evals:0} #w_updates:0 #perturb:0)
#2       0.08s best:3     next:[4,61]     graph_var_lns (d=5.00e-01 s=5 t=0.10 p=0.00 stall=0 h=base)
#3       0.08s best:5     next:[6,61]     graph_arc_lns (d=5.00e-01 s=6 t=0.10 p=0.00 stall=0 h=base) [hint]
#4       0.09s best:7     next:[8,61]     ls_restart_decay(batch:1 lin{mvs:58 evals:445} #w_updates:29 #perturb:0)
#5       0.09s best:9     next:[10,61]    rnd_var_lns (d=7.07e-01 s=10 t=0.10 p=1.00 stall=1 h=base) [hint]
#Bound   0.10s best:9     next:[10,41]    default_lp
#6       0.10s best:18    next:[19,41]    graph_var_lns (d=7.07e-01 s=12 t=0.10 p=1.00 stall=0 h=base)
#Bound   0.10s best:18    next:[19,36]    default_lp
#7       0.11s best:28    next:[29,36]    rins_pump_lns (d=5.00e-01 s=17 t=0.10 p=0.00 stall=0 h=base)
#Model   0.15s var:585/662 constraints:602/640
#Model   0.15s var:584/662 constraints:601/640
#8       0.18s best:29    next:[30,36]    graph_dec_lns (d=8.14e-01 s=24 t=0.10 p=1.00 stall=2 h=base)
#Model   0.22s var:572/662 constraints:590/640
#Model   0.23s var:562/662 constraints:585/640
#Model   0.26s var:557/662 constraints:580/640
#Model   0.26s var:556/662 constraints:580/640
#Bound   0.27s best:29    next:[30,35]    default_lp
#Bound   0.29s best:29    next:[30,34]    default_lp
#Bound   0.29s best:29    next:[30,33]    default_lp
#Model   0.30s var:454/662 constraints:487/640
#Bound   0.30s best:29    next:[30,30]    default_lp
#Done    0.30s default_lp

Task timing                   n [     min,      max]      avg      dev     time         n [     min,      max]      avg      dev    dtime
        'default_lp':         1 [237.64ms, 237.64ms] 237.64ms   0.00ns 237.64ms         2 [ 32.27ms, 233.92ms] 133.10ms 100.82ms 266.19ms
  'feasibility_pump':         4 [ 67.40us,  13.90ms]   3.70ms   5.90ms  14.78ms         3 [ 70.08us, 473.17us] 204.44us 190.02us 613.33us
                'fj':         1 [584.94us, 584.94us] 584.94us   0.00ns 584.94us         0 [  0.00ns,   0.00ns]   0.00ns   0.00ns   0.00ns
     'graph_arc_lns':         4 [  1.35ms,  25.91ms]  11.24ms  10.38ms  44.97ms         4 [ 10.00ns,  45.44ms]  17.13ms  18.86ms  68.50ms
     'graph_cst_lns':         4 [  1.28ms,   2.09ms]   1.62ms 295.15us   6.47ms         4 [ 10.00ns,   7.96us]   2.21us   3.32us   8.85us
     'graph_dec_lns':         4 [  1.75ms,   3.42ms]   2.54ms 648.85us  10.15ms         4 [ 10.00ns, 163.23us]  46.16us  68.03us 184.63us
     'graph_var_lns':         4 [  2.00ms,  13.34ms]   5.74ms   4.45ms  22.98ms         4 [ 50.20us,   7.87ms]   2.31ms   3.23ms   9.23ms
                'ls':         4 [836.91us,  35.39ms]  24.58ms  14.16ms  98.32ms         4 [793.46us, 100.01ms]  75.21ms  42.96ms 300.83ms
         'rins/rens':         3 [655.30us,   6.09ms]   3.76ms   2.29ms  11.29ms         2 [866.60us,   2.78ms]   1.82ms 955.69us   3.64ms
       'rnd_cst_lns':         4 [  1.23ms,   1.94ms]   1.61ms 258.38us   6.45ms         4 [ 10.00ns,  33.16us]   8.74us  14.12us  34.95us
       'rnd_var_lns':         5 [  1.37ms,   9.09ms]   3.84ms   2.80ms  19.22ms         4 [ 10.00ns,   6.54ms]   1.67ms   2.81ms   6.66ms

Search stats     Bools  Conflicts  Branches  Restarts  BacktrackToRoot  Backtrack  BoolPropag  IntegerPropag
  'default_lp':    662      1'458    26'590        14            2'947      5'186     641'918        702'408

SAT formula      Fixed  Equiv  Total  VarLeft  BinaryClauses  PermanentClauses  TemporaryClauses
  'default_lp':    431      0    662      231          8'084               850               641

SAT stats        ClassicMinim  LitRemoved  LitRemovedBinary  LitLearned  LitForgotten  Subsumed
  'default_lp':           885      10'959            30'328      40'470             0       265

Vivification     Clauses  Decisions  LitTrue  Subsumed  LitRemoved  DecisionReused  Conflicts
  'default_lp':    1'115     16'586        0       152       4'379             198         17

Clause deletion    at_true  l_and_not(l)  to_binary  sub_conflict  sub_extra  sub_decisions  sub_eager  sub_vivify  sub_probing  sub_inpro  blocked  eliminated  forgotten  promoted  conflicts
    'default_lp':        0             0          0           234         11             23         31         152           54          0        0           0          0     2'028      1'458

Lp stats         Component  Iterations  AddedCuts  OPTIMAL  DUAL_F.  DUAL_U.
  'default_lp':          1       3'555          0    2'741        0        0

Lp dimension     Final dimension of first component
  'default_lp':  50 rows, 528 columns, 1528 entries

Lp debug         CutPropag  CutEqPropag  Adjust  Overflow  Bad  BadScaling
  'default_lp':          0            0   2'009         0    0           0

Lp pool          Constraints  Updates  Simplif  Merged  Shortened  Split  Strengthened  Cuts/Call
  'default_lp':          268        0      924       0        922      0             0        0/0

LNS stats           Improv/Calls  Closed  Difficulty  TimeLimit
  'graph_arc_lns':           1/4    100%    9.14e-01       0.10
  'graph_cst_lns':           0/4    100%    9.14e-01       0.10
  'graph_dec_lns':           1/4    100%    9.14e-01       0.10
  'graph_var_lns':           2/4    100%    9.14e-01       0.10
      'rins/rens':           1/3    100%    8.76e-01       0.10
    'rnd_cst_lns':           0/4    100%    9.14e-01       0.10
    'rnd_var_lns':           1/4    100%    9.14e-01       0.10

LS stats                        Batches  Restarts/Perturbs  LinMoves  GenMoves  CompoundMoves  Bactracks  WeightUpdates  ScoreComputed
                 'fj_restart':        1                  1         0         0              0          0              0              0
        'ls_restart_compound':        1                  1         0     8'122            412      3'855             46        103'487
           'ls_restart_decay':        2                  2    15'720         0              0          0          1'572          3'093
  'ls_restart_decay_compound':        1                  1         0     8'136            865      3'635             26        107'833

Solutions (8)          Num   Rank
        'fj_restart':    2  [0,1]
     'graph_arc_lns':    2  [2,3]
     'graph_dec_lns':    2  [7,8]
     'graph_var_lns':    4  [1,6]
  'ls_restart_decay':    2  [3,4]
     'rins_pump_lns':    2  [6,7]
       'rnd_var_lns':    2  [4,5]

Objective bounds     Num
      'default_lp':    6
  'initial_domain':    1

Solution repositories    Added  Queried  Synchro
    'alternative_path':      1        0        1
      'best_solutions':     22       34       19
   'fj solution hints':      0        0        0
        'lp solutions':      0        0        0
                'pump':      3        3

Improving bounds shared    Num  Sym
            'default_lp':  225    0

Clauses shared    #Exported  #Imported  #BinaryRead  #BinaryTotal
   'default_lp':        252          0          252           252

LRAT_status: NA
CpSolverResponse summary:
status: OPTIMAL
objective: 29
best_bound: 29
integers: 551
booleans: 662
conflicts: 1458
branches: 26590
propagations: 641918
integer_propagations: 702408
restarts: 14
lp_iterations: 3555
walltime: 0.301232
usertime: 0.301232
deterministic_time: 0.784305
gap_integral: 1.24842
solution_fingerprint: 0xd5edbd2afdef98b4

