
Starting CP-SAT solver v9.15.6755
Parameters: random_seed: 20260922 max_time_in_seconds: 60 log_search_progress: true linearization_level: 2 num_search_workers: 8 cp_model_probing_level: 0 symmetry_level: 2 log_to_stdout: false

Initial satisfaction model '': (model_fingerprint: 0xf7e51dd83b7f17cb)
#Variables: 139'932 (111'684 primary variables)
  - 135'169 Booleans in [0,1]
  - 4'762 in [0,12]
  - 1 in [10,12]
#kBoolAnd: 29'366 (#enforced: 29'366) (#literals: 58'732)
#kBoolOr: 36'910 (#enforced: 36'910) (#literals: 170'418)
#kExactlyOne: 1 (#literals: 47)
#kLinear1: 293 (#enforced: 152)
#kLinear2: 89'831 (#enforced: 1'176)
#kLinear3: 4'286 (#enforced: 2'398)
#kLinearN: 103'636 (#enforced: 41'955) (#terms: 1'616'594)

Starting presolve at 0.15s
  7.13e-02s  0.00e+00d  [DetectDominanceRelations] 
  6.32e-01s  0.00e+00d  [PresolveToFixPoint] #num_loops=3 #num_dual_strengthening=2 
  5.51e-03s  0.00e+00d  [ExtractEncodingFromLinear] #potential_supersets=19'430 #potential_subsets=4 #exo_encodings=2 #literals=4 
  2.22e-02s  0.00e+00d  [DetectDuplicateColumns] 
  5.45e-03s  0.00e+00d  [DetectDuplicateConstraints] 
[Symmetry] Graph for symmetry has 523'525 nodes and 2'366'251 arcs.
[Symmetry] Symmetry computation done. time: 0.117042 dtime: 0.340449
[SAT presolve] num removable Booleans: 0 / 130'009
[SAT presolve] num trivial clauses: 0
[SAT presolve] [0s] clauses:177'468 literals:573'330 vars:120'013 one_side_vars:112627 simple_definition:7'162 singleton_clauses:0
[SAT presolve] [0.0074771s] clauses:175'070 literals:556'436 vars:120'013 one_side_vars:119737 simple_definition:216 singleton_clauses:0
[SAT presolve] [0.0128721s] clauses:175'070 literals:556'436 vars:120'013 one_side_vars:119737 simple_definition:216 singleton_clauses:0
[MaxClique] Merged 116389 with 239127 literals) into 100139(218133 literals) at_most_ones.
  1.65e-01s  0.00e+00d  [ProcessAtMostOneAndLinear] #num_changes=299 
  5.85e-03s  0.00e+00d  [DetectDuplicateConstraints] 
  5.45e-03s  0.00e+00d  [DetectDuplicateConstraintsWithDifferentEnforcements] #without_enforcements=168 
  5.40e-01s  1.00e-01d  [DetectDominatedLinearConstraints] #relevant_constraints=72'344 #num_inclusions=45'145 
  6.12e-03s  0.00e+00d  [DetectDifferentVariables] 
  6.71e-02s  1.19e-02d  [ProcessSetPPC] #relevant_constraints=227'793 #num_inclusions=19 
  2.07e-02s  2.54e-03d  [TransformClausesToExactlyOne] #num_amos=100'136 #num_clauses=58'822 #num_checked=58'822 
  6.06e-02s  0.00e+00d  [DetectEncodedComplexDomains] 
  4.57e-03s  1.68e-04d  [FindAlmostIdenticalLinearConstraints] #num_tested_pairs=4'797 
  1.39e-01s  1.00e+00d *[FindBigAtMostOneAndLinearOverlap] 
  1.50e-01s  1.00e+00d *[FindBigVerticalLinearOverlap] #blocks=56 #saved_nz=180'804 
  1.38e-01s  1.00e+00d *[FindBigHorizontalLinearOverlap] #blocks=2 #saved_nz=321 #linears=36'350 
  1.27e-02s  1.62e-03d  [MergeClauses] #num_collisions=18'888 #num_merges=18'888 #num_saved_literals=80'662 
  6.55e-02s  0.00e+00d  [DetectDominanceRelations] 
  2.02e-01s  0.00e+00d  [PresolveToFixPoint] #num_loops=3 #num_dual_strengthening=1 
  6.32e-02s  0.00e+00d  [DetectDominanceRelations] 
  1.97e-01s  0.00e+00d  [PresolveToFixPoint] #num_loops=1 #num_dual_strengthening=1 
  2.00e-02s  0.00e+00d  [DetectDuplicateColumns] 
  5.13e-03s  0.00e+00d  [DetectDuplicateConstraints] 
[Symmetry] Graph for symmetry has 498'911 nodes and 2'059'151 arcs.
[Symmetry] Symmetry computation done. time: 0.0958562 dtime: 0.30732
[SAT presolve] num removable Booleans: 0 / 130'001
[SAT presolve] num trivial clauses: 0
[SAT presolve] [0s] clauses:152'209 literals:510'716 vars:112'113 one_side_vars:111875 simple_definition:216 singleton_clauses:0
[SAT presolve] [0.0059126s] clauses:152'209 literals:510'534 vars:112'113 one_side_vars:112057 simple_definition:34 singleton_clauses:0
[SAT presolve] [0.0110112s] clauses:152'209 literals:510'534 vars:112'113 one_side_vars:112057 simple_definition:34 singleton_clauses:0
[MaxClique] Merged 103086 with 223974 literals) into 94485(212415 literals) at_most_ones.
  8.68e-02s  0.00e+00d  [ProcessAtMostOneAndLinear] 
  6.27e-03s  0.00e+00d  [DetectDuplicateConstraints] 
  5.90e-03s  0.00e+00d  [DetectDuplicateConstraintsWithDifferentEnforcements] #without_enforcements=168 
  9.50e-02s  1.58e-02d  [DetectDominatedLinearConstraints] #relevant_constraints=72'389 #num_inclusions=23'257 
  6.67e-03s  0.00e+00d  [DetectDifferentVariables] 
  6.32e-02s  1.07e-02d  [ProcessSetPPC] #relevant_constraints=221'917 #num_inclusions=17 
  2.01e-02s  2.54e-03d  [TransformClausesToExactlyOne] #num_amos=94'484 #num_clauses=58'642 #num_checked=58'642 
  5.14e-02s  0.00e+00d  [DetectEncodedComplexDomains] 
  5.02e-03s  1.68e-04d  [FindAlmostIdenticalLinearConstraints] #num_tested_pairs=4'774 
  2.62e-01s  1.00e+00d *[FindBigAtMostOneAndLinearOverlap] 
  8.34e-02s  1.00e+00d *[FindBigVerticalLinearOverlap] 
  1.38e-01s  1.00e+00d *[FindBigHorizontalLinearOverlap] #linears=36'344 
  1.40e-02s  1.62e-03d  [MergeClauses] #num_collisions=18'887 #num_merges=18'887 #num_saved_literals=80'660 
  6.57e-02s  0.00e+00d  [DetectDominanceRelations] 
  2.02e-01s  0.00e+00d  [PresolveToFixPoint] #num_loops=3 #num_dual_strengthening=1 
  6.59e-02s  0.00e+00d  [DetectDominanceRelations] 
  2.01e-01s  0.00e+00d  [PresolveToFixPoint] #num_loops=1 #num_dual_strengthening=1 
  2.06e-02s  0.00e+00d  [DetectDuplicateColumns] 
  5.77e-03s  0.00e+00d  [DetectDuplicateConstraints] 
[Symmetry] Graph for symmetry has 498'616 nodes and 2'041'915 arcs.
[Symmetry] Symmetry computation done. time: 0.0979681 dtime: 0.308662
[SAT presolve] num removable Booleans: 0 / 129'993
[SAT presolve] num trivial clauses: 0
[SAT presolve] [0s] clauses:138'236 literals:482'589 vars:111'797 one_side_vars:111735 simple_definition:40 singleton_clauses:0
[SAT presolve] [0.00534641s] clauses:138'236 literals:482'589 vars:111'797 one_side_vars:111735 simple_definition:40 singleton_clauses:0
[SAT presolve] [0.010264s] clauses:138'236 literals:482'589 vars:111'797 one_side_vars:111735 simple_definition:40 singleton_clauses:0
[MaxClique] Merged 94568 with 212527 literals) into 94479(212349 literals) at_most_ones.
  8.71e-02s  0.00e+00d  [ProcessAtMostOneAndLinear] 
  6.94e-03s  0.00e+00d  [DetectDuplicateConstraints] 
  6.64e-03s  0.00e+00d  [DetectDuplicateConstraintsWithDifferentEnforcements] #without_enforcements=168 
  9.60e-02s  1.58e-02d  [DetectDominatedLinearConstraints] #relevant_constraints=72'382 #num_inclusions=23'254 
  7.34e-03s  0.00e+00d  [DetectDifferentVariables] 
  6.32e-02s  1.07e-02d  [ProcessSetPPC] #relevant_constraints=221'905 #num_inclusions=17 
  2.13e-02s  2.54e-03d  [TransformClausesToExactlyOne] #num_amos=94'478 #num_clauses=58'643 #num_checked=58'643 
  5.58e-02s  0.00e+00d  [DetectEncodedComplexDomains] 
  6.51e-03s  1.65e-04d  [FindAlmostIdenticalLinearConstraints] #num_tested_pairs=4'754 
  2.62e-01s  1.00e+00d *[FindBigAtMostOneAndLinearOverlap] 
  8.45e-02s  1.00e+00d *[FindBigVerticalLinearOverlap] 
  1.39e-01s  1.00e+00d *[FindBigHorizontalLinearOverlap] #linears=36'337 
  1.44e-02s  1.62e-03d  [MergeClauses] #num_collisions=18'886 #num_merges=18'886 #num_saved_literals=80'658 
  6.88e-02s  0.00e+00d  [DetectDominanceRelations] 
  2.06e-01s  0.00e+00d  [PresolveToFixPoint] #num_loops=3 #num_dual_strengthening=1 
  3.44e-03s  0.00e+00d  [MergeNoOverlap] 
  3.62e-03s  0.00e+00d  [MergeNoOverlap2D] 

Presolve summary:
  - 5024 affine relations were detected.
  - rule 'TODO domination: unexploited dominations' was applied 2 times.
  - rule 'TODO dual: only one blocking constraint?' was applied 3'616 times.
  - rule 'TODO dual: tighten at most one' was applied 284 times.
  - rule 'TODO linear2: convert ax + by != cte to clauses for large domains' was applied 1'008 times.
  - rule 'affine: new relation' was applied 5'024 times.
  - rule 'at_most_one: removed literals' was applied 9 times.
  - rule 'at_most_one: satisfied' was applied 8 times.
  - rule 'at_most_one: size one' was applied 6 times.
  - rule 'at_most_one: transformed into max clique' was applied 3 times.
  - rule 'bool_and: fixed literals' was applied 4 times.
  - rule 'bool_and: non-reified' was applied 1 time.
  - rule 'bool_and: x => x' was applied 3'648 times.
  - rule 'bool_or: always true' was applied 14 times.
  - rule 'bool_or: implications' was applied 87'149 times.
  - rule 'bool_or: removed enforcement literal' was applied 10'940 times.
  - rule 'deductions: 299 stored' was applied 1 time.
  - rule 'domination: added implications' was applied 7'600 times.
  - rule 'dual: enforced equivalence' was applied 3'648 times.
  - rule 'encoding: candidate linear is all boolean now' was applied 2 times.
  - rule 'encoding: extracted from linear' was applied 2 times.
  - rule 'encoding: reduced target domain' was applied 2 times.
  - rule 'enforcement: false literal' was applied 3 times.
  - rule 'enforcement: true literal' was applied 1 time.
  - rule 'exactly_one: removed literals' was applied 3 times.
  - rule 'linear + amo: empty after processing' was applied 2 times.
  - rule 'linear + amo: extracted enforcement literal' was applied 276 times.
  - rule 'linear + amo: fixed literal implied by enforcement' was applied 56 times.
  - rule 'linear matrix: common horizontal rectangle' was applied 2 times.
  - rule 'linear matrix: common vertical rectangle' was applied 56 times.
  - rule 'linear matrix: defining equation for common rectangle' was applied 1 time.
  - rule 'linear1: x in domain' was applied 276 times.
  - rule 'linear2: convert ax + by != cte to clauses' was applied 88'173 times.
  - rule 'linear2: convert implied ax + by == cte to clauses' was applied 152 times.
  - rule 'linear: always true' was applied 153 times.
  - rule 'linear: empty' was applied 6 times.
  - rule 'linear: extracted at most one (min)' was applied 2 times.
  - rule 'linear: fixed or dup variables' was applied 39 times.
  - rule 'linear: negative equal one' was applied 6'488 times.
  - rule 'linear: never in domain' was applied 2 times.
  - rule 'linear: positive at most one' was applied 139 times.
  - rule 'linear: positive clause' was applied 13'492 times.
  - rule 'linear: positive equal one' was applied 12'802 times.
  - rule 'linear: reduced variable domains' was applied 33 times.
  - rule 'linear: reduced variable domains in derived constraint' was applied 25 times.
  - rule 'linear: remapped using affine relations' was applied 4'962 times.
  - rule 'linear: simplify using approximate gcd' was applied 1 time.
  - rule 'linear: singleton column' was applied 1 time.
  - rule 'linear: small Boolean expression' was applied 2'398 times.
  - rule 'linear: variable substitution 2' was applied 5 times.
  - rule 'presolve: 300 unused variables removed.' was applied 1 time.
  - rule 'presolve: iteration' was applied 3 times.
  - rule 'setppc: bool_or in at_most_one' was applied 5 times.
  - rule 'setppc: fixed variables' was applied 3 times.
  - rule 'variables: detect half reified value encoding' was applied 252 times.

Presolved satisfaction model '': (model_fingerprint: 0x95ac05ef1ca19e64)
#Variables: 134'659 (108'607 primary variables)
  - 129'985 Booleans in [0,1]
  - 41 in [0,2]
  - 8 in [0,3]
  - 2 in [0,4]
  - 2 in [0,5]
  - 5 in [0,6]
  - 2 in [0,7]
  - 6 in [0,8]
  - 2 in [0,9]
  - 5 in [0,10]
  - 2 in [0,11]
  - 4'595 in [0,12]
  - 1 in [0,39]
  - 1 in [10,12]
  - 1 in [160,3642]
  - 1 in [163,3645]
#kAtMostOne: 14'969 (#literals: 53'275)
#kBoolAnd: 29'690 (#enforced: 29'690) (#literals: 109'282)
#kBoolAndClauses: 18'878 (#enforced: 18'878 #multi: 18'878) (#literals: 118'395)
#kBoolOr: 20'881 (#literals: 124'355)
#kExactlyOne: 19'293 (#literals: 816'721)
#kLinear1: 252 (#enforced: 252)
#kLinear2: 1
#kLinear3: 4'708
#kLinearN: 67'668 (#enforced: 41'946) (#terms: 501'332)
[Symmetry] Graph for symmetry has 493'265 nodes and 2'041'794 arcs.
[Symmetry] Symmetry computation done. time: 0.0943308 dtime: 0.308284

Preloading model.
#Model   6.42s var:134659/134659 constraints:176340/176340

Starting search at 6.43s with 8 workers.
6 full problem subsolvers: [default_lp, max_lp, no_lp, probing, quick_restart, quick_restart_no_lp]
2 first solution subsolvers: [fj, fs_random_no_lp]
2 interleaved subsolvers: [feasibility_pump, rins/rens]
2 helper subsolvers: [neighborhood_helper, synchronization_agent]

#Model   8.61s var:134658/134659 constraints:176340/176340
#Model   8.81s var:134657/134659 constraints:176340/176340
#Model   9.01s var:134318/134659 constraints:176011/176340
#Model   9.20s var:134086/134659 constraints:175775/176340
#Model   9.39s var:134049/134659 constraints:175739/176340
#Model   9.58s var:134047/134659 constraints:175739/176340
#Model   9.75s var:134046/134659 constraints:175739/176340
#Model   9.93s var:134038/134659 constraints:175726/176340
#Model  10.09s var:134009/134659 constraints:175687/176340
#Model  10.26s var:134000/134659 constraints:175672/176340
#Model  10.56s var:133999/134659 constraints:175670/176340
#Model  10.72s var:133997/134659 constraints:175670/176340
#Model  10.89s var:133983/134659 constraints:175659/176340
#Model  11.07s var:133958/134659 constraints:175633/176340
#Model  11.26s var:133948/134659 constraints:175620/176340
#Model  11.47s var:133946/134659 constraints:175617/176340
#Model  11.67s var:133916/134659 constraints:175579/176340
#Model  11.88s var:133902/134659 constraints:175566/176340
#Model  12.09s var:133870/134659 constraints:175531/176340
#Model  12.49s var:133869/134659 constraints:175531/176340
#Model  12.70s var:133857/134659 constraints:175520/176340
#Model  12.92s var:133837/134659 constraints:175496/176340
#Model  13.13s var:133835/134659 constraints:175494/176340
#Model  13.44s var:133834/134659 constraints:175493/176340
#Model  13.87s var:133825/134659 constraints:175480/176340
#Model  14.08s var:133816/134659 constraints:175467/176340
#Model  14.49s var:133804/134659 constraints:175454/176340
#Model  14.70s var:133777/134659 constraints:175419/176340
#Model  14.92s var:133770/134659 constraints:175407/176340
#Model  15.13s var:133769/134659 constraints:175406/176340
#Model  15.73s var:133757/134659 constraints:175395/176340
#Model  15.90s var:133756/134659 constraints:175394/176340
#Model  16.02s var:133748/134659 constraints:175381/176340
#Model  16.29s var:133747/134659 constraints:175380/176340
#Model  16.43s var:133734/134659 constraints:175368/176340
#Model  16.56s var:133726/134659 constraints:175355/176340
#Model  16.99s var:133712/134659 constraints:175334/176340 [skipped_logs=2]
#Model  18.02s var:133662/134659 constraints:175267/176340 [skipped_logs=3]
#Model  18.99s var:133647/134659 constraints:175250/176340 [skipped_logs=3]
#Model  19.82s var:133611/134659 constraints:175195/176340 [skipped_logs=4]
#Model  21.06s var:133559/134659 constraints:175132/176340 [skipped_logs=4]
#Model  21.98s var:133490/134659 constraints:175045/176340 [skipped_logs=5]
#Model  23.07s var:133455/134659 constraints:175008/176340 [skipped_logs=6]
#Model  24.09s var:133409/134659 constraints:174956/176340 [skipped_logs=5]
#Model  24.50s var:133386/134659 constraints:174931/176340 [skipped_logs=2]
#Model  25.97s var:133382/134659 constraints:174929/176340 [skipped_logs=2]
#Model  27.07s var:133356/134659 constraints:174885/176340 [skipped_logs=4]
#Model  27.92s var:133290/134659 constraints:174805/176340 [skipped_logs=3]
#Model  28.95s var:133222/134659 constraints:174725/176340 [skipped_logs=4]
#Model  30.09s var:133199/134659 constraints:174701/176340 [skipped_logs=4]
#Model  31.09s var:133173/134659 constraints:174670/176340 [skipped_logs=3]
#Model  32.10s var:133135/134659 constraints:174631/176340 [skipped_logs=4]
#Model  32.51s var:133132/134659 constraints:174630/176340 [skipped_logs=1]
#Model  33.35s var:133131/134659 constraints:174630/176340 [skipped_logs=0]
#Model  34.97s var:133122/134659 constraints:174626/176340 [skipped_logs=3]
#Model  35.65s var:133115/134659 constraints:174619/176340 [skipped_logs=3]
#Model  36.59s var:133102/134659 constraints:174601/176340 [skipped_logs=2]
#Model  38.01s var:133095/134659 constraints:174589/176340 [skipped_logs=1]
#Model  39.04s var:133084/134659 constraints:174570/176340 [skipped_logs=3]
#Model  39.68s var:133083/134659 constraints:174570/176340 [skipped_logs=0]
#Model  41.08s var:133079/134659 constraints:174565/176340 [skipped_logs=2]
#Model  41.99s var:133076/134659 constraints:174562/176340 [skipped_logs=1]
#Model  43.00s var:133072/134659 constraints:174559/176340 [skipped_logs=2]
#Model  44.01s var:133061/134659 constraints:174540/176340 [skipped_logs=2]
#Model  44.72s var:133047/134659 constraints:174516/176340 [skipped_logs=1]
#Model  46.04s var:133037/134659 constraints:174502/176340 [skipped_logs=3]
#Model  46.86s var:133033/134659 constraints:174496/176340 [skipped_logs=3]
#Model  47.98s var:133030/134659 constraints:174495/176340 [skipped_logs=2]
#Model  49.10s var:133004/134659 constraints:174454/176340 [skipped_logs=3]
#Model  49.60s var:132999/134659 constraints:174447/176340 [skipped_logs=1]
#Model  50.50s var:132986/134659 constraints:174435/176340 [skipped_logs=0]
#Model  51.91s var:132983/134659 constraints:174434/176340 [skipped_logs=2]
#Model  52.96s var:132977/134659 constraints:174426/176340 [skipped_logs=3]
#Model  53.84s var:132967/134659 constraints:174412/176340 [skipped_logs=4]
#Model  54.71s var:132958/134659 constraints:174396/176340 [skipped_logs=2]
#Model  55.78s var:132952/134659 constraints:174389/176340 [skipped_logs=3]
#Model  56.95s var:132948/134659 constraints:174382/176340 [skipped_logs=2]
#Model  57.64s var:132947/134659 constraints:174382/176340 [skipped_logs=0]
#Model  58.90s var:132939/134659 constraints:174374/176340 [skipped_logs=3]
#Model  59.97s var:132923/134659 constraints:174355/176340 [skipped_logs=4]

Task timing                      n [     min,      max]      avg      dev     time         n [     min,      max]      avg      dev    dtime
           'default_lp':         1 [  54.37s,   54.37s]   54.37s   0.00ns   54.37s         2 [395.31ms,   31.69s]   16.05s   15.65s   32.09s
     'feasibility_pump':         6 [539.63ms,   12.97s]    4.12s    4.39s   24.70s         5 [536.44ms,   15.30s]    6.24s    5.26s   31.21s
                   'fj':       156 [ 47.65ms, 143.55ms]  80.09ms  16.72ms   12.49s       156 [102.72ms, 132.86ms] 112.80ms   9.63ms   17.60s
      'fs_random_no_lp':         1 [  53.60s,   53.60s]   53.60s   0.00ns   53.60s         2 [153.86us,    1.29m]   38.73s   38.73s    1.29m
               'max_lp':         1 [  53.60s,   53.60s]   53.60s   0.00ns   53.60s         2 [   2.00s,    1.25m]   38.48s   36.48s    1.28m
                'no_lp':         1 [  53.60s,   53.60s]   53.60s   0.00ns   53.60s         2 [153.86us,    1.08m]   32.52s   32.52s    1.08m
              'probing':         1 [  53.60s,   53.60s]   53.60s   0.00ns   53.60s         2 [921.80ms,   34.72s]   17.82s   16.90s   35.64s
        'quick_restart':         1 [  53.60s,   53.60s]   53.60s   0.00ns   53.60s         2 [952.53ms,   34.63s]   17.79s   16.84s   35.58s
  'quick_restart_no_lp':         1 [  54.16s,   54.16s]   54.16s   0.00ns   54.16s         2 [153.86us,   53.42s]   26.71s   26.71s   53.42s
            'rins/rens':       157 [ 16.94ms,  47.23ms]  35.28ms   9.17ms    5.54s         0 [  0.00ns,   0.00ns]   0.00ns   0.00ns   0.00ns

Search stats                Bools  Conflicts   Branches  Restarts  BacktrackToRoot  Backtrack   BoolPropag  IntegerPropag
           'default_lp':  130'069        208     81'411         4            5'411      8'382   11'158'509      9'633'451
      'fs_random_no_lp':  130'086     59'822    312'304        19            8'388     70'737  342'933'827    274'715'571
               'max_lp':  130'069          0     16'205         0            5'139      5'997   11'560'817     11'796'433
                'no_lp':  130'069     31'815    102'775         7            8'497     42'948  261'270'180    234'420'159
              'probing':  131'145         29      2'157         0            2'146      2'146       63'173        122'759
        'quick_restart':  130'069        133     50'567         7            7'380      9'280   22'959'208     23'268'163
  'quick_restart_no_lp':  130'228     17'259  8'613'786     1'587           10'274     29'865  178'299'217    184'292'358

SAT formula               Fixed  Equiv    Total  VarLeft  BinaryClauses  PermanentClauses  TemporaryClauses
           'default_lp':  1'739    811  130'069  127'519      6'177'558           103'294                19
      'fs_random_no_lp':  1'309    803  130'086  127'974      5'744'894           102'809            15'903
               'max_lp':    611    119  130'069  129'339      6'250'944           103'166                 0
                'no_lp':  1'535    804  130'069  127'730      5'756'904           102'708             7'922
              'probing':  1'741      0  131'145  129'404      7'020'720           106'851                 0
        'quick_restart':  1'736    809  130'069  127'524      5'819'528           103'226                24
  'quick_restart_no_lp':  1'739    811  130'228  127'678      5'794'348           104'895             5'849

SAT stats                 ClassicMinim  LitRemoved  LitRemovedBinary  LitLearned  LitForgotten  Subsumed
           'default_lp':           110         859               862   1'916'920             0       131
      'fs_random_no_lp':        50'348     282'561           601'793   2'872'218     1'524'147     5'411
               'max_lp':             0           0                 0           0             0         0
                'no_lp':        28'442     347'048           403'872   2'043'608       638'638     5'340
              'probing':             0           0                 0          29             0         0
        'quick_restart':            58         168             1'018       1'129             0        33
  'quick_restart_no_lp':         8'698      55'165           167'914  13'739'171     1'194'841     1'755

Vivification              Clauses  Decisions  LitTrue  Subsumed  LitRemoved  DecisionReused  Conflicts
           'default_lp':    4'921     14'357      201         0         803               0         48
      'fs_random_no_lp':    6'974     29'982      201       502       7'704             234        112
               'max_lp':    4'766     14'295        0         0           2               1          0
                'no_lp':    7'072     24'295      202       616       5'553             130         83
              'probing':       11         22        0         0           0               0          0
        'quick_restart':    6'661     22'069       24       752       5'021              61         18
  'quick_restart_no_lp':    7'067     25'915      202       703       7'127             130        110

Clause deletion           at_true  l_and_not(l)  to_binary  sub_conflict  sub_extra  sub_decisions  sub_eager  sub_vivify  sub_probing  sub_inpro  blocked  eliminated  forgotten  promoted  conflicts
           'default_lp':    1'193           104         26           131          0              0          0           0            1      1'251        0           0          0       310        208
      'fs_random_no_lp':      951             2         30         5'075        256             10        336         502            0        843        0           0     36'224   130'711     59'822
               'max_lp':      356            99          7             0          0              0          0           0            1        133        0           0          0         0          0
                'no_lp':    1'107             0         34         5'043        136              7        297         616            0        878        0           0     17'254    73'329     31'815
              'probing':        0             0          0             0          0              0          0           0            0          0        0           0          0         0         29
        'quick_restart':    1'142            87         33            33          0              1          0         752            1        932        0           0          0        36        133
  'quick_restart_no_lp':    1'289             3         35         1'595         63              4        160         703           15      1'043        0           0      4'227    45'142     17'259

Lp stats            Component  Iterations  AddedCuts  OPTIMAL  DUAL_F.  DUAL_U.
     'default_lp':          1      26'306        658       92       21        0
         'max_lp':          1       8'986          0        0      679        0
        'probing':          1      25'699      1'893       54    1'162        0
  'quick_restart':          1      23'270        596       26    1'594        1

Lp dimension                  Final dimension of first component
     'default_lp':      3212 rows, 104812 columns, 95451 entries
         'max_lp':  276198 rows, 134659 columns, 2098682 entries
        'probing':     2844 rows, 134659 columns, 227275 entries
  'quick_restart':     1948 rows, 134659 columns, 223271 entries

Lp debug            CutPropag  CutEqPropag  Adjust  Overflow     Bad  BadScaling
     'default_lp':          5            9       0         0  65'099           0
         'max_lp':          0            0       0         0       0           0
        'probing':          1            0       0         0  50'712           0
  'quick_restart':          0            0       1         0  17'721           0

Lp pool             Constraints  Updates  Simplif  Merged  Shortened  Split  Strengthened     Cuts/Call
     'default_lp':       58'780       60    4'864       0      3'718      8             0     658/1'456
         'max_lp':      276'198        0        0       0          0      0             0           0/0
        'probing':      278'111       23   30'051       0      8'764      0           491  1'893/11'210
  'quick_restart':      276'794        9   17'792       0      7'518      0           493     596/1'535

Lp Cut           quick_restart  probing  default_lp
         CG_FF:             66      177          38
          CG_K:             20       46          20
         CG_KL:              3       25           -
          CG_R:             34       74          38
         CG_RB:              1        -           1
        Clique:             53      124           -
            IB:             80      122          56
      MIR_1_FF:              2        -           3
       MIR_1_K:              3        -           -
      MIR_1_KL:              1        -           -
       MIR_1_R:              4        5           4
      MIR_2_FF:              2       14           6
       MIR_2_K:              1        -           1
      MIR_2_KL:              1        -           -
       MIR_2_R:              2       11          15
      MIR_3_FF:            197      431          18
       MIR_3_K:              -        -           2
      MIR_3_KL:              -        5           2
       MIR_3_R:              6       20          15
      MIR_4_FF:             36       94          10
       MIR_4_K:              -        2           1
      MIR_4_KL:             21       43           2
       MIR_4_R:              4       15          15
      MIR_5_FF:             30       88           7
      MIR_5_KL:              1        5           2
       MIR_5_R:              3       12           8
      MIR_6_FF:              6       24          10
       MIR_6_K:              -        -           1
      MIR_6_KL:              1       13           3
       MIR_6_R:              2        9          11
  ZERO_HALF_FF:             11      335         173
   ZERO_HALF_K:              1        5          11
  ZERO_HALF_KL:              2       61           -
   ZERO_HALF_R:              2      133         185

LNS stats       Improv/Calls  Closed  Difficulty  TimeLimit
  'rins/rens':           0/0      0%    5.00e-01       0.10

LS stats                                    Batches  Restarts/Perturbs  LinMoves  GenMoves  CompoundMoves  Bactracks  WeightUpdates  ScoreComputed
                             'fj_restart':       14                  5     9'721         0              0          0             19        884'669
                    'fj_restart_compound':        2                  1         0     1'687          1'662         10              0        152'468
                'fj_restart_compound_obj':        3                  3         0     4'017          3'793        109              0        135'844
            'fj_restart_compound_perturb':        7                  5         0    14'423         14'272         56              0        901'465
        'fj_restart_compound_perturb_obj':        9                  5         0    15'969         15'501        214              0      1'122'166
                       'fj_restart_decay':        6                  2     4'255         0              0          0              5        360'122
              'fj_restart_decay_compound':       16                  2         0    10'067          5'839      2'056              0      1'622'845
          'fj_restart_decay_compound_obj':       11                  4         0     8'714          7'188        750              0      1'011'868
      'fj_restart_decay_compound_perturb':       12                  6         0    19'643         19'181        210              0      1'452'874
  'fj_restart_decay_compound_perturb_obj':        3                  3         0     7'972          7'956          0              0        405'808
                   'fj_restart_decay_obj':       13                  7    11'039         0              0          0             13        925'595
               'fj_restart_decay_perturb':       16                  8    20'153         0              0          0             15      1'314'967
           'fj_restart_decay_perturb_obj':       11                  4    11'828         0              0          0             10        899'513
                         'fj_restart_obj':       15                  5    10'050         0              0          0             19        921'823
                     'fj_restart_perturb':        3                  2     4'439         0              0          0              4        294'608
                 'fj_restart_perturb_obj':       15                  8    18'389         0              0          0             16      1'295'272

Solution repositories    Added  Queried  Synchro
    'alternative_path':      0        0        0
      'best_solutions':      0        0        0
   'fj solution hints':     62        0       62
        'lp solutions':    265      157       74
                'pump':      0        0

Improving bounds shared      Num  Sym
            'default_lp':     13    0
       'fs_random_no_lp':     65    0
                'max_lp':      2    0
                 'no_lp':     11    0
               'probing':    262    0
         'quick_restart':     15    0
   'quick_restart_no_lp':  1'771    0

Clauses shared            #Exported  #Imported  #BinaryRead  #BinaryTotal
           'default_lp':    973'657      3'052    3'419'305     3'419'311
      'fs_random_no_lp':     24'890        361    3'367'513     3'419'311
               'max_lp':        424          0    3'265'151     3'419'311
                'no_lp':      9'498      1'308    3'391'543     3'419'311
              'probing':          0      2'977    3'419'175     3'419'311
        'quick_restart':    117'335      3'002    3'419'297     3'419'311
  'quick_restart_no_lp':  2'296'897      1'451    3'419'308     3'419'311

LRAT_status: NA
CpSolverResponse summary:
status: UNKNOWN
objective: NA
best_bound: NA
integers: 131004
booleans: 130069
conflicts: 31815
branches: 102775
propagations: 261270180
integer_propagations: 234420159
restarts: 7
lp_iterations: 0
walltime: 60.8551
usertime: 60.8551
deterministic_time: 434.194
gap_integral: 0

