
Starting CP-SAT solver v9.15.6755
Parameters: random_seed: 20260923 max_time_in_seconds: 300 log_search_progress: true linearization_level: 2 stop_after_first_solution: true num_search_workers: 8 cp_model_probing_level: 0 symmetry_level: 2 log_to_stdout: false

Initial optimization model '': (model_fingerprint: 0x5403cdef401387b1)
#Variables: 368'792 (#ints: 14'868 in objective) (314'085 primary variables)
  - 214'377 Booleans in [0,1]
  - 11'952 in [0,4]
  - 4'762 in [0,12]
  - 87'844 in [0,20]
  - 12'976 in [0,40]
  - 24'928 in [0,60]
  - 11'952 in [0,80]
  - 1 in [10,12]
#kBoolAnd: 29'366 (#enforced: 29'366) (#literals: 58'732)
#kBoolOr: 36'910 (#enforced: 36'910) (#literals: 170'418)
#kExactlyOne: 1 (#literals: 47)
#kLinear1: 74'217 (#enforced: 316)
#kLinear2: 269'516 (#enforced: 1'500)
#kLinear3: 71'519 (#enforced: 67'645)
#kLinearN: 344'615 (#enforced: 219'198) (#terms: 4'218'599)

Starting presolve at 0.33s
  1.64e-01s  0.00e+00d  [DetectDominanceRelations] 
  1.97e+00s  0.00e+00d  [PresolveToFixPoint] #num_loops=3 #num_dual_strengthening=2 
  1.35e-02s  0.00e+00d  [ExtractEncodingFromLinear] #potential_supersets=40'536 #potential_subsets=4 #exo_encodings=2 #literals=4 
  5.13e-02s  0.00e+00d  [DetectDuplicateColumns] 
  2.04e-02s  0.00e+00d  [DetectDuplicateConstraints] #duplicates=1'370 
[Symmetry] Graph for symmetry has 1'500'192 nodes and 6'029'151 arcs.
[Symmetry] Graph too large. Skipping. You can use symmetry_level:3 or more to force it.
[SAT presolve] num removable Booleans: 0 / 218'365
[SAT presolve] num trivial clauses: 0
[SAT presolve] [0s] clauses:186'626 literals:591'646 vars:129'171 one_side_vars:121785 simple_definition:7'162 singleton_clauses:0
[SAT presolve] [0.00824428s] clauses:184'228 literals:574'752 vars:129'171 one_side_vars:128895 simple_definition:216 singleton_clauses:0
[SAT presolve] [0.017671s] clauses:184'228 literals:574'752 vars:129'171 one_side_vars:128895 simple_definition:216 singleton_clauses:0
[MaxClique] Merged 125547 with 257443 literals) into 109297(236449 literals) at_most_ones.
  1.97e-01s  0.00e+00d  [ProcessAtMostOneAndLinear] #num_changes=252 
  1.98e-02s  0.00e+00d  [DetectDuplicateConstraints] 
  4.29e-02s  0.00e+00d  [DetectDuplicateConstraintsWithDifferentEnforcements] #without_enforcements=103'440 
  6.01e-01s  1.00e-01d  [DetectDominatedLinearConstraints] #relevant_constraints=322'411 #num_inclusions=1'636'602 
  3.34e-02s  0.00e+00d  [DetectDifferentVariables] 
  8.91e-02s  1.31e-02d  [ProcessSetPPC] #relevant_constraints=264'213 #num_inclusions=19 
  3.37e-02s  2.54e-03d  [TransformClausesToExactlyOne] #num_amos=121'264 #num_clauses=58'822 #num_checked=58'822 
  4.03e-01s  0.00e+00d  [DetectEncodedComplexDomains] 
  1.04e-02s  2.45e-04d  [FindAlmostIdenticalLinearConstraints] #num_tested_pairs=5'543 
  1.30e-01s  1.00e+00d *[FindBigAtMostOneAndLinearOverlap] 
  1.69e-01s  1.00e+00d *[FindBigVerticalLinearOverlap] #blocks=57 #saved_nz=184'730 
  1.47e-01s  1.00e+00d *[FindBigHorizontalLinearOverlap] #blocks=2 #saved_nz=321 #linears=180'822 
  1.70e-02s  1.62e-03d  [MergeClauses] #num_collisions=18'888 #num_merges=18'888 #num_saved_literals=80'662 
  1.59e-01s  0.00e+00d  [DetectDominanceRelations] 
  7.85e-01s  0.00e+00d  [PresolveToFixPoint] #num_loops=3 #num_dual_strengthening=1 
  1.59e-01s  0.00e+00d  [DetectDominanceRelations] 
  7.42e-01s  0.00e+00d  [PresolveToFixPoint] #num_loops=1 #num_dual_strengthening=1 
  4.92e-02s  0.00e+00d  [DetectDuplicateColumns] 
  1.88e-02s  0.00e+00d  [DetectDuplicateConstraints] 
[Symmetry] Graph for symmetry has 1'499'469 nodes and 5'766'042 arcs.
[Symmetry] Graph too large. Skipping. You can use symmetry_level:3 or more to force it.
[SAT presolve] num removable Booleans: 0 / 218'357
[SAT presolve] num trivial clauses: 0
[SAT presolve] [0s] clauses:173'337 literals:552'972 vars:145'167 one_side_vars:144925 simple_definition:218 singleton_clauses:0
[SAT presolve] [0.00698164s] clauses:173'337 literals:552'790 vars:145'167 one_side_vars:145107 simple_definition:36 singleton_clauses:0
[SAT presolve] [0.0161643s] clauses:173'337 literals:552'790 vars:145'167 one_side_vars:145107 simple_definition:36 singleton_clauses:0
[MaxClique] Merged 124214 with 266230 literals) into 115593(254643 literals) at_most_ones.
  1.60e-01s  0.00e+00d  [ProcessAtMostOneAndLinear] 
  2.02e-02s  0.00e+00d  [DetectDuplicateConstraints] 
  4.39e-02s  0.00e+00d  [DetectDuplicateConstraintsWithDifferentEnforcements] #without_enforcements=103'434 
  5.55e-01s  1.00e-01d  [DetectDominatedLinearConstraints] #relevant_constraints=322'451 #num_inclusions=1'627'300 
  3.43e-02s  0.00e+00d  [DetectDifferentVariables] 
  9.03e-02s  1.20e-02d  [ProcessSetPPC] #relevant_constraints=270'284 #num_inclusions=11'949 
  3.58e-02s  2.54e-03d  [TransformClausesToExactlyOne] #num_amos=115'630 #num_clauses=58'642 #num_checked=58'642 
  3.80e-01s  0.00e+00d  [DetectEncodedComplexDomains] 
  1.11e-02s  2.44e-04d  [FindAlmostIdenticalLinearConstraints] #num_tested_pairs=5'527 
  2.61e-01s  1.00e+00d *[FindBigAtMostOneAndLinearOverlap] 
  9.38e-02s  1.00e+00d *[FindBigVerticalLinearOverlap] 
  1.47e-01s  1.00e+00d *[FindBigHorizontalLinearOverlap] #linears=180'810 
  1.96e-02s  1.62e-03d  [MergeClauses] #num_collisions=18'887 #num_merges=18'887 #num_saved_literals=80'660 
  1.61e-01s  0.00e+00d  [DetectDominanceRelations] 
  7.48e-01s  0.00e+00d  [PresolveToFixPoint] #num_loops=3 #num_dual_strengthening=1 
  1.61e-01s  0.00e+00d  [DetectDominanceRelations] 
  7.47e-01s  0.00e+00d  [PresolveToFixPoint] #num_loops=1 #num_dual_strengthening=1 
  4.68e-02s  0.00e+00d  [DetectDuplicateColumns] 
  1.89e-02s  0.00e+00d  [DetectDuplicateConstraints] #duplicates=6 
[Symmetry] Graph for symmetry has 1'499'159 nodes and 5'748'760 arcs.
[Symmetry] Graph too large. Skipping. You can use symmetry_level:3 or more to force it.
[SAT presolve] num removable Booleans: 0 / 218'349
[SAT presolve] num trivial clauses: 0
[SAT presolve] [0s] clauses:159'364 literals:524'845 vars:144'851 one_side_vars:144785 simple_definition:42 singleton_clauses:0
[SAT presolve] [0.00616451s] clauses:159'364 literals:524'845 vars:144'851 one_side_vars:144785 simple_definition:42 singleton_clauses:0
[SAT presolve] [0.0149734s] clauses:159'364 literals:524'845 vars:144'851 one_side_vars:144785 simple_definition:42 singleton_clauses:0
[MaxClique] Merged 115708 with 254819 literals) into 115587(254577 literals) at_most_ones.
  1.61e-01s  0.00e+00d  [ProcessAtMostOneAndLinear] 
  2.05e-02s  0.00e+00d  [DetectDuplicateConstraints] 
  4.40e-02s  0.00e+00d  [DetectDuplicateConstraintsWithDifferentEnforcements] #without_enforcements=103'428 
  5.54e-01s  1.00e-01d  [DetectDominatedLinearConstraints] #relevant_constraints=322'439 #num_inclusions=1'627'295 
  3.50e-02s  0.00e+00d  [DetectDifferentVariables] 
  9.09e-02s  1.20e-02d  [ProcessSetPPC] #relevant_constraints=270'272 #num_inclusions=11'949 
  3.60e-02s  2.54e-03d  [TransformClausesToExactlyOne] #num_amos=115'624 #num_clauses=58'643 #num_checked=58'643 
  3.81e-01s  0.00e+00d  [DetectEncodedComplexDomains] 
  1.19e-02s  2.45e-04d  [FindAlmostIdenticalLinearConstraints] #num_tested_pairs=5'555 
  2.62e-01s  1.00e+00d *[FindBigAtMostOneAndLinearOverlap] 
  9.42e-02s  1.00e+00d *[FindBigVerticalLinearOverlap] 
  1.49e-01s  1.00e+00d *[FindBigHorizontalLinearOverlap] #linears=180'797 
  2.08e-02s  1.62e-03d  [MergeClauses] #num_collisions=18'886 #num_merges=18'886 #num_saved_literals=80'658 
  1.65e-01s  0.00e+00d  [DetectDominanceRelations] 
  7.50e-01s  0.00e+00d  [PresolveToFixPoint] #num_loops=3 #num_dual_strengthening=1 
  6.44e-03s  0.00e+00d  [MergeNoOverlap] 
  6.80e-03s  0.00e+00d  [MergeNoOverlap2D] 
  3.27e-01s  0.00e+00d  [ExpandObjective] #entries=100'000'061 #tight_variables=659'119 #tight_constraints=39'538 

Presolve summary:
  - 15552 affine relations were detected.
  - rule 'TODO domination: unexploited dominations' was applied 2 times.
  - rule 'TODO dual: only one blocking constraint?' was applied 3'616 times.
  - rule 'TODO dual: tighten at most one' was applied 278 times.
  - rule 'TODO linear2: convert ax + by != cte to clauses for large domains' was applied 1'008 times.
  - rule 'TODO linear2: convert implied ax + by == cte to clauses for large domains' was applied 252 times.
  - rule 'affine: new relation' was applied 15'552 times.
  - rule 'at_most_one: removed literals' was applied 9 times.
  - rule 'at_most_one: satisfied' was applied 8 times.
  - rule 'at_most_one: size one' was applied 6 times.
  - rule 'at_most_one: transformed into max clique' was applied 3 times.
  - rule 'bool_and: fixed literals' was applied 4 times.
  - rule 'bool_and: non-reified' was applied 1 time.
  - rule 'bool_and: x => x' was applied 3'648 times.
  - rule 'bool_or: always true' was applied 14 times.
  - rule 'bool_or: implications' was applied 88'519 times.
  - rule 'bool_or: only one literal' was applied 10 times.
  - rule 'bool_or: removed enforcement literal' was applied 10'940 times.
  - rule 'deductions: 320280 stored' was applied 1 time.
  - rule 'domination: added implications' was applied 7'600 times.
  - rule 'dual: enforced equivalence' was applied 3'648 times.
  - rule 'duplicate: removed constraint' was applied 1'376 times.
  - rule 'encoding: candidate linear is all boolean now' was applied 2 times.
  - rule 'encoding: extracted from linear' was applied 2 times.
  - rule 'encoding: reduced target domain' was applied 2 times.
  - rule 'enforcement: false literal' was applied 16 times.
  - rule 'enforcement: true literal' was applied 19 times.
  - rule 'exactly_one: removed literals' was applied 3 times.
  - rule 'incompatible linear: add implication' was applied 35'910 times.
  - rule 'linear + amo: empty after processing' was applied 2 times.
  - rule 'linear + amo: extracted enforcement literal' was applied 276 times.
  - rule 'linear + amo: fixed literal implied by enforcement' was applied 9 times.
  - rule 'linear matrix: common horizontal rectangle' was applied 2 times.
  - rule 'linear matrix: common vertical rectangle' was applied 57 times.
  - rule 'linear matrix: defining equation for common rectangle' was applied 1 time.
  - rule 'linear1: x in domain' was applied 276 times.
  - rule 'linear2: contains a boolean' was applied 176'621 times.
  - rule 'linear2: convert ax + by != cte to clauses' was applied 89'543 times.
  - rule 'linear2: convert implied ax + by == cte to clauses' was applied 152 times.
  - rule 'linear2: implied ax + by = cte has only one solution' was applied 2 times.
  - rule 'linear: always true' was applied 74'061 times.
  - rule 'linear: divide by GCD' was applied 19'686 times.
  - rule 'linear: empty' was applied 54 times.
  - rule 'linear: extracted at most one (min)' was applied 2 times.
  - rule 'linear: extracted enforcement literal' was applied 1'042'483 times.
  - rule 'linear: fixed or dup variables' was applied 176 times.
  - rule 'linear: negative equal one' was applied 18'436 times.
  - rule 'linear: never in domain' was applied 2 times.
  - rule 'linear: positive at most one' was applied 139 times.
  - rule 'linear: positive clause' was applied 13'492 times.
  - rule 'linear: positive equal one' was applied 21'960 times.
  - rule 'linear: reduced variable domains' was applied 10'503 times.
  - rule 'linear: reduced variable domains in derived constraint' was applied 25 times.
  - rule 'linear: remapped using affine relations' was applied 44'612 times.
  - rule 'linear: simplify using approximate gcd' was applied 1 time.
  - rule 'linear: singleton column' was applied 1 time.
  - rule 'linear: small Boolean expression' was applied 2'398 times.
  - rule 'linear: variable substitution 2' was applied 6 times.
  - rule 'objective: variable not used elsewhere' was applied 9 times.
  - rule 'presolve: 328 unused variables removed.' was applied 1 time.
  - rule 'presolve: iteration' was applied 3 times.
  - rule 'setppc: bool_or in at_most_one' was applied 5 times.
  - rule 'setppc: fixed variables' was applied 3 times.
  - rule 'setppc: removed dominated constraints' was applied 23'864 times.
  - rule 'variables: canonicalize affine domain' was applied 9'158 times.
  - rule 'variables: detect fully reified value encoding' was applied 12'976 times.
  - rule 'variables: detect half reified value encoding' was applied 167'737 times.

Presolved optimization model '': (model_fingerprint: 0xe33755853ae5642)
#Variables: 362'121 (#ints: 14'850 in objective) (310'982 primary variables)
  - 218'341 Booleans in [0,1]
  - 12'976 in [0][20,60]
  - 40 in [0,2]
  - 8 in [0,3]
  - 11'954 in [0,4]
  - 2 in [0,5]
  - 5 in [0,6]
  - 2 in [0,7]
  - 6 in [0,8]
  - 2 in [0,9]
  - 5 in [0,10]
  - 2 in [0,11]
  - 4'596 in [0,12]
  - 77'298 in [0,20]
  - 1 in [0,39]
  - 12'976 in [0,40]
  - 11'952 in [0,60]
  - 11'952 in [0,80]
  - 1 in [10,12]
  - 1 in [161,3642]
  - 1 in [163,3644]
#kAtMostOne: 14'981 (#literals: 53'311)
#kBoolAnd: 41'666 (#enforced: 41'666) (#literals: 142'392)
#kBoolAndClauses: 18'878 (#enforced: 18'878 #multi: 18'878) (#literals: 118'395)
#kBoolOr: 20'881 (#literals: 124'355)
#kExactlyOne: 40'399 (#literals: 945'021)
#kLinear1: 204'726 (#enforced: 204'726 #multi: 37'025)
#kLinear2: 315 (#enforced: 314)
#kLinear3: 69'957 (#enforced: 65'250)
#kLinearN: 252'471 (#enforced: 219'163) (#terms: 1'897'402)
[Symmetry] Graph for symmetry has 1'483'224 nodes and 5'748'557 arcs.
[Symmetry] Graph too large. Skipping. You can use symmetry_level:3 or more to force it.

Preloading model.
#Bound  14.44s best:inf   next:[0,297000] initial_domain
#Model  14.67s var:362121/362121 constraints:664274/664274

Starting search at 14.71s with 8 workers.
6 full problem subsolvers: [core, default_lp, max_lp, no_lp, quick_restart, reduced_costs]
2 first solution subsolvers: [fj, fs_random_no_lp]
9 interleaved subsolvers: [feasibility_pump, graph_arc_lns, graph_cst_lns, graph_dec_lns, graph_var_lns, ls, rins/rens, rnd_cst_lns, rnd_var_lns]
3 helper subsolvers: [neighborhood_helper, synchronization_agent, update_gap_integral]

#Model  16.18s var:362118/362121 constraints:664269/664274
#Model  17.86s var:362103/362121 constraints:664233/664274
#Model  18.63s var:361133/362121 constraints:662583/664274
#Model  20.02s var:361013/362121 constraints:662386/664274
#Model  20.41s var:361003/362121 constraints:662368/664274
#Model  20.70s var:361002/362121 constraints:662367/664274
#Model  21.69s var:361001/362121 constraints:662348/664274
#Model  22.67s var:360987/362121 constraints:662316/664274
#Model  24.94s var:360986/362121 constraints:662315/664274
#Model  25.88s var:360949/362121 constraints:662256/664274
#Model  27.14s var:360903/362121 constraints:662191/664274
#Model  27.82s var:360887/362121 constraints:662169/664274
#Model  28.53s var:360857/362121 constraints:662123/664274
#Model  29.20s var:360842/362121 constraints:662099/664274
#Model  29.85s var:360804/362121 constraints:662036/664274
#Model  30.67s var:360803/362121 constraints:662033/664274
#Model  33.53s var:360789/362121 constraints:662000/664274
#Model  39.22s var:360772/362121 constraints:661974/664274
#Model  39.99s var:360767/362121 constraints:661962/664274
#Model  41.00s var:360760/362121 constraints:661945/664274
#Model  41.61s var:360753/362121 constraints:661928/664274
#Model  45.85s var:360739/362121 constraints:661899/664274
#Model  46.93s var:360707/362121 constraints:661838/664274
#Model  53.89s var:360706/362121 constraints:661838/664274
#Model  54.24s var:360696/362121 constraints:661816/664274
#Model  57.28s var:360681/362121 constraints:661794/664274
#Model  57.66s var:360680/362121 constraints:661794/664274
#Model  58.17s var:360678/362121 constraints:661793/664274
#Model  58.98s var:360677/362121 constraints:661793/664274
#Model  59.32s var:360676/362121 constraints:661793/664274
#Model  60.39s var:360675/362121 constraints:661793/664274
#Model  64.11s var:360660/362121 constraints:661770/664274
#Model  64.91s var:360645/362121 constraints:661748/664274
#Model  65.64s var:360606/362121 constraints:661683/664274
#Model  65.97s var:360591/362121 constraints:661662/664274
#Model  67.87s var:360570/362121 constraints:661627/664274
#Model  68.96s var:360569/362121 constraints:661627/664274
#Bound  69.40s best:inf   next:[1,297000] bool_core (num_cores=1 [size:5 mw:1 d:3] a=14826 d=3 fixed=80/344576 clauses=176'811)
#Bound  69.43s best:inf   next:[2,297000] bool_core (num_cores=1 [cover] a=14826 d=3 fixed=81/344585 clauses=176'855)
#Bound  69.46s best:inf   next:[3,297000] bool_core (num_cores=1 [cover] a=14826 d=3 fixed=82/344594 clauses=176'873)
#Bound  69.48s best:inf   next:[4,297000] bool_core (num_cores=1 [cover] a=14826 d=3 fixed=83/344603 clauses=176'892)
#Bound  69.51s best:inf   next:[5,297000] bool_core (num_cores=1 [cover] a=14826 d=3 fixed=84/344612 clauses=176'915)
#Bound  69.53s best:inf   next:[6,297000] bool_core (num_cores=1 [cover] a=14826 d=3 fixed=85/344621 clauses=176'941)
#Bound  69.55s best:inf   next:[7,297000] bool_core (num_cores=1 [cover] a=14826 d=3 fixed=86/344630 clauses=176'971)
#Bound  69.58s best:inf   next:[8,297000] bool_core (num_cores=1 [cover] a=14826 d=3 fixed=87/344639 clauses=177'008)
#Bound  69.60s best:inf   next:[9,297000] bool_core (num_cores=1 [cover] a=14826 d=3 fixed=88/344648 clauses=177'050)
#Bound  69.62s best:inf   next:[10,297000] bool_core (num_cores=1 [cover] a=14826 d=3 fixed=89/344657 clauses=177'096)
#Bound  69.65s best:inf   next:[11,297000] bool_core (num_cores=1 [cover] a=14826 d=3 fixed=90/344666 clauses=177'146)
#Bound  69.67s best:inf   next:[12,297000] bool_core (num_cores=1 [cover] a=14826 d=3 fixed=91/344675 clauses=177'202)
#Bound  69.70s best:inf   next:[13,297000] bool_core (num_cores=1 [cover] a=14826 d=3 fixed=92/344684 clauses=177'256)
#Bound  69.72s best:inf   next:[14,297000] bool_core (num_cores=1 [cover] a=14826 d=3 fixed=93/344693 clauses=177'314)
#Bound  69.74s best:inf   next:[15,297000] bool_core (num_cores=1 [cover] a=14826 d=3 fixed=94/344702 clauses=177'379)
#Bound  69.76s best:inf   next:[16,297000] bool_core (num_cores=1 [cover] a=14826 d=3 fixed=95/344711 clauses=177'446)
#Bound  69.78s best:inf   next:[17,297000] bool_core (num_cores=1 [cover] a=14826 d=3 fixed=96/344720 clauses=177'517)
#Model  69.80s var:360568/362121 constraints:661627/664274
#Bound  69.81s best:inf   next:[18,297000] bool_core (num_cores=1 [cover] a=14826 d=3 fixed=97/344729 clauses=177'593)
#Bound  69.83s best:inf   next:[19,297000] bool_core (num_cores=1 [cover] a=14826 d=3 fixed=98/344738 clauses=177'677)
#Bound  69.85s best:inf   next:[20,297000] bool_core (num_cores=1 [cover] a=14826 d=3 fixed=99/344747 clauses=177'763)
#Model  70.35s var:360553/362121 constraints:661606/664274
#Model  72.16s var:360552/362121 constraints:661606/664274
#Model  73.90s var:360547/362121 constraints:661594/664274
#Model  75.61s var:360546/362121 constraints:661594/664274
#Model  76.02s var:360532/362121 constraints:661562/664274
#Model  78.47s var:360530/362121 constraints:661558/664274
#Model  83.70s var:360529/362121 constraints:661558/664274
#Model  88.76s var:360524/362121 constraints:661547/664274
#Model  89.12s var:360509/362121 constraints:661526/664274
#Model  89.53s var:360494/362121 constraints:661505/664274
#Model  94.71s var:360493/362121 constraints:661505/664274
#Model  96.21s var:360479/362121 constraints:661473/664274
#Model  98.18s var:360454/362121 constraints:661427/664274
#Model  98.78s var:360453/362121 constraints:661426/664274
#Model 100.31s var:360439/362121 constraints:661394/664274
#Model 101.38s var:360424/362121 constraints:661373/664274
#Model 101.88s var:360403/362121 constraints:661336/664274
#Model 103.87s var:360400/362121 constraints:661330/664274
#Model 104.60s var:360395/362121 constraints:661319/664274
#Model 107.19s var:360394/362121 constraints:661319/664274
#Model 107.85s var:360392/362121 constraints:661318/664274
#Model 122.20s var:360377/362121 constraints:661296/664274
#Model 139.05s var:360362/362121 constraints:661275/664274
#Model 139.96s var:360361/362121 constraints:661275/664274
#Bound 140.19s best:inf   next:[21,297000] bool_core (num_cores=2 [size:11 mw:1 d:5] a=14791 d=5 fixed=1515/344760 clauses=174'164)
#Model 143.61s var:360356/362121 constraints:661264/664274
#Model 144.55s var:360335/362121 constraints:661227/664274
#Model 147.81s var:360325/362121 constraints:661204/664274
#Model 148.07s var:360300/362121 constraints:661204/664274
#Model 148.40s var:360298/362121 constraints:661204/664274
#Model 155.03s var:360283/362121 constraints:661183/664274
#Model 155.99s var:360268/362121 constraints:661161/664274
#Bound 160.76s best:inf   next:[22,297000] bool_core (num_cores=3 [size:4 mw:1 d:6] a=14772 d=6 fixed=1718/344786 clauses=169'749)
#Model 166.89s var:360250/362121 constraints:661132/664274
#Bound 167.67s best:inf   next:[23,297000] bool_core (num_cores=4 [size:1 mw:1] a=14772 d=6 fixed=1786/344816 clauses=170'451)
#Bound 167.69s best:inf   next:[24,297000] bool_core (num_cores=4 [cover] a=14772 d=6 fixed=1787/344846 clauses=170'570)
#Bound 167.71s best:inf   next:[25,297000] bool_core (num_cores=4 [cover] a=14772 d=6 fixed=1788/344876 clauses=170'700)
#Bound 167.73s best:inf   next:[26,297000] bool_core (num_cores=4 [cover] a=14772 d=6 fixed=1789/344906 clauses=170'841)
#Bound 167.75s best:inf   next:[27,297000] bool_core (num_cores=4 [cover] a=14772 d=6 fixed=1790/344936 clauses=170'994)
#Bound 167.77s best:inf   next:[28,297000] bool_core (num_cores=4 [cover] a=14772 d=6 fixed=1791/344966 clauses=171'162)
#Bound 167.80s best:inf   next:[29,297000] bool_core (num_cores=4 [cover] a=14772 d=6 fixed=1792/344996 clauses=171'339)
#Bound 167.82s best:inf   next:[30,297000] bool_core (num_cores=4 [cover] a=14772 d=6 fixed=1793/345026 clauses=171'530)
#Bound 167.84s best:inf   next:[31,297000] bool_core (num_cores=4 [cover] a=14772 d=6 fixed=1794/345056 clauses=171'735)
#Bound 167.87s best:inf   next:[32,297000] bool_core (num_cores=4 [cover] a=14772 d=6 fixed=1795/345086 clauses=171'955)
#Bound 167.90s best:inf   next:[33,297000] bool_core (num_cores=4 [cover] a=14772 d=6 fixed=1796/345116 clauses=172'185)
#Bound 167.93s best:inf   next:[34,297000] bool_core (num_cores=4 [cover] a=14772 d=6 fixed=1797/345146 clauses=172'432)
#Bound 167.95s best:inf   next:[35,297000] bool_core (num_cores=4 [cover] a=14772 d=6 fixed=1798/345176 clauses=172'690)
#Bound 167.98s best:inf   next:[36,297000] bool_core (num_cores=4 [cover] a=14772 d=6 fixed=1799/345206 clauses=172'962)
#Bound 168.00s best:inf   next:[37,297000] bool_core (num_cores=4 [cover] a=14772 d=6 fixed=1800/345236 clauses=173'249)
#Bound 168.03s best:inf   next:[38,297000] bool_core (num_cores=4 [cover] a=14772 d=6 fixed=1801/345266 clauses=173'546)
#Bound 168.06s best:inf   next:[39,297000] bool_core (num_cores=4 [cover] a=14772 d=6 fixed=1802/345296 clauses=173'857)
#Bound 168.09s best:inf   next:[40,297000] bool_core (num_cores=4 [cover] a=14772 d=6 fixed=1803/345326 clauses=174'181)
#Model 176.32s var:360198/362121 constraints:661014/664274
#Model 192.12s var:360175/362121 constraints:660975/664274
#Model 206.14s var:360161/362121 constraints:660943/664274
#Model 208.72s var:360140/362121 constraints:660908/664274
#Model 210.60s var:360119/362121 constraints:660872/664274
#Model 218.37s var:360109/362121 constraints:660850/664274
#Model 228.73s var:360094/362121 constraints:660828/664274
#Model 234.60s var:360087/362121 constraints:660812/664274
#Model 235.27s var:360022/362121 constraints:660703/664274
#Model 235.80s var:360008/362121 constraints:660671/664274
#Model 243.45s var:359993/362121 constraints:660650/664274
#Bound 251.14s best:inf   next:[41,297000] bool_core (num_cores=5 [size:12 mw:1 d:7] a=14739 d=7 fixed=1855/345354 clauses=177'680)
#Model 255.52s var:359992/362121 constraints:660648/664274
#Model 258.89s var:359991/362121 constraints:660647/664274
#Model 259.29s var:359970/362121 constraints:660612/664274
#Model 259.61s var:359949/362121 constraints:660576/664274
#Model 264.69s var:359932/362121 constraints:660549/664274
#Model 265.18s var:359927/362121 constraints:660536/664274
#Model 274.75s var:359906/362121 constraints:660501/664274
#Model 283.49s var:359891/362121 constraints:660480/664274
#Model 296.69s var:359890/362121 constraints:660478/664274
#Model 297.03s var:359885/362121 constraints:660465/664274

Task timing                   n [     min,      max]      avg      dev     time         n [     min,      max]      avg      dev    dtime
              'core':         1 [   4.76m,    4.76m]    4.76m   0.00ns    4.76m         2 [  2.90ms,    4.22m]    2.11m    2.11m    4.22m
        'default_lp':         1 [   4.76m,    4.76m]    4.76m   0.00ns    4.76m         2 [691.94ms,    6.69m]    3.35m    3.34m    6.70m
  'feasibility_pump':       927 [  4.30ms,   21.31s]  96.66ms    1.15s    1.49m         8 [   1.07s,   36.23s]   16.82s   11.42s    2.24m
                'fj':       927 [  9.32ms, 269.91ms]  92.96ms  23.88ms    1.44m       927 [  8.46ms, 132.31ms] 118.86ms  10.01ms    1.84m
   'fs_random_no_lp':         1 [   4.76m,    4.76m]    4.76m   0.00ns    4.76m         2 [  2.91ms,    3.78m]    1.89m    1.89m    3.78m
     'graph_arc_lns':         0 [  0.00ns,   0.00ns]   0.00ns   0.00ns   0.00ns         0 [  0.00ns,   0.00ns]   0.00ns   0.00ns   0.00ns
     'graph_cst_lns':         0 [  0.00ns,   0.00ns]   0.00ns   0.00ns   0.00ns         0 [  0.00ns,   0.00ns]   0.00ns   0.00ns   0.00ns
     'graph_dec_lns':         0 [  0.00ns,   0.00ns]   0.00ns   0.00ns   0.00ns         0 [  0.00ns,   0.00ns]   0.00ns   0.00ns   0.00ns
     'graph_var_lns':         0 [  0.00ns,   0.00ns]   0.00ns   0.00ns   0.00ns         0 [  0.00ns,   0.00ns]   0.00ns   0.00ns   0.00ns
                'ls':         0 [  0.00ns,   0.00ns]   0.00ns   0.00ns   0.00ns         0 [  0.00ns,   0.00ns]   0.00ns   0.00ns   0.00ns
            'max_lp':         1 [   4.76m,    4.76m]    4.76m   0.00ns    4.76m         2 [697.79ms,    4.63m]    2.32m    2.31m    4.64m
             'no_lp':         1 [   4.76m,    4.76m]    4.76m   0.00ns    4.76m         2 [  2.91ms,    4.09m]    2.04m    2.04m    4.09m
     'quick_restart':         1 [   4.76m,    4.76m]    4.76m   0.00ns    4.76m         2 [698.09ms,    3.92m]    1.97m    1.95m    3.93m
     'reduced_costs':         1 [   4.76m,    4.76m]    4.76m   0.00ns    4.76m         2 [697.27ms,    4.16m]    2.09m    2.08m    4.18m
         'rins/rens':       927 [ 37.93ms, 161.96ms]  76.76ms  11.21ms    1.19m         0 [  0.00ns,   0.00ns]   0.00ns   0.00ns   0.00ns
       'rnd_cst_lns':         0 [  0.00ns,   0.00ns]   0.00ns   0.00ns   0.00ns         0 [  0.00ns,   0.00ns]   0.00ns   0.00ns   0.00ns
       'rnd_var_lns':         0 [  0.00ns,   0.00ns]   0.00ns   0.00ns   0.00ns         0 [  0.00ns,   0.00ns]   0.00ns   0.00ns   0.00ns

Search stats            Bools  Conflicts   Branches  Restarts  BacktrackToRoot  Backtrack     BoolPropag  IntegerPropag
             'core':  345'391     68'408  2'102'905       300            6'453     86'673    986'356'977  1'001'843'433
       'default_lp':  344'573      2'306     74'609         1            4'010     10'955     74'193'022     74'581'367
  'fs_random_no_lp':  344'634    100'515    341'797        10           12'873    132'264  1'144'944'529  1'130'526'072
           'max_lp':  344'584     14'478    306'386         7            4'034     23'127    107'272'798    112'482'692
            'no_lp':  344'573     81'768    275'852        23           14'689    117'591  1'202'967'947  1'116'093'777
    'quick_restart':  344'874        439    288'946        26           17'980     44'521    140'816'707    148'093'959
    'reduced_costs':  344'919      2'419  2'257'257         6            9'052     25'790     76'377'722     81'492'417

SAT formula           Fixed  Equiv    Total  VarLeft  BinaryClauses  PermanentClauses  TemporaryClauses
             'core':  2'155  2'139  345'391  341'097      3'208'090           166'273            11'469
       'default_lp':  1'493  2'125  344'573  340'955      3'172'358           158'016               126
  'fs_random_no_lp':  2'000  2'139  344'634  340'495      3'242'314           160'644            16'837
           'max_lp':  1'475  2'125  344'584  340'984      3'171'980           160'218             6'471
            'no_lp':  2'015  2'139  344'573  340'419      3'242'084           160'769             9'655
    'quick_restart':  2'122  2'140  344'874  340'612      3'204'590           160'317               122
    'reduced_costs':  2'117  2'139  344'919  340'663      3'205'854           160'606               991

SAT stats             ClassicMinim  LitRemoved  LitRemovedBinary  LitLearned  LitForgotten  Subsumed
             'core':        63'129   1'105'554           684'941  25'889'704     2'226'835    14'445
       'default_lp':         2'187     677'381           676'625  22'313'098             0     2'159
  'fs_random_no_lp':        97'360     453'971         1'302'538   5'691'974     3'562'357     7'757
           'max_lp':         9'385     100'063           220'080  65'618'381       918'934     5'641
            'no_lp':        74'914     512'163         1'180'889   7'332'096     5'667'078     9'922
    'quick_restart':           195     149'425             9'548     443'326             0        91
    'reduced_costs':         1'604       7'467            10'223      44'402             0       333

Vivification          Clauses  Decisions  LitTrue  Subsumed  LitRemoved  DecisionReused  Conflicts
             'core':    2'912     19'731        2       869      10'712             647         45
       'default_lp':    2'555      8'516        8       314       2'291              36          4
  'fs_random_no_lp':    7'092     32'904      186       934      11'395             354         88
           'max_lp':    2'565      8'641        0       277       2'119              38         12
            'no_lp':    8'173     36'049      186     1'042      11'877             354        107
    'quick_restart':    9'918     37'052       18     1'037       8'996             184         62
    'reduced_costs':    4'938     21'895        0     1'065       9'788           1'362         76

Clause deletion       at_true  l_and_not(l)  to_binary  sub_conflict  sub_extra  sub_decisions  sub_eager  sub_vivify  sub_probing  sub_inpro  blocked  eliminated  forgotten  promoted  conflicts
             'core':    1'218             0         58        13'429        497             20      1'016         869            0      2'597        0           0     39'182   193'095     68'408
       'default_lp':      510           101         33         2'159          0              0          0         314            0      2'216        0           0          0     4'523      2'306
  'fs_random_no_lp':      745             2         54         7'254        171              0        503         934            0      2'477        0           0     74'369   213'108    100'515
           'max_lp':      486           119         18         5'609         13              1         32         277            0      2'177        0           0      2'231    29'561     14'478
            'no_lp':      779             0         51         9'094        242             54        828       1'042            0      2'364        0           0     60'230   211'506     81'768
    'quick_restart':      714           130         26            87          0              2          4       1'037            0      2'268        0           0          0       268        439
    'reduced_costs':      723           119         31           215          4              4        118       1'065            0      2'710        0           0          0     3'753      2'419

Lp stats            Component  Iterations  AddedCuts  OPTIMAL  DUAL_F.  DUAL_U.
     'default_lp':          1     565'225      8'665      692      929        0
         'max_lp':          1     144'834        350       89   13'768      117
  'quick_restart':          1      94'140      2'070       84    6'357        1
  'reduced_costs':          1     121'239      4'142      295   10'939        0

Lp dimension                Final dimension of first component
     'default_lp':  19105 rows, 258514 columns, 351742 entries
         'max_lp':   5199 rows, 362121 columns, 508485 entries
  'quick_restart':   4147 rows, 362121 columns, 475299 entries
  'reduced_costs':  12875 rows, 362121 columns, 484612 entries

Lp debug            CutPropag  CutEqPropag  Adjust  Overflow     Bad  BadScaling
     'default_lp':          2            0     349         0  14'786           0
         'max_lp':          0            0      84         0  11'892           0
  'quick_restart':         13            0      72         0  90'359           0
  'reduced_costs':          5            0   2'408         0  26'991           0

Lp pool             Constraints  Updates  Simplif  Merged  Shortened  Split  Strengthened     Cuts/Call
     'default_lp':      127'842       16    3'106       0      1'932      0             0  8'665/19'112
         'max_lp':    1'018'947        6   23'497       0      7'531      0           208     350/5'029
  'quick_restart':    1'020'667       56   88'622       0     12'881      0           392   2'070/8'152
  'reduced_costs':    1'022'689       11   56'313      50     11'032      5           383  4'142/30'988

Lp Cut           default_lp  max_lp  reduced_costs  quick_restart
         CG_FF:          17      41             78            227
          CG_K:           7      17             48             55
         CG_KL:           -       4              4             46
          CG_R:          11      32             11             78
         CG_RB:           -       -              2              5
        Clique:           -      22             54            113
            IB:       8'568       -          1'434              -
      MIR_1_FF:           1       1            119             70
       MIR_1_K:           1       1             25             48
      MIR_1_KL:           1       -              -             37
       MIR_1_R:           -       -             41             10
      MIR_1_RB:           -       -              1              7
     MIR_1_RBP:           -       -              -              5
     MIR_1_RLT:           -       -             12              -
      MIR_2_FF:           -       3             66             31
       MIR_2_K:          14       2            478             35
      MIR_2_KL:           1       -             20              2
       MIR_2_R:           -       3             33             18
      MIR_2_RB:           -       -             13             25
     MIR_2_RBP:           -       -              8              9
      MIR_3_FF:           1     104            220            487
       MIR_3_K:           2       -             22             23
      MIR_3_KL:           -       -              3              -
       MIR_3_R:           -       1              6             13
      MIR_3_RB:           -       -              3             21
     MIR_3_RBP:           -       -              1              7
      MIR_4_FF:           3      19            363            100
       MIR_4_K:           2       8             24             19
      MIR_4_KL:           -       7             10             51
       MIR_4_R:          11       3            336             52
      MIR_4_RB:           -       -              1             12
     MIR_4_RBP:           -       -              3              1
      MIR_5_FF:           2      33            373             90
       MIR_5_K:           -      10              6             11
      MIR_5_KL:           -       1              3              2
       MIR_5_R:          13      14            188             91
      MIR_5_RB:           -       -              3              6
     MIR_5_RBP:           -       -              -              2
      MIR_6_FF:           1       4             50             37
       MIR_6_K:           2       2              7             11
      MIR_6_KL:           -       1              1             20
       MIR_6_R:           4      10             59            104
      MIR_6_RB:           -       -              4              5
     MIR_6_RBP:           -       -              2              -
  ZERO_HALF_FF:           2       5              5             54
  ZERO_HALF_KL:           -       -              -              5
   ZERO_HALF_R:           1       2              2             25

LNS stats           Improv/Calls  Closed  Difficulty  TimeLimit
  'graph_arc_lns':           0/0      0%    5.00e-01       0.10
  'graph_cst_lns':           0/0      0%    5.00e-01       0.10
  'graph_dec_lns':           0/0      0%    5.00e-01       0.10
  'graph_var_lns':           0/0      0%    5.00e-01       0.10
      'rins/rens':           0/0      0%    5.00e-01       0.10
    'rnd_cst_lns':           0/0      0%    5.00e-01       0.10
    'rnd_var_lns':           0/0      0%    5.00e-01       0.10

LS stats                                    Batches  Restarts/Perturbs  LinMoves  GenMoves  CompoundMoves  Bactracks  WeightUpdates  ScoreComputed
                             'fj_restart':       37                 16    16'744         0              0          0             17      5'840'777
                    'fj_restart_compound':       60                 19         0    35'135         32'707      1'116              0     10'115'428
                'fj_restart_compound_obj':       75                 14         0    38'943         33'317      2'686              0     14'127'900
            'fj_restart_compound_perturb':       38                 18         0    45'268         45'107          0              0      2'358'352
        'fj_restart_compound_perturb_obj':       88                 23         0    94'089         92'958        501              0     10'992'044
                       'fj_restart_decay':       45                 22    22'485         0              0          0             14      7'288'257
              'fj_restart_decay_compound':      131                 23         0    63'275         38'502     12'136              0     23'677'574
          'fj_restart_decay_compound_obj':       55                 16         0    33'517         31'592        845              0      9'430'879
      'fj_restart_decay_compound_perturb':       48                 18         0    60'120         59'986          0              0      3'249'422
  'fj_restart_decay_compound_perturb_obj':       44                 17         0    54'860         54'723          0              0      2'928'973
                   'fj_restart_decay_obj':       60                 19    30'800         0              0          0             20      9'534'582
               'fj_restart_decay_perturb':      110                 20    84'764         0              0          0             15     16'278'114
           'fj_restart_decay_perturb_obj':       56                 20    54'255         0              0          0              3      6'788'838
                         'fj_restart_obj':       49                 22    22'232         0              0          0             22      7'479'491
                     'fj_restart_perturb':       15                 11    12'367         0              0          0              0      1'083'231
                 'fj_restart_perturb_obj':       16                 12    12'707         0              0          0              0      1'087'136

Objective bounds     Num
       'bool_core':   41
  'initial_domain':    1

Solution repositories     Added  Queried  Synchro
    'alternative_path':       0        0        0
      'best_solutions':       0        0        0
   'fj solution hints':     282        0      282
        'lp solutions':  27'260      927    1'149
                'pump':       0        0

Improving bounds shared      Num  Sym
                  'core':    233    0
            'default_lp':     16    0
       'fs_random_no_lp':  1'264    0
                'max_lp':    197    0
                 'no_lp':     76    0
         'quick_restart':    431    0
         'reduced_costs':    174    0

Clauses shared        #Exported  #Imported  #BinaryRead  #BinaryTotal
             'core':      1'254      1'468      661'145       661'146
       'default_lp':    101'234      1'370      660'894       661'146
  'fs_random_no_lp':    276'292      1'676      661'081       661'146
           'max_lp':         87      1'259      660'634       661'146
            'no_lp':    258'302      1'613      661'099       661'146
    'quick_restart':      3'873      2'388      661'146       661'146
    'reduced_costs':     22'696      2'416      661'145       661'146

LRAT_status: NA
CpSolverResponse summary:
status: UNKNOWN
objective: 297000
best_bound: 41
integers: 359850
booleans: 344573
conflicts: 2306
branches: 74609
propagations: 74193022
integer_propagations: 74581367
restarts: 1
lp_iterations: 565225
walltime: 300.59
usertime: 300.59
deterministic_time: 2146.4
gap_integral: 26929.7

