
Starting CP-SAT solver v9.15.6755
Parameters: random_seed: 20260923 max_time_in_seconds: 300 log_search_progress: true linearization_level: 2 num_search_workers: 8 cp_model_probing_level: 0 symmetry_level: 2 log_to_stdout: false

Initial satisfaction model '': (model_fingerprint: 0x31b3ebab9b29926c)
#Variables: 81'540 (59'782 primary variables)
  - 76'777 Booleans in [0,1]
  - 4'762 in [0,12]
  - 1 in [10,12]
#kBoolAnd: 29'366 (#enforced: 29'366) (#literals: 58'732)
#kBoolOr: 36'910 (#enforced: 36'910) (#literals: 170'418)
#kExactlyOne: 1 (#literals: 47)
#kLinear1: 293 (#enforced: 152)
#kLinear2: 64'393 (#enforced: 1'172)
#kLinear3: 4'282 (#enforced: 2'394)
#kLinearN: 77'170 (#enforced: 22'499) (#terms: 1'427'954)

Starting presolve at 0.12s
  5.84e-02s  0.00e+00d  [DetectDominanceRelations] 
  5.19e-01s  0.00e+00d  [PresolveToFixPoint] #num_loops=3 #num_dual_strengthening=2 
  4.73e-03s  0.00e+00d  [ExtractEncodingFromLinear] #potential_supersets=12'942 #potential_subsets=4 #exo_encodings=2 #literals=4 
  2.14e-02s  0.00e+00d  [DetectDuplicateColumns] 
  4.32e-03s  0.00e+00d  [DetectDuplicateConstraints] 
[Symmetry] Graph for symmetry has 335'089 nodes and 2'003'633 arcs.
[Symmetry] Symmetry computation done. time: 0.0783418 dtime: 0.237797
[SAT presolve] num removable Booleans: 0 / 71'617
[SAT presolve] num trivial clauses: 0
[SAT presolve] [0s] clauses:151'488 literals:482'400 vars:68'109 one_side_vars:54255 simple_definition:7'158 singleton_clauses:0
[SAT presolve] [0.00560022s] clauses:149'094 literals:465'542 vars:68'109 one_side_vars:61365 simple_definition:208 singleton_clauses:0
[SAT presolve] [0.00882174s] clauses:149'094 literals:465'542 vars:68'109 one_side_vars:61365 simple_definition:208 singleton_clauses:0
[MaxClique] Merged 90951 with 188251 literals) into 74701(167257 literals) at_most_ones.
  1.33e-01s  0.00e+00d  [ProcessAtMostOneAndLinear] #num_changes=299 
  4.93e-03s  0.00e+00d  [DetectDuplicateConstraints] 
  4.18e-03s  0.00e+00d  [DetectDuplicateConstraintsWithDifferentEnforcements] #without_enforcements=168 
  5.47e-01s  1.00e-01d  [DetectDominatedLinearConstraints] #relevant_constraints=52'884 #num_inclusions=45'218 
  4.46e-03s  0.00e+00d  [DetectDifferentVariables] 
  5.41e-02s  1.74e-02d  [ProcessSetPPC] #relevant_constraints=175'869 #num_inclusions=3 
  1.32e-02s  2.02e-03d  [TransformClausesToExactlyOne] #num_amos=74'698 #num_clauses=58'284 #num_checked=58'284 
  2.27e-02s  0.00e+00d  [DetectEncodedComplexDomains] 
  3.40e-03s  1.69e-04d  [FindAlmostIdenticalLinearConstraints] #num_tested_pairs=4'787 
  1.32e-01s  1.00e+00d *[FindBigAtMostOneAndLinearOverlap] 
  1.52e-01s  1.00e+00d *[FindBigVerticalLinearOverlap] #blocks=55 #saved_nz=180'779 
  1.37e-01s  1.00e+00d *[FindBigHorizontalLinearOverlap] #blocks=2 #saved_nz=321 #linears=42'834 
  1.18e-02s  1.42e-03d  [MergeClauses] #num_collisions=24'856 #num_merges=24'856 #num_saved_literals=98'568 
  4.98e-02s  0.00e+00d  [DetectDominanceRelations] 
  1.55e-01s  0.00e+00d  [PresolveToFixPoint] #num_loops=3 #num_dual_strengthening=1 
  4.94e-02s  0.00e+00d  [DetectDominanceRelations] 
  1.50e-01s  0.00e+00d  [PresolveToFixPoint] #num_loops=1 #num_dual_strengthening=1 
  1.63e-02s  0.00e+00d  [DetectDuplicateColumns] 
  3.40e-03s  0.00e+00d  [DetectDuplicateConstraints] 
[Symmetry] Graph for symmetry has 304'514 nodes and 1'678'689 arcs.
[Symmetry] Symmetry computation done. time: 0.0590529 dtime: 0.18805
[SAT presolve] num removable Booleans: 0 / 71'609
[SAT presolve] num trivial clauses: 0
[SAT presolve] [0s] clauses:126'233 literals:419'822 vars:60'209 one_side_vars:53503 simple_definition:208 singleton_clauses:0
[SAT presolve] [0.00416426s] clauses:126'233 literals:419'640 vars:60'209 one_side_vars:53685 simple_definition:26 singleton_clauses:0
[SAT presolve] [0.00710559s] clauses:126'233 literals:419'640 vars:60'209 one_side_vars:53685 simple_definition:26 singleton_clauses:0
[MaxClique] Merged 77648 with 173098 literals) into 69047(161539 literals) at_most_ones.
  6.47e-02s  0.00e+00d  [ProcessAtMostOneAndLinear] 
  5.84e-03s  0.00e+00d  [DetectDuplicateConstraints] 
  5.17e-03s  0.00e+00d  [DetectDuplicateConstraintsWithDifferentEnforcements] #without_enforcements=168 
  4.41e-01s  1.00e-01d  [DetectDominatedLinearConstraints] #relevant_constraints=52'929 #num_inclusions=29'466 
  4.85e-03s  0.00e+00d  [DetectDifferentVariables] 
  5.34e-02s  1.63e-02d  [ProcessSetPPC] #relevant_constraints=170'007 #num_inclusions=1 
  1.46e-02s  2.02e-03d  [TransformClausesToExactlyOne] #num_amos=69'046 #num_clauses=58'104 #num_checked=58'104 
  2.33e-02s  0.00e+00d  [DetectEncodedComplexDomains] 
  4.17e-03s  1.66e-04d  [FindAlmostIdenticalLinearConstraints] #num_tested_pairs=4'746 
  2.65e-01s  1.00e+00d *[FindBigAtMostOneAndLinearOverlap] 
  8.73e-02s  1.00e+00d *[FindBigVerticalLinearOverlap] #blocks=1 #saved_nz=43 
  1.38e-01s  1.00e+00d *[FindBigHorizontalLinearOverlap] #linears=42'828 
  1.30e-02s  1.42e-03d  [MergeClauses] #num_collisions=24'855 #num_merges=24'855 #num_saved_literals=98'566 
  5.14e-02s  0.00e+00d  [DetectDominanceRelations] 
  1.56e-01s  0.00e+00d  [PresolveToFixPoint] #num_loops=3 #num_dual_strengthening=1 
  5.13e-02s  0.00e+00d  [DetectDominanceRelations] 
  1.55e-01s  0.00e+00d  [PresolveToFixPoint] #num_loops=1 #num_dual_strengthening=1 
  1.75e-02s  0.00e+00d  [DetectDuplicateColumns] 
  4.12e-03s  0.00e+00d  [DetectDuplicateConstraints] 
[Symmetry] Graph for symmetry has 304'220 nodes and 1'661'409 arcs.
[Symmetry] Symmetry computation done. time: 0.0560975 dtime: 0.188361
[SAT presolve] num removable Booleans: 0 / 71'601
[SAT presolve] num trivial clauses: 0
[SAT presolve] [0s] clauses:112'260 literals:391'695 vars:59'893 one_side_vars:53363 simple_definition:32 singleton_clauses:0
[SAT presolve] [0.00386875s] clauses:112'260 literals:391'695 vars:59'893 one_side_vars:53363 simple_definition:32 singleton_clauses:0
[SAT presolve] [0.00673027s] clauses:112'260 literals:391'695 vars:59'893 one_side_vars:53363 simple_definition:32 singleton_clauses:0
[MaxClique] Merged 69130 with 161651 literals) into 69041(161473 literals) at_most_ones.
  6.50e-02s  0.00e+00d  [ProcessAtMostOneAndLinear] 
  5.84e-03s  0.00e+00d  [DetectDuplicateConstraints] 
  5.04e-03s  0.00e+00d  [DetectDuplicateConstraintsWithDifferentEnforcements] #without_enforcements=168 
  4.53e-01s  1.00e-01d  [DetectDominatedLinearConstraints] #relevant_constraints=52'922 #num_inclusions=29'461 
  5.39e-03s  0.00e+00d  [DetectDifferentVariables] 
  5.26e-02s  1.63e-02d  [ProcessSetPPC] #relevant_constraints=169'983 #num_inclusions=1 
  1.47e-02s  2.01e-03d  [TransformClausesToExactlyOne] #num_amos=69'040 #num_clauses=58'105 #num_checked=58'105 
  2.42e-02s  0.00e+00d  [DetectEncodedComplexDomains] 
  4.34e-03s  1.69e-04d  [FindAlmostIdenticalLinearConstraints] #num_tested_pairs=4'785 
  2.67e-01s  1.00e+00d *[FindBigAtMostOneAndLinearOverlap] 
  8.68e-02s  1.00e+00d *[FindBigVerticalLinearOverlap] 
  1.39e-01s  1.00e+00d *[FindBigHorizontalLinearOverlap] #linears=42'821 
  1.30e-02s  1.42e-03d  [MergeClauses] #num_collisions=24'854 #num_merges=24'854 #num_saved_literals=98'564 
  5.34e-02s  0.00e+00d  [DetectDominanceRelations] 
  1.59e-01s  0.00e+00d  [PresolveToFixPoint] #num_loops=3 #num_dual_strengthening=1 
  2.40e-03s  0.00e+00d  [MergeNoOverlap] 
  2.45e-03s  0.00e+00d  [MergeNoOverlap2D] 

Presolve summary:
  - 5024 affine relations were detected.
  - rule 'TODO domination: unexploited dominations' was applied 2 times.
  - rule 'TODO dual: only one blocking constraint?' was applied 3'616 times.
  - rule 'TODO dual: tighten at most one' was applied 286 times.
  - rule 'TODO linear2: convert ax + by != cte to clauses for large domains' was applied 1'008 times.
  - rule 'affine: new relation' was applied 5'024 times.
  - rule 'at_most_one: removed literals' was applied 9 times.
  - rule 'at_most_one: satisfied' was applied 8 times.
  - rule 'at_most_one: size one' was applied 6 times.
  - rule 'at_most_one: transformed into max clique' was applied 3 times.
  - rule 'bool_and: fixed literals' was applied 4 times.
  - rule 'bool_and: non-reified' was applied 1 time.
  - rule 'bool_and: x => x' was applied 3'648 times.
  - rule 'bool_or: always true' was applied 14 times.
  - rule 'bool_or: implications' was applied 61'715 times.
  - rule 'bool_or: removed enforcement literal' was applied 10'912 times.
  - rule 'deductions: 299 stored' was applied 1 time.
  - rule 'domination: added implications' was applied 7'600 times.
  - rule 'dual: enforced equivalence' was applied 3'648 times.
  - rule 'encoding: candidate linear is all boolean now' was applied 2 times.
  - rule 'encoding: extracted from linear' was applied 2 times.
  - rule 'encoding: reduced target domain' was applied 2 times.
  - rule 'enforcement: false literal' was applied 3 times.
  - rule 'enforcement: true literal' was applied 1 time.
  - rule 'exactly_one: removed literals' was applied 3 times.
  - rule 'linear + amo: empty after processing' was applied 2 times.
  - rule 'linear + amo: extracted enforcement literal' was applied 276 times.
  - rule 'linear + amo: fixed literal implied by enforcement' was applied 56 times.
  - rule 'linear matrix: common horizontal rectangle' was applied 2 times.
  - rule 'linear matrix: common vertical rectangle' was applied 56 times.
  - rule 'linear matrix: defining equation for common rectangle' was applied 1 time.
  - rule 'linear1: x in domain' was applied 276 times.
  - rule 'linear2: convert ax + by != cte to clauses' was applied 62'739 times.
  - rule 'linear2: convert implied ax + by == cte to clauses' was applied 148 times.
  - rule 'linear: always true' was applied 153 times.
  - rule 'linear: empty' was applied 6 times.
  - rule 'linear: extracted at most one (min)' was applied 2 times.
  - rule 'linear: fixed or dup variables' was applied 39 times.
  - rule 'linear: never in domain' was applied 2 times.
  - rule 'linear: positive at most one' was applied 139 times.
  - rule 'linear: positive clause' was applied 12'974 times.
  - rule 'linear: positive equal one' was applied 12'802 times.
  - rule 'linear: reduced variable domains' was applied 33 times.
  - rule 'linear: reduced variable domains in derived constraint' was applied 25 times.
  - rule 'linear: remapped using affine relations' was applied 4'962 times.
  - rule 'linear: simplify using approximate gcd' was applied 1 time.
  - rule 'linear: singleton column' was applied 1 time.
  - rule 'linear: small Boolean expression' was applied 2'394 times.
  - rule 'linear: variable substitution 2' was applied 5 times.
  - rule 'presolve: 300 unused variables removed.' was applied 1 time.
  - rule 'presolve: iteration' was applied 3 times.
  - rule 'setppc: bool_or in at_most_one' was applied 5 times.
  - rule 'setppc: fixed variables' was applied 3 times.
  - rule 'variables: detect half reified value encoding' was applied 252 times.

Presolved satisfaction model '': (model_fingerprint: 0xb12f95f51c912389)
#Variables: 76'267 (56'705 primary variables)
  - 71'593 Booleans in [0,1]
  - 39 in [0,2]
  - 8 in [0,3]
  - 2 in [0,4]
  - 2 in [0,5]
  - 6 in [0,6]
  - 3 in [0,7]
  - 6 in [0,8]
  - 2 in [0,9]
  - 5 in [0,10]
  - 2 in [0,11]
  - 4'595 in [0,12]
  - 1 in [0,39]
  - 1 in [10,12]
  - 1 in [160,3642]
  - 1 in [163,3645]
#kAtMostOne: 14'969 (#literals: 53'275)
#kBoolAnd: 3'996 (#enforced: 3'996) (#literals: 58'150)
#kBoolAndClauses: 24'846 (#enforced: 24'846 #multi: 24'846) (#literals: 148'237)
#kBoolOr: 8'407 (#literals: 36'589)
#kExactlyOne: 12'805 (#literals: 777'793)
#kLinear1: 252 (#enforced: 252)
#kLinear2: 1
#kLinear3: 4'706
#kLinearN: 48'210 (#enforced: 22'490) (#terms: 391'566)
[Symmetry] Graph for symmetry has 298'869 nodes and 1'661'288 arcs.
[Symmetry] Symmetry computation done. time: 0.0567602 dtime: 0.187984

Preloading model.
#Model   6.02s var:76267/76267 constraints:118192/118192

Starting search at 6.02s with 8 workers.
6 full problem subsolvers: [default_lp, max_lp, no_lp, probing, quick_restart, quick_restart_no_lp]
2 first solution subsolvers: [fj, fs_random_no_lp]
2 interleaved subsolvers: [feasibility_pump, rins/rens]
2 helper subsolvers: [neighborhood_helper, synchronization_agent]

#Model   8.37s var:76258/76267 constraints:118175/118192
#Model   8.54s var:76257/76267 constraints:118175/118192
#Model   8.71s var:76255/76267 constraints:118175/118192
#Model   8.87s var:76254/76267 constraints:118175/118192
#Model   9.04s var:76253/76267 constraints:118175/118192
#Model   9.20s var:76235/76267 constraints:118149/118192
#Model   9.37s var:76223/76267 constraints:118135/118192
#Model   9.53s var:76190/76267 constraints:118101/118192
#Model   9.70s var:76158/76267 constraints:118049/118192
#Model   9.86s var:76148/76267 constraints:118037/118192
#Model  10.02s var:76140/76267 constraints:118031/118192
#Model  10.18s var:76133/76267 constraints:118026/118192
#Model  10.34s var:76128/76267 constraints:118023/118192
#Model  10.37s var:76112/76267 constraints:117997/118192
#Model  10.46s var:76110/76267 constraints:117997/118192
#Model  10.58s var:76107/76267 constraints:117995/118192
#Model  10.67s var:76095/76267 constraints:117979/118192
#Model  10.82s var:76092/76267 constraints:117976/118192
#Model  10.89s var:76091/76267 constraints:117974/118192
#Model  10.97s var:76090/76267 constraints:117972/118192
#Model  11.08s var:76077/76267 constraints:117956/118192
#Model  11.16s var:76071/76267 constraints:117950/118192
#Model  11.24s var:76051/76267 constraints:117921/118192
#Model  11.32s var:76047/76267 constraints:117920/118192
#Model  11.41s var:76039/76267 constraints:117910/118192
#Model  11.52s var:76031/76267 constraints:117897/118192
#Model  11.59s var:76026/76267 constraints:117890/118192
#Model  11.66s var:76020/76267 constraints:117881/118192
#Model  11.74s var:76018/76267 constraints:117879/118192
#Model  11.81s var:76017/76267 constraints:117879/118192
#Model  11.90s var:76016/76267 constraints:117877/118192
#Model  11.99s var:76014/76267 constraints:117874/118192 [skipped_logs=0]
#Model  13.01s var:75953/76267 constraints:117794/118192 [skipped_logs=13]
#Model  13.96s var:75924/76267 constraints:117758/118192 [skipped_logs=7]
#Model  15.04s var:75885/76267 constraints:117717/118192 [skipped_logs=5]
#Model  16.02s var:75863/76267 constraints:117697/118192 [skipped_logs=5]
#Model  17.01s var:75790/76267 constraints:117587/118192 [skipped_logs=7]
#Model  17.78s var:75766/76267 constraints:117557/118192 [skipped_logs=7]
#Model  18.98s var:75737/76267 constraints:117512/118192 [skipped_logs=9]
#Model  19.97s var:75701/76267 constraints:117471/118192 [skipped_logs=12]
#Model  21.01s var:75667/76267 constraints:117432/118192 [skipped_logs=4]
#Model  21.98s var:75618/76267 constraints:117383/118192 [skipped_logs=5]
#Model  22.96s var:75584/76267 constraints:117339/118192 [skipped_logs=5]
#Model  23.92s var:75568/76267 constraints:117328/118192 [skipped_logs=3]
#Model  24.93s var:75552/76267 constraints:117309/118192 [skipped_logs=4]
#Model  25.90s var:75517/76267 constraints:117255/118192 [skipped_logs=5]
#Model  26.53s var:75509/76267 constraints:117240/118192 [skipped_logs=1]
#Model  27.99s var:75490/76267 constraints:117217/118192 [skipped_logs=5]
#Model  28.95s var:75470/76267 constraints:117189/118192 [skipped_logs=4]
#Model  29.97s var:75448/76267 constraints:117157/118192 [skipped_logs=6]
#Model  30.98s var:75436/76267 constraints:117146/118192 [skipped_logs=5]
#Model  32.00s var:75413/76267 constraints:117104/118192 [skipped_logs=6]
#Model  33.03s var:75392/76267 constraints:117080/118192 [skipped_logs=4]
#Model  33.95s var:75370/76267 constraints:117053/118192 [skipped_logs=5]
#Model  34.96s var:75351/76267 constraints:117024/118192 [skipped_logs=4]
#Model  35.77s var:75335/76267 constraints:116998/118192 [skipped_logs=4]
#Model  36.98s var:75324/76267 constraints:116978/118192 [skipped_logs=4]
#Model  37.57s var:75314/76267 constraints:116964/118192 [skipped_logs=2]
#Model  38.99s var:75287/76267 constraints:116931/118192 [skipped_logs=4]
#Model  39.82s var:75268/76267 constraints:116895/118192 [skipped_logs=4]
#Model  40.97s var:75256/76267 constraints:116884/118192 [skipped_logs=3]
#Model  41.91s var:75248/76267 constraints:116871/118192 [skipped_logs=3]
#Model  43.00s var:75230/76267 constraints:116845/118192 [skipped_logs=6]
#Model  44.03s var:75216/76267 constraints:116821/118192 [skipped_logs=5]
#Model  44.84s var:75211/76267 constraints:116816/118192 [skipped_logs=1]
#Model  45.90s var:75198/76267 constraints:116795/118192 [skipped_logs=6]
#Model  46.53s var:75191/76267 constraints:116775/118192 [skipped_logs=1]
#Model  47.85s var:75182/76267 constraints:116764/118192 [skipped_logs=4]
#Model  48.73s var:75180/76267 constraints:116764/118192 [skipped_logs=1]
#Model  49.96s var:75176/76267 constraints:116760/118192 [skipped_logs=1]
#Model  50.66s var:75173/76267 constraints:116756/118192 [skipped_logs=2]
#Model  52.14s var:75171/76267 constraints:116752/118192
#Model  52.63s var:75165/76267 constraints:116745/118192 [skipped_logs=2]
#Model  53.97s var:75162/76267 constraints:116742/118192 [skipped_logs=1]
#Model  54.98s var:75156/76267 constraints:116738/118192 [skipped_logs=2]
#Model  55.90s var:75146/76267 constraints:116728/118192 [skipped_logs=4]
#Model  56.99s var:75139/76267 constraints:116722/118192 [skipped_logs=2]
#Model  57.95s var:75132/76267 constraints:116716/118192 [skipped_logs=3]
#Model  58.98s var:75125/76267 constraints:116711/118192 [skipped_logs=4]
#Model  59.91s var:75123/76267 constraints:116710/118192 [skipped_logs=1]
#Model  60.99s var:75117/76267 constraints:116700/118192 [skipped_logs=3]
#Model  61.63s var:75111/76267 constraints:116693/118192 [skipped_logs=4]
#Model  62.77s var:75109/76267 constraints:116692/118192 [skipped_logs=1]
#Model  63.81s var:75107/76267 constraints:116688/118192 [skipped_logs=1]
#Model  64.92s var:75098/76267 constraints:116672/118192 [skipped_logs=3]
#Model  65.94s var:75094/76267 constraints:116665/118192 [skipped_logs=2]
#Model  66.19s var:75093/76267 constraints:116663/118192 [skipped_logs=0]
#Model  67.14s var:75090/76267 constraints:116661/118192 [skipped_logs=1]
#Model  69.02s var:75084/76267 constraints:116653/118192 [skipped_logs=2]
#Model  69.53s var:75083/76267 constraints:116652/118192 [skipped_logs=0]
#Model  71.05s var:75079/76267 constraints:116645/118192 [skipped_logs=2]
#Model  73.12s var:75078/76267 constraints:116644/118192
#Model  73.28s var:75077/76267 constraints:116643/118192
#Model  73.95s var:75076/76267 constraints:116641/118192 [skipped_logs=0]
#Model  75.42s var:75072/76267 constraints:116635/118192
#Model  75.98s var:75071/76267 constraints:116634/118192 [skipped_logs=0]
#Model  77.01s var:75066/76267 constraints:116623/118192 [skipped_logs=1]
#Model  77.28s var:75065/76267 constraints:116623/118192 [skipped_logs=0]
#Model  78.65s var:75064/76267 constraints:116622/118192 [skipped_logs=0]
#Model  80.32s var:75063/76267 constraints:116620/118192
#Model  81.17s var:75062/76267 constraints:116618/118192
#Model  81.72s var:75057/76267 constraints:116611/118192 [skipped_logs=1]
#Model  82.40s var:75055/76267 constraints:116609/118192 [skipped_logs=1]
#Model  83.96s var:75051/76267 constraints:116601/118192 [skipped_logs=2]
#Model  84.49s var:75048/76267 constraints:116596/118192 [skipped_logs=1]
#Model  86.33s var:75046/76267 constraints:116593/118192
#Model  86.59s var:75044/76267 constraints:116589/118192 [skipped_logs=0]
#Model  87.78s var:75041/76267 constraints:116585/118192 [skipped_logs=2]
#Model  88.77s var:75037/76267 constraints:116576/118192 [skipped_logs=0]
#Model  90.06s var:75035/76267 constraints:116572/118192
#Model  90.59s var:75031/76267 constraints:116568/118192 [skipped_logs=1]
#Model  92.15s var:75030/76267 constraints:116566/118192
#Model  92.78s var:75027/76267 constraints:116560/118192 [skipped_logs=1]
#Model  94.45s var:75026/76267 constraints:116559/118192
#Model  95.23s var:75025/76267 constraints:116558/118192
#Model  95.99s var:75024/76267 constraints:116556/118192 [skipped_logs=0]
#Model  96.16s var:75023/76267 constraints:116554/118192 [skipped_logs=0]
#Model  97.89s var:75021/76267 constraints:116550/118192 [skipped_logs=1]
#Model  99.26s var:75020/76267 constraints:116548/118192
#Model  99.53s var:75019/76267 constraints:116546/118192 [skipped_logs=0]
#Model 100.86s var:75017/76267 constraints:116544/118192 [skipped_logs=1]
#Model 101.89s var:75015/76267 constraints:116542/118192 [skipped_logs=1]
#Model 103.03s var:75013/76267 constraints:116538/118192 [skipped_logs=1]
#Model 103.50s var:75012/76267 constraints:116536/118192 [skipped_logs=0]
#Model 104.89s var:75011/76267 constraints:116535/118192 [skipped_logs=0]
#Model 105.96s var:75005/76267 constraints:116527/118192 [skipped_logs=1]
#Model 108.00s var:75004/76267 constraints:116526/118192
#Model 108.96s var:75003/76267 constraints:116525/118192
#Model 109.69s var:75002/76267 constraints:116523/118192
#Model 110.31s var:75001/76267 constraints:116521/118192
#Model 111.01s var:74999/76267 constraints:116519/118192 [skipped_logs=1]
#Model 115.31s var:74998/76267 constraints:116517/118192
#Model 116.18s var:74997/76267 constraints:116515/118192
#Model 117.55s var:74996/76267 constraints:116513/118192
#Model 118.32s var:74995/76267 constraints:116511/118192
#Model 119.08s var:74994/76267 constraints:116509/118192
#Model 120.96s var:74993/76267 constraints:116507/118192
#Model 121.42s var:74992/76267 constraints:116507/118192
#Model 122.69s var:74991/76267 constraints:116507/118192
#Model 125.26s var:74990/76267 constraints:116504/118192
#Model 126.33s var:74989/76267 constraints:116503/118192
#Model 127.70s var:74988/76267 constraints:116501/118192
#Model 131.26s var:74987/76267 constraints:116499/118192
#Model 131.41s var:74986/76267 constraints:116497/118192
#Model 131.77s var:74985/76267 constraints:116495/118192
#Model 133.86s var:74984/76267 constraints:116495/118192
#Model 135.89s var:74983/76267 constraints:116493/118192
#Model 136.67s var:74982/76267 constraints:116493/118192
#Model 136.91s var:74981/76267 constraints:116492/118192
#Model 138.75s var:74980/76267 constraints:116491/118192
#Model 138.92s var:74979/76267 constraints:116489/118192
#Model 139.16s var:74978/76267 constraints:116487/118192
#Model 139.33s var:74977/76267 constraints:116486/118192
#Model 139.97s var:74975/76267 constraints:116482/118192
#Model 143.00s var:74974/76267 constraints:116480/118192
#Model 145.77s var:74973/76267 constraints:116478/118192
#Model 146.43s var:74972/76267 constraints:116476/118192
#Model 147.20s var:74971/76267 constraints:116475/118192
#Model 148.66s var:74970/76267 constraints:116474/118192
#Model 148.93s var:74969/76267 constraints:116473/118192
#Model 157.10s var:74964/76267 constraints:116466/118192
#Model 157.27s var:74963/76267 constraints:116464/118192
#Model 158.51s var:74962/76267 constraints:116462/118192
#Model 158.57s var:74961/76267 constraints:116460/118192
#Model 158.71s var:74960/76267 constraints:116458/118192
#Model 160.85s var:74959/76267 constraints:116456/118192
#Model 161.82s var:74958/76267 constraints:116454/118192
#Model 165.48s var:74957/76267 constraints:116452/118192
#Model 167.46s var:74956/76267 constraints:116450/118192
#Model 168.52s var:74955/76267 constraints:116448/118192
#Model 172.68s var:74952/76267 constraints:116444/118192
#Model 176.56s var:74951/76267 constraints:116442/118192
#Model 180.53s var:74950/76267 constraints:116440/118192
#Model 184.50s var:74949/76267 constraints:116439/118192
#Model 186.36s var:74948/76267 constraints:116438/118192
#Model 192.03s var:74947/76267 constraints:116436/118192
#Model 194.23s var:74946/76267 constraints:116435/118192
#Model 194.93s var:74945/76267 constraints:116433/118192
#Model 194.98s var:74944/76267 constraints:116431/118192
#Model 202.20s var:74943/76267 constraints:116428/118192
#Model 203.86s var:74942/76267 constraints:116427/118192
#Model 206.23s var:74941/76267 constraints:116426/118192
#Model 211.89s var:74940/76267 constraints:116424/118192
#Model 213.36s var:74939/76267 constraints:116422/118192
#Model 214.74s var:74938/76267 constraints:116420/118192
#Model 215.50s var:74937/76267 constraints:116418/118192
#Model 219.56s var:74934/76267 constraints:116413/118192
#Model 222.42s var:74931/76267 constraints:116409/118192
#Model 232.03s var:74928/76267 constraints:116404/118192
#Model 238.41s var:74927/76267 constraints:116402/118192
#Model 242.37s var:74924/76267 constraints:116397/118192
#Model 245.89s var:74919/76267 constraints:116386/118192
#Model 247.89s var:74918/76267 constraints:116384/118192
#Model 257.25s var:74917/76267 constraints:116383/118192
#Model 260.02s var:74914/76267 constraints:116379/118192
#Model 273.66s var:74913/76267 constraints:116377/118192
#Model 291.15s var:74908/76267 constraints:116368/118192
#Model 292.62s var:74905/76267 constraints:116364/118192
#Model 296.38s var:74904/76267 constraints:116362/118192

Task timing                      n [     min,      max]      avg      dev     time         n [     min,      max]      avg      dev    dtime
           'default_lp':         1 [   4.90m,    4.90m]    4.90m   0.00ns    4.90m         2 [299.51ms,    6.98m]    3.49m    3.49m    6.98m
     'feasibility_pump':        17 [336.02ms,   18.86s]   10.61s    6.70s    3.01m        16 [339.75ms,   38.24s]   21.88s   12.40s    5.83m
                   'fj':      1692 [ 30.95ms, 167.61ms]  48.04ms   8.41ms    1.35m      1692 [ 39.49ms, 124.47ms] 108.94ms   8.53ms    3.07m
      'fs_random_no_lp':         1 [   4.90m,    4.90m]    4.90m   0.00ns    4.90m         2 [153.70us,    8.85m]    4.42m    4.42m    8.85m
               'max_lp':         1 [   4.88m,    4.88m]    4.88m   0.00ns    4.88m         2 [   2.73s,   11.70m]    5.87m    5.83m   11.74m
                'no_lp':         1 [   4.90m,    4.90m]    4.90m   0.00ns    4.90m         2 [153.70us,    8.97m]    4.49m    4.49m    8.97m
              'probing':         1 [   4.90m,    4.90m]    4.90m   0.00ns    4.90m         2 [   1.05s,    3.52m]    1.77m    1.75m    3.54m
        'quick_restart':         1 [   4.90m,    4.90m]    4.90m   0.00ns    4.90m         2 [930.54ms,    3.86m]    1.94m    1.92m    3.87m
  'quick_restart_no_lp':         1 [   4.90m,    4.90m]    4.90m   0.00ns    4.90m         2 [153.70us,    5.26m]    2.63m    2.63m    5.26m
            'rins/rens':      1760 [  5.13ms, 138.22ms]  13.22ms   6.12ms   23.26s         0 [  0.00ns,   0.00ns]   0.00ns   0.00ns   0.00ns

Search stats               Bools  Conflicts    Branches  Restarts  BacktrackToRoot  Backtrack     BoolPropag  IntegerPropag
           'default_lp':  71'677        344      74'327         2            4'982     10'221     30'526'546     23'632'863
      'fs_random_no_lp':  71'694    427'978     905'525        25           17'752    457'248  2'094'412'356  1'659'292'619
               'max_lp':  71'677          0       1'886         0              606      1'527     10'741'717     10'811'288
                'no_lp':  71'677    397'190     895'544         4            6'572    406'705  2'155'327'642  1'673'377'911
              'probing':  76'835         31      10'555         0           10'505     10'506        287'893        529'254
        'quick_restart':  71'679      1'924     249'354        50           15'479     26'582    105'843'190    104'524'032
  'quick_restart_no_lp':  72'428    198'043  32'545'357    18'181           57'024    266'901    849'927'372    924'336'545

SAT formula               Fixed  Equiv   Total  VarLeft  BinaryClauses  PermanentClauses  TemporaryClauses
           'default_lp':  1'293    842  71'677   69'542      6'131'548            72'573               225
      'fs_random_no_lp':  1'354    858  71'694   69'482      6'373'274            78'686            10'251
               'max_lp':     12    119  71'677   71'546      6'680'830            70'667                 0
                'no_lp':  1'297    843  71'677   69'537      6'130'962            73'442            13'468
              'probing':  1'394      0  76'835   75'441      8'229'634            83'173                 0
        'quick_restart':  1'363    854  71'679   69'462      6'371'842            74'012               292
  'quick_restart_no_lp':  1'363    858  72'428   70'207      6'387'994            99'624            13'534

SAT stats                 ClassicMinim  LitRemoved  LitRemovedBinary   LitLearned  LitForgotten  Subsumed
           'default_lp':           234         767             3'044       32'773             0        50
      'fs_random_no_lp':       393'558   2'569'271         7'317'801   23'090'744    19'794'695    34'589
               'max_lp':             0           0                 0            0             0         0
                'no_lp':       319'692   2'349'259         3'248'972  300'796'155   173'501'126    50'980
              'probing':             0           0                 0           31             0         0
        'quick_restart':           784       2'046            13'850      440'482             0       922
  'quick_restart_no_lp':       103'459     701'166         1'619'476   38'242'296    16'689'895    13'514

Vivification              Clauses  Decisions  LitTrue  Subsumed  LitRemoved  DecisionReused  Conflicts
           'default_lp':    4'054     17'277        1     1'523      10'400             150         22
      'fs_random_no_lp':   13'590     72'343        1     4'348      38'568           1'098        224
               'max_lp':      349        642        0        28          84              56          0
                'no_lp':    5'116     28'066        2     1'928      16'593             603         62
              'probing':       53        102        0        18          56               1          0
        'quick_restart':   12'854     53'852        1     4'836      30'104             671        227
  'quick_restart_no_lp':   38'186    167'425        4     6'129      57'560           6'101        692

Clause deletion           at_true  l_and_not(l)  to_binary  sub_conflict  sub_extra  sub_decisions  sub_eager  sub_vivify  sub_probing  sub_inpro  blocked  eliminated  forgotten  promoted  conflicts
           'default_lp':    1'041             7        240            49          0              1          1       1'523           37      1'991        0           0          0       446        344
      'fs_random_no_lp':    1'127             2        304        32'583      1'671             29      2'006       4'348           42      3'747        0           0    373'640   965'068    427'978
               'max_lp':        8             0          9             0          0              0          0          28            1        107        0           0          0         0          0
                'no_lp':    1'043             1        251        48'624      1'786             91      2'356       1'928           35      1'941        0           0    328'906   914'575    397'190
              'probing':        0             0          0             0          0              0          0          18            0          0        0           0          0         0         31
        'quick_restart':    1'136            31        277           914          2             49          8       4'836           41      2'102        0           0          0       744      1'924
  'quick_restart_no_lp':    1'136             2        364        11'885        792            123      1'629       6'129           93      2'751        0           0    108'702   465'516    198'043

Lp stats            Component  Iterations  AddedCuts  OPTIMAL  DUAL_F.  DUAL_U.
     'default_lp':          1     441'830         94      143      818        5
         'max_lp':          1      38'701          0        0       38        0
        'probing':          1     133'108      2'962       77    6'252        0
  'quick_restart':          1     149'176      4'246       97   10'170       33

Lp dimension                 Final dimension of first component
     'default_lp':      5459 rows, 72372 columns, 87933 entries
         'max_lp':  198621 rows, 76267 columns, 1710199 entries
        'probing':     3538 rows, 76267 columns, 183460 entries
  'quick_restart':     3748 rows, 76267 columns, 183208 entries

Lp debug            CutPropag  CutEqPropag  Adjust  Overflow      Bad  BadScaling
     'default_lp':          0            0       5         0        0           0
         'max_lp':          0            0       0         0        0           0
        'probing':          7            7       0         0  146'453           0
  'quick_restart':          0            0      32         0  173'044           0

Lp pool             Constraints  Updates  Simplif  Merged  Shortened  Split  Strengthened     Cuts/Call
     'default_lp':       51'726        0    3'532       0      2'845      0             0        94/177
         'max_lp':      198'621        0        0       0          0      0             0           0/0
        'probing':      201'614      136   36'109       0     14'318      2           872   2'962/8'207
  'quick_restart':      202'867      132   60'070       0     16'436      0           753  4'246/11'232

Lp Cut           default_lp  probing  quick_restart
         CG_FF:           -      287            451
          CG_K:           -       65            120
         CG_KL:           -       57            110
          CG_R:           -      142            206
        CG_RBP:           -        -              3
        Clique:           -      365            494
            IB:          94      159            173
      MIR_1_FF:           -        1              6
       MIR_1_R:           -        7             13
     MIR_1_RLT:           -       10             27
      MIR_2_FF:           -        2             14
       MIR_2_K:           -        -              3
      MIR_2_KL:           -        2              -
       MIR_2_R:           -       22             20
      MIR_3_FF:           -      770          1'077
       MIR_3_K:           -        1              1
      MIR_3_KL:           -        7             10
       MIR_3_R:           -       22             26
      MIR_4_FF:           -      148            217
       MIR_4_K:           -        1              1
      MIR_4_KL:           -       60            101
       MIR_4_R:           -       36             31
      MIR_5_FF:           -      177            213
      MIR_5_KL:           -        8             13
       MIR_5_R:           -       32             31
      MIR_6_FF:           -       49             72
       MIR_6_K:           -        -              1
      MIR_6_KL:           -       24             32
       MIR_6_R:           -       13             24
  ZERO_HALF_FF:           -      299            495
   ZERO_HALF_K:           -       11             20
  ZERO_HALF_KL:           -       52             51
   ZERO_HALF_R:           -      133            190

LNS stats       Improv/Calls  Closed  Difficulty  TimeLimit
  'rins/rens':           0/0      0%    5.00e-01       0.10

LS stats                                    Batches  Restarts/Perturbs  LinMoves  GenMoves  CompoundMoves  Bactracks  WeightUpdates  ScoreComputed
                             'fj_restart':      121                 35   131'203         0              0          0            433      6'225'173
                    'fj_restart_compound':       83                 37         0    58'988         48'471      4'978              0      7'458'200
                'fj_restart_compound_obj':       57                 23         0    40'569         33'868      3'186              0      5'422'331
            'fj_restart_compound_perturb':       71                 26         0    75'665         66'509      4'432              0      7'725'753
        'fj_restart_compound_perturb_obj':      114                 26         0    93'327         67'093     13'012              1     11'966'543
                       'fj_restart_decay':      100                 30   105'944         0              0          0            191      4'713'572
              'fj_restart_decay_compound':       97                 39         0    68'323         55'924      5'857              0      9'014'334
          'fj_restart_decay_compound_obj':      194                 36         0   107'541         61'419     22'636              2     19'594'864
      'fj_restart_decay_compound_perturb':      141                 38         0   124'895         97'398     13'577              1     15'003'068
  'fj_restart_decay_compound_perturb_obj':       87                 24         0    79'497         62'588      8'362              1      9'498'945
                   'fj_restart_decay_obj':      151                 27   171'210         0              0          0            272      7'293'384
               'fj_restart_decay_perturb':       49                 23    59'134         0              0          0             64      2'337'282
           'fj_restart_decay_perturb_obj':       99                 28   114'229         0              0          0            147      4'693'565
                         'fj_restart_obj':      130                 32   141'880         0              0          0            501      6'741'532
                     'fj_restart_perturb':       53                 22    62'156         0              0          0            114      2'596'533
                 'fj_restart_perturb_obj':      145                 34   164'995         0              0          0            475      7'417'106

Solution repositories    Added  Queried  Synchro
    'alternative_path':      0        0        0
      'best_solutions':      0        0        0
   'fj solution hints':    472        0      472
        'lp solutions':  1'835    1'760      646
                'pump':      0        0

Improving bounds shared      Num  Sym
            'default_lp':      1    0
       'fs_random_no_lp':    110    0
                'max_lp':      2    0
                 'no_lp':     40    0
               'probing':    342    0
         'quick_restart':     30    0
   'quick_restart_no_lp':  1'374    0

Clauses shared            #Exported  #Imported  #BinaryRead  #BinaryTotal
           'default_lp':  1'047'556      6'673    3'763'013     3'962'084
      'fs_random_no_lp':    232'446     10'346    3'960'078     3'962'084
               'max_lp':        722          0    3'542'832     3'962'084
                'no_lp':    280'606      6'214    3'779'982     3'962'084
              'probing':          2     12'294    3'962'082     3'962'084
        'quick_restart':    153'435     11'579    3'961'509     3'962'084
  'quick_restart_no_lp':  2'260'007      3'345    3'962'082     3'962'084

LRAT_status: NA
CpSolverResponse summary:
status: UNKNOWN
objective: NA
best_bound: NA
integers: 72611
booleans: 71677
conflicts: 344
branches: 74327
propagations: 30526546
integer_propagations: 23632863
restarts: 2
lp_iterations: 441830
walltime: 300.293
usertime: 300.293
deterministic_time: 3496.9
gap_integral: 0

