
Starting CP-SAT solver v9.15.6755
Parameters: random_seed: 20260923 max_time_in_seconds: 184.88529775142669 log_search_progress: true linearization_level: 2 stop_after_first_solution: true num_search_workers: 8 cp_model_probing_level: 0 symmetry_level: 2 log_to_stdout: false

Initial optimization model '': (model_fingerprint: 0x925df9c6996ad793)
#Variables: 360'991 (#ints: 14'826 in objective) (307'285 primary variables)
  - 209'849 Booleans in [0,1]
  - 11'552 in [0,4]
  - 4'762 in [0,12]
  - 86'259 in [0,20]
  - 12'732 in [0,40]
  - 24'284 in [0,60]
  - 11'552 in [0,80]
  - 1 in [10,12]
#kBoolAnd: 28'586 (#enforced: 28'586) (#literals: 57'172)
#kBoolOr: 35'889 (#enforced: 35'889) (#literals: 165'369)
#kExactlyOne: 1 (#literals: 47)
#kLinear1: 72'171 (#enforced: 357)
#kLinear2: 265'714 (#enforced: 1'813)
#kLinear3: 69'787 (#enforced: 66'423)
#kLinearN: 336'636 (#enforced: 213'486) (#terms: 4'113'184)

Starting presolve at 0.32s
  1.62e-01s  0.00e+00d  [DetectDominanceRelations] 
  1.91e+00s  0.00e+00d  [PresolveToFixPoint] #num_loops=3 #num_dual_strengthening=2 
  1.15e-02s  0.00e+00d  [ExtractEncodingFromLinear] #potential_supersets=39'260 #potential_subsets=3 #exo_encodings=2 #literals=4 
  4.99e-02s  0.00e+00d  [DetectDuplicateColumns] 
  1.93e-02s  0.00e+00d  [DetectDuplicateConstraints] #duplicates=1'494 
[Symmetry] Graph for symmetry has 1'467'425 nodes and 5'885'148 arcs.
[Symmetry] Graph too large. Skipping. You can use symmetry_level:3 or more to force it.
[SAT presolve] num removable Booleans: 0 / 213'320
[SAT presolve] num trivial clauses: 0
[SAT presolve] [0s] clauses:183'035 literals:578'371 vars:126'584 one_side_vars:119612 simple_definition:6'659 singleton_clauses:0
[SAT presolve] [0.00788543s] clauses:180'763 literals:562'351 vars:126'584 one_side_vars:126226 simple_definition:270 singleton_clauses:0
[SAT presolve] [0.0164394s] clauses:180'763 literals:562'351 vars:126'584 one_side_vars:126226 simple_definition:270 singleton_clauses:0
[MaxClique] Merged 123426 with 253201 literals) into 106714(231591 literals) at_most_ones.
  1.96e-01s  0.00e+00d  [ProcessAtMostOneAndLinear] #num_changes=252 
  2.02e-02s  0.00e+00d  [DetectDuplicateConstraints] 
  4.25e-02s  0.00e+00d  [DetectDuplicateConstraintsWithDifferentEnforcements] #without_enforcements=101'663 
  6.08e-01s  1.00e-01d  [DetectDominatedLinearConstraints] #relevant_constraints=315'081 #num_inclusions=1'585'739 
  3.30e-02s  0.00e+00d  [DetectDifferentVariables] 
  8.24e-02s  1.28e-02d  [ProcessSetPPC] #relevant_constraints=258'162 #num_inclusions=35 
  3.35e-02s  2.42e-03d  [TransformClausesToExactlyOne] #num_amos=118'328 #num_clauses=57'478 #num_checked=57'478 
  3.79e-01s  0.00e+00d  [DetectEncodedComplexDomains] 
  1.02e-02s  2.42e-04d  [FindAlmostIdenticalLinearConstraints] #num_tested_pairs=5'532 
  1.36e-01s  1.00e+00d *[FindBigAtMostOneAndLinearOverlap] 
  1.49e-01s  1.00e+00d *[FindBigVerticalLinearOverlap] #blocks=51 #saved_nz=184'685 
  1.47e-01s  1.00e+00d *[FindBigHorizontalLinearOverlap] #blocks=2 #saved_nz=380 #linears=176'334 
  1.61e-02s  1.58e-03d  [MergeClauses] #num_collisions=18'251 #num_merges=18'251 #num_saved_literals=77'930 
  1.54e-01s  0.00e+00d  [DetectDominanceRelations] 
  7.60e-01s  0.00e+00d  [PresolveToFixPoint] #num_loops=3 #num_dual_strengthening=1 
  1.54e-01s  0.00e+00d  [DetectDominanceRelations] 
  7.21e-01s  0.00e+00d  [PresolveToFixPoint] #num_loops=1 #num_dual_strengthening=1 
  4.71e-02s  0.00e+00d  [DetectDuplicateColumns] 
  1.86e-02s  0.00e+00d  [DetectDuplicateConstraints] 
[Symmetry] Graph for symmetry has 1'466'755 nodes and 5'622'910 arcs.
[Symmetry] Graph too large. Skipping. You can use symmetry_level:3 or more to force it.
[SAT presolve] num removable Booleans: 0 / 213'312
[SAT presolve] num trivial clauses: 0
[SAT presolve] [0s] clauses:168'552 literals:537'932 vars:141'967 one_side_vars:141631 simple_definition:276 singleton_clauses:0
[SAT presolve] [0.0067623s] clauses:168'552 literals:537'750 vars:141'967 one_side_vars:141813 simple_definition:94 singleton_clauses:0
[SAT presolve] [0.0149511s] clauses:168'552 literals:537'750 vars:141'967 one_side_vars:141813 simple_definition:94 singleton_clauses:0
[MaxClique] Merged 121080 with 260270 literals) into 113043(249461 literals) at_most_ones.
  1.56e-01s  0.00e+00d  [ProcessAtMostOneAndLinear] 
  2.06e-02s  0.00e+00d  [DetectDuplicateConstraints] 
  4.34e-02s  0.00e+00d  [DetectDuplicateConstraintsWithDifferentEnforcements] #without_enforcements=101'657 
  5.52e-01s  1.00e-01d  [DetectDominatedLinearConstraints] #relevant_constraints=315'117 #num_inclusions=1'576'511 
  3.34e-02s  0.00e+00d  [DetectDifferentVariables] 
  8.38e-02s  1.17e-02d  [ProcessSetPPC] #relevant_constraints=264'264 #num_inclusions=11'589 
  3.55e-02s  2.42e-03d  [TransformClausesToExactlyOne] #num_amos=113'103 #num_clauses=57'299 #num_checked=57'299 
  3.61e-01s  0.00e+00d  [DetectEncodedComplexDomains] 
  1.11e-02s  2.50e-04d  [FindAlmostIdenticalLinearConstraints] #num_tested_pairs=5'576 
  2.57e-01s  1.00e+00d *[FindBigAtMostOneAndLinearOverlap] 
  9.17e-02s  1.00e+00d *[FindBigVerticalLinearOverlap] 
  1.49e-01s  1.00e+00d *[FindBigHorizontalLinearOverlap] #linears=176'322 
  1.85e-02s  1.58e-03d  [MergeClauses] #num_collisions=18'250 #num_merges=18'250 #num_saved_literals=77'928 
  1.58e-01s  0.00e+00d  [DetectDominanceRelations] 
  7.28e-01s  0.00e+00d  [PresolveToFixPoint] #num_loops=3 #num_dual_strengthening=1 
  1.57e-01s  0.00e+00d  [DetectDominanceRelations] 
  7.26e-01s  0.00e+00d  [PresolveToFixPoint] #num_loops=1 #num_dual_strengthening=1 
  4.69e-02s  0.00e+00d  [DetectDuplicateColumns] 
  1.90e-02s  0.00e+00d  [DetectDuplicateConstraints] #duplicates=13 
[Symmetry] Graph for symmetry has 1'466'451 nodes and 5'606'834 arcs.
[Symmetry] Graph too large. Skipping. You can use symmetry_level:3 or more to force it.
[SAT presolve] num removable Booleans: 0 / 213'304
[SAT presolve] num trivial clauses: 0
[SAT presolve] [0s] clauses:155'569 literals:511'785 vars:141'651 one_side_vars:141491 simple_definition:100 singleton_clauses:0
[SAT presolve] [0.00577488s] clauses:155'569 literals:511'785 vars:141'651 one_side_vars:141491 simple_definition:100 singleton_clauses:0
[SAT presolve] [0.0144111s] clauses:155'569 literals:511'785 vars:141'651 one_side_vars:141491 simple_definition:100 singleton_clauses:0
[MaxClique] Merged 113174 with 249669 literals) into 113037(249395 literals) at_most_ones.
  1.59e-01s  0.00e+00d  [ProcessAtMostOneAndLinear] 
  2.07e-02s  0.00e+00d  [DetectDuplicateConstraints] 
  4.44e-02s  0.00e+00d  [DetectDuplicateConstraintsWithDifferentEnforcements] #without_enforcements=101'651 
  5.65e-01s  1.00e-01d  [DetectDominatedLinearConstraints] #relevant_constraints=315'105 #num_inclusions=1'576'505 
  3.44e-02s  0.00e+00d  [DetectDifferentVariables] 
  8.50e-02s  1.17e-02d  [ProcessSetPPC] #relevant_constraints=264'252 #num_inclusions=11'589 
  3.59e-02s  2.42e-03d  [TransformClausesToExactlyOne] #num_amos=113'097 #num_clauses=57'300 #num_checked=57'300 
  3.76e-01s  0.00e+00d  [DetectEncodedComplexDomains] 
  1.18e-02s  2.43e-04d  [FindAlmostIdenticalLinearConstraints] #num_tested_pairs=5'524 
  2.55e-01s  1.00e+00d *[FindBigAtMostOneAndLinearOverlap] 
  9.26e-02s  1.00e+00d *[FindBigVerticalLinearOverlap] 
  1.50e-01s  1.00e+00d *[FindBigHorizontalLinearOverlap] #linears=176'309 
  1.98e-02s  1.58e-03d  [MergeClauses] #num_collisions=18'249 #num_merges=18'249 #num_saved_literals=77'926 
  1.62e-01s  0.00e+00d  [DetectDominanceRelations] 
  7.43e-01s  0.00e+00d  [PresolveToFixPoint] #num_loops=3 #num_dual_strengthening=1 
  6.27e-03s  0.00e+00d  [MergeNoOverlap] 
  6.65e-03s  0.00e+00d  [MergeNoOverlap2D] 
  3.26e-01s  0.00e+00d  [ExpandObjective] #entries=100'000'104 #tight_variables=650'650 #tight_constraints=38'328 

Presolve summary:
  - 15418 affine relations were detected.
  - rule 'TODO domination: unexploited dominations' was applied 2 times.
  - rule 'TODO dual: only one blocking constraint?' was applied 3'602 times.
  - rule 'TODO dual: tighten at most one' was applied 278 times.
  - rule 'TODO linear2: convert ax + by != cte to clauses for large domains' was applied 1'008 times.
  - rule 'TODO linear2: convert implied ax + by == cte to clauses for large domains' was applied 462 times.
  - rule 'affine: new relation' was applied 15'418 times.
  - rule 'at_most_one: removed literals' was applied 9 times.
  - rule 'at_most_one: satisfied' was applied 8 times.
  - rule 'at_most_one: size one' was applied 6 times.
  - rule 'at_most_one: transformed into max clique' was applied 3 times.
  - rule 'bool_and: fixed literals' was applied 4 times.
  - rule 'bool_and: non-reified' was applied 1 time.
  - rule 'bool_and: x => x' was applied 3'648 times.
  - rule 'bool_or: always true' was applied 14 times.
  - rule 'bool_or: implications' was applied 87'652 times.
  - rule 'bool_or: only one literal' was applied 19 times.
  - rule 'bool_or: removed enforcement literal' was applied 10'664 times.
  - rule 'deductions: 311920 stored' was applied 1 time.
  - rule 'domination: added implications' was applied 7'556 times.
  - rule 'dual: enforced equivalence' was applied 3'648 times.
  - rule 'duplicate: removed constraint' was applied 1'507 times.
  - rule 'encoding: candidate linear is all boolean now' was applied 2 times.
  - rule 'encoding: extracted from linear' was applied 2 times.
  - rule 'encoding: reduced target domain' was applied 2 times.
  - rule 'enforcement: false literal' was applied 25 times.
  - rule 'enforcement: true literal' was applied 19 times.
  - rule 'exactly_one: removed literals' was applied 3 times.
  - rule 'incompatible linear: add implication' was applied 34'851 times.
  - rule 'linear + amo: empty after processing' was applied 2 times.
  - rule 'linear + amo: extracted enforcement literal' was applied 278 times.
  - rule 'linear + amo: fixed literal implied by enforcement' was applied 10 times.
  - rule 'linear matrix: common horizontal rectangle' was applied 2 times.
  - rule 'linear matrix: common vertical rectangle' was applied 51 times.
  - rule 'linear matrix: defining equation for common rectangle' was applied 1 time.
  - rule 'linear1: x in domain' was applied 277 times.
  - rule 'linear2: contains a boolean' was applied 173'130 times.
  - rule 'linear2: convert ax + by != cte to clauses' was applied 88'864 times.
  - rule 'linear2: convert implied ax + by == cte to clauses' was applied 156 times.
  - rule 'linear2: implied ax + by = cte has only one solution' was applied 3 times.
  - rule 'linear: always true' was applied 71'996 times.
  - rule 'linear: divide by GCD' was applied 19'042 times.
  - rule 'linear: empty' was applied 54 times.
  - rule 'linear: extracted at most one (min)' was applied 2 times.
  - rule 'linear: extracted enforcement literal' was applied 1'012'307 times.
  - rule 'linear: fixed or dup variables' was applied 217 times.
  - rule 'linear: negative equal one' was applied 17'929 times.
  - rule 'linear: never in domain' was applied 2 times.
  - rule 'linear: positive at most one' was applied 139 times.
  - rule 'linear: positive clause' was applied 13'328 times.
  - rule 'linear: positive equal one' was applied 21'191 times.
  - rule 'linear: reduced variable domains' was applied 10'243 times.
  - rule 'linear: reduced variable domains in derived constraint' was applied 25 times.
  - rule 'linear: remapped using affine relations' was applied 43'853 times.
  - rule 'linear: small Boolean expression' was applied 2'272 times.
  - rule 'linear: variable substitution 2' was applied 4 times.
  - rule 'new_bool: var with 2 values' was applied 1 time.
  - rule 'objective: variable not used elsewhere' was applied 9 times.
  - rule 'presolve: 337 unused variables removed.' was applied 1 time.
  - rule 'presolve: iteration' was applied 3 times.
  - rule 'setppc: bool_or in at_most_one' was applied 5 times.
  - rule 'setppc: fixed variables' was applied 3 times.
  - rule 'setppc: removed dominated constraints' was applied 23'112 times.
  - rule 'variables with 2 values: create encoding literal' was applied 1 time.
  - rule 'variables with 2 values: new affine relation' was applied 1 time.
  - rule 'variables: canonicalize affine domain' was applied 8'774 times.
  - rule 'variables: detect fully reified value encoding' was applied 12'732 times.
  - rule 'variables: detect half reified value encoding' was applied 164'646 times.

Presolved optimization model '': (model_fingerprint: 0x55c6baf53df6f430)
#Variables: 354'059 (#ints: 14'808 in objective) (304'172 primary variables)
  - 213'296 Booleans in [0,1]
  - 4 in [-12,12]
  - 12'732 in [0][20,60]
  - 38 in [0,2]
  - 6 in [0,3]
  - 11'555 in [0,4]
  - 3 in [0,5]
  - 4 in [0,6]
  - 3 in [0,7]
  - 2 in [0,8]
  - 2 in [0,9]
  - 4 in [0,10]
  - 2 in [0,11]
  - 4'596 in [0,12]
  - 75'973 in [0,20]
  - 1 in [0,35]
  - 12'732 in [0,40]
  - 11'552 in [0,60]
  - 11'552 in [0,80]
  - 1 in [161,3600]
  - 1 in [163,3602]
#kAtMostOne: 14'899 (#literals: 53'065)
#kBoolAnd: 40'834 (#enforced: 40'834) (#literals: 139'115)
#kBoolAndClauses: 18'236 (#enforced: 18'236 #multi: 18'236) (#literals: 114'368)
#kBoolOr: 20'817 (#literals: 122'958)
#kExactlyOne: 39'123 (#literals: 917'744)
#kLinear1: 200'806 (#enforced: 200'806 #multi: 36'195)
#kLinear2: 427 (#enforced: 427)
#kLinear3: 68'162 (#enforced: 64'150)
#kLinearN: 246'933 (#enforced: 213'442) (#terms: 1'853'695)
[Symmetry] Graph for symmetry has 1'450'644 nodes and 5'606'631 arcs.
[Symmetry] Graph too large. Skipping. You can use symmetry_level:3 or more to force it.

Preloading model.
#Bound  14.13s best:inf   next:[0,296160] initial_domain
#Model  14.36s var:354059/354059 constraints:650237/650237

Starting search at 14.40s with 8 workers.
6 full problem subsolvers: [core, default_lp, max_lp, no_lp, quick_restart, reduced_costs]
2 first solution subsolvers: [fj, fs_random_no_lp]
9 interleaved subsolvers: [feasibility_pump, graph_arc_lns, graph_cst_lns, graph_dec_lns, graph_var_lns, ls, rins/rens, rnd_cst_lns, rnd_var_lns]
3 helper subsolvers: [neighborhood_helper, synchronization_agent, update_gap_integral]

#Model  15.92s var:354024/354059 constraints:650183/650237
#Model  17.32s var:354016/354059 constraints:650165/650237
#Model  17.53s var:353831/354059 constraints:649836/650237
#Model  17.97s var:353064/354059 constraints:648538/650237
#Model  18.83s var:353026/354059 constraints:648480/650237
#Model  19.20s var:353006/354059 constraints:648452/650237
#Model  19.50s var:353001/354059 constraints:648441/650237
#Model  19.78s var:352980/354059 constraints:648406/650237
#Model  20.99s var:352965/354059 constraints:648381/650237
#Model  23.83s var:352960/354059 constraints:648368/650237
#Model  24.46s var:352955/354059 constraints:648355/650237
#Model  25.07s var:352952/354059 constraints:648355/650237
#Model  25.73s var:352949/354059 constraints:648354/650237
#Model  26.27s var:352893/354059 constraints:648251/650237
#Model  26.74s var:352891/354059 constraints:648251/650237
#Model  27.29s var:352849/354059 constraints:648173/650237
#Model  27.97s var:352824/354059 constraints:648114/650237
#Model  28.45s var:352814/354059 constraints:648090/650237
#Model  29.16s var:352745/354059 constraints:647984/650237
#Model  29.84s var:352715/354059 constraints:647935/650237
#Model  30.30s var:352700/354059 constraints:647910/650237
#Model  31.87s var:352685/354059 constraints:647889/650237
#Model  32.28s var:352656/354059 constraints:647836/650237
#Model  34.24s var:352641/354059 constraints:647815/650237
#Model  35.12s var:352640/354059 constraints:647812/650237
#Model  36.65s var:352626/354059 constraints:647779/650237
#Model  39.35s var:352621/354059 constraints:647768/650237
#Model  41.09s var:352611/354059 constraints:647745/650237
#Model  45.51s var:352606/354059 constraints:647732/650237
#Model  46.06s var:352589/354059 constraints:647706/650237
#Model  47.03s var:352588/354059 constraints:647703/650237
#Model  47.49s var:352571/354059 constraints:647677/650237
#Model  48.73s var:352570/354059 constraints:647675/650237
#Model  51.86s var:352556/354059 constraints:647646/650237
#Model  52.53s var:352531/354059 constraints:647602/650237
#Model  53.27s var:352524/354059 constraints:647585/650237
#Model  61.57s var:352522/354059 constraints:647584/650237
#Model  78.81s var:352490/354059 constraints:647521/650237
#Model  79.66s var:352470/354059 constraints:647476/650237
#Model  81.93s var:352468/354059 constraints:647475/650237
#Model  88.04s var:352453/354059 constraints:647453/650237
#Model  93.92s var:352446/354059 constraints:647436/650237
#Model  99.97s var:352432/354059 constraints:647404/650237
#Bound 100.44s best:inf   next:[1,296160] bool_core (num_cores=1 [size:6 mw:1 d:3] a=14741 d=3 fixed=1498/336781 clauses=171'322)
#Model 100.62s var:352417/354059 constraints:647382/650237
#Model 101.07s var:352401/354059 constraints:647360/650237
#Bound 112.96s best:inf   next:[2,296160] bool_core (num_cores=2 [size:1 mw:1] a=14735 d=3 fixed=1559/336792 clauses=171'372)
#Bound 112.99s best:inf   next:[3,296160] bool_core (num_cores=2 [cover] a=14735 d=3 fixed=1560/336803 clauses=171'399)
#Bound 113.02s best:inf   next:[4,296160] bool_core (num_cores=2 [cover] a=14735 d=3 fixed=1561/336814 clauses=171'420)
#Bound 113.04s best:inf   next:[5,296160] bool_core (num_cores=2 [cover] a=14735 d=3 fixed=1562/336825 clauses=171'446)
#Bound 113.07s best:inf   next:[6,296160] bool_core (num_cores=2 [cover] a=14735 d=3 fixed=1563/336836 clauses=171'476)
#Bound 113.09s best:inf   next:[7,296160] bool_core (num_cores=2 [cover] a=14735 d=3 fixed=1564/336847 clauses=171'509)
#Bound 113.12s best:inf   next:[8,296160] bool_core (num_cores=2 [cover] a=14735 d=3 fixed=1565/336858 clauses=171'554)
#Bound 113.14s best:inf   next:[9,296160] bool_core (num_cores=2 [cover] a=14735 d=3 fixed=1566/336869 clauses=171'604)
#Bound 113.17s best:inf   next:[10,296160] bool_core (num_cores=2 [cover] a=14735 d=3 fixed=1567/336880 clauses=171'657)
#Bound 113.19s best:inf   next:[11,296160] bool_core (num_cores=2 [cover] a=14735 d=3 fixed=1568/336891 clauses=171'721)
#Bound 113.21s best:inf   next:[12,296160] bool_core (num_cores=2 [cover] a=14735 d=3 fixed=1569/336902 clauses=171'793)
#Bound 113.24s best:inf   next:[13,296160] bool_core (num_cores=2 [cover] a=14735 d=3 fixed=1570/336913 clauses=171'873)
#Bound 113.26s best:inf   next:[14,296160] bool_core (num_cores=2 [cover] a=14735 d=3 fixed=1571/336924 clauses=171'959)
#Bound 113.29s best:inf   next:[15,296160] bool_core (num_cores=2 [cover] a=14735 d=3 fixed=1572/336935 clauses=172'053)
#Bound 113.32s best:inf   next:[16,296160] bool_core (num_cores=2 [cover] a=14735 d=3 fixed=1573/336946 clauses=172'167)
#Bound 113.35s best:inf   next:[17,296160] bool_core (num_cores=2 [cover] a=14735 d=3 fixed=1574/336957 clauses=172'298)
#Bound 113.38s best:inf   next:[18,296160] bool_core (num_cores=2 [cover] a=14735 d=3 fixed=1575/336968 clauses=172'464)
#Bound 113.42s best:inf   next:[19,296160] bool_core (num_cores=2 [cover] a=14735 d=3 fixed=1576/336979 clauses=172'675)
#Bound 113.46s best:inf   next:[20,296160] bool_core (num_cores=2 [cover] a=14735 d=3 fixed=1577/336990 clauses=173'074)
#Model 125.96s var:352396/354059 constraints:647348/650237
#Model 127.27s var:352373/354059 constraints:647309/650237
#Model 133.69s var:352358/354059 constraints:647288/650237
#Model 136.00s var:352333/354059 constraints:647244/650237
#Model 142.28s var:352328/354059 constraints:647232/650237
#Model 152.87s var:352313/354059 constraints:647211/650237
#Bound 154.07s best:inf   next:[21,296160] bool_core (num_cores=3 [size:10 mw:1 d:5] a=14726 d=5 fixed=1582/337003 clauses=167'569)
#Bound 155.21s best:inf   next:[22,296160] bool_core (num_cores=3 [cover] a=14726 d=5 fixed=1583/337026 clauses=168'173)
#Bound 155.23s best:inf   next:[23,296160] bool_core (num_cores=3 [cover] a=14726 d=5 fixed=1584/337049 clauses=168'294)
#Bound 155.26s best:inf   next:[24,296160] bool_core (num_cores=3 [cover] a=14726 d=5 fixed=1585/337072 clauses=168'424)
#Bound 155.28s best:inf   next:[25,296160] bool_core (num_cores=3 [cover] a=14726 d=5 fixed=1586/337095 clauses=168'561)
#Bound 155.30s best:inf   next:[26,296160] bool_core (num_cores=3 [cover] a=14726 d=5 fixed=1587/337118 clauses=168'703)
#Bound 155.32s best:inf   next:[27,296160] bool_core (num_cores=3 [cover] a=14726 d=5 fixed=1588/337141 clauses=168'855)
#Bound 155.35s best:inf   next:[28,296160] bool_core (num_cores=3 [cover] a=14726 d=5 fixed=1589/337164 clauses=169'017)
#Bound 155.37s best:inf   next:[29,296160] bool_core (num_cores=3 [cover] a=14726 d=5 fixed=1590/337187 clauses=169'186)
#Bound 155.40s best:inf   next:[30,296160] bool_core (num_cores=3 [cover] a=14726 d=5 fixed=1591/337210 clauses=169'365)
#Bound 155.42s best:inf   next:[31,296160] bool_core (num_cores=3 [cover] a=14726 d=5 fixed=1592/337233 clauses=169'555)
#Bound 155.46s best:inf   next:[32,296160] bool_core (num_cores=3 [cover] a=14726 d=5 fixed=1593/337256 clauses=169'756)
#Bound 155.49s best:inf   next:[33,296160] bool_core (num_cores=3 [cover] a=14726 d=5 fixed=1594/337279 clauses=169'966)
#Bound 155.52s best:inf   next:[34,296160] bool_core (num_cores=3 [cover] a=14726 d=5 fixed=1595/337302 clauses=170'180)
#Bound 155.54s best:inf   next:[35,296160] bool_core (num_cores=3 [cover] a=14726 d=5 fixed=1596/337325 clauses=170'403)
#Bound 155.57s best:inf   next:[36,296160] bool_core (num_cores=3 [cover] a=14726 d=5 fixed=1597/337348 clauses=170'636)
#Bound 155.60s best:inf   next:[37,296160] bool_core (num_cores=3 [cover] a=14726 d=5 fixed=1598/337371 clauses=170'878)
#Bound 155.63s best:inf   next:[38,296160] bool_core (num_cores=3 [cover] a=14726 d=5 fixed=1599/337394 clauses=171'132)
#Bound 155.65s best:inf   next:[39,296160] bool_core (num_cores=3 [cover] a=14726 d=5 fixed=1600/337417 clauses=171'398)
#Bound 155.68s best:inf   next:[40,296160] bool_core (num_cores=3 [cover] a=14726 d=5 fixed=1601/337440 clauses=171'679)
#Model 160.67s var:352299/354059 constraints:647179/650237
#Model 162.53s var:352294/354059 constraints:647172/650237
#Model 163.47s var:352289/354059 constraints:647159/650237
#Model 170.92s var:352274/354059 constraints:647138/650237
#Model 173.07s var:352257/354059 constraints:647111/650237
#Model 182.07s var:352255/354059 constraints:647107/650237
#Model 182.72s var:352253/354059 constraints:647105/650237

Task timing                   n [     min,      max]      avg      dev     time         n [     min,      max]      avg      dev    dtime
              'core':         1 [   2.84m,    2.84m]    2.84m   0.00ns    2.84m         2 [  2.83ms,    2.55m]    1.28m    1.28m    2.55m
        'default_lp':         1 [   2.84m,    2.84m]    2.84m   0.00ns    2.84m         2 [671.42ms,    3.78m]    1.90m    1.89m    3.79m
  'feasibility_pump':       513 [  4.42ms,   17.92s]  87.92ms 989.01ms   45.10s         5 [   1.39s,   30.02s]   12.56s   10.04s    1.05m
                'fj':       500 [ 52.71ms, 414.04ms] 102.73ms  31.81ms   51.36s       500 [105.08ms, 131.25ms] 119.06ms   9.40ms   59.53s
   'fs_random_no_lp':         1 [   2.84m,    2.84m]    2.84m   0.00ns    2.84m         2 [  2.84ms,    2.20m]    1.10m    1.10m    2.20m
     'graph_arc_lns':         0 [  0.00ns,   0.00ns]   0.00ns   0.00ns   0.00ns         0 [  0.00ns,   0.00ns]   0.00ns   0.00ns   0.00ns
     'graph_cst_lns':         0 [  0.00ns,   0.00ns]   0.00ns   0.00ns   0.00ns         0 [  0.00ns,   0.00ns]   0.00ns   0.00ns   0.00ns
     'graph_dec_lns':         0 [  0.00ns,   0.00ns]   0.00ns   0.00ns   0.00ns         0 [  0.00ns,   0.00ns]   0.00ns   0.00ns   0.00ns
     'graph_var_lns':         0 [  0.00ns,   0.00ns]   0.00ns   0.00ns   0.00ns         0 [  0.00ns,   0.00ns]   0.00ns   0.00ns   0.00ns
                'ls':         0 [  0.00ns,   0.00ns]   0.00ns   0.00ns   0.00ns         0 [  0.00ns,   0.00ns]   0.00ns   0.00ns   0.00ns
            'max_lp':         1 [   2.84m,    2.84m]    2.84m   0.00ns    2.84m         2 [  21.93s,    4.78m]    2.57m    2.21m    5.15m
             'no_lp':         1 [   2.84m,    2.84m]    2.84m   0.00ns    2.84m         2 [  2.84ms,    2.20m]    1.10m    1.10m    2.20m
     'quick_restart':         1 [   2.84m,    2.84m]    2.84m   0.00ns    2.84m         2 [687.46ms,    2.10m]    1.05m    1.04m    2.11m
     'reduced_costs':         1 [   2.84m,    2.84m]    2.84m   0.00ns    2.84m         2 [662.42ms,    1.98m]   59.80s   59.14s    1.99m
         'rins/rens':       514 [ 47.59ms, 146.72ms]  81.33ms   9.33ms   41.81s         0 [  0.00ns,   0.00ns]   0.00ns   0.00ns   0.00ns
       'rnd_cst_lns':         0 [  0.00ns,   0.00ns]   0.00ns   0.00ns   0.00ns         0 [  0.00ns,   0.00ns]   0.00ns   0.00ns   0.00ns
       'rnd_var_lns':         0 [  0.00ns,   0.00ns]   0.00ns   0.00ns   0.00ns         0 [  0.00ns,   0.00ns]   0.00ns   0.00ns   0.00ns

Search stats            Bools  Conflicts   Branches  Restarts  BacktrackToRoot  Backtrack   BoolPropag  IntegerPropag
             'core':  337'451     51'641    161'455        46            3'267     61'767  696'116'426    590'502'061
       'default_lp':  336'777        513     39'177         1            3'895      9'070   28'392'488     28'259'227
  'fs_random_no_lp':  336'916     67'089    196'640        20            2'838     71'561  680'329'905    559'489'931
           'max_lp':  336'777          0          8         0                1          1        5'905          7'114
            'no_lp':  336'777     51'876    142'404        31            2'901     56'763  688'774'389    618'102'609
    'quick_restart':  337'054      1'965    153'822        17            7'499     23'747   99'449'526    103'259'448
    'reduced_costs':  336'977      1'260  2'088'259         4            7'436     20'553   63'658'592     68'320'371

SAT formula           Fixed  Equiv    Total  VarLeft  BinaryClauses  PermanentClauses  TemporaryClauses
             'core':  1'735  1'691  337'451  334'025      3'190'846           163'596            14'738
       'default_lp':  1'627  1'690  336'777  333'460      3'162'064           157'475               259
  'fs_random_no_lp':  1'305      0  336'916  335'611      3'935'232           159'724            13'398
           'max_lp':  1'250      0  336'777  335'527      1'757'694           158'741                 0
            'no_lp':  1'350      0  336'777  335'427      3'929'868           159'564             9'556
    'quick_restart':  1'702  1'691  337'054  333'661      3'205'816           157'423               108
    'reduced_costs':  1'697  1'690  336'977  333'590      3'192'228           157'814               637

SAT stats             ClassicMinim  LitRemoved  LitRemovedBinary  LitLearned  LitForgotten  Subsumed
             'core':        48'354     492'226           553'149   2'319'812     1'120'226     8'314
       'default_lp':           422      33'825             3'707   1'799'215             0       188
  'fs_random_no_lp':        52'537     521'114           338'505   2'946'279     2'086'354     6'771
           'max_lp':             0           0                 0           0             0         0
            'no_lp':        47'618     192'307           444'443   2'775'765     1'661'112     4'799
    'quick_restart':         1'743     637'663             4'897  16'999'877             0     1'680
    'reduced_costs':           749      17'049             4'032      33'937             0       129

Vivification          Clauses  Decisions  LitTrue  Subsumed  LitRemoved  DecisionReused  Conflicts
             'core':    1'051     11'338        0       335       5'090             279         34
       'default_lp':    2'461      8'600        0       331       2'256              77          8
  'fs_random_no_lp':    2'096      6'150      184        15         948               0         47
           'max_lp':        1          2        0         0           0               0          0
            'no_lp':    2'126      6'367      185        35       1'282              32         48
    'quick_restart':    3'229     17'865        2       809       6'836             330         61
    'reduced_costs':    3'886     16'831        0       665       6'223             508         23

Clause deletion       at_true  l_and_not(l)  to_binary  sub_conflict  sub_extra  sub_decisions  sub_eager  sub_vivify  sub_probing  sub_inpro  blocked  eliminated  forgotten  promoted  conflicts
             'core':    1'363            15         18         7'559        250             13        755         335            0      2'184        0           0     24'931   154'057     51'641
       'default_lp':      599            98         15           187          1              0          1         331            0      1'853        0           0          0       899        513
  'fs_random_no_lp':      558             1         20         6'380        733              0        391          15            0          1        0           0     44'252   160'945     67'089
           'max_lp':        0             0          0             0          0              0          0           0            0          0        0           0          0         0          0
            'no_lp':      584             1         15         4'563        218            133        236          35            0          1        0           0     35'490   112'371     51'876
    'quick_restart':      619           100         27         1'680          0              3          0         809            0      1'878        0           0          0     3'367      1'965
    'reduced_costs':      616           103         28           122         20              0          7         665            0      1'946        0           0          0     3'520      1'260

Lp stats            Component  Iterations  AddedCuts  OPTIMAL  DUAL_F.  DUAL_U.
     'default_lp':          1     200'060      7'317      561      221       17
         'max_lp':          1      11'628          0        0       10        0
  'quick_restart':          1      58'619      2'404       65    4'066        3
  'reduced_costs':          1      71'861        747      130    5'494        0

Lp dimension                  Final dimension of first component
     'default_lp':    14394 rows, 253096 columns, 284675 entries
         'max_lp':  995632 rows, 354059 columns, 6747556 entries
  'quick_restart':     3197 rows, 354059 columns, 445700 entries
  'reduced_costs':     7143 rows, 354059 columns, 478382 entries

Lp debug            CutPropag  CutEqPropag  Adjust  Overflow     Bad  BadScaling
     'default_lp':          0            0     247         0  21'722           0
         'max_lp':          0            0       0         0       0           0
  'quick_restart':          6            0       3         0  52'641           0
  'reduced_costs':          0            0       0         0  18'456           0

Lp pool             Constraints  Updates  Simplif  Merged  Shortened  Split  Strengthened     Cuts/Call
     'default_lp':      124'126       13    2'554       3      2'209      0             3  7'317/13'097
         'max_lp':      995'632        0        0       0          0      0             0           0/0
  'quick_restart':      998'036       22   84'143       0     10'970      0           359   2'404/8'488
  'reduced_costs':      996'379       10   48'487       0      9'040      0           339     747/8'193

Lp Cut           default_lp  quick_restart  reduced_costs
         CG_FF:          21            225             80
          CG_K:          17             51             39
         CG_KL:           3             23             20
          CG_R:          22             75             48
         CG_RB:           -              1              1
        CG_RBP:           6              1              -
        Clique:           -            108             49
            IB:       7'178              -              -
      MIR_1_FF:           -            102             12
       MIR_1_K:           1             52              6
      MIR_1_KL:           -             48              5
       MIR_1_R:           -             10              5
      MIR_1_RB:           -              3              1
     MIR_1_RBP:           -              4              -
     MIR_1_RLT:           -              -              9
      MIR_2_FF:           5             14              6
       MIR_2_K:           3             40              9
      MIR_2_KL:           -              4              1
       MIR_2_R:           -             11              2
      MIR_2_RB:           -             24              4
     MIR_2_RBP:           3              8              -
      MIR_3_FF:          12            584            218
       MIR_3_K:           5             35              3
      MIR_3_KL:           1              3              4
       MIR_3_R:           -              9              7
      MIR_3_RB:           1             30              3
     MIR_3_RBP:           3             11              -
      MIR_4_FF:           4            146             45
       MIR_4_K:           3             41              -
      MIR_4_KL:           -             67             15
       MIR_4_R:           -             68             13
      MIR_4_RB:           -             17              2
     MIR_4_RBP:           -              1              -
      MIR_5_FF:           3            124             41
       MIR_5_K:           2             41              1
      MIR_5_KL:           -              6              2
       MIR_5_R:           4            114             13
      MIR_5_RB:           -             11              4
      MIR_6_FF:           7             44             17
       MIR_6_K:           -             22              -
      MIR_6_KL:           3             12             10
       MIR_6_R:           4            107              9
      MIR_6_RB:           -              3              1
  ZERO_HALF_FF:           6             72             21
   ZERO_HALF_K:           -              1              -
  ZERO_HALF_KL:           -             10              6
   ZERO_HALF_R:           -             21             15

LNS stats           Improv/Calls  Closed  Difficulty  TimeLimit
  'graph_arc_lns':           0/0      0%    5.00e-01       0.10
  'graph_cst_lns':           0/0      0%    5.00e-01       0.10
  'graph_dec_lns':           0/0      0%    5.00e-01       0.10
  'graph_var_lns':           0/0      0%    5.00e-01       0.10
      'rins/rens':           0/0      0%    5.00e-01       0.10
    'rnd_cst_lns':           0/0      0%    5.00e-01       0.10
    'rnd_var_lns':           0/0      0%    5.00e-01       0.10

LS stats                                    Batches  Restarts/Perturbs  LinMoves  GenMoves  CompoundMoves  Bactracks  WeightUpdates  ScoreComputed
                             'fj_restart':       47                 16    23'097         0              0          0             25      7'023'663
                    'fj_restart_compound':       36                 15         0    23'157         22'517        198              0      5'731'706
                'fj_restart_compound_obj':       28                 14         0    18'195         17'810        122              0      4'300'469
            'fj_restart_compound_perturb':        3                  3         0     3'192          3'157          0              0        154'241
        'fj_restart_compound_perturb_obj':       31                  9         0    38'429         38'396          0              0      2'998'510
                       'fj_restart_decay':       42                 13    21'574         0              0          0             16      6'423'602
              'fj_restart_decay_compound':       17                  6         0    10'779         10'372        134              0      2'571'172
          'fj_restart_decay_compound_obj':       60                 17         0    32'061         23'658      4'031              0     10'568'847
      'fj_restart_decay_compound_perturb':       15                  7         0    18'785         18'776          0              0      1'009'410
  'fj_restart_decay_compound_perturb_obj':       26                 14         0    29'881         29'795          0              0      1'532'880
                   'fj_restart_decay_obj':       21                 12    10'816         0              0          0              7      3'298'661
               'fj_restart_decay_perturb':       44                  9    39'862         0              0          0              4      6'560'122
           'fj_restart_decay_perturb_obj':       15                  7    15'036         0              0          0              0      1'497'982
                         'fj_restart_obj':       42                 14    22'822         0              0          0             21      7'231'993
                     'fj_restart_perturb':       36                 10    33'347         0              0          0              2      4'791'241
                 'fj_restart_perturb_obj':       37                 11    27'273         0              0          0              5      4'740'424

Objective bounds     Num
       'bool_core':   40
  'initial_domain':    1

Solution repositories     Added  Queried  Synchro
    'alternative_path':       0        0        0
      'best_solutions':       0        0        0
   'fj solution hints':     169        0      169
        'lp solutions':  21'732      514      711
                'pump':       0        0

Improving bounds shared      Num  Sym
                  'core':    133    0
            'default_lp':     20    0
       'fs_random_no_lp':    260    0
                 'no_lp':  1'123    0
         'quick_restart':    247    0
         'reduced_costs':    178    0

Clauses shared        #Exported  #Imported  #BinaryRead  #BinaryTotal
             'core':      1'232      1'710      657'484       657'498
       'default_lp':         66      2'416      657'439       657'498
  'fs_random_no_lp':    191'495        590      600'039       657'498
           'max_lp':          0        677      600'008       657'498
            'no_lp':    286'675        689      600'087       657'498
    'quick_restart':     79'891      2'729      657'485       657'498
    'reduced_costs':    101'335      2'742      657'477       657'498

LRAT_status: NA
CpSolverResponse summary:
status: UNKNOWN
objective: 296160
best_bound: 40
integers: 351812
booleans: 336777
conflicts: 513
branches: 39177
propagations: 28392488
integer_propagations: 28259227
restarts: 1
lp_iterations: 200060
walltime: 185.828
usertime: 185.828
deterministic_time: 1331.38
gap_integral: 16655.7

