y6_all_all_retry: building, load=(4.236328125, 8.30078125, 10.25830078125)
optimization model '': (model_fingerprint: 0x925df9c6996ad793)
#Variables: 360'991 (#ints: 14'826 in objective) (307'285 primary variables)
  - 209'849 Booleans in [0,1]
  - 11'552 in [0,4]
  - 4'762 in [0,12]
  - 86'259 in [0,20]
  - 12'732 in [0,40]
  - 24'284 in [0,60]
  - 11'552 in [0,80]
  - 1 in [10,12]
#kBoolAnd: 28'586 (#enforced: 28'586) (#literals: 57'172)
#kBoolOr: 35'889 (#enforced: 35'889) (#literals: 165'369)
#kExactlyOne: 1 (#literals: 47)
#kLinear1: 72'171 (#enforced: 357)
#kLinear2: 265'714 (#enforced: 1'813)
#kLinear3: 69'787 (#enforced: 66'423)
#kLinearN: 336'636 (#enforced: 213'486) (#terms: 4'113'184)
y6_all_all_retry: solve starts; build=4.497s
{"tag": "y6_all_all_retry", "status": "UNKNOWN", "solve_seconds": 185.8936594609986, "build_seconds": 4.496677322000323, "total_seconds": 190.87807661700208}
