
Starting CP-SAT solver v9.15.6755
Parameters: random_seed: 20260922 max_time_in_seconds: 90 log_search_progress: true linearization_level: 2 num_search_workers: 8 cp_model_probing_level: 0 symmetry_level: 2 log_to_stdout: false

Initial satisfaction model '': (model_fingerprint: 0x4e9048c11fcc5ed6)
#Variables: 360'991 (307'285 primary variables)
  - 209'849 Booleans in [0,1]
  - 11'552 in [0,4]
  - 4'762 in [0,12]
  - 86'259 in [0,20]
  - 12'732 in [0,40]
  - 24'284 in [0,60]
  - 11'552 in [0,80]
  - 1 in [10,12]
#kBoolAnd: 28'586 (#enforced: 28'586) (#literals: 57'172)
#kBoolOr: 35'889 (#enforced: 35'889) (#literals: 165'369)
#kExactlyOne: 1 (#literals: 47)
#kLinear1: 72'170 (#enforced: 357)
#kLinear2: 265'714 (#enforced: 1'813)
#kLinear3: 69'787 (#enforced: 66'423)
#kLinearN: 336'632 (#enforced: 213'486) (#terms: 4'053'903)

Starting presolve at 0.31s
  1.57e-01s  0.00e+00d  [DetectDominanceRelations] 
  1.91e+00s  0.00e+00d  [PresolveToFixPoint] #num_loops=3 #num_dual_strengthening=2 
  1.14e-02s  0.00e+00d  [ExtractEncodingFromLinear] #potential_supersets=39'260 #potential_subsets=4 #exo_encodings=2 #literals=4 
  4.82e-02s  0.00e+00d  [DetectDuplicateColumns] 
  1.73e-02s  0.00e+00d  [DetectDuplicateConstraints] #duplicates=1'494 
[Symmetry] Graph for symmetry has 1'467'421 nodes and 5'825'868 arcs.
[Symmetry] Graph too large. Skipping. You can use symmetry_level:3 or more to force it.
[SAT presolve] num removable Booleans: 0 / 213'319
[SAT presolve] num trivial clauses: 0
[SAT presolve] [0s] clauses:183'035 literals:578'371 vars:126'584 one_side_vars:119612 simple_definition:6'659 singleton_clauses:0
[SAT presolve] [0.0079556s] clauses:180'763 literals:562'351 vars:126'584 one_side_vars:126226 simple_definition:270 singleton_clauses:0
[SAT presolve] [0.0159356s] clauses:180'763 literals:562'351 vars:126'584 one_side_vars:126226 simple_definition:270 singleton_clauses:0
[MaxClique] Merged 123426 with 253201 literals) into 106714(231591 literals) at_most_ones.
  1.94e-01s  0.00e+00d  [ProcessAtMostOneAndLinear] #num_changes=252 
  1.79e-02s  0.00e+00d  [DetectDuplicateConstraints] 
  4.06e-02s  0.00e+00d  [DetectDuplicateConstraintsWithDifferentEnforcements] #without_enforcements=101'663 
  5.96e-01s  1.00e-01d  [DetectDominatedLinearConstraints] #relevant_constraints=315'078 #num_inclusions=1'585'740 
  3.21e-02s  0.00e+00d  [DetectDifferentVariables] 
  8.15e-02s  1.28e-02d  [ProcessSetPPC] #relevant_constraints=258'161 #num_inclusions=35 
  3.30e-02s  2.42e-03d  [TransformClausesToExactlyOne] #num_amos=118'328 #num_clauses=57'478 #num_checked=57'478 
  3.80e-01s  0.00e+00d  [DetectEncodedComplexDomains] 
  1.02e-02s  2.47e-04d  [FindAlmostIdenticalLinearConstraints] #num_tested_pairs=5'592 
  1.33e-01s  1.00e+00d *[FindBigAtMostOneAndLinearOverlap] 
  1.39e-01s  1.00e+00d *[FindBigVerticalLinearOverlap] #blocks=49 #saved_nz=180'875 
  1.47e-01s  1.00e+00d *[FindBigHorizontalLinearOverlap] #blocks=2 #saved_nz=380 #linears=176'365 
  1.68e-02s  1.58e-03d  [MergeClauses] #num_collisions=18'251 #num_merges=18'251 #num_saved_literals=77'930 
  1.52e-01s  0.00e+00d  [DetectDominanceRelations] 
  7.50e-01s  0.00e+00d  [PresolveToFixPoint] #num_loops=3 #num_dual_strengthening=1 
  1.52e-01s  0.00e+00d  [DetectDominanceRelations] 
  7.11e-01s  0.00e+00d  [PresolveToFixPoint] #num_loops=1 #num_dual_strengthening=1 
  4.60e-02s  0.00e+00d  [DetectDuplicateColumns] 
  1.69e-02s  0.00e+00d  [DetectDuplicateConstraints] 
[Symmetry] Graph for symmetry has 1'466'724 nodes and 5'567'424 arcs.
[Symmetry] Graph too large. Skipping. You can use symmetry_level:3 or more to force it.
[SAT presolve] num removable Booleans: 0 / 213'311
[SAT presolve] num trivial clauses: 0
[SAT presolve] [0s] clauses:168'552 literals:537'932 vars:141'967 one_side_vars:141631 simple_definition:276 singleton_clauses:0
[SAT presolve] [0.00736733s] clauses:168'552 literals:537'750 vars:141'967 one_side_vars:141813 simple_definition:94 singleton_clauses:0
[SAT presolve] [0.0152705s] clauses:168'552 literals:537'750 vars:141'967 one_side_vars:141813 simple_definition:94 singleton_clauses:0
[MaxClique] Merged 121080 with 260270 literals) into 113043(249461 literals) at_most_ones.
  1.56e-01s  0.00e+00d  [ProcessAtMostOneAndLinear] 
  1.87e-02s  0.00e+00d  [DetectDuplicateConstraints] 
  4.16e-02s  0.00e+00d  [DetectDuplicateConstraintsWithDifferentEnforcements] #without_enforcements=101'657 
  3.03e-01s  4.51e-02d  [DetectDominatedLinearConstraints] #relevant_constraints=315'111 #num_inclusions=1'571'370 
  3.35e-02s  0.00e+00d  [DetectDifferentVariables] 
  8.18e-02s  1.17e-02d  [ProcessSetPPC] #relevant_constraints=264'261 #num_inclusions=11'589 
  3.51e-02s  2.42e-03d  [TransformClausesToExactlyOne] #num_amos=113'103 #num_clauses=57'299 #num_checked=57'299 
  3.63e-01s  0.00e+00d  [DetectEncodedComplexDomains] 
  1.10e-02s  2.47e-04d  [FindAlmostIdenticalLinearConstraints] #num_tested_pairs=5'567 
  2.55e-01s  1.00e+00d *[FindBigAtMostOneAndLinearOverlap] 
  9.22e-02s  1.00e+00d *[FindBigVerticalLinearOverlap] #blocks=1 #saved_nz=34 
  1.48e-01s  1.00e+00d *[FindBigHorizontalLinearOverlap] #linears=176'316 
  1.94e-02s  1.58e-03d  [MergeClauses] #num_collisions=18'250 #num_merges=18'250 #num_saved_literals=77'928 
  1.55e-01s  0.00e+00d  [DetectDominanceRelations] 
  7.25e-01s  0.00e+00d  [PresolveToFixPoint] #num_loops=3 #num_dual_strengthening=1 
  1.55e-01s  0.00e+00d  [DetectDominanceRelations] 
  7.19e-01s  0.00e+00d  [PresolveToFixPoint] #num_loops=1 #num_dual_strengthening=1 
  4.67e-02s  0.00e+00d  [DetectDuplicateColumns] 
  1.77e-02s  0.00e+00d  [DetectDuplicateConstraints] #duplicates=13 
[Symmetry] Graph for symmetry has 1'466'423 nodes and 5'551'322 arcs.
[Symmetry] Graph too large. Skipping. You can use symmetry_level:3 or more to force it.
[SAT presolve] num removable Booleans: 0 / 213'303
[SAT presolve] num trivial clauses: 0
[SAT presolve] [0s] clauses:155'569 literals:511'785 vars:141'651 one_side_vars:141491 simple_definition:100 singleton_clauses:0
[SAT presolve] [0.0061075s] clauses:155'569 literals:511'785 vars:141'651 one_side_vars:141491 simple_definition:100 singleton_clauses:0
[SAT presolve] [0.014285s] clauses:155'569 literals:511'785 vars:141'651 one_side_vars:141491 simple_definition:100 singleton_clauses:0
[MaxClique] Merged 113174 with 249669 literals) into 113037(249395 literals) at_most_ones.
  1.59e-01s  0.00e+00d  [ProcessAtMostOneAndLinear] 
  1.95e-02s  0.00e+00d  [DetectDuplicateConstraints] 
  4.20e-02s  0.00e+00d  [DetectDuplicateConstraintsWithDifferentEnforcements] #without_enforcements=101'651 
  3.09e-01s  4.51e-02d  [DetectDominatedLinearConstraints] #relevant_constraints=315'100 #num_inclusions=1'571'364 
  3.38e-02s  0.00e+00d  [DetectDifferentVariables] 
  8.50e-02s  1.17e-02d  [ProcessSetPPC] #relevant_constraints=264'249 #num_inclusions=11'589 
  3.57e-02s  2.42e-03d  [TransformClausesToExactlyOne] #num_amos=113'097 #num_clauses=57'300 #num_checked=57'300 
  3.66e-01s  0.00e+00d  [DetectEncodedComplexDomains] 
  1.16e-02s  2.47e-04d  [FindAlmostIdenticalLinearConstraints] #num_tested_pairs=5'571 
  2.55e-01s  1.00e+00d *[FindBigAtMostOneAndLinearOverlap] 
  9.23e-02s  1.00e+00d *[FindBigVerticalLinearOverlap] 
  1.50e-01s  1.00e+00d *[FindBigHorizontalLinearOverlap] #linears=176'303 
  1.97e-02s  1.58e-03d  [MergeClauses] #num_collisions=18'249 #num_merges=18'249 #num_saved_literals=77'926 
  1.59e-01s  0.00e+00d  [DetectDominanceRelations] 
  7.34e-01s  0.00e+00d  [PresolveToFixPoint] #num_loops=3 #num_dual_strengthening=1 
  6.48e-03s  0.00e+00d  [MergeNoOverlap] 
  6.80e-03s  0.00e+00d  [MergeNoOverlap2D] 

Presolve summary:
  - 15417 affine relations were detected.
  - rule 'TODO domination: unexploited dominations' was applied 2 times.
  - rule 'TODO dual: only one blocking constraint?' was applied 3'600 times.
  - rule 'TODO dual: tighten at most one' was applied 278 times.
  - rule 'TODO linear2: convert ax + by != cte to clauses for large domains' was applied 1'008 times.
  - rule 'TODO linear2: convert implied ax + by == cte to clauses for large domains' was applied 462 times.
  - rule 'affine: new relation' was applied 15'417 times.
  - rule 'at_most_one: removed literals' was applied 9 times.
  - rule 'at_most_one: satisfied' was applied 8 times.
  - rule 'at_most_one: size one' was applied 6 times.
  - rule 'at_most_one: transformed into max clique' was applied 3 times.
  - rule 'bool_and: fixed literals' was applied 4 times.
  - rule 'bool_and: non-reified' was applied 1 time.
  - rule 'bool_and: x => x' was applied 3'648 times.
  - rule 'bool_or: always true' was applied 14 times.
  - rule 'bool_or: implications' was applied 87'652 times.
  - rule 'bool_or: only one literal' was applied 19 times.
  - rule 'bool_or: removed enforcement literal' was applied 10'664 times.
  - rule 'deductions: 311920 stored' was applied 1 time.
  - rule 'domination: added implications' was applied 7'556 times.
  - rule 'dual: enforced equivalence' was applied 3'648 times.
  - rule 'duplicate: removed constraint' was applied 1'507 times.
  - rule 'encoding: candidate linear is all boolean now' was applied 2 times.
  - rule 'encoding: extracted from linear' was applied 2 times.
  - rule 'encoding: reduced target domain' was applied 2 times.
  - rule 'enforcement: false literal' was applied 25 times.
  - rule 'enforcement: true literal' was applied 19 times.
  - rule 'exactly_one: removed literals' was applied 3 times.
  - rule 'incompatible linear: add implication' was applied 34'851 times.
  - rule 'linear + amo: empty after processing' was applied 2 times.
  - rule 'linear + amo: extracted enforcement literal' was applied 278 times.
  - rule 'linear + amo: fixed literal implied by enforcement' was applied 10 times.
  - rule 'linear matrix: common horizontal rectangle' was applied 2 times.
  - rule 'linear matrix: common vertical rectangle' was applied 50 times.
  - rule 'linear matrix: defining equation for common rectangle' was applied 1 time.
  - rule 'linear1: x in domain' was applied 276 times.
  - rule 'linear2: contains a boolean' was applied 173'129 times.
  - rule 'linear2: convert ax + by != cte to clauses' was applied 88'864 times.
  - rule 'linear2: convert implied ax + by == cte to clauses' was applied 156 times.
  - rule 'linear2: implied ax + by = cte has only one solution' was applied 3 times.
  - rule 'linear: always true' was applied 71'996 times.
  - rule 'linear: divide by GCD' was applied 19'042 times.
  - rule 'linear: empty' was applied 54 times.
  - rule 'linear: extracted at most one (min)' was applied 2 times.
  - rule 'linear: extracted enforcement literal' was applied 1'012'307 times.
  - rule 'linear: fixed or dup variables' was applied 214 times.
  - rule 'linear: negative equal one' was applied 17'929 times.
  - rule 'linear: never in domain' was applied 2 times.
  - rule 'linear: positive at most one' was applied 139 times.
  - rule 'linear: positive clause' was applied 13'328 times.
  - rule 'linear: positive equal one' was applied 21'191 times.
  - rule 'linear: reduced variable domains' was applied 10'243 times.
  - rule 'linear: reduced variable domains in derived constraint' was applied 25 times.
  - rule 'linear: remapped using affine relations' was applied 43'850 times.
  - rule 'linear: simplify using approximate gcd' was applied 1 time.
  - rule 'linear: small Boolean expression' was applied 2'272 times.
  - rule 'linear: variable substitution 2' was applied 4 times.
  - rule 'presolve: 337 unused variables removed.' was applied 1 time.
  - rule 'presolve: iteration' was applied 3 times.
  - rule 'setppc: bool_or in at_most_one' was applied 5 times.
  - rule 'setppc: fixed variables' was applied 3 times.
  - rule 'setppc: removed dominated constraints' was applied 23'112 times.
  - rule 'variables: canonicalize affine domain' was applied 8'774 times.
  - rule 'variables: detect fully reified value encoding' was applied 12'732 times.
  - rule 'variables: detect half reified value encoding' was applied 164'646 times.

Presolved satisfaction model '': (model_fingerprint: 0x6a061ae44c21cd43)
#Variables: 354'058 (304'172 primary variables)
  - 213'295 Booleans in [0,1]
  - 4 in [-12,12]
  - 12'732 in [0][20,60]
  - 36 in [0,2]
  - 6 in [0,3]
  - 11'554 in [0,4]
  - 2 in [0,5]
  - 5 in [0,6]
  - 3 in [0,7]
  - 2 in [0,8]
  - 2 in [0,9]
  - 4 in [0,10]
  - 2 in [0,11]
  - 4'597 in [0,12]
  - 1 in [0,14]
  - 75'973 in [0,20]
  - 1 in [0,39]
  - 12'732 in [0,40]
  - 11'552 in [0,60]
  - 11'552 in [0,80]
  - 1 in [10,12]
  - 1 in [161,3602]
  - 1 in [163,3604]
#kAtMostOne: 14'899 (#literals: 53'065)
#kBoolAnd: 40'834 (#enforced: 40'834) (#literals: 139'115)
#kBoolAndClauses: 18'236 (#enforced: 18'236 #multi: 18'236) (#literals: 114'368)
#kBoolOr: 20'817 (#literals: 122'958)
#kExactlyOne: 39'123 (#literals: 917'744)
#kLinear1: 200'806 (#enforced: 200'806 #multi: 36'195)
#kLinear2: 428 (#enforced: 427)
#kLinear3: 68'162 (#enforced: 64'152)
#kLinearN: 246'927 (#enforced: 213'439) (#terms: 1'798'210)
[Symmetry] Graph for symmetry has 1'450'617 nodes and 5'551'126 arcs.
[Symmetry] Graph too large. Skipping. You can use symmetry_level:3 or more to force it.

Preloading model.
#Model  13.38s var:354058/354058 constraints:650232/650232

Starting search at 13.41s with 8 workers.
6 full problem subsolvers: [default_lp, max_lp, no_lp, probing, quick_restart, quick_restart_no_lp]
2 first solution subsolvers: [fj, fs_random_no_lp]
2 interleaved subsolvers: [feasibility_pump, rins/rens]
2 helper subsolvers: [neighborhood_helper, synchronization_agent]

#Model  17.19s var:354057/354058 constraints:650232/650232
#Model  17.63s var:353126/354058 constraints:648642/650232
#Model  18.09s var:353084/354058 constraints:648568/650232
#Model  19.14s var:353070/354058 constraints:648536/650232
#Model  19.61s var:353024/354058 constraints:648448/650232
#Model  20.05s var:353017/354058 constraints:648436/650232
#Model  20.54s var:352950/354058 constraints:648323/650232
#Model  21.03s var:352908/354058 constraints:648248/650232
#Model  21.67s var:352793/354058 constraints:648051/650232
#Model  22.21s var:352748/354058 constraints:647986/650232
#Model  22.76s var:352714/354058 constraints:647920/650232
#Model  23.30s var:352692/354058 constraints:647881/650232
#Model  23.81s var:352648/354058 constraints:647807/650232
#Model  24.34s var:352643/354058 constraints:647796/650232
#Model  24.85s var:352563/354058 constraints:647639/650232
#Model  25.36s var:352512/354058 constraints:647547/650232
#Model  25.84s var:352491/354058 constraints:647510/650232
#Model  26.32s var:352410/354058 constraints:647389/650232
#Model  27.02s var:352395/354058 constraints:647368/650232
#Model  27.52s var:352278/354058 constraints:647178/650232
#Model  28.02s var:352222/354058 constraints:647073/650232
#Model  28.50s var:352209/354058 constraints:647035/650232
#Model  29.00s var:352184/354058 constraints:646989/650232
#Model  29.50s var:352129/354058 constraints:646875/650232
#Model  30.00s var:352117/354058 constraints:646846/650232
#Model  30.51s var:352080/354058 constraints:646778/650232
#Model  31.01s var:352073/354058 constraints:646761/650232
#Model  31.52s var:351978/354058 constraints:646607/650232
#Model  32.02s var:351948/354058 constraints:646564/650232
#Model  32.54s var:351910/354058 constraints:646507/650232
#Model  33.05s var:351879/354058 constraints:646462/650232
#Model  33.57s var:351869/354058 constraints:646440/650232
#Model  34.06s var:351802/354058 constraints:646316/650232
#Model  34.58s var:351786/354058 constraints:646292/650232
#Model  35.09s var:351748/354058 constraints:646219/650232
#Model  35.59s var:351682/354058 constraints:646108/650232
#Model  36.10s var:351666/354058 constraints:646086/650232
#Model  36.61s var:351645/354058 constraints:646039/650232
#Model  37.10s var:351608/354058 constraints:645978/650232
#Model  37.60s var:351579/354058 constraints:645924/650232
#Model  38.13s var:351559/354058 constraints:645892/650232
#Model  38.65s var:351553/354058 constraints:645879/650232
#Model  39.17s var:351552/354058 constraints:645879/650232
#Model  39.70s var:351522/354058 constraints:645834/650232
#Model  41.18s var:351499/354058 constraints:645793/650232
#Model  41.67s var:351472/354058 constraints:645745/650232
#Model  42.17s var:351455/354058 constraints:645707/650232
#Model  42.70s var:351440/354058 constraints:645685/650232
#Model  43.32s var:351415/354058 constraints:645645/650232
#Model  43.88s var:351392/354058 constraints:645593/650232
#Model  44.45s var:351378/354058 constraints:645561/650232
#Model  46.34s var:351343/354058 constraints:645494/650232
#Model  46.92s var:351316/354058 constraints:645445/650232
#Model  47.44s var:351315/354058 constraints:645444/650232
#Model  47.94s var:351305/354058 constraints:645423/650232
#Model  49.03s var:351290/354058 constraints:645402/650232
#Model  49.53s var:351226/354058 constraints:645295/650232
#Model  50.05s var:351206/354058 constraints:645249/650232
#Model  50.59s var:351184/354058 constraints:645198/650232
#Model  51.14s var:351169/354058 constraints:645164/650232
#Model  51.70s var:351167/354058 constraints:645163/650232
#Model  53.10s var:351162/354058 constraints:645151/650232
#Model  53.63s var:351132/354058 constraints:645094/650232
#Model  54.13s var:351131/354058 constraints:645092/650232
#Model  55.65s var:351130/354058 constraints:645092/650232
#Model  57.75s var:351114/354058 constraints:645060/650232
#Model  58.22s var:351110/354058 constraints:645058/650232
#Model  58.70s var:351109/354058 constraints:645057/650232
#Model  61.04s var:351108/354058 constraints:645056/650232
#Model  61.53s var:351086/354058 constraints:645020/650232
#Model  62.07s var:351076/354058 constraints:644998/650232
#Model  62.75s var:351062/354058 constraints:644966/650232
#Model  63.40s var:351045/354058 constraints:644941/650232
#Model  64.19s var:351017/354058 constraints:644890/650232
#Model  64.67s var:350987/354058 constraints:644847/650232
#Model  65.22s var:350971/354058 constraints:644822/650232
#Model  65.57s var:350970/354058 constraints:644822/650232
#Model  66.03s var:350935/354058 constraints:644766/650232
#Model  66.50s var:350905/354058 constraints:644708/650232
#Model  67.06s var:350895/354058 constraints:644686/650232
#Model  67.43s var:350882/354058 constraints:644655/650232
#Model  67.92s var:350823/354058 constraints:644557/650232
#Model  68.32s var:350808/354058 constraints:644534/650232
#Model  68.93s var:350772/354058 constraints:644475/650232
#Model  69.39s var:350757/354058 constraints:644452/650232
#Model  69.95s var:350740/354058 constraints:644426/650232
#Model  70.86s var:350725/354058 constraints:644405/650232
#Model  71.31s var:350700/354058 constraints:644362/650232
#Model  71.90s var:350683/354058 constraints:644336/650232
#Model  72.27s var:350669/354058 constraints:644304/650232
#Model  72.73s var:350636/354058 constraints:644241/650232
#Model  73.09s var:350614/354058 constraints:644201/650232
#Model  73.56s var:350599/354058 constraints:644179/650232
#Model  73.93s var:350582/354058 constraints:644152/650232 [skipped_logs=0]
#Model  74.75s var:350516/354058 constraints:644038/650232 [skipped_logs=1]
#Model  76.36s var:350459/354058 constraints:643944/650232 [skipped_logs=2]
#Model  77.20s var:350407/354058 constraints:643851/650232 [skipped_logs=1]
#Model  78.03s var:350367/354058 constraints:643773/650232 [skipped_logs=1]
#Model  79.31s var:350347/354058 constraints:643744/650232 [skipped_logs=2]
#Model  80.14s var:350262/354058 constraints:643581/650232 [skipped_logs=1]
#Model  81.33s var:350221/354058 constraints:643513/650232 [skipped_logs=2]
#Model  81.95s var:350211/354058 constraints:643492/650232 [skipped_logs=0]
#Model  83.27s var:350182/354058 constraints:643439/650232 [skipped_logs=2]
#Model  84.11s var:350124/354058 constraints:643332/650232 [skipped_logs=1]
#Model  85.11s var:350098/354058 constraints:643283/650232
#Model  85.84s var:350090/354058 constraints:643267/650232 [skipped_logs=0]
#Model  87.26s var:350063/354058 constraints:643216/650232 [skipped_logs=2]
#Model  87.92s var:350046/354058 constraints:643189/650232 [skipped_logs=0]
#Model  89.33s var:350030/354058 constraints:643164/650232 [skipped_logs=1]
#Model  89.72s var:350023/354058 constraints:643148/650232 [skipped_logs=0]

Task timing                      n [     min,      max]      avg      dev     time         n [     min,      max]      avg      dev    dtime
           'default_lp':         1 [   1.28m,    1.28m]    1.28m   0.00ns    1.28m         2 [286.34ms,    1.69m]   50.95s   50.66s    1.70m
     'feasibility_pump':         2 [   1.49s,   46.72s]   24.11s   22.62s   48.21s         1 [  45.35s,   45.35s]   45.35s   0.00ns   45.35s
                   'fj':        21 [135.37ms, 598.38ms] 191.40ms  92.93ms    4.02s        21 [108.44ms, 129.45ms] 125.43ms   6.00ms    2.63s
      'fs_random_no_lp':         1 [   1.28m,    1.28m]    1.28m   0.00ns    1.28m         2 [  2.77ms,   53.42s]   26.71s   26.71s   53.42s
               'max_lp':         1 [   1.28m,    1.28m]    1.28m   0.00ns    1.28m         2 [  33.60s,    1.70m]    1.13m   34.30s    2.26m
                'no_lp':         1 [   1.28m,    1.28m]    1.28m   0.00ns    1.28m         2 [  2.77ms,    1.04m]   31.15s   31.15s    1.04m
              'probing':         1 [   1.28m,    1.28m]    1.28m   0.00ns    1.28m         2 [305.56ms,   21.44s]   10.88s   10.57s   21.75s
        'quick_restart':         1 [   1.28m,    1.28m]    1.28m   0.00ns    1.28m         2 [306.11ms,   49.73s]   25.02s   24.71s   50.04s
  'quick_restart_no_lp':         1 [   1.28m,    1.28m]    1.28m   0.00ns    1.28m         2 [  2.77ms,   48.75s]   24.38s   24.38s   48.76s
            'rins/rens':        36 [101.43ms, 122.27ms] 111.93ms   5.40ms    4.03s         0 [  0.00ns,   0.00ns]   0.00ns   0.00ns   0.00ns

Search stats                Bools  Conflicts  Branches  Restarts  BacktrackToRoot  Backtrack   BoolPropag  IntegerPropag
           'default_lp':  336'779      2'119    33'568         1            2'806      7'305   57'857'616     58'209'395
      'fs_random_no_lp':  336'783     36'500   395'837        25            4'254     45'372  261'709'589    226'311'255
               'max_lp':  336'776          0         2         0                1          1        6'252          7'868
                'no_lp':  336'776     17'459    71'167        53            5'578     29'933  297'414'696    254'929'844
              'probing':  337'657         24     1'760         0            1'749      1'749      148'105        203'224
        'quick_restart':  336'782        215   135'643        10            4'234      9'171   27'531'953     28'986'936
  'quick_restart_no_lp':  337'058      7'904   690'390       697            5'180     17'667  245'442'602    244'446'506

SAT formula               Fixed  Equiv    Total  VarLeft  BinaryClauses  PermanentClauses  TemporaryClauses
           'default_lp':  1'055      0  336'779  335'724      3'505'032           157'642                24
      'fs_random_no_lp':  2'801  1'687  336'783  332'295      3'375'304           154'697            12'938
               'max_lp':  2'152      0  336'776  334'624      1'734'760           158'373                 0
                'no_lp':  3'854  1'701  336'776  331'221      3'413'100           156'151             7'759
              'probing':  3'791      0  337'657  333'866      1'935'574           159'483                 0
        'quick_restart':  3'877  1'687  336'782  331'218      3'316'440           154'836                68
  'quick_restart_no_lp':  3'881  1'687  337'058  331'490      3'571'384           154'810             4'884

SAT stats                 ClassicMinim  LitRemoved  LitRemovedBinary  LitLearned  LitForgotten  Subsumed
           'default_lp':         2'044     407'799             1'724  21'064'214             0     2'040
      'fs_random_no_lp':        25'624     284'107           478'426   4'561'261     1'608'862     2'813
               'max_lp':             0           0                 0           0             0         0
                'no_lp':        15'783     131'032           233'373     548'151       109'212     4'681
              'probing':             0           0                 0          24             0         0
        'quick_restart':            84       3'537             4'364      46'717             0        35
  'quick_restart_no_lp':         4'758     231'559           163'604   6'769'936             0       779

Vivification              Clauses  Decisions  LitTrue  Subsumed  LitRemoved  DecisionReused  Conflicts
           'default_lp':    2'105      5'947      185         0         739               0         48
      'fs_random_no_lp':    2'796     11'200      183       263       3'412             126         63
               'max_lp':        1          2        0         0           0               0          0
                'no_lp':    3'422     15'596      185       527       6'559             220         96
              'probing':       11         22        0         0           0               0          0
        'quick_restart':    2'827      9'571      184       273       3'102             136         66
  'quick_restart_no_lp':    2'883     33'658      186       288       4'530             260         90

Clause deletion           at_true  l_and_not(l)  to_binary  sub_conflict  sub_extra  sub_decisions  sub_eager  sub_vivify  sub_probing  sub_inpro  blocked  eliminated  forgotten  promoted  conflicts
           'default_lp':      419             0          8         2'039          0              0          1           0            0          2        0           0          0     4'105      2'119
      'fs_random_no_lp':    1'081             0         26         2'657        179              3        156         263            0      1'726        0           0     19'293    77'811     36'500
               'max_lp':        0             0          0             0          0              0          0           0            0          0        0           0          0         0          0
                'no_lp':    1'460             1         34         4'120         74            314        561         527            0      1'784        0           0      3'503    48'989     17'459
              'probing':        0             0          0             0          0              0          0           0            0          0        0           0          0         0         24
        'quick_restart':    1'078             2         24            35          0              0          0         273            0      1'704        0           0          0       114        215
  'quick_restart_no_lp':    1'460             2         26           671         35              7        108         288            0      1'717        0           0          0    13'273      7'904

Lp stats            Component  Iterations  AddedCuts  OPTIMAL  DUAL_F.  DUAL_U.
     'default_lp':          1     109'021      5'572      330      133        1
         'max_lp':          1       5'663          0        0        4        0
        'probing':          1      21'044      3'648       97      909        0
  'quick_restart':          1      29'370        380       13    1'621       27

Lp dimension                  Final dimension of first component
     'default_lp':     9375 rows, 253095 columns, 194450 entries
         'max_lp':  995627 rows, 354058 columns, 6692072 entries
        'probing':     4492 rows, 354058 columns, 367756 entries
  'quick_restart':     1425 rows, 354058 columns, 360868 entries

Lp debug            CutPropag  CutEqPropag  Adjust  Overflow     Bad  BadScaling
     'default_lp':          2            0       1         0     234           0
         'max_lp':          0            0       0         0       0           0
        'probing':          0            9       0         0  75'554           0
  'quick_restart':          0            0      24         0   8'258           0

Lp pool             Constraints  Updates  Simplif  Merged  Shortened  Split  Strengthened     Cuts/Call
     'default_lp':      122'378        2    1'729       2      1'075      0             0   5'572/7'051
         'max_lp':      995'627        0        0       0          0      0             0           0/0
        'probing':      999'285       32   80'450       1     22'425      6           950  3'648/11'104
  'quick_restart':      996'007       11   39'615       0     18'202      1           798     380/1'381

Lp Cut           default_lp  quick_restart  probing
         CG_FF:          11             34      284
          CG_K:           6             12      202
         CG_KL:           -             15       33
          CG_R:          11             17      247
         CG_RB:           -              3        4
        CG_RBP:           -              3        -
        Clique:           -             15      130
            IB:       5'514             22      916
      MIR_1_FF:           1             10       10
       MIR_1_K:           -              -        2
      MIR_1_KL:           -              3        3
       MIR_1_R:           1              8       10
      MIR_1_RB:           -              1        2
     MIR_1_RBP:           -              4        1
      MIR_2_FF:           -              4       34
       MIR_2_K:           -              6       16
      MIR_2_KL:           -              2       10
       MIR_2_R:           -              6       44
      MIR_2_RB:           -              2        1
      MIR_3_FF:           9            124      588
       MIR_3_K:           1              -        8
      MIR_3_KL:           8              -        2
       MIR_3_R:           2              1       68
      MIR_4_FF:           1             26      234
       MIR_4_K:           -              -       29
      MIR_4_KL:           1             15       93
       MIR_4_R:           -              1       77
      MIR_5_FF:           -             26      266
       MIR_5_K:           -              1       13
      MIR_5_KL:           -              -       12
       MIR_5_R:           1              1       76
      MIR_5_RB:           -              1        -
      MIR_6_FF:           1              6       81
       MIR_6_K:           1              1       10
      MIR_6_KL:           1              6       27
       MIR_6_R:           2              -       49
  ZERO_HALF_FF:           -              2       26
  ZERO_HALF_KL:           -              -        1
   ZERO_HALF_R:           -              2       39

LNS stats       Improv/Calls  Closed  Difficulty  TimeLimit
  'rins/rens':           0/0      0%    5.00e-01       0.10

LS stats                                    Batches  Restarts/Perturbs  LinMoves  GenMoves  CompoundMoves  Bactracks  WeightUpdates  ScoreComputed
                             'fj_restart':        1                  1       819         0              0          0              1        240'887
                'fj_restart_compound_obj':        1                  1         0       905            905          0              0        211'270
            'fj_restart_compound_perturb':        2                  1         0     6'163          6'157          0              0        314'175
        'fj_restart_compound_perturb_obj':        2                  2         0     6'356          6'356          0              0        306'134
                       'fj_restart_decay':        2                  1     1'481         0              0          0              2        377'786
              'fj_restart_decay_compound':        4                  3         0     3'385          3'358          0              0        938'009
      'fj_restart_decay_compound_perturb':        2                  1         0     6'242          6'233          0              0        316'728
  'fj_restart_decay_compound_perturb_obj':        1                  1         0     3'077          3'077          0              0        145'656
                   'fj_restart_decay_obj':        3                  3     2'458         0              0          0              3        716'252
               'fj_restart_decay_perturb':        1                  1     3'090         0              0          0              0        215'781
           'fj_restart_decay_perturb_obj':        1                  1     2'671         0              0          0              0        188'940
                 'fj_restart_perturb_obj':        1                  1     3'138         0              0          0              0        220'671

Solution repositories    Added  Queried  Synchro
    'alternative_path':      0        0        0
      'best_solutions':      0        0        0
   'fj solution hints':      9        0        9
        'lp solutions':  1'198       36       71
                'pump':      0        0

Improving bounds shared      Num  Sym
       'fs_random_no_lp':    443    0
                 'no_lp':    104    0
               'probing':    207    0
         'quick_restart':     18    0
   'quick_restart_no_lp':  3'621    0

Clauses shared            #Exported  #Imported  #BinaryRead  #BinaryTotal
           'default_lp':     57'842          0      588'308       720'594
      'fs_random_no_lp':    495'167        484      641'593       720'594
               'max_lp':          0        307      588'553       720'594
                'no_lp':      2'698      1'052      720'574       720'594
              'probing':          0      1'420      720'494       720'594
        'quick_restart':     39'219      1'515      720'594       720'594
  'quick_restart_no_lp':    127'334      1'163      720'594       720'594

LRAT_status: NA
CpSolverResponse summary:
status: UNKNOWN
objective: NA
best_bound: NA
integers: 351247
booleans: 336779
conflicts: 2119
branches: 33568
propagations: 57857616
integer_propagations: 58209395
restarts: 1
lp_iterations: 109021
walltime: 90.6299
usertime: 90.6299
deterministic_time: 531.191
gap_integral: 0

