
Starting CP-SAT solver v9.15.6755
Parameters: random_seed: 20260922 max_time_in_seconds: 600 log_search_progress: true linearization_level: 2 num_search_workers: 8 cp_model_probing_level: 0 symmetry_level: 2 log_to_stdout: false

Initial satisfaction model '': (model_fingerprint: 0xfbf0b852bcd4bc57)
#Variables: 137'710 (109'925 primary variables)
  - 132'947 Booleans in [0,1]
  - 4'762 in [0,12]
  - 1 in [10,12]
#kBoolAnd: 28'586 (#enforced: 28'586) (#literals: 57'172)
#kBoolOr: 35'889 (#enforced: 35'889) (#literals: 165'369)
#kExactlyOne: 1 (#literals: 47)
#kLinear1: 316 (#enforced: 175)
#kLinear2: 89'157 (#enforced: 1'373)
#kLinear3: 3'994 (#enforced: 2'272)
#kLinearN: 101'912 (#enforced: 41'243) (#terms: 1'582'480)

Starting presolve at 0.14s
  6.91e-02s  0.00e+00d  [DetectDominanceRelations] 
  6.09e-01s  0.00e+00d  [PresolveToFixPoint] #num_loops=3 #num_dual_strengthening=2 
  5.29e-03s  0.00e+00d  [ExtractEncodingFromLinear] #potential_supersets=18'923 #potential_subsets=4 #exo_encodings=2 #literals=4 
  2.18e-02s  0.00e+00d  [DetectDuplicateColumns] 
  5.33e-03s  0.00e+00d  [DetectDuplicateConstraints] 
[Symmetry] Graph for symmetry has 514'245 nodes and 2'317'587 arcs.
[Symmetry] Symmetry computation done. time: 0.108272 dtime: 0.331602
[SAT presolve] num removable Booleans: 0 / 127'662
[SAT presolve] num trivial clauses: 0
[SAT presolve] [0s] clauses:174'261 literals:560'823 vars:117'810 one_side_vars:110838 simple_definition:6'659 singleton_clauses:0
[SAT presolve] [0.00714155s] clauses:171'989 literals:544'803 vars:117'810 one_side_vars:117452 simple_definition:270 singleton_clauses:0
[SAT presolve] [0.0117314s] clauses:171'989 literals:544'803 vars:117'810 one_side_vars:117452 simple_definition:270 singleton_clauses:0
[MaxClique] Merged 114652 with 235653 literals) into 97940(214043 literals) at_most_ones.
  1.59e-01s  0.00e+00d  [ProcessAtMostOneAndLinear] #num_changes=299 
  5.83e-03s  0.00e+00d  [DetectDuplicateConstraints] 
  5.19e-03s  0.00e+00d  [DetectDuplicateConstraintsWithDifferentEnforcements] #without_enforcements=168 
  5.36e-01s  1.00e-01d  [DetectDominatedLinearConstraints] #relevant_constraints=71'124 #num_inclusions=44'955 
  5.79e-03s  0.00e+00d  [DetectDifferentVariables] 
  6.26e-02s  1.16e-02d  [ProcessSetPPC] #relevant_constraints=223'030 #num_inclusions=35 
  1.91e-02s  2.42e-03d  [TransformClausesToExactlyOne] #num_amos=97'937 #num_clauses=57'478 #num_checked=57'478 
  5.47e-02s  0.00e+00d  [DetectEncodedComplexDomains] 
  4.20e-03s  1.67e-04d  [FindAlmostIdenticalLinearConstraints] #num_tested_pairs=4'798 
  1.37e-01s  1.00e+00d *[FindBigAtMostOneAndLinearOverlap] 
  1.28e-01s  1.00e+00d *[FindBigVerticalLinearOverlap] #blocks=48 #saved_nz=180'728 
  1.36e-01s  1.00e+00d *[FindBigHorizontalLinearOverlap] #blocks=2 #saved_nz=380 #linears=36'123 
  1.23e-02s  1.58e-03d  [MergeClauses] #num_collisions=18'251 #num_merges=18'251 #num_saved_literals=77'930 
  6.18e-02s  0.00e+00d  [DetectDominanceRelations] 
  1.93e-01s  0.00e+00d  [PresolveToFixPoint] #num_loops=3 #num_dual_strengthening=1 
  6.11e-02s  0.00e+00d  [DetectDominanceRelations] 
  1.88e-01s  0.00e+00d  [PresolveToFixPoint] #num_loops=1 #num_dual_strengthening=1 
  2.00e-02s  0.00e+00d  [DetectDuplicateColumns] 
  5.04e-03s  0.00e+00d  [DetectDuplicateConstraints] 
[Symmetry] Graph for symmetry has 490'412 nodes and 2'012'827 arcs.
[Symmetry] Symmetry computation done. time: 0.0898099 dtime: 0.296322
[SAT presolve] num removable Booleans: 0 / 127'654
[SAT presolve] num trivial clauses: 0
[SAT presolve] [0s] clauses:148'161 literals:497'150 vars:110'029 one_side_vars:109701 simple_definition:271 singleton_clauses:0
[SAT presolve] [0.00543826s] clauses:148'161 literals:496'968 vars:110'029 one_side_vars:109883 simple_definition:89 singleton_clauses:0
[SAT presolve] [0.0103857s] clauses:148'161 literals:496'968 vars:110'029 one_side_vars:109883 simple_definition:89 singleton_clauses:0
[MaxClique] Merged 100689 with 219488 literals) into 92682(208721 literals) at_most_ones.
  8.33e-02s  0.00e+00d  [ProcessAtMostOneAndLinear] 
  6.16e-03s  0.00e+00d  [DetectDuplicateConstraints] 
  5.72e-03s  0.00e+00d  [DetectDuplicateConstraintsWithDifferentEnforcements] #without_enforcements=168 
  8.63e-02s  1.60e-02d  [DetectDominatedLinearConstraints] #relevant_constraints=71'164 #num_inclusions=23'146 
  6.43e-03s  0.00e+00d  [DetectDifferentVariables] 
  6.06e-02s  1.05e-02d  [ProcessSetPPC] #relevant_constraints=217'550 #num_inclusions=33 
  1.95e-02s  2.42e-03d  [TransformClausesToExactlyOne] #num_amos=92'681 #num_clauses=57'299 #num_checked=57'299 
  4.84e-02s  0.00e+00d  [DetectEncodedComplexDomains] 
  4.88e-03s  1.68e-04d  [FindAlmostIdenticalLinearConstraints] #num_tested_pairs=4'777 
  2.54e-01s  1.00e+00d *[FindBigAtMostOneAndLinearOverlap] 
  8.06e-02s  1.00e+00d *[FindBigVerticalLinearOverlap] #blocks=1 #saved_nz=43 
  1.38e-01s  1.00e+00d *[FindBigHorizontalLinearOverlap] #linears=36'117 
  1.33e-02s  1.58e-03d  [MergeClauses] #num_collisions=18'250 #num_merges=18'250 #num_saved_literals=77'928 
  6.44e-02s  0.00e+00d  [DetectDominanceRelations] 
  1.96e-01s  0.00e+00d  [PresolveToFixPoint] #num_loops=3 #num_dual_strengthening=1 
  6.43e-02s  0.00e+00d  [DetectDominanceRelations] 
  1.95e-01s  0.00e+00d  [PresolveToFixPoint] #num_loops=1 #num_dual_strengthening=1 
  1.97e-02s  0.00e+00d  [DetectDuplicateColumns] 
  5.62e-03s  0.00e+00d  [DetectDuplicateConstraints] 
[Symmetry] Graph for symmetry has 490'118 nodes and 1'996'735 arcs.
[Symmetry] Symmetry computation done. time: 0.0910488 dtime: 0.295918
[SAT presolve] num removable Booleans: 0 / 127'646
[SAT presolve] num trivial clauses: 0
[SAT presolve] [0s] clauses:135'178 literals:471'003 vars:109'713 one_side_vars:109561 simple_definition:95 singleton_clauses:0
[SAT presolve] [0.00490704s] clauses:135'178 literals:471'003 vars:109'713 one_side_vars:109561 simple_definition:95 singleton_clauses:0
[SAT presolve] [0.00972884s] clauses:135'178 literals:471'003 vars:109'713 one_side_vars:109561 simple_definition:95 singleton_clauses:0
[MaxClique] Merged 92765 with 208833 literals) into 92676(208655 literals) at_most_ones.
  8.35e-02s  0.00e+00d  [ProcessAtMostOneAndLinear] 
  6.60e-03s  0.00e+00d  [DetectDuplicateConstraints] 
  6.41e-03s  0.00e+00d  [DetectDuplicateConstraintsWithDifferentEnforcements] #without_enforcements=168 
  9.90e-02s  1.60e-02d  [DetectDominatedLinearConstraints] #relevant_constraints=71'157 #num_inclusions=23'141 
  7.02e-03s  0.00e+00d  [DetectDifferentVariables] 
  6.09e-02s  1.05e-02d  [ProcessSetPPC] #relevant_constraints=217'532 #num_inclusions=33 
  2.03e-02s  2.42e-03d  [TransformClausesToExactlyOne] #num_amos=92'675 #num_clauses=57'300 #num_checked=57'300 
  6.24e-02s  0.00e+00d  [DetectEncodedComplexDomains] 
  5.53e-03s  1.68e-04d  [FindAlmostIdenticalLinearConstraints] #num_tested_pairs=4'811 
  2.56e-01s  1.00e+00d *[FindBigAtMostOneAndLinearOverlap] 
  8.06e-02s  1.00e+00d *[FindBigVerticalLinearOverlap] 
  1.38e-01s  1.00e+00d *[FindBigHorizontalLinearOverlap] #linears=36'110 
  1.40e-02s  1.58e-03d  [MergeClauses] #num_collisions=18'249 #num_merges=18'249 #num_saved_literals=77'926 
  6.63e-02s  0.00e+00d  [DetectDominanceRelations] 
  2.00e-01s  0.00e+00d  [PresolveToFixPoint] #num_loops=3 #num_dual_strengthening=1 
  3.29e-03s  0.00e+00d  [MergeNoOverlap] 
  3.41e-03s  0.00e+00d  [MergeNoOverlap2D] 

Presolve summary:
  - 5149 affine relations were detected.
  - rule 'TODO domination: unexploited dominations' was applied 2 times.
  - rule 'TODO dual: only one blocking constraint?' was applied 3'602 times.
  - rule 'TODO dual: tighten at most one' was applied 286 times.
  - rule 'TODO linear2: convert ax + by != cte to clauses for large domains' was applied 1'008 times.
  - rule 'affine: new relation' was applied 5'149 times.
  - rule 'at_most_one: removed literals' was applied 9 times.
  - rule 'at_most_one: satisfied' was applied 8 times.
  - rule 'at_most_one: size one' was applied 6 times.
  - rule 'at_most_one: transformed into max clique' was applied 3 times.
  - rule 'bool_and: fixed literals' was applied 4 times.
  - rule 'bool_and: non-reified' was applied 1 time.
  - rule 'bool_and: x => x' was applied 3'648 times.
  - rule 'bool_or: always true' was applied 14 times.
  - rule 'bool_or: implications' was applied 86'158 times.
  - rule 'bool_or: removed enforcement literal' was applied 10'664 times.
  - rule 'deductions: 299 stored' was applied 1 time.
  - rule 'domination: added implications' was applied 7'556 times.
  - rule 'dual: enforced equivalence' was applied 3'648 times.
  - rule 'encoding: candidate linear is all boolean now' was applied 2 times.
  - rule 'encoding: extracted from linear' was applied 2 times.
  - rule 'encoding: reduced target domain' was applied 2 times.
  - rule 'enforcement: false literal' was applied 3 times.
  - rule 'enforcement: true literal' was applied 1 time.
  - rule 'exactly_one: removed literals' was applied 3 times.
  - rule 'linear + amo: empty after processing' was applied 2 times.
  - rule 'linear + amo: extracted enforcement literal' was applied 278 times.
  - rule 'linear + amo: fixed literal implied by enforcement' was applied 57 times.
  - rule 'linear matrix: common horizontal rectangle' was applied 2 times.
  - rule 'linear matrix: common vertical rectangle' was applied 49 times.
  - rule 'linear matrix: defining equation for common rectangle' was applied 1 time.
  - rule 'linear1: x in domain' was applied 276 times.
  - rule 'linear2: convert ax + by != cte to clauses' was applied 87'370 times.
  - rule 'linear2: convert implied ax + by == cte to clauses' was applied 156 times.
  - rule 'linear: always true' was applied 176 times.
  - rule 'linear: empty' was applied 6 times.
  - rule 'linear: extracted at most one (min)' was applied 2 times.
  - rule 'linear: fixed or dup variables' was applied 39 times.
  - rule 'linear: negative equal one' was applied 6'366 times.
  - rule 'linear: never in domain' was applied 2 times.
  - rule 'linear: positive at most one' was applied 139 times.
  - rule 'linear: positive clause' was applied 13'328 times.
  - rule 'linear: positive equal one' was applied 12'417 times.
  - rule 'linear: reduced variable domains' was applied 33 times.
  - rule 'linear: reduced variable domains in derived constraint' was applied 25 times.
  - rule 'linear: remapped using affine relations' was applied 5'364 times.
  - rule 'linear: simplify using approximate gcd' was applied 1 time.
  - rule 'linear: small Boolean expression' was applied 2'272 times.
  - rule 'linear: variable substitution 2' was applied 3 times.
  - rule 'presolve: 300 unused variables removed.' was applied 1 time.
  - rule 'presolve: iteration' was applied 3 times.
  - rule 'setppc: bool_or in at_most_one' was applied 5 times.
  - rule 'setppc: fixed variables' was applied 3 times.
  - rule 'variables: detect half reified value encoding' was applied 252 times.

Presolved satisfaction model '': (model_fingerprint: 0x327bf158385deb9)
#Variables: 132'308 (106'847 primary variables)
  - 127'638 Booleans in [0,1]
  - 4 in [-12,12]
  - 37 in [0,2]
  - 6 in [0,3]
  - 2 in [0,4]
  - 2 in [0,5]
  - 5 in [0,6]
  - 3 in [0,7]
  - 2 in [0,8]
  - 2 in [0,9]
  - 4 in [0,10]
  - 2 in [0,11]
  - 4'597 in [0,12]
  - 1 in [0,39]
  - 1 in [10,12]
  - 1 in [160,3603]
  - 1 in [163,3606]
#kAtMostOne: 14'881 (#literals: 53'011)
#kBoolAnd: 29'204 (#enforced: 29'204) (#literals: 107'081)
#kBoolAndClauses: 18'236 (#enforced: 18'236 #multi: 18'236) (#literals: 114'368)
#kBoolOr: 20'817 (#literals: 122'958)
#kExactlyOne: 18'786 (#literals: 793'432)
#kLinear1: 252 (#enforced: 252)
#kLinear2: 1
#kLinear3: 4'013 (#enforced: 2)
#kLinearN: 67'138 (#enforced: 41'232) (#terms: 495'099)
[Symmetry] Graph for symmetry has 484'645 nodes and 1'996'614 arcs.
[Symmetry] Symmetry computation done. time: 0.090633 dtime: 0.295508

Preloading model.
#Model   6.17s var:132308/132308 constraints:173328/173328

Starting search at 6.18s with 8 workers.
6 full problem subsolvers: [default_lp, max_lp, no_lp, probing, quick_restart, quick_restart_no_lp]
2 first solution subsolvers: [fj, fs_random_no_lp]
2 interleaved subsolvers: [feasibility_pump, rins/rens]
2 helper subsolvers: [neighborhood_helper, synchronization_agent]

#Model   8.14s var:132307/132308 constraints:173328/173328
#Model   8.34s var:132305/132308 constraints:173328/173328
#Model   8.94s var:131781/132308 constraints:172816/173328
#Model   9.03s var:131757/132308 constraints:172790/173328
#Model   9.18s var:131721/132308 constraints:172754/173328
#Model   9.35s var:131709/132308 constraints:172742/173328
#Model   9.50s var:131700/132308 constraints:172727/173328
#Model   9.63s var:131697/132308 constraints:172726/173328
#Model   9.79s var:131694/132308 constraints:172722/173328
#Model   9.93s var:131644/132308 constraints:172676/173328
#Model  10.10s var:131621/132308 constraints:172651/173328
#Model  10.28s var:131620/132308 constraints:172651/173328
#Model  10.44s var:131612/132308 constraints:172638/173328
#Model  10.60s var:131607/132308 constraints:172630/173328
#Model  10.76s var:131522/132308 constraints:172534/173328
#Model  10.92s var:131512/132308 constraints:172518/173328
#Model  11.10s var:131488/132308 constraints:172495/173328
#Model  11.29s var:131459/132308 constraints:172458/173328
#Model  11.49s var:131457/132308 constraints:172457/173328
#Model  11.69s var:131444/132308 constraints:172446/173328
#Model  11.88s var:131424/132308 constraints:172422/173328
#Model  12.08s var:131408/132308 constraints:172410/173328
#Model  12.28s var:131406/132308 constraints:172408/173328
#Model  12.47s var:131394/132308 constraints:172392/173328
#Model  12.67s var:131374/132308 constraints:172367/173328
#Model  12.87s var:131373/132308 constraints:172367/173328
#Model  13.07s var:131361/132308 constraints:172355/173328
#Model  13.27s var:131347/132308 constraints:172344/173328
#Model  13.47s var:131334/132308 constraints:172331/173328
#Model  13.67s var:131333/132308 constraints:172330/173328
#Model  13.87s var:131317/132308 constraints:172314/173328
#Model  13.96s var:131315/132308 constraints:172311/173328
#Model  14.07s var:131302/132308 constraints:172291/173328
#Model  14.18s var:131301/132308 constraints:172284/173328
#Model  15.05s var:131255/132308 constraints:172233/173328 [skipped_logs=4]
#Model  16.02s var:131238/132308 constraints:172210/173328 [skipped_logs=3]
#Model  17.08s var:131183/132308 constraints:172149/173328 [skipped_logs=5]
#Model  18.07s var:131152/132308 constraints:172101/173328 [skipped_logs=3]
#Model  18.98s var:131089/132308 constraints:172022/173328 [skipped_logs=5]
#Model  19.90s var:131015/132308 constraints:171916/173328 [skipped_logs=5]
#Model  21.09s var:130972/132308 constraints:171866/173328 [skipped_logs=5]
#Model  21.98s var:130969/132308 constraints:171864/173328 [skipped_logs=1]
#Model  23.07s var:130930/132308 constraints:171813/173328 [skipped_logs=4]
#Model  24.07s var:130916/132308 constraints:171800/173328 [skipped_logs=1]
#Model  24.78s var:130899/132308 constraints:171772/173328 [skipped_logs=2]
#Model  26.08s var:130882/132308 constraints:171746/173328 [skipped_logs=2]
#Model  27.00s var:130871/132308 constraints:171729/173328 [skipped_logs=4]
#Model  27.60s var:130867/132308 constraints:171725/173328 [skipped_logs=2]
#Model  28.88s var:130847/132308 constraints:171705/173328 [skipped_logs=3]
#Model  29.75s var:130844/132308 constraints:171701/173328 [skipped_logs=1]
#Model  30.36s var:130837/132308 constraints:171688/173328 [skipped_logs=1]
#Model  31.17s var:130825/132308 constraints:171667/173328 [skipped_logs=0]
#Model  32.94s var:130808/132308 constraints:171640/173328 [skipped_logs=3]
#Model  33.94s var:130805/132308 constraints:171639/173328 [skipped_logs=2]
#Model  34.94s var:130795/132308 constraints:171623/173328 [skipped_logs=1]
#Model  35.52s var:130790/132308 constraints:171619/173328 [skipped_logs=2]
#Model  36.43s var:130783/132308 constraints:171610/173328 [skipped_logs=1]
#Model  37.67s var:130767/132308 constraints:171586/173328 [skipped_logs=2]
#Model  38.91s var:130756/132308 constraints:171565/173328 [skipped_logs=1]
#Model  39.73s var:130748/132308 constraints:171553/173328 [skipped_logs=2]
#Model  40.81s var:130740/132308 constraints:171538/173328 [skipped_logs=3]
#Model  42.09s var:130726/132308 constraints:171513/173328 [skipped_logs=4]
#Model  43.07s var:130699/132308 constraints:171476/173328 [skipped_logs=5]
#Model  43.66s var:130687/132308 constraints:171460/173328 [skipped_logs=3]
#Model  44.97s var:130684/132308 constraints:171460/173328 [skipped_logs=1]
#Model  46.02s var:130671/132308 constraints:171442/173328 [skipped_logs=4]
#Model  47.00s var:130657/132308 constraints:171417/173328 [skipped_logs=4]
#Model  48.07s var:130637/132308 constraints:171381/173328 [skipped_logs=3]
#Model  48.95s var:130626/132308 constraints:171365/173328 [skipped_logs=2]
#Model  49.51s var:130614/132308 constraints:171353/173328 [skipped_logs=0]
#Model  50.82s var:130602/132308 constraints:171331/173328 [skipped_logs=3]
#Model  51.59s var:130596/132308 constraints:171324/173328 [skipped_logs=3]
#Model  52.78s var:130590/132308 constraints:171311/173328 [skipped_logs=2]
#Model  53.58s var:130586/132308 constraints:171306/173328 [skipped_logs=2]
#Model  55.05s var:130583/132308 constraints:171297/173328
#Model  56.05s var:130578/132308 constraints:171292/173328 [skipped_logs=2]
#Model  57.04s var:130566/132308 constraints:171271/173328 [skipped_logs=1]
#Model  57.74s var:130553/132308 constraints:171247/173328 [skipped_logs=2]
#Model  58.68s var:130552/132308 constraints:171247/173328 [skipped_logs=0]
#Model  59.76s var:130549/132308 constraints:171244/173328 [skipped_logs=1]
#Model  61.06s var:130542/132308 constraints:171233/173328 [skipped_logs=3]
#Model  61.67s var:130534/132308 constraints:171224/173328 [skipped_logs=2]
#Model  62.87s var:130527/132308 constraints:171212/173328 [skipped_logs=3]
#Model  64.07s var:130523/132308 constraints:171209/173328 [skipped_logs=2]
#Model  65.56s var:130521/132308 constraints:171207/173328
#Model  66.08s var:130520/132308 constraints:171206/173328
#Model  66.87s var:130519/132308 constraints:171205/173328 [skipped_logs=0]
#Model  67.40s var:130518/132308 constraints:171202/173328 [skipped_logs=0]
#Model  68.94s var:130512/132308 constraints:171194/173328 [skipped_logs=2]
#Model  69.92s var:130499/132308 constraints:171177/173328 [skipped_logs=4]
#Model  71.07s var:130489/132308 constraints:171164/173328 [skipped_logs=4]
#Model  71.61s var:130486/132308 constraints:171162/173328 [skipped_logs=1]
#Model  72.96s var:130481/132308 constraints:171156/173328 [skipped_logs=2]
#Model  74.06s var:130472/132308 constraints:171141/173328 [skipped_logs=3]
#Model  74.36s var:130469/132308 constraints:171136/173328 [skipped_logs=1]
#Model  76.04s var:130466/132308 constraints:171134/173328 [skipped_logs=1]
#Model  76.89s var:130463/132308 constraints:171129/173328 [skipped_logs=1]
#Model  77.49s var:130452/132308 constraints:171111/173328 [skipped_logs=2]
#Model  78.94s var:130446/132308 constraints:171105/173328 [skipped_logs=3]
#Model  79.39s var:130440/132308 constraints:171098/173328 [skipped_logs=1]
#Model  80.81s var:130436/132308 constraints:171092/173328 [skipped_logs=3]
#Model  81.75s var:130431/132308 constraints:171087/173328 [skipped_logs=3]
#Model  82.83s var:130425/132308 constraints:171076/173328 [skipped_logs=0]
#Model  83.43s var:130424/132308 constraints:171075/173328 [skipped_logs=0]
#Model  84.83s var:130415/132308 constraints:171061/173328 [skipped_logs=2]
#Model  85.93s var:130408/132308 constraints:171052/173328 [skipped_logs=3]
#Model  86.53s var:130407/132308 constraints:171052/173328 [skipped_logs=0]
#Model  88.13s var:130406/132308 constraints:171050/173328
#Model  89.53s var:130405/132308 constraints:171050/173328
#Model  89.73s var:130404/132308 constraints:171050/173328 [skipped_logs=0]
#Model  90.44s var:130402/132308 constraints:171049/173328 [skipped_logs=1]
#Model  91.96s var:130399/132308 constraints:171045/173328 [skipped_logs=2]
#Model  92.98s var:130397/132308 constraints:171044/173328 [skipped_logs=0]
#Model  93.49s var:130393/132308 constraints:171042/173328 [skipped_logs=1]
#Model  95.09s var:130390/132308 constraints:171037/173328 [skipped_logs=2]
#Model  96.07s var:130386/132308 constraints:171030/173328 [skipped_logs=2]
#Model  96.85s var:130381/132308 constraints:171020/173328 [skipped_logs=2]
#Model  97.77s var:130380/132308 constraints:171018/173328 [skipped_logs=0]
#Model  98.34s var:130376/132308 constraints:171012/173328 [skipped_logs=2]
#Model 100.00s var:130372/132308 constraints:171006/173328 [skipped_logs=1]
#Model 100.94s var:130369/132308 constraints:171000/173328 [skipped_logs=2]
#Model 101.91s var:130364/132308 constraints:170995/173328 [skipped_logs=2]
#Model 103.33s var:130363/132308 constraints:170995/173328
#Model 103.78s var:130362/132308 constraints:170995/173328 [skipped_logs=0]
#Model 104.79s var:130359/132308 constraints:170992/173328 [skipped_logs=1]
#Model 105.56s var:130357/132308 constraints:170989/173328 [skipped_logs=0]
#Model 108.55s var:130356/132308 constraints:170989/173328
#Model 109.15s var:130354/132308 constraints:170985/173328
#Model 109.56s var:130353/132308 constraints:170983/173328
#Model 110.43s var:130352/132308 constraints:170981/173328
#Model 110.83s var:130351/132308 constraints:170981/173328 [skipped_logs=0]
#Model 111.61s var:130350/132308 constraints:170980/173328 [skipped_logs=0]
#Model 113.00s var:130349/132308 constraints:170979/173328
#Model 113.90s var:130346/132308 constraints:170976/173328 [skipped_logs=1]
#Model 117.61s var:130344/132308 constraints:170972/173328
#Model 118.01s var:130343/132308 constraints:170971/173328
#Model 118.31s var:130342/132308 constraints:170969/173328
#Model 119.32s var:130341/132308 constraints:170967/173328
#Model 119.82s var:130340/132308 constraints:170965/173328
#Model 121.23s var:130338/132308 constraints:170964/173328
#Model 122.33s var:130336/132308 constraints:170960/173328
#Model 123.83s var:130334/132308 constraints:170959/173328
#Model 125.94s var:130333/132308 constraints:170958/173328
#Model 127.33s var:130332/132308 constraints:170956/173328
#Model 127.74s var:130331/132308 constraints:170955/173328
#Model 129.02s var:130329/132308 constraints:170954/173328
#Model 131.79s var:130328/132308 constraints:170952/173328
#Model 134.25s var:130325/132308 constraints:170948/173328
#Model 134.39s var:130323/132308 constraints:170944/173328
#Model 134.72s var:130322/132308 constraints:170943/173328
#Model 134.97s var:130321/132308 constraints:170943/173328
#Model 137.05s var:130320/132308 constraints:170941/173328
#Model 137.18s var:130318/132308 constraints:170940/173328
#Model 137.44s var:130317/132308 constraints:170939/173328
#Model 139.66s var:130312/132308 constraints:170932/173328
#Model 140.49s var:130311/132308 constraints:170932/173328
#Model 141.13s var:130310/132308 constraints:170930/173328
#Model 141.56s var:130308/132308 constraints:170929/173328
#Model 147.99s var:130307/132308 constraints:170929/173328
#Model 148.42s var:130306/132308 constraints:170928/173328
#Model 149.83s var:130304/132308 constraints:170924/173328
#Model 152.15s var:130303/132308 constraints:170924/173328
#Model 152.66s var:130302/132308 constraints:170922/173328
#Model 153.06s var:130301/132308 constraints:170920/173328
#Model 153.87s var:130300/132308 constraints:170919/173328
#Model 154.08s var:130299/132308 constraints:170916/173328
#Model 154.69s var:130298/132308 constraints:170914/173328
#Model 154.90s var:130296/132308 constraints:170911/173328
#Model 157.42s var:130295/132308 constraints:170909/173328
#Model 157.94s var:130288/132308 constraints:170896/173328
#Model 158.16s var:130287/132308 constraints:170893/173328
#Model 159.19s var:130286/132308 constraints:170893/173328
#Model 159.40s var:130284/132308 constraints:170892/173328
#Model 163.23s var:130283/132308 constraints:170892/173328
#Model 163.84s var:130282/132308 constraints:170891/173328
#Model 165.75s var:130281/132308 constraints:170889/173328
#Model 166.15s var:130280/132308 constraints:170889/173328
#Model 168.36s var:130279/132308 constraints:170886/173328
#Model 168.66s var:130278/132308 constraints:170885/173328
#Model 170.79s var:130276/132308 constraints:170879/173328
#Model 172.19s var:130275/132308 constraints:170877/173328
#Model 172.69s var:130274/132308 constraints:170873/173328
#Model 172.90s var:130273/132308 constraints:170871/173328
#Model 174.38s var:130272/132308 constraints:170870/173328
#Model 174.63s var:130271/132308 constraints:170870/173328
#Model 174.88s var:130270/132308 constraints:170869/173328
#Model 176.59s var:130268/132308 constraints:170865/173328
#Model 181.18s var:130267/132308 constraints:170863/173328
#Model 185.02s var:130264/132308 constraints:170858/173328
#Model 185.84s var:130263/132308 constraints:170858/173328
#Model 186.62s var:130262/132308 constraints:170856/173328
#Model 186.99s var:130261/132308 constraints:170855/173328
#Model 188.83s var:130260/132308 constraints:170852/173328
#Model 189.14s var:130259/132308 constraints:170851/173328
#Model 189.90s var:130258/132308 constraints:170850/173328
#Model 190.00s var:130257/132308 constraints:170849/173328
#Model 191.81s var:130256/132308 constraints:170848/173328
#Model 192.04s var:130255/132308 constraints:170845/173328
#Model 198.63s var:130254/132308 constraints:170843/173328
#Model 201.03s var:130251/132308 constraints:170839/173328
#Model 203.47s var:130250/132308 constraints:170837/173328
#Model 215.76s var:130249/132308 constraints:170835/173328
#Model 218.98s var:130248/132308 constraints:170834/173328
#Model 226.27s var:130247/132308 constraints:170833/173328
#Model 228.82s var:130246/132308 constraints:170833/173328
#Model 235.19s var:130245/132308 constraints:170831/173328
#Model 238.16s var:130244/132308 constraints:170829/173328
#Model 240.66s var:130241/132308 constraints:170825/173328
#Model 240.92s var:130240/132308 constraints:170823/173328
#Model 244.62s var:130239/132308 constraints:170821/173328
#Model 244.75s var:130238/132308 constraints:170819/173328
#Model 246.39s var:130237/132308 constraints:170817/173328
#Model 250.49s var:130236/132308 constraints:170816/173328
#Model 251.01s var:130235/132308 constraints:170815/173328
#Model 254.53s var:130234/132308 constraints:170813/173328
#Model 255.35s var:130233/132308 constraints:170811/173328
#Model 255.56s var:130230/132308 constraints:170806/173328
#Model 265.06s var:130229/132308 constraints:170804/173328
#Model 267.86s var:130228/132308 constraints:170803/173328
#Model 269.16s var:130227/132308 constraints:170801/173328
#Model 274.56s var:130226/132308 constraints:170799/173328
#Model 275.26s var:130225/132308 constraints:170798/173328
#Model 285.10s var:130224/132308 constraints:170797/173328
#Model 285.82s var:130223/132308 constraints:170796/173328
#Model 286.28s var:130222/132308 constraints:170794/173328
#Model 291.75s var:130221/132308 constraints:170792/173328
#Model 306.27s var:130220/132308 constraints:170789/173328
#Model 307.94s var:130219/132308 constraints:170788/173328
#Model 311.48s var:130218/132308 constraints:170786/173328
#Model 313.38s var:130217/132308 constraints:170785/173328
#Model 324.81s var:130216/132308 constraints:170783/173328
#Model 325.71s var:130211/132308 constraints:170774/173328
#Model 326.82s var:130210/132308 constraints:170773/173328
#Model 344.53s var:130209/132308 constraints:170771/173328
#Model 345.79s var:130208/132308 constraints:170769/173328
#Model 349.80s var:130207/132308 constraints:170767/173328
#Model 366.87s var:130200/132308 constraints:170754/173328
#Model 380.43s var:130199/132308 constraints:170752/173328
#Model 392.59s var:130196/132308 constraints:170747/173328
#Model 397.02s var:130195/132308 constraints:170746/173328
#Model 398.89s var:130194/132308 constraints:170745/173328
#Model 400.10s var:130193/132308 constraints:170743/173328
#Model 401.82s var:130192/132308 constraints:170742/173328
#Model 405.83s var:130191/132308 constraints:170740/173328
#Model 413.72s var:130190/132308 constraints:170738/173328
#Model 414.84s var:130189/132308 constraints:170736/173328
#Model 426.05s var:130182/132308 constraints:170726/173328
#Model 438.26s var:130181/132308 constraints:170725/173328
#Model 449.19s var:130180/132308 constraints:170724/173328
#Model 450.37s var:130179/132308 constraints:170722/173328
#Model 455.35s var:130178/132308 constraints:170720/173328
#Model 464.00s var:130175/132308 constraints:170716/173328
#Model 466.04s var:130174/132308 constraints:170715/173328
#Model 470.83s var:130173/132308 constraints:170714/173328
#Model 472.20s var:130172/132308 constraints:170713/173328
#Model 486.79s var:130171/132308 constraints:170712/173328
#Model 487.09s var:130168/132308 constraints:170708/173328
#Model 495.29s var:130167/132308 constraints:170706/173328
#Model 499.85s var:130166/132308 constraints:170704/173328
#Model 508.05s var:130165/132308 constraints:170702/173328
#Model 508.78s var:130164/132308 constraints:170700/173328
#Model 514.17s var:130163/132308 constraints:170698/173328
#Model 517.03s var:130160/132308 constraints:170694/173328
#Model 523.37s var:130159/132308 constraints:170693/173328
#Model 552.94s var:130158/132308 constraints:170692/173328
#Model 566.79s var:130157/132308 constraints:170691/173328
#Model 573.00s var:130156/132308 constraints:170690/173328
#Model 579.20s var:130155/132308 constraints:170688/173328
#Model 593.56s var:130154/132308 constraints:170687/173328

Task timing                      n [     min,      max]      avg      dev     time         n [     min,      max]      avg      dev    dtime
           'default_lp':         1 [   9.90m,    9.90m]    9.90m   0.00ns    9.90m         2 [358.31ms,   10.02m]    5.01m    5.01m   10.03m
     'feasibility_pump':        19 [443.54ms,   32.56s]   15.50s   10.18s    4.91m        18 [397.02ms,   51.81s]   26.61s   14.41s    7.98m
                   'fj':      2887 [ 29.27ms, 137.16ms]  65.03ms  18.28ms    3.13m      2887 [ 76.43ms, 131.15ms] 108.57ms   8.74ms    5.22m
      'fs_random_no_lp':         1 [   9.90m,    9.90m]    9.90m   0.00ns    9.90m         2 [151.71us,   13.16m]    6.58m    6.58m   13.16m
               'max_lp':         1 [   9.89m,    9.89m]    9.89m   0.00ns    9.89m         2 [   2.05s,   17.40m]    8.72m    8.69m   17.44m
                'no_lp':         1 [   9.90m,    9.90m]    9.90m   0.00ns    9.90m         2 [151.71us,   14.90m]    7.45m    7.45m   14.90m
              'probing':         1 [   9.90m,    9.90m]    9.90m   0.00ns    9.90m         2 [261.91ms,    7.67m]    3.84m    3.83m    7.67m
        'quick_restart':         1 [   9.90m,    9.90m]    9.90m   0.00ns    9.90m         2 [258.89ms,    6.18m]    3.09m    3.09m    6.19m
  'quick_restart_no_lp':         1 [   9.90m,    9.90m]    9.90m   0.00ns    9.90m         2 [151.71us,   10.25m]    5.12m    5.12m   10.25m
            'rins/rens':      2897 [ 10.78ms, 171.40ms]  30.06ms   9.17ms    1.45m         0 [  0.00ns,   0.00ns]   0.00ns   0.00ns   0.00ns

Search stats                Bools  Conflicts    Branches  Restarts  BacktrackToRoot  Backtrack     BoolPropag  IntegerPropag
           'default_lp':  127'722        718     101'358         4            9'785     15'319     33'363'647     27'656'133
      'fs_random_no_lp':  127'727    926'260   2'039'817        47           56'246  1'007'377  3'151'064'623  2'822'885'480
               'max_lp':  127'722          0      18'146         0            5'139      5'978     11'445'566     11'681'352
                'no_lp':  127'722    564'314   2'759'998       139            8'554    574'296  4'016'151'114  3'369'247'461
              'probing':  136'360         33      17'592         0           17'500     17'500        644'767        879'995
        'quick_restart':  127'725      2'863     524'383        73           43'918     63'434    166'996'192    169'501'549
  'quick_restart_no_lp':  128'581    319'139  62'018'867    29'058          114'428    460'338  2'178'730'285  2'245'608'264

SAT formula               Fixed  Equiv    Total  VarLeft  BinaryClauses  PermanentClauses  TemporaryClauses
           'default_lp':  1'864    654  127'722  125'204      5'746'958           101'961               380
      'fs_random_no_lp':  2'149    693  127'727  124'885      5'980'490           112'501            12'906
               'max_lp':    599    119  127'722  127'004      6'191'714           100'820                 0
                'no_lp':  1'716    648  127'722  125'358      5'730'440           102'351            10'880
              'probing':  2'188      0  136'360  134'172      8'002'622           122'156                 0
        'quick_restart':  2'154    707  127'725  124'864      6'013'220           111'770               534
  'quick_restart_no_lp':  2'154    701  128'581  125'726      6'024'086           152'806            14'120

SAT stats                 ClassicMinim  LitRemoved  LitRemovedBinary   LitLearned  LitForgotten  Subsumed
           'default_lp':           486       3'668             3'836    1'185'318             0       171
      'fs_random_no_lp':       878'233   5'544'239        28'616'394   88'579'783    82'195'796    76'323
               'max_lp':             0           0                 0            0             0         0
                'no_lp':       554'995   5'912'357         5'870'394  391'253'170    96'943'786    91'416
              'probing':             0           0                 0           33             0         0
        'quick_restart':         1'440      17'299            37'480      494'266             0     1'398
  'quick_restart_no_lp':       179'510   1'393'633         1'700'527   94'606'033    17'785'737    26'289

Vivification              Clauses  Decisions  LitTrue  Subsumed  LitRemoved  DecisionReused  Conflicts
           'default_lp':    8'634     31'934      201     1'248      10'087             166         85
      'fs_random_no_lp':   48'897    388'315      202     5'730      66'100           9'666      1'347
               'max_lp':    4'767     14'298        0         0           2               1          0
                'no_lp':    7'000     23'586      200       664       5'476              98         77
              'probing':       89        181        2        17          72               0          0
        'quick_restart':   38'994    157'152      201     5'975      45'285           1'799        314
  'quick_restart_no_lp':   82'857    352'727      206    10'199     100'751          11'146      1'195

Clause deletion           at_true  l_and_not(l)  to_binary  sub_conflict  sub_extra  sub_decisions  sub_eager  sub_vivify  sub_probing  sub_inpro  blocked  eliminated  forgotten   promoted  conflicts
           'default_lp':    1'262           147         21           168          4              3          3       1'248            3        889        0           0          0      1'046        718
      'fs_random_no_lp':    1'721             4        150        72'078      2'205            813      4'245       5'730           19      3'579        0           0    826'357  2'007'691    926'260
               'max_lp':      349            99         11             0          0              0          0           0            1        136        0           0          0          0          0
                'no_lp':    1'203             0         39        87'775      1'364             50      3'641         664            1        767        0           0    458'767  1'285'221    564'314
              'probing':        2             0          0             0          0              0          0          17            0          0        0           0          0          0         33
        'quick_restart':    1'720            47        119         1'388          6             39         10       5'975           13      2'113        0           0          0      2'421      2'863
  'quick_restart_no_lp':    1'721             2        210        23'433      1'136            105      2'856      10'199           71      3'765        0           0    186'823    740'720    319'139

Lp stats            Component  Iterations  AddedCuts  OPTIMAL  DUAL_F.  DUAL_U.
     'default_lp':          1     401'109        512      136      735        1
         'max_lp':          1      28'569          0        0    2'637        0
        'probing':          1     218'600      4'162      101   10'158        0
  'quick_restart':          1     197'025      4'859      113   11'748       51

Lp dimension                  Final dimension of first component
     'default_lp':     5575 rows, 103017 columns, 106273 entries
         'max_lp':  270779 rows, 132308 columns, 2051395 entries
        'probing':     4299 rows, 132308 columns, 216808 entries
  'quick_restart':     4203 rows, 132308 columns, 214597 entries

Lp debug            CutPropag  CutEqPropag  Adjust  Overflow      Bad  BadScaling
     'default_lp':          0            6       0         0   91'244           0
         'max_lp':          0            0       0         0        0           0
        'probing':          5           12       0         0  168'855           0
  'quick_restart':          0            8      49         0  240'578           0

Lp pool             Constraints  Updates  Simplif  Merged  Shortened  Split  Strengthened     Cuts/Call
     'default_lp':       57'646       92    6'601       0      5'043      4             0     512/1'314
         'max_lp':      270'779        0        0       0          0      0             0           0/0
        'probing':      274'962      103   84'009       0     21'053     19           705  4'162/29'861
  'quick_restart':      275'638      118  122'438       0     20'329     26           913  4'859/12'631

Lp Cut           default_lp  quick_restart  probing
         CG_FF:          34            523      392
          CG_K:           4            114       54
         CG_KL:           -            113       46
          CG_R:           8            239      131
         CG_RB:           -              4        1
        Clique:           -            446      378
            IB:         127            156      156
      MIR_1_FF:           3             11        2
       MIR_1_K:           -              1        -
      MIR_1_KL:           -              1        -
       MIR_1_R:           4             15       11
      MIR_2_FF:           4             16       24
       MIR_2_K:           -              8        2
      MIR_2_KL:           -              1        -
       MIR_2_R:          13             23       30
      MIR_3_FF:          14          1'257      791
       MIR_3_K:           1             12        3
      MIR_3_KL:           1             15       16
       MIR_3_R:          15             30       34
      MIR_4_FF:           3            298      156
       MIR_4_K:           2              5        5
      MIR_4_KL:           -            134       62
       MIR_4_R:           9             43       32
      MIR_5_FF:          11            292      146
       MIR_5_K:           -              6        4
      MIR_5_KL:           -             16        7
       MIR_5_R:          12             50       25
      MIR_6_FF:           4             73       38
       MIR_6_K:           2              4        2
      MIR_6_KL:           -             39       18
       MIR_6_R:          10             31       20
  ZERO_HALF_FF:         138            484      887
   ZERO_HALF_K:           -              7       23
  ZERO_HALF_KL:           -             56      115
   ZERO_HALF_R:          93            336      551

LNS stats       Improv/Calls  Closed  Difficulty  TimeLimit
  'rins/rens':           0/0      0%    5.00e-01       0.10

LS stats                                    Batches  Restarts/Perturbs  LinMoves  GenMoves  CompoundMoves  Bactracks  WeightUpdates  ScoreComputed
                             'fj_restart':      269                 45   178'685         0              0          0            452     15'296'074
                    'fj_restart_compound':      106                 51         0    97'710         82'659      7'245              0      8'447'085
                'fj_restart_compound_obj':      119                 42         0    98'041         70'425     13'539              0     10'641'334
            'fj_restart_compound_perturb':      126                 44         0   162'289        136'634     12'496              0     14'954'414
        'fj_restart_compound_perturb_obj':      309                 46         0   252'649        152'569     49'702              1     37'019'858
                       'fj_restart_decay':      219                 52   156'180         0              0          0            214     12'405'571
              'fj_restart_decay_compound':      297                 58         0   194'961        109'992     42'198              1     29'250'258
          'fj_restart_decay_compound_obj':      127                 50         0   107'411         82'846     12'086              0     10'991'199
      'fj_restart_decay_compound_perturb':       90                 34         0   121'306        104'917      7'952              0     10'950'125
  'fj_restart_decay_compound_perturb_obj':      139                 45         0   172'584        142'178     14'794              0     16'495'837
                   'fj_restart_decay_obj':      367                 59   269'302         0              0          0            344     20'699'874
               'fj_restart_decay_perturb':      106                 49   129'467         0              0          0            102      8'752'288
           'fj_restart_decay_perturb_obj':      158                 41   144'540         0              0          0            143     10'937'757
                         'fj_restart_obj':      150                 41   101'260         0              0          0            214      8'780'564
                     'fj_restart_perturb':      142                 40   122'341         0              0          0            181      9'509'001
                 'fj_restart_perturb_obj':      163                 43   138'962         0              0          0            190     11'168'439

Solution repositories    Added  Queried  Synchro
    'alternative_path':      0        0        0
      'best_solutions':      0        0        0
   'fj solution hints':    732        0      732
        'lp solutions':  3'480    2'897    1'190
                'pump':      0        0

Improving bounds shared      Num  Sym
            'default_lp':      2    0
       'fs_random_no_lp':    661    0
                 'no_lp':    167    0
               'probing':    351    0
         'quick_restart':     44    0
   'quick_restart_no_lp':  1'476    0

Clauses shared            #Exported  #Imported  #BinaryRead  #BinaryTotal
           'default_lp':  1'042'633      3'976    3'558'798     3'826'902
      'fs_random_no_lp':  2'339'152     15'217    3'794'911     3'826'902
               'max_lp':     77'425          0    3'410'778     3'826'902
                'no_lp':      4'473      2'499    3'530'478     3'826'902
              'probing':          0     20'653    3'826'902     3'826'902
        'quick_restart':    224'003     19'825    3'826'902     3'826'902
  'quick_restart_no_lp':    160'552      5'414    3'826'902     3'826'902

LRAT_status: NA
CpSolverResponse summary:
status: UNKNOWN
objective: NA
best_bound: NA
integers: 128723
booleans: 127722
conflicts: 718
branches: 101358
propagations: 33363647
integer_propagations: 27656133
restarts: 4
lp_iterations: 401109
walltime: 600.276
usertime: 600.276
deterministic_time: 5579.91
gap_integral: 0

