
Starting CP-SAT solver v9.15.6755
Parameters: random_seed: 20260922 max_time_in_seconds: 90 log_search_progress: true linearization_level: 2 num_search_workers: 8 cp_model_probing_level: 0 symmetry_level: 2 log_to_stdout: false

Initial satisfaction model '': (model_fingerprint: 0xa3ffc1c38d0f9a71)
#Variables: 360'219 (306'848 primary variables)
  - 209'558 Booleans in [0,1]
  - 11'552 in [0,4]
  - 4'762 in [0,12]
  - 85'778 in [0,20]
  - 12'732 in [0,40]
  - 24'284 in [0,60]
  - 11'552 in [0,80]
  - 1 in [10,12]
#kBoolAnd: 28'334 (#enforced: 28'334) (#literals: 56'668)
#kBoolOr: 35'855 (#enforced: 35'855) (#literals: 165'189)
#kExactlyOne: 1 (#literals: 47)
#kLinear1: 72'217 (#enforced: 404)
#kLinear2: 264'613 (#enforced: 1'856)
#kLinear3: 69'825 (#enforced: 66'480)
#kLinearN: 336'104 (#enforced: 213'119) (#terms: 4'044'247)

Starting presolve at 0.31s
  1.56e-01s  0.00e+00d  [DetectDominanceRelations] 
  1.90e+00s  0.00e+00d  [PresolveToFixPoint] #num_loops=3 #num_dual_strengthening=2 
  1.14e-02s  0.00e+00d  [ExtractEncodingFromLinear] #potential_supersets=39'151 #potential_subsets=4 #exo_encodings=2 #literals=4 
  4.77e-02s  0.00e+00d  [DetectDuplicateColumns] 
  1.78e-02s  0.00e+00d  [DetectDuplicateConstraints] #duplicates=1'376 
[Symmetry] Graph for symmetry has 1'464'817 nodes and 5'813'570 arcs.
[Symmetry] Graph too large. Skipping. You can use symmetry_level:3 or more to force it.
[SAT presolve] num removable Booleans: 0 / 213'099
[SAT presolve] num trivial clauses: 0
[SAT presolve] [0s] clauses:182'850 literals:578'310 vars:126'433 one_side_vars:119312 simple_definition:6'688 singleton_clauses:0
[SAT presolve] [0.00780216s] clauses:180'534 literals:561'982 vars:126'433 one_side_vars:125946 simple_definition:356 singleton_clauses:0
[SAT presolve] [0.0157817s] clauses:180'534 literals:561'982 vars:126'433 one_side_vars:125946 simple_definition:356 singleton_clauses:0
[MaxClique] Merged 123040 with 252429 literals) into 106457(230991 literals) at_most_ones.
  1.91e-01s  0.00e+00d  [ProcessAtMostOneAndLinear] #num_changes=252 
  1.76e-02s  0.00e+00d  [DetectDuplicateConstraints] 
  3.99e-02s  0.00e+00d  [DetectDuplicateConstraintsWithDifferentEnforcements] #without_enforcements=101'318 
  5.88e-01s  1.00e-01d  [DetectDominatedLinearConstraints] #relevant_constraints=314'706 #num_inclusions=1'583'543 
  3.22e-02s  0.00e+00d  [DetectDifferentVariables] 
  8.03e-02s  1.27e-02d  [ProcessSetPPC] #relevant_constraints=257'681 #num_inclusions=35 
  3.31e-02s  2.42e-03d  [TransformClausesToExactlyOne] #num_amos=118'046 #num_clauses=57'635 #num_checked=57'635 
  3.76e-01s  0.00e+00d  [DetectEncodedComplexDomains] 
  1.00e-02s  2.47e-04d  [FindAlmostIdenticalLinearConstraints] #num_tested_pairs=5'604 
  1.35e-01s  1.00e+00d *[FindBigAtMostOneAndLinearOverlap] 
  1.20e-01s  1.00e+00d *[FindBigVerticalLinearOverlap] #blocks=37 #saved_nz=180'704 
  1.48e-01s  1.00e+00d *[FindBigHorizontalLinearOverlap] #blocks=2 #saved_nz=381 #linears=176'034 
  1.65e-02s  1.58e-03d  [MergeClauses] #num_collisions=18'256 #num_merges=18'256 #num_saved_literals=77'838 
  1.51e-01s  0.00e+00d  [DetectDominanceRelations] 
  7.53e-01s  0.00e+00d  [PresolveToFixPoint] #num_loops=3 #num_dual_strengthening=1 
  1.51e-01s  0.00e+00d  [DetectDominanceRelations] 
  7.10e-01s  0.00e+00d  [PresolveToFixPoint] #num_loops=1 #num_dual_strengthening=1 
  4.51e-02s  0.00e+00d  [DetectDuplicateColumns] 
  1.69e-02s  0.00e+00d  [DetectDuplicateConstraints] 
[Symmetry] Graph for symmetry has 1'463'969 nodes and 5'555'210 arcs.
[Symmetry] Graph too large. Skipping. You can use symmetry_level:3 or more to force it.
[SAT presolve] num removable Booleans: 0 / 213'091
[SAT presolve] num trivial clauses: 0
[SAT presolve] [0s] clauses:168'513 literals:537'943 vars:141'870 one_side_vars:141405 simple_definition:361 singleton_clauses:0
[SAT presolve] [0.00681629s] clauses:168'513 literals:537'761 vars:141'870 one_side_vars:141587 simple_definition:179 singleton_clauses:0
[SAT presolve] [0.0146923s] clauses:168'513 literals:537'761 vars:141'870 one_side_vars:141587 simple_definition:179 singleton_clauses:0
[MaxClique] Merged 120798 with 259620 literals) into 112751(248797 literals) at_most_ones.
  1.54e-01s  0.00e+00d  [ProcessAtMostOneAndLinear] 
  1.85e-02s  0.00e+00d  [DetectDuplicateConstraints] 
  4.05e-02s  0.00e+00d  [DetectDuplicateConstraintsWithDifferentEnforcements] #without_enforcements=101'312 
  2.95e-01s  4.59e-02d  [DetectDominatedLinearConstraints] #relevant_constraints=314'729 #num_inclusions=1'569'360 
  3.29e-02s  0.00e+00d  [DetectDifferentVariables] 
  8.19e-02s  1.16e-02d  [ProcessSetPPC] #relevant_constraints=263'751 #num_inclusions=11'549 
  3.48e-02s  2.42e-03d  [TransformClausesToExactlyOne] #num_amos=112'826 #num_clauses=57'456 #num_checked=57'456 
  3.51e-01s  0.00e+00d  [DetectEncodedComplexDomains] 
  1.09e-02s  2.39e-04d  [FindAlmostIdenticalLinearConstraints] #num_tested_pairs=5'438 
  2.54e-01s  1.00e+00d *[FindBigAtMostOneAndLinearOverlap] 
  9.30e-02s  1.00e+00d *[FindBigVerticalLinearOverlap] #blocks=2 #saved_nz=73 
  1.48e-01s  1.00e+00d *[FindBigHorizontalLinearOverlap] #linears=175'989 
  1.91e-02s  1.58e-03d  [MergeClauses] #num_collisions=18'255 #num_merges=18'255 #num_saved_literals=77'836 
  1.53e-01s  0.00e+00d  [DetectDominanceRelations] 
  7.20e-01s  0.00e+00d  [PresolveToFixPoint] #num_loops=3 #num_dual_strengthening=1 
  1.55e-01s  0.00e+00d  [DetectDominanceRelations] 
  7.20e-01s  0.00e+00d  [PresolveToFixPoint] #num_loops=1 #num_dual_strengthening=1 
  4.65e-02s  0.00e+00d  [DetectDuplicateColumns] 
  1.75e-02s  0.00e+00d  [DetectDuplicateConstraints] #duplicates=12 
[Symmetry] Graph for symmetry has 1'463'675 nodes and 5'539'086 arcs.
[Symmetry] Graph too large. Skipping. You can use symmetry_level:3 or more to force it.
[SAT presolve] num removable Booleans: 0 / 213'083
[SAT presolve] num trivial clauses: 0
[SAT presolve] [0s] clauses:155'530 literals:511'796 vars:141'554 one_side_vars:141265 simple_definition:185 singleton_clauses:0
[SAT presolve] [0.00589482s] clauses:155'530 literals:511'796 vars:141'554 one_side_vars:141265 simple_definition:185 singleton_clauses:0
[SAT presolve] [0.0142387s] clauses:155'530 literals:511'796 vars:141'554 one_side_vars:141265 simple_definition:185 singleton_clauses:0
[MaxClique] Merged 112898 with 249037 literals) into 112745(248731 literals) at_most_ones.
  1.58e-01s  0.00e+00d  [ProcessAtMostOneAndLinear] 
  1.95e-02s  0.00e+00d  [DetectDuplicateConstraints] 
  4.22e-02s  0.00e+00d  [DetectDuplicateConstraintsWithDifferentEnforcements] #without_enforcements=101'306 
  3.04e-01s  4.59e-02d  [DetectDominatedLinearConstraints] #relevant_constraints=314'718 #num_inclusions=1'569'352 
  3.39e-02s  0.00e+00d  [DetectDifferentVariables] 
  8.22e-02s  1.16e-02d  [ProcessSetPPC] #relevant_constraints=263'734 #num_inclusions=11'549 
  3.55e-02s  2.42e-03d  [TransformClausesToExactlyOne] #num_amos=112'820 #num_clauses=57'457 #num_checked=57'457 
  3.53e-01s  0.00e+00d  [DetectEncodedComplexDomains] 
  1.17e-02s  2.42e-04d  [FindAlmostIdenticalLinearConstraints] #num_tested_pairs=5'497 
  2.57e-01s  1.00e+00d *[FindBigAtMostOneAndLinearOverlap] 
  9.26e-02s  1.00e+00d *[FindBigVerticalLinearOverlap] 
  1.49e-01s  1.00e+00d *[FindBigHorizontalLinearOverlap] #linears=175'976 
  2.04e-02s  1.58e-03d  [MergeClauses] #num_collisions=18'254 #num_merges=18'254 #num_saved_literals=77'834 
  1.60e-01s  0.00e+00d  [DetectDominanceRelations] 
  7.34e-01s  0.00e+00d  [PresolveToFixPoint] #num_loops=3 #num_dual_strengthening=1 
  6.36e-03s  0.00e+00d  [MergeNoOverlap] 
  6.72e-03s  0.00e+00d  [MergeNoOverlap2D] 

Presolve summary:
  - 15135 affine relations were detected.
  - rule 'TODO domination: unexploited dominations' was applied 2 times.
  - rule 'TODO dual: only one blocking constraint?' was applied 3'595 times.
  - rule 'TODO dual: tighten at most one' was applied 280 times.
  - rule 'TODO linear2: convert ax + by != cte to clauses for large domains' was applied 1'008 times.
  - rule 'TODO linear2: convert implied ax + by == cte to clauses for large domains' was applied 504 times.
  - rule 'affine: new relation' was applied 15'135 times.
  - rule 'at_most_one: removed literals' was applied 9 times.
  - rule 'at_most_one: satisfied' was applied 8 times.
  - rule 'at_most_one: size one' was applied 6 times.
  - rule 'at_most_one: transformed into max clique' was applied 3 times.
  - rule 'bool_and: fixed literals' was applied 4 times.
  - rule 'bool_and: non-reified' was applied 1 time.
  - rule 'bool_and: x => x' was applied 3'648 times.
  - rule 'bool_or: always true' was applied 14 times.
  - rule 'bool_or: implications' was applied 87'371 times.
  - rule 'bool_or: only one literal' was applied 20 times.
  - rule 'bool_or: removed enforcement literal' was applied 10'900 times.
  - rule 'deductions: 311298 stored' was applied 1 time.
  - rule 'domination: added implications' was applied 7'513 times.
  - rule 'dual: enforced equivalence' was applied 3'648 times.
  - rule 'duplicate: removed constraint' was applied 1'388 times.
  - rule 'encoding: candidate linear is all boolean now' was applied 2 times.
  - rule 'encoding: extracted from linear' was applied 2 times.
  - rule 'encoding: reduced target domain' was applied 2 times.
  - rule 'enforcement: false literal' was applied 26 times.
  - rule 'enforcement: true literal' was applied 19 times.
  - rule 'exactly_one: removed literals' was applied 3 times.
  - rule 'incompatible linear: add implication' was applied 34'776 times.
  - rule 'linear + amo: empty after processing' was applied 2 times.
  - rule 'linear + amo: extracted enforcement literal' was applied 278 times.
  - rule 'linear + amo: fixed literal implied by enforcement' was applied 10 times.
  - rule 'linear matrix: common horizontal rectangle' was applied 2 times.
  - rule 'linear matrix: common vertical rectangle' was applied 39 times.
  - rule 'linear matrix: defining equation for common rectangle' was applied 1 time.
  - rule 'linear1: x in domain' was applied 276 times.
  - rule 'linear2: contains a boolean' was applied 172'503 times.
  - rule 'linear2: convert ax + by != cte to clauses' was applied 88'599 times.
  - rule 'linear2: convert implied ax + by == cte to clauses' was applied 156 times.
  - rule 'linear2: implied ax + by = cte has only one solution' was applied 4 times.
  - rule 'linear: always true' was applied 72'039 times.
  - rule 'linear: divide by GCD' was applied 18'832 times.
  - rule 'linear: empty' was applied 54 times.
  - rule 'linear: extracted at most one (min)' was applied 2 times.
  - rule 'linear: extracted enforcement literal' was applied 1'011'258 times.
  - rule 'linear: fixed or dup variables' was applied 221 times.
  - rule 'linear: negative equal one' was applied 17'912 times.
  - rule 'linear: never in domain' was applied 2 times.
  - rule 'linear: positive at most one' was applied 139 times.
  - rule 'linear: positive clause' was applied 13'328 times.
  - rule 'linear: positive equal one' was applied 21'099 times.
  - rule 'linear: reduced variable domains' was applied 10'079 times.
  - rule 'linear: reduced variable domains in derived constraint' was applied 25 times.
  - rule 'linear: remapped using affine relations' was applied 42'804 times.
  - rule 'linear: simplify using approximate gcd' was applied 1 time.
  - rule 'linear: small Boolean expression' was applied 2'316 times.
  - rule 'linear: variable substitution 2' was applied 4 times.
  - rule 'presolve: 338 unused variables removed.' was applied 1 time.
  - rule 'presolve: iteration' was applied 3 times.
  - rule 'setppc: bool_or in at_most_one' was applied 5 times.
  - rule 'setppc: fixed variables' was applied 3 times.
  - rule 'setppc: removed dominated constraints' was applied 23'032 times.
  - rule 'variables: canonicalize affine domain' was applied 8'728 times.
  - rule 'variables: detect fully reified value encoding' was applied 12'732 times.
  - rule 'variables: detect half reified value encoding' was applied 164'071 times.

Presolved satisfaction model '': (model_fingerprint: 0x245eecaf5ce4f7b2)
#Variables: 353'510 (303'734 primary variables)
  - 213'075 Booleans in [0,1]
  - 3 in [-12,12]
  - 12'732 in [0][20,60]
  - 29 in [0,2]
  - 6 in [0,3]
  - 11'554 in [0,4]
  - 2 in [0,5]
  - 5 in [0,6]
  - 2 in [0,7]
  - 2 in [0,8]
  - 2 in [0,9]
  - 4 in [0,10]
  - 2 in [0,11]
  - 4'596 in [0,12]
  - 75'656 in [0,20]
  - 1 in [0,39]
  - 12'732 in [0,40]
  - 11'552 in [0,60]
  - 11'552 in [0,80]
  - 1 in [10,12]
  - 1 in [161,3602]
  - 1 in [163,3604]
#kAtMostOne: 14'819 (#literals: 52'825)
#kBoolAnd: 40'808 (#enforced: 40'808) (#literals: 138'892)
#kBoolAndClauses: 18'238 (#enforced: 18'238 #multi: 18'238) (#literals: 114'273)
#kBoolOr: 20'967 (#literals: 123'548)
#kExactlyOne: 39'014 (#literals: 913'429)
#kLinear1: 200'176 (#enforced: 200'176 #multi: 36'141)
#kLinear2: 453 (#enforced: 452)
#kLinear3: 68'274 (#enforced: 64'163)
#kLinearN: 246'433 (#enforced: 213'074) (#terms: 1'793'519)
[Symmetry] Graph for symmetry has 1'448'150 nodes and 5'538'890 arcs.
[Symmetry] Graph too large. Skipping. You can use symmetry_level:3 or more to force it.

Preloading model.
#Model  13.26s var:353510/353510 constraints:649182/649182

Starting search at 13.30s with 8 workers.
6 full problem subsolvers: [default_lp, max_lp, no_lp, probing, quick_restart, quick_restart_no_lp]
2 first solution subsolvers: [fj, fs_random_no_lp]
2 interleaved subsolvers: [feasibility_pump, rins/rens]
2 helper subsolvers: [neighborhood_helper, synchronization_agent]

#Model  16.91s var:353368/353510 constraints:648926/649182
#Model  17.36s var:352561/353510 constraints:647555/649182
#Model  17.82s var:352539/353510 constraints:647518/649182
#Model  18.26s var:352538/353510 constraints:647518/649182
#Model  18.73s var:352520/353510 constraints:647484/649182
#Model  19.18s var:352504/353510 constraints:647452/649182
#Model  19.63s var:352465/353510 constraints:647395/649182
#Model  20.09s var:352368/353510 constraints:647235/649182
#Model  20.55s var:352287/353510 constraints:647116/649182
#Model  21.02s var:352236/353510 constraints:647036/649182
#Model  21.49s var:352172/353510 constraints:646916/649182
#Model  21.96s var:352106/353510 constraints:646817/649182
#Model  22.41s var:352076/353510 constraints:646773/649182
#Model  22.88s var:352040/353510 constraints:646717/649182
#Model  23.34s var:352025/353510 constraints:646684/649182
#Model  23.80s var:351982/353510 constraints:646598/649182
#Model  24.29s var:351848/353510 constraints:646344/649182
#Model  24.74s var:351738/353510 constraints:646165/649182
#Model  25.32s var:351723/353510 constraints:646144/649182
#Model  25.77s var:351708/353510 constraints:646123/649182
#Model  26.27s var:351684/353510 constraints:646069/649182
#Model  26.72s var:351669/353510 constraints:646047/649182
#Model  27.25s var:351649/353510 constraints:646015/649182
#Model  27.73s var:351613/353510 constraints:645958/649182
#Model  28.22s var:351583/353510 constraints:645914/649182
#Model  28.71s var:351578/353510 constraints:645903/649182
#Model  29.46s var:351546/353510 constraints:645846/649182
#Model  29.97s var:351516/353510 constraints:645802/649182
#Model  30.46s var:351480/353510 constraints:645746/649182
#Model  30.98s var:351465/353510 constraints:645724/649182
#Model  31.51s var:351451/353510 constraints:645692/649182
#Model  32.03s var:351423/353510 constraints:645638/649182
#Model  32.55s var:351356/353510 constraints:645522/649182
#Model  33.03s var:351307/353510 constraints:645425/649182
#Model  33.54s var:351226/353510 constraints:645289/649182
#Model  34.03s var:351205/353510 constraints:645257/649182
#Model  34.54s var:351189/353510 constraints:645235/649182
#Model  35.04s var:351176/353510 constraints:645208/649182
#Model  35.52s var:351161/353510 constraints:645187/649182
#Model  35.98s var:351139/353510 constraints:645152/649182
#Model  36.55s var:351124/353510 constraints:645131/649182
#Model  37.03s var:351054/353510 constraints:645019/649182
#Model  37.52s var:351017/353510 constraints:644960/649182
#Model  38.39s var:351002/353510 constraints:644938/649182
#Model  39.03s var:351001/353510 constraints:644938/649182
#Model  39.83s var:350987/353510 constraints:644906/649182
#Model  40.33s var:350966/353510 constraints:644871/649182
#Model  40.85s var:350920/353510 constraints:644792/649182
#Model  41.35s var:350850/353510 constraints:644669/649182
#Model  41.86s var:350834/353510 constraints:644645/649182
#Model  42.38s var:350801/353510 constraints:644580/649182
#Model  42.86s var:350766/353510 constraints:644512/649182
#Model  43.33s var:350752/353510 constraints:644480/649182
#Model  43.78s var:350737/353510 constraints:644457/649182
#Model  44.25s var:350709/353510 constraints:644408/649182
#Model  45.02s var:350695/353510 constraints:644376/649182
#Model  45.57s var:350671/353510 constraints:644337/649182
#Model  46.16s var:350656/353510 constraints:644304/649182
#Model  46.73s var:350653/353510 constraints:644299/649182
#Model  47.36s var:350623/353510 constraints:644256/649182
#Model  47.91s var:350601/353510 constraints:644219/649182
#Model  48.51s var:350579/353510 constraints:644167/649182
#Model  49.06s var:350574/353510 constraints:644156/649182
#Model  49.64s var:350533/353510 constraints:644088/649182
#Model  50.26s var:350526/353510 constraints:644072/649182
#Model  50.82s var:350495/353510 constraints:644016/649182
#Model  51.46s var:350486/353510 constraints:643993/649182
#Model  52.11s var:350478/353510 constraints:643978/649182
#Model  52.87s var:350434/353510 constraints:643904/649182
#Model  53.47s var:350431/353510 constraints:643904/649182
#Model  54.05s var:350429/353510 constraints:643903/649182
#Model  54.50s var:350407/353510 constraints:643867/649182
#Model  55.02s var:350399/353510 constraints:643850/649182
#Model  55.50s var:350383/353510 constraints:643827/649182
#Model  56.00s var:350371/353510 constraints:643804/649182
#Model  56.90s var:350357/353510 constraints:643772/649182
#Model  57.38s var:350356/353510 constraints:643771/649182
#Model  57.88s var:350316/353510 constraints:643703/649182 [skipped_logs=0]
#Model  59.32s var:350284/353510 constraints:643657/649182 [skipped_logs=1]
#Model  60.18s var:350252/353510 constraints:643611/649182 [skipped_logs=1]
#Model  61.03s var:350231/353510 constraints:643577/649182 [skipped_logs=1]
#Model  61.70s var:350216/353510 constraints:643555/649182 [skipped_logs=0]
#Model  64.62s var:350215/353510 constraints:643555/649182
#Model  65.40s var:350206/353510 constraints:643534/649182
#Model  66.23s var:350205/353510 constraints:643531/649182
#Model  66.58s var:350197/353510 constraints:643513/649182
#Model  67.06s var:350181/353510 constraints:643492/649182
#Model  68.14s var:350136/353510 constraints:643400/649182 [skipped_logs=1]
#Model  69.30s var:350076/353510 constraints:643295/649182 [skipped_logs=2]
#Model  70.10s var:350033/353510 constraints:643210/649182 [skipped_logs=1]
#Model  71.35s var:349981/353510 constraints:643118/649182 [skipped_logs=2]
#Model  72.22s var:349966/353510 constraints:643085/649182 [skipped_logs=1]
#Model  73.10s var:349913/353510 constraints:642989/649182 [skipped_logs=1]
#Model  74.06s var:349822/353510 constraints:642816/649182 [skipped_logs=1]
#Model  75.31s var:349745/353510 constraints:642677/649182 [skipped_logs=1]
#Model  76.18s var:349705/353510 constraints:642609/649182 [skipped_logs=1]
#Model  76.65s var:349693/353510 constraints:642583/649182 [skipped_logs=0]
#Model  77.94s var:349691/353510 constraints:642576/649182 [skipped_logs=0]
#Model  79.08s var:349675/353510 constraints:642542/649182
#Model  80.19s var:349666/353510 constraints:642521/649182
#Model  80.67s var:349650/353510 constraints:642486/649182 [skipped_logs=0]
#Model  82.18s var:349635/353510 constraints:642463/649182
#Model  83.04s var:349613/353510 constraints:642414/649182 [skipped_logs=1]
#Model  84.25s var:349533/353510 constraints:642261/649182 [skipped_logs=2]
#Model  85.09s var:349525/353510 constraints:642246/649182 [skipped_logs=1]
#Model  86.25s var:349495/353510 constraints:642187/649182 [skipped_logs=1]
#Model  87.09s var:349471/353510 constraints:642147/649182 [skipped_logs=1]
#Model  87.97s var:349438/353510 constraints:642081/649182 [skipped_logs=1]
#Model  89.27s var:349362/353510 constraints:641955/649182 [skipped_logs=2]
#Model  89.66s var:349345/353510 constraints:641929/649182 [skipped_logs=0]

Task timing                      n [     min,      max]      avg      dev     time         n [     min,      max]      avg      dev    dtime
           'default_lp':         1 [   1.28m,    1.28m]    1.28m   0.00ns    1.28m         2 [370.98ms,    2.34m]    1.17m    1.17m    2.35m
     'feasibility_pump':         2 [   1.43s,   43.01s]   22.22s   20.79s   44.43s         1 [  40.91s,   40.91s]   40.91s   0.00ns   40.91s
                   'fj':        33 [151.58ms, 581.91ms] 194.08ms  71.64ms    6.40s        33 [110.17ms, 129.30ms] 123.81ms   6.25ms    4.09s
      'fs_random_no_lp':         1 [   1.28m,    1.28m]    1.28m   0.00ns    1.28m         2 [  2.77ms,   49.91s]   24.96s   24.96s   49.92s
               'max_lp':         1 [   1.28m,    1.28m]    1.28m   0.00ns    1.28m         2 [   2.52s,    1.50m]   46.33s   43.82s    1.54m
                'no_lp':         1 [   1.28m,    1.28m]    1.28m   0.00ns    1.28m         2 [  2.77ms,   54.25s]   27.13s   27.13s   54.26s
              'probing':         1 [   1.28m,    1.28m]    1.28m   0.00ns    1.28m         2 [950.69ms,    1.24m]   37.77s   36.82s    1.26m
        'quick_restart':         1 [   1.28m,    1.28m]    1.28m   0.00ns    1.28m         2 [994.38ms,   50.86s]   25.93s   24.93s   51.86s
  'quick_restart_no_lp':         1 [   1.28m,    1.28m]    1.28m   0.00ns    1.28m         2 [  2.77ms,   46.47s]   23.24s   23.23s   46.47s
            'rins/rens':        57 [ 99.49ms, 128.72ms] 112.04ms   7.50ms    6.39s         0 [  0.00ns,   0.00ns]   0.00ns   0.00ns   0.00ns

Search stats                Bools  Conflicts  Branches  Restarts  BacktrackToRoot  Backtrack   BoolPropag  IntegerPropag
           'default_lp':  336'244        154    34'639         2            4'355      9'319   24'782'574     24'603'648
      'fs_random_no_lp':  336'590     42'163   190'025        64            4'293     51'057  241'872'877    224'485'313
               'max_lp':  336'239          0     8'888         0            2'681      4'971   12'530'855     13'344'874
                'no_lp':  336'239     29'010   202'263         7            4'284     38'003  276'312'856    250'950'192
              'probing':  337'798         28     3'205         0            3'191      3'191      415'514        566'785
        'quick_restart':  336'245        276    90'654        11            4'250      9'236   29'748'612     31'324'053
  'quick_restart_no_lp':  337'045      7'488   823'309       681            5'346     17'429  237'669'285    234'053'644

SAT formula               Fixed  Equiv    Total  VarLeft  BinaryClauses  PermanentClauses  TemporaryClauses
           'default_lp':  3'769  1'679  336'244  330'796      3'299'796           154'295                28
      'fs_random_no_lp':  3'982  1'677  336'590  330'931      3'408'550           155'020             9'212
               'max_lp':    951  1'676  336'239  333'612      2'977'048           154'245                 0
                'no_lp':  3'672  1'677  336'239  330'890      3'301'092           154'597            12'971
              'probing':  3'854      0  337'798  333'944      1'926'154           159'501                 0
        'quick_restart':  3'864  1'678  336'245  330'703      3'232'498           154'604                54
  'quick_restart_no_lp':  4'042  1'679  337'045  331'324      3'304'142           154'682             4'534

SAT stats                 ClassicMinim  LitRemoved  LitRemovedBinary  LitLearned  LitForgotten  Subsumed
           'default_lp':            51         367             1'080       3'461             0        29
      'fs_random_no_lp':        32'388     240'569           323'485   2'466'616     1'588'241     2'354
               'max_lp':             0           0                 0           0             0         0
                'no_lp':        24'442     516'309           443'110  23'077'277     1'925'601     5'987
              'probing':             0           0                 0          28             0         0
        'quick_restart':           178      20'369             2'505   1'272'528             0       138
  'quick_restart_no_lp':         4'351     152'092           122'927   4'272'770             0       664

Vivification              Clauses  Decisions  LitTrue  Subsumed  LitRemoved  DecisionReused  Conflicts
           'default_lp':    2'948     10'086      185       357       3'629              78         63
      'fs_random_no_lp':    2'772     11'553      184       261       4'172             136         61
               'max_lp':    1'955      5'862        0         0           2               1          0
                'no_lp':    2'882     10'842      184       310       4'039             149         85
              'probing':       15         29        0         2           6               0          0
        'quick_restart':    2'796     10'031        8       339       2'881              49         20
  'quick_restart_no_lp':    3'051     11'850      186       398       4'718              65         79

Clause deletion           at_true  l_and_not(l)  to_binary  sub_conflict  sub_extra  sub_decisions  sub_eager  sub_vivify  sub_probing  sub_inpro  blocked  eliminated  forgotten  promoted  conflicts
           'default_lp':    1'281            82         17            29          0              2          0         357            0      1'757        0           0          0        66        154
      'fs_random_no_lp':    1'415             0         27         2'153        200              2        201         261            0      1'739        0           0     28'488    84'626     42'163
               'max_lp':      350            95          5             0          0              0          0           0            0      1'690        0           0          0         0          0
                'no_lp':    1'312             0         22         5'772         87             49        215         310            0      1'705        0           0      9'121    61'540     29'010
              'probing':        0             0          0             0          0              0          0           2            0          0        0           0          0         0         28
        'quick_restart':    1'098            92         17           136          0              0          2         339            0      1'719        0           0          0       317        276
  'quick_restart_no_lp':    1'454             1         21           581         35              5         83         398            0      1'735        0           0          0    10'988      7'488

Lp stats            Component  Iterations  AddedCuts  OPTIMAL  DUAL_F.  DUAL_U.
     'default_lp':          1      98'744      2'032      168      120       27
         'max_lp':          1      10'437          0        0       10        0
        'probing':          1      38'435      1'344       32    1'795        0
  'quick_restart':          1      29'245        778       19    1'806        2

Lp dimension                  Final dimension of first component
     'default_lp':     6156 rows, 252568 columns, 209280 entries
         'max_lp':  994215 rows, 353510 columns, 6678911 entries
        'probing':     2099 rows, 353510 columns, 370222 entries
  'quick_restart':     1500 rows, 353510 columns, 368034 entries

Lp debug            CutPropag  CutEqPropag  Adjust  Overflow     Bad  BadScaling
     'default_lp':          0            0      25         0   3'882           0
         'max_lp':          0            0       0         0       0           0
        'probing':          0            0       0         0  35'243           0
  'quick_restart':          0            0       2         0  21'767           0

Lp pool             Constraints  Updates  Simplif  Merged  Shortened  Split  Strengthened    Cuts/Call
     'default_lp':      118'707        2    1'622       0      1'295      0             0  2'032/4'817
         'max_lp':      994'215        0        0       0          0      0             0          0/0
        'probing':      995'571       12   55'063       0     20'256      0           831  1'344/4'389
  'quick_restart':      994'993       12   69'137       0     17'548      0           733    778/2'641

Lp Cut           default_lp  quick_restart  probing
         CG_FF:           6             88      127
          CG_K:           6             10       59
         CG_KL:           -             12       26
          CG_R:          12             30       79
         CG_RB:           -              1       15
        CG_RBP:           -              1        2
        Clique:           -             43       55
            IB:       1'993             28       63
      MIR_1_FF:           1              9       22
       MIR_1_K:           -              1        7
      MIR_1_KL:           -              3        5
       MIR_1_R:           1              9       15
      MIR_1_RB:           -              -        3
     MIR_1_RBP:           -              2        7
      MIR_2_FF:           1             12       24
       MIR_2_K:           -              5        8
      MIR_2_KL:           -              3        2
       MIR_2_R:           1             10       33
      MIR_2_RB:           -              2        5
     MIR_2_RBP:           -              -        1
      MIR_3_FF:           2            278      335
       MIR_3_K:           -              1        6
      MIR_3_KL:           -              1        5
       MIR_3_R:           4              7       21
      MIR_3_RB:           -              -        5
      MIR_4_FF:           1             48       69
       MIR_4_K:           -              1        1
      MIR_4_KL:           -             25       32
       MIR_4_R:           2              8       10
     MIR_4_RBP:           -              -        2
      MIR_5_FF:           -             48       68
       MIR_5_K:           -              -        7
      MIR_5_KL:           -              1        3
       MIR_5_R:           -              9       14
      MIR_6_FF:           -             16       18
       MIR_6_K:           -              -        2
      MIR_6_KL:           -              6        7
       MIR_6_R:           2              5        8
  ZERO_HALF_FF:           -             38       89
  ZERO_HALF_KL:           -             15       32
   ZERO_HALF_R:           -              2       52

LNS stats       Improv/Calls  Closed  Difficulty  TimeLimit
  'rins/rens':           0/0      0%    5.00e-01       0.10

LS stats                                    Batches  Restarts/Perturbs  LinMoves  GenMoves  CompoundMoves  Bactracks  WeightUpdates  ScoreComputed
                             'fj_restart':        3                  3     2'454         0              0          0              3        707'444
                    'fj_restart_compound':        1                  1         0       941            940          0              0        234'213
                'fj_restart_compound_obj':        1                  1         0       994            985          0              0        250'777
            'fj_restart_compound_perturb':        4                  2         0    11'907         11'888          0              0        598'189
              'fj_restart_decay_compound':        1                  1         0       947            925          0              0        221'023
          'fj_restart_decay_compound_obj':        1                  1         0       917            914          0              0        218'076
      'fj_restart_decay_compound_perturb':        1                  1         0     3'309          3'309          0              0        154'716
  'fj_restart_decay_compound_perturb_obj':        2                  1         0     6'158          6'143          0              0        313'440
                   'fj_restart_decay_obj':        1                  1       823         0              0          0              1        244'188
               'fj_restart_decay_perturb':        3                  2     9'339         0              0          0              0        679'549
           'fj_restart_decay_perturb_obj':        3                  3     9'419         0              0          0              0        634'090
                     'fj_restart_perturb':       10                  4    24'824         0              0          0              3      2'516'004
                 'fj_restart_perturb_obj':        2                  1     6'204         0              0          0              0        468'575

Solution repositories    Added  Queried  Synchro
    'alternative_path':      0        0        0
      'best_solutions':      0        0        0
   'fj solution hints':     14        0       14
        'lp solutions':    744       57       57
                'pump':      0        0

Improving bounds shared      Num  Sym
            'default_lp':      2    0
       'fs_random_no_lp':  1'549    0
                 'no_lp':    124    0
               'probing':    274    0
         'quick_restart':    106    0
   'quick_restart_no_lp':  2'532    0

Clauses shared            #Exported  #Imported  #BinaryRead  #BinaryTotal
           'default_lp':     47'203      1'437      689'074       689'276
      'fs_random_no_lp':    375'017        729      689'259       689'276
               'max_lp':     16'620          0      611'740       689'276
                'no_lp':    112'865        948      688'996       689'276
              'probing':          0      1'442      689'086       689'276
        'quick_restart':     71'278      1'468      689'214       689'276
  'quick_restart_no_lp':     67'954      1'196      689'276       689'276

LRAT_status: NA
CpSolverResponse summary:
status: UNKNOWN
objective: NA
best_bound: NA
integers: 354527
booleans: 336239
conflicts: 0
branches: 8888
propagations: 12530855
integer_propagations: 13344874
restarts: 0
lp_iterations: 10437
walltime: 90.4932
usertime: 90.4932
deterministic_time: 565.741
gap_integral: 0

