y7_all_all_long: building, load=(8.4755859375, 8.712890625, 9.416015625)
satisfaction model '': (model_fingerprint: 0xc0fbcb1aaa1c568c)
#Variables: 360'219 (306'848 primary variables)
  - 209'558 Booleans in [0,1]
  - 11'552 in [0,4]
  - 4'762 in [0,12]
  - 85'778 in [0,20]
  - 12'732 in [0,40]
  - 24'284 in [0,60]
  - 11'552 in [0,80]
  - 1 in [10,12]
#kBoolAnd: 28'334 (#enforced: 28'334) (#literals: 56'668)
#kBoolOr: 35'855 (#enforced: 35'855) (#literals: 165'189)
#kExactlyOne: 1 (#literals: 47)
#kLinear1: 72'217 (#enforced: 404)
#kLinear2: 264'613 (#enforced: 1'856)
#kLinear3: 69'825 (#enforced: 66'480)
#kLinearN: 336'108 (#enforced: 213'119) (#terms: 4'103'211)
y7_all_all_long: solve starts; build=4.488s
{"tag": "y7_all_all_long", "status": "UNKNOWN", "solve_seconds": 1802.9560708200006, "build_seconds": 4.487948257003154, "total_seconds": 1807.8995632880033}
