
Starting CP-SAT solver v9.15.6755
Parameters: random_seed: 20260923 max_time_in_seconds: 247.69792714118955 log_search_progress: true linearization_level: 2 stop_after_first_solution: true num_search_workers: 8 cp_model_probing_level: 0 symmetry_level: 2 log_to_stdout: false

Initial optimization model '': (model_fingerprint: 0xa3ae8fc62f1715c8)
#Variables: 360'219 (#ints: 14'826 in objective) (306'848 primary variables)
  - 209'558 Booleans in [0,1]
  - 11'552 in [0,4]
  - 4'762 in [0,12]
  - 85'778 in [0,20]
  - 12'732 in [0,40]
  - 24'284 in [0,60]
  - 11'552 in [0,80]
  - 1 in [10,12]
#kBoolAnd: 28'334 (#enforced: 28'334) (#literals: 56'668)
#kBoolOr: 35'855 (#enforced: 35'855) (#literals: 165'189)
#kExactlyOne: 1 (#literals: 47)
#kLinear1: 72'218 (#enforced: 404)
#kLinear2: 264'613 (#enforced: 1'856)
#kLinear3: 69'825 (#enforced: 66'480)
#kLinearN: 336'108 (#enforced: 213'119) (#terms: 4'103'211)

Starting presolve at 0.32s
  1.60e-01s  0.00e+00d  [DetectDominanceRelations] 
  1.91e+00s  0.00e+00d  [PresolveToFixPoint] #num_loops=3 #num_dual_strengthening=2 
  1.11e-02s  0.00e+00d  [ExtractEncodingFromLinear] #potential_supersets=39'151 #potential_subsets=3 #exo_encodings=2 #literals=4 
  4.88e-02s  0.00e+00d  [DetectDuplicateColumns] 
  1.90e-02s  0.00e+00d  [DetectDuplicateConstraints] #duplicates=1'376 
[Symmetry] Graph for symmetry has 1'464'821 nodes and 5'872'533 arcs.
[Symmetry] Graph too large. Skipping. You can use symmetry_level:3 or more to force it.
[SAT presolve] num removable Booleans: 0 / 213'100
[SAT presolve] num trivial clauses: 0
[SAT presolve] [0s] clauses:182'850 literals:578'310 vars:126'433 one_side_vars:119312 simple_definition:6'688 singleton_clauses:0
[SAT presolve] [0.00816698s] clauses:180'534 literals:561'982 vars:126'433 one_side_vars:125946 simple_definition:356 singleton_clauses:0
[SAT presolve] [0.0166832s] clauses:180'534 literals:561'982 vars:126'433 one_side_vars:125946 simple_definition:356 singleton_clauses:0
[MaxClique] Merged 123040 with 252429 literals) into 106457(230991 literals) at_most_ones.
  1.93e-01s  0.00e+00d  [ProcessAtMostOneAndLinear] #num_changes=252 
  1.95e-02s  0.00e+00d  [DetectDuplicateConstraints] 
  4.18e-02s  0.00e+00d  [DetectDuplicateConstraintsWithDifferentEnforcements] #without_enforcements=101'318 
  5.88e-01s  1.00e-01d  [DetectDominatedLinearConstraints] #relevant_constraints=314'709 #num_inclusions=1'583'541 
  3.26e-02s  0.00e+00d  [DetectDifferentVariables] 
  8.06e-02s  1.27e-02d  [ProcessSetPPC] #relevant_constraints=257'682 #num_inclusions=35 
  3.31e-02s  2.42e-03d  [TransformClausesToExactlyOne] #num_amos=118'046 #num_clauses=57'635 #num_checked=57'635 
  3.78e-01s  0.00e+00d  [DetectEncodedComplexDomains] 
  1.04e-02s  2.41e-04d  [FindAlmostIdenticalLinearConstraints] #num_tested_pairs=5'516 
  1.30e-01s  1.00e+00d *[FindBigAtMostOneAndLinearOverlap] 
  1.29e-01s  1.00e+00d *[FindBigVerticalLinearOverlap] #blocks=40 #saved_nz=184'530 
  1.46e-01s  1.00e+00d *[FindBigHorizontalLinearOverlap] #blocks=2 #saved_nz=381 #linears=176'039 
  1.63e-02s  1.58e-03d  [MergeClauses] #num_collisions=18'256 #num_merges=18'256 #num_saved_literals=77'838 
  1.55e-01s  0.00e+00d  [DetectDominanceRelations] 
  7.61e-01s  0.00e+00d  [PresolveToFixPoint] #num_loops=3 #num_dual_strengthening=1 
  1.54e-01s  0.00e+00d  [DetectDominanceRelations] 
  7.17e-01s  0.00e+00d  [PresolveToFixPoint] #num_loops=1 #num_dual_strengthening=1 
  4.60e-02s  0.00e+00d  [DetectDuplicateColumns] 
  1.82e-02s  0.00e+00d  [DetectDuplicateConstraints] 
[Symmetry] Graph for symmetry has 1'464'001 nodes and 5'610'362 arcs.
[Symmetry] Graph too large. Skipping. You can use symmetry_level:3 or more to force it.
[SAT presolve] num removable Booleans: 0 / 213'092
[SAT presolve] num trivial clauses: 0
[SAT presolve] [0s] clauses:168'513 literals:537'943 vars:141'870 one_side_vars:141405 simple_definition:361 singleton_clauses:0
[SAT presolve] [0.00715619s] clauses:168'513 literals:537'761 vars:141'870 one_side_vars:141587 simple_definition:179 singleton_clauses:0
[SAT presolve] [0.0150424s] clauses:168'513 literals:537'761 vars:141'870 one_side_vars:141587 simple_definition:179 singleton_clauses:0
[MaxClique] Merged 120798 with 259620 literals) into 112751(248797 literals) at_most_ones.
  1.57e-01s  0.00e+00d  [ProcessAtMostOneAndLinear] 
  2.07e-02s  0.00e+00d  [DetectDuplicateConstraints] 
  4.38e-02s  0.00e+00d  [DetectDuplicateConstraintsWithDifferentEnforcements] #without_enforcements=101'312 
  5.53e-01s  1.00e-01d  [DetectDominatedLinearConstraints] #relevant_constraints=314'734 #num_inclusions=1'574'449 
  3.30e-02s  0.00e+00d  [DetectDifferentVariables] 
  8.42e-02s  1.16e-02d  [ProcessSetPPC] #relevant_constraints=263'748 #num_inclusions=11'549 
  3.50e-02s  2.42e-03d  [TransformClausesToExactlyOne] #num_amos=112'826 #num_clauses=57'456 #num_checked=57'456 
  3.62e-01s  0.00e+00d  [DetectEncodedComplexDomains] 
  1.10e-02s  2.42e-04d  [FindAlmostIdenticalLinearConstraints] #num_tested_pairs=5'512 
  2.58e-01s  1.00e+00d *[FindBigAtMostOneAndLinearOverlap] 
  9.19e-02s  1.00e+00d *[FindBigVerticalLinearOverlap] #blocks=2 #saved_nz=60 
  1.48e-01s  1.00e+00d *[FindBigHorizontalLinearOverlap] #linears=175'961 
  1.88e-02s  1.58e-03d  [MergeClauses] #num_collisions=18'255 #num_merges=18'255 #num_saved_literals=77'836 
  1.57e-01s  0.00e+00d  [DetectDominanceRelations] 
  7.33e-01s  0.00e+00d  [PresolveToFixPoint] #num_loops=3 #num_dual_strengthening=1 
  1.57e-01s  0.00e+00d  [DetectDominanceRelations] 
  7.28e-01s  0.00e+00d  [PresolveToFixPoint] #num_loops=1 #num_dual_strengthening=1 
  4.59e-02s  0.00e+00d  [DetectDuplicateColumns] 
  1.89e-02s  0.00e+00d  [DetectDuplicateConstraints] #duplicates=12 
[Symmetry] Graph for symmetry has 1'463'709 nodes and 5'594'246 arcs.
[Symmetry] Graph too large. Skipping. You can use symmetry_level:3 or more to force it.
[SAT presolve] num removable Booleans: 0 / 213'084
[SAT presolve] num trivial clauses: 0
[SAT presolve] [0s] clauses:155'530 literals:511'796 vars:141'554 one_side_vars:141265 simple_definition:185 singleton_clauses:0
[SAT presolve] [0.00571232s] clauses:155'530 literals:511'796 vars:141'554 one_side_vars:141265 simple_definition:185 singleton_clauses:0
[SAT presolve] [0.013626s] clauses:155'530 literals:511'796 vars:141'554 one_side_vars:141265 simple_definition:185 singleton_clauses:0
[MaxClique] Merged 112898 with 249037 literals) into 112745(248731 literals) at_most_ones.
  1.58e-01s  0.00e+00d  [ProcessAtMostOneAndLinear] 
  2.09e-02s  0.00e+00d  [DetectDuplicateConstraints] 
  4.42e-02s  0.00e+00d  [DetectDuplicateConstraintsWithDifferentEnforcements] #without_enforcements=101'306 
  5.47e-01s  1.00e-01d  [DetectDominatedLinearConstraints] #relevant_constraints=314'724 #num_inclusions=1'574'444 
  3.42e-02s  0.00e+00d  [DetectDifferentVariables] 
  8.22e-02s  1.16e-02d  [ProcessSetPPC] #relevant_constraints=263'736 #num_inclusions=11'549 
  3.53e-02s  2.42e-03d  [TransformClausesToExactlyOne] #num_amos=112'820 #num_clauses=57'457 #num_checked=57'457 
  3.50e-01s  0.00e+00d  [DetectEncodedComplexDomains] 
  1.17e-02s  2.44e-04d  [FindAlmostIdenticalLinearConstraints] #num_tested_pairs=5'526 
  2.58e-01s  1.00e+00d *[FindBigAtMostOneAndLinearOverlap] 
  9.16e-02s  1.00e+00d *[FindBigVerticalLinearOverlap] 
  1.47e-01s  1.00e+00d *[FindBigHorizontalLinearOverlap] #linears=175'948 
  2.09e-02s  1.58e-03d  [MergeClauses] #num_collisions=18'254 #num_merges=18'254 #num_saved_literals=77'834 
  1.62e-01s  0.00e+00d  [DetectDominanceRelations] 
  7.38e-01s  0.00e+00d  [PresolveToFixPoint] #num_loops=3 #num_dual_strengthening=1 
  6.22e-03s  0.00e+00d  [MergeNoOverlap] 
  6.56e-03s  0.00e+00d  [MergeNoOverlap2D] 
  3.29e-01s  0.00e+00d  [ExpandObjective] #entries=100'000'076 #tight_variables=650'056 #tight_constraints=38'232 

Presolve summary:
  - 15136 affine relations were detected.
  - rule 'TODO domination: unexploited dominations' was applied 2 times.
  - rule 'TODO dual: only one blocking constraint?' was applied 3'598 times.
  - rule 'TODO dual: tighten at most one' was applied 278 times.
  - rule 'TODO linear2: convert ax + by != cte to clauses for large domains' was applied 1'008 times.
  - rule 'TODO linear2: convert implied ax + by == cte to clauses for large domains' was applied 504 times.
  - rule 'affine: new relation' was applied 15'136 times.
  - rule 'at_most_one: removed literals' was applied 9 times.
  - rule 'at_most_one: satisfied' was applied 8 times.
  - rule 'at_most_one: size one' was applied 6 times.
  - rule 'at_most_one: transformed into max clique' was applied 3 times.
  - rule 'bool_and: fixed literals' was applied 4 times.
  - rule 'bool_and: non-reified' was applied 1 time.
  - rule 'bool_and: x => x' was applied 3'648 times.
  - rule 'bool_or: always true' was applied 14 times.
  - rule 'bool_or: implications' was applied 87'371 times.
  - rule 'bool_or: only one literal' was applied 20 times.
  - rule 'bool_or: removed enforcement literal' was applied 10'900 times.
  - rule 'deductions: 311299 stored' was applied 1 time.
  - rule 'domination: added implications' was applied 7'513 times.
  - rule 'dual: enforced equivalence' was applied 3'648 times.
  - rule 'duplicate: removed constraint' was applied 1'388 times.
  - rule 'encoding: candidate linear is all boolean now' was applied 2 times.
  - rule 'encoding: extracted from linear' was applied 2 times.
  - rule 'encoding: reduced target domain' was applied 2 times.
  - rule 'enforcement: false literal' was applied 26 times.
  - rule 'enforcement: true literal' was applied 19 times.
  - rule 'exactly_one: removed literals' was applied 3 times.
  - rule 'incompatible linear: add implication' was applied 34'776 times.
  - rule 'linear + amo: empty after processing' was applied 2 times.
  - rule 'linear + amo: extracted enforcement literal' was applied 278 times.
  - rule 'linear + amo: fixed literal implied by enforcement' was applied 10 times.
  - rule 'linear matrix: common horizontal rectangle' was applied 2 times.
  - rule 'linear matrix: common vertical rectangle' was applied 42 times.
  - rule 'linear matrix: defining equation for common rectangle' was applied 1 time.
  - rule 'linear1: x in domain' was applied 277 times.
  - rule 'linear2: contains a boolean' was applied 172'504 times.
  - rule 'linear2: convert ax + by != cte to clauses' was applied 88'599 times.
  - rule 'linear2: convert implied ax + by == cte to clauses' was applied 156 times.
  - rule 'linear2: implied ax + by = cte has only one solution' was applied 4 times.
  - rule 'linear: always true' was applied 72'039 times.
  - rule 'linear: divide by GCD' was applied 18'832 times.
  - rule 'linear: empty' was applied 54 times.
  - rule 'linear: extracted at most one (min)' was applied 2 times.
  - rule 'linear: extracted enforcement literal' was applied 1'011'258 times.
  - rule 'linear: fixed or dup variables' was applied 224 times.
  - rule 'linear: negative equal one' was applied 17'912 times.
  - rule 'linear: never in domain' was applied 2 times.
  - rule 'linear: positive at most one' was applied 139 times.
  - rule 'linear: positive clause' was applied 13'328 times.
  - rule 'linear: positive equal one' was applied 21'099 times.
  - rule 'linear: reduced variable domains' was applied 10'079 times.
  - rule 'linear: reduced variable domains in derived constraint' was applied 25 times.
  - rule 'linear: remapped using affine relations' was applied 42'807 times.
  - rule 'linear: small Boolean expression' was applied 2'316 times.
  - rule 'linear: variable substitution 2' was applied 4 times.
  - rule 'new_bool: var with 2 values' was applied 1 time.
  - rule 'objective: variable not used elsewhere' was applied 9 times.
  - rule 'presolve: 338 unused variables removed.' was applied 1 time.
  - rule 'presolve: iteration' was applied 3 times.
  - rule 'setppc: bool_or in at_most_one' was applied 5 times.
  - rule 'setppc: fixed variables' was applied 3 times.
  - rule 'setppc: removed dominated constraints' was applied 23'032 times.
  - rule 'variables with 2 values: create encoding literal' was applied 1 time.
  - rule 'variables with 2 values: new affine relation' was applied 1 time.
  - rule 'variables: canonicalize affine domain' was applied 8'728 times.
  - rule 'variables: detect fully reified value encoding' was applied 12'732 times.
  - rule 'variables: detect half reified value encoding' was applied 164'071 times.

Presolved optimization model '': (model_fingerprint: 0xaded23581c6fcca7)
#Variables: 353'513 (#ints: 14'808 in objective) (303'734 primary variables)
  - 213'076 Booleans in [0,1]
  - 4 in [-12,12]
  - 12'732 in [0][20,60]
  - 30 in [0,2]
  - 6 in [0,3]
  - 11'555 in [0,4]
  - 2 in [0,5]
  - 5 in [0,6]
  - 2 in [0,7]
  - 2 in [0,8]
  - 2 in [0,9]
  - 4 in [0,10]
  - 2 in [0,11]
  - 4'596 in [0,12]
  - 75'656 in [0,20]
  - 1 in [0,35]
  - 12'732 in [0,40]
  - 11'552 in [0,60]
  - 11'552 in [0,80]
  - 1 in [161,3598]
  - 1 in [163,3600]
#kAtMostOne: 14'819 (#literals: 52'825)
#kBoolAnd: 40'808 (#enforced: 40'808) (#literals: 138'892)
#kBoolAndClauses: 18'238 (#enforced: 18'238 #multi: 18'238) (#literals: 114'273)
#kBoolOr: 20'967 (#literals: 123'548)
#kExactlyOne: 39'014 (#literals: 913'429)
#kLinear1: 200'177 (#enforced: 200'177 #multi: 36'141)
#kLinear2: 452 (#enforced: 452)
#kLinear3: 68'276 (#enforced: 64'163)
#kLinearN: 246'438 (#enforced: 213'074) (#terms: 1'848'643)
[Symmetry] Graph for symmetry has 1'448'183 nodes and 5'594'043 arcs.
[Symmetry] Graph too large. Skipping. You can use symmetry_level:3 or more to force it.

Preloading model.
#Bound  14.01s best:inf   next:[0,296160] initial_domain
#Model  14.23s var:353513/353513 constraints:649189/649189

Starting search at 14.27s with 8 workers.
6 full problem subsolvers: [core, default_lp, max_lp, no_lp, quick_restart, reduced_costs]
2 first solution subsolvers: [fj, fs_random_no_lp]
9 interleaved subsolvers: [feasibility_pump, graph_arc_lns, graph_cst_lns, graph_dec_lns, graph_var_lns, ls, rins/rens, rnd_cst_lns, rnd_var_lns]
3 helper subsolvers: [neighborhood_helper, synchronization_agent, update_gap_integral]

#Model  15.70s var:353483/353513 constraints:649145/649189
#Model  17.16s var:353468/353513 constraints:649123/649189
#Model  17.65s var:352541/353513 constraints:647535/649189
#Model  18.58s var:352483/353513 constraints:647437/649189
#Model  19.12s var:352424/353513 constraints:647342/649189
#Model  20.54s var:352403/353513 constraints:647307/649189
#Model  21.25s var:352388/353513 constraints:647285/649189
#Model  21.58s var:352387/353513 constraints:647283/649189
#Model  21.99s var:352357/353513 constraints:647240/649189
#Model  22.56s var:352283/353513 constraints:647122/649189
#Model  22.89s var:352282/353513 constraints:647122/649189
#Model  23.63s var:352267/353513 constraints:647101/649189
#Model  24.07s var:352260/353513 constraints:647081/649189
#Model  24.98s var:352245/353513 constraints:647060/649189
#Model  25.49s var:352240/353513 constraints:647047/649189
#Model  27.02s var:352226/353513 constraints:647014/649189
#Model  27.94s var:352211/353513 constraints:646992/649189
#Model  29.09s var:352196/353513 constraints:646970/649189
#Model  29.79s var:352166/353513 constraints:646928/649189
#Model  33.65s var:352151/353513 constraints:646907/649189
#Model  38.04s var:352136/353513 constraints:646884/649189
#Model  38.79s var:352112/353513 constraints:646840/649189
#Model  39.52s var:352107/353513 constraints:646827/649189
#Model  40.53s var:352089/353513 constraints:646798/649189
#Model  42.80s var:352079/353513 constraints:646775/649189
#Model  48.84s var:352058/353513 constraints:646740/649189
#Model  52.52s var:352053/353513 constraints:646728/649189
#Model  56.09s var:352052/353513 constraints:646728/649189
#Model  74.37s var:352043/353513 constraints:646708/649189
#Model  76.89s var:352024/353513 constraints:646677/649189
#Model  81.30s var:352023/353513 constraints:646676/649189
#Model  82.25s var:352018/353513 constraints:646665/649189
#Model  84.68s var:352003/353513 constraints:646642/649189
#Model  92.67s var:352002/353513 constraints:646639/649189
#Model  94.33s var:352001/353513 constraints:646639/649189
#Model  97.35s var:352000/353513 constraints:646639/649189
#Model  98.04s var:351986/353513 constraints:646607/649189
#Model 100.11s var:351971/353513 constraints:646586/649189
#Model 106.68s var:351969/353513 constraints:646574/649189
#Model 110.83s var:351968/353513 constraints:646574/649189
#Model 118.23s var:351953/353513 constraints:646551/649189
#Model 136.61s var:351936/353513 constraints:646522/649189
#Model 137.12s var:351919/353513 constraints:646498/649189
#Model 152.10s var:351918/353513 constraints:646496/649189
#Model 154.28s var:351917/353513 constraints:646496/649189
#Model 155.13s var:351916/353513 constraints:646496/649189
#Model 155.48s var:351880/353513 constraints:646437/649189
#Model 156.65s var:351870/353513 constraints:646414/649189
#Model 193.82s var:351855/353513 constraints:646393/649189
#Model 200.83s var:351840/353513 constraints:646372/649189
#Model 206.19s var:351835/353513 constraints:646360/649189
#Model 213.80s var:351821/353513 constraints:646328/649189
#Model 217.35s var:351807/353513 constraints:646296/649189
#Model 225.47s var:351786/353513 constraints:646259/649189
#Model 230.05s var:351761/353513 constraints:646220/649189
#Model 230.33s var:351740/353513 constraints:646185/649189
#Model 233.46s var:351739/353513 constraints:646185/649189
#Model 236.87s var:351718/353513 constraints:646150/649189
#Model 240.04s var:351704/353513 constraints:646118/649189
#Model 241.05s var:351683/353513 constraints:646083/649189

Task timing                   n [     min,      max]      avg      dev     time         n [     min,      max]      avg      dev    dtime
              'core':         1 [   3.90m,    3.90m]    3.90m   0.00ns    3.90m         2 [  2.82ms,    3.31m]    1.65m    1.65m    3.31m
        'default_lp':         1 [   3.90m,    3.90m]    3.90m   0.00ns    3.90m         2 [685.61ms,    5.35m]    2.68m    2.67m    5.36m
  'feasibility_pump':       748 [  4.20ms,   17.80s]  95.15ms    1.07s    1.19m         7 [   1.85s,   28.78s]   14.52s    9.68s    1.69m
                'fj':       747 [ 51.83ms, 321.31ms]  92.55ms  26.16ms    1.15m       747 [105.08ms, 131.11ms] 118.54ms   9.29ms    1.48m
   'fs_random_no_lp':         1 [   3.90m,    3.90m]    3.90m   0.00ns    3.90m         2 [  2.84ms,    3.35m]    1.67m    1.67m    3.35m
     'graph_arc_lns':         0 [  0.00ns,   0.00ns]   0.00ns   0.00ns   0.00ns         0 [  0.00ns,   0.00ns]   0.00ns   0.00ns   0.00ns
     'graph_cst_lns':         0 [  0.00ns,   0.00ns]   0.00ns   0.00ns   0.00ns         0 [  0.00ns,   0.00ns]   0.00ns   0.00ns   0.00ns
     'graph_dec_lns':         0 [  0.00ns,   0.00ns]   0.00ns   0.00ns   0.00ns         0 [  0.00ns,   0.00ns]   0.00ns   0.00ns   0.00ns
     'graph_var_lns':         0 [  0.00ns,   0.00ns]   0.00ns   0.00ns   0.00ns         0 [  0.00ns,   0.00ns]   0.00ns   0.00ns   0.00ns
                'ls':         0 [  0.00ns,   0.00ns]   0.00ns   0.00ns   0.00ns         0 [  0.00ns,   0.00ns]   0.00ns   0.00ns   0.00ns
            'max_lp':         1 [   3.89m,    3.89m]    3.89m   0.00ns    3.89m         2 [  22.33s,    7.27m]    3.82m    3.45m    7.65m
             'no_lp':         1 [   3.90m,    3.90m]    3.90m   0.00ns    3.90m         2 [  2.84ms,    3.03m]    1.52m    1.52m    3.03m
     'quick_restart':         1 [   3.90m,    3.90m]    3.90m   0.00ns    3.90m         2 [686.65ms,    2.39m]    1.20m    1.19m    2.41m
     'reduced_costs':         1 [   3.90m,    3.90m]    3.90m   0.00ns    3.90m         2 [687.44ms,    2.81m]    1.41m    1.40m    2.82m
         'rins/rens':       748 [ 34.69ms, 463.34ms]  71.43ms  17.68ms   53.43s         0 [  0.00ns,   0.00ns]   0.00ns   0.00ns   0.00ns
       'rnd_cst_lns':         0 [  0.00ns,   0.00ns]   0.00ns   0.00ns   0.00ns         0 [  0.00ns,   0.00ns]   0.00ns   0.00ns   0.00ns
       'rnd_var_lns':         0 [  0.00ns,   0.00ns]   0.00ns   0.00ns   0.00ns         0 [  0.00ns,   0.00ns]   0.00ns   0.00ns   0.00ns

Search stats            Bools  Conflicts   Branches  Restarts  BacktrackToRoot  Backtrack     BoolPropag  IntegerPropag
             'core':  336'241     68'192    328'351        10               18     67'966  1'072'533'235    922'923'377
       'default_lp':  336'241      2'244     63'286         4            6'373     17'997     87'617'584     86'546'244
  'fs_random_no_lp':  336'245     65'479    202'326        18            8'711     88'174    952'494'596    861'343'335
           'max_lp':  336'241          0         10         0                1          1          5'676          6'930
            'no_lp':  336'241     70'563  2'296'717         4            6'464     86'344    986'346'121    881'237'187
    'quick_restart':  336'467        470    207'417        25            8'545     23'265     81'037'911     84'454'028
    'reduced_costs':  336'473      2'547  3'256'419         8           12'743     34'691    103'351'666    110'923'453

SAT formula           Fixed  Equiv    Total  VarLeft  BinaryClauses  PermanentClauses  TemporaryClauses
             'core':  1'269  1'676  336'241  333'296      1'675'256           156'464            15'073
       'default_lp':  1'469  1'678  336'241  333'094      3'207'514           156'838               322
  'fs_random_no_lp':  1'723  1'679  336'245  332'843      3'226'364           157'501            12'704
           'max_lp':  1'254      0  336'241  334'987      1'755'278           158'338                 0
            'no_lp':  1'546  1'679  336'241  333'016      3'226'284           157'457            17'395
    'quick_restart':  1'723  1'679  336'467  333'065      3'202'782           157'297               146
    'reduced_costs':  1'723  1'679  336'473  333'071      3'197'536           157'661               589

SAT stats             ClassicMinim  LitRemoved  LitRemovedBinary  LitLearned  LitForgotten  Subsumed
             'core':        65'402   1'174'371         1'195'374  32'660'165     3'499'080     6'243
       'default_lp':         2'068     418'398             6'222  18'141'065             0     1'807
  'fs_random_no_lp':        59'848     460'751           714'188   3'846'384     1'617'513     6'117
           'max_lp':             0           0                 0           0             0         0
            'no_lp':        65'583     843'415         2'589'523  78'161'282     6'202'226    14'856
    'quick_restart':           199       9'851             8'114      95'666             0       104
    'reduced_costs':         1'024       5'076             4'085      45'298             0       314

Vivification          Clauses  Decisions  LitTrue  Subsumed  LitRemoved  DecisionReused  Conflicts
             'core':        0          0        0         0           0               0          0
       'default_lp':    3'525     14'639      183       564       5'713             148         73
  'fs_random_no_lp':    4'442     25'758      184       912      12'317             331         76
           'max_lp':        1          2        0         0           0               0          0
            'no_lp':    3'638     16'814      185       590       6'838             210         71
    'quick_restart':    4'193     20'577        4       804       7'297             268         57
    'reduced_costs':    7'761     31'345        8     1'292      12'636           3'804         83

Clause deletion       at_true  l_and_not(l)  to_binary  sub_conflict  sub_extra  sub_decisions  sub_eager  sub_vivify  sub_probing  sub_inpro  blocked  eliminated  forgotten  promoted  conflicts
             'core':      447             0          5         6'047        237              0        196           0            0      1'689        0           0     44'291   148'982     68'192
       'default_lp':      582             3         24         1'806          4              1          1         564            0      1'809        0           0          0     4'260      2'244
  'fs_random_no_lp':      676             2         26         5'767        405              1        350         912            0      2'090        0           0     44'412   143'154     65'479
           'max_lp':        0             0          0             0          0              0          0           0            0          0        0           0          0         0          0
            'no_lp':      610             1         24        14'451        257              3        405         590            0      1'867        0           0     36'751   157'792     70'563
    'quick_restart':      580           101         13            98          2              5          6         804            0      1'872        0           0          0       244        470
    'reduced_costs':      572           108         21           264          3              6         50       1'292            0      2'340        0           0          0     4'103      2'547

Lp stats            Component  Iterations  AddedCuts  OPTIMAL  DUAL_F.  DUAL_U.
     'default_lp':          1     312'051      9'586      839      370       28
         'max_lp':          1      13'914          0        0       12        0
  'quick_restart':          1      79'817      3'181      114    6'090       15
  'reduced_costs':          1      86'294      2'895      187    7'066        0

Lp dimension                  Final dimension of first component
     'default_lp':    22547 rows, 252571 columns, 368860 entries
         'max_lp':  994222 rows, 353513 columns, 6734041 entries
  'quick_restart':     5246 rows, 353513 columns, 471594 entries
  'reduced_costs':     9820 rows, 353513 columns, 457342 entries

Lp debug            CutPropag  CutEqPropag  Adjust  Overflow     Bad  BadScaling
     'default_lp':          0            0     241         0  39'948           0
         'max_lp':          0            0       0         0       0           0
  'quick_restart':          7            0     327         0  67'146           0
  'reduced_costs':          3            0       0         0  32'258           0

Lp pool             Constraints  Updates  Simplif  Merged  Shortened  Split  Strengthened     Cuts/Call
     'default_lp':      126'265        9    4'050       2      2'116      0             0  9'586/28'051
         'max_lp':      994'222        0        0       0          0      0             0           0/0
  'quick_restart':      997'403       31  100'774       0     10'312      0           335  3'181/12'637
  'reduced_costs':      997'117       13   67'517       0     10'051      6           315  2'895/29'687

Lp Cut           default_lp  quick_restart  reduced_costs
         CG_FF:          45            319             99
          CG_K:          25             79             79
         CG_KL:           -             30              2
          CG_R:          34             87              7
         CG_RB:           -             17              -
        CG_RBP:           -              1              -
        Clique:           -            173             45
            IB:       8'829              6            242
      MIR_1_FF:           3            163             62
       MIR_1_K:           2             93             42
      MIR_1_KL:           1             80              -
       MIR_1_R:           1             20             16
      MIR_1_RB:           -             10             20
     MIR_1_RBP:           -              -              5
     MIR_1_RLT:           -              4              -
      MIR_2_FF:           -             58             24
       MIR_2_K:         151             76            380
      MIR_2_KL:          15              7              -
       MIR_2_R:           3             33             14
      MIR_2_RB:           2             52             30
     MIR_2_RBP:           -             16              8
      MIR_3_FF:          19            705            203
       MIR_3_K:           1             37             47
      MIR_3_KL:           5              4              -
       MIR_3_R:           2             25              3
      MIR_3_RB:           -             40             29
     MIR_3_RBP:           -             12              8
      MIR_4_FF:          10            197            242
       MIR_4_K:           1             13             49
      MIR_4_KL:           -             89             10
       MIR_4_R:         132             50            278
      MIR_4_RB:           -             19             24
     MIR_4_RBP:           -              1              6
      MIR_5_FF:          16            128            359
       MIR_5_K:           1             20             21
      MIR_5_KL:           2              9              -
       MIR_5_R:         130             33            198
      MIR_5_RB:           9             16             14
     MIR_5_RBP:           -              2              3
      MIR_6_FF:          11             62            203
       MIR_6_K:           1             11             10
      MIR_6_KL:           2             29              -
       MIR_6_R:          48             34             58
      MIR_6_RB:          58              4             10
     MIR_6_RBP:           -              -              1
  ZERO_HALF_FF:           7            181             32
   ZERO_HALF_K:           -              1              -
  ZERO_HALF_KL:           -             28              8
   ZERO_HALF_R:          20            107              4

LNS stats           Improv/Calls  Closed  Difficulty  TimeLimit
  'graph_arc_lns':           0/0      0%    5.00e-01       0.10
  'graph_cst_lns':           0/0      0%    5.00e-01       0.10
  'graph_dec_lns':           0/0      0%    5.00e-01       0.10
  'graph_var_lns':           0/0      0%    5.00e-01       0.10
      'rins/rens':           0/0      0%    5.00e-01       0.10
    'rnd_cst_lns':           0/0      0%    5.00e-01       0.10
    'rnd_var_lns':           0/0      0%    5.00e-01       0.10

LS stats                                    Batches  Restarts/Perturbs  LinMoves  GenMoves  CompoundMoves  Bactracks  WeightUpdates  ScoreComputed
                             'fj_restart':       46                 19    22'928         0              0          0             20      7'358'649
                    'fj_restart_compound':       37                 16         0    24'627         24'416          0              0      6'119'986
                'fj_restart_compound_obj':       21                 14         0    13'294         13'111          0              0      2'710'814
            'fj_restart_compound_perturb':       28                 15         0    32'741         32'617          0              0      1'668'480
        'fj_restart_compound_perturb_obj':       22                 13         0    27'630         27'563          0              0      1'414'216
                       'fj_restart_decay':       29                 10    15'503         0              0          0             12      4'808'891
              'fj_restart_decay_compound':       55                 17         0    30'694         26'178      2'121              0      8'989'352
          'fj_restart_decay_compound_obj':       69                 14         0    31'623         24'677      3'386              0     12'211'086
      'fj_restart_decay_compound_perturb':       45                 16         0    54'374         54'292          0              0      4'204'683
  'fj_restart_decay_compound_perturb_obj':       42                 14         0    52'096         52'038          0              0      3'256'496
                   'fj_restart_decay_obj':       37                 18    19'130         0              0          0             12      5'609'847
               'fj_restart_decay_perturb':       26                 12    23'477         0              0          0              2      3'287'647
           'fj_restart_decay_perturb_obj':       68                 24    62'551         0              0          0              2      8'205'576
                         'fj_restart_obj':       81                 19    41'113         0              0          0             56     12'705'173
                     'fj_restart_perturb':       47                 17    46'352         0              0          0              1      5'443'588
                 'fj_restart_perturb_obj':       94                 10    61'339         0              0          0             37     13'900'521

Objective bounds     Num
  'initial_domain':    1

Solution repositories     Added  Queried  Synchro
    'alternative_path':       0        0        0
      'best_solutions':       0        0        0
   'fj solution hints':     240        0      240
        'lp solutions':  33'684      748      930
                'pump':       0        0

Improving bounds shared      Num  Sym
                  'core':     90    0
            'default_lp':     41    0
       'fs_random_no_lp':  1'290    0
                 'no_lp':     58    0
         'quick_restart':    203    0
         'reduced_costs':    264    0

Clauses shared        #Exported  #Imported  #BinaryRead  #BinaryTotal
             'core':      1'079        277      599'817       658'880
       'default_lp':    152'362      1'753      658'630       658'880
  'fs_random_no_lp':    476'141      1'694      658'880       658'880
           'max_lp':          0        277      599'806       658'880
            'no_lp':      8'238      1'500      658'736       658'880
    'quick_restart':      2'808      2'513      658'874       658'880
    'reduced_costs':     20'963      2'453      658'873       658'880

LRAT_status: NA
CpSolverResponse summary:
status: UNKNOWN
objective: 296160
best_bound: 0
integers: 355093
booleans: 336241
conflicts: 0
branches: 10
propagations: 5676
integer_propagations: 6930
restarts: 0
lp_iterations: 13914
walltime: 248.495
usertime: 248.495
deterministic_time: 1875.03
gap_integral: 23505

