y9_all_all_long: building, load=(14.25390625, 13.8515625, 12.36181640625)
satisfaction model '': (model_fingerprint: 0xc6833212162129c3)
#Variables: 359'609 (306'747 primary variables)
  - 209'261 Booleans in [0,1]
  - 11'552 in [0,4]
  - 4'762 in [0,12]
  - 85'465 in [0,20]
  - 12'732 in [0,40]
  - 24'284 in [0,60]
  - 11'552 in [0,80]
  - 1 in [10,12]
#kBoolAnd: 28'076 (#enforced: 28'076) (#literals: 56'152)
#kBoolOr: 35'855 (#enforced: 35'855) (#literals: 165'189)
#kExactlyOne: 1 (#literals: 47)
#kLinear1: 72'224 (#enforced: 411)
#kLinear2: 263'610 (#enforced: 1'937)
#kLinear3: 69'929 (#enforced: 66'583)
#kLinearN: 335'780 (#enforced: 212'842) (#terms: 4'095'885)
y9_all_all_long: solve starts; build=4.714s
{"tag": "y9_all_all_long", "status": "UNKNOWN", "solve_seconds": 1801.7772830979957, "build_seconds": 4.714467159996275, "total_seconds": 1806.985842891998}
