
Starting CP-SAT solver v9.15.6755
Parameters: random_seed: 20260922 max_time_in_seconds: 1800 log_search_progress: true linearization_level: 2 num_search_workers: 8 cp_model_probing_level: 0 symmetry_level: 2 log_to_stdout: false

Initial satisfaction model '': (model_fingerprint: 0xc6833212162129c3)
#Variables: 359'609 (306'747 primary variables)
  - 209'261 Booleans in [0,1]
  - 11'552 in [0,4]
  - 4'762 in [0,12]
  - 85'465 in [0,20]
  - 12'732 in [0,40]
  - 24'284 in [0,60]
  - 11'552 in [0,80]
  - 1 in [10,12]
#kBoolAnd: 28'076 (#enforced: 28'076) (#literals: 56'152)
#kBoolOr: 35'855 (#enforced: 35'855) (#literals: 165'189)
#kExactlyOne: 1 (#literals: 47)
#kLinear1: 72'224 (#enforced: 411)
#kLinear2: 263'610 (#enforced: 1'937)
#kLinear3: 69'929 (#enforced: 66'583)
#kLinearN: 335'780 (#enforced: 212'842) (#terms: 4'095'885)

Starting presolve at 0.34s
  1.64e-01s  0.00e+00d  [DetectDominanceRelations] 
  2.00e+00s  0.00e+00d  [PresolveToFixPoint] #num_loops=3 #num_dual_strengthening=2 
  1.31e-02s  0.00e+00d  [ExtractEncodingFromLinear] #potential_supersets=39'147 #potential_subsets=4 #exo_encodings=2 #literals=4 
  5.36e-02s  0.00e+00d  [DetectDuplicateColumns] 
  2.31e-02s  0.00e+00d  [DetectDuplicateConstraints] #duplicates=1'124 
[Symmetry] Graph for symmetry has 1'463'613 nodes and 5'864'149 arcs.
[Symmetry] Graph too large. Skipping. You can use symmetry_level:3 or more to force it.
[SAT presolve] num removable Booleans: 0 / 213'052
[SAT presolve] num trivial clauses: 0
[SAT presolve] [0s] clauses:182'746 literals:578'326 vars:126'386 one_side_vars:119193 simple_definition:6'757 singleton_clauses:0
[SAT presolve] [0.00929252s] clauses:180'418 literals:561'914 vars:126'386 one_side_vars:125878 simple_definition:370 singleton_clauses:0
[SAT presolve] [0.0185413s] clauses:180'418 literals:561'914 vars:126'386 one_side_vars:125878 simple_definition:370 singleton_clauses:0
[MaxClique] Merged 122767 with 251883 literals) into 106217(230489 literals) at_most_ones.
  2.01e-01s  0.00e+00d  [ProcessAtMostOneAndLinear] #num_changes=252 
  2.13e-02s  0.00e+00d  [DetectDuplicateConstraints] 
  4.55e-02s  0.00e+00d  [DetectDuplicateConstraintsWithDifferentEnforcements] #without_enforcements=101'259 
  6.18e-01s  1.00e-01d  [DetectDominatedLinearConstraints] #relevant_constraints=314'524 #num_inclusions=1'583'240 
  3.44e-02s  0.00e+00d  [DetectDifferentVariables] 
  8.64e-02s  1.27e-02d  [ProcessSetPPC] #relevant_constraints=257'238 #num_inclusions=35 
  3.53e-02s  2.42e-03d  [TransformClausesToExactlyOne] #num_amos=117'806 #num_clauses=57'792 #num_checked=57'792 
  4.05e-01s  0.00e+00d  [DetectEncodedComplexDomains] 
  1.10e-02s  2.51e-04d  [FindAlmostIdenticalLinearConstraints] #num_tested_pairs=5'659 
  1.35e-01s  1.00e+00d *[FindBigAtMostOneAndLinearOverlap] 
  1.46e-01s  1.00e+00d *[FindBigVerticalLinearOverlap] #blocks=47 #saved_nz=184'535 
  1.48e-01s  1.00e+00d *[FindBigHorizontalLinearOverlap] #blocks=2 #saved_nz=380 #linears=175'623 
  1.79e-02s  1.58e-03d  [MergeClauses] #num_collisions=18'223 #num_merges=18'223 #num_saved_literals=77'712 
  1.60e-01s  0.00e+00d  [DetectDominanceRelations] 
  7.91e-01s  0.00e+00d  [PresolveToFixPoint] #num_loops=3 #num_dual_strengthening=1 
  1.59e-01s  0.00e+00d  [DetectDominanceRelations] 
  7.45e-01s  0.00e+00d  [PresolveToFixPoint] #num_loops=1 #num_dual_strengthening=1 
  5.09e-02s  0.00e+00d  [DetectDuplicateColumns] 
  2.02e-02s  0.00e+00d  [DetectDuplicateConstraints] 
[Symmetry] Graph for symmetry has 1'462'828 nodes and 5'602'090 arcs.
[Symmetry] Graph too large. Skipping. You can use symmetry_level:3 or more to force it.
[SAT presolve] num removable Booleans: 0 / 213'044
[SAT presolve] num trivial clauses: 0
[SAT presolve] [0s] clauses:168'456 literals:537'993 vars:142'075 one_side_vars:141589 simple_definition:375 singleton_clauses:0
[SAT presolve] [0.00746116s] clauses:168'456 literals:537'811 vars:142'075 one_side_vars:141771 simple_definition:193 singleton_clauses:0
[SAT presolve] [0.0153583s] clauses:168'456 literals:537'811 vars:142'075 one_side_vars:141771 simple_definition:193 singleton_clauses:0
[MaxClique] Merged 120562 with 259126 literals) into 112503(248287 literals) at_most_ones.
  1.65e-01s  0.00e+00d  [ProcessAtMostOneAndLinear] 
  2.10e-02s  0.00e+00d  [DetectDuplicateConstraints] 
  4.47e-02s  0.00e+00d  [DetectDuplicateConstraintsWithDifferentEnforcements] #without_enforcements=101'253 
  5.54e-01s  1.00e-01d  [DetectDominatedLinearConstraints] #relevant_constraints=314'557 #num_inclusions=1'574'031 
  3.65e-02s  0.00e+00d  [DetectDifferentVariables] 
  8.96e-02s  1.16e-02d  [ProcessSetPPC] #relevant_constraints=263'300 #num_inclusions=11'549 
  3.91e-02s  2.42e-03d  [TransformClausesToExactlyOne] #num_amos=112'578 #num_clauses=57'613 #num_checked=57'613 
  4.00e-01s  0.00e+00d  [DetectEncodedComplexDomains] 
  1.18e-02s  2.46e-04d  [FindAlmostIdenticalLinearConstraints] #num_tested_pairs=5'588 
  2.55e-01s  1.00e+00d *[FindBigAtMostOneAndLinearOverlap] 
  9.39e-02s  1.00e+00d *[FindBigVerticalLinearOverlap] #blocks=1 #saved_nz=43 
  1.50e-01s  1.00e+00d *[FindBigHorizontalLinearOverlap] #linears=175'611 
  1.99e-02s  1.58e-03d  [MergeClauses] #num_collisions=18'222 #num_merges=18'222 #num_saved_literals=77'710 
  1.62e-01s  0.00e+00d  [DetectDominanceRelations] 
  7.64e-01s  0.00e+00d  [PresolveToFixPoint] #num_loops=3 #num_dual_strengthening=1 
  1.66e-01s  0.00e+00d  [DetectDominanceRelations] 
  7.60e-01s  0.00e+00d  [PresolveToFixPoint] #num_loops=1 #num_dual_strengthening=1 
  5.04e-02s  0.00e+00d  [DetectDuplicateColumns] 
  1.94e-02s  0.00e+00d  [DetectDuplicateConstraints] #duplicates=12 
[Symmetry] Graph for symmetry has 1'462'531 nodes and 5'585'965 arcs.
[Symmetry] Graph too large. Skipping. You can use symmetry_level:3 or more to force it.
[SAT presolve] num removable Booleans: 0 / 213'036
[SAT presolve] num trivial clauses: 0
[SAT presolve] [0s] clauses:155'453 literals:511'806 vars:141'759 one_side_vars:141449 simple_definition:199 singleton_clauses:0
[SAT presolve] [0.00675353s] clauses:155'453 literals:511'806 vars:141'759 one_side_vars:141449 simple_definition:199 singleton_clauses:0
[SAT presolve] [0.0153343s] clauses:155'453 literals:511'806 vars:141'759 one_side_vars:141449 simple_definition:199 singleton_clauses:0
[MaxClique] Merged 112650 with 248527 literals) into 112497(248221 literals) at_most_ones.
  1.63e-01s  0.00e+00d  [ProcessAtMostOneAndLinear] 
  2.17e-02s  0.00e+00d  [DetectDuplicateConstraints] 
  4.63e-02s  0.00e+00d  [DetectDuplicateConstraintsWithDifferentEnforcements] #without_enforcements=101'247 
  5.70e-01s  1.00e-01d  [DetectDominatedLinearConstraints] #relevant_constraints=314'545 #num_inclusions=1'574'024 
  3.90e-02s  0.00e+00d  [DetectDifferentVariables] 
  8.81e-02s  1.16e-02d  [ProcessSetPPC] #relevant_constraints=263'286 #num_inclusions=11'549 
  3.65e-02s  2.42e-03d  [TransformClausesToExactlyOne] #num_amos=112'572 #num_clauses=57'614 #num_checked=57'614 
  3.96e-01s  0.00e+00d  [DetectEncodedComplexDomains] 
  1.29e-02s  2.53e-04d  [FindAlmostIdenticalLinearConstraints] #num_tested_pairs=5'696 
  2.56e-01s  1.00e+00d *[FindBigAtMostOneAndLinearOverlap] 
  9.27e-02s  1.00e+00d *[FindBigVerticalLinearOverlap] 
  1.50e-01s  1.00e+00d *[FindBigHorizontalLinearOverlap] #linears=175'599 
  2.50e-02s  1.58e-03d  [MergeClauses] #num_collisions=18'221 #num_merges=18'221 #num_saved_literals=77'708 
  1.66e-01s  0.00e+00d  [DetectDominanceRelations] 
  7.69e-01s  0.00e+00d  [PresolveToFixPoint] #num_loops=3 #num_dual_strengthening=1 
  7.05e-03s  0.00e+00d  [MergeNoOverlap] 
  7.45e-03s  0.00e+00d  [MergeNoOverlap2D] 

Presolve summary:
  - 14629 affine relations were detected.
  - rule 'TODO domination: unexploited dominations' was applied 2 times.
  - rule 'TODO dual: only one blocking constraint?' was applied 3'592 times.
  - rule 'TODO dual: tighten at most one' was applied 280 times.
  - rule 'TODO linear2: convert ax + by != cte to clauses for large domains' was applied 1'008 times.
  - rule 'TODO linear2: convert implied ax + by == cte to clauses for large domains' was applied 504 times.
  - rule 'affine: new relation' was applied 14'629 times.
  - rule 'at_most_one: removed literals' was applied 9 times.
  - rule 'at_most_one: satisfied' was applied 8 times.
  - rule 'at_most_one: size one' was applied 6 times.
  - rule 'at_most_one: transformed into max clique' was applied 3 times.
  - rule 'bool_and: fixed literals' was applied 4 times.
  - rule 'bool_and: non-reified' was applied 1 time.
  - rule 'bool_and: x => x' was applied 3'648 times.
  - rule 'bool_or: always true' was applied 14 times.
  - rule 'bool_or: implications' was applied 86'865 times.
  - rule 'bool_or: only one literal' was applied 20 times.
  - rule 'bool_or: removed enforcement literal' was applied 11'069 times.
  - rule 'deductions: 311224 stored' was applied 1 time.
  - rule 'domination: added implications' was applied 7'506 times.
  - rule 'dual: enforced equivalence' was applied 3'648 times.
  - rule 'duplicate: removed constraint' was applied 1'136 times.
  - rule 'encoding: candidate linear is all boolean now' was applied 2 times.
  - rule 'encoding: extracted from linear' was applied 2 times.
  - rule 'encoding: reduced target domain' was applied 2 times.
  - rule 'enforcement: false literal' was applied 26 times.
  - rule 'enforcement: true literal' was applied 19 times.
  - rule 'exactly_one: removed literals' was applied 3 times.
  - rule 'incompatible linear: add implication' was applied 34'776 times.
  - rule 'linear + amo: empty after processing' was applied 2 times.
  - rule 'linear + amo: extracted enforcement literal' was applied 278 times.
  - rule 'linear + amo: fixed literal implied by enforcement' was applied 10 times.
  - rule 'linear matrix: common horizontal rectangle' was applied 2 times.
  - rule 'linear matrix: common vertical rectangle' was applied 48 times.
  - rule 'linear matrix: defining equation for common rectangle' was applied 1 time.
  - rule 'linear1: x in domain' was applied 276 times.
  - rule 'linear2: contains a boolean' was applied 172'429 times.
  - rule 'linear2: convert ax + by != cte to clauses' was applied 88'207 times.
  - rule 'linear2: convert implied ax + by == cte to clauses' was applied 156 times.
  - rule 'linear2: implied ax + by = cte has only one solution' was applied 4 times.
  - rule 'linear: always true' was applied 72'046 times.
  - rule 'linear: divide by GCD' was applied 18'576 times.
  - rule 'linear: empty' was applied 54 times.
  - rule 'linear: extracted at most one (min)' was applied 2 times.
  - rule 'linear: extracted enforcement literal' was applied 1'010'914 times.
  - rule 'linear: fixed or dup variables' was applied 224 times.
  - rule 'linear: negative equal one' was applied 17'912 times.
  - rule 'linear: never in domain' was applied 2 times.
  - rule 'linear: positive at most one' was applied 139 times.
  - rule 'linear: positive clause' was applied 13'328 times.
  - rule 'linear: positive equal one' was applied 21'095 times.
  - rule 'linear: reduced variable domains' was applied 9'825 times.
  - rule 'linear: reduced variable domains in derived constraint' was applied 25 times.
  - rule 'linear: remapped using affine relations' was applied 41'142 times.
  - rule 'linear: simplify using approximate gcd' was applied 1 time.
  - rule 'linear: small Boolean expression' was applied 2'328 times.
  - rule 'linear: variable substitution 2' was applied 4 times.
  - rule 'presolve: 338 unused variables removed.' was applied 1 time.
  - rule 'presolve: iteration' was applied 3 times.
  - rule 'setppc: bool_or in at_most_one' was applied 5 times.
  - rule 'setppc: fixed variables' was applied 3 times.
  - rule 'setppc: removed dominated constraints' was applied 23'032 times.
  - rule 'variables: canonicalize affine domain' was applied 8'726 times.
  - rule 'variables: detect fully reified value encoding' was applied 12'732 times.
  - rule 'variables: detect half reified value encoding' was applied 163'999 times.

Presolved satisfaction model '': (model_fingerprint: 0x53e5814a8809f706)
#Variables: 353'413 (303'633 primary variables)
  - 213'028 Booleans in [0,1]
  - 2 in [-12,12]
  - 12'732 in [0][20,60]
  - 40 in [0,2]
  - 4 in [0,3]
  - 11'555 in [0,4]
  - 2 in [0,5]
  - 5 in [0,6]
  - 2 in [0,7]
  - 2 in [0,8]
  - 2 in [0,9]
  - 4 in [0,10]
  - 2 in [0,11]
  - 4'596 in [0,12]
  - 75'597 in [0,20]
  - 1 in [0,39]
  - 12'732 in [0,40]
  - 11'552 in [0,60]
  - 11'552 in [0,80]
  - 1 in [10,12]
  - 1 in [161,3603]
  - 1 in [163,3605]
#kAtMostOne: 14'805 (#literals: 52'783)
#kBoolAnd: 40'808 (#enforced: 40'808) (#literals: 138'658)
#kBoolAndClauses: 18'205 (#enforced: 18'205 #multi: 18'205) (#literals: 114'081)
#kBoolOr: 21'190 (#literals: 124'344)
#kExactlyOne: 39'010 (#literals: 909'887)
#kLinear1: 200'058 (#enforced: 200'058 #multi: 36'095)
#kLinear2: 420 (#enforced: 419)
#kLinear3: 68'624 (#enforced: 64'254)
#kLinearN: 245'910 (#enforced: 212'797) (#terms: 1'843'997)
[Symmetry] Graph for symmetry has 1'447'512 nodes and 5'585'762 arcs.
[Symmetry] Graph too large. Skipping. You can use symmetry_level:3 or more to force it.

Preloading model.
#Model  14.65s var:353413/353413 constraints:649030/649030

Starting search at 14.69s with 8 workers.
6 full problem subsolvers: [default_lp, max_lp, no_lp, probing, quick_restart, quick_restart_no_lp]
2 first solution subsolvers: [fj, fs_random_no_lp]
2 interleaved subsolvers: [feasibility_pump, rins/rens]
2 helper subsolvers: [neighborhood_helper, synchronization_agent]

#Model  19.18s var:353228/353413 constraints:648701/649030
#Model  19.54s var:352462/353413 constraints:647403/649030
#Model  20.00s var:352439/353413 constraints:647366/649030
#Model  20.42s var:352437/353413 constraints:647366/649030
#Model  20.97s var:352435/353413 constraints:647366/649030
#Model  21.49s var:352374/353413 constraints:647279/649030
#Model  22.02s var:352285/353413 constraints:647130/649030
#Model  22.51s var:352165/353413 constraints:646937/649030
#Model  22.99s var:352149/353413 constraints:646916/649030
#Model  23.42s var:352114/353413 constraints:646848/649030
#Model  23.92s var:352034/353413 constraints:646705/649030
#Model  24.34s var:351964/353413 constraints:646573/649030
#Model  24.80s var:351948/353413 constraints:646551/649030
#Model  25.17s var:351900/353413 constraints:646455/649030
#Model  25.63s var:351827/353413 constraints:646327/649030
#Model  26.00s var:351810/353413 constraints:646291/649030
#Model  26.49s var:351791/353413 constraints:646246/649030
#Model  26.90s var:351786/353413 constraints:646235/649030
#Model  27.41s var:351723/353413 constraints:646131/649030
#Model  27.86s var:351691/353413 constraints:646075/649030
#Model  28.38s var:351677/353413 constraints:646043/649030
#Model  28.78s var:351675/353413 constraints:646040/649030
#Model  29.27s var:351645/353413 constraints:645983/649030
#Model  29.66s var:351629/353413 constraints:645960/649030
#Model  30.20s var:351613/353413 constraints:645923/649030
#Model  30.62s var:351599/353413 constraints:645891/649030
#Model  31.10s var:351577/353413 constraints:645855/649030
#Model  31.51s var:351567/353413 constraints:645833/649030
#Model  32.01s var:351551/353413 constraints:645811/649030
#Model  32.39s var:351521/353413 constraints:645769/649030
#Model  32.89s var:351501/353413 constraints:645736/649030
#Model  33.28s var:351486/353413 constraints:645715/649030
#Model  33.79s var:351472/353413 constraints:645683/649030
#Model  34.20s var:351458/353413 constraints:645651/649030
#Model  34.70s var:351435/353413 constraints:645613/649030
#Model  35.32s var:351430/353413 constraints:645602/649030
#Model  35.73s var:351383/353413 constraints:645533/649030
#Model  36.23s var:351353/353413 constraints:645476/649030
#Model  36.62s var:351323/353413 constraints:645430/649030
#Model  37.12s var:351286/353413 constraints:645371/649030
#Model  37.55s var:351259/353413 constraints:645311/649030
#Model  38.13s var:351200/353413 constraints:645214/649030
#Model  38.55s var:351128/353413 constraints:645100/649030
#Model  39.27s var:351114/353413 constraints:645068/649030
#Model  39.72s var:351049/353413 constraints:644957/649030
#Model  40.25s var:351034/353413 constraints:644933/649030
#Model  40.68s var:351019/353413 constraints:644910/649030
#Model  41.21s var:350962/353413 constraints:644794/649030
#Model  41.65s var:350932/353413 constraints:644751/649030
#Model  42.19s var:350931/353413 constraints:644751/649030
#Model  42.64s var:350930/353413 constraints:644751/649030
#Model  43.19s var:350920/353413 constraints:644730/649030
#Model  43.62s var:350856/353413 constraints:644620/649030
#Model  44.16s var:350835/353413 constraints:644585/649030
#Model  44.60s var:350828/353413 constraints:644570/649030
#Model  45.65s var:350823/353413 constraints:644559/649030
#Model  46.04s var:350768/353413 constraints:644473/649030
#Model  46.55s var:350713/353413 constraints:644390/649030
#Model  46.94s var:350698/353413 constraints:644368/649030
#Model  47.43s var:350666/353413 constraints:644320/649030
#Model  47.85s var:350665/353413 constraints:644318/649030
#Model  48.38s var:350643/353413 constraints:644280/649030
#Model  48.77s var:350607/353413 constraints:644224/649030
#Model  49.27s var:350596/353413 constraints:644202/649030
#Model  49.66s var:350581/353413 constraints:644180/649030
#Model  50.16s var:350555/353413 constraints:644132/649030
#Model  50.55s var:350546/353413 constraints:644111/649030
#Model  51.08s var:350524/353413 constraints:644064/649030
#Model  51.50s var:350497/353413 constraints:644015/649030
#Model  52.17s var:350482/353413 constraints:643992/649030
#Model  52.64s var:350469/353413 constraints:643963/649030
#Model  53.20s var:350459/353413 constraints:643941/649030
#Model  53.65s var:350458/353413 constraints:643941/649030
#Model  54.22s var:350439/353413 constraints:643898/649030
#Model  55.20s var:350300/353413 constraints:643644/649030 [skipped_logs=1]
#Model  57.28s var:350291/353413 constraints:643629/649030
#Model  57.82s var:350286/353413 constraints:643617/649030
#Model  58.48s var:350284/353413 constraints:643615/649030
#Model  60.31s var:350277/353413 constraints:643600/649030
#Model  61.67s var:350272/353413 constraints:643588/649030
#Model  62.06s var:350215/353413 constraints:643496/649030
#Model  62.65s var:350174/353413 constraints:643398/649030
#Model  63.11s var:350167/353413 constraints:643381/649030
#Model  64.01s var:350139/353413 constraints:643325/649030 [skipped_logs=1]
#Model  65.26s var:350061/353413 constraints:643203/649030 [skipped_logs=1]
#Model  66.28s var:350011/353413 constraints:643114/649030 [skipped_logs=1]
#Model  66.75s var:350009/353413 constraints:643110/649030 [skipped_logs=0]
#Model  68.07s var:349995/353413 constraints:643078/649030
#Model  68.91s var:349974/353413 constraints:643042/649030 [skipped_logs=0]
#Model  70.22s var:349964/353413 constraints:643018/649030
#Model  71.28s var:349946/353413 constraints:642991/649030 [skipped_logs=1]
#Model  72.38s var:349900/353413 constraints:642915/649030 [skipped_logs=1]
#Model  73.45s var:349839/353413 constraints:642794/649030 [skipped_logs=1]
#Model  73.92s var:349778/353413 constraints:642694/649030 [skipped_logs=0]
#Model  75.04s var:349766/353413 constraints:642670/649030 [skipped_logs=1]
#Model  76.04s var:349742/353413 constraints:642628/649030 [skipped_logs=1]
#Model  77.10s var:349698/353413 constraints:642552/649030 [skipped_logs=1]
#Model  78.09s var:349660/353413 constraints:642477/649030 [skipped_logs=1]
#Model  79.07s var:349640/353413 constraints:642448/649030 [skipped_logs=1]
#Model  80.04s var:349616/353413 constraints:642404/649030 [skipped_logs=1]
#Model  81.28s var:349595/353413 constraints:642368/649030
#Model  81.91s var:349588/353413 constraints:642352/649030 [skipped_logs=0]
#Model  82.92s var:349571/353413 constraints:642325/649030 [skipped_logs=0]
#Model  84.40s var:349527/353413 constraints:642247/649030 [skipped_logs=2]
#Model  84.81s var:349520/353413 constraints:642230/649030 [skipped_logs=0]
#Model  85.93s var:349513/353413 constraints:642215/649030 [skipped_logs=0]
#Model  87.40s var:349475/353413 constraints:642154/649030 [skipped_logs=1]
#Model  87.92s var:349470/353413 constraints:642141/649030 [skipped_logs=0]
#Model  89.11s var:349429/353413 constraints:642070/649030 [skipped_logs=1]
#Model  90.17s var:349375/353413 constraints:641972/649030 [skipped_logs=1]
#Model  91.20s var:349354/353413 constraints:641937/649030
#Model  92.02s var:349353/353413 constraints:641937/649030
#Model  92.54s var:349352/353413 constraints:641937/649030 [skipped_logs=0]
#Model  94.20s var:349317/353413 constraints:641871/649030 [skipped_logs=1]
#Model  95.33s var:349254/353413 constraints:641770/649030 [skipped_logs=1]
#Model  96.00s var:349224/353413 constraints:641725/649030
#Model  97.08s var:349177/353413 constraints:641640/649030 [skipped_logs=1]
#Model  98.16s var:349168/353413 constraints:641621/649030
#Model  99.54s var:349161/353413 constraints:641604/649030
#Model 100.14s var:349129/353413 constraints:641540/649030
#Model 100.68s var:349111/353413 constraints:641500/649030 [skipped_logs=0]
#Model 103.73s var:349110/353413 constraints:641500/649030
#Model 104.13s var:349100/353413 constraints:641479/649030
#Model 105.24s var:349094/353413 constraints:641467/649030
#Model 105.64s var:349091/353413 constraints:641461/649030
#Model 106.16s var:349076/353413 constraints:641439/649030
#Model 106.83s var:349069/353413 constraints:641424/649030 [skipped_logs=0]
#Model 107.90s var:349067/353413 constraints:641422/649030 [skipped_logs=1]
#Model 109.34s var:349038/353413 constraints:641369/649030 [skipped_logs=1]
#Model 109.85s var:349031/353413 constraints:641352/649030 [skipped_logs=0]
#Model 111.00s var:348992/353413 constraints:641285/649030 [skipped_logs=1]
#Model 111.93s var:348978/353413 constraints:641254/649030 [skipped_logs=1]
#Model 112.58s var:348971/353413 constraints:641237/649030 [skipped_logs=0]
#Model 114.37s var:348948/353413 constraints:641182/649030 [skipped_logs=1]
#Model 115.27s var:348931/353413 constraints:641157/649030
#Model 116.65s var:348924/353413 constraints:641140/649030
#Model 117.04s var:348899/353413 constraints:641094/649030
#Model 118.22s var:348877/353413 constraints:641057/649030 [skipped_logs=1]
#Model 120.07s var:348865/353413 constraints:641027/649030
#Model 121.39s var:348857/353413 constraints:641007/649030
#Model 123.37s var:348850/353413 constraints:640990/649030
#Model 123.76s var:348849/353413 constraints:640990/649030
#Model 126.60s var:348848/353413 constraints:640987/649030
#Model 127.84s var:348838/353413 constraints:640965/649030
#Model 128.48s var:348821/353413 constraints:640937/649030
#Model 129.04s var:348814/353413 constraints:640921/649030
#Model 129.53s var:348804/353413 constraints:640899/649030
#Model 129.94s var:348793/353413 constraints:640876/649030
#Model 130.64s var:348792/353413 constraints:640874/649030
#Model 132.86s var:348791/353413 constraints:640872/649030
#Model 133.35s var:348784/353413 constraints:640857/649030
#Model 133.74s var:348760/353413 constraints:640816/649030
#Model 134.07s var:348759/353413 constraints:640816/649030
#Model 134.45s var:348758/353413 constraints:640814/649030
#Model 135.37s var:348751/353413 constraints:640797/649030
#Model 136.20s var:348742/353413 constraints:640776/649030 [skipped_logs=1]
#Model 137.01s var:348724/353413 constraints:640736/649030 [skipped_logs=1]
#Model 137.81s var:348699/353413 constraints:640694/649030 [skipped_logs=1]
#Model 139.69s var:348697/353413 constraints:640691/649030
#Model 143.13s var:348674/353413 constraints:640651/649030
#Model 143.49s var:348649/353413 constraints:640606/649030
#Model 144.34s var:348644/353413 constraints:640593/649030
#Model 144.70s var:348627/353413 constraints:640566/649030
#Model 145.09s var:348612/353413 constraints:640544/649030
#Model 145.58s var:348605/353413 constraints:640526/649030
#Model 145.97s var:348588/353413 constraints:640499/649030 [skipped_logs=0]
#Model 146.95s var:348569/353413 constraints:640465/649030 [skipped_logs=1]
#Model 147.83s var:348551/353413 constraints:640436/649030 [skipped_logs=1]
#Model 148.97s var:348529/353413 constraints:640396/649030 [skipped_logs=1]
#Model 150.16s var:348494/353413 constraints:640328/649030 [skipped_logs=1]
#Model 151.16s var:348479/353413 constraints:640307/649030
#Model 151.98s var:348475/353413 constraints:640307/649030 [skipped_logs=1]
#Model 152.77s var:348468/353413 constraints:640291/649030 [skipped_logs=0]
#Model 153.83s var:348451/353413 constraints:640264/649030 [skipped_logs=0]
#Model 155.00s var:348436/353413 constraints:640232/649030 [skipped_logs=1]
#Model 156.08s var:348429/353413 constraints:640215/649030
#Model 157.23s var:348418/353413 constraints:640189/649030 [skipped_logs=1]
#Model 158.21s var:348400/353413 constraints:640149/649030 [skipped_logs=1]
#Model 159.20s var:348388/353413 constraints:640123/649030 [skipped_logs=1]
#Model 160.00s var:348371/353413 constraints:640096/649030
#Model 161.20s var:348351/353413 constraints:640061/649030 [skipped_logs=1]
#Model 162.95s var:348344/353413 constraints:640043/649030
#Model 164.90s var:348343/353413 constraints:640039/649030
#Model 165.19s var:348333/353413 constraints:640017/649030
#Model 165.52s var:348328/353413 constraints:640005/649030
#Model 165.95s var:348319/353413 constraints:639985/649030 [skipped_logs=0]
#Model 167.39s var:348312/353413 constraints:639968/649030
#Model 167.95s var:348290/353413 constraints:639928/649030 [skipped_logs=1]
#Model 168.79s var:348277/353413 constraints:639899/649030 [skipped_logs=1]
#Model 171.02s var:348276/353413 constraints:639899/649030
#Model 171.31s var:348259/353413 constraints:639871/649030
#Model 171.99s var:348258/353413 constraints:639869/649030 [skipped_logs=0]
#Model 172.88s var:348256/353413 constraints:639865/649030 [skipped_logs=0]
#Model 174.18s var:348255/353413 constraints:639863/649030
#Model 183.12s var:348233/353413 constraints:639824/649030
#Model 185.03s var:348216/353413 constraints:639797/649030
#Model 185.53s var:348207/353413 constraints:639777/649030
#Model 186.32s var:348190/353413 constraints:639750/649030
#Model 187.23s var:348181/353413 constraints:639730/649030
#Model 187.90s var:348174/353413 constraints:639714/649030
#Model 189.59s var:348165/353413 constraints:639693/649030
#Model 190.58s var:348156/353413 constraints:639673/649030
#Model 192.71s var:348155/353413 constraints:639673/649030
#Model 194.36s var:348152/353413 constraints:639668/649030
#Model 199.36s var:348135/353413 constraints:639641/649030
#Model 203.63s var:348134/353413 constraints:639641/649030
#Model 204.26s var:348127/353413 constraints:639625/649030
#Model 204.61s var:348118/353413 constraints:639604/649030
#Model 205.20s var:348113/353413 constraints:639592/649030
#Model 205.51s var:348111/353413 constraints:639588/649030
#Model 205.94s var:348110/353413 constraints:639586/649030
#Model 209.26s var:348107/353413 constraints:639580/649030
#Model 210.18s var:348100/353413 constraints:639563/649030
#Model 215.08s var:348099/353413 constraints:639562/649030
#Model 219.29s var:348084/353413 constraints:639539/649030
#Model 221.76s var:348077/353413 constraints:639522/649030
#Model 223.47s var:348076/353413 constraints:639522/649030
#Model 226.42s var:348075/353413 constraints:639520/649030
#Model 228.07s var:348068/353413 constraints:639503/649030
#Model 228.72s var:348066/353413 constraints:639497/649030
#Model 232.30s var:348059/353413 constraints:639480/649030
#Model 232.80s var:348057/353413 constraints:639476/649030
#Model 234.10s var:348052/353413 constraints:639463/649030
#Model 234.69s var:348024/353413 constraints:639411/649030
#Model 235.18s var:348001/353413 constraints:639371/649030
#Model 236.66s var:347994/353413 constraints:639354/649030
#Model 238.18s var:347977/353413 constraints:639327/649030
#Model 238.96s var:347976/353413 constraints:639324/649030
#Model 239.27s var:347975/353413 constraints:639321/649030
#Model 239.58s var:347966/353413 constraints:639300/649030
#Model 239.89s var:347964/353413 constraints:639292/649030
#Model 241.13s var:347957/353413 constraints:639275/649030
#Model 241.47s var:347945/353413 constraints:639250/649030
#Model 242.44s var:347936/353413 constraints:639226/649030
#Model 243.09s var:347935/353413 constraints:639225/649030
#Model 243.48s var:347927/353413 constraints:639206/649030
#Model 243.83s var:347926/353413 constraints:639205/649030
#Model 245.58s var:347925/353413 constraints:639204/649030
#Model 245.87s var:347901/353413 constraints:639159/649030
#Model 246.76s var:347898/353413 constraints:639153/649030
#Model 247.89s var:347892/353413 constraints:639140/649030
#Model 248.21s var:347891/353413 constraints:639136/649030
#Model 250.29s var:347874/353413 constraints:639109/649030
#Model 252.57s var:347867/353413 constraints:639093/649030
#Model 256.00s var:347860/353413 constraints:639076/649030
#Model 258.54s var:347851/353413 constraints:639055/649030
#Model 264.41s var:347844/353413 constraints:639038/649030
#Model 265.56s var:347837/353413 constraints:639021/649030
#Model 265.98s var:347830/353413 constraints:639004/649030
#Model 267.25s var:347823/353413 constraints:638986/649030
#Model 269.43s var:347814/353413 constraints:638965/649030
#Model 271.54s var:347807/353413 constraints:638949/649030
#Model 271.77s var:347806/353413 constraints:638945/649030
#Model 273.41s var:347804/353413 constraints:638941/649030
#Model 274.91s var:347797/353413 constraints:638924/649030
#Model 277.91s var:347796/353413 constraints:638922/649030
#Model 278.40s var:347786/353413 constraints:638901/649030
#Model 281.20s var:347779/353413 constraints:638885/649030
#Model 281.80s var:347777/353413 constraints:638881/649030
#Model 283.40s var:347772/353413 constraints:638869/649030
#Model 283.90s var:347764/353413 constraints:638853/649030
#Model 284.70s var:347756/353413 constraints:638835/649030
#Model 288.32s var:347755/353413 constraints:638834/649030
#Model 294.10s var:347746/353413 constraints:638811/649030
#Model 294.34s var:347744/353413 constraints:638807/649030
#Model 295.49s var:347742/353413 constraints:638804/649030
#Model 297.46s var:347718/353413 constraints:638762/649030
#Model 297.71s var:347716/353413 constraints:638758/649030
#Model 298.02s var:347714/353413 constraints:638754/649030
#Model 299.35s var:347713/353413 constraints:638754/649030
#Model 301.32s var:347712/353413 constraints:638754/649030
#Model 302.64s var:347703/353413 constraints:638733/649030
#Model 303.44s var:347702/353413 constraints:638731/649030
#Model 304.77s var:347701/353413 constraints:638729/649030
#Model 307.61s var:347692/353413 constraints:638708/649030
#Model 311.13s var:347691/353413 constraints:638708/649030
#Model 312.44s var:347685/353413 constraints:638694/649030
#Model 316.36s var:347683/353413 constraints:638691/649030
#Model 321.72s var:347675/353413 constraints:638672/649030
#Model 324.76s var:347673/353413 constraints:638668/649030
#Model 327.84s var:347672/353413 constraints:638666/649030
#Model 328.16s var:347665/353413 constraints:638650/649030
#Model 328.47s var:347658/353413 constraints:638633/649030
#Model 329.79s var:347657/353413 constraints:638631/649030
#Model 340.86s var:347654/353413 constraints:638625/649030
#Model 341.85s var:347646/353413 constraints:638608/649030
#Model 344.26s var:347640/353413 constraints:638594/649030
#Model 345.35s var:347632/353413 constraints:638575/649030
#Model 351.35s var:347630/353413 constraints:638571/649030
#Model 354.15s var:347623/353413 constraints:638554/649030
#Model 354.65s var:347621/353413 constraints:638550/649030
#Model 355.87s var:347604/353413 constraints:638523/649030
#Model 360.56s var:347603/353413 constraints:638520/649030
#Model 364.67s var:347601/353413 constraints:638516/649030
#Model 366.78s var:347597/353413 constraints:638504/649030
#Model 367.68s var:347590/353413 constraints:638487/649030
#Model 368.42s var:347589/353413 constraints:638485/649030
#Model 369.45s var:347568/353413 constraints:638450/649030
#Model 370.85s var:347567/353413 constraints:638448/649030
#Model 377.12s var:347561/353413 constraints:638436/649030
#Model 391.84s var:347554/353413 constraints:638419/649030
#Model 393.80s var:347553/353413 constraints:638419/649030
#Model 406.84s var:347552/353413 constraints:638417/649030
#Model 410.85s var:347544/353413 constraints:638399/649030
#Model 422.38s var:347537/353413 constraints:638382/649030
#Model 427.00s var:347530/353413 constraints:638368/649030
#Model 433.65s var:347527/353413 constraints:638362/649030
#Model 440.98s var:347521/353413 constraints:638352/649030
#Model 443.35s var:347506/353413 constraints:638329/649030
#Model 452.39s var:347501/353413 constraints:638316/649030
#Model 455.15s var:347492/353413 constraints:638295/649030
#Model 458.64s var:347491/353413 constraints:638293/649030
#Model 464.22s var:347476/353413 constraints:638271/649030
#Model 477.47s var:347475/353413 constraints:638269/649030
#Model 484.97s var:347473/353413 constraints:638265/649030
#Model 487.77s var:347470/353413 constraints:638261/649030
#Model 491.49s var:347468/353413 constraints:638257/649030
#Model 491.99s var:347465/353413 constraints:638251/649030
#Model 492.51s var:347462/353413 constraints:638245/649030
#Model 495.61s var:347459/353413 constraints:638239/649030
#Model 507.62s var:347457/353413 constraints:638235/649030
#Model 511.13s var:347450/353413 constraints:638218/649030
#Model 512.44s var:347448/353413 constraints:638214/649030
#Model 518.34s var:347446/353413 constraints:638210/649030
#Model 518.83s var:347443/353413 constraints:638203/649030
#Model 531.60s var:347441/353413 constraints:638199/649030
#Model 533.32s var:347440/353413 constraints:638195/649030
#Model 539.47s var:347433/353413 constraints:638178/649030
#Model 555.60s var:347432/353413 constraints:638176/649030
#Model 604.50s var:347429/353413 constraints:638170/649030
#Model 608.25s var:347414/353413 constraints:638147/649030
#Model 611.93s var:347412/353413 constraints:638143/649030
#Model 646.37s var:347409/353413 constraints:638137/649030
#Model 671.26s var:347406/353413 constraints:638131/649030
#Model 675.75s var:347402/353413 constraints:638123/649030
#Model 684.96s var:347400/353413 constraints:638119/649030
#Model 689.43s var:347394/353413 constraints:638107/649030
#Model 693.02s var:347379/353413 constraints:638084/649030
#Model 730.67s var:347374/353413 constraints:638071/649030
#Model 734.47s var:347372/353413 constraints:638067/649030
#Model 749.24s var:347370/353413 constraints:638063/649030
#Model 757.62s var:347368/353413 constraints:638059/649030
#Model 765.45s var:347367/353413 constraints:638057/649030
#Model 768.20s var:347365/353413 constraints:638053/649030
#Model 768.50s var:347363/353413 constraints:638049/649030
#Model 814.48s var:347360/353413 constraints:638043/649030
#Model 841.49s var:347359/353413 constraints:638041/649030
#Model 842.67s var:347358/353413 constraints:638039/649030
#Model 862.95s var:347356/353413 constraints:638035/649030
#Model 865.11s var:347354/353413 constraints:638031/649030
#Model 878.76s var:347353/353413 constraints:638029/649030
#Model 887.79s var:347342/353413 constraints:638013/649030
#Model 889.18s var:347340/353413 constraints:638009/649030
#Model 931.79s var:347337/353413 constraints:638003/649030
#Model 946.22s var:347335/353413 constraints:637999/649030
#Model 949.87s var:347332/353413 constraints:637993/649030
#Model 989.03s var:347330/353413 constraints:637988/649030
#Model 994.82s var:347327/353413 constraints:637982/649030
#Model 999.42s var:347320/353413 constraints:637971/649030
#Model 1023.00s var:347319/353413 constraints:637969/649030
#Model 1065.43s var:347304/353413 constraints:637946/649030
#Model 1120.94s var:347297/353413 constraints:637935/649030
#Model 1169.10s var:347294/353413 constraints:637929/649030
#Model 1197.12s var:347291/353413 constraints:637923/649030
#Model 1225.60s var:347288/353413 constraints:637917/649030
#Model 1300.28s var:347285/353413 constraints:637911/649030
#Model 1302.65s var:347284/353413 constraints:637909/649030
#Model 1302.95s var:347283/353413 constraints:637907/649030
#Model 1355.20s var:347281/353413 constraints:637903/649030
#Model 1361.37s var:347280/353413 constraints:637901/649030
#Model 1362.02s var:347279/353413 constraints:637899/649030
#Model 1364.55s var:347277/353413 constraints:637895/649030
#Model 1402.28s var:347276/353413 constraints:637893/649030
#Model 1437.76s var:347274/353413 constraints:637889/649030
#Model 1455.08s var:347271/353413 constraints:637883/649030
#Model 1471.91s var:347268/353413 constraints:637877/649030
#Model 1476.62s var:347258/353413 constraints:637863/649030
#Model 1478.97s var:347251/353413 constraints:637852/649030
#Model 1481.61s var:347250/353413 constraints:637850/649030
#Model 1527.00s var:347248/353413 constraints:637846/649030
#Model 1543.30s var:347247/353413 constraints:637844/649030
#Model 1635.41s var:347244/353413 constraints:637838/649030
#Model 1700.67s var:347242/353413 constraints:637834/649030
#Model 1702.50s var:347241/353413 constraints:637832/649030
#Model 1721.49s var:347239/353413 constraints:637828/649030
#Model 1799.44s var:347238/353413 constraints:637826/649030

Task timing                      n [     min,      max]      avg      dev     time         n [     min,      max]      avg      dev    dtime
           'default_lp':         1 [  29.76m,   29.76m]   29.76m   0.00ns   29.76m         2 [586.19ms,   29.99m]   15.00m   14.99m   30.00m
     'feasibility_pump':       199 [  4.25ms,   39.33s]    3.07s    7.72s   10.17m        45 [958.06ms,   55.79s]   22.23s   15.54s   16.67m
                   'fj':      6099 [ 49.90ms,    1.27s] 100.28ms  28.22ms   10.19m      6099 [ 31.27ms, 133.46ms] 115.56ms   9.17ms   11.75m
      'fs_random_no_lp':         1 [  29.78m,   29.78m]   29.78m   0.00ns   29.78m         2 [  2.82ms,   22.83m]   11.42m   11.42m   22.83m
               'max_lp':         1 [  29.73m,   29.73m]   29.73m   0.00ns   29.73m         2 [   2.33s,   57.38m]   28.71m   28.67m   57.42m
                'no_lp':         1 [  29.75m,   29.75m]   29.75m   0.00ns   29.75m         2 [  2.82ms,   22.64m]   11.32m   11.32m   22.64m
              'probing':         1 [  29.78m,   29.78m]   29.78m   0.00ns   29.78m         2 [883.91ms,   39.18m]   19.60m   19.58m   39.20m
        'quick_restart':         1 [  29.78m,   29.78m]   29.78m   0.00ns   29.78m         2 [618.07ms,   24.10m]   12.05m   12.04m   24.11m
  'quick_restart_no_lp':         1 [  29.78m,   29.78m]   29.78m   0.00ns   29.78m         2 [  2.82ms,   21.33m]   10.67m   10.67m   21.33m
            'rins/rens':      6105 [ 33.01ms,    1.30s]  75.03ms  24.62ms    7.63m         0 [  0.00ns,   0.00ns]   0.00ns   0.00ns   0.00ns

Search stats                Bools  Conflicts    Branches  Restarts  BacktrackToRoot  Backtrack     BoolPropag  IntegerPropag
           'default_lp':  336'134      2'391     207'800        27           47'693    109'886    333'828'830    330'145'444
      'fs_random_no_lp':  336'155    623'038   2'180'770        80           86'221    816'633  6'360'375'177  6'199'495'662
               'max_lp':  336'133          1       8'799         0            2'633      4'901     12'164'237     13'090'356
                'no_lp':  336'133    402'643   2'058'100     1'322          103'195    621'691  6'441'671'672  6'308'900'314
              'probing':  361'431         50      84'844         0           83'432     83'448     57'679'561     61'694'811
        'quick_restart':  337'297      3'340   1'980'847       197           92'321    211'047    696'963'301    741'897'821
  'quick_restart_no_lp':  354'275    180'411  28'341'467    15'115           72'813    343'629  6'391'911'300  6'350'584'886

SAT formula               Fixed  Equiv    Total  VarLeft  BinaryClauses  PermanentClauses  TemporaryClauses
           'default_lp':  5'999  1'896  336'134  328'239      3'994'384           159'700             1'274
      'fs_random_no_lp':  5'997  1'889  336'155  328'269      3'989'576           160'229            17'106
               'max_lp':  1'116  1'676  336'133  333'341      2'911'494           154'324                 1
                'no_lp':  5'999  1'896  336'133  328'238      4'003'594           160'334            13'856
              'probing':  6'032      0  361'431  355'399     12'983'528           165'301                 7
        'quick_restart':  6'000  1'890  337'297  329'407      3'940'948           159'762             1'538
  'quick_restart_no_lp':  6'013  1'888  354'275  346'374      4'214'254           167'701            13'724

SAT stats                 ClassicMinim  LitRemoved  LitRemovedBinary   LitLearned  LitForgotten  Subsumed
           'default_lp':         1'739       9'067            37'030      169'914             0       625
      'fs_random_no_lp':       575'334   4'735'174         3'126'215   52'609'360    36'896'812    29'545
               'max_lp':             1          62                50           79             0         0
                'no_lp':       372'401   2'733'949         3'997'537   12'423'521     8'252'006   120'814
              'probing':            14          43               344          218             0         4
        'quick_restart':         2'030     328'047            74'645    5'541'424             0       634
  'quick_restart_no_lp':       108'015  11'539'012         9'174'459  189'070'542    26'422'341    25'224

Vivification              Clauses  Decisions  LitTrue  Subsumed  LitRemoved  DecisionReused  Conflicts
           'default_lp':   29'275    122'449      189     3'318      34'694           1'531        231
      'fs_random_no_lp':   52'237    849'882      185     4'048      51'171           2'365        967
               'max_lp':    1'901      5'700        0         0           2               1          0
                'no_lp':   63'074  1'094'050      184     3'924      44'582           2'292        267
              'probing':      428      1'837        2       206       1'598               1          5
        'quick_restart':   55'834    880'104        0     3'366      34'878           1'764        213
  'quick_restart_no_lp':   29'520    508'660      187     8'852     145'497          16'303      1'460

Clause deletion           at_true  l_and_not(l)  to_binary  sub_conflict  sub_extra  sub_decisions  sub_eager  sub_vivify  sub_probing  sub_inpro  blocked  eliminated  forgotten   promoted  conflicts
           'default_lp':    2'223            67        176           612          4             20         13       3'318            9      2'545        0           0          0      5'352      2'391
      'fs_random_no_lp':    2'310             6        189        27'938      1'808            275      1'607       4'048           10      3'329        0           0    569'438  1'417'538    623'038
               'max_lp':      383            95          7             0          0              0          0           0            0      1'683        0           0          0          1          1
                'no_lp':    2'270            13        180       106'659        872          7'939     14'155       3'924            4      2'801        0           0    255'425  1'042'882    402'643
              'probing':    2'323             0        221             4          0              0          0         206            0          0        0           0          0         18         50
        'quick_restart':    2'181           130        159           612          2             28         22       3'366            7      2'662        0           0          0      5'370      3'340
  'quick_restart_no_lp':    2'274            19        302        23'929        265            296      1'295       8'852           12      2'772        0           0     84'107    269'953    180'411

Lp stats            Component  Iterations  AddedCuts  OPTIMAL  DUAL_F.  DUAL_U.
     'default_lp':          1   1'273'117     11'402      740    2'252        9
         'max_lp':          1     100'912          0        0      100        0
        'probing':          1     966'731      7'693      159   44'799        0
  'quick_restart':          1     561'745      6'937      137   34'769       32

Lp dimension                  Final dimension of first component
     'default_lp':    20109 rows, 252472 columns, 366064 entries
         'max_lp':  993793 rows, 353413 columns, 6725455 entries
        'probing':     6793 rows, 353413 columns, 436574 entries
  'quick_restart':     4996 rows, 353413 columns, 460352 entries

Lp debug            CutPropag  CutEqPropag  Adjust  Overflow      Bad  BadScaling
     'default_lp':          0            8       7         0   31'496           0
         'max_lp':          0            0       0         0        0           0
        'probing':          3           14       0         0  628'749           0
  'quick_restart':          0            6      29         0  159'092           0

Lp pool             Constraints  Updates  Simplif  Merged  Shortened  Split  Strengthened      Cuts/Call
     'default_lp':      126'073       39   19'677       3      9'231     12             0  11'402/18'754
         'max_lp':      993'793        0        0       0          0      0             0            0/0
        'probing':    1'001'496      282  795'145       1     49'382     88         1'943   7'693/25'013
  'quick_restart':    1'000'730       55  636'004       0     43'032     41         1'947   6'937/22'180

Lp Cut           default_lp  quick_restart  probing
         CG_FF:          72            697      814
          CG_K:          70            265      472
         CG_KL:           -            149      126
          CG_R:          62            328      579
         CG_RB:          16             17        -
        CG_RBP:           1              2        -
        Clique:           -            355      415
            IB:      10'918              5        -
      MIR_1_FF:           4             92       28
       MIR_1_K:           -             41        3
      MIR_1_KL:           1             37        2
       MIR_1_R:           6             37       22
      MIR_1_RB:           -             13        -
     MIR_1_RBP:           -              2        -
     MIR_1_RLT:           -              6        -
      MIR_2_FF:           5             88       59
       MIR_2_K:           5             46       30
      MIR_2_KL:           2              6        2
       MIR_2_R:           5             72       72
      MIR_2_RB:           1             40        -
     MIR_2_RBP:           -             23        1
      MIR_3_FF:          13          1'706    1'804
       MIR_3_K:           2             54       37
      MIR_3_KL:           2              3        1
       MIR_3_R:          19             65      124
      MIR_3_RB:           -             47        -
     MIR_3_RBP:           -             21        1
      MIR_4_FF:           6            503      481
       MIR_4_K:           3             82        8
      MIR_4_KL:           -            263      214
       MIR_4_R:          13            138       91
      MIR_4_RB:           -             32        -
     MIR_4_RBP:           -             13        1
      MIR_5_FF:          15            398      498
       MIR_5_K:           3             34       14
      MIR_5_KL:           -             28       33
       MIR_5_R:          16            118      104
      MIR_5_RB:           -             15        -
     MIR_5_RBP:           -              6        -
      MIR_6_FF:           3            159      149
       MIR_6_K:           1             33       14
      MIR_6_KL:           -             86       58
       MIR_6_R:          15             92       72
      MIR_6_RB:           2             14        -
     MIR_6_RBP:           -              4        -
  ZERO_HALF_FF:          33            369      605
  ZERO_HALF_KL:           -             50       96
   ZERO_HALF_R:          88            283      663

LNS stats       Improv/Calls  Closed  Difficulty  TimeLimit
  'rins/rens':           0/0      0%    5.00e-01       0.10

LS stats                                    Batches  Restarts/Perturbs  LinMoves  GenMoves  CompoundMoves  Bactracks  WeightUpdates  ScoreComputed
                             'fj_restart':      204                 90   101'675         0              0          0             92     32'142'459
                    'fj_restart_compound':      226                 75         0   132'838        124'875      3'495              0     40'938'807
                'fj_restart_compound_obj':      292                 78         0   160'842        131'251     14'247              0     51'604'942
            'fj_restart_compound_perturb':      375                 94         0   405'211        392'761      5'946              0     59'134'882
        'fj_restart_compound_perturb_obj':      352                 85         0   331'163        299'366     15'654              0     50'715'788
                       'fj_restart_decay':      454                 86   261'638         0              0          0            195     67'271'238
              'fj_restart_decay_compound':      356                 96         0   208'938        175'768     15'802              1     62'408'324
          'fj_restart_decay_compound_obj':      205                 70         0   122'278        107'935      6'667              0     33'468'983
      'fj_restart_decay_compound_perturb':      353                 88         0   364'239        350'296      6'732              0     55'351'794
  'fj_restart_decay_compound_perturb_obj':      416                 87         0   377'199        335'631     20'522              0     68'166'311
                   'fj_restart_decay_obj':      555                 87   351'768         0              0          0            194     83'291'620
               'fj_restart_decay_perturb':      496                 96   411'303         0              0          0             87     67'036'379
           'fj_restart_decay_perturb_obj':      408                107   357'636         0              0          0             53     54'070'178
                         'fj_restart_obj':      267                 71   136'544         0              0          0            173     38'735'953
                     'fj_restart_perturb':      718                 89   445'549         0              0          0            304     95'540'571
                 'fj_restart_perturb_obj':      422                 82   302'906         0              0          0            171     55'738'745

Solution repositories    Added  Queried  Synchro
    'alternative_path':      0        0        0
      'best_solutions':      0        0        0
   'fj solution hints':  1'373        0    1'373
        'lp solutions':  9'489    6'105    2'109
                'pump':      0        0

Improving bounds shared      Num  Sym
            'default_lp':    100    0
       'fs_random_no_lp':    278    0
                 'no_lp':  1'038    0
               'probing':    355    0
         'quick_restart':     72    0
   'quick_restart_no_lp':  4'855    0

Clauses shared            #Exported  #Imported  #BinaryRead  #BinaryTotal
           'default_lp':     98'849      9'588      961'215       961'460
      'fs_random_no_lp':    538'053      7'627      960'612       961'460
               'max_lp':     10'312          0      584'352       961'460
                'no_lp':     47'955      8'102      961'361       961'460
              'probing':         96      9'885      961'460       961'460
        'quick_restart':     95'916      9'571      961'460       961'460
  'quick_restart_no_lp':    180'490      4'289      961'460       961'460

LRAT_status: NA
CpSolverResponse summary:
status: UNKNOWN
objective: NA
best_bound: NA
integers: 351093
booleans: 336134
conflicts: 2391
branches: 207800
propagations: 333828830
integer_propagations: 330145444
restarts: 27
lp_iterations: 1273117
walltime: 1801.73
usertime: 1801.73
deterministic_time: 14766.2
gap_integral: 0

