Starting CP-SAT solver v9.15.6755Parameters: random_seed: 0 max_time_in_seconds: 1800 log_search_progress: true num_workers: 4Initial satisfaction model '': (model_fingerprint: 0xcbdcea9e80a0f583)
#Variables: 1'691 (1'669 primary variables)
  - 1'459 Booleans in [0,1]
  - 215 in [0,16]
  - 17 in [0,219]
#kLinear1: 5
#kLinear2: 4
#kLinear3: 2
#kLinearN: 18 (#terms: 7'802)Starting presolve at 0.00s  3.91e-04s  0.00e+00d  [DetectDominanceRelations]   2.07e-03s  0.00e+00d  [PresolveToFixPoint] #num_loops=2 #num_dual_strengthening=1   1.36e-05s  0.00e+00d  [ExtractEncodingFromLinear] #potential_supersets=9   1.60e-04s  0.00e+00d  [DetectDuplicateColumns] #num_equiv_classes=1 #num_removed_vars=1   4.07e-06s  0.00e+00d  [DetectDuplicateConstraints] [Symmetry] Graph for symmetry has 5'001 nodes and 11'080 arcs.[Symmetry] Symmetry computation done. time: 0.000470351 dtime: 0.00135897  7.10e-06s  0.00e+00d  [DetectDuplicateConstraintsWithDifferentEnforcements]   6.78e-02s  7.84e-02d  [Probe] #probed=3'038   9.62e-05s  7.23e-05d  [MaxClique]   2.38e-04s  0.00e+00d  [DetectDominanceRelations]   1.15e-03s  0.00e+00d  [PresolveToFixPoint] #num_loops=2 #num_dual_strengthening=1   4.49e-04s  0.00e+00d  [ProcessAtMostOneAndLinear]   3.52e-06s  0.00e+00d  [DetectDuplicateConstraints]   2.61e-06s  0.00e+00d  [DetectDuplicateConstraintsWithDifferentEnforcements]   7.44e-05s  2.41e-05d  [DetectDominatedLinearConstraints] #relevant_constraints=9 #num_inclusions=1 #num_redundant=1   7.42e-06s  0.00e+00d  [DetectDifferentVariables]   1.04e-04s  2.19e-05d  [ProcessSetPPC] #relevant_constraints=18   8.57e-05s  0.00e+00d  [TransformClausesToExactlyOne] #num_amos=8   6.88e-07s  0.00e+00d  [DetectEncodedComplexDomains]   3.07e-06s  0.00e+00d  [FindAlmostIdenticalLinearConstraints]   2.41e-02s  9.13e-02d  [FindBigAtMostOneAndLinearOverlap] #blocks=2 #saved_nz=274   1.29e-03s  3.15e-02d  [FindBigVerticalLinearOverlap]   1.65e-04s  5.78e-05d  [FindBigHorizontalLinearOverlap] #blocks=2 #saved_nz=585 #linears=9   2.29e-06s  0.00e+00d  [MergeClauses]   2.26e-04s  0.00e+00d  [DetectDominanceRelations]   1.33e-03s  0.00e+00d  [PresolveToFixPoint] #num_loops=2 #num_dual_strengthening=1   2.14e-04s  0.00e+00d  [DetectDominanceRelations]   8.77e-04s  0.00e+00d  [PresolveToFixPoint] #num_loops=1 #num_dual_strengthening=1   7.99e-05s  0.00e+00d  [DetectDuplicateColumns]   3.27e-06s  0.00e+00d  [DetectDuplicateConstraints] [Symmetry] Graph for symmetry has 4'626 nodes and 9'791 arcs.[Symmetry] Symmetry computation done. time: 0.000354348 dtime: 0.00120008  5.49e-06s  0.00e+00d  [DetectDuplicateConstraintsWithDifferentEnforcements]   6.71e-02s  7.63e-02d  [Probe] #probed=3'042   8.96e-05s  7.24e-05d  [MaxClique]   2.28e-04s  0.00e+00d  [DetectDominanceRelations]   9.24e-04s  0.00e+00d  [PresolveToFixPoint] #num_loops=1 #num_dual_strengthening=1   3.78e-04s  0.00e+00d  [ProcessAtMostOneAndLinear]   2.92e-06s  0.00e+00d  [DetectDuplicateConstraints]   2.55e-06s  0.00e+00d  [DetectDuplicateConstraintsWithDifferentEnforcements]   3.36e-05s  2.15e-05d  [DetectDominatedLinearConstraints] #relevant_constraints=11   6.31e-06s  0.00e+00d  [DetectDifferentVariables]   9.71e-05s  1.92e-05d  [ProcessSetPPC] #relevant_constraints=22   8.45e-05s  0.00e+00d  [TransformClausesToExactlyOne] #num_amos=8   7.74e-07s  0.00e+00d  [DetectEncodedComplexDomains]   2.81e-06s  0.00e+00d  [FindAlmostIdenticalLinearConstraints]   1.29e-02s  4.71e-02d  [FindBigAtMostOneAndLinearOverlap]   8.36e-04s  1.90e-02d  [FindBigVerticalLinearOverlap]   6.33e-05s  2.74e-04d  [FindBigHorizontalLinearOverlap] #linears=11   1.83e-06s  0.00e+00d  [MergeClauses]   2.24e-04s  0.00e+00d  [DetectDominanceRelations]   8.82e-04s  0.00e+00d  [PresolveToFixPoint] #num_loops=1 #num_dual_strengthening=1   3.93e-07s  0.00e+00d  [MergeNoOverlap]   2.04e-07s  0.00e+00d  [MergeNoOverlap2D] Presolve summary:  - 3 affine relations were detected.  - rule 'TODO domination: unexploited dominations' was applied 1 time.  - rule 'TODO dual: only one blocking constraint?' was applied 506 times.  - rule 'affine: new relation' was applied 3 times.  - rule 'duplicate: removed duplicated column' was applied 1 time.  - rule 'linear inclusion: sparsify superset' was applied 1 time.  - rule 'linear matrix: common amo rectangle' was applied 2 times.  - rule 'linear matrix: common horizontal rectangle' was applied 2 times.  - rule 'linear1: x in domain' was applied 6 times.  - rule 'linear: doubleton free' was applied 2 times.  - rule 'linear: fixed or dup variables' was applied 3 times.  - rule 'linear: positive at most one' was applied 8 times.  - rule 'linear: positive equal one' was applied 1 time.  - rule 'linear: reduced variable domains' was applied 10 times.  - rule 'linear: remapped using affine relations' was applied 2 times.  - rule 'linear: singleton column' was applied 9 times.  - rule 'linear: variable substitution 1' was applied 2 times.  - rule 'new_bool: with clause' was applied 2 times.  - rule 'presolve: 6 unused variables removed.' was applied 1 time.  - rule 'presolve: iteration' was applied 2 times.Presolved satisfaction model '': (model_fingerprint: 0x717faffd44e2a5af)
#Variables: 1'674 (1'665 primary variables)
  - 1'513 Booleans in [0,1]
  - 1 in [0,3]
  - 10 in [0,12]
  - 144 in [0,16]
  - 2 in [0,32]
  - 1 in [0,38]
  - 2 in [0,109]
  - 1 in [0,132]
#kAtMostOne: 8 (#literals: 1'450)
#kExactlyOne: 3 (#literals: 458)
#kLinearN: 11 (#terms: 4'975)[Symmetry] Graph for symmetry has 4'604 nodes and 9'791 arcs.[Symmetry] Symmetry computation done. time: 0.000336965 dtime: 0.00119876Preloading model.#Model   0.19s var:1674/1674 constraints:22/22Starting search at 0.19s with 4 workers.3 full problem subsolvers: [default_lp, max_lp, no_lp]1 first solution subsolver: [fj]2 interleaved subsolvers: [feasibility_pump, rins/rens]2 helper subsolvers: [neighborhood_helper, synchronization_agent]#Done    0.28s max_lp [loading]Task timing                   n [     min,      max]      avg      dev     time         n [     min,      max]      avg      dev    dtime
        'default_lp':         1 [ 92.07ms,  92.07ms]  92.07ms   0.00ns  92.07ms         2 [  3.51ms,  76.99ms]  40.25ms  36.74ms  80.51ms
  'feasibility_pump':         3 [ 69.77us,   3.26ms]   1.99ms   1.38ms   5.98ms         2 [ 20.37us,   3.05ms]   1.54ms   1.51ms   3.07ms
                'fj':         3 [ 15.39ms,  38.67ms]  28.57ms   9.75ms  85.71ms         3 [ 44.18ms, 100.17ms]  81.49ms  26.38ms 244.47ms
            'max_lp':         1 [ 91.12ms,  91.12ms]  91.12ms   0.00ns  91.12ms         1 [ 80.01ms,  80.01ms]  80.01ms   0.00ns  80.01ms
             'no_lp':         1 [ 91.98ms,  91.98ms]  91.98ms   0.00ns  91.98ms         2 [  7.95ms,  76.36ms]  42.15ms  34.20ms  84.30ms
         'rins/rens':         0 [  0.00ns,   0.00ns]   0.00ns   0.00ns   0.00ns         0 [  0.00ns,   0.00ns]   0.00ns   0.00ns   0.00ns
Search stats     Bools  Conflicts  Branches  Restarts  BacktrackToRoot  Backtrack  BoolPropag  IntegerPropag
  'default_lp':  1'513          0     3'697         0            3'697      3'697     472'668        668'596
      'max_lp':  1'513          0     3'026         0            3'026      3'026     451'998        644'853
       'no_lp':  1'513          0     3'783         0            3'783      3'783     500'983        706'738
SAT formula      Fixed  Equiv  Total  VarLeft  BinaryClauses  PermanentClauses  TemporaryClauses
  'default_lp':      0      0  1'513    1'513              0                 3                 0
      'max_lp':      0      0  1'513    1'513              0                 3                 0
       'no_lp':      0      0  1'513    1'513              0                 3                 0
SAT stats        ClassicMinim  LitRemoved  LitRemovedBinary  LitLearned  LitForgotten  Subsumed
  'default_lp':             0           0                 0           0             0         0
      'max_lp':             0           0                 0           0             0         0
       'no_lp':             0           0                 0           0             0         0
Vivification     Clauses  Decisions  LitTrue  Subsumed  LitRemoved  DecisionReused  Conflicts
  'default_lp':        0          0        0         0           0               0          0
      'max_lp':        0          0        0         0           0               0          0
       'no_lp':        0          0        0         0           0               0          0
Clause deletion    at_true  l_and_not(l)  to_binary  sub_conflict  sub_extra  sub_decisions  sub_eager  sub_vivify  sub_probing  sub_inpro  blocked  eliminated  forgotten  promoted  conflicts
    'default_lp':        0             0          0             0          0              0          0           0            0          0        0           0          0         0          0
        'max_lp':        0             0          0             0          0              0          0           0            0          0        0           0          0         0          0
         'no_lp':        0             0          0             0          0              0          0           0            0          0        0           0          0         0          0
Lp stats         Component  Iterations  AddedCuts  OPTIMAL  DUAL_F.  DUAL_U.
  'default_lp':          1          33          0        2        0        0
      'max_lp':          1          68          0        0        0        1
Lp dimension      Final dimension of first component
  'default_lp':   5 rows, 1665 columns, 2728 entries
      'max_lp':  22 rows, 1674 columns, 6883 entries
Lp debug         CutPropag  CutEqPropag  Adjust  Overflow  Bad  BadScaling
  'default_lp':          0            0       0         0    0           0
      'max_lp':          0            0       1         0    0           0
Lp pool          Constraints  Updates  Simplif  Merged  Shortened  Split  Strengthened  Cuts/Call
  'default_lp':           22        0        0       0          0      0             0        0/0
      'max_lp':           22        0        0       0          0      0             0        0/0
LNS stats       Improv/Calls  Closed  Difficulty  TimeLimit
  'rins/rens':           0/0      0%    5.00e-01       0.10
LS stats                                    Batches  Restarts/Perturbs  LinMoves  GenMoves  CompoundMoves  Bactracks  WeightUpdates  ScoreComputed
                             'fj_restart':        1                  1     1'377         0              0          0          1'657        297'233
  'fj_restart_decay_compound_perturb_obj':        1                  1         0     1'627            266        680              8        301'964
                     'fj_restart_perturb':        1                  1       516         0              0          0            669        134'621
Solution repositories    Added  Queried  Synchro
    'alternative_path':      0        0        0
      'best_solutions':      0        0        0
   'fj solution hints':      0        0        0
        'lp solutions':      0        0        0
                'pump':      0        0
Clauses shared    #Exported  #Imported  #BinaryRead  #BinaryTotal
   'default_lp':          0          0            0             0
       'max_lp':          0          0            0             0
        'no_lp':          0          0            0             0
LRAT_status: NACpSolverResponse summary:
status: INFEASIBLE
objective: NA
best_bound: NA
integers: 1919
booleans: 1513
conflicts: 0
branches: 3026
propagations: 451998
integer_propagations: 644853
restarts: 0
lp_iterations: 68
walltime: 0.28326
usertime: 0.28326
deterministic_time: 0.836401
gap_integral: 0
