{
  "status": "PASS",
  "scope": "规格线文档覆盖、99轴、当前目录、定位回归、条件算术与本轮只读指纹；非全规则或运行认证",
  "axis_count": 99,
  "independent_item_count": 55,
  "finding_count": 28,
  "revision6_finding_count": 5,
  "revision7_finding_count": 2,
  "catalog_sha256": "74d21a5bd37c6178f988a86a4aa78a03d1e4244ecff26f133bb5e700ada82e43",
  "axis_registry_sha256": "37427b530246a263018fa44a826893b46032c9d97eb8db1b6be06c7bcada080d",
  "request_sha256": "c4b3a50158f62a54d8d7693bbbb237842370efc72b495cfe6a56d84caea762e2",
  "shared_interface": {
    "axis_set_matches": true,
    "missing_in_input": [],
    "extra_in_input": [],
    "lifetime_mismatches": [],
    "schemas_present": {
      "event-order-v1": true,
      "event-order-v2": true,
      "event-order-v3": true,
      "order-expr-v1": true,
      "damping-branch-v2": true,
      "poll-memory-v1": true
    },
    "revision6_description_mismatches": [],
    "note": "共享文件为运行时观测，不冻结为A线只读；样例及黄金轨迹由C线另验"
  },
  "shared_dependency_fingerprints": {
    "/home/zhuran24/zmd-research-fresh/求解器/crates/kernel/src/model.rs": "6f4d3dfb5133b834ef52dba2fa398cee3f6e3f88f1da77630aaf66326e81a842",
    "/home/zhuran24/zmd-research-fresh/求解器/crates/kernel/src/event_identity.rs": "0a4629ba1c0ba0fea4101a229698cc8bfbe776e4a74885142286e6d1f15b6406",
    "/home/zhuran24/zmd-research-fresh/求解器/crates/kernel/src/output.rs": "b98d41d3fc1b1e9c9855ba3158d71f4e9a8ed10370bf2a36fd7c4d9a101bc684",
    "/home/zhuran24/zmd-research-fresh/求解器/crates/kernel/src/input.rs": "ecf8754d2c424f2f8970e606ef8dc5db5a220dcf61c81845947225f236df199e",
    "/home/zhuran24/zmd-research-fresh/求解器/crates/kernel/src/config.rs": "f2a22d1bbc264a75179fa45d41b03cce33f6e44d197112ba84486446d3df20ad",
    "/home/zhuran24/zmd-research-fresh/求解器/crates/kernel/src/main.rs": "f11ee4843c3af138a18b71d2ac40b903593a74783b4fb9553dbeea209d690f24",
    "/home/zhuran24/zmd-research-fresh/求解器/crates/kernel/src/value.rs": "0cd34a9c7877861580caa0711e643575cbb9ce631a445919c69f093c2392d32b",
    "/home/zhuran24/zmd-research-fresh/求解器/crates/kernel/src/transition.rs": "e298ac43f509561bcf15ebfe3a7bf5abba57133cc2561782ec397f6592ceeedd",
    "/home/zhuran24/zmd-research-fresh/求解器/crates/kernel/src/interfaces.rs": "26ae828a14fe77db7625de901b35d48d47dc1d39993b67f0df11b5c2dbd542ba",
    "/home/zhuran24/zmd-research-fresh/求解器/crates/kernel/src/tests.rs": "94a853a4b134c00b37cc0b7186e35b205d0dbeb1527a587e8af96fa157ef20a3",
    "/home/zhuran24/zmd-research-fresh/求解器/crates/kernel/src/catalog.rs": "3a0a7c3e21b46d626928fca81e90a617bd55189b8e3f357019c529109510636f",
    "/home/zhuran24/zmd-research-fresh/求解器/crates/kernel/src/engine.rs": "aa831e99a9517c1d2f9328a2a540d0b2f0f955ed286760f942dfaf6298ecf84a",
    "/home/zhuran24/zmd-research-fresh/求解器/crates/kernel/src/lib.rs": "514709029ca3f049e27fa05dbe1a39c0cab62bb523de1cba6bdec10b9fbfe480",
    "/home/zhuran24/zmd-research-fresh/求解器/crates/kernel/src/polling.rs": "93198482832582239a9d2b4e3ebcd0941e91d228d36ba3626076e977db0a833b",
    "/home/zhuran24/zmd-research-fresh/求解器/crates/kernel/src/tests_revision.rs": "fdbec222b970566f88a7d711e44f6e46fbd7dc0062ba5bbf584159ca0217c0c1",
    "/home/zhuran24/zmd-research-fresh/求解器/crates/kernel/src/tests_revision_r2.rs": "e42da5328e9946f8e745cdbf361b06e006fcb28e54656488e8f53346697f4377",
    "/home/zhuran24/zmd-research-fresh/求解器/crates/kernel/src/warehouse.rs": "aa5b1505d447b378a4cbb015f758c4ae5403b6201895db80576be4e0c8d22082"
  },
  "shared_dependency_changes_since_round5_start": [
    "/home/zhuran24/zmd-research-fresh/求解器/crates/kernel/src/event_identity.rs",
    "/home/zhuran24/zmd-research-fresh/求解器/crates/kernel/src/output.rs",
    "/home/zhuran24/zmd-research-fresh/求解器/crates/kernel/src/input.rs",
    "/home/zhuran24/zmd-research-fresh/求解器/crates/kernel/src/main.rs",
    "/home/zhuran24/zmd-research-fresh/求解器/crates/kernel/src/transition.rs",
    "/home/zhuran24/zmd-research-fresh/求解器/crates/kernel/src/interfaces.rs",
    "/home/zhuran24/zmd-research-fresh/求解器/crates/kernel/src/tests.rs",
    "/home/zhuran24/zmd-research-fresh/求解器/crates/kernel/src/engine.rs",
    "/home/zhuran24/zmd-research-fresh/求解器/crates/kernel/src/lib.rs",
    "/home/zhuran24/zmd-research-fresh/求解器/crates/kernel/src/polling.rs",
    "/home/zhuran24/zmd-research-fresh/求解器/crates/kernel/src/tests_revision.rs",
    "/home/zhuran24/zmd-research-fresh/求解器/crates/kernel/src/tests_revision_r2.rs",
    "/home/zhuran24/zmd-research-fresh/求解器/crates/kernel/src/warehouse.rs"
  ],
  "checks": [
    "《明日方舟：终末地》游戏规则.txt：114 行覆盖",
    "《明日方舟：终末地》游戏规则.txt：逐行原文、序号及去向一致",
    "求解任务.txt：15 行覆盖",
    "求解任务.txt：逐行原文、序号及去向一致",
    "正式约束 56 条覆盖",
    "正式约束：条款名与源行一致",
    "三份正式文件与候选约束4份只读指纹未变",
    "运行语义中的正式源快照一致",
    "17 条发现逐条登记且无重复",
    "第2轮 10 条发现逐条登记且无重复",
    "H 下制造输入及占地条件算术通过",
    "H 下核心六口及出库条件算术通过",
    "T1–T12、T14–T17 存在且无已删除T13",
    "六正文选择点编号、文件链接与表格连续性通过",
    "已定位旧断言无正文残留（仅字符串检查）",
    "覆盖表所有显式目标小节均存在（不证明条款已落地）",
    "研磨进料去向节包含条款名及三个条件结论",
    "负例通过：研磨进料去向退回旧§4.3会被拒绝（内存变异，无文件改写）",
    "第3轮 9 条发现逐条登记且无重复",
    "T12包含成品拿取操作精度及周期末限制",
    "存货级序方向在派生量及调度两处明写",
    "特别运输分类和元件计数落点存在",
    "T14按轴调度已列排除",
    "T7混装、容量、谓词论域分别登记",
    "J的条件排除有正文落点",
    "第3轮已定位旧辖域断言无正文残留（字符串检查）",
    "具名参数轴无重复且均带生命周期、状态与据",
    "受限模型全部具名字段均在参数轴表中",
    "独立清单实际55项逐条映射，无遗漏或重复",
    "主席已定项与四处旧断言、三漏项的现行辖域检查通过",
    "负例通过：恢复T13旧选择点会被拒绝（内存变异）",
    "共享目录18单位与18配方及规格18配方行数一致",
    "全部配方id、机型、用量、产量及耗时逐项与目录一致",
    "全部单位id均有运行语义状态入口",
    "当前目录字节已登记于本轮修订记录并逐项核验",
    "T15两种格集合公式与方块相交条件在中央及边界桩位置一致（条件算术）",
    "六正文所有本地文件链接存在",
    "第4/5轮28条发现逐项登记且无重复，含两条阻断级",
    "28条发现均有改动、落点及据",
    "六正文均已实际修改，不是只增加修订记录",
    "原91轴加5轴及第6轮3轴共99项，与受限模型逐轴表和JSON集合全等",
    "99轴处置类别、实际编码、据、覆盖损失及补齐节点逐项一致",
    "负例通过：漏必选轴time.instant_order会被拒绝",
    "负例通过：漏必选轴time.manufacture_events会被拒绝",
    "负例通过：漏必选轴polling.level_tie会被拒绝",
    "负例通过：漏必选轴connection.port_meeting会被拒绝",
    "最严供电义务与四条必要条件的辖域落地",
    "占格互斥具有最严可建造的正文依据",
    "空仓库格指派要求empty_identity且沿用原轴",
    "五个新增轴在登记、清单、配置三处都有落点",
    "第4/5轮及完整性批评定位的旧正文断言无残留",
    "仓库/核心/相遇覆盖入口的辖域回归通过",
    "两种供电侧旁一维列数及跃变位置复算通过；非达标构造证明",
    "第6轮五项发现有逐条处置",
    "修订记录追加第6轮五项且无遗漏",
    "第6轮边界、库存、仓库停止及配方两轴在可执行条款定位",
    "两条旧覆盖发现归因在历史行及JSON均已纠正",
    "内核输入请求第6/7节在共享正文并入",
    "第7轮两条发现与修订记录均有逐项落点及据",
    "端口相遇从已定/F改为open/U及显式工程选值",
    "角点相遇有显式待审谓词及覆盖损失，未当成已获准",
    "仓库当前候选序、成功提交、历史身份和重载辖域在转移中明写",
    "第8轮接口完整停止前件及普通运行/生产抽象分域",
    "第8轮答复验证范围字段与封闭输出同名",
    "第8轮规则L36覆盖说明同时保留停止与继续分支",
    "第8轮三条发现分别登记",
    "KQ-07种子来源与KQ-08容量前准入具有明确落点"
  ]
}
