{"读法": "cur", "相邻桥位置": "CA", "违例计数": {"CB/BK首格步末空": 660, "库存界": 5836, "B缓存空": 260}, "最小Φ−L1−L2": 176.0, "K口最长连续空步末": 2, "对手": "成熟就收"}
{"读法": "cur", "相邻桥位置": "CA", "违例计数": {}, "最小Φ−L1−L2": 176.0, "K口最长连续空步末": 2, "对手": "随机0.3"}
{"读法": "cur", "相邻桥位置": "CA", "违例计数": {}, "最小Φ−L1−L2": 176.0, "K口最长连续空步末": 2, "对手": "每9步"}
{"读法": "cur", "相邻桥位置": "CB", "违例计数": {"库存界": 5876, "B缓存空": 264}, "最小Φ−L1−L2": 176.0, "K口最长连续空步末": 2, "对手": "成熟就收"}
{"读法": "cur", "相邻桥位置": "CB", "违例计数": {}, "最小Φ−L1−L2": 176.0, "K口最长连续空步末": 2, "对手": "随机0.3"}
{"读法": "cur", "相邻桥位置": "CB", "违例计数": {}, "最小Φ−L1−L2": 176.0, "K口最长连续空步末": 2, "对手": "每9步"}
{"读法": "cur", "相邻桥位置": "AC", "违例计数": {"CB/BK首格步末空": 660, "库存界": 5836, "B缓存空": 260}, "最小Φ−L1−L2": 176.0, "K口最长连续空步末": 2, "对手": "成熟就收"}
{"读法": "cur", "相邻桥位置": "AC", "违例计数": {}, "最小Φ−L1−L2": 176.0, "K口最长连续空步末": 2, "对手": "随机0.3"}
{"读法": "cur", "相邻桥位置": "AC", "违例计数": {}, "最小Φ−L1−L2": 176.0, "K口最长连续空步末": 2, "对手": "每9步"}
{"读法": "cur", "相邻桥位置": "BK", "违例计数": {"库存界": 5877, "K缓存空": 265}, "最小Φ−L1−L2": 176.0, "K口最长连续空步末": 2, "对手": "成熟就收"}
{"读法": "cur", "相邻桥位置": "BK", "违例计数": {}, "最小Φ−L1−L2": 176.0, "K口最长连续空步末": 2, "对手": "随机0.3"}
{"读法": "cur", "相邻桥位置": "BK", "违例计数": {}, "最小Φ−L1−L2": 176.0, "K口最长连续空步末": 2, "对手": "每9步"}
{"读法": "new", "相邻桥位置": "CA", "违例计数": {}, "最小Φ−L1−L2": 176.0, "K口最长连续空步末": 2, "对手": "成熟就收"}
{"读法": "new", "相邻桥位置": "CA", "违例计数": {}, "最小Φ−L1−L2": 176.0, "K口最长连续空步末": 2, "对手": "随机0.3"}
{"读法": "new", "相邻桥位置": "CA", "违例计数": {}, "最小Φ−L1−L2": 176.0, "K口最长连续空步末": 2, "对手": "每9步"}
{"读法": "new", "相邻桥位置": "CB", "违例计数": {}, "最小Φ−L1−L2": 176.0, "K口最长连续空步末": 2, "对手": "成熟就收"}
{"读法": "new", "相邻桥位置": "CB", "违例计数": {}, "最小Φ−L1−L2": 176.0, "K口最长连续空步末": 2, "对手": "随机0.3"}
{"读法": "new", "相邻桥位置": "CB", "违例计数": {}, "最小Φ−L1−L2": 176.0, "K口最长连续空步末": 2, "对手": "每9步"}
{"读法": "new", "相邻桥位置": "AC", "违例计数": {}, "最小Φ−L1−L2": 176.0, "K口最长连续空步末": 2, "对手": "成熟就收"}
{"读法": "new", "相邻桥位置": "AC", "违例计数": {}, "最小Φ−L1−L2": 176.0, "K口最长连续空步末": 2, "对手": "随机0.3"}
{"读法": "new", "相邻桥位置": "AC", "违例计数": {}, "最小Φ−L1−L2": 176.0, "K口最长连续空步末": 2, "对手": "每9步"}
{"读法": "new", "相邻桥位置": "BK", "违例计数": {}, "最小Φ−L1−L2": 176.0, "K口最长连续空步末": 2, "对手": "成熟就收"}
{"读法": "new", "相邻桥位置": "BK", "违例计数": {}, "最小Φ−L1−L2": 176.0, "K口最长连续空步末": 2, "对手": "随机0.3"}
{"读法": "new", "相邻桥位置": "BK", "违例计数": {}, "最小Φ−L1−L2": 176.0, "K口最长连续空步末": 2, "对手": "每9步"}
