

Starting CP-SAT solver v9.15.6755
Starting CP-SAT solver v9.15.6755
Parameters: max_time_in_seconds: 240 log_search_progress: true num_workers: 4
Parameters: max_time_in_seconds: 240 log_search_progress: true num_workers: 4


Initial optimization model '': (model_fingerprint: 0xd20d74c00fd30e94)
#Variables: 802 (#bools: 550 in objective) (664 primary variables)
  - 802 Booleans in [0,1]
#kAtMostOne: 244 (#literals: 10'832)
#kBoolOr: 1'088 (#enforced: 1'088) (#literals: 5'088)
#kLinear2: 8
#kLinear3: 8
#kLinearN: 237 (#terms: 11'602)
Initial optimization model '': (model_fingerprint: 0xd20d74c00fd30e94)
#Variables: 802 (#bools: 550 in objective) (664 primary variables)
  - 802 Booleans in [0,1]
#kAtMostOne: 244 (#literals: 10'832)
#kBoolOr: 1'088 (#enforced: 1'088) (#literals: 5'088)
#kLinear2: 8
#kLinear3: 8
#kLinearN: 237 (#terms: 11'602)


Starting presolve at 0.00s
Starting presolve at 0.00s
  9.72e-04s  0.00e+00d  [DetectDominanceRelations] 
  9.72e-04s  0.00e+00d  [DetectDominanceRelations] 
  5.86e-03s  0.00e+00d  [PresolveToFixPoint] #num_loops=2 #num_dual_strengthening=1 
  5.86e-03s  0.00e+00d  [PresolveToFixPoint] #num_loops=2 #num_dual_strengthening=1 
  6.34e-05s  0.00e+00d  [ExtractEncodingFromLinear] #potential_supersets=488 
  6.34e-05s  0.00e+00d  [ExtractEncodingFromLinear] #potential_supersets=488 
  6.36e-04s  0.00e+00d  [DetectDuplicateColumns] 
  6.36e-04s  0.00e+00d  [DetectDuplicateColumns] 
  1.95e-04s  0.00e+00d  [DetectDuplicateConstraints] 
  1.95e-04s  0.00e+00d  [DetectDuplicateConstraints] 
[Symmetry] Graph for symmetry has 2'945 nodes and 29'212 arcs.
[Symmetry] Graph for symmetry has 2'945 nodes and 29'212 arcs.
[Symmetry] Symmetry computation done. time: 0.00201667 dtime: 0.00507187
[Symmetry] Symmetry computation done. time: 0.00201667 dtime: 0.00507187
[Symmetry] #generators: 1, average support size: 784
[Symmetry] #generators: 1, average support size: 784
[Symmetry] 392 orbits on 784 variables with sizes: 2,2,2,2,2,2,2,2,2,2,...
[Symmetry] 392 orbits on 784 variables with sizes: 2,2,2,2,2,2,2,2,2,2,...
[Symmetry] Num fixable by intersecting at_most_one with orbits: 39 largest_orbit: 2
[Symmetry] Num fixable by intersecting at_most_one with orbits: 39 largest_orbit: 2
[SAT presolve] num removable Booleans: 0 / 794
[SAT presolve] num removable Booleans: 0 / 794
[SAT presolve] num trivial clauses: 0
[SAT presolve] num trivial clauses: 0
[SAT presolve] [0s] clauses:1'011 literals:5'712 vars:755 one_side_vars:754 simple_definition:1 singleton_clauses:0
[SAT presolve] [0s] clauses:1'011 literals:5'712 vars:755 one_side_vars:754 simple_definition:1 singleton_clauses:0
[SAT presolve] [7.369e-05s] clauses:1'011 literals:5'712 vars:755 one_side_vars:754 simple_definition:1 singleton_clauses:0
[SAT presolve] [7.369e-05s] clauses:1'011 literals:5'712 vars:755 one_side_vars:754 simple_definition:1 singleton_clauses:0
[SAT presolve] [0.000117025s] clauses:1'011 literals:5'712 vars:755 one_side_vars:754 simple_definition:1 singleton_clauses:0
[SAT presolve] [0.000117025s] clauses:1'011 literals:5'712 vars:755 one_side_vars:754 simple_definition:1 singleton_clauses:0
  2.08e-04s  0.00e+00d  [DetectDuplicateConstraintsWithDifferentEnforcements] 
  2.08e-04s  0.00e+00d  [DetectDuplicateConstraintsWithDifferentEnforcements] 
  1.86e-02s  4.26e-02d  [Probe] #probed=1'526 #new_binary_clauses=16'687 
  1.86e-02s  4.26e-02d  [Probe] #probed=1'526 #new_binary_clauses=16'687 
  1.70e-02s  1.41e-01d  [MaxClique] Merged 249 constraints with 10'842 literals into 61 constraints with 5'038 literals
  1.70e-02s  1.41e-01d  [MaxClique] Merged 249 constraints with 10'842 literals into 61 constraints with 5'038 literals
  6.57e-04s  0.00e+00d  [DetectDominanceRelations] 
  6.57e-04s  0.00e+00d  [DetectDominanceRelations] 
  1.89e-03s  0.00e+00d  [PresolveToFixPoint] #num_loops=1 #num_dual_strengthening=1 
  1.89e-03s  0.00e+00d  [PresolveToFixPoint] #num_loops=1 #num_dual_strengthening=1 
  2.96e-04s  0.00e+00d  [ProcessAtMostOneAndLinear] 
  2.96e-04s  0.00e+00d  [ProcessAtMostOneAndLinear] 
  1.86e-04s  0.00e+00d  [DetectDuplicateConstraints] 
  1.86e-04s  0.00e+00d  [DetectDuplicateConstraints] 
  1.66e-04s  0.00e+00d  [DetectDuplicateConstraintsWithDifferentEnforcements] 
  1.66e-04s  0.00e+00d  [DetectDuplicateConstraintsWithDifferentEnforcements] 
  8.29e-06s  0.00e+00d  [DetectDominatedLinearConstraints] #relevant_constraints=1 
  8.29e-06s  0.00e+00d  [DetectDominatedLinearConstraints] #relevant_constraints=1 
  5.84e-06s  0.00e+00d  [DetectDifferentVariables] 
  5.84e-06s  0.00e+00d  [DetectDifferentVariables] 
  9.32e-04s  1.33e-04d  [ProcessSetPPC] #relevant_constraints=749 #num_inclusions=67 
  9.32e-04s  1.33e-04d  [ProcessSetPPC] #relevant_constraints=749 #num_inclusions=67 
  1.42e-04s  2.03e-05d  [TransformClausesToExactlyOne] #num_amos=568 #num_clauses=443 #num_checked=443 
  1.42e-04s  2.03e-05d  [TransformClausesToExactlyOne] #num_amos=568 #num_clauses=443 #num_checked=443 
  6.95e-06s  0.00e+00d  [DetectEncodedComplexDomains] 
  6.95e-06s  0.00e+00d  [DetectEncodedComplexDomains] 
  4.68e-06s  0.00e+00d  [FindAlmostIdenticalLinearConstraints] 
  4.68e-06s  0.00e+00d  [FindAlmostIdenticalLinearConstraints] 
  1.40e-03s  2.15e-03d  [FindBigAtMostOneAndLinearOverlap] #blocks=2 #saved_nz=221 
  1.40e-03s  2.15e-03d  [FindBigAtMostOneAndLinearOverlap] #blocks=2 #saved_nz=221 
  1.78e-04s  4.79e-04d  [FindBigVerticalLinearOverlap] 
  1.78e-04s  4.79e-04d  [FindBigVerticalLinearOverlap] 
  6.19e-06s  1.43e-06d  [FindBigHorizontalLinearOverlap] #linears=1 
  6.19e-06s  1.43e-06d  [FindBigHorizontalLinearOverlap] #linears=1 
  1.15e-04s  1.09e-05d  [MergeClauses] #num_collisions=120 #num_merges=120 #num_saved_literals=450 
  1.15e-04s  1.09e-05d  [MergeClauses] #num_collisions=120 #num_merges=120 #num_saved_literals=450 
  4.57e-04s  0.00e+00d  [DetectDominanceRelations] 
  4.57e-04s  0.00e+00d  [DetectDominanceRelations] 
  1.35e-03s  0.00e+00d  [PresolveToFixPoint] #num_loops=1 #num_dual_strengthening=1 
  1.35e-03s  0.00e+00d  [PresolveToFixPoint] #num_loops=1 #num_dual_strengthening=1 
  4.54e-04s  0.00e+00d  [DetectDominanceRelations] 
  4.54e-04s  0.00e+00d  [DetectDominanceRelations] 
  1.28e-03s  0.00e+00d  [PresolveToFixPoint] #num_loops=1 #num_dual_strengthening=1 
  1.28e-03s  0.00e+00d  [PresolveToFixPoint] #num_loops=1 #num_dual_strengthening=1 
  2.69e-04s  0.00e+00d  [DetectDuplicateColumns] 
  2.69e-04s  0.00e+00d  [DetectDuplicateColumns] 
  1.80e-04s  0.00e+00d  [DetectDuplicateConstraints] 
  1.80e-04s  0.00e+00d  [DetectDuplicateConstraints] 
[Symmetry] Graph for symmetry has 2'704 nodes and 14'418 arcs.
[Symmetry] Graph for symmetry has 2'704 nodes and 14'418 arcs.
[Symmetry] Symmetry computation done. time: 0.00059279 dtime: 0.00121987
[Symmetry] Symmetry computation done. time: 0.00059279 dtime: 0.00121987
[SAT presolve] num removable Booleans: 0 / 744
[SAT presolve] num removable Booleans: 0 / 744
[SAT presolve] num trivial clauses: 0
[SAT presolve] num trivial clauses: 0
[SAT presolve] [0s] clauses:1'011 literals:3'317 vars:744 one_side_vars:743 simple_definition:1 singleton_clauses:0
[SAT presolve] [0s] clauses:1'011 literals:3'317 vars:744 one_side_vars:743 simple_definition:1 singleton_clauses:0
[SAT presolve] [7.1965e-05s] clauses:1'011 literals:3'317 vars:744 one_side_vars:743 simple_definition:1 singleton_clauses:0
[SAT presolve] [7.1965e-05s] clauses:1'011 literals:3'317 vars:744 one_side_vars:743 simple_definition:1 singleton_clauses:0
[SAT presolve] [0.000108384s] clauses:1'011 literals:3'317 vars:744 one_side_vars:743 simple_definition:1 singleton_clauses:0
[SAT presolve] [0.000108384s] clauses:1'011 literals:3'317 vars:744 one_side_vars:743 simple_definition:1 singleton_clauses:0
  1.87e-04s  0.00e+00d  [DetectDuplicateConstraintsWithDifferentEnforcements] 
  1.87e-04s  0.00e+00d  [DetectDuplicateConstraintsWithDifferentEnforcements] 
  1.57e-02s  3.40e-02d  [Probe] #probed=1'530 #new_binary_clauses=14'907 
  1.57e-02s  3.40e-02d  [Probe] #probed=1'530 #new_binary_clauses=14'907 
  2.70e-03s  1.75e-02d  [MaxClique] Merged 568 constraints with 1'136 literals into 200 constraints with 780 literals
  2.70e-03s  1.75e-02d  [MaxClique] Merged 568 constraints with 1'136 literals into 200 constraints with 780 literals
  4.50e-04s  0.00e+00d  [DetectDominanceRelations] 
  4.50e-04s  0.00e+00d  [DetectDominanceRelations] 
  1.48e-03s  0.00e+00d  [PresolveToFixPoint] #num_loops=1 #num_dual_strengthening=1 
  1.48e-03s  0.00e+00d  [PresolveToFixPoint] #num_loops=1 #num_dual_strengthening=1 
  2.03e-04s  0.00e+00d  [ProcessAtMostOneAndLinear] 
  2.03e-04s  0.00e+00d  [ProcessAtMostOneAndLinear] 
  1.73e-04s  0.00e+00d  [DetectDuplicateConstraints] 
  1.73e-04s  0.00e+00d  [DetectDuplicateConstraints] 
  1.67e-04s  0.00e+00d  [DetectDuplicateConstraintsWithDifferentEnforcements] 
  1.67e-04s  0.00e+00d  [DetectDuplicateConstraintsWithDifferentEnforcements] 
  8.19e-06s  0.00e+00d  [DetectDominatedLinearConstraints] #relevant_constraints=1 
  8.19e-06s  0.00e+00d  [DetectDominatedLinearConstraints] #relevant_constraints=1 
  6.69e-06s  0.00e+00d  [DetectDifferentVariables] 
  6.69e-06s  0.00e+00d  [DetectDifferentVariables] 
  6.63e-04s  8.08e-05d  [ProcessSetPPC] #relevant_constraints=806 #num_inclusions=57 
  6.63e-04s  8.08e-05d  [ProcessSetPPC] #relevant_constraints=806 #num_inclusions=57 
  1.18e-04s  2.03e-05d  [TransformClausesToExactlyOne] #num_amos=151 #num_clauses=441 #num_checked=441 
  1.18e-04s  2.03e-05d  [TransformClausesToExactlyOne] #num_amos=151 #num_clauses=441 #num_checked=441 
  7.37e-06s  0.00e+00d  [DetectEncodedComplexDomains] 
  7.37e-06s  0.00e+00d  [DetectEncodedComplexDomains] 
  5.71e-06s  0.00e+00d  [FindAlmostIdenticalLinearConstraints] 
  5.71e-06s  0.00e+00d  [FindAlmostIdenticalLinearConstraints] 
  1.26e-03s  1.99e-03d  [FindBigAtMostOneAndLinearOverlap] 
  1.26e-03s  1.99e-03d  [FindBigAtMostOneAndLinearOverlap] 
  1.64e-04s  4.71e-04d  [FindBigVerticalLinearOverlap] 
  1.64e-04s  4.71e-04d  [FindBigVerticalLinearOverlap] 
  1.01e-05s  1.43e-06d  [FindBigHorizontalLinearOverlap] #linears=1 
  1.01e-05s  1.43e-06d  [FindBigHorizontalLinearOverlap] #linears=1 
  1.22e-04s  1.09e-05d  [MergeClauses] #num_collisions=120 #num_merges=120 #num_saved_literals=450 
  1.22e-04s  1.09e-05d  [MergeClauses] #num_collisions=120 #num_merges=120 #num_saved_literals=450 
  5.93e-04s  0.00e+00d  [DetectDominanceRelations] 
  5.93e-04s  0.00e+00d  [DetectDominanceRelations] 
  4.00e-04s  0.00e+00d  [DetectDominanceRelations] 
  4.00e-04s  0.00e+00d  [DetectDominanceRelations] 
  2.39e-03s  0.00e+00d  [PresolveToFixPoint] #num_loops=2 #num_dual_strengthening=2 
  2.39e-03s  0.00e+00d  [PresolveToFixPoint] #num_loops=2 #num_dual_strengthening=2 
  3.88e-04s  0.00e+00d  [DetectDominanceRelations] 
  3.88e-04s  0.00e+00d  [DetectDominanceRelations] 
  1.13e-03s  0.00e+00d  [PresolveToFixPoint] #num_loops=1 #num_dual_strengthening=1 
  1.13e-03s  0.00e+00d  [PresolveToFixPoint] #num_loops=1 #num_dual_strengthening=1 
  1.81e-04s  0.00e+00d  [DetectDuplicateColumns] 
  1.81e-04s  0.00e+00d  [DetectDuplicateColumns] 
  1.71e-04s  0.00e+00d  [DetectDuplicateConstraints] 
  1.71e-04s  0.00e+00d  [DetectDuplicateConstraints] 
[Symmetry] Graph for symmetry has 2'021 nodes and 11'776 arcs.
[Symmetry] Graph for symmetry has 2'021 nodes and 11'776 arcs.
[Symmetry] Symmetry computation done. time: 0.000393814 dtime: 0.00082067
[Symmetry] Symmetry computation done. time: 0.000393814 dtime: 0.00082067
[SAT presolve] num removable Booleans: 0 / 659
[SAT presolve] num removable Booleans: 0 / 659
[SAT presolve] num trivial clauses: 0
[SAT presolve] num trivial clauses: 0
[SAT presolve] [0s] clauses:484 literals:2'197 vars:541 one_side_vars:540 simple_definition:1 singleton_clauses:0
[SAT presolve] [0s] clauses:484 literals:2'197 vars:541 one_side_vars:540 simple_definition:1 singleton_clauses:0
[SAT presolve] [5.6043e-05s] clauses:484 literals:2'197 vars:541 one_side_vars:540 simple_definition:1 singleton_clauses:0
[SAT presolve] [5.6043e-05s] clauses:484 literals:2'197 vars:541 one_side_vars:540 simple_definition:1 singleton_clauses:0
[SAT presolve] [0.000101745s] clauses:484 literals:2'197 vars:541 one_side_vars:540 simple_definition:1 singleton_clauses:0
[SAT presolve] [0.000101745s] clauses:484 literals:2'197 vars:541 one_side_vars:540 simple_definition:1 singleton_clauses:0
  1.84e-04s  0.00e+00d  [DetectDuplicateConstraintsWithDifferentEnforcements] 
  1.84e-04s  0.00e+00d  [DetectDuplicateConstraintsWithDifferentEnforcements] 
  1.33e-02s  2.72e-02d  [Probe] #probed=1'498 #new_binary_clauses=7'938 
  1.33e-02s  2.72e-02d  [Probe] #probed=1'498 #new_binary_clauses=7'938 
  1.64e-03s  9.79e-03d  [MaxClique] Merged 151 constraints with 567 literals into 149 constraints with 563 literals
  1.64e-03s  9.79e-03d  [MaxClique] Merged 151 constraints with 567 literals into 149 constraints with 563 literals
  3.39e-04s  0.00e+00d  [DetectDominanceRelations] 
  3.39e-04s  0.00e+00d  [DetectDominanceRelations] 
  1.11e-03s  0.00e+00d  [PresolveToFixPoint] #num_loops=1 #num_dual_strengthening=1 
  1.11e-03s  0.00e+00d  [PresolveToFixPoint] #num_loops=1 #num_dual_strengthening=1 
  1.83e-04s  0.00e+00d  [ProcessAtMostOneAndLinear] 
  1.83e-04s  0.00e+00d  [ProcessAtMostOneAndLinear] 
  1.69e-04s  0.00e+00d  [DetectDuplicateConstraints] 
  1.69e-04s  0.00e+00d  [DetectDuplicateConstraints] 
  1.63e-04s  0.00e+00d  [DetectDuplicateConstraintsWithDifferentEnforcements] 
  1.63e-04s  0.00e+00d  [DetectDuplicateConstraintsWithDifferentEnforcements] 
  8.88e-06s  0.00e+00d  [DetectDominatedLinearConstraints] #relevant_constraints=1 
  8.88e-06s  0.00e+00d  [DetectDominatedLinearConstraints] #relevant_constraints=1 
  7.34e-06s  0.00e+00d  [DetectDifferentVariables] 
  7.34e-06s  0.00e+00d  [DetectDifferentVariables] 
  5.68e-04s  6.84e-05d  [ProcessSetPPC] #relevant_constraints=739 #num_inclusions=6 
  5.68e-04s  6.84e-05d  [ProcessSetPPC] #relevant_constraints=739 #num_inclusions=6 
  1.13e-04s  1.93e-05d  [TransformClausesToExactlyOne] #num_amos=149 #num_clauses=425 #num_checked=425 
  1.13e-04s  1.93e-05d  [TransformClausesToExactlyOne] #num_amos=149 #num_clauses=425 #num_checked=425 
  7.27e-06s  0.00e+00d  [DetectEncodedComplexDomains] 
  7.27e-06s  0.00e+00d  [DetectEncodedComplexDomains] 
  6.23e-06s  0.00e+00d  [FindAlmostIdenticalLinearConstraints] 
  6.23e-06s  0.00e+00d  [FindAlmostIdenticalLinearConstraints] 
  1.20e-03s  1.90e-03d  [FindBigAtMostOneAndLinearOverlap] 
  1.20e-03s  1.90e-03d  [FindBigAtMostOneAndLinearOverlap] 
  1.60e-04s  4.38e-04d  [FindBigVerticalLinearOverlap] 
  1.60e-04s  4.38e-04d  [FindBigVerticalLinearOverlap] 
  7.99e-06s  1.38e-06d  [FindBigHorizontalLinearOverlap] #linears=1 
  7.99e-06s  1.38e-06d  [FindBigHorizontalLinearOverlap] #linears=1 
  1.07e-04s  1.04e-05d  [MergeClauses] #num_collisions=111 #num_merges=111 #num_saved_literals=407 
  1.07e-04s  1.04e-05d  [MergeClauses] #num_collisions=111 #num_merges=111 #num_saved_literals=407 
  3.34e-04s  0.00e+00d  [DetectDominanceRelations] 
  3.34e-04s  0.00e+00d  [DetectDominanceRelations] 
  1.08e-03s  0.00e+00d  [PresolveToFixPoint] #num_loops=1 #num_dual_strengthening=1 
  1.08e-03s  0.00e+00d  [PresolveToFixPoint] #num_loops=1 #num_dual_strengthening=1 
  5.07e-06s  0.00e+00d  [MergeNoOverlap] 
  5.07e-06s  0.00e+00d  [MergeNoOverlap] 
  5.81e-06s  0.00e+00d  [MergeNoOverlap2D] 
  5.81e-06s  0.00e+00d  [MergeNoOverlap2D] 
  3.12e-03s  0.00e+00d  [ExpandObjective] #entries=604'834 #tight_variables=8'616 #tight_constraints=164 #expands=37 
  3.12e-03s  0.00e+00d  [ExpandObjective] #entries=604'834 #tight_variables=8'616 #tight_constraints=164 #expands=37 


Presolve summary:
Presolve summary:
  - 10 affine relations were detected.
  - 10 affine relations were detected.
  - rule 'TODO dual: only one blocking constraint?' was applied 1'927 times.
  - rule 'TODO dual: only one blocking constraint?' was applied 1'927 times.
  - rule 'TODO linear matrix: reuse exo constraint' was applied 2 times.
  - rule 'TODO linear matrix: reuse exo constraint' was applied 2 times.
  - rule 'affine: new relation' was applied 10 times.
  - rule 'affine: new relation' was applied 10 times.
  - rule 'at_most_one: removed literals' was applied 38 times.
  - rule 'at_most_one: removed literals' was applied 38 times.
  - rule 'at_most_one: resolved two constraints with opposite literal' was applied 69 times.
  - rule 'at_most_one: resolved two constraints with opposite literal' was applied 69 times.
  - rule 'at_most_one: transformed into max clique' was applied 3 times.
  - rule 'at_most_one: transformed into max clique' was applied 3 times.
  - rule 'bool_and: fixed literals' was applied 9 times.
  - rule 'bool_and: fixed literals' was applied 9 times.
  - rule 'bool_or: always true' was applied 7 times.
  - rule 'bool_or: always true' was applied 7 times.
  - rule 'bool_or: implications' was applied 569 times.
  - rule 'bool_or: implications' was applied 569 times.
  - rule 'domination: in exactly one' was applied 16 times.
  - rule 'domination: in exactly one' was applied 16 times.
  - rule 'exactly_one: removed literals' was applied 153 times.
  - rule 'exactly_one: removed literals' was applied 153 times.
  - rule 'exactly_one: singleton' was applied 11 times.
  - rule 'exactly_one: singleton' was applied 11 times.
  - rule 'exactly_one: size two' was applied 2 times.
  - rule 'exactly_one: size two' was applied 2 times.
  - rule 'linear matrix: common amo rectangle' was applied 2 times.
  - rule 'linear matrix: common amo rectangle' was applied 2 times.
  - rule 'linear: fixed or dup variables' was applied 2 times.
  - rule 'linear: fixed or dup variables' was applied 2 times.
  - rule 'linear: positive equal one' was applied 244 times.
  - rule 'linear: positive equal one' was applied 244 times.
  - rule 'linear: remapped using affine relations' was applied 1 time.
  - rule 'linear: remapped using affine relations' was applied 1 time.
  - rule 'new_bool: with clause' was applied 2 times.
  - rule 'new_bool: with clause' was applied 2 times.
  - rule 'objective: expanded via tight equality' was applied 37 times.
  - rule 'objective: expanded via tight equality' was applied 37 times.
  - rule 'objective: shifted cost with exactly ones' was applied 15 times.
  - rule 'objective: shifted cost with exactly ones' was applied 15 times.
  - rule 'presolve: 55 unused variables removed.' was applied 1 time.
  - rule 'presolve: 55 unused variables removed.' was applied 1 time.
  - rule 'presolve: iteration' was applied 3 times.
  - rule 'presolve: iteration' was applied 3 times.
  - rule 'probing: bool_or reduced to implication' was applied 565 times.
  - rule 'probing: bool_or reduced to implication' was applied 565 times.
  - rule 'probing: simplified clauses' was applied 202 times.
  - rule 'probing: simplified clauses' was applied 202 times.
  - rule 'setppc: removed dominated constraints' was applied 118 times.
  - rule 'setppc: removed dominated constraints' was applied 118 times.
  - rule 'symmetry: added orbit symmetry breaking implications' was applied 1 time.
  - rule 'symmetry: added orbit symmetry breaking implications' was applied 1 time.
  - rule 'symmetry: fixed to false in general orbit' was applied 39 times.
  - rule 'symmetry: fixed to false in general orbit' was applied 39 times.


Presolved optimization model '': (model_fingerprint: 0xba003aaf297b7009)
#Variables: 659 (#bools: 465 in objective) (606 primary variables)
  - 659 Booleans in [0,1]
#kAtMostOne: 92 (#literals: 449)
#kBoolAnd: 52 (#enforced: 52) (#literals: 109)
#kBoolAndClauses: 110 (#enforced: 110 #multi: 110) (#literals: 625)
#kBoolOr: 204 (#literals: 1'047)
#kExactlyOne: 164 (#literals: 8'616)
#kLinearN: 1 (#terms: 275)
Presolved optimization model '': (model_fingerprint: 0xba003aaf297b7009)
#Variables: 659 (#bools: 465 in objective) (606 primary variables)
  - 659 Booleans in [0,1]
#kAtMostOne: 92 (#literals: 449)
#kBoolAnd: 52 (#enforced: 52) (#literals: 109)
#kBoolAndClauses: 110 (#enforced: 110 #multi: 110) (#literals: 625)
#kBoolOr: 204 (#literals: 1'047)
#kExactlyOne: 164 (#literals: 8'616)
#kLinearN: 1 (#terms: 275)
[Symmetry] Graph for symmetry has 1'871 nodes and 11'767 arcs.
[Symmetry] Graph for symmetry has 1'871 nodes and 11'767 arcs.
[Symmetry] Symmetry computation done. time: 0.000391066 dtime: 0.00078794
[Symmetry] Symmetry computation done. time: 0.000391066 dtime: 0.00078794


Preloading model.
Preloading model.
#Bound   0.11s best:-inf  next:[-0,61]    initial_domain
#Bound   0.11s best:-inf  next:[-0,61]    initial_domain
#Model   0.11s var:659/659 constraints:623/623
#Model   0.11s var:659/659 constraints:623/623


Starting search at 0.12s with 4 workers.
Starting search at 0.12s with 4 workers.
3 full problem subsolvers: [core, default_lp, no_lp]
3 full problem subsolvers: [core, default_lp, no_lp]
1 first solution subsolver: [fj]
1 first solution subsolver: [fj]
9 interleaved subsolvers: [feasibility_pump, graph_arc_lns, graph_cst_lns, graph_dec_lns, graph_var_lns, ls, rins/rens, rnd_cst_lns, rnd_var_lns]
9 interleaved subsolvers: [feasibility_pump, graph_arc_lns, graph_cst_lns, graph_dec_lns, graph_var_lns, ls, rins/rens, rnd_cst_lns, rnd_var_lns]
3 helper subsolvers: [neighborhood_helper, synchronization_agent, update_gap_integral]
3 helper subsolvers: [neighborhood_helper, synchronization_agent, update_gap_integral]


#1       0.13s best:16    next:[17,61]    fj_restart(batch:1 lin{mvs:118 evals:603} #w_updates:14 #perturb:0)
#1       0.13s best:16    next:[17,61]    fj_restart(batch:1 lin{mvs:118 evals:603} #w_updates:14 #perturb:0)
#2       0.13s best:24    next:[25,61]    no_lp
#2       0.13s best:24    next:[25,61]    no_lp
#3       0.14s best:25    next:[26,61]    ls_restart_decay(batch:1 lin{mvs:727 evals:657} #w_updates:125 #perturb:0)
#3       0.14s best:25    next:[26,61]    ls_restart_decay(batch:1 lin{mvs:727 evals:657} #w_updates:125 #perturb:0)
#Bound   0.16s best:25    next:[26,39]    default_lp
#Bound   0.16s best:25    next:[26,39]    default_lp
#Bound   0.16s best:25    next:[26,35]    default_lp
#Bound   0.16s best:25    next:[26,35]    default_lp
#4       0.18s best:28    next:[29,35]    rins_pump_lns (d=5.00e-01 s=19 t=0.10 p=0.00 stall=0 h=base)
#4       0.18s best:28    next:[29,35]    rins_pump_lns (d=5.00e-01 s=19 t=0.10 p=0.00 stall=0 h=base)
#Model   0.18s var:643/659 constraints:619/623
#Model   0.18s var:643/659 constraints:619/623
#Model   0.22s var:581/659 constraints:583/623
#Model   0.22s var:581/659 constraints:583/623
#Model   0.24s var:578/659 constraints:580/623
#Model   0.24s var:578/659 constraints:580/623
#5       0.27s best:29    next:[30,35]    graph_arc_lns (d=8.14e-01 s=24 t=0.10 p=1.00 stall=2 h=base)
#5       0.27s best:29    next:[30,35]    graph_arc_lns (d=8.14e-01 s=24 t=0.10 p=1.00 stall=2 h=base)
#Model   0.27s var:576/659 constraints:579/623
#Model   0.27s var:576/659 constraints:579/623
#Model   0.27s var:551/659 constraints:562/623
#Model   0.27s var:551/659 constraints:562/623
#Model   0.29s var:548/659 constraints:558/623
#Model   0.29s var:548/659 constraints:558/623
#Bound   0.34s best:29    next:[30,33]    bool_core (num_cores=14 [size:37 mw:2 amo:3 lit:34 d:5] a=172 d=5 fixed=212/691 clauses=725)
#Bound   0.34s best:29    next:[30,33]    bool_core (num_cores=14 [size:37 mw:2 amo:3 lit:34 d:5] a=172 d=5 fixed=212/691 clauses=725)
#Model   0.35s var:447/659 constraints:476/623
#Model   0.35s var:447/659 constraints:476/623
#Model   0.35s var:446/659 constraints:474/623
#Model   0.35s var:446/659 constraints:474/623
#Bound   0.35s best:29    next:[30,31]    bool_core (num_cores=15 [size:23 mw:2 exo] a=83 d=5 fixed=299/701 clauses=1'032)
#Bound   0.35s best:29    next:[30,31]    bool_core (num_cores=15 [size:23 mw:2 exo] a=83 d=5 fixed=299/701 clauses=1'032)
#Model   0.36s var:361/659 constraints:417/623
#Model   0.36s var:361/659 constraints:417/623
#Bound   0.36s best:29    next:[30,30]    bool_core (num_cores=16 [size:12 mw:1 exo] a=0 d=5 fixed=379/701 clauses=1'077)
#Bound   0.36s best:29    next:[30,30]    bool_core (num_cores=16 [size:12 mw:1 exo] a=0 d=5 fixed=379/701 clauses=1'077)
#Model   0.36s var:284/659 constraints:339/623
#Model   0.36s var:284/659 constraints:339/623
#Done    0.36s core
#Done    0.36s core


Task timing                   n [     min,      max]      avg      dev     time         n [     min,      max]      avg      dev    dtime
              'core':         1 [242.56ms, 242.56ms] 242.56ms   0.00ns 242.56ms         2 [ 32.76ms, 288.42ms] 160.59ms 127.83ms 321.18ms
        'default_lp':         1 [243.02ms, 243.02ms] 243.02ms   0.00ns 243.02ms         2 [ 32.83ms, 172.05ms] 102.44ms  69.61ms 204.88ms
  'feasibility_pump':         3 [110.55us,  13.91ms]   4.99ms   6.31ms  14.98ms         2 [ 69.82us, 464.17us] 266.99us 197.18us 533.99us
                'fj':         1 [  1.30ms,   1.30ms]   1.30ms   0.00ns   1.30ms         1 [  1.56ms,   1.56ms]   1.56ms   0.00ns   1.56ms
     'graph_arc_lns':         4 [639.55us,  27.09ms]   7.90ms  11.10ms  31.61ms         3 [ 10.00ns,  26.69ms]   8.91ms  12.57ms  26.73ms
     'graph_cst_lns':         3 [  1.48ms,   3.34ms]   2.39ms 762.84us   7.16ms         3 [ 10.00ns,  37.87us]  12.80us  17.72us  38.41us
     'graph_dec_lns':         3 [  2.08ms,   4.73ms]   3.35ms   1.09ms  10.04ms         3 [ 10.00ns,  64.02us]  22.14us  29.63us  66.43us
     'graph_var_lns':         4 [429.47us,  11.25ms]   3.69ms   4.39ms  14.77ms         3 [ 10.00ns,   6.38ms]   2.13ms   3.01ms   6.38ms
                'ls':         3 [  3.03ms,  55.72ms]  34.59ms  22.74ms 103.76ms         3 [  5.68ms, 100.03ms]  68.57ms  44.47ms 205.71ms
             'no_lp':         1 [242.91ms, 242.91ms] 242.91ms   0.00ns 242.91ms         2 [ 32.77ms, 329.55ms] 181.16ms 148.39ms 362.32ms
         'rins/rens':         2 [ 12.24ms,  18.92ms]  15.58ms   3.34ms  31.16ms         2 [  6.24ms,  13.81ms]  10.03ms   3.78ms  20.05ms
       'rnd_cst_lns':         4 [  1.60ms,   4.49ms]   2.65ms   1.17ms  10.58ms         4 [ 10.00ns, 240.61us]  60.78us 103.83us 243.13us
       'rnd_var_lns':         4 [  1.52ms,   5.63ms]   3.40ms   1.55ms  13.60ms         4 [ 10.00ns, 297.45us] 129.59us 132.11us 518.38us

Task timing                   n [     min,      max]      avg      dev     time         n [     min,      max]      avg      dev    dtime
              'core':         1 [242.56ms, 242.56ms] 242.56ms   0.00ns 242.56ms         2 [ 32.76ms, 288.42ms] 160.59ms 127.83ms 321.18ms
        'default_lp':         1 [243.02ms, 243.02ms] 243.02ms   0.00ns 243.02ms         2 [ 32.83ms, 172.05ms] 102.44ms  69.61ms 204.88ms
  'feasibility_pump':         3 [110.55us,  13.91ms]   4.99ms   6.31ms  14.98ms         2 [ 69.82us, 464.17us] 266.99us 197.18us 533.99us
                'fj':         1 [  1.30ms,   1.30ms]   1.30ms   0.00ns   1.30ms         1 [  1.56ms,   1.56ms]   1.56ms   0.00ns   1.56ms
     'graph_arc_lns':         4 [639.55us,  27.09ms]   7.90ms  11.10ms  31.61ms         3 [ 10.00ns,  26.69ms]   8.91ms  12.57ms  26.73ms
     'graph_cst_lns':         3 [  1.48ms,   3.34ms]   2.39ms 762.84us   7.16ms         3 [ 10.00ns,  37.87us]  12.80us  17.72us  38.41us
     'graph_dec_lns':         3 [  2.08ms,   4.73ms]   3.35ms   1.09ms  10.04ms         3 [ 10.00ns,  64.02us]  22.14us  29.63us  66.43us
     'graph_var_lns':         4 [429.47us,  11.25ms]   3.69ms   4.39ms  14.77ms         3 [ 10.00ns,   6.38ms]   2.13ms   3.01ms   6.38ms
                'ls':         3 [  3.03ms,  55.72ms]  34.59ms  22.74ms 103.76ms         3 [  5.68ms, 100.03ms]  68.57ms  44.47ms 205.71ms
             'no_lp':         1 [242.91ms, 242.91ms] 242.91ms   0.00ns 242.91ms         2 [ 32.77ms, 329.55ms] 181.16ms 148.39ms 362.32ms
         'rins/rens':         2 [ 12.24ms,  18.92ms]  15.58ms   3.34ms  31.16ms         2 [  6.24ms,  13.81ms]  10.03ms   3.78ms  20.05ms
       'rnd_cst_lns':         4 [  1.60ms,   4.49ms]   2.65ms   1.17ms  10.58ms         4 [ 10.00ns, 240.61us]  60.78us 103.83us 243.13us
       'rnd_var_lns':         4 [  1.52ms,   5.63ms]   3.40ms   1.55ms  13.60ms         4 [ 10.00ns, 297.45us] 129.59us 132.11us 518.38us

Search stats     Bools  Conflicts  Branches  Restarts  BacktrackToRoot  Backtrack  BoolPropag  IntegerPropag
        'core':    701        711    85'861         7            4'245      6'556   1'001'415      1'111'806
  'default_lp':    659        930    23'221         7            2'880      4'584     548'843        584'601
       'no_lp':    659      3'874    39'420        26            2'919      7'600     858'720        862'420

Search stats     Bools  Conflicts  Branches  Restarts  BacktrackToRoot  Backtrack  BoolPropag  IntegerPropag
        'core':    701        711    85'861         7            4'245      6'556   1'001'415      1'111'806
  'default_lp':    659        930    23'221         7            2'880      4'584     548'843        584'601
       'no_lp':    659      3'874    39'420        26            2'919      7'600     858'720        862'420

SAT formula      Fixed  Equiv  Total  VarLeft  BinaryClauses  PermanentClauses  TemporaryClauses
        'core':    517      0    701      184          2'258               531                74
  'default_lp':    213      0    659      446          7'706               693               412
       'no_lp':    212      0    659      447          9'504               701             2'940

SAT formula      Fixed  Equiv  Total  VarLeft  BinaryClauses  PermanentClauses  TemporaryClauses
        'core':    517      0    701      184          2'258               531                74
  'default_lp':    213      0    659      446          7'706               693               412
       'no_lp':    212      0    659      447          9'504               701             2'940

SAT stats        ClassicMinim  LitRemoved  LitRemovedBinary  LitLearned  LitForgotten  Subsumed
        'core':           250       1'936             8'317      17'212             0       154
  'default_lp':           552       4'857            18'980      28'366             0       149
       'no_lp':         2'994      46'139           111'639     193'789             0       598

SAT stats        ClassicMinim  LitRemoved  LitRemovedBinary  LitLearned  LitForgotten  Subsumed
        'core':           250       1'936             8'317      17'212             0       154
  'default_lp':           552       4'857            18'980      28'366             0       149
       'no_lp':         2'994      46'139           111'639     193'789             0       598

Vivification     Clauses  Decisions  LitTrue  Subsumed  LitRemoved  DecisionReused  Conflicts
        'core':    1'142     17'177        0       163       4'471             331         11
  'default_lp':    1'087     15'886        0       152       4'347             161         18
       'no_lp':    1'117     17'210        0       154       4'166             190         18

Vivification     Clauses  Decisions  LitTrue  Subsumed  LitRemoved  DecisionReused  Conflicts
        'core':    1'142     17'177        0       163       4'471             331         11
  'default_lp':    1'087     15'886        0       152       4'347             161         18
       'no_lp':    1'117     17'210        0       154       4'166             190         18

Clause deletion    at_true  l_and_not(l)  to_binary  sub_conflict  sub_extra  sub_decisions  sub_eager  sub_vivify  sub_probing  sub_inpro  blocked  eliminated  forgotten  promoted  conflicts
          'core':      309             0         16           142          4             27         12         163           35          0        0           0          0       746        711
    'default_lp':        6             0          0           133          7             21         16         152           35          0        0           0          0     1'344        930
         'no_lp':        0             0          0           554         33              0         44         154           35          0        0           0          0     8'092      3'874

Clause deletion    at_true  l_and_not(l)  to_binary  sub_conflict  sub_extra  sub_decisions  sub_eager  sub_vivify  sub_probing  sub_inpro  blocked  eliminated  forgotten  promoted  conflicts
          'core':      309             0         16           142          4             27         12         163           35          0        0           0          0       746        711
    'default_lp':        6             0          0           133          7             21         16         152           35          0        0           0          0     1'344        930
         'no_lp':        0             0          0           554         33              0         44         154           35          0        0           0          0     8'092      3'874

Lp stats         Component  Iterations  AddedCuts  OPTIMAL  DUAL_F.  DUAL_U.
  'default_lp':          1       1'850          0    1'509        0        0

Lp stats         Component  Iterations  AddedCuts  OPTIMAL  DUAL_F.  DUAL_U.
  'default_lp':          1       1'850          0    1'509        0        0

Lp dimension     Final dimension of first component
  'default_lp':  48 rows, 532 columns, 1157 entries

Lp dimension     Final dimension of first component
  'default_lp':  48 rows, 532 columns, 1157 entries

Lp debug         CutPropag  CutEqPropag  Adjust  Overflow  Bad  BadScaling
  'default_lp':          0            0   1'327         0    0           0

Lp debug         CutPropag  CutEqPropag  Adjust  Overflow  Bad  BadScaling
  'default_lp':          0            0   1'327         0    0           0

Lp pool          Constraints  Updates  Simplif  Merged  Shortened  Split  Strengthened  Cuts/Call
  'default_lp':          255        0      883       0        883      0             0        0/0

Lp pool          Constraints  Updates  Simplif  Merged  Shortened  Split  Strengthened  Cuts/Call
  'default_lp':          255        0      883       0        883      0             0        0/0

LNS stats           Improv/Calls  Closed  Difficulty  TimeLimit
  'graph_arc_lns':           1/3    100%    8.76e-01       0.10
  'graph_cst_lns':           0/3    100%    8.76e-01       0.10
  'graph_dec_lns':           0/3    100%    8.76e-01       0.10
  'graph_var_lns':           1/4    100%    9.14e-01       0.10
      'rins/rens':           1/2    100%    8.14e-01       0.10
    'rnd_cst_lns':           0/4    100%    9.14e-01       0.10
    'rnd_var_lns':           0/4    100%    9.14e-01       0.10

LNS stats           Improv/Calls  Closed  Difficulty  TimeLimit
  'graph_arc_lns':           1/3    100%    8.76e-01       0.10
  'graph_cst_lns':           0/3    100%    8.76e-01       0.10
  'graph_dec_lns':           0/3    100%    8.76e-01       0.10
  'graph_var_lns':           1/4    100%    9.14e-01       0.10
      'rins/rens':           1/2    100%    8.14e-01       0.10
    'rnd_cst_lns':           0/4    100%    9.14e-01       0.10
    'rnd_var_lns':           0/4    100%    9.14e-01       0.10

LS stats                 Batches  Restarts/Perturbs  LinMoves  GenMoves  CompoundMoves  Bactracks  WeightUpdates  ScoreComputed
          'fj_restart':        1                  1       118         0              0          0             14            603
    'ls_restart_decay':        2                  2    16'744         0              0          0          1'647          3'229
  'ls_restart_perturb':        1                  1    10'000         0              0          0         13'806            548

LS stats                 Batches  Restarts/Perturbs  LinMoves  GenMoves  CompoundMoves  Bactracks  WeightUpdates  ScoreComputed
          'fj_restart':        1                  1       118         0              0          0             14            603
    'ls_restart_decay':        2                  2    16'744         0              0          0          1'647          3'229
  'ls_restart_perturb':        1                  1    10'000         0              0          0         13'806            548

Solutions (5)          Num   Rank
        'fj_restart':    2  [0,1]
     'graph_arc_lns':    2  [4,5]
  'ls_restart_decay':    2  [2,3]
             'no_lp':    2  [1,2]
     'rins_pump_lns':    2  [3,4]

Solutions (5)          Num   Rank
        'fj_restart':    2  [0,1]
     'graph_arc_lns':    2  [4,5]
  'ls_restart_decay':    2  [2,3]
             'no_lp':    2  [1,2]
     'rins_pump_lns':    2  [3,4]

Objective bounds     Num
       'bool_core':    3
      'default_lp':    2
  'initial_domain':    1

Objective bounds     Num
       'bool_core':    3
      'default_lp':    2
  'initial_domain':    1

Solution repositories    Added  Queried  Synchro
    'alternative_path':      1        0        1
      'best_solutions':     23       29       16
   'fj solution hints':      0        0        0
        'lp solutions':      0        0        0
                'pump':      2        2

Solution repositories    Added  Queried  Synchro
    'alternative_path':      1        0        1
      'best_solutions':     23       29       16
   'fj solution hints':      0        0        0
        'lp solutions':      0        0        0
                'pump':      2        2

Improving bounds shared    Num  Sym
                  'core':  243    0
            'default_lp':  138    0

Improving bounds shared    Num  Sym
                  'core':  243    0
            'default_lp':  138    0

Clauses shared    #Exported  #Imported  #BinaryRead  #BinaryTotal
         'core':         13          0        1'032         1'032
   'default_lp':        158          0        1'021         1'032
        'no_lp':        861          0        1'020         1'032

Clauses shared    #Exported  #Imported  #BinaryRead  #BinaryTotal
         'core':         13          0        1'032         1'032
   'default_lp':        158          0        1'021         1'032
        'no_lp':        861          0        1'020         1'032

LRAT_status: NA
LRAT_status: NA
CpSolverResponse summary:
status: OPTIMAL
objective: 29
best_bound: 29
integers: 555
booleans: 701
conflicts: 711
branches: 85861
propagations: 1001415
integer_propagations: 1111806
restarts: 7
lp_iterations: 0
walltime: 0.360235
usertime: 0.360235
deterministic_time: 1.43008
gap_integral: 0.89626
solution_fingerprint: 0x9a80a997b868857b

CpSolverResponse summary:
status: OPTIMAL
objective: 29
best_bound: 29
integers: 555
booleans: 701
conflicts: 711
branches: 85861
propagations: 1001415
integer_propagations: 1111806
restarts: 7
lp_iterations: 0
walltime: 0.360235
usertime: 0.360235
deterministic_time: 1.43008
gap_integral: 0.89626
solution_fingerprint: 0x9a80a997b868857b

{"name": "cp_wall_max", "wall": true, "cap": 14, "threshold": null, "maximize": true, "n_options": 550, "status": "OPTIMAL", "wall_seconds": 0.40311527252197266, "objective": 29.0, "bound": 29.0, "weighted": 29, "count": 13}
