{"schema": "joint-cp-run-v1", "W": 70, "H": 70, "routes": 325, "machines": 230, "fixed_rectangle": [64, 64, 6, 6], "bridge_restriction": "two used axes; no adjacent bridges", "near_placement_radius": 4, "power_poles": 25, "seed": 1, "workers": 2, "build_seconds": 3.602420647999679, "variables": 183792, "constraints": 464411, "validation": ""}

Starting CP-SAT solver v9.15.6755
Parameters: random_seed: 1 max_time_in_seconds: 1200 log_search_progress: true num_search_workers: 2

Initial optimization model '': (model_fingerprint: 0x1963608ee6970cb5)
#Variables: 183'792 (#bools: 4'900 #ints: 650 in objective) (175'273 primary variables)
  - 108'697 Booleans in [0,1]
  - 401 different domains in [-1,19599] with a largest complexity of 19.
  - 1 constants in {1} 
#kAllDiff: 1
#kBoolAnd: 9'800 (#enforced: 9'800) (#literals: 29'400)
#kBoolOr: 10'055 (#enforced: 9'800) (#literals: 25'375)
#kElement: 650
#kInterval: 10'406 (#enforced: 9'800) (#fixed: 94)
#kLinMax: 650 (#expressions: 1'300)
#kLinear1: 167'616 (#enforced: 166'600)
#kLinear2: 148'332 (#enforced: 99'140) (#complex_domain: 4'900)
#kLinear3: 57'640 (#enforced: 12'340)
#kLinearN: 58'334 (#enforced: 28'560) (#terms: 360'810)
#kNoOverlap2D: 1 (#rectangles: 5'203, #optional: 4'900, #quadratic_areas: 230, #fixed_rectangles: 47)
#kTable: 926

Starting presolve at 0.55s
  3.59e-02s  0.00e+00d  [DetectDominanceRelations] 
  1.94e+00s  4.51e-03d  [PresolveToFixPoint] #num_loops=9 #num_dual_strengthening=3 
  3.78e-03s  0.00e+00d  [ExtractEncodingFromLinear] #potential_supersets=59'535 
  4.22e-02s  0.00e+00d  [DetectDuplicateColumns] 
  5.85e-02s  0.00e+00d  [DetectDuplicateConstraints] #duplicates=9'701 
[Symmetry] Graph for symmetry has 2'985'902 nodes and 4'599'370 arcs.
[Symmetry] Graph too large. Skipping. You can use symmetry_level:3 or more to force it.
[SAT presolve] num removable Booleans: 0 / 549'128
[SAT presolve] num trivial clauses: 0
[SAT presolve] [0s] clauses:70'930 literals:164'870 vars:47'770 one_side_vars:21886 simple_definition:18'594 singleton_clauses:0
[SAT presolve] [0.00256221s] clauses:69'093 literals:153'893 vars:47'770 one_side_vars:21975 simple_definition:19'707 singleton_clauses:0
[SAT presolve] [0.0125244s] clauses:69'093 literals:153'893 vars:47'770 one_side_vars:21975 simple_definition:19'707 singleton_clauses:0
  5.42e-02s  0.00e+00d  [DetectDuplicateConstraintsWithDifferentEnforcements] #without_enforcements=9'572 
  1.46e+00s  1.01e+00d *[Probe] #probed=790 #fixed_bools=374 #new_bounds=58 #new_binary_clauses=3'333 
  6.13e-02s  1.64e-01d  [MaxClique] Merged 109'707 constraints with 291'114 literals into 41'304 constraints with 141'603 literals
  1.09e-01s  0.00e+00d  [DetectDominanceRelations] 
  3.53e+00s  4.95e-03d  [PresolveToFixPoint] #num_loops=7 #num_dual_strengthening=2 
  5.60e-02s  0.00e+00d  [ProcessAtMostOneAndLinear] 
  5.37e-02s  0.00e+00d  [DetectDuplicateConstraints] #duplicates=40 
  4.73e-02s  0.00e+00d  [DetectDuplicateConstraintsWithDifferentEnforcements] #without_enforcements=9'287 
  1.93e-02s  1.20e-03d  [DetectDominatedLinearConstraints] #relevant_constraints=36'977 #num_inclusions=8'687 
  1.77e-02s  0.00e+00d  [DetectDifferentVariables] 
  2.70e-02s  8.29e-02d  [ProcessSetPPC] #relevant_constraints=108'695 #num_inclusions=18'124 
  3.48e-02s  5.57e-04d  [TransformClausesToExactlyOne] #num_amos=45'789 #num_clauses=14'399 #num_checked=14'399 
  6.39e-01s  0.00e+00d  [DetectEncodedComplexDomains] 
  1.42e-02s  2.65e-04d  [FindAlmostIdenticalLinearConstraints] #num_tested_pairs=5'884 
  1.40e-01s  1.00e+00d *[FindBigAtMostOneAndLinearOverlap] 
  5.32e-02s  1.00e+00d *[FindBigVerticalLinearOverlap] 
  1.46e-01s  1.00e+00d *[FindBigHorizontalLinearOverlap] #linears=9'376 
  1.29e-02s  2.24e-04d  [MergeClauses] #num_collisions=1'197 #num_merges=1'197 #num_saved_literals=2'394 
  1.13e-01s  0.00e+00d  [DetectDominanceRelations] 
  2.01e+00s  5.15e-03d  [PresolveToFixPoint] #num_loops=1 #num_dual_strengthening=1 
  1.09e-01s  0.00e+00d  [DetectDominanceRelations] 
  1.88e+00s  5.15e-03d  [PresolveToFixPoint] #num_loops=1 #num_dual_strengthening=1 
  3.29e-02s  0.00e+00d  [DetectDuplicateColumns] 
  4.57e-02s  0.00e+00d  [DetectDuplicateConstraints] 
[Symmetry] Graph for symmetry has 2'928'133 nodes and 4'417'553 arcs.
[Symmetry] Graph too large. Skipping. You can use symmetry_level:3 or more to force it.
[SAT presolve] num removable Booleans: 0 / 548'156
[SAT presolve] num trivial clauses: 0
[SAT presolve] [0s] clauses:37'346 literals:91'086 vars:30'789 one_side_vars:9448 simple_definition:19'805 singleton_clauses:0
[SAT presolve] [0.00148817s] clauses:37'257 literals:90'507 vars:30'789 one_side_vars:9448 simple_definition:19'970 singleton_clauses:0
[SAT presolve] [0.00899983s] clauses:37'257 literals:90'507 vars:30'789 one_side_vars:9448 simple_definition:19'970 singleton_clauses:0
  5.64e-02s  0.00e+00d  [DetectDuplicateConstraintsWithDifferentEnforcements] #without_enforcements=9'045 
  1.40e+00s  1.00e+00d *[Probe] #probed=1'408 #fixed_bools=1 #new_bounds=1 #new_binary_clauses=3'025 
  5.92e-02s  1.49e-01d  [MaxClique] Merged 45'789 constraints with 150'253 literals into 45'778 constraints with 150'238 literals
  1.09e-01s  0.00e+00d  [DetectDominanceRelations] 
  1.88e+00s  5.15e-03d  [PresolveToFixPoint] #num_loops=2 #num_dual_strengthening=1 
  5.99e-02s  0.00e+00d  [ProcessAtMostOneAndLinear] 
  4.58e-02s  0.00e+00d  [DetectDuplicateConstraints] 
  5.77e-02s  0.00e+00d  [DetectDuplicateConstraintsWithDifferentEnforcements] #without_enforcements=9'042 
  2.12e-02s  1.20e-03d  [DetectDominatedLinearConstraints] #relevant_constraints=36'929 #num_inclusions=8'687 
  1.81e-02s  0.00e+00d  [DetectDifferentVariables] 
  3.04e-02s  8.29e-02d  [ProcessSetPPC] #relevant_constraints=113'293 #num_inclusions=22'741 
  3.64e-02s  5.62e-04d  [TransformClausesToExactlyOne] #num_amos=45'783 #num_clauses=14'527 #num_checked=14'527 
  6.37e-01s  0.00e+00d  [DetectEncodedComplexDomains] 
  1.46e-02s  2.65e-04d  [FindAlmostIdenticalLinearConstraints] #num_tested_pairs=5'954 
  1.55e-01s  1.00e+00d *[FindBigAtMostOneAndLinearOverlap] 
  5.32e-02s  1.00e+00d *[FindBigVerticalLinearOverlap] 
  1.47e-01s  1.00e+00d *[FindBigHorizontalLinearOverlap] #linears=9'379 
  1.36e-02s  2.25e-04d  [MergeClauses] #num_collisions=1'355 #num_merges=1'355 #num_saved_literals=2'710 
  1.10e-01s  0.00e+00d  [DetectDominanceRelations] 
  2.00e+00s  5.15e-03d  [PresolveToFixPoint] #num_loops=1 #num_dual_strengthening=1 
  1.10e-01s  0.00e+00d  [DetectDominanceRelations] 
  1.89e+00s  5.15e-03d  [PresolveToFixPoint] #num_loops=1 #num_dual_strengthening=1 
  3.22e-02s  0.00e+00d  [DetectDuplicateColumns] 
  4.70e-02s  0.00e+00d  [DetectDuplicateConstraints] 
[Symmetry] Graph for symmetry has 2'927'867 nodes and 4'416'606 arcs.
[Symmetry] Graph too large. Skipping. You can use symmetry_level:3 or more to force it.
[SAT presolve] num removable Booleans: 0 / 548'155
[SAT presolve] num trivial clauses: 0
[SAT presolve] [0s] clauses:37'331 literals:90'646 vars:30'784 one_side_vars:9446 simple_definition:19'954 singleton_clauses:0
[SAT presolve] [0.00159749s] clauses:37'285 literals:90'508 vars:30'784 one_side_vars:9446 simple_definition:19'970 singleton_clauses:0
[SAT presolve] [0.00914678s] clauses:37'285 literals:90'508 vars:30'784 one_side_vars:9446 simple_definition:19'970 singleton_clauses:0
  5.65e-02s  0.00e+00d  [DetectDuplicateConstraintsWithDifferentEnforcements] #without_enforcements=9'042 
  1.40e+00s  1.01e+00d *[Probe] #probed=1'412 #new_binary_clauses=3'033 
  6.13e-02s  1.49e-01d  [MaxClique] Merged 45'783 constraints with 150'248 literals into 45'781 constraints with 150'244 literals
  1.10e-01s  0.00e+00d  [DetectDominanceRelations] 
  1.89e+00s  5.15e-03d  [PresolveToFixPoint] #num_loops=1 #num_dual_strengthening=1 
  6.19e-02s  0.00e+00d  [ProcessAtMostOneAndLinear] 
  4.28e-02s  0.00e+00d  [DetectDuplicateConstraints] 
  4.90e-02s  0.00e+00d  [DetectDuplicateConstraintsWithDifferentEnforcements] #without_enforcements=9'042 
  2.22e-02s  1.20e-03d  [DetectDominatedLinearConstraints] #relevant_constraints=36'929 #num_inclusions=8'687 
  1.85e-02s  0.00e+00d  [DetectDifferentVariables] 
  3.07e-02s  8.29e-02d  [ProcessSetPPC] #relevant_constraints=113'250 #num_inclusions=22'744 
  3.68e-02s  5.62e-04d  [TransformClausesToExactlyOne] #num_amos=45'783 #num_clauses=14'481 #num_checked=14'481 
  6.34e-01s  0.00e+00d  [DetectEncodedComplexDomains] 
  1.48e-02s  2.61e-04d  [FindAlmostIdenticalLinearConstraints] #num_tested_pairs=5'819 
  1.40e-01s  1.00e+00d *[FindBigAtMostOneAndLinearOverlap] 
  5.34e-02s  1.00e+00d *[FindBigVerticalLinearOverlap] 
  1.48e-01s  1.00e+00d *[FindBigHorizontalLinearOverlap] #linears=9'379 
  1.41e-02s  2.24e-04d  [MergeClauses] #num_collisions=1'351 #num_merges=1'351 #num_saved_literals=2'702 
  1.11e-01s  0.00e+00d  [DetectDominanceRelations] 
  2.00e+00s  5.15e-03d  [PresolveToFixPoint] #num_loops=1 #num_dual_strengthening=1 
  8.07e-03s  0.00e+00d  [MergeNoOverlap] 
  9.65e-02s  0.00e+00d  [MergeNoOverlap2D] 
  2.42e-02s  0.00e+00d  [ExpandObjective] #entries=441'764 #tight_variables=82'017 #tight_constraints=19'298 #expands=4'627 

Presolve summary:
  - 996 affine relations were detected.
  - rule 'TODO dual: make linear1 equiv' was applied 627 times.
  - rule 'TODO dual: only one blocking constraint?' was applied 8'034 times.
  - rule 'TODO dual: only one blocking enforced constraint?' was applied 242 times.
  - rule 'TODO duplicate: skipped identical encoding constraints' was applied 5 times.
  - rule 'TODO interval: same interval with different enforcement?' was applied 53'679 times.
  - rule 'TODO linear2: contains a boolean' was applied 924 times.
  - rule 'TODO linear2: convert ax + by != cte to clauses for large domains' was applied 92'260 times.
  - rule 'affine: new relation' was applied 996 times.
  - rule 'all_diff: empty constraint' was applied 1 time.
  - rule 'all_diff: remove fixed expressions' was applied 1 time.
  - rule 'at_most_one: empty or all false' was applied 885 times.
  - rule 'at_most_one: removed literals' was applied 2'366 times.
  - rule 'at_most_one: satisfied' was applied 1'794 times.
  - rule 'at_most_one: size one' was applied 24 times.
  - rule 'at_most_one: transformed into max clique' was applied 3 times.
  - rule 'bool_and: always false' was applied 600 times.
  - rule 'bool_and: fixed literals' was applied 1 time.
  - rule 'bool_and: setting unused literal in rhs to true' was applied 6 times.
  - rule 'bool_and: x => x' was applied 93 times.
  - rule 'bool_or: always true' was applied 3'863 times.
  - rule 'bool_or: fixed literals' was applied 452 times.
  - rule 'bool_or: implications' was applied 47'304 times.
  - rule 'bool_or: only one literal' was applied 8'307 times.
  - rule 'bool_or: removed enforcement literal' was applied 7'817 times.
  - rule 'bool_or: singleton' was applied 36 times.
  - rule 'deductions: 1480177 stored' was applied 1 time.
  - rule 'dual: enforced equivalence' was applied 89 times.
  - rule 'dual: fix variable' was applied 25 times.
  - rule 'dual: make encoding equiv' was applied 3'876'142 times.
  - rule 'duplicate: merged rhs of linear constraint' was applied 8 times.
  - rule 'duplicate: remapped duplicate intervals' was applied 2 times.
  - rule 'duplicate: removed constraint' was applied 9'741 times.
  - rule 'duplicate: removed enforced constraint' was applied 3 times.
  - rule 'element: expanded' was applied 604 times.
  - rule 'element: fixed index' was applied 46 times.
  - rule 'element: reduced index domain ' was applied 833 times.
  - rule 'enforcement: always false' was applied 372 times.
  - rule 'enforcement: false literal' was applied 18'098 times.
  - rule 'enforcement: literal not used' was applied 46 times.
  - rule 'enforcement: true literal' was applied 6'251 times.
  - rule 'exactly_one: removed literals' was applied 92 times.
  - rule 'exactly_one: satisfied' was applied 246 times.
  - rule 'exactly_one: size two' was applied 46 times.
  - rule 'incompatible linear: add implication' was applied 13'716 times.
  - rule 'intervals: change duplicate index inside constraint' was applied 38 times.
  - rule 'intervals: removed unused interval' was applied 484 times.
  - rule 'lin_max: affine_max target domain reduced' was applied 45 times.
  - rule 'lin_max: converted to equality' was applied 219 times.
  - rule 'lin_max: removed exprs' was applied 195 times.
  - rule 'lin_max: target domain reduced' was applied 1'066 times.
  - rule 'linear + amo: empty after processing' was applied 46 times.
  - rule 'linear + amo: extracted enforcement literal' was applied 184 times.
  - rule 'linear1: always true' was applied 188 times.
  - rule 'linear1: transformed to implication' was applied 5 times.
  - rule 'linear1: x in domain' was applied 1'210 times.
  - rule 'linear2: boolean with one feasible value' was applied 6 times.
  - rule 'linear2: convert ax + by != cte to clauses' was applied 48'830 times.
  - rule 'linear2: convert implied ax + by == cte to clauses' was applied 1 time.
  - rule 'linear2: implied ax + by = cte has only one solution' was applied 13 times.
  - rule 'linear: always true' was applied 12'783 times.
  - rule 'linear: divide by GCD' was applied 11 times.
  - rule 'linear: empty' was applied 7'920 times.
  - rule 'linear: enforcement literal in expression' was applied 640 times.
  - rule 'linear: expanded complex rhs' was applied 4'572 times.
  - rule 'linear: extracted enforcement literal' was applied 14 times.
  - rule 'linear: fixed or dup variables' was applied 62'076 times.
  - rule 'linear: negative at most one' was applied 38'352 times.
  - rule 'linear: never in domain' was applied 1'626 times.
  - rule 'linear: positive at most one' was applied 19'176 times.
  - rule 'linear: positive equal one' was applied 4'910 times.
  - rule 'linear: reduced variable domains' was applied 8'075 times.
  - rule 'linear: remapped using affine relations' was applied 2'745 times.
  - rule 'linear: simplified rhs' was applied 1'311'107 times.
  - rule 'linear: small Boolean expression' was applied 1'977 times.
  - rule 'linear: variable substitution 1' was applied 148 times.
  - rule 'linear: variable substitution 2' was applied 263 times.
  - rule 'new_bool: complex linear expansion' was applied 9'144 times.
  - rule 'new_bool: integer encoding' was applied 441'702 times.
  - rule 'new_bool: table expansion' was applied 10'356 times.
  - rule 'new_bool: var with 2 values' was applied 80 times.
  - rule 'no_overlap_2d: only one box' was applied 1 time.
  - rule 'no_overlap_2d: presolved fixed rectangles' was applied 1 time.
  - rule 'no_overlap_2d: removed inactive boxes' was applied 4 times.
  - rule 'no_overlap_2d: split into disjoint components' was applied 3 times.
  - rule 'objective: expanded via tight equality' was applied 4'627 times.
  - rule 'objective: shifted cost with exactly ones' was applied 4'572 times.
  - rule 'presolve: 18228 unused variables removed.' was applied 1 time.
  - rule 'presolve: iteration' was applied 3 times.
  - rule 'probing: bool_or reduced to implication' was applied 6 times.
  - rule 'probing: simplified clauses' was applied 12 times.
  - rule 'propagators: changed bounds' was applied 89 times.
  - rule 'propagators: fixed booleans' was applied 243 times.
  - rule 'setppc: bool_or in at_most_one' was applied 46 times.
  - rule 'setppc: fixed variables' was applied 92 times.
  - rule 'setppc: removed dominated constraints' was applied 9'140 times.
  - rule 'table: all tuples!' was applied 283 times.
  - rule 'table: expanded positive constraint' was applied 643 times.
  - rule 'table: reduce variable domain' was applied 1'944 times.
  - rule 'table: remove expressions' was applied 92 times.
  - rule 'table: remove tuples' was applied 92 times.
  - rule 'table: reused literals' was applied 39 times.
  - rule 'variables with 2 values: create encoding literal' was applied 80 times.
  - rule 'variables with 2 values: new affine relation' was applied 80 times.
  - rule 'variables: add encoding constraint' was applied 441'702 times.
  - rule 'variables: both boolean and its negation fix the same variable' was applied 184 times.
  - rule 'variables: canonicalize domain' was applied 48 times.
  - rule 'variables: detect fully reified value encoding' was applied 77'827 times.
  - rule 'variables: detect half reified value encoding' was applied 596'766 times.
  - rule 'variables: only used in value and order encodings' was applied 230 times.
  - rule 'variables: removable enforcement literal' was applied 74 times.

Presolved optimization model '': (model_fingerprint: 0xae8c1a50cb4a80a)
#Variables: 625'315 (#bools: 4'572 #ints: 1'028 in objective) (611'835 primary variables)
  - 557'161 Booleans in [0,1]
  - 554 different domains in [-1,19575] with a largest complexity of 27.
#kAtMostOne: 22'979 (#literals: 104'640)
#kBoolAnd: 18'439 (#enforced: 18'439) (#literals: 41'243)
#kBoolAndClauses: 1'351 (#enforced: 1'351 #multi: 1'351) (#literals: 5'404)
#kBoolOr: 16'351 (#literals: 50'510)
#kExactlyOne: 17'686 (#literals: 79'192)
#kInterval: 9'374 (#enforced: 8'905) (#fixed: 7)
#kLinMax: 431 (#expressions: 862)
#kLinear1: 1'467'084 (#enforced: 1'467'084 #multi: 12)
#kLinear2: 86'271 (#enforced: 86'271)
#kLinear3: 1'023
#kLinearN: 35'906 (#enforced: 26'108) (#terms: 263'274)
#kNoOverlap2D: 1 (#rectangles: 4'735, #optional: 4'478, #quadratic_areas: 39, #fixed_rectangles: 26)
[Symmetry] Graph for symmetry has 2'926'306 nodes and 4'443'908 arcs.
[Symmetry] Graph too large. Skipping. You can use symmetry_level:3 or more to force it.

Preloading model.
#Bound  31.22s best:inf   next:[463872,46194949] initial_domain
#Model  31.50s var:625315/625315 constraints:1676896/1676896

Starting search at 31.83s with 2 workers.
1 full problem subsolver: [default_lp]
1 first solution subsolver: [fj]
15 interleaved subsolvers: [feasibility_pump, graph_arc_lns, graph_cst_lns, graph_dec_lns, graph_var_lns, ls, packing_precedences_lns, packing_random_lns, packing_slice_lns, packing_square_lns, packing_swap_lns, rins/rens, rnd_cst_lns, rnd_var_lns, scheduling_precedences_lns]
3 helper subsolvers: [neighborhood_helper, synchronization_agent, update_gap_integral]

#Bound  34.17s best:inf   next:[463873,46194949] default_lp
#Bound  35.54s best:inf   next:[463874,46194949] default_lp
#Bound  35.95s best:inf   next:[463915,46194949] default_lp
#Model  36.00s var:623250/625315 constraints:1670701/1676896
#Model  36.56s var:623190/625315 constraints:1670579/1676896
#Model  36.93s var:623022/625315 constraints:1670242/1676896
#Bound  39.66s best:inf   next:[463926,46194949] default_lp
#Bound  39.68s best:inf   next:[463945,46194949] default_lp
#Bound  46.58s best:inf   next:[464141,46194949] default_lp
#Model  46.90s var:623021/625315 constraints:1670239/1676896
#Bound  60.36s best:inf   next:[20159289,46194949] default_lp
#Model  60.68s var:623020/625315 constraints:1670236/1676896
#Model  61.06s var:623017/625315 constraints:1670230/1676896
#Model  61.53s var:622924/625315 constraints:1670044/1676896
#Model  61.89s var:622906/625315 constraints:1670008/1676896
#Model  62.66s var:622899/625315 constraints:1669994/1676896
#Bound  62.84s best:inf   next:[20879539,46194949] default_lp
#Done   63.83s default_lp

Task timing                             n [     min,      max]      avg      dev     time         n [     min,      max]      avg      dev    dtime
                  'default_lp':         1 [  32.00s,   32.00s]   32.00s   0.00ns   32.00s         2 [   2.94s,   45.35s]   24.15s   21.20s   48.29s
            'feasibility_pump':         1 [   1.69s,    1.69s]    1.69s   0.00ns    1.69s         0 [  0.00ns,   0.00ns]   0.00ns   0.00ns   0.00ns
                          'fj':         2 [358.97ms,   30.50s]   15.43s   15.07s   30.86s         2 [ 43.93ms, 102.41ms]  73.17ms  29.24ms 146.34ms
               'graph_arc_lns':         0 [  0.00ns,   0.00ns]   0.00ns   0.00ns   0.00ns         0 [  0.00ns,   0.00ns]   0.00ns   0.00ns   0.00ns
               'graph_cst_lns':         0 [  0.00ns,   0.00ns]   0.00ns   0.00ns   0.00ns         0 [  0.00ns,   0.00ns]   0.00ns   0.00ns   0.00ns
               'graph_dec_lns':         0 [  0.00ns,   0.00ns]   0.00ns   0.00ns   0.00ns         0 [  0.00ns,   0.00ns]   0.00ns   0.00ns   0.00ns
               'graph_var_lns':         0 [  0.00ns,   0.00ns]   0.00ns   0.00ns   0.00ns         0 [  0.00ns,   0.00ns]   0.00ns   0.00ns   0.00ns
                          'ls':         0 [  0.00ns,   0.00ns]   0.00ns   0.00ns   0.00ns         0 [  0.00ns,   0.00ns]   0.00ns   0.00ns   0.00ns
     'packing_precedences_lns':         0 [  0.00ns,   0.00ns]   0.00ns   0.00ns   0.00ns         0 [  0.00ns,   0.00ns]   0.00ns   0.00ns   0.00ns
          'packing_random_lns':         0 [  0.00ns,   0.00ns]   0.00ns   0.00ns   0.00ns         0 [  0.00ns,   0.00ns]   0.00ns   0.00ns   0.00ns
           'packing_slice_lns':         0 [  0.00ns,   0.00ns]   0.00ns   0.00ns   0.00ns         0 [  0.00ns,   0.00ns]   0.00ns   0.00ns   0.00ns
          'packing_square_lns':         0 [  0.00ns,   0.00ns]   0.00ns   0.00ns   0.00ns         0 [  0.00ns,   0.00ns]   0.00ns   0.00ns   0.00ns
            'packing_swap_lns':         0 [  0.00ns,   0.00ns]   0.00ns   0.00ns   0.00ns         0 [  0.00ns,   0.00ns]   0.00ns   0.00ns   0.00ns
                   'rins/rens':         0 [  0.00ns,   0.00ns]   0.00ns   0.00ns   0.00ns         0 [  0.00ns,   0.00ns]   0.00ns   0.00ns   0.00ns
                 'rnd_cst_lns':         0 [  0.00ns,   0.00ns]   0.00ns   0.00ns   0.00ns         0 [  0.00ns,   0.00ns]   0.00ns   0.00ns   0.00ns
                 'rnd_var_lns':         0 [  0.00ns,   0.00ns]   0.00ns   0.00ns   0.00ns         0 [  0.00ns,   0.00ns]   0.00ns   0.00ns   0.00ns
  'scheduling_precedences_lns':         0 [  0.00ns,   0.00ns]   0.00ns   0.00ns   0.00ns         0 [  0.00ns,   0.00ns]   0.00ns   0.00ns   0.00ns

Search stats         Bools  Conflicts  Branches  Restarts  BacktrackToRoot  Backtrack  BoolPropag  IntegerPropag
  'default_lp':  1'760'957        216     6'153         1            2'170      3'679   5'667'054        448'946

SAT formula      Fixed  Equiv      Total    VarLeft  BinaryClauses  PermanentClauses  TemporaryClauses
  'default_lp':  4'171    731  1'760'957  1'756'055      6'124'704           496'306                 0

SAT stats        ClassicMinim  LitRemoved  LitRemovedBinary  LitLearned  LitForgotten  Subsumed
  'default_lp':            52         140               215         487             0         5

Vivification     Clauses  Decisions  LitTrue  Subsumed  LitRemoved  DecisionReused  Conflicts
  'default_lp':    1'596      3'193        0         9          41              10          0

Clause deletion    at_true  l_and_not(l)  to_binary  sub_conflict  sub_extra  sub_decisions  sub_eager  sub_vivify  sub_probing  sub_inpro  blocked  eliminated  forgotten  promoted  conflicts
    'default_lp':      143         1'949        338             5          0              0          0           9            0        656        0           0          0         0        216

Lp stats         Component  Iterations  AddedCuts  OPTIMAL  DUAL_F.  DUAL_U.
  'default_lp':          1      51'509        952      333       51        1

Lp dimension           Final dimension of first component
  'default_lp':  6993 rows, 150530 columns, 73346 entries

Lp debug         CutPropag  CutEqPropag  Adjust  Overflow    Bad  BadScaling
  'default_lp':          0            0     134         0  1'031           0

Lp pool          Constraints  Updates  Simplif  Merged  Shortened  Split  Strengthened  Cuts/Call
  'default_lp':      217'981        2        6       0          0      0            38  952/6'787

Lp Cut           default_lp
         CG_FF:           4
          CG_K:           1
          CG_R:           6
         CG_RB:          11
        CG_RBP:           1
            IB:         702
      MIR_1_FF:          18
       MIR_1_K:          16
       MIR_1_R:           8
      MIR_1_RB:          22
     MIR_1_RBP:           5
      MIR_2_FF:          27
       MIR_2_K:           3
       MIR_2_R:           8
      MIR_2_RB:          14
     MIR_2_RBP:           5
      MIR_3_FF:           8
       MIR_3_K:           1
       MIR_3_R:          12
      MIR_3_RB:          16
     MIR_3_RBP:           3
      MIR_4_FF:           4
       MIR_4_K:           1
       MIR_4_R:           7
      MIR_4_RB:           4
     MIR_4_RBP:           3
       MIR_5_R:           4
      MIR_5_RB:           2
       MIR_6_K:           1
      MIR_6_RB:           2
  ZERO_HALF_FF:          12
   ZERO_HALF_K:           5
   ZERO_HALF_R:          12
  ZERO_HALF_RB:           4

LNS stats                        Improv/Calls  Closed  Difficulty  TimeLimit
               'graph_arc_lns':           0/0      0%    5.00e-01       0.10
               'graph_cst_lns':           0/0      0%    5.00e-01       0.10
               'graph_dec_lns':           0/0      0%    5.00e-01       0.10
               'graph_var_lns':           0/0      0%    5.00e-01       0.10
     'packing_precedences_lns':           0/0      0%    5.00e-01       0.10
          'packing_random_lns':           0/0      0%    5.00e-01       0.10
           'packing_slice_lns':           0/0      0%    5.00e-01       0.10
          'packing_square_lns':           0/0      0%    5.00e-01       0.10
            'packing_swap_lns':           0/0      0%    5.00e-01       0.10
                   'rins/rens':           0/0      0%    5.00e-01       0.10
                 'rnd_cst_lns':           0/0      0%    5.00e-01       0.10
                 'rnd_var_lns':           0/0      0%    5.00e-01       0.10
  'scheduling_precedences_lns':           0/0      0%    5.00e-01       0.10

LS stats                          Batches  Restarts/Perturbs  LinMoves  GenMoves  CompoundMoves  Bactracks  WeightUpdates  ScoreComputed
                   'fj_restart':        1                  1     4'261         0              0          0              2         99'877
  'fj_restart_compound_perturb':        1                  1         0       887            885          1              0         15'046

Objective bounds     Num
      'default_lp':    8
  'initial_domain':    1

Solution repositories    Added  Queried  Synchro
    'alternative_path':      0        0        0
      'best_solutions':      0        0        0
   'fj solution hints':      0        0        0
        'lp solutions':      0        0        0
                'pump':      0        0

Improving bounds shared      Num  Sym
            'default_lp':  2'616    0

Clauses shared    #Exported  #Imported  #BinaryRead  #BinaryTotal
   'default_lp':     16'561          0       16'561        16'561

LRAT_status: NA
CpSolverResponse summary:
status: INFEASIBLE
objective: NA
best_bound: NA
integers: 155287
booleans: 1760957
conflicts: 216
branches: 6153
propagations: 5667054
integer_propagations: 448946
restarts: 1
lp_iterations: 51509
walltime: 64.4317
usertime: 64.4317
deterministic_time: 61.2201
gap_integral: 0

{"schema": "joint-cp-run-v1", "W": 70, "H": 70, "machines": 230, "fixed_rectangle": [64, 64, 6, 6], "bridge_restriction": "two used axes; no adjacent bridges", "near_placement_radius": 4, "power_poles": 25, "seed": 1, "workers": 2, "build_seconds": 3.602420647999679, "variables": 183792, "constraints": 464411, "validation": "", "status": "INFEASIBLE", "wall_seconds": 64.44085840099433}
