{"schema": "joint-cp-run-v1", "W": 70, "H": 70, "routes": 325, "machines": 230, "fixed_rectangle": [64, 64, 6, 6], "bridge_restriction": "two used axes; no adjacent bridges", "power_poles": 25, "seed": 1, "workers": 4, "build_seconds": 8.143245523999212, "variables": 183791, "constraints": 464222, "validation": ""}

Starting CP-SAT solver v9.15.6755
Parameters: random_seed: 1 max_time_in_seconds: 600 log_search_progress: true num_search_workers: 4

Initial optimization model '': (model_fingerprint: 0x3961fd1b44ac046e)
#Variables: 183'791 (#bools: 4'900 #ints: 650 in objective) (175'460 primary variables)
  - 108'697 Booleans in [0,1]
  - 1'300 in [-1,9]
  - 880 in [0,3]
  - 46 in [0,45]
  - 1'444 in [0,69]
  - 650 in [0,70]
  - 83 in [0,143][280,423][560,703][840,983][1120, ... 560,14703][14840,14983][15120,15263][15400,15543]
  - 83 in [0,155][280,435][560,715][840,995][1120, ... 9800,9955][10080,10235][10360,10515][10640,10795]
  - 83 in [0,223][280,503][560,783][840,1063][1120 ... 903][8960,9183][9240,9463][9520,9743][9800,10023]
  - 68'600 in [0,325]
  - 59 in [0,19599]
  - 92 in [1,3]
  - 64 in [1,34]
  - 64 in [1,37]
  - 90 in [1,44]
  - 64 in [1,54]
  - 512 in [1,70]
  - 460 in [3,6]
  - 23 in [15,69]
  - 111 in [20,69]
  - 44 in [25,69]
  - 117 in [76,279][356,559][636,839][916,1119][11 ... 836,12039][12116,12319][12396,12599][12676,12879]
  - 117 in [5320,5503][5600,5783][5880,6063][6160, ... 480,18663][18760,18943][19040,19223][19320,19503]
  - 49 in [5416,5599][5696,5879][5976,6159][6256,6 ... 576,18759][18856,19039][19136,19319][19416,19599]
  - 59 in [6776,6999][7056,7279][7336,7559][7616,7 ... 536,18759][18816,19039][19096,19319][19376,19599]
#kAllDiff: 1
#kBoolAnd: 9'800 (#enforced: 9'800) (#literals: 29'400)
#kBoolOr: 10'030 (#enforced: 9'800) (#literals: 25'350)
#kElement: 650
#kInterval: 10'406 (#enforced: 9'800) (#fixed: 94)
#kLinMax: 650 (#expressions: 1'300)
#kLinear1: 167'428 (#enforced: 166'600)
#kLinear2: 148'332 (#enforced: 99'140) (#complex_domain: 4'900)
#kLinear3: 57'640 (#enforced: 12'340)
#kLinearN: 58'358 (#enforced: 28'560) (#terms: 360'906)
#kNoOverlap2D: 1 (#rectangles: 5'203, #optional: 4'900, #quadratic_areas: 230, #fixed_rectangles: 47)
#kTable: 926

Starting presolve at 1.15s
  2.20e-01s  0.00e+00d  [DetectDominanceRelations] 
  7.35e+00s  1.35e-03d  [PresolveToFixPoint] #num_loops=6 #num_dual_strengthening=1 
  7.40e-03s  0.00e+00d  [ExtractEncodingFromLinear] #potential_supersets=61'028 
Traceback (most recent call last):
  File "/home/zhuran24/zmd-research-fresh/求解器/构造/第三张全厂候选/构造A/代码/joint_cp.py", line 229, in <module>
    r=build(contract,*map(int,a.size.split(',')),rect=None if a.rect=='none' else list(map(int,a.rect.split(','))),regions=a.regions,fixed=fixed,limit=a.seconds,workers=a.workers,seed=a.seed,out=BASE/a.out,proto=a.proto,polenum=a.poles)
  File "/home/zhuran24/zmd-research-fresh/求解器/构造/第三张全厂候选/构造A/代码/joint_cp.py", line 216, in build
    status=solver.solve(m,CB());info.update(status=solver.status_name(status),wall_seconds=time.monotonic()-solve_start,response_stats=solver.response_stats())
  File "/home/zhuran24/.local/lib/python3.14/site-packages/ortools/sat/python/cp_model.py", line 1771, in solve
    self.__response = self.__solve_wrapper.solve(model.proto)
                      ~~~~~~~~~~~~~~~~~~~~~~~~~~^^^^^^^^^^^^^
MemoryError: std::bad_alloc
