{"schema": "joint-cp-run-v1", "W": 70, "H": 70, "routes": 325, "machines": 230, "fixed_rectangle": [64, 64, 6, 6], "bridge_restriction": "two used axes; no adjacent bridges", "near_placement_radius": 4, "power_poles": 25, "seed": 1, "workers": 4, "build_seconds": 7.555587483999261, "variables": 183792, "constraints": 464435, "validation": ""}

Starting CP-SAT solver v9.15.6755
Parameters: random_seed: 1 max_time_in_seconds: 900 log_search_progress: true num_search_workers: 4

Initial optimization model '': (model_fingerprint: 0x38f792c816248254)
#Variables: 183'792 (#bools: 4'900 #ints: 650 in objective) (175'273 primary variables)
  - 108'697 Booleans in [0,1]
  - 401 different domains in [-1,19599] with a largest complexity of 19.
  - 1 constants in {1} 
#kAllDiff: 1
#kBoolAnd: 9'800 (#enforced: 9'800) (#literals: 29'400)
#kBoolOr: 10'055 (#enforced: 9'800) (#literals: 25'375)
#kElement: 650
#kInterval: 10'406 (#enforced: 9'800) (#fixed: 94)
#kLinMax: 650 (#expressions: 1'300)
#kLinear1: 167'616 (#enforced: 166'600)
#kLinear2: 148'332 (#enforced: 99'140) (#complex_domain: 4'900)
#kLinear3: 57'640 (#enforced: 12'340)
#kLinearN: 58'358 (#enforced: 28'560) (#terms: 360'906)
#kNoOverlap2D: 1 (#rectangles: 5'203, #optional: 4'900, #quadratic_areas: 230, #fixed_rectangles: 47)
#kTable: 926

Starting presolve at 1.15s
INFEASIBLE: 'proven during initial copy of constraint #25352:
linear {
  vars: [1908, 1909, 1912, 1913]
  coeffs: [1, 70, -1, -70]
  domain: [-9223372036854775808, -1]
}
With current variable domains:
var:1908 domain:[8]
var:1909 domain:[64]
var:1912 domain:[22]
var:1913 domain:[8]
'
Problem proven infeasible during initial copy.
CpSolverResponse summary:
status: INFEASIBLE
objective: NA
best_bound: NA
integers: 0
booleans: 0
conflicts: 0
branches: 0
propagations: 0
integer_propagations: 0
restarts: 0
lp_iterations: 0
walltime: 1.16902
usertime: 1.16902
deterministic_time: 0
gap_integral: 0

{"schema": "joint-cp-run-v1", "W": 70, "H": 70, "machines": 230, "fixed_rectangle": [64, 64, 6, 6], "bridge_restriction": "two used axes; no adjacent bridges", "near_placement_radius": 4, "power_poles": 25, "seed": 1, "workers": 4, "build_seconds": 7.555587483999261, "variables": 183792, "constraints": 464435, "validation": "", "status": "INFEASIBLE", "wall_seconds": 1.1712929179993807}
