{"schema": "joint-cp-run-v1", "W": 13, "H": 13, "routes": 2, "machines": 4, "fixed_rectangle": null, "bridge_restriction": "two used axes; no adjacent bridges", "near_placement_radius": null, "power_poles": 0, "seed": 1, "workers": 1, "build_seconds": 0.026638109004125, "variables": 4957, "constraints": 12899, "validation": ""}

Starting CP-SAT solver v9.15.6755
Parameters: random_seed: 1 max_time_in_seconds: 40 log_search_progress: true num_search_workers: 1

Initial optimization model '': (model_fingerprint: 0x7df9829072d608ad)
#Variables: 4'957 (#bools: 169 #ints: 4 in objective) (4'698 primary variables)
  - 2'535 Booleans in [0,1]
  - 8 in [-1,9]
  - 2'366 in [0,2]
  - 8 in [0,3]
  - 16 in [0,12]
  - 4 in [0,13]
  - 4 in [0,675]
  - 8 in [1,13]
  - 8 in [3,6]
#kElement: 4
#kInterval: 346 (#enforced: 338)
#kLinMax: 4 (#expressions: 8)
#kLinear1: 4'466 (#enforced: 4'394)
#kLinear2: 4'654 (#enforced: 2'938) (#complex_domain: 169)
#kLinear3: 1'589 (#enforced: 156)
#kLinearN: 1'827 (#enforced: 858) (#terms: 10'914)
#kNoOverlap2D: 1 (#rectangles: 173, #optional: 169, #quadratic_areas: 4)
#kTable: 8

Starting presolve at 0.00s
  1.57e-03s  0.00e+00d  [DetectDominanceRelations] 
  4.80e-02s  1.62e-05d  [PresolveToFixPoint] #num_loops=3 #num_dual_strengthening=1 
  1.59e-04s  0.00e+00d  [ExtractEncodingFromLinear] #potential_supersets=3'383 
  4.08e-04s  0.00e+00d  [DetectDuplicateColumns] 
  5.43e-04s  0.00e+00d  [DetectDuplicateConstraints] #duplicates=332 
[Symmetry] Graph for symmetry has 32'426 nodes and 63'848 arcs.
[Symmetry] Symmetry computation done. time: 0.00584808 dtime: 0.0225256
[SAT presolve] num removable Booleans: 0 / 5'807
[SAT presolve] num trivial clauses: 0
[SAT presolve] [0s] clauses:13'527 literals:38'435 vars:5'769 one_side_vars:1475 simple_definition:2'128 singleton_clauses:0
[SAT presolve] [0.00042989s] clauses:13'223 literals:36'611 vars:5'769 one_side_vars:1475 simple_definition:2'280 singleton_clauses:0
[SAT presolve] [0.000681248s] clauses:13'223 literals:36'611 vars:5'769 one_side_vars:1475 simple_definition:2'280 singleton_clauses:0
  5.69e-04s  0.00e+00d  [DetectDuplicateConstraintsWithDifferentEnforcements] #without_enforcements=35 
  1.75e-02s  2.29e-02d  [Probe] #probed=11'538 #new_binary_clauses=6'194 
  1.95e-03s  3.12e-03d  [MaxClique] Merged 4'762 constraints with 11'348 literals into 1'570 constraints with 6'028 literals
  1.30e-03s  0.00e+00d  [DetectDominanceRelations] 
  5.03e-03s  0.00e+00d  [PresolveToFixPoint] #num_loops=2 #num_dual_strengthening=1 
  1.30e-03s  0.00e+00d  [ProcessAtMostOneAndLinear] 
  3.27e-04s  0.00e+00d  [DetectDuplicateConstraints] 
  2.68e-04s  0.00e+00d  [DetectDuplicateConstraintsWithDifferentEnforcements] 
  2.83e-04s  2.77e-05d  [DetectDominatedLinearConstraints] #relevant_constraints=839 #num_inclusions=190 
  1.64e-04s  0.00e+00d  [DetectDifferentVariables] 
  1.29e-03s  1.87e-04d  [ProcessSetPPC] #relevant_constraints=10'028 #num_inclusions=228 
  9.97e-04s  1.15e-04d  [TransformClausesToExactlyOne] #num_amos=5'807 #num_clauses=5'700 #num_checked=5'700 
  5.58e-04s  0.00e+00d  [DetectEncodedComplexDomains] 
  1.77e-04s  6.01e-06d  [FindAlmostIdenticalLinearConstraints] #num_tested_pairs=126 
  2.40e-03s  7.65e-03d  [FindBigAtMostOneAndLinearOverlap] 
  6.20e-04s  3.60e-03d  [FindBigVerticalLinearOverlap] 
  4.33e-04s  1.80e-03d  [FindBigHorizontalLinearOverlap] #linears=269 
  6.53e-04s  8.66e-05d  [MergeClauses] #num_collisions=228 #num_merges=228 #num_saved_literals=456 
  1.27e-03s  0.00e+00d  [DetectDominanceRelations] 
  4.55e-03s  0.00e+00d  [PresolveToFixPoint] #num_loops=1 #num_dual_strengthening=1 
  1.25e-03s  0.00e+00d  [DetectDominanceRelations] 
  4.52e-03s  0.00e+00d  [PresolveToFixPoint] #num_loops=1 #num_dual_strengthening=1 
  2.86e-04s  0.00e+00d  [DetectDuplicateColumns] 
  3.18e-04s  0.00e+00d  [DetectDuplicateConstraints] 
[Symmetry] Graph for symmetry has 29'589 nodes and 54'211 arcs.
[Symmetry] Symmetry computation done. time: 0.00422001 dtime: 0.0169084
[SAT presolve] num removable Booleans: 0 / 5'771
[SAT presolve] num trivial clauses: 0
[SAT presolve] [0s] clauses:10'443 literals:26'814 vars:5'769 one_side_vars:1475 simple_definition:2'413 singleton_clauses:0
[SAT presolve] [0.000286859s] clauses:10'443 literals:26'814 vars:5'769 one_side_vars:1475 simple_definition:2'413 singleton_clauses:0
[SAT presolve] [0.000485255s] clauses:10'443 literals:26'814 vars:5'769 one_side_vars:1475 simple_definition:2'413 singleton_clauses:0
  6.47e-04s  0.00e+00d  [DetectDuplicateConstraintsWithDifferentEnforcements] 
  1.59e-02s  2.46e-02d  [Probe] #probed=11'538 #new_binary_clauses=133 
  2.30e-03s  5.76e-03d  [MaxClique] Merged 5'807 constraints with 14'502 literals into 2'767 constraints with 11'310 literals
  1.26e-03s  0.00e+00d  [DetectDominanceRelations] 
  4.64e-03s  0.00e+00d  [PresolveToFixPoint] #num_loops=1 #num_dual_strengthening=1 
  1.36e-03s  0.00e+00d  [ProcessAtMostOneAndLinear] 
  4.25e-04s  0.00e+00d  [DetectDuplicateConstraints] 
  3.18e-04s  0.00e+00d  [DetectDuplicateConstraintsWithDifferentEnforcements] 
  3.08e-04s  2.77e-05d  [DetectDominatedLinearConstraints] #relevant_constraints=839 #num_inclusions=190 
  1.83e-04s  0.00e+00d  [DetectDifferentVariables] 
  1.50e-03s  2.10e-04d  [ProcessSetPPC] #relevant_constraints=11'225 #num_inclusions=228 
  8.78e-04s  1.15e-04d  [TransformClausesToExactlyOne] #num_amos=2'767 #num_clauses=5'700 #num_checked=5'700 
  6.04e-04s  0.00e+00d  [DetectEncodedComplexDomains] 
  1.93e-04s  5.39e-06d  [FindAlmostIdenticalLinearConstraints] #num_tested_pairs=112 
  2.47e-03s  7.71e-03d  [FindBigAtMostOneAndLinearOverlap] 
  6.35e-04s  3.59e-03d  [FindBigVerticalLinearOverlap] 
  4.28e-04s  1.80e-03d  [FindBigHorizontalLinearOverlap] #linears=269 
  6.96e-04s  8.66e-05d  [MergeClauses] #num_collisions=176 #num_merges=176 #num_saved_literals=352 
  1.24e-03s  0.00e+00d  [DetectDominanceRelations] 
  4.40e-03s  0.00e+00d  [PresolveToFixPoint] #num_loops=1 #num_dual_strengthening=1 
  1.25e-03s  0.00e+00d  [DetectDominanceRelations] 
  4.42e-03s  0.00e+00d  [PresolveToFixPoint] #num_loops=1 #num_dual_strengthening=1 
  3.68e-04s  0.00e+00d  [DetectDuplicateColumns] 
  3.46e-04s  0.00e+00d  [DetectDuplicateConstraints] 
[Symmetry] Graph for symmetry has 23'813 nodes and 44'231 arcs.
[Symmetry] Symmetry computation done. time: 0.0031535 dtime: 0.0133224
[SAT presolve] num removable Booleans: 0 / 5'771
[SAT presolve] num trivial clauses: 0
[SAT presolve] [0s] clauses:6'339 literals:18'606 vars:5'769 one_side_vars:4515 simple_definition:817 singleton_clauses:0
[SAT presolve] [0.000187978s] clauses:6'339 literals:18'606 vars:5'769 one_side_vars:4515 simple_definition:817 singleton_clauses:0
[SAT presolve] [0.000402879s] clauses:6'339 literals:18'606 vars:5'769 one_side_vars:4515 simple_definition:817 singleton_clauses:0
  6.30e-04s  0.00e+00d  [DetectDuplicateConstraintsWithDifferentEnforcements] 
  1.57e-02s  2.49e-02d  [Probe] #probed=11'538 #new_binary_clauses=133 
  1.91e-03s  4.65e-03d  [MaxClique] 
  1.31e-03s  0.00e+00d  [DetectDominanceRelations] 
  4.72e-03s  0.00e+00d  [PresolveToFixPoint] #num_loops=1 #num_dual_strengthening=1 
  1.36e-03s  0.00e+00d  [ProcessAtMostOneAndLinear] 
  4.78e-04s  0.00e+00d  [DetectDuplicateConstraints] 
  3.34e-04s  0.00e+00d  [DetectDuplicateConstraintsWithDifferentEnforcements] 
  3.26e-04s  2.77e-05d  [DetectDominatedLinearConstraints] #relevant_constraints=839 #num_inclusions=190 
  2.02e-04s  0.00e+00d  [DetectDifferentVariables] 
  1.52e-03s  2.10e-04d  [ProcessSetPPC] #relevant_constraints=11'225 #num_inclusions=228 
  9.15e-04s  1.15e-04d  [TransformClausesToExactlyOne] #num_amos=2'767 #num_clauses=5'700 #num_checked=5'700 
  6.15e-04s  0.00e+00d  [DetectEncodedComplexDomains] 
  2.13e-04s  5.40e-06d  [FindAlmostIdenticalLinearConstraints] #num_tested_pairs=113 
  2.46e-03s  7.71e-03d  [FindBigAtMostOneAndLinearOverlap] 
  6.24e-04s  3.59e-03d  [FindBigVerticalLinearOverlap] 
  4.52e-04s  1.80e-03d  [FindBigHorizontalLinearOverlap] #linears=269 
  7.40e-04s  8.66e-05d  [MergeClauses] #num_collisions=176 #num_merges=176 #num_saved_literals=352 
  1.31e-03s  0.00e+00d  [DetectDominanceRelations] 
  4.56e-03s  0.00e+00d  [PresolveToFixPoint] #num_loops=1 #num_dual_strengthening=1 
  1.66e-04s  0.00e+00d  [MergeNoOverlap] 
  1.68e-04s  0.00e+00d  [MergeNoOverlap2D] 
  8.18e-04s  0.00e+00d  [ExpandObjective] #entries=11'514 #tight_variables=5'757 #tight_constraints=1'919 #expands=133 

Presolve summary:
  - 14 affine relations were detected.
  - rule 'TODO dual: only one blocking constraint?' was applied 18 times.
  - rule 'TODO interval: same interval with different enforcement?' was applied 35 times.
  - rule 'affine: new relation' was applied 14 times.
  - rule 'at_most_one: empty or all false' was applied 132 times.
  - rule 'at_most_one: removed literals' was applied 240 times.
  - rule 'at_most_one: satisfied' was applied 264 times.
  - rule 'at_most_one: transformed into max clique' was applied 2 times.
  - rule 'bool_and: non-reified' was applied 708 times.
  - rule 'bool_or: always true' was applied 5'600 times.
  - rule 'bool_or: implications' was applied 8'553 times.
  - rule 'bool_or: only one literal' was applied 1'128 times.
  - rule 'bool_or: removed enforcement literal' was applied 18'441 times.
  - rule 'deductions: 14246 stored' was applied 1 time.
  - rule 'dual: make encoding equiv' was applied 96 times.
  - rule 'duplicate: remapped duplicate intervals' was applied 1 time.
  - rule 'duplicate: removed constraint' was applied 332 times.
  - rule 'element: expanded' was applied 4 times.
  - rule 'enforcement: false literal' was applied 1'042 times.
  - rule 'enforcement: true literal' was applied 2'344 times.
  - rule 'exactly_one: satisfied' was applied 36 times.
  - rule 'intervals: removed unused interval' was applied 314 times.
  - rule 'lin_max: converted to equality' was applied 2 times.
  - rule 'lin_max: removed exprs' was applied 2 times.
  - rule 'lin_max: target domain reduced' was applied 6 times.
  - rule 'linear1: transformed to implication' was applied 266 times.
  - rule 'linear1: x in domain' was applied 64 times.
  - rule 'linear2: convert ax + by != cte to clauses' was applied 1'885 times.
  - rule 'linear2: convert implied ax + by == cte to clauses' was applied 2'769 times.
  - rule 'linear: always true' was applied 8 times.
  - rule 'linear: empty' was applied 1'798 times.
  - rule 'linear: fixed or dup variables' was applied 3'224 times.
  - rule 'linear: negative at most one' was applied 1'248 times.
  - rule 'linear: never in domain' was applied 1'128 times.
  - rule 'linear: positive at most one' was applied 624 times.
  - rule 'linear: positive equal one' was applied 169 times.
  - rule 'linear: reduced variable domains' was applied 602 times.
  - rule 'linear: remapped using affine relations' was applied 16 times.
  - rule 'linear: small Boolean expression' was applied 264 times.
  - rule 'new_bool: integer encoding' was applied 4'978 times.
  - rule 'no_overlap_2d: only one box' was applied 36 times.
  - rule 'no_overlap_2d: presolved fixed rectangles' was applied 36 times.
  - rule 'no_overlap_2d: removed inactive boxes' was applied 36 times.
  - rule 'no_overlap_2d: split into disjoint components' was applied 2 times.
  - rule 'no_overlap_2d: split into disjoint components duplicating fixed boxes' was applied 4 times.
  - rule 'objective: expanded via tight equality' was applied 133 times.
  - rule 'objective: shifted cost with exactly ones' was applied 133 times.
  - rule 'presolve: 2368 unused variables removed.' was applied 1 time.
  - rule 'presolve: iteration' was applied 3 times.
  - rule 'probing: bool_or reduced to implication' was applied 4'237 times.
  - rule 'propagators: fixed booleans' was applied 36 times.
  - rule 'table: all tuples!' was applied 8 times.
  - rule 'table: reduce variable domain' was applied 20 times.
  - rule 'table: remove expressions' was applied 8 times.
  - rule 'table: remove tuples' was applied 8 times.
  - rule 'variables: add encoding constraint' was applied 4'978 times.
  - rule 'variables: canonicalize domain' was applied 2 times.
  - rule 'variables: detect fully reified value encoding' was applied 1'976 times.
  - rule 'variables: detect half reified value encoding' was applied 4'290 times.
  - rule 'variables: only used in value and order encodings' was applied 1'786 times.

Presolved optimization model '': (model_fingerprint: 0x8a1e071e4c246ef9)
#Variables: 5'775 (#bools: 133 #ints: 2 in objective) (3'852 primary variables)
  - 5'769 Booleans in [0,1]
  - 6 in [0,2]
#kAtMostOne: 2'128 (#literals: 10'032)
#kBoolAnd: 411 (#enforced: 411) (#literals: 1'050)
#kBoolAndClauses: 176 (#enforced: 176 #multi: 176) (#literals: 704)
#kBoolOr: 5'348 (#literals: 16'272)
#kExactlyOne: 1'919 (#literals: 5'757)
#kLinMax: 2 (#expressions: 4)
#kLinear1: 24 (#enforced: 24)
#kLinearN: 839 (#enforced: 570) (#terms: 6'120)
[Symmetry] Graph for symmetry has 19'651 nodes and 44'231 arcs.
[Symmetry] Symmetry computation done. time: 0.00298245 dtime: 0.0130727

Preloading model.
#Bound   0.22s best:inf   next:[12,1330016] initial_domain

Starting search at 0.22s with 1 workers.
1 full problem subsolver: [main]

[Encoding] 8 literals associated to VAR >= value, and 0 half-associations.
[Encoding] 12 literals associated to VAR == value, and 0 half-associations.
[Encoding] num_fully_encoded_variables:4
[Precedences] num_relations=0 num_clauses=7813
[Precedences] Added 8 GreaterThanAtLeastOneOf() constraints.
[Probing] deterministic_time: 0.0237434 (limit: 1) wall_time: 0.00874078 (5769/5769)
[Probing]  - new binary clause: 133
[EncodingLinearRelaxation] #tight_equality:0 #loose_equality:0 #inequality:4
[LinearRelaxationBeforeCliqueExpansion] #linear:414 #at_most_ones:3914
[FinalLinearRelaxation] #linear:1470 #cut_generators:0
Initial num_bool: 5769

Starting subsolver 'main' hint search at 0.24s
Starting subsolver 'main' search at 0.24s
#1       0.25s best:210012 next:[12,210011] main (fixed_bools=0/5769)
#Bound   0.30s best:210012 next:[12512,210011] main
#Bound   0.31s best:210012 next:[49655,210011] main
#Bound   0.32s best:210012 next:[70012,210011] main
#2       0.41s best:180013 next:[70012,180012] main (fixed_bools=3/5769)
#3       0.65s best:160015 next:[70012,160014] main (fixed_bools=6/5769)
#4       4.07s best:150014 next:[70012,150013] main (fixed_bools=12/5769)
#5       4.64s best:140013 next:[70012,140012] main (fixed_bools=12/5769)
#6       6.33s best:130012 next:[70012,130011] main (fixed_bools=25/5769)
#Bound  10.90s best:130012 next:[77839,130011] main
#Bound  11.04s best:130012 next:[78194,130011] main
#Bound  11.10s best:130012 next:[86881,130011] main
#Bound  11.21s best:130012 next:[90214,130011] main
#Bound  11.47s best:130012 next:[101888,130011] main
#Bound  11.53s best:130012 next:[104356,130011] main
#Bound  11.58s best:130012 next:[122514,130011] main
#Bound  11.59s best:130012 next:[125198,130011] main
#Done   11.61s main

Task timing           n [     min,      max]      avg      dev     time         n [     min,      max]      avg      dev    dtime
      'main':         1 [  11.39s,   11.39s]   11.39s   0.00ns   11.39s         1 [  16.95s,   16.95s]   16.95s   0.00ns   16.95s

Search stats    Bools  Conflicts  Branches  Restarts  BacktrackToRoot  Backtrack  BoolPropag  IntegerPropag
       'main':  5'769      3'003   717'994        11          286'020    491'092   8'782'587      2'746'761

SAT formula    Fixed  Equiv  Total  VarLeft  BinaryClauses  PermanentClauses  TemporaryClauses
      'main':  5'238    207  5'769      324          2'870               269               142

SAT stats    ClassicMinim  LitRemoved  LitRemovedBinary  LitLearned  LitForgotten  Subsumed
    'main':         1'119     221'377             6'216      93'603             0       533

Vivification    Clauses  Decisions  LitTrue  Subsumed  LitRemoved  DecisionReused  Conflicts
       'main':  268'915    484'308       85     1'207       4'883          93'877        117

Clause deletion    at_true  l_and_not(l)  to_binary  sub_conflict  sub_extra  sub_decisions  sub_eager  sub_vivify  sub_probing  sub_inpro  blocked  eliminated  forgotten  promoted  conflicts
          'main':    3'133         2'259        424           509          4             16         24       1'207        1'150         94        0           0          0     2'906      3'003

Lp stats    Component  Iterations  AddedCuts  OPTIMAL  DUAL_F.  DUAL_U.
   'main':          1     191'852        859    4'359       20       43

Lp dimension      Final dimension of first component
       'main':  338 rows, 1925 columns, 1844 entries

Lp debug    CutPropag  CutEqPropag  Adjust  Overflow     Bad  BadScaling
   'main':          0            0   4'406         0  89'768           0

Lp pool    Constraints  Updates  Simplif  Merged  Shortened  Split  Strengthened  Cuts/Call
  'main':        2'329      183    8'288       0      6'019      8           106  859/1'435

Lp Cut           main
         CG_FF:    30
          CG_K:    15
         CG_KL:    21
          CG_R:    40
         CG_RB:     5
        CG_RBP:     2
            IB:    19
      MIR_1_FF:   176
      MIR_1_KL:    91
      MIR_2_FF:    46
      MIR_2_KL:    10
       MIR_2_R:    54
      MIR_3_FF:    29
      MIR_3_KL:     4
       MIR_3_R:    52
      MIR_4_FF:    13
       MIR_4_K:     1
      MIR_4_KL:     2
       MIR_4_R:    50
      MIR_5_FF:    16
      MIR_5_KL:     1
       MIR_5_R:    28
      MIR_6_FF:    15
       MIR_6_K:     1
      MIR_6_KL:     3
       MIR_6_R:    13
  ZERO_HALF_FF:    34
  ZERO_HALF_KL:     9
   ZERO_HALF_R:    79

Solutions (6)    Num   Rank
        'main':   12  [0,6]

Objective bounds     Num
  'initial_domain':    1
            'main':   11

Solution repositories    Added  Queried  Synchro
    'alternative_path':      1        0        1
      'best_solutions':      6        0        6
   'fj solution hints':      0        0        0

LRAT_status: NA
CpSolverResponse summary:
status: OPTIMAL
objective: 130012
best_bound: 130012
integers: 1959
booleans: 5769
conflicts: 3003
branches: 717994
propagations: 8782587
integer_propagations: 2746761
restarts: 11
lp_iterations: 191852
walltime: 11.6109
usertime: 11.6109
deterministic_time: 17.0803
gap_integral: 0
solution_fingerprint: 0x26dcaf5ed0c2c49e

{'machines': 4, 'routes': 2, 'physical_channels': 16, 'transport_units': 13, 'transport_slots': 14, 'bridges': 1, 'adjacent_bridge_pairs': 0, 'reverse_bridge_channels': 0, 'occupied_cells': 49}
