{"schema": "s2-polyline-joint-v1", "is_layout": false, "partial_search": true, "W": 70, "H": 70, "machines": 230, "routes_count": 325, "rect": [64, 64, 6, 6], "fixed_poles": true, "poles": 25, "regions": false, "restrictions": ["three segments per route", "no bridge on any waypoint", "fixed outlet order and corner gaps"], "workers": 4, "seed": 1, "variables": 32717, "constraints": 68776, "build_seconds": 0.15404076000413625, "validation": ""}

Starting CP-SAT solver v9.15.6755
Parameters: random_seed: 1 max_time_in_seconds: 120 log_search_progress: true num_workers: 4

Initial optimization model '': (model_fingerprint: 0x34777879c4199ac0)
#Variables: 32'717 (#bools: 325 #ints: 325 in objective) (18'561 primary variables)
  - 14'850 Booleans in [0,1]
  - 1'300 in [-1,9]
  - 5'200 in [-1,70]
  - 881 in [0,3]
  - 1'112 in [0,69]
  - 5'850 in [0,71]
  - 1'950 in [0,72]
  - 325 in [0,280]
  - 462 in [1,70]
  - 325 in [1,280]
  - 462 in [2,9]
#kBoolAnd: 4'550 (#enforced: 4'550) (#literals: 13'650)
#kBoolOr: 4'780 (#enforced: 4'550) (#literals: 14'850)
#kInterval: 9'056 (#enforced: 8'450) (#fixed: 144)
#kLinMax: 7'800 (#expressions: 15'600)
#kLinear1: 22'918 (#enforced: 22'225)
#kLinear2: 14'518 (#enforced: 12'475)
#kLinear3: 3'620
#kLinearN: 651 (#enforced: 650) (#terms: 2'925)
#kNoOverlap2D: 2 (#rectangles: 7'106, #optional: 6'500, #linear_areas: 1'950, #quadratic_areas: 462, #fixed_rectangles: 144)
#kTable: 881

Starting presolve at 0.02s
  3.30e-03s  0.00e+00d  [DetectDominanceRelations] 
  1.55e-01s  1.80e-03d  [PresolveToFixPoint] #num_loops=9 #num_dual_strengthening=2 
  3.92e-04s  0.00e+00d  [ExtractEncodingFromLinear] #potential_subsets=12 
  4.30e-04s  0.00e+00d  [DetectDuplicateColumns] 
  3.08e-03s  0.00e+00d  [DetectDuplicateConstraints] #duplicates=718 
[Symmetry] Graph for symmetry has 99'331 nodes and 153'787 arcs.
[Symmetry] Symmetry computation done. time: 0.0125058 dtime: 0.0283352
[Symmetry] #generators: 5, average support size: 109.2
[Symmetry] The model contains 72 duplicate constraints !
[Symmetry] 273 orbits on 546 variables with sizes: 2,2,2,2,2,2,2,2,2,2,...
[Symmetry] Found orbitope of size 61 x 2
[SAT presolve] num removable Booleans: 717 / 8'728
[SAT presolve] num trivial clauses: 0
[SAT presolve] [0s] clauses:11'972 literals:27'357 vars:7'697 one_side_vars:2 simple_definition:6'369 singleton_clauses:0
[SAT presolve] [0.000310432s] clauses:11'972 literals:27'345 vars:7'697 one_side_vars:14 simple_definition:6'357 singleton_clauses:0
[SAT presolve] [0.00075211s] clauses:11'822 literals:27'045 vars:7'621 one_side_vars:14 simple_definition:6'355 singleton_clauses:0
  4.33e-03s  0.00e+00d  [DetectDuplicateConstraintsWithDifferentEnforcements] #without_enforcements=6'618 
  2.84e+00s  1.00e+00d *[Probe] #probed=1'045 #fixed_bools=352 #new_bounds=192 #equiv=772 #new_binary_clauses=744 
  2.51e-03s  1.98e-03d  [MaxClique] Merged 8'422 constraints with 16'844 literals into 8'109 constraints with 16'518 literals
  5.12e-03s  0.00e+00d  [DetectDominanceRelations] 
  9.18e-02s  2.73e-03d  [PresolveToFixPoint] #num_loops=5 #num_dual_strengthening=2 
  1.64e-03s  0.00e+00d  [ProcessAtMostOneAndLinear] 
  3.01e-03s  0.00e+00d  [DetectDuplicateConstraints] #duplicates=328 
  3.06e-03s  0.00e+00d  [DetectDuplicateConstraintsWithDifferentEnforcements] #without_enforcements=4'105 
  6.13e-04s  2.27e-05d  [DetectDominatedLinearConstraints] #relevant_constraints=2'150 #num_inclusions=28 #num_redundant=2 
  3.17e-04s  0.00e+00d  [DetectDifferentVariables] 
  1.63e-03s  1.18e-04d  [ProcessSetPPC] #relevant_constraints=9'084 #num_inclusions=5'646 
  2.15e-03s  1.80e-04d  [TransformClausesToExactlyOne] #num_amos=6'080 #num_clauses=3'125 #num_checked=3'125 
  2.16e-03s  0.00e+00d  [DetectEncodedComplexDomains] 
  5.16e-04s  1.24e-06d  [FindAlmostIdenticalLinearConstraints] #num_tested_pairs=83 #found=65 
  8.98e-04s  7.10e-04d  [FindBigAtMostOneAndLinearOverlap] 
  8.29e-04s  1.01e-03d  [FindBigVerticalLinearOverlap] 
  2.58e-04s  1.75e-04d  [FindBigHorizontalLinearOverlap] #linears=110 
  7.48e-04s  4.69e-05d  [MergeClauses] 
  5.37e-03s  0.00e+00d  [DetectDominanceRelations] 
  8.89e-02s  2.73e-03d  [PresolveToFixPoint] #num_loops=2 #num_dual_strengthening=1 
  5.45e-03s  0.00e+00d  [DetectDominanceRelations] 
  8.87e-02s  2.73e-03d  [PresolveToFixPoint] #num_loops=1 #num_dual_strengthening=1 
  5.85e-04s  0.00e+00d  [DetectDuplicateColumns] 
  2.44e-03s  0.00e+00d  [DetectDuplicateConstraints] #duplicates=2 
[Symmetry] Graph for symmetry has 91'715 nodes and 131'794 arcs.
[Symmetry] Symmetry computation done. time: 0.011436 dtime: 0.0270545
[Symmetry] #generators: 17, average support size: 28.4706
[Symmetry] The model contains 76 duplicate constraints !
[Symmetry] 242 orbits on 484 variables with sizes: 2,2,2,2,2,2,2,2,2,2,...
[Symmetry] Found orbitope of size 60 x 2
[SAT presolve] num removable Booleans: 8 / 6'971
[SAT presolve] num trivial clauses: 0
[SAT presolve] [0s] clauses:8'916 literals:20'955 vars:6'372 one_side_vars:395 simple_definition:5'100 singleton_clauses:0
[SAT presolve] [0.000252749s] clauses:8'901 literals:20'907 vars:6'357 one_side_vars:398 simple_definition:5'082 singleton_clauses:15
[SAT presolve] [0.00051232s] clauses:8'885 literals:20'876 vars:6'349 one_side_vars:398 simple_definition:5'081 singleton_clauses:15
  3.49e-03s  0.00e+00d  [DetectDuplicateConstraintsWithDifferentEnforcements] #without_enforcements=4'106 
  2.75e+00s  1.00e+00d *[Probe] #probed=1'790 #fixed_bools=187 #new_bounds=156 #equiv=25 #new_binary_clauses=730 
  2.30e-03s  1.77e-03d  [MaxClique] Merged 6'049 constraints with 12'397 literals into 6'015 constraints with 12'350 literals
  5.08e-03s  0.00e+00d  [DetectDominanceRelations] 
  8.70e-02s  2.57e-03d  [PresolveToFixPoint] #num_loops=5 #num_dual_strengthening=2 
  1.64e-03s  0.00e+00d  [ProcessAtMostOneAndLinear] 
  2.90e-03s  0.00e+00d  [DetectDuplicateConstraints] #duplicates=11 
  3.00e-03s  0.00e+00d  [DetectDuplicateConstraintsWithDifferentEnforcements] #without_enforcements=3'857 
  6.84e-04s  2.15e-05d  [DetectDominatedLinearConstraints] #relevant_constraints=2'066 #num_inclusions=26 
  3.59e-04s  0.00e+00d  [DetectDifferentVariables] 
  1.64e-03s  1.12e-04d  [ProcessSetPPC] #relevant_constraints=8'622 #num_inclusions=5'295 
  2.14e-03s  1.69e-04d  [TransformClausesToExactlyOne] #num_amos=5'751 #num_clauses=2'946 #num_checked=2'946 
  2.01e-03s  0.00e+00d  [DetectEncodedComplexDomains] 
  4.49e-04s  1.95e-07d  [FindAlmostIdenticalLinearConstraints] #num_tested_pairs=13 #found=9 
  8.78e-04s  6.77e-04d  [FindBigAtMostOneAndLinearOverlap] 
  7.50e-04s  9.41e-04d  [FindBigVerticalLinearOverlap] 
  2.95e-04s  1.66e-04d  [FindBigHorizontalLinearOverlap] #linears=110 
  7.76e-04s  4.42e-05d  [MergeClauses] 
  5.26e-03s  0.00e+00d  [DetectDominanceRelations] 
  8.32e-02s  2.57e-03d  [PresolveToFixPoint] #num_loops=2 #num_dual_strengthening=1 
  5.26e-03s  0.00e+00d  [DetectDominanceRelations] 
  8.47e-02s  2.57e-03d  [PresolveToFixPoint] #num_loops=1 #num_dual_strengthening=1 
  6.26e-04s  0.00e+00d  [DetectDuplicateColumns] 
  2.43e-03s  0.00e+00d  [DetectDuplicateConstraints] 
[Symmetry] Graph for symmetry has 89'653 nodes and 126'665 arcs.
[Symmetry] Symmetry computation done. time: 0.0108802 dtime: 0.0265194
[Symmetry] #generators: 26, average support size: 19.8462
[Symmetry] The model contains 78 duplicate constraints !
[Symmetry] 258 orbits on 516 variables with sizes: 2,2,2,2,2,2,2,2,2,2,...
[Symmetry] Found orbitope of size 3 x 2
[SAT presolve] num removable Booleans: 5 / 6'657
[SAT presolve] num trivial clauses: 0
[SAT presolve] [0s] clauses:8'403 literals:19'753 vars:6'046 one_side_vars:437 simple_definition:4'782 singleton_clauses:0
[SAT presolve] [0.000239705s] clauses:8'396 literals:19'725 vars:6'039 one_side_vars:444 simple_definition:4'768 singleton_clauses:7
[SAT presolve] [0.000481779s] clauses:8'389 literals:19'710 vars:6'034 one_side_vars:444 simple_definition:4'765 singleton_clauses:7
  3.48e-03s  0.00e+00d  [DetectDuplicateConstraintsWithDifferentEnforcements] #without_enforcements=3'862 
  2.71e+00s  1.00e+00d *[Probe] #probed=2'338 #fixed_bools=166 #new_bounds=130 #equiv=21 #new_binary_clauses=802 
  2.29e-03s  1.70e-03d  [MaxClique] Merged 5'744 constraints with 11'789 literals into 5'725 constraints with 11'760 literals
  5.21e-03s  0.00e+00d  [DetectDominanceRelations] 
  8.42e-02s  2.42e-03d  [PresolveToFixPoint] #num_loops=5 #num_dual_strengthening=2 
  1.54e-03s  0.00e+00d  [ProcessAtMostOneAndLinear] 
  2.87e-03s  0.00e+00d  [DetectDuplicateConstraints] #duplicates=13 
  2.91e-03s  0.00e+00d  [DetectDuplicateConstraintsWithDifferentEnforcements] #without_enforcements=3'618 
  6.88e-04s  2.11e-05d  [DetectDominatedLinearConstraints] #relevant_constraints=2'044 #num_inclusions=26 
  3.84e-04s  0.00e+00d  [DetectDifferentVariables] 
  1.59e-03s  1.06e-04d  [ProcessSetPPC] #relevant_constraints=8'191 #num_inclusions=4'994 
  2.19e-03s  1.59e-04d  [TransformClausesToExactlyOne] #num_amos=5'468 #num_clauses=2'780 #num_checked=2'780 
  2.07e-03s  0.00e+00d  [DetectEncodedComplexDomains] 
  4.70e-04s  6.00e-08d  [FindAlmostIdenticalLinearConstraints] #num_tested_pairs=4 #found=2 
  8.52e-04s  6.45e-04d  [FindBigAtMostOneAndLinearOverlap] 
  7.35e-04s  8.89e-04d  [FindBigVerticalLinearOverlap] 
  3.29e-04s  1.58e-04d  [FindBigHorizontalLinearOverlap] #linears=110 
  8.10e-04s  4.17e-05d  [MergeClauses] 
  5.38e-03s  0.00e+00d  [DetectDominanceRelations] 
  8.04e-02s  2.42e-03d  [PresolveToFixPoint] #num_loops=1 #num_dual_strengthening=1 
  3.89e-04s  0.00e+00d  [MergeNoOverlap] 
  3.68e-02s  0.00e+00d  [MergeNoOverlap2D] 
  1.16e-03s  0.00e+00d  [ExpandObjective] #entries=2'894 #tight_variables=1'447 #tight_constraints=1'170 

Presolve summary:
  - 7913 affine relations were detected.
  - rule 'TODO domination: unexploited dominations' was applied 8 times.
  - rule 'TODO dual: add implied bound' was applied 3'916 times.
  - rule 'TODO dual: only one blocking constraint?' was applied 981 times.
  - rule 'TODO dual: only one blocking enforced constraint?' was applied 4'599 times.
  - rule 'TODO interval: same interval with different enforcement?' was applied 24'667 times.
  - rule 'TODO lin_max: linear expression above max' was applied 481 times.
  - rule 'TODO linear2: convert ax + by != cte to clauses for large domains' was applied 232 times.
  - rule 'TODO linear2: convert implied ax + by == cte to clauses for large domains' was applied 112 times.
  - rule 'affine: new relation' was applied 7'913 times.
  - rule 'at_most_one: empty or all false' was applied 1 time.
  - rule 'at_most_one: removed literals' was applied 855 times.
  - rule 'at_most_one: satisfied' was applied 481 times.
  - rule 'at_most_one: size one' was applied 823 times.
  - rule 'at_most_one: transformed into max clique' was applied 3 times.
  - rule 'bool_and: always false' was applied 286 times.
  - rule 'bool_and: fixed literals' was applied 799 times.
  - rule 'bool_and: x => x' was applied 2 times.
  - rule 'bool_or: always true' was applied 3'704 times.
  - rule 'bool_or: implications' was applied 1'067 times.
  - rule 'bool_or: only one literal' was applied 6'698 times.
  - rule 'bool_or: removed enforcement literal' was applied 9 times.
  - rule 'bool_or: singleton' was applied 201 times.
  - rule 'deductions: 10613 stored' was applied 1 time.
  - rule 'dual: enforced equivalence' was applied 1 time.
  - rule 'dual: make encoding equiv' was applied 1'056 times.
  - rule 'dual: reduced domain' was applied 76 times.
  - rule 'duplicate: identical constraint with implied enforcements' was applied 1 time.
  - rule 'duplicate: remapped duplicate intervals' was applied 4 times.
  - rule 'duplicate: removed constraint' was applied 1'072 times.
  - rule 'duplicate: removed enforced constraint' was applied 1'312 times.
  - rule 'enforcement: false literal' was applied 3'797 times.
  - rule 'enforcement: literal not used' was applied 183 times.
  - rule 'enforcement: true literal' was applied 364 times.
  - rule 'exactly_one: size two' was applied 13 times.
  - rule 'intervals: change duplicate index inside constraint' was applied 164 times.
  - rule 'intervals: removed unused interval' was applied 1'747 times.
  - rule 'lin_max: affine_max target domain reduced' was applied 2'335 times.
  - rule 'lin_max: all booleans' was applied 1 time.
  - rule 'lin_max: canonicalize target using gcd' was applied 1 time.
  - rule 'lin_max: converted to equality' was applied 2'395 times.
  - rule 'lin_max: divising by gcd' was applied 1 time.
  - rule 'lin_max: fixed affine_max target' was applied 190 times.
  - rule 'lin_max: removed exprs' was applied 1'767 times.
  - rule 'lin_max: target domain reduced' was applied 10'939 times.
  - rule 'lin_max: unused affine target' was applied 6 times.
  - rule 'lin_max: unused affine_max target' was applied 10 times.
  - rule 'lin_max: x = max(x, ...)' was applied 5 times.
  - rule 'linear inclusion: subset + singleton is equality' was applied 2 times.
  - rule 'linear1: always true' was applied 1 time.
  - rule 'linear1: transformed to implication' was applied 46 times.
  - rule 'linear1: x in domain' was applied 693 times.
  - rule 'linear2: contains a boolean' was applied 6 times.
  - rule 'linear2: convert ax + by != cte to clauses' was applied 16 times.
  - rule 'linear2: implied ax + by = cte has only one solution' was applied 16 times.
  - rule 'linear: advanced affine relation from 2 constraints' was applied 76 times.
  - rule 'linear: always true' was applied 16'818 times.
  - rule 'linear: divide by GCD' was applied 15 times.
  - rule 'linear: empty' was applied 3'253 times.
  - rule 'linear: fixed or dup variables' was applied 18'637 times.
  - rule 'linear: never in domain' was applied 1'081 times.
  - rule 'linear: reduced variable domains' was applied 5'215 times.
  - rule 'linear: remapped using affine relations' was applied 31'511 times.
  - rule 'linear: simplified rhs' was applied 25 times.
  - rule 'linear: singleton column' was applied 221 times.
  - rule 'linear: variable substitution 0' was applied 66 times.
  - rule 'linear: variable substitution 1' was applied 70 times.
  - rule 'linear: variable substitution 2' was applied 1 time.
  - rule 'linear: variable substitution 3' was applied 67 times.
  - rule 'new_bool: integer encoding' was applied 13 times.
  - rule 'new_bool: var with 2 values' was applied 76 times.
  - rule 'no_overlap_2d: removed inactive boxes' was applied 10 times.
  - rule 'presolve: 13699 unused variables removed.' was applied 1 time.
  - rule 'presolve: iteration' was applied 3 times.
  - rule 'probing: bool_or reduced to implication' was applied 379 times.
  - rule 'propagators: changed bounds' was applied 552 times.
  - rule 'propagators: fixed booleans' was applied 25 times.
  - rule 'table: all tuples!' was applied 868 times.
  - rule 'table: compress tuples' was applied 13 times.
  - rule 'table: expanded positive constraint' was applied 13 times.
  - rule 'table: reduce variable domain' was applied 2'412 times.
  - rule 'table: remove expressions' was applied 881 times.
  - rule 'table: remove tuples' was applied 881 times.
  - rule 'table: reused literals' was applied 13 times.
  - rule 'variables with 2 values: create encoding literal' was applied 76 times.
  - rule 'variables with 2 values: new affine relation' was applied 76 times.
  - rule 'variables: add encoding constraint' was applied 13 times.
  - rule 'variables: canonicalize affine domain' was applied 11 times.
  - rule 'variables: canonicalize domain' was applied 2'241 times.
  - rule 'variables: detect fully reified value encoding' was applied 4'015 times.
  - rule 'variables: detect half reified value encoding' was applied 8'982 times.
  - rule 'variables: removable enforcement literal' was applied 371 times.

Presolved optimization model '': (model_fingerprint: 0x98e0696aa9d66d79)
#Variables: 13'939 (#bools: 284 #ints: 283 in objective) (7'560 primary variables)
  - 5'906 Booleans in [0,1]
  - 482 different domains in [0,280] with a largest complexity of 3.
#kAtMostOne: 286 (#literals: 858)
#kBoolAnd: 3'383 (#enforced: 3'383) (#literals: 8'565)
#kBoolOr: 2'780 (#literals: 8'340)
#kInterval: 6'259 (#enforced: 6'088) (#fixed: 171)
#kLinMax: 5'191 (#expressions: 10'382)
#kLinear1: 5'129 (#enforced: 5'129)
#kLinear2: 584 (#enforced: 375)
#kLinear3: 1'373 (#enforced: 166)
#kLinearN: 460 (#enforced: 459) (#terms: 2'228)
#kNoOverlap2D: 2 (#rectangles: 5'547, #optional: 4'941, #linear_areas: 1'352, #fixed_rectangles: 606)
[Symmetry] Graph for symmetry has 66'670 nodes and 121'992 arcs.
[Symmetry] Symmetry computation done. time: 0.00902298 dtime: 0.0227828
[Symmetry] #generators: 31, average support size: 17.2258
[Symmetry] The model contains 80 duplicate constraints !
[Symmetry] 267 orbits on 534 variables with sizes: 2,2,2,2,2,2,2,2,2,2,...
[Symmetry] Found orbitope of size 3 x 2

Preloading model.
#Bound   9.40s best:inf   next:[-28400000,73249] initial_domain
#Model   9.41s var:13939/13939 constraints:25447/25447 compo:13106,26,25,25,24,24,24,24,24,24,...

Starting search at 9.41s with 4 workers.
3 full problem subsolvers: [core, default_lp, no_lp]
1 first solution subsolver: [fj]
15 interleaved subsolvers: [feasibility_pump, graph_arc_lns, graph_cst_lns, graph_dec_lns, graph_var_lns, ls, packing_precedences_lns, packing_random_lns, packing_slice_lns, packing_square_lns, packing_swap_lns, rins/rens, rnd_cst_lns, rnd_var_lns, scheduling_precedences_lns]
3 helper subsolvers: [neighborhood_helper, synchronization_agent, update_gap_integral]

#Bound  12.07s best:inf   next:[-27300000,69567] no_lp (initial_propagation)
#Bound  12.10s best:inf   next:[-27200000,69567] no_lp
#Bound  12.10s best:inf   next:[-26800000,69567] no_lp
#Model  12.14s var:13805/13939 constraints:24934/25447 compo:12553,41,34,33,33,33,29,28,28,26,...
#Model  12.25s var:13800/13939 constraints:24913/25447 compo:12548,41,34,33,33,33,29,28,28,26,...
#Model  12.36s var:13797/13939 constraints:24906/25447 compo:12545,41,34,33,33,33,29,28,28,26,...
#Model  13.17s var:13792/13939 constraints:24885/25447 compo:12540,41,34,33,33,33,29,28,28,26,...
#Model  13.39s var:13787/13939 constraints:24864/25447 compo:12535,41,34,33,33,33,29,28,28,26,...
#Bound  13.39s best:inf   next:[-26700000,69567] no_lp
#Model  13.50s var:13780/13939 constraints:24836/25447 compo:12494,41,34,34,33,33,33,29,28,28,...
#Model  14.31s var:13776/13939 constraints:24824/25447 compo:12490,41,34,34,33,33,33,29,28,28,...
#Model  14.42s var:13761/13939 constraints:24761/25447 compo:12475,41,34,34,33,33,33,29,28,28,...
#Bound  14.73s best:inf   next:[-26600000,69567] no_lp
#Model  14.73s var:13744/13939 constraints:24692/25447 compo:12458,41,34,34,33,33,33,29,28,28,...
#Model  14.84s var:13742/13939 constraints:24686/25447 compo:12415,41,41,34,34,33,33,33,29,28,...
#Bound  15.11s best:inf   next:[-26500000,69567] default_lp
#Model  15.15s var:13730/13939 constraints:24638/25447 compo:12368,41,41,35,34,34,33,33,33,29,...
#Model  15.26s var:13726/13939 constraints:24620/25447 compo:12364,41,41,35,34,34,33,33,33,29,...
#Model  15.37s var:13716/13939 constraints:24578/25447 compo:12354,41,41,35,34,34,33,33,33,29,...
#Model  15.49s var:13709/13939 constraints:24552/25447 compo:12347,41,41,35,34,34,33,33,33,29,...
#Model  15.60s var:13673/13939 constraints:24405/25447 compo:12290,41,41,35,34,34,33,33,33,29,...
#Model  15.71s var:13617/13939 constraints:24174/25447 compo:12197,41,41,37,35,34,34,33,33,33,...
#Model  15.82s var:13616/13939 constraints:24171/25447 compo:12196,41,41,37,35,34,34,33,33,33,...
#Bound  15.86s best:inf   next:[-26400000,69567] default_lp
#Model  15.93s var:13590/13939 constraints:24070/25447 compo:12129,41,41,41,37,35,34,34,33,33,...
#Model  16.04s var:13560/13939 constraints:23941/25447 compo:12099,41,41,41,37,35,34,34,33,33,...
#Model  16.15s var:13539/13939 constraints:23852/25447 compo:12058,41,41,41,37,35,34,34,33,33,...
#Model  16.36s var:13527/13939 constraints:23805/25447 compo:12046,41,41,41,37,35,34,34,33,33,...
#Model  16.47s var:13505/13939 constraints:23715/25447 compo:12024,41,41,41,37,35,34,34,33,33,...
#Model  16.58s var:13500/13939 constraints:23694/25447 compo:12019,41,41,41,37,35,34,34,33,33,...
#Model  16.69s var:13466/13939 constraints:23554/25447 compo:11985,41,41,41,37,35,34,34,33,33,...
#Model  16.80s var:13461/13939 constraints:23533/25447 compo:11980,41,41,41,37,35,34,34,33,33,...
#Model  16.91s var:13440/13939 constraints:23445/25447 compo:11959,41,41,41,37,35,34,34,33,33,...
#Model  17.02s var:13422/13939 constraints:23371/25447 compo:11941,41,41,41,37,35,34,34,33,33,...
#Bound  17.02s best:inf   next:[-26300000,69567] default_lp
#Bound  17.12s best:inf   next:[-26200000,69567] default_lp
#Model  17.13s var:13382/13939 constraints:23215/25447 compo:11830,41,41,41,37,37,35,34,34,34,...
#Model  17.24s var:13367/13939 constraints:23150/25447 compo:11815,41,41,41,37,37,35,34,34,34,...
#Model  17.35s var:13345/13939 constraints:23061/25447 compo:11793,41,41,41,37,37,35,34,34,34,...
#Bound  17.37s best:inf   next:[-24400000,69567] no_lp
#Bound  17.38s best:inf   next:[-23900000,69567] no_lp
#Bound  17.40s best:inf   next:[-23800000,69567] no_lp
#Model  17.46s var:13292/13939 constraints:22889/25447 compo:10981,41,41,41,41,41,41,39,38,38,...
#Bound  17.53s best:inf   next:[-23700000,69567] no_lp
#Model  17.57s var:13272/13939 constraints:22808/25447 compo:10938,41,41,41,41,41,41,39,38,38,...
#Bound  17.65s best:inf   next:[-23600000,69567] no_lp
#Bound  17.65s best:inf   next:[-23400000,69567] no_lp
#Model  17.68s var:13261/13939 constraints:22768/25447 compo:10818,41,41,41,41,41,41,39,38,38,...
#Model  18.09s var:13254/13939 constraints:22741/25447 compo:10811,41,41,41,41,41,41,39,38,38,...
#Bound  18.33s best:inf   next:[-23300000,69567] no_lp
#Model  18.40s var:13252/13939 constraints:22735/25447 compo:10772,41,41,41,41,41,41,39,38,38,...
#Model  18.71s var:13247/13939 constraints:22713/25447 compo:10767,41,41,41,41,41,41,39,38,38,...
#Bound  19.07s best:inf   next:[-23200000,69567] no_lp
#Model  19.12s var:13245/13939 constraints:22707/25447 compo:10724,41,41,41,41,41,41,41,39,38,...
#Model  19.73s var:13232/13939 constraints:22658/25447 compo:10673,41,41,41,41,41,41,41,39,38,...
#Model  19.94s var:13225/13939 constraints:22630/25447 compo:10631,41,41,41,41,41,41,41,39,38,...
#Model  20.15s var:13220/13939 constraints:22609/25447 compo:10626,41,41,41,41,41,41,41,39,38,...
#Bound  20.17s best:inf   next:[-22900000,69567] default_lp
#Model  20.26s var:13206/13939 constraints:22555/25447 compo:10571,41,41,41,41,41,41,41,41,39,... [skipped_logs=0]
#Model  23.57s var:13200/13939 constraints:22530/25447 compo:10545,41,41,41,41,41,41,41,41,39,...
#Bound  24.17s best:inf   next:[-22800000,69567] default_lp
#Bound  24.90s best:inf   next:[-22700000,69567] no_lp
#Model  24.99s var:13187/13939 constraints:22478/25447 compo:10495,41,41,41,41,41,41,41,41,39,...
#Model  25.10s var:13182/13939 constraints:22457/25447 compo:10490,41,41,41,41,41,41,41,41,39,...
#Model  26.21s var:13181/13939 constraints:22454/25447 compo:10489,41,41,41,41,41,41,41,41,39,...
#Model  34.32s var:13169/13939 constraints:22408/25447 compo:10477,41,41,41,41,41,41,41,41,39,...
#Model  36.83s var:13164/13939 constraints:22387/25447 compo:10472,41,41,41,41,41,41,41,41,39,...
#Bound  37.38s best:inf   next:[-22600000,69567] no_lp
#Model  37.44s var:13152/13939 constraints:22339/25447 compo:10424,41,41,41,41,41,41,41,41,39,...
#Model  38.25s var:13147/13939 constraints:22318/25447 compo:10419,41,41,41,41,41,41,41,41,39,...
#Model  39.07s var:13091/13939 constraints:22131/25447 compo:10363,41,41,41,41,41,41,41,41,39,...
#Bound  39.41s best:inf   next:[-22500000,69567] no_lp
#Model  39.48s var:13084/13939 constraints:22103/25447 compo:10320,41,41,41,41,41,41,41,41,39,...
#Model  40.19s var:13079/13939 constraints:22082/25447 compo:10315,41,41,41,41,41,41,41,41,39,...
#Bound  40.39s best:inf   next:[-22400000,69567] no_lp
#Model  40.50s var:13072/13939 constraints:22054/25447 compo:10273,41,41,41,41,41,41,41,41,39,...
#Model  40.61s var:13067/13939 constraints:22033/25447 compo:10268,41,41,41,41,41,41,41,41,39,...
#Model  41.02s var:13057/13939 constraints:22002/25447 compo:10258,41,41,41,41,41,41,41,41,39,...
#Model  41.33s var:13053/13939 constraints:21991/25447 compo:10255,41,41,41,41,41,41,41,41,38,...
#Model  41.43s var:13046/13939 constraints:21965/25447 compo:10248,41,41,41,41,41,41,41,41,38,...
#Bound  41.53s best:inf   next:[-22300000,69567] no_lp
#Model  41.55s var:13037/13939 constraints:21932/25447 compo:10197,42,41,41,41,41,41,41,41,41,...
#Model  41.75s var:13027/13939 constraints:21889/25447 compo:10187,42,41,41,41,41,41,41,41,41,...
#Model  41.86s var:12997/13939 constraints:21761/25447 compo:10157,42,41,41,41,41,41,41,41,41,...
#Bound  41.89s best:inf   next:[-22200000,69567] no_lp
#Bound  41.97s best:inf   next:[-22100000,69567] no_lp
#Model  41.97s var:12963/13939 constraints:21621/25447 compo:10089,42,41,41,41,41,41,41,41,41,...
#Model  42.08s var:12932/13939 constraints:21496/25447 compo:9987,42,41,41,41,41,41,41,41,41,...
#Bound  42.15s best:inf   next:[-22000000,69567] no_lp
#Model  42.95s var:12716/13939 constraints:20597/25447 compo:9750,42,41,41,41,41,41,41,41,41,... [skipped_logs=7]
#Bound  43.97s best:inf   next:[-19800000,69567] no_lp
#Bound  44.00s best:inf   next:[-19700000,69567] no_lp
#Bound  44.01s best:inf   next:[-19600000,69567] no_lp
#Model  43.92s var:12579/13939 constraints:20024/25447 compo:9578,42,41,41,41,41,41,41,41,41,... [skipped_logs=7]
#Bound  44.31s best:inf   next:[-19400000,69567] no_lp
#Bound  44.58s best:inf   next:[-19300000,69567] no_lp
#Model  44.88s var:12460/13939 constraints:19583/25447 compo:8584,42,41,41,41,41,41,41,41,41,... [skipped_logs=5]
#Model  45.71s var:12424/13939 constraints:19436/25447 compo:8548,42,41,41,41,41,41,41,41,41,... [skipped_logs=2]
#Bound  46.21s best:inf   next:[-18500000,69567] default_lp
#Bound  46.22s best:inf   next:[-18200000,69567] default_lp
#Bound  46.26s best:inf   next:[-18100000,69567] default_lp
#Model  46.34s var:12335/13939 constraints:19095/25447 compo:8014,42,41,41,41,41,41,41,41,41,... [skipped_logs=3]
#Bound  47.75s best:inf   next:[-18000000,69567] default_lp
#Model  47.85s var:12328/13939 constraints:19068/25447 compo:7971,42,41,41,41,41,41,41,41,41,... [skipped_logs=0]
#Bound  49.07s best:inf   next:[-17900000,69567] default_lp
#Model  49.16s var:12321/13939 constraints:19040/25447 compo:7929,42,41,41,41,41,41,41,41,41,...
#Bound  50.09s best:inf   next:[-17800000,69567] no_lp
#Model  50.17s var:12314/13939 constraints:19012/25447 compo:7886,42,41,41,41,41,41,41,41,41,...
#Model  53.19s var:12313/13939 constraints:19009/25447 compo:7885,42,41,41,41,41,41,41,41,41,...
#Bound  53.27s best:inf   next:[-17700000,69567] default_lp
#Model  53.29s var:12306/13939 constraints:18981/25447 compo:7842,42,41,41,41,41,41,41,41,41,...
#Model  55.03s var:12305/13939 constraints:18978/25447 compo:7841,42,41,41,41,41,41,41,41,41,...
#Bound  56.31s best:inf   next:[-17600000,69567] default_lp
#Model  56.42s var:12298/13939 constraints:18950/25447 compo:7798,42,41,41,41,41,41,41,41,41,...
#Bound  57.00s best:inf   next:[-17500000,69567] no_lp
#Bound  57.03s best:inf   next:[-17400000,69567] no_lp
#Model  57.03s var:12291/13939 constraints:18922/25447 compo:7754,42,41,41,41,41,41,41,41,41,...
#Model  57.14s var:12282/13939 constraints:18888/25447 compo:7709,42,41,41,41,41,41,41,41,41,...
#Model  57.77s var:12274/13939 constraints:18858/25447 compo:7660,42,41,41,41,41,41,41,41,41,...
#Bound  59.64s best:inf   next:[-17300000,69567] no_lp
#Bound  59.66s best:inf   next:[-17200000,69567] no_lp
#Model  59.68s var:12205/13939 constraints:18643/25447 compo:7556,42,41,41,41,41,41,41,41,41,...
#Model  60.33s var:12204/13939 constraints:18640/25447 compo:7555,42,41,41,41,41,41,41,41,41,...
#Model  61.14s var:12202/13939 constraints:18634/25447 compo:7553,42,41,41,41,41,41,41,41,41,...
#Model  61.25s var:12200/13939 constraints:18628/25447 compo:7551,42,41,41,41,41,41,41,41,41,...
#Bound  61.58s best:inf   next:[-17100000,69567] no_lp
#Bound  61.69s best:inf   next:[-17000000,69567] no_lp
#Bound  61.71s best:inf   next:[-16800000,69567] no_lp
#Bound  61.74s best:inf   next:[-16700000,69567] no_lp
#Bound  61.80s best:inf   next:[-16600000,69567] no_lp
#Model  61.89s var:12102/13939 constraints:18250/25447 compo:7235,42,41,41,41,41,41,41,41,41,... [skipped_logs=5]
#Bound  62.25s best:inf   next:[-16500000,69567] no_lp
#Bound  62.30s best:inf   next:[-16400000,69567] no_lp
#Bound  62.31s best:inf   next:[-16300000,69567] no_lp
#Bound  62.33s best:inf   next:[-16200000,69567] no_lp
#Bound  62.35s best:inf   next:[-16100000,69567] no_lp
#Bound  62.37s best:inf   next:[-16000000,69567] no_lp
#Bound  62.44s best:inf   next:[-15900000,69567] no_lp
#Bound  62.45s best:inf   next:[-15800000,69567] no_lp
#Bound  62.49s best:inf   next:[-15700000,69567] no_lp
#Bound  62.50s best:inf   next:[-15600000,69567] no_lp
#Bound  62.54s best:inf   next:[-15500000,69567] no_lp
#Bound  62.54s best:inf   next:[-15400000,69567] no_lp
#Bound  62.55s best:inf   next:[-15300000,69567] no_lp
#Bound  62.74s best:inf   next:[-15200000,69567] no_lp
#Bound  62.78s best:inf   next:[-15100000,69567] no_lp
#Bound  62.80s best:inf   next:[-15000000,69567] no_lp
#Bound  62.85s best:inf   next:[-14900000,69567] no_lp
#Bound  62.91s best:inf   next:[-14800000,69567] no_lp
#Bound  62.91s best:inf   next:[-14700000,69567] no_lp
#Bound  63.04s best:inf   next:[-14600000,69567] no_lp
#Model  62.95s var:11962/13939 constraints:17697/25447 compo:6393,42,41,41,41,41,41,41,41,41,... [skipped_logs=6]
#Model  63.05s var:11960/13939 constraints:17691/25447 compo:6357,42,41,41,41,41,41,41,41,41,... [skipped_logs=0]
#Bound  67.64s best:inf   next:[-14500000,69567] no_lp
#Bound  67.66s best:inf   next:[-14400000,69567] no_lp
#Model  67.69s var:11946/13939 constraints:17635/25447 compo:6272,42,41,41,41,41,41,41,41,41,...
#Bound  68.00s best:inf   next:[-14300000,69567] no_lp
#Model  68.06s var:11939/13939 constraints:17607/25447 compo:6226,42,41,41,41,41,41,41,41,41,...
#Bound  68.08s best:inf   next:[-14200000,69567] no_lp
#Model  68.17s var:11932/13939 constraints:17579/25447 compo:6185,42,41,41,41,41,41,41,41,41,...
#Model  87.78s var:11927/13939 constraints:17557/25447 compo:6180,42,41,41,41,41,41,41,41,41,...
#Model  88.29s var:11925/13939 constraints:17551/25447 compo:6142,42,41,41,41,41,41,41,41,41,...
#Bound  89.52s best:inf   next:[-14100000,69567] default_lp
#Model  89.63s var:11902/13939 constraints:17482/25447 compo:6119,42,41,41,41,41,41,41,41,41,...
#Model  91.25s var:11901/13939 constraints:17479/25447 compo:6118,42,41,41,41,41,41,41,41,41,...
#Bound  91.37s best:inf   next:[-14000000,69567] default_lp
#Model  91.46s var:11893/13939 constraints:17449/25447 compo:6074,42,41,41,41,41,41,41,41,41,...
#Model  91.91s var:11892/13939 constraints:17446/25447 compo:6073,42,41,41,41,41,41,41,41,41,...
#Model  92.82s var:11881/13939 constraints:17411/25447 compo:6062,42,41,41,41,41,41,41,41,41,...
#Bound  94.54s best:inf   next:[-13900000,69567] no_lp
#Model  94.60s var:11877/13939 constraints:17393/25447 compo:6026,42,41,41,41,41,41,41,41,41,...
#Model  95.71s var:11876/13939 constraints:17390/25447 compo:6025,42,41,41,41,41,41,41,41,41,...
#Model  97.73s var:11875/13939 constraints:17387/25447 compo:6024,42,41,41,41,41,41,41,41,41,...
#Bound  99.33s best:inf   next:[-13800000,69567] no_lp
#Model  99.36s var:11868/13939 constraints:17359/25447 compo:5980,42,41,41,41,41,41,41,41,41,...
#Model  99.77s var:11859/13939 constraints:17332/25447 compo:5971,42,41,41,41,41,41,41,41,41,...
#Bound 100.25s best:inf   next:[-13700000,69567] default_lp
#Model 100.28s var:11854/13939 constraints:17309/25447 compo:5939,42,41,41,41,41,41,41,41,41,...
#Model 100.99s var:11846/13939 constraints:17278/25447 compo:5895,42,41,41,41,41,41,41,41,41,...
#Model 105.61s var:11845/13939 constraints:17275/25447 compo:5894,42,41,41,41,41,41,41,41,41,...
#Bound 107.29s best:inf   next:[-13600000,69567] no_lp
#Model 107.42s var:11837/13939 constraints:17251/25447 compo:5886,42,41,41,41,41,41,41,41,41,...
#Model 110.74s var:11836/13939 constraints:17248/25447 compo:5885,42,41,41,41,41,41,41,41,41,...
#Bound 114.09s best:inf   next:[-13500000,69567] default_lp
#Model 114.15s var:11827/13939 constraints:17215/25447 compo:5838,42,41,41,41,41,41,41,41,41,...

Task timing                             n [     min,      max]      avg      dev     time         n [     min,      max]      avg      dev    dtime
                        'core':         1 [   1.84m,    1.84m]    1.84m   0.00ns    1.84m         2 [   1.00s,   33.23s]   17.12s   16.11s   34.23s
                  'default_lp':         1 [   1.84m,    1.84m]    1.84m   0.00ns    1.84m         2 [   1.00s,   43.83s]   22.42s   21.41s   44.83s
            'feasibility_pump':        37 [ 15.54ms,    3.96s]    1.27s    1.03s   46.96s        36 [ 21.62ms, 689.77ms] 326.21ms 159.52ms   11.74s
                          'fj':         5 [194.84ms,   43.77s]   16.07s   19.55s    1.34m         5 [ 36.98ms, 101.58ms]  87.95ms  25.48ms 439.73ms
               'graph_arc_lns':         0 [  0.00ns,   0.00ns]   0.00ns   0.00ns   0.00ns         0 [  0.00ns,   0.00ns]   0.00ns   0.00ns   0.00ns
               'graph_cst_lns':         0 [  0.00ns,   0.00ns]   0.00ns   0.00ns   0.00ns         0 [  0.00ns,   0.00ns]   0.00ns   0.00ns   0.00ns
               'graph_dec_lns':         0 [  0.00ns,   0.00ns]   0.00ns   0.00ns   0.00ns         0 [  0.00ns,   0.00ns]   0.00ns   0.00ns   0.00ns
               'graph_var_lns':         0 [  0.00ns,   0.00ns]   0.00ns   0.00ns   0.00ns         0 [  0.00ns,   0.00ns]   0.00ns   0.00ns   0.00ns
                          'ls':         0 [  0.00ns,   0.00ns]   0.00ns   0.00ns   0.00ns         0 [  0.00ns,   0.00ns]   0.00ns   0.00ns   0.00ns
                       'no_lp':         1 [   1.84m,    1.84m]    1.84m   0.00ns    1.84m         2 [   1.00s,   49.15s]   25.08s   24.07s   50.16s
     'packing_precedences_lns':         0 [  0.00ns,   0.00ns]   0.00ns   0.00ns   0.00ns         0 [  0.00ns,   0.00ns]   0.00ns   0.00ns   0.00ns
          'packing_random_lns':         0 [  0.00ns,   0.00ns]   0.00ns   0.00ns   0.00ns         0 [  0.00ns,   0.00ns]   0.00ns   0.00ns   0.00ns
           'packing_slice_lns':         0 [  0.00ns,   0.00ns]   0.00ns   0.00ns   0.00ns         0 [  0.00ns,   0.00ns]   0.00ns   0.00ns   0.00ns
          'packing_square_lns':         0 [  0.00ns,   0.00ns]   0.00ns   0.00ns   0.00ns         0 [  0.00ns,   0.00ns]   0.00ns   0.00ns   0.00ns
            'packing_swap_lns':         0 [  0.00ns,   0.00ns]   0.00ns   0.00ns   0.00ns         0 [  0.00ns,   0.00ns]   0.00ns   0.00ns   0.00ns
                   'rins/rens':         0 [  0.00ns,   0.00ns]   0.00ns   0.00ns   0.00ns         0 [  0.00ns,   0.00ns]   0.00ns   0.00ns   0.00ns
                 'rnd_cst_lns':         0 [  0.00ns,   0.00ns]   0.00ns   0.00ns   0.00ns         0 [  0.00ns,   0.00ns]   0.00ns   0.00ns   0.00ns
                 'rnd_var_lns':         0 [  0.00ns,   0.00ns]   0.00ns   0.00ns   0.00ns         0 [  0.00ns,   0.00ns]   0.00ns   0.00ns   0.00ns
  'scheduling_precedences_lns':         0 [  0.00ns,   0.00ns]   0.00ns   0.00ns   0.00ns         0 [  0.00ns,   0.00ns]   0.00ns   0.00ns   0.00ns

Search stats     Bools  Conflicts  Branches  Restarts  BacktrackToRoot  Backtrack  BoolPropag  IntegerPropag
        'core':  6'419        333    60'343         6            1'696      1'914     116'069        678'465
  'default_lp':  8'105        820   136'079         8           11'874     21'910     254'230      1'476'051
       'no_lp':  6'575        888   150'296         7           12'824     21'881     247'422      1'734'810

SAT formula      Fixed  Equiv  Total  VarLeft  BinaryClauses  PermanentClauses  TemporaryClauses
        'core':  2'112     74  6'419    4'233          9'956             1'097                 8
  'default_lp':  2'222    377  8'105    5'506         12'058               755                 0
       'no_lp':  2'167    369  6'575    4'039          7'862               746                 4

SAT stats        ClassicMinim  LitRemoved  LitRemovedBinary  LitLearned  LitForgotten  Subsumed
        'core':            44          62                73         761             0       125
  'default_lp':            43          55               115       1'470             0       341
       'no_lp':            67         131               245       1'715             0       406

Vivification     Clauses  Decisions  LitTrue  Subsumed  LitRemoved  DecisionReused  Conflicts
        'core':        0          0        0         0           0               0          0
  'default_lp':    6'228     11'410      412       122       1'826             649         79
       'no_lp':    6'398     11'632      475       109       2'079             707         85

Clause deletion    at_true  l_and_not(l)  to_binary  sub_conflict  sub_extra  sub_decisions  sub_eager  sub_vivify  sub_probing  sub_inpro  blocked  eliminated  forgotten  promoted  conflicts
          'core':    1'507             0        239           116          7              0          9           0            0          0        0           0          0        26        333
    'default_lp':    1'008           236        466           338          2              1          3         122           35         18        0           0          0         1        820
         'no_lp':      894           141        575           401          2              3          5         109           94          8        0           0          0         7        888

Lp stats         Component  Iterations  AddedCuts  OPTIMAL  DUAL_F.  DUAL_U.
  'default_lp':        135      58'560      1'723   56'859        0        0

Lp dimension     Final dimension of first component
  'default_lp':        4 rows, 9 columns, 9 entries

Lp debug         CutPropag  CutEqPropag  Adjust  Overflow     Bad  BadScaling
  'default_lp':         16            2       0         0  50'132           0

Lp pool          Constraints  Updates  Simplif  Merged  Shortened  Split  Strengthened    Cuts/Call
  'default_lp':       13'128       99    3'458       0        262      0            23  1'723/9'685

Lp Cut            default_lp
          CG_FF:          86
           CG_K:         178
           CG_R:         139
          CG_RB:          30
         CG_RBP:           6
             IB:         176
       MIR_1_FF:           4
        MIR_1_K:           1
        MIR_1_R:           9
       MIR_1_RB:           5
      MIR_1_RBP:           2
       MIR_2_FF:          75
        MIR_2_K:         291
        MIR_2_R:         189
       MIR_2_RB:           8
       MIR_3_FF:          30
        MIR_3_K:          42
        MIR_3_R:         220
       MIR_3_RB:           4
      MIR_3_RBP:           2
       MIR_4_FF:           2
        MIR_4_R:          13
       MIR_5_FF:           1
        MIR_5_K:           3
        MIR_5_R:           1
       MIR_6_FF:           1
   ZERO_HALF_FF:          43
    ZERO_HALF_K:          29
    ZERO_HALF_R:         127
   ZERO_HALF_RB:           5
  ZERO_HALF_RBP:           1

LNS stats                        Improv/Calls  Closed  Difficulty  TimeLimit
               'graph_arc_lns':           0/0      0%    5.00e-01       0.10
               'graph_cst_lns':           0/0      0%    5.00e-01       0.10
               'graph_dec_lns':           0/0      0%    5.00e-01       0.10
               'graph_var_lns':           0/0      0%    5.00e-01       0.10
     'packing_precedences_lns':           0/0      0%    5.00e-01       0.10
          'packing_random_lns':           0/0      0%    5.00e-01       0.10
           'packing_slice_lns':           0/0      0%    5.00e-01       0.10
          'packing_square_lns':           0/0      0%    5.00e-01       0.10
            'packing_swap_lns':           0/0      0%    5.00e-01       0.10
                   'rins/rens':           0/0      0%    5.00e-01       0.10
                 'rnd_cst_lns':           0/0      0%    5.00e-01       0.10
                 'rnd_var_lns':           0/0      0%    5.00e-01       0.10
  'scheduling_precedences_lns':           0/0      0%    5.00e-01       0.10

LS stats                            Batches  Restarts/Perturbs  LinMoves  GenMoves  CompoundMoves  Bactracks  WeightUpdates  ScoreComputed
                     'fj_restart':        1                  1     2'078         0              0          0              1        106'759
    'fj_restart_compound_perturb':        1                  1         0        42             33          0              0          2'936
               'fj_restart_decay':        1                  1     2'126         0              0          0              1        104'188
  'fj_restart_decay_compound_obj':        1                  1         0        35             17          9              0          1'328
             'fj_restart_perturb':        1                  1     2'288         0              0          0              1        107'596

Objective bounds     Num
      'default_lp':   17
  'initial_domain':    1
           'no_lp':   63

Solution repositories    Added  Queried  Synchro
    'alternative_path':      0        0        0
      'best_solutions':      0        0        0
   'fj solution hints':      0        0        0
        'lp solutions':      0        0        0
                'pump':      0        0

Improving bounds shared      Num  Sym
                  'core':     87    0
            'default_lp':    432    0
                 'no_lp':  1'766    0

Clauses shared    #Exported  #Imported  #BinaryRead  #BinaryTotal
         'core':        182        131        2'697         2'697
   'default_lp':        627        163        2'693         2'697
        'no_lp':      2'117         98        2'646         2'697

LRAT_status: NA
CpSolverResponse summary:
status: UNKNOWN
objective: 69567
best_bound: -13500000
integers: 11096
booleans: 8105
conflicts: 820
branches: 136079
propagations: 254230
integer_propagations: 1476051
restarts: 8
lp_iterations: 58560
walltime: 136.732
usertime: 136.732
deterministic_time: 144.445
gap_integral: 2325.92

