{"schema": "s2-polyline-joint-v1", "is_layout": false, "W": 15, "H": 11, "machines": 4, "routes_count": 4, "rect": null, "fixed_poles": true, "poles": 0, "regions": false, "restrictions": ["three segments per route", "no bridge on any waypoint", "fixed outlet order and corner gaps"], "workers": 1, "seed": 1, "variables": 324, "constraints": 514, "build_seconds": 0.0015568360031466, "validation": ""}

Starting CP-SAT solver v9.15.6755
Parameters: random_seed: 1 max_time_in_seconds: 30 log_search_progress: true num_workers: 1

Initial optimization model '': (model_fingerprint: 0x178188a28c2e9016)
#Variables: 324 (#ints: 4 in objective) (144 primary variables)
  - 100 Booleans in [0,1]
  - 16 in [-1,9]
  - 12 in [0,3]
  - 16 in [0,10]
  - 88 in [0,14]
  - 48 in [0,15]
  - 24 in [0,16]
  - 4 in [1,11]
  - 4 in [1,15]
  - 4 in [1,52]
  - 8 in [2,9]
#kBoolAnd: 48 (#enforced: 48) (#literals: 144)
#kBoolOr: 48 (#enforced: 48) (#literals: 96)
#kInterval: 112 (#enforced: 96)
#kLinMax: 96 (#expressions: 192)
#kLinear1: 108 (#enforced: 96)
#kLinear2: 32 (#enforced: 8)
#kLinear3: 48
#kLinearN: 8 (#enforced: 8) (#terms: 32)
#kNoOverlap2D: 2 (#rectangles: 88, #optional: 72, #linear_areas: 24, #quadratic_areas: 8)
#kTable: 12

Starting presolve at 0.00s
  4.29e-05s  0.00e+00d  [DetectDominanceRelations] 
  1.77e-03s  6.76e-06d  [PresolveToFixPoint] #num_loops=9 #num_dual_strengthening=2 
  4.08e-06s  0.00e+00d  [ExtractEncodingFromLinear] 
  5.65e-06s  0.00e+00d  [DetectDuplicateColumns] 
  3.81e-05s  0.00e+00d  [DetectDuplicateConstraints] #duplicates=21 
[Symmetry] Graph for symmetry has 903 nodes and 1'321 arcs.
[Symmetry] Symmetry computation done. time: 8.5929e-05 dtime: 0.00019751
[SAT presolve] num removable Booleans: 2 / 81
[SAT presolve] num trivial clauses: 0
[SAT presolve] [0s] clauses:97 literals:223 vars:65 one_side_vars:0 simple_definition:57 singleton_clauses:0
[SAT presolve] [9.062e-06s] clauses:97 literals:223 vars:65 one_side_vars:0 simple_definition:57 singleton_clauses:0
[SAT presolve] [1.713e-05s] clauses:93 literals:215 vars:63 one_side_vars:0 simple_definition:57 singleton_clauses:0
  4.40e-05s  0.00e+00d  [DetectDuplicateConstraintsWithDifferentEnforcements] #without_enforcements=71 
  1.90e-03s  5.19e-04d  [Probe] #probed=130 #fixed_bools=13 #new_bounds=21 #equiv=16 #new_binary_clauses=69 
  2.60e-05s  8.01e-06d  [MaxClique] Merged 64 constraints with 128 literals into 55 constraints with 114 literals
  4.29e-05s  0.00e+00d  [DetectDominanceRelations] 
  1.23e-03s  1.59e-05d  [PresolveToFixPoint] #num_loops=2 #num_dual_strengthening=1 
  1.05e-05s  0.00e+00d  [ProcessAtMostOneAndLinear] 
  2.69e-05s  0.00e+00d  [DetectDuplicateConstraints] #duplicates=6 
  2.47e-05s  0.00e+00d  [DetectDuplicateConstraintsWithDifferentEnforcements] #without_enforcements=26 
  9.48e-06s  3.23e-07d  [DetectDominatedLinearConstraints] #relevant_constraints=29 #num_inclusions=3 
  3.43e-06s  0.00e+00d  [DetectDifferentVariables] 
  1.28e-05s  4.63e-07d  [ProcessSetPPC] #relevant_constraints=37 #num_inclusions=20 
  2.59e-05s  5.02e-07d  [TransformClausesToExactlyOne] #num_amos=29 #num_clauses=14 #num_checked=14 
  1.91e-05s  0.00e+00d  [DetectEncodedComplexDomains] 
  1.57e-05s  1.50e-07d  [FindAlmostIdenticalLinearConstraints] #num_tested_pairs=10 #found=5 
  8.01e-06s  3.80e-06d  [FindBigAtMostOneAndLinearOverlap] 
  8.67e-06s  3.88e-06d  [FindBigVerticalLinearOverlap] 
  2.03e-06s  2.50e-08d  [FindBigHorizontalLinearOverlap] #linears=1 
  7.50e-06s  2.10e-07d  [MergeClauses] 
  3.82e-05s  0.00e+00d  [DetectDominanceRelations] 
  1.12e-03s  1.59e-05d  [PresolveToFixPoint] #num_loops=1 #num_dual_strengthening=1 
  3.68e-05s  0.00e+00d  [DetectDominanceRelations] 
  1.04e-03s  1.59e-05d  [PresolveToFixPoint] #num_loops=1 #num_dual_strengthening=1 
  5.84e-06s  0.00e+00d  [DetectDuplicateColumns] 
  2.38e-05s  0.00e+00d  [DetectDuplicateConstraints] #duplicates=2 
[Symmetry] Graph for symmetry has 726 nodes and 868 arcs.
[Symmetry] Symmetry computation done. time: 8.0809e-05 dtime: 0.00014054
[Symmetry] #generators: 5, average support size: 3.2
[Symmetry] 8 orbits on 16 variables with sizes: 2,2,2,2,2,2,2,2
[Symmetry] Found orbitope of size 1 x 2
[SAT presolve] num removable Booleans: 0 / 34
[SAT presolve] num trivial clauses: 0
[SAT presolve] [0s] clauses:39 literals:92 vars:34 one_side_vars:9 simple_definition:20 singleton_clauses:0
[SAT presolve] [6.655e-06s] clauses:39 literals:92 vars:34 one_side_vars:9 simple_definition:20 singleton_clauses:0
[SAT presolve] [9.761e-06s] clauses:39 literals:92 vars:34 one_side_vars:9 simple_definition:20 singleton_clauses:0
  3.10e-05s  0.00e+00d  [DetectDuplicateConstraintsWithDifferentEnforcements] #without_enforcements=26 
  1.48e-03s  4.44e-04d  [Probe] #probed=171 #fixed_bools=1 #new_bounds=3 #new_binary_clauses=68 
  1.99e-05s  8.11e-06d  [MaxClique] 
  4.09e-05s  0.00e+00d  [DetectDominanceRelations] 
  1.08e-03s  1.52e-05d  [PresolveToFixPoint] #num_loops=2 #num_dual_strengthening=1 
  9.36e-06s  0.00e+00d  [ProcessAtMostOneAndLinear] 
  2.14e-05s  0.00e+00d  [DetectDuplicateConstraints] 
  2.25e-05s  0.00e+00d  [DetectDuplicateConstraintsWithDifferentEnforcements] #without_enforcements=22 
  8.43e-06s  2.65e-07d  [DetectDominatedLinearConstraints] #relevant_constraints=24 #num_inclusions=3 
  3.14e-06s  0.00e+00d  [DetectDifferentVariables] 
  1.14e-05s  4.93e-07d  [ProcessSetPPC] #relevant_constraints=41 #num_inclusions=20 
  2.36e-05s  4.48e-07d  [TransformClausesToExactlyOne] #num_amos=29 #num_clauses=13 #num_checked=13 
  1.42e-05s  0.00e+00d  [DetectEncodedComplexDomains] 
  8.90e-06s  3.00e-08d  [FindAlmostIdenticalLinearConstraints] #num_tested_pairs=2 #found=2 
  8.11e-06s  3.98e-06d  [FindBigAtMostOneAndLinearOverlap] 
  8.37e-06s  3.65e-06d  [FindBigVerticalLinearOverlap] 
  1.97e-06s  2.50e-08d  [FindBigHorizontalLinearOverlap] #linears=1 
  6.87e-06s  1.95e-07d  [MergeClauses] 
  3.61e-05s  0.00e+00d  [DetectDominanceRelations] 
  1.04e-03s  1.52e-05d  [PresolveToFixPoint] #num_loops=1 #num_dual_strengthening=1 
  3.59e-05s  0.00e+00d  [DetectDominanceRelations] 
  9.78e-04s  1.52e-05d  [PresolveToFixPoint] #num_loops=1 #num_dual_strengthening=1 
  5.68e-06s  0.00e+00d  [DetectDuplicateColumns] 
  2.25e-05s  0.00e+00d  [DetectDuplicateConstraints] #duplicates=2 
[Symmetry] Graph for symmetry has 708 nodes and 823 arcs.
[Symmetry] Symmetry computation done. time: 7.1256e-05 dtime: 0.00013153
[Symmetry] #generators: 5, average support size: 3.2
[Symmetry] 8 orbits on 16 variables with sizes: 2,2,2,2,2,2,2,2
[Symmetry] Found orbitope of size 1 x 2
[SAT presolve] num removable Booleans: 0 / 33
[SAT presolve] num trivial clauses: 0
[SAT presolve] [0s] clauses:39 literals:91 vars:33 one_side_vars:10 simple_definition:18 singleton_clauses:0
[SAT presolve] [6.704e-06s] clauses:39 literals:91 vars:33 one_side_vars:10 simple_definition:18 singleton_clauses:0
[SAT presolve] [9.702e-06s] clauses:39 literals:91 vars:33 one_side_vars:10 simple_definition:18 singleton_clauses:0
  2.88e-05s  0.00e+00d  [DetectDuplicateConstraintsWithDifferentEnforcements] #without_enforcements=24 
  1.44e-03s  4.27e-04d  [Probe] #probed=170 #new_bounds=3 #new_binary_clauses=60 
  1.85e-05s  8.63e-06d  [MaxClique] 
  3.78e-05s  0.00e+00d  [DetectDominanceRelations] 
  1.21e-03s  1.52e-05d  [PresolveToFixPoint] #num_loops=2 #num_dual_strengthening=1 
  9.94e-06s  0.00e+00d  [ProcessAtMostOneAndLinear] 
  2.39e-05s  0.00e+00d  [DetectDuplicateConstraints] 
  2.39e-05s  0.00e+00d  [DetectDuplicateConstraintsWithDifferentEnforcements] #without_enforcements=24 
  8.30e-06s  2.42e-07d  [DetectDominatedLinearConstraints] #relevant_constraints=22 #num_inclusions=3 
  3.00e-06s  0.00e+00d  [DetectDifferentVariables] 
  1.38e-05s  5.89e-07d  [ProcessSetPPC] #relevant_constraints=50 #num_inclusions=20 
  2.46e-05s  5.84e-07d  [TransformClausesToExactlyOne] #num_amos=29 #num_clauses=21 #num_checked=21 
  2.27e-05s  0.00e+00d  [DetectEncodedComplexDomains] 
  8.23e-06s  1.50e-08d  [FindAlmostIdenticalLinearConstraints] #num_tested_pairs=1 #found=1 
  7.72e-06s  4.10e-06d  [FindBigAtMostOneAndLinearOverlap] 
  8.43e-06s  3.76e-06d  [FindBigVerticalLinearOverlap] 
  2.13e-06s  2.50e-08d  [FindBigHorizontalLinearOverlap] #linears=1 
  8.33e-06s  3.15e-07d  [MergeClauses] 
  3.79e-05s  0.00e+00d  [DetectDominanceRelations] 
  1.10e-03s  1.52e-05d  [PresolveToFixPoint] #num_loops=1 #num_dual_strengthening=1 
  1.47e-06s  0.00e+00d  [MergeNoOverlap] 
  5.71e-05s  0.00e+00d  [MergeNoOverlap2D] Merged 4 constraints with 46 rectangles into 3 constraints with 39 rectangles
  8.05e-06s  0.00e+00d  [ExpandObjective] #entries=22 #tight_variables=11 #tight_constraints=8 

Presolve summary:
  - 127 affine relations were detected.
  - rule 'TODO interval: same interval with different enforcement?' was applied 177 times.
  - rule 'TODO lin_max: linear expression above max' was applied 48 times.
  - rule 'TODO linear2: convert ax + by != cte to clauses for large domains' was applied 32 times.
  - rule 'affine: new relation' was applied 127 times.
  - rule 'at_most_one: removed literals' was applied 25 times.
  - rule 'at_most_one: size one' was applied 24 times.
  - rule 'at_most_one: transformed into max clique' was applied 1 time.
  - rule 'bool_and: always false' was applied 16 times.
  - rule 'bool_and: fixed literals' was applied 3 times.
  - rule 'bool_or: always true' was applied 19 times.
  - rule 'bool_or: implications' was applied 14 times.
  - rule 'bool_or: only one literal' was applied 35 times.
  - rule 'bool_or: removed enforcement literal' was applied 8 times.
  - rule 'deductions: 152 stored' was applied 1 time.
  - rule 'dual: make encoding equiv' was applied 32 times.
  - rule 'dual: reduced domain' was applied 4 times.
  - rule 'duplicate: remapped duplicate intervals' was applied 1 time.
  - rule 'duplicate: removed constraint' was applied 31 times.
  - rule 'duplicate: removed enforced constraint' was applied 10 times.
  - rule 'enforcement: false literal' was applied 84 times.
  - rule 'enforcement: true literal' was applied 23 times.
  - rule 'intervals: removed unused interval' was applied 40 times.
  - rule 'lin_max: affine_max target domain reduced' was applied 19 times.
  - rule 'lin_max: converted to equality' was applied 64 times.
  - rule 'lin_max: fixed affine_max target' was applied 4 times.
  - rule 'lin_max: removed exprs' was applied 48 times.
  - rule 'lin_max: target domain reduced' was applied 157 times.
  - rule 'linear1: transformed to implication' was applied 4 times.
  - rule 'linear1: x in domain' was applied 12 times.
  - rule 'linear2: convert implied ax + by == cte to clauses' was applied 1 time.
  - rule 'linear: advanced affine relation from 2 constraints' was applied 8 times.
  - rule 'linear: always true' was applied 6 times.
  - rule 'linear: empty' was applied 68 times.
  - rule 'linear: fixed or dup variables' was applied 298 times.
  - rule 'linear: never in domain' was applied 19 times.
  - rule 'linear: reduced variable domains' was applied 95 times.
  - rule 'linear: remapped using affine relations' was applied 425 times.
  - rule 'linear: singleton column' was applied 6 times.
  - rule 'linear: variable substitution 1' was applied 3 times.
  - rule 'linear: variable substitution 3' was applied 3 times.
  - rule 'new_bool: integer encoding' was applied 7 times.
  - rule 'no_overlap_2d: merged constraints' was applied 1 time.
  - rule 'no_overlap_2d: removed inactive boxes' was applied 8 times.
  - rule 'no_overlap_2d: split into disjoint components' was applied 1 time.
  - rule 'presolve: 133 unused variables removed.' was applied 1 time.
  - rule 'presolve: iteration' was applied 3 times.
  - rule 'probing: bool_or reduced to implication' was applied 7 times.
  - rule 'propagators: changed bounds' was applied 13 times.
  - rule 'propagators: fixed booleans' was applied 4 times.
  - rule 'table: all tuples!' was applied 12 times.
  - rule 'table: reduce variable domain' was applied 32 times.
  - rule 'table: remove expressions' was applied 12 times.
  - rule 'table: remove tuples' was applied 12 times.
  - rule 'variables: add encoding constraint' was applied 7 times.
  - rule 'variables: canonicalize domain' was applied 27 times.
  - rule 'variables: detect fully reified value encoding' was applied 50 times.
  - rule 'variables: detect half reified value encoding' was applied 104 times.

Presolved optimization model '': (model_fingerprint: 0xfc261c72d1093dbc)
#Variables: 92 (#ints: 4 in objective) (57 primary variables)
  - 40 Booleans in [0,1]
  - 3 in [0,2]
  - 2 in [0,3]
  - 11 in [0,4]
  - 4 in [0,5]
  - 4 in [0,6]
  - 3 in [0,8]
  - 4 in [0,9]
  - 4 in [0,10]
  - 1 in [1,4]
  - 4 in [2,10]
  - 1 in [2,13]
  - 1 in [2,22]
  - 4 in [4,10]
  - 2 in [10,13]
  - 2 in [11,14]
  - 2 in [11,15]
#kAtMostOne: 3 (#literals: 9)
#kBoolAnd: 15 (#enforced: 15) (#literals: 41)
#kBoolOr: 21 (#literals: 63)
#kInterval: 51 (#enforced: 40) (#fixed: 7)
#kLinMax: 28 (#expressions: 56)
#kLinear1: 59 (#enforced: 59)
#kLinear2: 6
#kLinear3: 11 (#enforced: 3)
#kLinearN: 4 (#enforced: 4) (#terms: 17)
#kNoOverlap2D: 3 (#rectangles: 39, #optional: 26, #linear_areas: 10, #fixed_rectangles: 6)
[Symmetry] Graph for symmetry has 464 nodes and 837 arcs.
[Symmetry] Symmetry computation done. time: 6.8618e-05 dtime: 0.00011807
[Symmetry] #generators: 5, average support size: 3.2
[Symmetry] The model contains 2 duplicate constraints !
[Symmetry] 8 orbits on 16 variables with sizes: 2,2,2,2,2,2,2,2
[Symmetry] Found orbitope of size 1 x 2

Preloading model.
#Bound   0.02s best:inf   next:[7,46]     initial_domain

Starting search at 0.02s with 1 workers.
1 full problem subsolver: [main]

[Encoding] 24 literals associated to VAR >= value, and 2 half-associations.
[Encoding] 28 literals associated to VAR == value, and 1 half-associations.
[Encoding] num_fully_encoded_variables:2
[Encoding] num_partially_encoded_variables:21
[Precedences] num_relations=0 num_clauses=35
[Precedences] Added 4 GreaterThanAtLeastOneOf() constraints.
[Probing] deterministic_time: 0.000291141 (limit: 1) wall_time: 0.00072452 (59/59)
[Probing]  - new binary clause: 35
[EncodingLinearRelaxation] #tight_equality:0 #loose_equality:0 #inequality:24
[LinearRelaxationBeforeCliqueExpansion] #linear:134 #at_most_ones:3
[FinalLinearRelaxation] #linear:71 #cut_generators:3
Initial num_bool: 60

Starting subsolver 'main' hint search at 0.02s
Starting subsolver 'main' search at 0.02s
#1       0.02s best:12    next:[7,11]     main (fixed_bools=1/67)
#2       0.02s best:11    next:[7,10]     main (fixed_bools=1/68)
#3       0.02s best:10    next:[7,9]      main (fixed_bools=3/73)
#4       0.02s best:9     next:[7,8]      main (fixed_bools=4/73)
#5       0.02s best:8     next:[7,7]      main (fixed_bools=6/73)
#6       0.02s best:7     next:[]         main (fixed_bools=16/73)
#Done    0.02s main

Task timing           n [     min,      max]      avg      dev     time         n [     min,      max]      avg      dev    dtime
      'main':         1 [  5.74ms,   5.74ms]   5.74ms   0.00ns   5.74ms         1 [  1.34ms,   1.34ms]   1.34ms   0.00ns   1.34ms

Search stats    Bools  Conflicts  Branches  Restarts  BacktrackToRoot  Backtrack  BoolPropag  IntegerPropag
       'main':     73         13       492         0              215        324       1'485          3'325

SAT formula    Fixed  Equiv  Total  VarLeft  BinaryClauses  PermanentClauses  TemporaryClauses
      'main':     16      1     73       56            208                29                 1

SAT stats    ClassicMinim  LitRemoved  LitRemovedBinary  LitLearned  LitForgotten  Subsumed
    'main':             1           1                 1          38             0         4

Vivification    Clauses  Decisions  LitTrue  Subsumed  LitRemoved  DecisionReused  Conflicts
       'main':       57        108        0         0           3               7          0

Clause deletion    at_true  l_and_not(l)  to_binary  sub_conflict  sub_extra  sub_decisions  sub_eager  sub_vivify  sub_probing  sub_inpro  blocked  eliminated  forgotten  promoted  conflicts
          'main':        0             0          0             2          0              0          2           0            9          0        0           0          0         1         13

Lp stats    Component  Iterations  AddedCuts  OPTIMAL  DUAL_F.  DUAL_U.
   'main':          4          63          0       95        0        0

Lp dimension    Final dimension of first component
       'main':        2 rows, 3 columns, 4 entries

Lp debug    CutPropag  CutEqPropag  Adjust  Overflow  Bad  BadScaling
   'main':          0            0       0         0    0           0

Lp pool    Constraints  Updates  Simplif  Merged  Shortened  Split  Strengthened  Cuts/Call
  'main':           72        0       24       0         18      0             0        0/0

Solutions (6)    Num   Rank
        'main':   12  [0,6]

Objective bounds     Num
  'initial_domain':    1

Solution repositories    Added  Queried  Synchro
    'alternative_path':      1        0        1
      'best_solutions':      6        0        6
   'fj solution hints':      0        0        0

LRAT_status: NA
CpSolverResponse summary:
status: OPTIMAL
objective: 7
best_bound: 7
integers: 68
booleans: 73
conflicts: 13
branches: 492
propagations: 1485
integer_propagations: 3325
restarts: 0
lp_iterations: 63
walltime: 0.0242318
usertime: 0.0242318
deterministic_time: 0.00291594
gap_integral: 0
solution_fingerprint: 0x7ad953cb38188a32

