{"schema": "s2-polyline-joint-v1", "is_layout": false, "partial_search": true, "W": 70, "H": 70, "machines": 230, "routes_count": 325, "rect": [64, 64, 6, 6], "fixed_poles": true, "poles": 25, "regions": true, "restrictions": ["three segments per route", "no bridge on any waypoint", "fixed outlet order and corner gaps", "regional machine domains"], "workers": 4, "seed": 2, "variables": 32717, "constraints": 65483, "build_seconds": 0.3392518420005217, "validation": ""}

Starting CP-SAT solver v9.15.6755
Parameters: random_seed: 2 max_time_in_seconds: 900 log_search_progress: true num_workers: 4

Initial optimization model '': (model_fingerprint: 0xc31b6b5d526ae979)
#Variables: 32'717 (#bools: 325 #ints: 325 in objective) (19'254 primary variables)
  - 14'850 Booleans in [0,1]
  - 1'300 in [-1,9]
  - 881 in [0,3]
  - 7'802 in [0,69]
  - 3'900 in [0,70]
  - 1'950 in [0,71]
  - 325 in [0,280]
  - 64 in [1,34]
  - 64 in [1,35]
  - 64 in [1,37]
  - 64 in [1,38]
  - 90 in [1,44]
  - 90 in [1,45]
  - 64 in [1,54]
  - 64 in [1,55]
  - 180 in [1,70]
  - 325 in [1,280]
  - 462 in [2,9]
  - 23 in [15,69]
  - 111 in [20,69]
  - 44 in [25,69]
#kBoolAnd: 4'550 (#enforced: 4'550) (#literals: 13'650)
#kBoolOr: 4'780 (#enforced: 4'550) (#literals: 14'850)
#kInterval: 9'056 (#enforced: 8'450) (#fixed: 144)
#kLinMax: 7'800 (#expressions: 15'600)
#kLinear1: 19'625 (#enforced: 19'625)
#kLinear2: 14'518 (#enforced: 12'475)
#kLinear3: 3'620
#kLinearN: 651 (#enforced: 650) (#terms: 2'925)
#kNoOverlap2D: 2 (#rectangles: 7'106, #optional: 6'500, #linear_areas: 1'950, #quadratic_areas: 462, #fixed_rectangles: 144)
#kTable: 881

Starting presolve at 0.04s
  9.05e-03s  0.00e+00d  [DetectDominanceRelations] 
  3.02e-01s  1.92e-04d  [PresolveToFixPoint] #num_loops=3 #num_dual_strengthening=1 
  5.14e-04s  0.00e+00d  [ExtractEncodingFromLinear] 
  3.83e-03s  0.00e+00d  [DetectDuplicateColumns] 
  1.22e-02s  0.00e+00d  [DetectDuplicateConstraints] #duplicates=2'263 
[Symmetry] Graph for symmetry has 188'432 nodes and 331'218 arcs.
[Symmetry] Symmetry computation done. time: 0.0952997 dtime: 0.130847
[Symmetry] #generators: 11, average support size: 993.818
[Symmetry] The model contains 66 duplicate constraints !
[Symmetry] 4066 orbits on 9252 variables with sizes: 4,4,4,4,4,4,4,4,4,4,...
[Symmetry] Found orbitope of size 140 x 2
[SAT presolve] num removable Booleans: 650 / 33'261
[SAT presolve] num trivial clauses: 0
[SAT presolve] [0s] clauses:13'924 literals:34'822 vars:11'998 one_side_vars:2854 simple_definition:7'844 singleton_clauses:0
[SAT presolve] [0.000405324s] clauses:13'924 literals:34'822 vars:11'998 one_side_vars:2854 simple_definition:7'844 singleton_clauses:0
[SAT presolve] [0.00336098s] clauses:13'924 literals:34'822 vars:11'998 one_side_vars:2854 simple_definition:7'844 singleton_clauses:0
  1.34e-02s  0.00e+00d  [DetectDuplicateConstraintsWithDifferentEnforcements] #without_enforcements=10'949 
  1.07e+01s  1.00e+00d *[Probe] #probed=12'956 #fixed_bools=56 #new_bounds=551 #equiv=16 #new_binary_clauses=7'185 
  6.73e-03s  3.34e-03d  [MaxClique] Merged 9'156 constraints with 18'312 literals into 8'827 constraints with 17'981 literals
  1.31e-02s  0.00e+00d  [DetectDominanceRelations] 
  3.07e-01s  3.06e-04d  [PresolveToFixPoint] #num_loops=3 #num_dual_strengthening=2 
  6.77e-03s  0.00e+00d  [ProcessAtMostOneAndLinear] 
  1.19e-02s  0.00e+00d  [DetectDuplicateConstraints] #duplicates=653 
  1.04e-02s  0.00e+00d  [DetectDuplicateConstraintsWithDifferentEnforcements] #without_enforcements=8'869 
  3.19e-03s  3.90e-05d  [DetectDominatedLinearConstraints] #relevant_constraints=3'881 
  2.60e-03s  0.00e+00d  [DetectDifferentVariables] 
  9.59e-03s  3.46e-04d  [ProcessSetPPC] #relevant_constraints=24'163 #num_inclusions=8'418 
  7.02e-03s  3.02e-04d  [TransformClausesToExactlyOne] #num_amos=8'745 #num_clauses=4'766 #num_checked=4'766 
  2.13e-02s  0.00e+00d  [DetectEncodedComplexDomains] 
  1.35e-03s  1.69e-05d  [FindAlmostIdenticalLinearConstraints] #num_tested_pairs=1'125 
  8.69e-03s  4.74e-03d  [FindBigAtMostOneAndLinearOverlap] 
  3.77e-03s  1.87e-03d  [FindBigVerticalLinearOverlap] 
  6.04e-04s  1.62e-06d  [FindBigHorizontalLinearOverlap] #linears=1 
  1.40e-03s  8.22e-05d  [MergeClauses] 
  1.30e-02s  0.00e+00d  [DetectDominanceRelations] 
  2.27e-01s  3.06e-04d  [PresolveToFixPoint] #num_loops=1 #num_dual_strengthening=1 
  1.30e-02s  0.00e+00d  [DetectDominanceRelations] 
  2.26e-01s  3.06e-04d  [PresolveToFixPoint] #num_loops=1 #num_dual_strengthening=1 
  3.41e-03s  0.00e+00d  [DetectDuplicateColumns] 
  9.03e-03s  0.00e+00d  [DetectDuplicateConstraints] 
[Symmetry] Graph for symmetry has 174'863 nodes and 294'288 arcs.
[Symmetry] Symmetry computation done. time: 0.0776161 dtime: 0.114267
[Symmetry] #generators: 11, average support size: 923.455
[Symmetry] The model contains 66 duplicate constraints !
[Symmetry] 3781 orbits on 8600 variables with sizes: 4,4,4,4,4,4,4,4,4,4,...
[Symmetry] Found orbitope of size 130 x 2
[SAT presolve] num removable Booleans: 0 / 30'773
[SAT presolve] num trivial clauses: 0
[SAT presolve] [0s] clauses:13'184 literals:33'284 vars:11'912 one_side_vars:3171 simple_definition:7'766 singleton_clauses:0
[SAT presolve] [0.000424329s] clauses:13'184 literals:33'284 vars:11'912 one_side_vars:3171 simple_definition:7'766 singleton_clauses:0
[SAT presolve] [0.00134187s] clauses:13'184 literals:33'284 vars:11'912 one_side_vars:3171 simple_definition:7'766 singleton_clauses:0
  1.27e-02s  0.00e+00d  [DetectDuplicateConstraintsWithDifferentEnforcements] #without_enforcements=8'869 
  7.31e+00s  1.00e+00d *[Probe] #probed=13'258 #new_bounds=13 #new_binary_clauses=6'459 
  7.17e-03s  3.35e-03d  [MaxClique] 
  1.33e-02s  0.00e+00d  [DetectDominanceRelations] 
  2.46e-01s  3.06e-04d  [PresolveToFixPoint] #num_loops=3 #num_dual_strengthening=2 
  6.73e-03s  0.00e+00d  [ProcessAtMostOneAndLinear] 
  9.37e-03s  0.00e+00d  [DetectDuplicateConstraints] 
  1.23e-02s  0.00e+00d  [DetectDuplicateConstraintsWithDifferentEnforcements] #without_enforcements=8'869 
  3.31e-03s  3.90e-05d  [DetectDominatedLinearConstraints] #relevant_constraints=3'881 
  2.72e-03s  0.00e+00d  [DetectDifferentVariables] 
  9.76e-03s  3.46e-04d  [ProcessSetPPC] #relevant_constraints=24'163 #num_inclusions=8'418 
  6.93e-03s  3.02e-04d  [TransformClausesToExactlyOne] #num_amos=8'745 #num_clauses=4'766 #num_checked=4'766 
  2.16e-02s  0.00e+00d  [DetectEncodedComplexDomains] 
  1.34e-03s  1.74e-05d  [FindAlmostIdenticalLinearConstraints] #num_tested_pairs=1'160 
  8.39e-03s  4.71e-03d  [FindBigAtMostOneAndLinearOverlap] 
  3.68e-03s  1.87e-03d  [FindBigVerticalLinearOverlap] 
  6.99e-04s  1.62e-06d  [FindBigHorizontalLinearOverlap] #linears=1 
  3.13e-03s  8.22e-05d  [MergeClauses] 
  1.33e-02s  0.00e+00d  [DetectDominanceRelations] 
  2.30e-01s  3.06e-04d  [PresolveToFixPoint] #num_loops=1 #num_dual_strengthening=1 
  1.50e-02s  0.00e+00d  [DetectDominanceRelations] 
  2.31e-01s  3.06e-04d  [PresolveToFixPoint] #num_loops=1 #num_dual_strengthening=1 
  5.01e-03s  0.00e+00d  [DetectDuplicateColumns] 
  9.23e-03s  0.00e+00d  [DetectDuplicateConstraints] 
[Symmetry] Graph for symmetry has 174'863 nodes and 294'288 arcs.
[Symmetry] Symmetry computation done. time: 0.0769119 dtime: 0.114067
[Symmetry] #generators: 11, average support size: 923.455
[Symmetry] The model contains 66 duplicate constraints !
[Symmetry] 3781 orbits on 8600 variables with sizes: 4,4,4,4,4,4,4,4,4,4,...
[Symmetry] Found orbitope of size 130 x 2
[SAT presolve] num removable Booleans: 0 / 30'773
[SAT presolve] num trivial clauses: 0
[SAT presolve] [0s] clauses:13'184 literals:33'284 vars:11'912 one_side_vars:3171 simple_definition:7'766 singleton_clauses:0
[SAT presolve] [0.000415184s] clauses:13'184 literals:33'284 vars:11'912 one_side_vars:3171 simple_definition:7'766 singleton_clauses:0
[SAT presolve] [0.00260885s] clauses:13'184 literals:33'284 vars:11'912 one_side_vars:3171 simple_definition:7'766 singleton_clauses:0
  1.31e-02s  0.00e+00d  [DetectDuplicateConstraintsWithDifferentEnforcements] #without_enforcements=8'869 
  7.14e+00s  1.00e+00d *[Probe] #probed=13'264 #new_binary_clauses=6'459 
  6.80e-03s  3.35e-03d  [MaxClique] 
  1.35e-02s  0.00e+00d  [DetectDominanceRelations] 
  2.37e-01s  3.06e-04d  [PresolveToFixPoint] #num_loops=1 #num_dual_strengthening=1 
  7.60e-03s  0.00e+00d  [ProcessAtMostOneAndLinear] 
  9.66e-03s  0.00e+00d  [DetectDuplicateConstraints] 
  1.14e-02s  0.00e+00d  [DetectDuplicateConstraintsWithDifferentEnforcements] #without_enforcements=8'869 
  4.31e-03s  3.90e-05d  [DetectDominatedLinearConstraints] #relevant_constraints=3'881 
  2.68e-03s  0.00e+00d  [DetectDifferentVariables] 
  1.05e-02s  3.46e-04d  [ProcessSetPPC] #relevant_constraints=24'163 #num_inclusions=8'418 
  8.84e-03s  3.02e-04d  [TransformClausesToExactlyOne] #num_amos=8'745 #num_clauses=4'766 #num_checked=4'766 
  2.03e-02s  0.00e+00d  [DetectEncodedComplexDomains] 
  3.14e-03s  1.52e-05d  [FindAlmostIdenticalLinearConstraints] #num_tested_pairs=1'011 
  6.43e-03s  4.72e-03d  [FindBigAtMostOneAndLinearOverlap] 
  6.09e-03s  1.87e-03d  [FindBigVerticalLinearOverlap] 
  8.14e-04s  1.62e-06d  [FindBigHorizontalLinearOverlap] #linears=1 
  3.33e-03s  8.22e-05d  [MergeClauses] 
  1.50e-02s  0.00e+00d  [DetectDominanceRelations] 
  2.31e-01s  3.06e-04d  [PresolveToFixPoint] #num_loops=1 #num_dual_strengthening=1 
  7.09e-04s  0.00e+00d  [MergeNoOverlap] 
  1.18e-01s  0.00e+00d  [MergeNoOverlap2D] 
  1.23e-02s  0.00e+00d  [ExpandObjective] #entries=354'918 #tight_variables=56'423 #tight_constraints=13'662 

Presolve summary:
  - 2589 affine relations were detected.
  - rule 'TODO dual: add implied bound' was applied 3'553 times.
  - rule 'TODO dual: only one blocking constraint?' was applied 32'504 times.
  - rule 'TODO dual: only one blocking enforced constraint?' was applied 3'553 times.
  - rule 'TODO interval: same interval with different enforcement?' was applied 27'658 times.
  - rule 'TODO lin_max: linear expression above max' was applied 810 times.
  - rule 'TODO linear2: contains a boolean' was applied 12'360 times.
  - rule 'affine: new relation' was applied 2'589 times.
  - rule 'at_most_one: removed literals' was applied 56 times.
  - rule 'at_most_one: resolved two constraints with opposite literal' was applied 2'416 times.
  - rule 'at_most_one: size one' was applied 56 times.
  - rule 'at_most_one: transformed into max clique' was applied 1 time.
  - rule 'bool_and: fixed literals' was applied 12 times.
  - rule 'bool_or: always true' was applied 168 times.
  - rule 'bool_or: fixed literals' was applied 244 times.
  - rule 'bool_or: implications' was applied 12 times.
  - rule 'bool_or: only one literal' was applied 2'866 times.
  - rule 'deductions: 37445 stored' was applied 1 time.
  - rule 'dual: make encoding equiv' was applied 20 times.
  - rule 'dual: reduced domain' was applied 133 times.
  - rule 'duplicate: merged rhs of linear constraint' was applied 2'072 times.
  - rule 'duplicate: remapped duplicate intervals' was applied 2 times.
  - rule 'duplicate: removed constraint' was applied 2'916 times.
  - rule 'duplicate: removed enforced constraint' was applied 1'944 times.
  - rule 'enforcement: false literal' was applied 4'429 times.
  - rule 'intervals: change duplicate index inside constraint' was applied 164 times.
  - rule 'lin_max: affine_max target domain reduced' was applied 130 times.
  - rule 'lin_max: converted to equality' was applied 24 times.
  - rule 'lin_max: removed exprs' was applied 18 times.
  - rule 'lin_max: target domain reduced' was applied 8'646 times.
  - rule 'linear2: boolean with one feasible value' was applied 56 times.
  - rule 'linear: always true' was applied 7'415 times.
  - rule 'linear: empty' was applied 390 times.
  - rule 'linear: fixed or dup variables' was applied 7'733 times.
  - rule 'linear: never in domain' was applied 732 times.
  - rule 'linear: reduced variable domains' was applied 6'446 times.
  - rule 'linear: remapped using affine relations' was applied 9'215 times.
  - rule 'linear: simplified rhs' was applied 674 times.
  - rule 'new_bool: integer encoding' was applied 10'608 times.
  - rule 'new_bool: table expansion' was applied 10'356 times.
  - rule 'new_bool: var with 2 values' was applied 82 times.
  - rule 'presolve: 3588 unused variables removed.' was applied 1 time.
  - rule 'presolve: iteration' was applied 3 times.
  - rule 'probing: simplified clauses' was applied 21 times.
  - rule 'propagators: changed bounds' was applied 924 times.
  - rule 'table: all tuples!' was applied 238 times.
  - rule 'table: expanded positive constraint' was applied 643 times.
  - rule 'table: reduce variable domain' was applied 1'809 times.
  - rule 'table: remove expressions' was applied 46 times.
  - rule 'table: remove tuples' was applied 46 times.
  - rule 'table: reused literals' was applied 39 times.
  - rule 'variables with 2 values: create encoding literal' was applied 82 times.
  - rule 'variables with 2 values: new affine relation' was applied 82 times.
  - rule 'variables: add encoding constraint' was applied 10'608 times.
  - rule 'variables: canonicalize domain' was applied 40 times.
  - rule 'variables: detect fully reified value encoding' was applied 3'900 times.
  - rule 'variables: detect half reified value encoding' was applied 8'622 times.
  - rule 'variables: only used in value and order encodings' was applied 834 times.

Presolved optimization model '': (model_fingerprint: 0x34314609348e5e62)
#Variables: 44'514 (#bools: 325 #ints: 324 in objective) (26'693 primary variables)
  - 30'629 Booleans in [0,1]
  - 194 different domains in [-1,280] with a largest complexity of 5.
#kAtMostOne: 327 (#literals: 981)
#kBoolAnd: 5'184 (#enforced: 5'184) (#literals: 13'602)
#kBoolOr: 4'766 (#literals: 16'448)
#kExactlyOne: 10'652 (#literals: 52'474)
#kInterval: 8'933 (#enforced: 8'440) (#fixed: 31)
#kLinMax: 7'776 (#expressions: 15'552)
#kLinear1: 28'137 (#enforced: 28'137)
#kLinear2: 1'565 (#enforced: 1'565)
#kLinear3: 3'230
#kLinearN: 651 (#enforced: 650) (#terms: 2'924)
#kNoOverlap2D: 2 (#rectangles: 7'106, #optional: 6'500, #linear_areas: 1'950, #quadratic_areas: 78, #fixed_rectangles: 144)
[Symmetry] Graph for symmetry has 165'574 nodes and 294'288 arcs.
[Symmetry] Symmetry computation done. time: 0.0742956 dtime: 0.113795
[Symmetry] #generators: 11, average support size: 923.455
[Symmetry] The model contains 66 duplicate constraints !
[Symmetry] 3781 orbits on 8600 variables with sizes: 4,4,4,4,4,4,4,4,4,4,...
[Symmetry] Found orbitope of size 130 x 2

Preloading model.
#Bound  28.62s best:inf   next:[-32500000,78437] initial_domain
#Model  28.65s var:44514/44514 constraints:71223/71223

Starting search at 28.67s with 4 workers.
3 full problem subsolvers: [core, default_lp, no_lp]
1 first solution subsolver: [fj]
15 interleaved subsolvers: [feasibility_pump, graph_arc_lns, graph_cst_lns, graph_dec_lns, graph_var_lns, ls, packing_precedences_lns, packing_random_lns, packing_slice_lns, packing_square_lns, packing_swap_lns, rins/rens, rnd_cst_lns, rnd_var_lns, scheduling_precedences_lns]
3 helper subsolvers: [neighborhood_helper, synchronization_agent, update_gap_integral]

#Bound  38.60s best:inf   next:[-32500000,78419] core (initial_propagation)

Task timing                             n [     min,      max]      avg      dev     time         n [     min,      max]      avg      dev    dtime
                        'core':         1 [  14.52m,   14.52m]   14.52m   0.00ns   14.52m         2 [   1.04s,    1.67m]   50.73s   49.70s    1.69m
                  'default_lp':         1 [  14.52m,   14.52m]   14.52m   0.00ns   14.52m         2 [   1.04s,    2.70m]    1.36m    1.34m    2.72m
            'feasibility_pump':      4464 [143.16us,    1.74s]  81.69ms 210.97ms    6.08m       804 [ 20.42ms, 175.22ms]  64.13ms  30.47ms   51.56s
                          'fj':        15 [157.57ms,    2.01m]   34.64s   40.66s    8.66m        15 [100.95ms, 108.49ms] 103.03ms   2.32ms    1.55s
               'graph_arc_lns':         0 [  0.00ns,   0.00ns]   0.00ns   0.00ns   0.00ns         0 [  0.00ns,   0.00ns]   0.00ns   0.00ns   0.00ns
               'graph_cst_lns':         0 [  0.00ns,   0.00ns]   0.00ns   0.00ns   0.00ns         0 [  0.00ns,   0.00ns]   0.00ns   0.00ns   0.00ns
               'graph_dec_lns':         0 [  0.00ns,   0.00ns]   0.00ns   0.00ns   0.00ns         0 [  0.00ns,   0.00ns]   0.00ns   0.00ns   0.00ns
               'graph_var_lns':         0 [  0.00ns,   0.00ns]   0.00ns   0.00ns   0.00ns         0 [  0.00ns,   0.00ns]   0.00ns   0.00ns   0.00ns
                          'ls':         0 [  0.00ns,   0.00ns]   0.00ns   0.00ns   0.00ns         0 [  0.00ns,   0.00ns]   0.00ns   0.00ns   0.00ns
                       'no_lp':         1 [  14.52m,   14.52m]   14.52m   0.00ns   14.52m         2 [   1.04s,    1.82m]   55.05s   54.02s    1.84m
     'packing_precedences_lns':         0 [  0.00ns,   0.00ns]   0.00ns   0.00ns   0.00ns         0 [  0.00ns,   0.00ns]   0.00ns   0.00ns   0.00ns
          'packing_random_lns':         0 [  0.00ns,   0.00ns]   0.00ns   0.00ns   0.00ns         0 [  0.00ns,   0.00ns]   0.00ns   0.00ns   0.00ns
           'packing_slice_lns':         0 [  0.00ns,   0.00ns]   0.00ns   0.00ns   0.00ns         0 [  0.00ns,   0.00ns]   0.00ns   0.00ns   0.00ns
          'packing_square_lns':         0 [  0.00ns,   0.00ns]   0.00ns   0.00ns   0.00ns         0 [  0.00ns,   0.00ns]   0.00ns   0.00ns   0.00ns
            'packing_swap_lns':         0 [  0.00ns,   0.00ns]   0.00ns   0.00ns   0.00ns         0 [  0.00ns,   0.00ns]   0.00ns   0.00ns   0.00ns
                   'rins/rens':         0 [  0.00ns,   0.00ns]   0.00ns   0.00ns   0.00ns         0 [  0.00ns,   0.00ns]   0.00ns   0.00ns   0.00ns
                 'rnd_cst_lns':         0 [  0.00ns,   0.00ns]   0.00ns   0.00ns   0.00ns         0 [  0.00ns,   0.00ns]   0.00ns   0.00ns   0.00ns
                 'rnd_var_lns':         0 [  0.00ns,   0.00ns]   0.00ns   0.00ns   0.00ns         0 [  0.00ns,   0.00ns]   0.00ns   0.00ns   0.00ns
  'scheduling_precedences_lns':         0 [  0.00ns,   0.00ns]   0.00ns   0.00ns   0.00ns         0 [  0.00ns,   0.00ns]   0.00ns   0.00ns   0.00ns

Search stats      Bools  Conflicts  Branches  Restarts  BacktrackToRoot  Backtrack  BoolPropag  IntegerPropag
        'core':  36'347      3'273   597'259        14           13'026     16'310   4'176'508     16'666'919
  'default_lp':  39'877      2'608   460'950        19          120'955    255'170   8'547'808      5'845'253
       'no_lp':  36'347      1'851   852'668        24           83'975    173'040   9'229'441     10'632'654

SAT formula      Fixed  Equiv   Total  VarLeft  BinaryClauses  PermanentClauses  TemporaryClauses
        'core':      0    211  36'347   36'136         99'780            20'446             2'784
  'default_lp':      0    501  39'877   39'376        101'296            17'308             1'956
       'no_lp':      0    501  36'347   35'846         93'880            17'319             1'559

SAT stats        ClassicMinim  LitRemoved  LitRemovedBinary  LitLearned  LitForgotten  Subsumed
        'core':         2'915     362'790           304'678   3'590'270             0       424
  'default_lp':         1'297       3'641               734      43'969             0       126
       'no_lp':         1'171       4'514             3'283      82'606             0       100

Vivification     Clauses  Decisions  LitTrue  Subsumed  LitRemoved  DecisionReused  Conflicts
        'core':       35        107        0         6          36               7          0
  'default_lp':   58'142    164'486        0     3'121      20'132           2'996          2
       'no_lp':   37'455    110'927        0     2'853      17'916           1'355          0

Clause deletion    at_true  l_and_not(l)  to_binary  sub_conflict  sub_extra  sub_decisions  sub_eager  sub_vivify  sub_probing  sub_inpro  blocked  eliminated  forgotten  promoted  conflicts
          'core':        0             0          0           357          4              0         67           6            0          0        0           0          0     5'633      3'273
    'default_lp':        0             5          5           101         21              0         25       3'121            0        391        0           0          0     2'727      2'608
         'no_lp':        0             4          2            76          2              2         24       2'853            0        367        0           0          0     2'487      1'851

Lp stats         Component  Iterations  AddedCuts  OPTIMAL  DUAL_F.  DUAL_U.
  'default_lp':          2     266'555      6'876   85'210       13        0

Lp dimension           Final dimension of first component
  'default_lp':  10156 rows, 17619 columns, 27786 entries

Lp debug         CutPropag  CutEqPropag  Adjust  Overflow      Bad  BadScaling
  'default_lp':        227            0       0         0  127'661           0

Lp pool          Constraints  Updates  Simplif  Merged  Shortened  Split  Strengthened     Cuts/Call
  'default_lp':       23'901    1'256       43       0          0    215            39  6'876/45'572

Lp Cut            default_lp
          CG_FF:          87
           CG_K:          91
           CG_R:          70
          CG_RB:         183
         CG_RBP:          28
             IB:       3'952
       MIR_1_FF:         100
        MIR_1_K:          13
        MIR_1_R:           1
       MIR_1_RB:          74
      MIR_1_RBP:           5
       MIR_2_FF:         104
        MIR_2_K:         109
        MIR_2_R:          47
       MIR_2_RB:          57
      MIR_2_RBP:          14
       MIR_3_FF:          93
        MIR_3_K:          45
        MIR_3_R:          54
       MIR_3_RB:          26
      MIR_3_RBP:          16
       MIR_4_FF:          64
        MIR_4_K:          37
        MIR_4_R:          37
       MIR_4_RB:          16
      MIR_4_RBP:           5
       MIR_5_FF:          44
        MIR_5_K:          45
        MIR_5_R:          40
       MIR_5_RB:          14
      MIR_5_RBP:           3
       MIR_6_FF:          24
        MIR_6_K:          29
        MIR_6_R:          28
       MIR_6_RB:           8
      MIR_6_RBP:           1
   ZERO_HALF_FF:         135
    ZERO_HALF_K:          64
    ZERO_HALF_R:         902
   ZERO_HALF_RB:         179
  ZERO_HALF_RBP:          32

LNS stats                        Improv/Calls  Closed  Difficulty  TimeLimit
               'graph_arc_lns':           0/0      0%    5.00e-01       0.10
               'graph_cst_lns':           0/0      0%    5.00e-01       0.10
               'graph_dec_lns':           0/0      0%    5.00e-01       0.10
               'graph_var_lns':           0/0      0%    5.00e-01       0.10
     'packing_precedences_lns':           0/0      0%    5.00e-01       0.10
          'packing_random_lns':           0/0      0%    5.00e-01       0.10
           'packing_slice_lns':           0/0      0%    5.00e-01       0.10
          'packing_square_lns':           0/0      0%    5.00e-01       0.10
            'packing_swap_lns':           0/0      0%    5.00e-01       0.10
                   'rins/rens':           0/0      0%    5.00e-01       0.10
                 'rnd_cst_lns':           0/0      0%    5.00e-01       0.10
                 'rnd_var_lns':           0/0      0%    5.00e-01       0.10
  'scheduling_precedences_lns':           0/0      0%    5.00e-01       0.10

LS stats                            Batches  Restarts/Perturbs  LinMoves  GenMoves  CompoundMoves  Bactracks  WeightUpdates  ScoreComputed
            'fj_restart_compound':        2                  1         0        62             59          0              0          2'806
    'fj_restart_compound_perturb':        1                  1         0        42             42          0              0          1'520
      'fj_restart_decay_compound':        3                  2         0        85             80          0              0          4'207
  'fj_restart_decay_compound_obj':        1                  1         0        48             48          0              0          1'270
           'fj_restart_decay_obj':        1                  1     1'430         0              0          0              0         34'164
   'fj_restart_decay_perturb_obj':        1                  1     1'447         0              0          0              0         30'307
                 'fj_restart_obj':        2                  1     4'487         0              0          0              1         93'441
             'fj_restart_perturb':        1                  1     1'545         0              0          0              0         33'850
         'fj_restart_perturb_obj':        3                  3     4'161         0              0          0              0         91'026

Objective bounds     Num
            'core':    1
  'initial_domain':    1

Solution repositories    Added  Queried  Synchro
    'alternative_path':      0        0        0
      'best_solutions':      0        0        0
   'fj solution hints':      4        0        4
        'lp solutions':      0        0        0
                'pump':      0        0

Improving bounds shared    Num  Sym
                  'core':  953    0
            'default_lp':  210   11

Clauses shared    #Exported  #Imported  #BinaryRead  #BinaryTotal
         'core':         49        119        3'683         3'740
   'default_lp':        361        172        3'736         3'740
        'no_lp':      3'588        112        3'726         3'740

LRAT_status: NA
CpSolverResponse summary:
status: UNKNOWN
objective: 78419
best_bound: -32500000
integers: 14427
booleans: 36347
conflicts: 1851
branches: 852668
propagations: 9229441
integer_propagations: 10632654
restarts: 24
lp_iterations: 0
walltime: 913.975
usertime: 913.975
deterministic_time: 430.932
gap_integral: 7402.21

