round 0 routed 142 best 142 slots 332 seconds 2.55
round 1 routed 141 best 142 slots 337 seconds 2.55
round 2 routed 139 best 142 slots 338 seconds 2.55
round 3 routed 140 best 142 slots 345 seconds 2.56
round 4 routed 140 best 142 slots 363 seconds 2.56
round 5 routed 140 best 142 slots 356 seconds 2.57
round 6 routed 140 best 142 slots 356 seconds 2.57
round 7 routed 140 best 142 slots 361 seconds 2.57
round 8 routed 140 best 142 slots 359 seconds 2.58
round 9 routed 140 best 142 slots 359 seconds 2.58
round 10 routed 140 best 142 slots 354 seconds 2.59
round 11 routed 141 best 142 slots 358 seconds 2.59
round 12 routed 141 best 142 slots 363 seconds 2.59
round 13 routed 141 best 142 slots 380 seconds 2.6
round 14 routed 141 best 142 slots 381 seconds 2.6
round 15 routed 141 best 142 slots 385 seconds 2.6
round 16 routed 141 best 142 slots 382 seconds 2.61
round 17 routed 141 best 142 slots 384 seconds 2.61
round 18 routed 141 best 142 slots 380 seconds 2.61
round 19 routed 141 best 142 slots 380 seconds 2.62
round 20 routed 141 best 142 slots 386 seconds 2.62
round 21 routed 141 best 142 slots 385 seconds 2.62
round 22 routed 141 best 142 slots 385 seconds 2.63
round 23 routed 141 best 142 slots 378 seconds 2.63
round 24 routed 140 best 142 slots 344 seconds 2.64
round 25 routed 140 best 142 slots 349 seconds 2.64
round 26 routed 141 best 142 slots 356 seconds 2.64
round 27 routed 141 best 142 slots 361 seconds 2.65
round 28 routed 141 best 142 slots 363 seconds 2.65
round 29 routed 141 best 142 slots 364 seconds 2.65
round 30 routed 141 best 142 slots 363 seconds 2.66
round 31 routed 141 best 142 slots 364 seconds 2.66
round 32 routed 142 best 142 slots 367 seconds 2.67
round 33 routed 142 best 142 slots 369 seconds 2.67
round 34 routed 142 best 142 slots 365 seconds 2.67
round 35 routed 142 best 142 slots 363 seconds 2.68
round 36 routed 142 best 142 slots 371 seconds 2.68
round 37 routed 142 best 142 slots 371 seconds 2.69
round 38 routed 142 best 142 slots 380 seconds 2.69
round 39 routed 142 best 142 slots 385 seconds 2.69
round 40 routed 142 best 142 slots 377 seconds 2.7
round 41 routed 142 best 142 slots 376 seconds 2.7
round 42 routed 142 best 142 slots 387 seconds 2.71
round 43 routed 142 best 142 slots 402 seconds 2.71
round 44 routed 142 best 142 slots 379 seconds 2.71
round 45 routed 142 best 142 slots 379 seconds 2.72
round 46 routed 142 best 142 slots 382 seconds 2.72
round 47 routed 142 best 142 slots 384 seconds 2.72
round 48 routed 142 best 142 slots 399 seconds 2.73
round 49 routed 142 best 142 slots 387 seconds 2.73
round 50 routed 142 best 142 slots 397 seconds 2.73
round 51 routed 142 best 142 slots 397 seconds 2.74
round 52 routed 142 best 142 slots 372 seconds 2.74
round 53 routed 142 best 142 slots 377 seconds 2.75
round 54 routed 142 best 142 slots 385 seconds 2.75
round 55 routed 142 best 142 slots 383 seconds 2.75
round 56 routed 140 best 142 slots 371 seconds 2.76
round 57 routed 140 best 142 slots 371 seconds 2.76
round 58 routed 140 best 142 slots 381 seconds 2.76
round 59 routed 140 best 142 slots 372 seconds 2.77
round 60 routed 139 best 142 slots 374 seconds 2.77
round 61 routed 139 best 142 slots 373 seconds 2.77
round 62 routed 140 best 142 slots 373 seconds 2.78
round 63 routed 140 best 142 slots 367 seconds 2.78
round 64 routed 141 best 142 slots 373 seconds 2.79
round 65 routed 141 best 142 slots 368 seconds 2.79
round 66 routed 141 best 142 slots 370 seconds 2.79
round 67 routed 142 best 142 slots 347 seconds 2.8
round 68 routed 141 best 142 slots 341 seconds 2.8
round 69 routed 141 best 142 slots 342 seconds 2.8
round 70 routed 141 best 142 slots 347 seconds 2.81
round 71 routed 141 best 142 slots 347 seconds 2.81
round 72 routed 141 best 142 slots 361 seconds 2.82
round 73 routed 141 best 142 slots 357 seconds 2.82
round 74 routed 140 best 142 slots 351 seconds 2.82
round 75 routed 140 best 142 slots 365 seconds 2.83
round 76 routed 140 best 142 slots 349 seconds 2.83
round 77 routed 140 best 142 slots 358 seconds 2.84
round 78 routed 140 best 142 slots 358 seconds 2.84
round 79 routed 140 best 142 slots 355 seconds 2.84
round 80 routed 140 best 142 slots 379 seconds 2.85
round 81 routed 140 best 142 slots 383 seconds 2.85
round 82 routed 140 best 142 slots 373 seconds 2.86
round 83 routed 141 best 142 slots 380 seconds 2.86
round 84 routed 141 best 142 slots 376 seconds 2.86
round 85 routed 141 best 142 slots 388 seconds 2.87
round 86 routed 141 best 142 slots 388 seconds 2.87
round 87 routed 140 best 142 slots 375 seconds 2.87
round 88 routed 140 best 142 slots 360 seconds 2.88
round 89 routed 140 best 142 slots 359 seconds 2.88
round 90 routed 141 best 142 slots 349 seconds 2.89
round 91 routed 141 best 142 slots 355 seconds 2.89
round 92 routed 141 best 142 slots 366 seconds 2.89
round 93 routed 141 best 142 slots 348 seconds 2.9
round 94 routed 141 best 142 slots 352 seconds 2.9
round 95 routed 141 best 142 slots 371 seconds 2.91
round 96 routed 141 best 142 slots 357 seconds 2.91
round 97 routed 141 best 142 slots 372 seconds 2.91
round 98 routed 141 best 142 slots 377 seconds 2.92
round 99 routed 141 best 142 slots 377 seconds 2.92
round 100 routed 141 best 142 slots 379 seconds 2.93
round 101 routed 141 best 142 slots 375 seconds 2.93
round 102 routed 142 best 142 slots 386 seconds 2.93
round 103 routed 142 best 142 slots 386 seconds 2.94
round 104 routed 141 best 142 slots 363 seconds 2.94
round 105 routed 142 best 142 slots 347 seconds 2.94
round 106 routed 142 best 142 slots 340 seconds 2.95
round 107 routed 141 best 142 slots 352 seconds 2.95
round 108 routed 141 best 142 slots 358 seconds 2.96
round 109 routed 141 best 142 slots 361 seconds 2.96
round 110 routed 141 best 142 slots 358 seconds 2.97
round 111 routed 141 best 142 slots 343 seconds 2.97
round 112 routed 141 best 142 slots 344 seconds 2.97
round 113 routed 142 best 142 slots 349 seconds 2.98
round 114 routed 142 best 142 slots 364 seconds 2.98
round 115 routed 142 best 142 slots 372 seconds 2.98
round 116 routed 142 best 142 slots 370 seconds 2.99
round 117 routed 142 best 142 slots 368 seconds 2.99
round 118 routed 142 best 142 slots 368 seconds 3.0
round 119 routed 142 best 142 slots 369 seconds 3.0
round 120 routed 142 best 142 slots 374 seconds 3.0
round 121 routed 142 best 142 slots 378 seconds 3.01
round 122 routed 142 best 142 slots 378 seconds 3.01
round 123 routed 142 best 142 slots 376 seconds 3.02
round 124 routed 142 best 142 slots 385 seconds 3.02
round 125 routed 142 best 142 slots 379 seconds 3.02
round 126 routed 142 best 142 slots 379 seconds 3.03
round 127 routed 142 best 142 slots 365 seconds 3.03
round 128 routed 142 best 142 slots 383 seconds 3.03
round 129 routed 142 best 142 slots 376 seconds 3.04
round 130 routed 142 best 142 slots 376 seconds 3.04
round 131 routed 142 best 142 slots 375 seconds 3.05
round 132 routed 142 best 142 slots 384 seconds 3.05
round 133 routed 142 best 142 slots 372 seconds 3.05
round 134 routed 142 best 142 slots 368 seconds 3.06
round 135 routed 141 best 142 slots 364 seconds 3.06
round 136 routed 141 best 142 slots 357 seconds 3.07
round 137 routed 140 best 142 slots 368 seconds 3.07
round 138 routed 141 best 142 slots 366 seconds 3.07
round 139 routed 141 best 142 slots 350 seconds 3.08
round 140 routed 141 best 142 slots 373 seconds 3.08
round 141 routed 141 best 142 slots 384 seconds 3.09
round 142 routed 141 best 142 slots 372 seconds 3.09
round 143 routed 141 best 142 slots 365 seconds 3.09
round 144 routed 141 best 142 slots 361 seconds 3.1
round 145 routed 142 best 142 slots 355 seconds 3.1
round 146 routed 142 best 142 slots 343 seconds 3.11
round 147 routed 142 best 142 slots 348 seconds 3.11
round 148 routed 141 best 142 slots 365 seconds 3.11
round 149 routed 141 best 142 slots 362 seconds 3.12
round 150 routed 141 best 142 slots 377 seconds 3.12
round 151 routed 141 best 142 slots 377 seconds 3.13
round 152 routed 141 best 142 slots 381 seconds 3.13
round 153 routed 141 best 142 slots 386 seconds 3.13
round 154 routed 142 best 142 slots 384 seconds 3.14
round 155 routed 142 best 142 slots 382 seconds 3.14
round 156 routed 142 best 142 slots 373 seconds 3.14
round 157 routed 142 best 142 slots 369 seconds 3.15
round 158 routed 142 best 142 slots 371 seconds 3.15
round 159 routed 142 best 142 slots 373 seconds 3.15
round 160 routed 142 best 142 slots 357 seconds 3.16
round 161 routed 142 best 142 slots 366 seconds 3.16
round 162 routed 142 best 142 slots 364 seconds 3.17
round 163 routed 141 best 142 slots 366 seconds 3.17
round 164 routed 141 best 142 slots 380 seconds 3.17
round 165 routed 141 best 142 slots 364 seconds 3.18
round 166 routed 141 best 142 slots 377 seconds 3.18
round 167 routed 141 best 142 slots 372 seconds 3.19
round 168 routed 142 best 142 slots 390 seconds 3.19
round 169 routed 142 best 142 slots 386 seconds 3.19
round 170 routed 142 best 142 slots 374 seconds 3.2
round 171 routed 142 best 142 slots 371 seconds 3.2
round 172 routed 141 best 142 slots 375 seconds 3.2
round 173 routed 141 best 142 slots 371 seconds 3.21
round 174 routed 141 best 142 slots 373 seconds 3.21
round 175 routed 141 best 142 slots 371 seconds 3.22
round 176 routed 141 best 142 slots 357 seconds 3.22
round 177 routed 141 best 142 slots 356 seconds 3.22
round 178 routed 141 best 142 slots 359 seconds 3.23
round 179 routed 141 best 142 slots 353 seconds 3.23
round 180 routed 141 best 142 slots 375 seconds 3.24
round 181 routed 141 best 142 slots 376 seconds 3.24
round 182 routed 141 best 142 slots 377 seconds 3.25
round 183 routed 141 best 142 slots 355 seconds 3.25
round 184 routed 141 best 142 slots 373 seconds 3.26
round 185 routed 141 best 142 slots 368 seconds 3.26
round 186 routed 141 best 142 slots 369 seconds 3.26
round 187 routed 141 best 142 slots 380 seconds 3.27
round 188 routed 141 best 142 slots 370 seconds 3.27
round 189 routed 141 best 142 slots 371 seconds 3.28
round 190 routed 141 best 142 slots 371 seconds 3.28
round 191 routed 140 best 142 slots 378 seconds 3.28
round 192 routed 139 best 142 slots 395 seconds 3.29
round 193 routed 139 best 142 slots 387 seconds 3.29
round 194 routed 139 best 142 slots 394 seconds 3.29
round 195 routed 139 best 142 slots 389 seconds 3.3
round 196 routed 139 best 142 slots 373 seconds 3.3
round 197 routed 139 best 142 slots 352 seconds 3.31
round 198 routed 139 best 142 slots 356 seconds 3.31
round 199 routed 139 best 142 slots 348 seconds 3.31
