round 0 routed 145 best 145 slots 326 seconds 8.71
round 1 routed 145 best 145 slots 326 seconds 8.72
round 2 routed 145 best 145 slots 331 seconds 8.74
round 3 routed 145 best 145 slots 347 seconds 8.76
round 4 routed 144 best 145 slots 363 seconds 8.78
round 5 routed 144 best 145 slots 363 seconds 8.79
round 6 routed 144 best 145 slots 369 seconds 8.81
round 7 routed 144 best 145 slots 371 seconds 8.82
round 8 routed 145 best 145 slots 374 seconds 8.84
round 9 routed 145 best 145 slots 385 seconds 8.85
round 10 routed 146 best 146 slots 361 seconds 8.87
round 11 routed 146 best 146 slots 370 seconds 8.88
round 12 routed 145 best 146 slots 358 seconds 8.9
round 13 routed 145 best 146 slots 358 seconds 8.91
round 14 routed 145 best 146 slots 379 seconds 8.93
round 15 routed 145 best 146 slots 376 seconds 8.94
round 16 routed 145 best 146 slots 374 seconds 8.96
round 17 routed 145 best 146 slots 379 seconds 8.97
round 18 routed 144 best 146 slots 384 seconds 8.98
round 19 routed 145 best 146 slots 389 seconds 8.99
round 20 routed 145 best 146 slots 376 seconds 9.01
round 21 routed 145 best 146 slots 376 seconds 9.02
round 22 routed 146 best 146 slots 363 seconds 9.04
round 23 routed 146 best 146 slots 377 seconds 9.05
round 24 routed 146 best 146 slots 372 seconds 9.07
round 25 routed 146 best 146 slots 383 seconds 9.09
round 26 routed 146 best 146 slots 360 seconds 9.11
round 27 routed 146 best 146 slots 358 seconds 9.12
round 28 routed 146 best 146 slots 367 seconds 9.14
round 29 routed 146 best 146 slots 375 seconds 9.16
round 30 routed 146 best 146 slots 379 seconds 9.17
round 31 routed 146 best 146 slots 390 seconds 9.18
round 32 routed 146 best 146 slots 393 seconds 9.2
round 33 routed 146 best 146 slots 396 seconds 9.21
round 34 routed 146 best 146 slots 389 seconds 9.22
round 35 routed 146 best 146 slots 371 seconds 9.24
round 36 routed 146 best 146 slots 359 seconds 9.26
round 37 routed 146 best 146 slots 369 seconds 9.27
round 38 routed 146 best 146 slots 369 seconds 9.29
round 39 routed 146 best 146 slots 383 seconds 9.3
round 40 routed 144 best 146 slots 380 seconds 9.32
round 41 routed 144 best 146 slots 380 seconds 9.33
round 42 routed 144 best 146 slots 381 seconds 9.34
round 43 routed 144 best 146 slots 376 seconds 9.36
round 44 routed 143 best 146 slots 373 seconds 9.38
round 45 routed 144 best 146 slots 370 seconds 9.4
round 46 routed 144 best 146 slots 377 seconds 9.42
round 47 routed 144 best 146 slots 374 seconds 9.43
round 48 routed 144 best 146 slots 361 seconds 9.45
round 49 routed 144 best 146 slots 361 seconds 9.47
round 50 routed 144 best 146 slots 384 seconds 9.49
round 51 routed 145 best 146 slots 364 seconds 9.51
round 52 routed 144 best 146 slots 393 seconds 9.52
round 53 routed 145 best 146 slots 391 seconds 9.54
round 54 routed 145 best 146 slots 383 seconds 9.55
round 55 routed 145 best 146 slots 383 seconds 9.56
round 56 routed 145 best 146 slots 384 seconds 9.57
round 57 routed 145 best 146 slots 388 seconds 9.59
round 58 routed 145 best 146 slots 388 seconds 9.6
round 59 routed 145 best 146 slots 380 seconds 9.61
round 60 routed 146 best 146 slots 363 seconds 9.63
round 61 routed 146 best 146 slots 363 seconds 9.64
round 62 routed 146 best 146 slots 363 seconds 9.65
round 63 routed 146 best 146 slots 363 seconds 9.67
round 64 routed 146 best 146 slots 335 seconds 9.7
round 65 routed 146 best 146 slots 347 seconds 9.71
round 66 routed 146 best 146 slots 347 seconds 9.73
round 67 routed 146 best 146 slots 368 seconds 9.75
round 68 routed 146 best 146 slots 347 seconds 9.78
round 69 routed 146 best 146 slots 346 seconds 9.8
round 70 routed 146 best 146 slots 346 seconds 9.82
round 71 routed 146 best 146 slots 366 seconds 9.84
round 72 routed 146 best 146 slots 356 seconds 9.86
round 73 routed 146 best 146 slots 357 seconds 9.88
round 74 routed 146 best 146 slots 357 seconds 9.89
round 75 routed 146 best 146 slots 358 seconds 9.91
round 76 routed 146 best 146 slots 358 seconds 9.93
round 77 routed 146 best 146 slots 349 seconds 9.94
round 78 routed 146 best 146 slots 367 seconds 9.96
round 79 routed 146 best 146 slots 366 seconds 9.98
round 80 routed 145 best 146 slots 374 seconds 10.0
round 81 routed 146 best 146 slots 379 seconds 10.01
round 82 routed 146 best 146 slots 371 seconds 10.03
round 83 routed 146 best 146 slots 381 seconds 10.04
round 84 routed 146 best 146 slots 372 seconds 10.05
round 85 routed 146 best 146 slots 388 seconds 10.07
round 86 routed 146 best 146 slots 382 seconds 10.08
round 87 routed 146 best 146 slots 362 seconds 10.1
round 88 routed 146 best 146 slots 365 seconds 10.11
round 89 routed 146 best 146 slots 363 seconds 10.12
round 90 routed 146 best 146 slots 384 seconds 10.14
round 91 routed 146 best 146 slots 378 seconds 10.16
round 92 routed 146 best 146 slots 389 seconds 10.18
round 93 routed 146 best 146 slots 391 seconds 10.19
round 94 routed 146 best 146 slots 386 seconds 10.2
round 95 routed 146 best 146 slots 391 seconds 10.21
round 96 routed 146 best 146 slots 382 seconds 10.23
round 97 routed 146 best 146 slots 379 seconds 10.24
round 98 routed 146 best 146 slots 381 seconds 10.25
round 99 routed 146 best 146 slots 384 seconds 10.26
round 100 routed 146 best 146 slots 389 seconds 10.28
round 101 routed 146 best 146 slots 389 seconds 10.29
round 102 routed 146 best 146 slots 392 seconds 10.3
round 103 routed 145 best 146 slots 396 seconds 10.31
round 104 routed 145 best 146 slots 368 seconds 10.33
round 105 routed 145 best 146 slots 369 seconds 10.34
round 106 routed 144 best 146 slots 380 seconds 10.35
round 107 routed 144 best 146 slots 381 seconds 10.37
round 108 routed 144 best 146 slots 364 seconds 10.39
round 109 routed 144 best 146 slots 364 seconds 10.41
round 110 routed 143 best 146 slots 367 seconds 10.42
round 111 routed 142 best 146 slots 385 seconds 10.45
round 112 routed 143 best 146 slots 364 seconds 10.47
round 113 routed 144 best 146 slots 368 seconds 10.48
round 114 routed 144 best 146 slots 364 seconds 10.5
round 115 routed 144 best 146 slots 390 seconds 10.52
round 116 routed 145 best 146 slots 388 seconds 10.54
round 117 routed 145 best 146 slots 369 seconds 10.56
round 118 routed 145 best 146 slots 390 seconds 10.57
round 119 routed 146 best 146 slots 380 seconds 10.59
round 120 routed 146 best 146 slots 380 seconds 10.6
round 121 routed 146 best 146 slots 380 seconds 10.62
round 122 routed 146 best 146 slots 376 seconds 10.63
round 123 routed 146 best 146 slots 382 seconds 10.64
round 124 routed 145 best 146 slots 377 seconds 10.66
round 125 routed 145 best 146 slots 356 seconds 10.67
round 126 routed 145 best 146 slots 357 seconds 10.69
round 127 routed 146 best 146 slots 362 seconds 10.71
round 128 routed 146 best 146 slots 383 seconds 10.74
round 129 routed 146 best 146 slots 380 seconds 10.75
round 130 routed 146 best 146 slots 380 seconds 10.76
round 131 routed 146 best 146 slots 383 seconds 10.78
round 132 routed 146 best 146 slots 374 seconds 10.79
round 133 routed 146 best 146 slots 374 seconds 10.81
round 134 routed 146 best 146 slots 379 seconds 10.83
round 135 routed 146 best 146 slots 357 seconds 10.84
round 136 routed 146 best 146 slots 378 seconds 10.86
round 137 routed 146 best 146 slots 377 seconds 10.88
round 138 routed 146 best 146 slots 376 seconds 10.89
round 139 routed 146 best 146 slots 370 seconds 10.91
round 140 routed 146 best 146 slots 367 seconds 10.92
round 141 routed 146 best 146 slots 370 seconds 10.94
round 142 routed 146 best 146 slots 374 seconds 10.95
round 143 routed 146 best 146 slots 370 seconds 10.96
round 144 routed 145 best 146 slots 369 seconds 10.98
round 145 routed 145 best 146 slots 365 seconds 10.99
round 146 routed 145 best 146 slots 365 seconds 11.01
round 147 routed 146 best 146 slots 370 seconds 11.02
round 148 routed 144 best 146 slots 377 seconds 11.04
round 149 routed 144 best 146 slots 377 seconds 11.06
