BUILT {"engine": "native", "S_branch": 187, "J_branch": 1, "groups": true, "workers": 1, "seed": 75, "source_sha256": "697ade0b50a59f702ded7689babbe85f1ba26fe8ac62dc9e0dff799f913c475a", "wrapper_sha256": "620abf71f03db41cd054001362619e03d1c13191a6e5c8dd42e403e172e77eb6", "time_limit": 180.0, "build_seconds": 5.436275915009901, "domain_count": 3970, "domain_sha256": "dff299bb520aeee61628e1565bf3d9f790d0e93d8b521e04d7c4fe73ccf745f5", "variables": 11988, "constraints": 15330, "model_sha256": "88323708d8b5bbd54dd50777e760e5855626f73b168b21cc595defe662cccaa4"}

Starting CP-SAT solver v9.15.6755
Parameters: random_seed: 75 max_time_in_seconds: 180 log_search_progress: true linearization_level: 2 num_search_workers: 1

Initial satisfaction model '': (model_fingerprint: 0x8a44b66fa0b7e3e1)
#Variables: 11'988 (8'970 primary variables)
  - 11'572 Booleans in [0,1]
  - 1 in [-4,16]
  - 1 in [-4,21]
  - 1 in [-4,48]
  - 1 in [-4,53]
  - 4 in [0,2]
  - 400 in [0,9]
  - 4 in [0,13]
  - 2 in [0,23]
  - 1 in [180,187]
  - 1 constants in {1} 
#kBoolOr: 3'744 (#enforced: 96) (#literals: 765'462)
#kLinear1: 1'507 (#enforced: 1'504)
#kLinear2: 798 (#enforced: 2 #multi: 2)
#kLinear3: 140 (#enforced: 3 #multi: 3)
#kLinearN: 9'136 (#enforced: 1'067 #multi: 267) (#terms: 931'377)
#kTable: 5

Starting presolve at 0.03s
  3.48e-02s  0.00e+00d  [DetectDominanceRelations] 
  1.96e-01s  0.00e+00d  [PresolveToFixPoint] #num_loops=3 #num_dual_strengthening=2 
  3.17e-04s  0.00e+00d  [ExtractEncodingFromLinear] #potential_supersets=3'590 #potential_subsets=2 
  2.70e-02s  0.00e+00d  [DetectDuplicateColumns] 
  1.41e-02s  0.00e+00d  [DetectDuplicateConstraints] #duplicates=3'654 
[Symmetry] Graph for symmetry has 31'148 nodes and 944'773 arcs.
[Symmetry] Symmetry computation done. time: 0.00951784 dtime: 0.0550337
[Symmetry] #generators: 8, average support size: 2
[Symmetry] 4 orbits on 12 variables with sizes: 3,3,3,3
[Symmetry] Found orbitope of size 1 x 3
[SAT presolve] num removable Booleans: 0 / 9'079
[SAT presolve] num trivial clauses: 0
[SAT presolve] [0s] clauses:6'738 literals:830'816 vars:8'815 one_side_vars:8574 simple_definition:231 singleton_clauses:0
[SAT presolve] [0.00135452s] clauses:6'738 literals:830'816 vars:8'815 one_side_vars:8574 simple_definition:231 singleton_clauses:0
[SAT presolve] [0.00172476s] clauses:6'738 literals:830'816 vars:8'815 one_side_vars:8574 simple_definition:231 singleton_clauses:0
  4.42e-04s  0.00e+00d  [DetectDuplicateConstraintsWithDifferentEnforcements] 
  9.59e-01s  1.63e+00d *[Probe] #probed=22'802 #fixed_bools=1'270 #new_bounds=11 #equiv=342 #new_binary_clauses=72'294 
  1.05e-02s  7.66e-02d  [MaxClique] Merged 4'380 constraints with 16'358 literals into 2'899 constraints with 14'002 literals
  1.46e-02s  0.00e+00d  [DetectDominanceRelations] 
  1.38e-02s  0.00e+00d  [DetectDominanceRelations] 
  5.42e-02s  0.00e+00d  [PresolveToFixPoint] #num_loops=3 #num_dual_strengthening=2 
  6.81e-03s  0.00e+00d  [ProcessAtMostOneAndLinear] #num_changes=244 
  4.69e-04s  0.00e+00d  [DetectDuplicateConstraints] #duplicates=260 
  2.98e-04s  0.00e+00d  [DetectDuplicateConstraintsWithDifferentEnforcements] 
  5.58e-04s  2.06e-04d  [DetectDominatedLinearConstraints] #relevant_constraints=777 #num_inclusions=7 
  1.31e-04s  0.00e+00d  [DetectDifferentVariables] 
  2.01e-02s  8.42e-02d  [ProcessSetPPC] #relevant_constraints=8'584 #num_inclusions=352'790 
  1.69e-03s  3.16e-03d  [TransformClausesToExactlyOne] #num_amos=2'495 #num_clauses=4'659 #num_checked=4'659 
  7.94e-04s  0.00e+00d  [DetectEncodedComplexDomains] 
  1.19e-04s  0.00e+00d  [FindAlmostIdenticalLinearConstraints] 
  2.68e-02s  9.32e-02d  [FindBigAtMostOneAndLinearOverlap] #blocks=8 #saved_nz=995 
  1.45e-02s  3.97e-02d  [FindBigVerticalLinearOverlap] #blocks=205 #saved_nz=12'693 
  3.79e-03s  2.30e-02d  [FindBigHorizontalLinearOverlap] #blocks=1 #saved_nz=217 #linears=762 
  9.49e-03s  2.84e-03d  [MergeClauses] #num_collisions=460 #num_merges=460 #num_saved_literals=10'110 
  1.44e-02s  0.00e+00d  [DetectDominanceRelations] 
  3.37e-02s  0.00e+00d  [PresolveToFixPoint] #num_loops=4 #num_dual_strengthening=2 
  1.45e-02s  0.00e+00d  [DetectDominanceRelations] 
  2.99e-02s  0.00e+00d  [PresolveToFixPoint] #num_loops=1 #num_dual_strengthening=1 
  1.13e-02s  0.00e+00d  [DetectDuplicateColumns] 
  4.18e-04s  0.00e+00d  [DetectDuplicateConstraints] #duplicates=8 
[Symmetry] Graph for symmetry has 28'168 nodes and 611'067 arcs.
[Symmetry] Symmetry computation done. time: 0.00583463 dtime: 0.0336315
[Symmetry] #generators: 28, average support size: 2
[Symmetry] 28 orbits on 56 variables with sizes: 2,2,2,2,2,2,2,2,2,2,...
[Symmetry] Found orbitope of size 1 x 2
[SAT presolve] num removable Booleans: 34 / 7'365
[SAT presolve] num trivial clauses: 0
[SAT presolve] [0s] clauses:5'545 literals:572'234 vars:7'030 one_side_vars:6710 simple_definition:141 singleton_clauses:0
[SAT presolve] [0.00108825s] clauses:5'365 literals:570'722 vars:7'028 one_side_vars:6796 simple_definition:163 singleton_clauses:0
[SAT presolve] [0.00136482s] clauses:5'365 literals:570'722 vars:7'028 one_side_vars:6796 simple_definition:163 singleton_clauses:0
  4.55e-04s  0.00e+00d  [DetectDuplicateConstraintsWithDifferentEnforcements] #without_enforcements=180 
  3.24e-01s  1.17e+00d *[Probe] #probed=21'510 #new_bounds=4 #new_binary_clauses=22'603 
  9.81e-03s  6.73e-02d  [MaxClique] Merged 2'500 constraints with 11'985 literals into 2'427 constraints with 11'906 literals
  1.52e-02s  0.00e+00d  [DetectDominanceRelations] 
  3.30e-02s  0.00e+00d  [PresolveToFixPoint] #num_loops=3 #num_dual_strengthening=2 
  2.81e-03s  0.00e+00d  [ProcessAtMostOneAndLinear] #num_changes=104 
  3.50e-04s  0.00e+00d  [DetectDuplicateConstraints] #duplicates=2 
  2.95e-04s  0.00e+00d  [DetectDuplicateConstraintsWithDifferentEnforcements] #without_enforcements=60 
  6.73e-04s  6.15e-05d  [DetectDominatedLinearConstraints] #relevant_constraints=757 #num_inclusions=13 
  1.72e-04s  0.00e+00d  [DetectDifferentVariables] 
  1.92e-02s  8.27e-02d  [ProcessSetPPC] #relevant_constraints=8'181 #num_inclusions=351'455 
  1.83e-03s  3.08e-03d  [TransformClausesToExactlyOne] #num_amos=2'605 #num_clauses=4'468 #num_checked=4'468 
  8.34e-04s  0.00e+00d  [DetectEncodedComplexDomains] 
  1.92e-04s  9.00e-08d  [FindAlmostIdenticalLinearConstraints] #num_tested_pairs=2 
  1.44e-02s  3.81e-02d  [FindBigAtMostOneAndLinearOverlap] 
  7.91e-03s  3.03e-02d  [FindBigVerticalLinearOverlap] #blocks=2 #saved_nz=62 
  3.51e-03s  2.03e-02d  [FindBigHorizontalLinearOverlap] #blocks=1 #saved_nz=159 #linears=670 
  9.70e-03s  2.84e-03d  [MergeClauses] #num_collisions=346 #num_merges=346 #num_saved_literals=9'683 
  1.47e-02s  0.00e+00d  [DetectDominanceRelations] 
  3.26e-02s  0.00e+00d  [PresolveToFixPoint] #num_loops=4 #num_dual_strengthening=2 
  1.44e-02s  0.00e+00d  [DetectDominanceRelations] 
  3.03e-02s  0.00e+00d  [PresolveToFixPoint] #num_loops=1 #num_dual_strengthening=1 
  9.39e-03s  0.00e+00d  [DetectDuplicateColumns] 
  4.36e-04s  0.00e+00d  [DetectDuplicateConstraints] #duplicates=8 
[Symmetry] Graph for symmetry has 27'287 nodes and 606'589 arcs.
[Symmetry] Symmetry computation done. time: 0.00588763 dtime: 0.032743
[Symmetry] #generators: 28, average support size: 2
[Symmetry] 28 orbits on 56 variables with sizes: 2,2,2,2,2,2,2,2,2,2,...
[Symmetry] Found orbitope of size 1 x 2
[SAT presolve] num removable Booleans: 30 / 7'172
[SAT presolve] num trivial clauses: 0
[SAT presolve] [0s] clauses:5'072 literals:569'345 vars:6'871 one_side_vars:6732 simple_definition:108 singleton_clauses:0
[SAT presolve] [0.000911452s] clauses:5'072 literals:569'345 vars:6'871 one_side_vars:6732 simple_definition:108 singleton_clauses:0
[SAT presolve] [0.00153191s] clauses:5'072 literals:569'345 vars:6'871 one_side_vars:6732 simple_definition:108 singleton_clauses:0
  4.56e-04s  0.00e+00d  [DetectDuplicateConstraintsWithDifferentEnforcements] #without_enforcements=70 
  3.23e-01s  1.16e+00d *[Probe] #probed=21'230 #new_bounds=1 #new_binary_clauses=21'290 
  1.00e-02s  6.45e-02d  [MaxClique] Merged 2'565 constraints with 12'139 literals into 2'456 constraints with 12'018 literals
  1.48e-02s  0.00e+00d  [DetectDominanceRelations] 
  3.30e-02s  0.00e+00d  [PresolveToFixPoint] #num_loops=3 #num_dual_strengthening=2 
  2.53e-03s  0.00e+00d  [ProcessAtMostOneAndLinear] 
  3.74e-04s  0.00e+00d  [DetectDuplicateConstraints] #duplicates=2 
  2.95e-04s  0.00e+00d  [DetectDuplicateConstraintsWithDifferentEnforcements] 
  4.13e-04s  5.94e-05d  [DetectDominatedLinearConstraints] #relevant_constraints=734 #num_inclusions=6 
  1.74e-04s  0.00e+00d  [DetectDifferentVariables] 
  1.97e-02s  8.27e-02d  [ProcessSetPPC] #relevant_constraints=7'887 #num_inclusions=351'496 
  1.89e-03s  3.09e-03d  [TransformClausesToExactlyOne] #num_amos=2'677 #num_clauses=4'256 #num_checked=4'256 
  8.55e-04s  0.00e+00d  [DetectEncodedComplexDomains] 
  2.34e-04s  1.45e-07d  [FindAlmostIdenticalLinearConstraints] #num_tested_pairs=4 
  1.43e-02s  3.68e-02d  [FindBigAtMostOneAndLinearOverlap] 
  7.83e-03s  2.96e-02d  [FindBigVerticalLinearOverlap] #blocks=5 #saved_nz=300 
  3.28e-03s  2.10e-02d  [FindBigHorizontalLinearOverlap] #linears=657 
  9.84e-03s  2.83e-03d  [MergeClauses] #num_collisions=254 #num_merges=254 #num_saved_literals=9'433 
  1.46e-02s  0.00e+00d  [DetectDominanceRelations] 
  3.09e-02s  0.00e+00d  [PresolveToFixPoint] #num_loops=2 #num_dual_strengthening=1 
  1.52e-04s  0.00e+00d  [MergeNoOverlap] 
  1.18e-04s  0.00e+00d  [MergeNoOverlap2D] 

Presolve summary:
  - 359 affine relations were detected.
  - rule 'TODO dual: add implied bound' was applied 6'000 times.
  - rule 'TODO dual: only one blocking constraint?' was applied 110'737 times.
  - rule 'TODO dual: only one blocking enforced constraint?' was applied 8'026 times.
  - rule 'TODO linear inclusion: superset is equality' was applied 1 time.
  - rule 'TODO linear1: appear in only one extra 2-var constraint' was applied 4 times.
  - rule 'affine: new relation' was applied 359 times.
  - rule 'at_most_one: empty or all false' was applied 339 times.
  - rule 'at_most_one: removed literals' was applied 694 times.
  - rule 'at_most_one: resolved two constraints with opposite literal' was applied 169 times.
  - rule 'at_most_one: size one' was applied 170 times.
  - rule 'at_most_one: transformed into max clique' was applied 3 times.
  - rule 'bool_and: x => x' was applied 2 times.
  - rule 'bool_or: always true' was applied 153 times.
  - rule 'bool_or: fixed literals' was applied 2'331 times.
  - rule 'bool_or: implications' was applied 1'486 times.
  - rule 'bool_or: removed enforcement literal' was applied 848 times.
  - rule 'bool_or: singleton' was applied 39 times.
  - rule 'deductions: 1896 stored' was applied 1 time.
  - rule 'domination: added implications' was applied 19 times.
  - rule 'domination: in at most one' was applied 5 times.
  - rule 'dual: add implication' was applied 28 times.
  - rule 'dual: enforced equivalence' was applied 2 times.
  - rule 'dual: fix variable' was applied 117 times.
  - rule 'dual: make encoding equiv' was applied 96 times.
  - rule 'duplicate: removed constraint' was applied 3'934 times.
  - rule 'duplicate: removed enforced constraint' was applied 250 times.
  - rule 'enforcement: false literal' was applied 22 times.
  - rule 'enforcement: literal not used' was applied 48 times.
  - rule 'enforcement: removed duplicate literal' was applied 2 times.
  - rule 'enforcement: true literal' was applied 27 times.
  - rule 'exactly_one: removed literals' was applied 782 times.
  - rule 'exactly_one: satisfied' was applied 10 times.
  - rule 'exactly_one: singleton' was applied 98 times.
  - rule 'exactly_one: size two' was applied 9 times.
  - rule 'exactly_one: x and not(x)' was applied 92 times.
  - rule 'linear + amo: empty after processing' was applied 2 times.
  - rule 'linear + amo: extracted enforcement literal' was applied 154 times.
  - rule 'linear + amo: fixed literal implied by enforcement' was applied 348 times.
  - rule 'linear + amo: infeasible enforcement' was applied 5 times.
  - rule 'linear + amo: trivial linear constraint' was applied 2 times.
  - rule 'linear matrix: common amo rectangle' was applied 8 times.
  - rule 'linear matrix: common horizontal rectangle' was applied 2 times.
  - rule 'linear matrix: common vertical rectangle' was applied 212 times.
  - rule 'linear1: always true' was applied 3 times.
  - rule 'linear1: x in domain' was applied 1 time.
  - rule 'linear2: boolean with one feasible value' was applied 2 times.
  - rule 'linear2: convert ax + by != cte to clauses' was applied 834 times.
  - rule 'linear2: implied ax + by = cte has only one solution' was applied 70 times.
  - rule 'linear: always true' was applied 21 times.
  - rule 'linear: divide by GCD' was applied 2 times.
  - rule 'linear: empty' was applied 29 times.
  - rule 'linear: enforcement literal in expression' was applied 4 times.
  - rule 'linear: extracted at most one (max)' was applied 1 time.
  - rule 'linear: extracted enforcement literal' was applied 299 times.
  - rule 'linear: fixed or dup variables' was applied 656 times.
  - rule 'linear: negative clause' was applied 777 times.
  - rule 'linear: negative reified and' was applied 12 times.
  - rule 'linear: never in domain' was applied 5 times.
  - rule 'linear: positive at most one' was applied 2'480 times.
  - rule 'linear: positive clause' was applied 4'048 times.
  - rule 'linear: positive equal one' was applied 1'134 times.
  - rule 'linear: reduced variable domains' was applied 4 times.
  - rule 'linear: reduced variable domains in derived constraint' was applied 9 times.
  - rule 'linear: remapped using affine relations' was applied 299 times.
  - rule 'linear: simplified rhs' was applied 10 times.
  - rule 'linear: singleton column' was applied 2'522 times.
  - rule 'linear: small Boolean expression' was applied 90 times.
  - rule 'linear: variable substitution 2' was applied 7 times.
  - rule 'new_bool: integer encoding' was applied 30 times.
  - rule 'new_bool: table expansion' was applied 6 times.
  - rule 'new_bool: var with 2 values' was applied 2 times.
  - rule 'new_bool: with clause' was applied 8 times.
  - rule 'presolve: 1516 unused variables removed.' was applied 1 time.
  - rule 'presolve: iteration' was applied 3 times.
  - rule 'probing: bool_or reduced to implication' was applied 780 times.
  - rule 'probing: reduced enforced constraint to implication' was applied 12 times.
  - rule 'probing: simplified clauses' was applied 19'435 times.
  - rule 'setppc: bool_or in at_most_one' was applied 1 time.
  - rule 'setppc: exactly_one included in linear' was applied 3 times.
  - rule 'setppc: reduced linear coefficients' was applied 3 times.
  - rule 'setppc: removed dominated constraints' was applied 272 times.
  - rule 'table: compress tuples' was applied 3 times.
  - rule 'table: expanded positive constraint' was applied 4 times.
  - rule 'table: expanded positive constraint with two variables' was applied 1 time.
  - rule 'table: reduce variable domain' was applied 10 times.
  - rule 'table: reused literals' was applied 4 times.
  - rule 'variables with 2 values: create encoding literal' was applied 2 times.
  - rule 'variables with 2 values: new affine relation' was applied 3 times.
  - rule 'variables: add encoding constraint' was applied 30 times.
  - rule 'variables: detect fully reified value encoding' was applied 48 times.
  - rule 'variables: detect half reified value encoding' was applied 496 times.
  - rule 'variables: detected fully encoded domain' was applied 6 times.
  - rule 'variables: only used in value and order encodings' was applied 2 times.

Presolved satisfaction model '': (model_fingerprint: 0x3e3367082581af66)
#Variables: 7'579 (7'192 primary variables)
  - 6'994 Booleans in [0,1]
  - 82 in [0,2]
  - 455 in [0,3]
  - 13 in [0,4]
  - 5 in [0,5]
  - 8 in [0,6]
  - 3 in [0,7]
  - 6 in [0,9]
  - 2 in [0,10]
  - 1 in [0,11]
  - 1 in [0,13]
  - 1 in [0,16]
  - 2 in [0,17]
  - 1 in [0,21]
  - 1 in [0,43]
  - 1 in [0,45]
  - 1 in [0,46]
  - 1 in [1][3,4]
  - 1 in [5,6][9]
#kAtMostOne: 2'178 (#literals: 12'247)
#kBoolAnd: 411 (#enforced: 411) (#literals: 912)
#kBoolAndClauses: 189 (#enforced: 189 #multi: 189) (#literals: 7'328)
#kBoolOr: 3'813 (#literals: 550'204)
#kExactlyOne: 541 (#literals: 8'797)
#kLinear1: 412 (#enforced: 412)
#kLinear3: 50
#kLinearN: 688 (#enforced: 540 #multi: 51) (#terms: 16'648)
[Symmetry] Graph for symmetry has 22'201 nodes and 604'534 arcs.
[Symmetry] Symmetry computation done. time: 0.00569964 dtime: 0.032087
[Symmetry] #generators: 28, average support size: 2
[Symmetry] 28 orbits on 56 variables with sizes: 2,2,2,2,2,2,2,2,2,2,...
[Symmetry] Found orbitope of size 1 x 2

Preloading model.

Starting search at 2.66s with 1 workers.
1 full problem subsolver: [main]

[Encoding] 4 literals associated to VAR >= value, and 400 half-associations.
[Encoding] 6 literals associated to VAR == value, and 0 half-associations.
[Encoding] num_fully_encoded_variables:2
[Encoding] num_partially_encoded_variables:400
[Precedences] num_relations=0 num_clauses=4799
[Precedences] Added 9 GreaterThanAtLeastOneOf() constraints.
[Probing] deterministic_time: 0.15857 (limit: 1) wall_time: 0.105487 (7394/7394)
[Probing]  - new binary clause: 19'716
[Encoding] num_element_encoding: 23
[ElementLinearRelaxation] #from_exactly_one:23
[EncodingLinearRelaxation] #tight_equality:2 #loose_equality:0 #inequality:402
[LinearRelaxationBeforeCliqueExpansion] #linear:7145 #at_most_ones:2683
[FinalLinearRelaxation] #linear:9010 #cut_generators:0
Initial num_bool: 7394

Starting subsolver 'main' hint search at 2.85s
Starting subsolver 'main' search at 2.85s

Task timing           n [     min,      max]      avg      dev     time         n [     min,      max]      avg      dev    dtime
      'main':         1 [   2.96m,    2.96m]    2.96m   0.00ns    2.96m         1 [   3.09m,    3.09m]    3.09m   0.00ns    3.09m

Search stats    Bools  Conflicts    Branches  Restarts  BacktrackToRoot  Backtrack  BoolPropag  IntegerPropag
       'main':  7'394     44'616  27'758'413        30          529'441    647'183  23'270'135     87'329'294

SAT formula    Fixed  Equiv  Total  VarLeft  BinaryClauses  PermanentClauses  TemporaryClauses
      'main':      0      0  7'394    7'394         31'108             4'525            10'764

SAT stats    ClassicMinim  LitRemoved  LitRemovedBinary  LitLearned  LitForgotten  Subsumed
    'main':        39'242     541'302           514'209   8'630'505     4'583'953     8'936

Vivification    Clauses   Decisions  LitTrue  Subsumed  LitRemoved  DecisionReused  Conflicts
       'main':  218'401  27'223'985        0       588       6'152          51'642         28

Clause deletion    at_true  l_and_not(l)  to_binary  sub_conflict  sub_extra  sub_decisions  sub_eager  sub_vivify  sub_probing  sub_inpro  blocked  eliminated  forgotten  promoted  conflicts
          'main':        0             0          0         8'468        224              4        468         588          104          3        0           0     24'267    94'889     44'616

Lp stats    Component  Iterations  AddedCuts  OPTIMAL  DUAL_F.  DUAL_U.
   'main':          1     999'373      4'342       86   80'516   36'886

Lp dimension        Final dimension of first component
       'main':  2868 rows, 7587 columns, 67751 entries

Lp debug    CutPropag  CutEqPropag  Adjust  Overflow     Bad  BadScaling
   'main':          1            3  36'877         0  98'933           0

Lp pool    Constraints  Updates  Simplif  Merged  Shortened  Split  Strengthened    Cuts/Call
  'main':       13'336    1'083        1       0          0      9           157  4'342/7'876

Lp Cut             main
          CG_FF:    118
           CG_K:     49
          CG_KL:     16
           CG_R:    176
          CG_RB:     38
         CG_RBP:     23
         Clique:    264
             IB:  1'099
       MIR_1_FF:     27
        MIR_1_K:      2
       MIR_1_KL:      3
        MIR_1_R:      3
       MIR_1_RB:      7
      MIR_1_RLT:     20
       MIR_2_FF:    123
        MIR_2_K:      3
       MIR_2_KL:     29
        MIR_2_R:     11
       MIR_2_RB:     16
      MIR_2_RBP:      1
       MIR_3_FF:    155
        MIR_3_K:      2
       MIR_3_KL:     25
        MIR_3_R:      7
       MIR_3_RB:     16
      MIR_3_RBP:      2
       MIR_4_FF:     86
        MIR_4_K:      5
       MIR_4_KL:     12
        MIR_4_R:     10
       MIR_4_RB:      3
      MIR_4_RBP:      2
       MIR_5_FF:     44
        MIR_5_K:      2
       MIR_5_KL:      2
        MIR_5_R:      9
       MIR_5_RB:      4
      MIR_5_RBP:      3
       MIR_6_FF:     29
        MIR_6_K:      3
       MIR_6_KL:      3
        MIR_6_R:      9
       MIR_6_RB:      1
      MIR_6_RBP:      1
   ZERO_HALF_FF:    547
    ZERO_HALF_K:     14
   ZERO_HALF_KL:     14
    ZERO_HALF_R:  1'290
   ZERO_HALF_RB:      2
  ZERO_HALF_RBP:     12

Solution repositories    Added  Queried  Synchro
    'alternative_path':      0        0        0
      'best_solutions':      0        0        0
   'fj solution hints':      0        0        0

LRAT_status: NA
CpSolverResponse summary:
status: UNKNOWN
objective: NA
best_bound: NA
integers: 7695
booleans: 7394
conflicts: 44616
branches: 27758413
propagations: 23270135
integer_propagations: 87329294
restarts: 30
lp_iterations: 999373
walltime: 180.002
usertime: 180.002
deterministic_time: 190.442
gap_integral: 0

{"engine": "native", "S_branch": 187, "J_branch": 1, "groups": true, "workers": 1, "seed": 75, "source_sha256": "697ade0b50a59f702ded7689babbe85f1ba26fe8ac62dc9e0dff799f913c475a", "wrapper_sha256": "620abf71f03db41cd054001362619e03d1c13191a6e5c8dd42e403e172e77eb6", "time_limit": 180.0, "build_seconds": 5.436275915009901, "domain_count": 3970, "domain_sha256": "dff299bb520aeee61628e1565bf3d9f790d0e93d8b521e04d7c4fe73ccf745f5", "variables": 11988, "constraints": 15330, "model_sha256": "88323708d8b5bbd54dd50777e760e5855626f73b168b21cc595defe662cccaa4", "status": "UNKNOWN", "seconds": 185.59029940300388}
