BUILT {'engine': 'native', 'cap': 187, 'J': 0, 'scope': 'M0 safe projection, S <= cap', 'workers': 6, 'time_limit': 600.0, 'script_sha256': '61b0464b83e16fe41d78e8556dde3e0e783d8890796487dd3844d5ad8537794a', 'model_sha256': 'a45fdf1701444211af245b37c160073faaa074b0f30da683525e447aae1b5cb6', 'domain_count': 1945, 'build_seconds': 0.34308864299964625}

Starting CP-SAT solver v9.15.6755
Parameters: max_time_in_seconds: 600 log_search_progress: true linearization_level: 2 num_search_workers: 6

Initial satisfaction model '': (model_fingerprint: 0xbf9d9bd73369d20e)
#Variables: 4'398 (3'298 primary variables)
  - 3'982 Booleans in [0,1]
  - 1 in [-4,16]
  - 1 in [-4,21]
  - 1 in [-4,48]
  - 1 in [-4,53]
  - 4 in [0,2]
  - 400 in [0,9]
  - 4 in [0,13]
  - 2 in [0,23]
  - 1 in [180,187]
  - 1 constants in {1} 
#kBoolOr: 96 (#enforced: 96) (#literals: 96)
#kLinear1: 1'506 (#enforced: 1'504)
#kLinear2: 804 (#enforced: 2 #multi: 2)
#kLinear3: 344 (#enforced: 3 #multi: 3)
#kLinearN: 3'352 (#enforced: 1'067 #multi: 267) (#terms: 149'203)
#kTable: 5

Starting presolve at 0.00s
  2.60e-03s  0.00e+00d  [DetectDominanceRelations] 
  2.84e-02s  0.00e+00d  [PresolveToFixPoint] #num_loops=4 #num_dual_strengthening=2 
  1.35e-04s  0.00e+00d  [ExtractEncodingFromLinear] #potential_supersets=1'377 #potential_subsets=2 
  2.97e-03s  0.00e+00d  [DetectDuplicateColumns] 
  1.12e-04s  0.00e+00d  [DetectDuplicateConstraints] #duplicates=2 
[Symmetry] Graph for symmetry has 13'000 nodes and 152'054 arcs.
[Symmetry] Symmetry computation done. time: 0.00214489 dtime: 0.0107124
[Symmetry] #generators: 9, average support size: 7.33333
[Symmetry] 29 orbits on 62 variables with sizes: 3,3,3,3,2,2,2,2,2,2,...
[Symmetry] Found orbitope of size 1 x 3
[SAT presolve] num removable Booleans: 0 / 3'158
[SAT presolve] num trivial clauses: 0
[SAT presolve] [0s] clauses:2'134 literals:61'106 vars:2'884 one_side_vars:2629 simple_definition:155 singleton_clauses:0
[SAT presolve] [0.000155467s] clauses:2'134 literals:61'106 vars:2'884 one_side_vars:2629 simple_definition:155 singleton_clauses:0
[SAT presolve] [0.000293405s] clauses:2'134 literals:61'106 vars:2'884 one_side_vars:2629 simple_definition:155 singleton_clauses:0
  1.73e-04s  0.00e+00d  [DetectDuplicateConstraintsWithDifferentEnforcements] #without_enforcements=2 
  6.85e-01s  5.94e-01d  [Probe] #probed=8'398 #equiv=13 #new_binary_clauses=80'629 
  8.12e-03s  7.11e-02d  [MaxClique] Merged 1'300 constraints with 5'551 literals into 875 constraints with 4'949 literals
  3.22e-03s  0.00e+00d  [DetectDominanceRelations] 
  2.82e-03s  0.00e+00d  [DetectDominanceRelations] 
  1.48e-02s  0.00e+00d  [PresolveToFixPoint] #num_loops=3 #num_dual_strengthening=2 
  1.33e-02s  0.00e+00d  [ProcessAtMostOneAndLinear] #num_changes=505 
  1.00e-04s  0.00e+00d  [DetectDuplicateConstraints] #duplicates=11 
  8.64e-05s  0.00e+00d  [DetectDuplicateConstraintsWithDifferentEnforcements] 
  5.60e-04s  4.41e-04d  [DetectDominatedLinearConstraints] #relevant_constraints=779 #num_inclusions=2 
  9.63e-05s  0.00e+00d  [DetectDifferentVariables] 
  2.27e-03s  1.33e-03d  [ProcessSetPPC] #relevant_constraints=3'502 #num_inclusions=3'758 
  4.16e-04s  3.02e-04d  [TransformClausesToExactlyOne] #num_amos=1'137 #num_clauses=935 #num_checked=935 
  1.51e-04s  0.00e+00d  [DetectEncodedComplexDomains] 
  3.03e-05s  0.00e+00d  [FindAlmostIdenticalLinearConstraints] 
  3.32e-02s  1.39e-01d  [FindBigAtMostOneAndLinearOverlap] #blocks=17 #saved_nz=2'352 
  2.59e-02s  3.17e-02d  [FindBigVerticalLinearOverlap] #blocks=486 #saved_nz=28'090 
  1.18e-03s  6.85e-03d  [FindBigHorizontalLinearOverlap] #blocks=1 #saved_nz=266 #linears=931 
  6.53e-04s  2.42e-04d  [MergeClauses] #num_collisions=246 #num_merges=246 #num_saved_literals=2'450 
  2.11e-03s  0.00e+00d  [DetectDominanceRelations] 
  9.04e-03s  0.00e+00d  [PresolveToFixPoint] #num_loops=4 #num_dual_strengthening=2 
  2.09e-03s  0.00e+00d  [DetectDominanceRelations] 
  6.42e-03s  0.00e+00d  [PresolveToFixPoint] #num_loops=1 #num_dual_strengthening=1 
  8.07e-04s  0.00e+00d  [DetectDuplicateColumns] 
  9.71e-05s  0.00e+00d  [DetectDuplicateConstraints] #duplicates=8 
[Symmetry] Graph for symmetry has 13'387 nodes and 98'570 arcs.
[Symmetry] Symmetry computation done. time: 0.00176778 dtime: 0.00696893
[SAT presolve] num removable Booleans: 0 / 3'111
[SAT presolve] num trivial clauses: 0
[SAT presolve] [0s] clauses:1'439 literals:49'472 vars:2'440 one_side_vars:2306 simple_definition:134 singleton_clauses:0
[SAT presolve] [0.00011889s] clauses:1'439 literals:49'472 vars:2'440 one_side_vars:2306 simple_definition:134 singleton_clauses:0
[SAT presolve] [0.000253453s] clauses:1'439 literals:49'472 vars:2'440 one_side_vars:2306 simple_definition:134 singleton_clauses:0
  1.66e-04s  0.00e+00d  [DetectDuplicateConstraintsWithDifferentEnforcements] 
  2.78e-01s  3.01e-01d  [Probe] #probed=8'504 #new_bounds=47 #new_binary_clauses=97'563 
  1.16e-02s  9.94e-02d  [MaxClique] Merged 1'128 constraints with 6'387 literals into 978 constraints with 6'214 literals
  2.91e-03s  0.00e+00d  [DetectDominanceRelations] 
  2.53e-03s  0.00e+00d  [DetectDominanceRelations] 
  1.16e-02s  0.00e+00d  [PresolveToFixPoint] #num_loops=3 #num_dual_strengthening=2 
  2.70e-03s  0.00e+00d  [ProcessAtMostOneAndLinear] 
  1.03e-04s  0.00e+00d  [DetectDuplicateConstraints] #duplicates=2 
  9.09e-05s  0.00e+00d  [DetectDuplicateConstraintsWithDifferentEnforcements] 
  3.30e-04s  7.57e-05d  [DetectDominatedLinearConstraints] #relevant_constraints=1'097 #num_inclusions=2 
  8.46e-05s  0.00e+00d  [DetectDifferentVariables] 
  2.15e-03s  6.70e-04d  [ProcessSetPPC] #relevant_constraints=3'884 #num_inclusions=1'859 
  5.02e-04s  3.27e-04d  [TransformClausesToExactlyOne] #num_amos=1'063 #num_clauses=847 #num_checked=847 
  1.65e-04s  0.00e+00d  [DetectEncodedComplexDomains] 
  7.70e-05s  8.50e-08d  [FindAlmostIdenticalLinearConstraints] #num_tested_pairs=3 
  4.58e-03s  1.33e-02d  [FindBigAtMostOneAndLinearOverlap] #blocks=1 #saved_nz=150 
  4.70e-03s  1.22e-02d  [FindBigVerticalLinearOverlap] #blocks=15 #saved_nz=601 
  1.18e-03s  6.97e-03d  [FindBigHorizontalLinearOverlap] #blocks=1 #saved_nz=159 #linears=937 
  6.38e-04s  2.40e-04d  [MergeClauses] #num_collisions=202 #num_merges=202 #num_saved_literals=1'710 
  2.59e-03s  0.00e+00d  [DetectDominanceRelations] 
  7.70e-03s  0.00e+00d  [PresolveToFixPoint] #num_loops=2 #num_dual_strengthening=1 
  2.56e-03s  0.00e+00d  [DetectDominanceRelations] 
  6.91e-03s  0.00e+00d  [PresolveToFixPoint] #num_loops=1 #num_dual_strengthening=1 
  9.38e-04s  0.00e+00d  [DetectDuplicateColumns] 
  1.06e-04s  0.00e+00d  [DetectDuplicateConstraints] #duplicates=6 
[Symmetry] Graph for symmetry has 13'315 nodes and 97'826 arcs.
[Symmetry] Symmetry computation done. time: 0.00176427 dtime: 0.006729
[SAT presolve] num removable Booleans: 0 / 3'120
[SAT presolve] num trivial clauses: 0
[SAT presolve] [0s] clauses:1'186 literals:48'767 vars:2'348 one_side_vars:2214 simple_definition:134 singleton_clauses:0
[SAT presolve] [0.000104009s] clauses:1'186 literals:48'767 vars:2'348 one_side_vars:2214 simple_definition:134 singleton_clauses:0
[SAT presolve] [0.000238206s] clauses:1'186 literals:48'767 vars:2'348 one_side_vars:2214 simple_definition:134 singleton_clauses:0
  1.82e-04s  0.00e+00d  [DetectDuplicateConstraintsWithDifferentEnforcements] 
  2.60e-01s  2.89e-01d  [Probe] #probed=8'534 #new_bounds=3 #new_binary_clauses=91'713 
  1.17e-02s  1.00e-01d  [MaxClique] Merged 1'061 constraints with 6'386 literals into 973 constraints with 6'298 literals
  2.54e-03s  0.00e+00d  [DetectDominanceRelations] 
  7.18e-03s  0.00e+00d  [PresolveToFixPoint] #num_loops=2 #num_dual_strengthening=1 
  2.57e-03s  0.00e+00d  [ProcessAtMostOneAndLinear] 
  1.01e-04s  0.00e+00d  [DetectDuplicateConstraints] 
  9.38e-05s  0.00e+00d  [DetectDuplicateConstraintsWithDifferentEnforcements] 
  3.27e-04s  7.12e-05d  [DetectDominatedLinearConstraints] #relevant_constraints=1'109 #num_inclusions=1 
  8.95e-05s  0.00e+00d  [DetectDifferentVariables] 
  2.10e-03s  6.65e-04d  [ProcessSetPPC] #relevant_constraints=3'892 #num_inclusions=1'836 
  4.46e-04s  3.27e-04d  [TransformClausesToExactlyOne] #num_amos=975 #num_clauses=847 #num_checked=847 
  1.68e-04s  0.00e+00d  [DetectEncodedComplexDomains] 
  8.21e-05s  1.65e-07d  [FindAlmostIdenticalLinearConstraints] #num_tested_pairs=6 
  4.11e-03s  1.15e-02d  [FindBigAtMostOneAndLinearOverlap] 
  4.24e-03s  1.13e-02d  [FindBigVerticalLinearOverlap] #blocks=9 #saved_nz=367 
  1.18e-03s  7.25e-03d  [FindBigHorizontalLinearOverlap] #blocks=1 #saved_nz=103 #linears=943 
  6.03e-04s  2.40e-04d  [MergeClauses] #num_collisions=202 #num_merges=202 #num_saved_literals=1'710 
  2.52e-03s  0.00e+00d  [DetectDominanceRelations] 
  7.22e-03s  0.00e+00d  [PresolveToFixPoint] #num_loops=2 #num_dual_strengthening=1 
  3.40e-05s  0.00e+00d  [MergeNoOverlap] 
  2.95e-05s  0.00e+00d  [MergeNoOverlap2D] 

Presolve summary:
  - 30 affine relations were detected.
  - rule 'TODO dual: add implied bound' was applied 5'200 times.
  - rule 'TODO dual: only one blocking constraint?' was applied 11'861 times.
  - rule 'TODO dual: only one blocking enforced constraint?' was applied 8'536 times.
  - rule 'TODO linear matrix: reuse defining constraint' was applied 3 times.
  - rule 'TODO linear1: appear in only one extra 2-var constraint' was applied 4 times.
  - rule 'affine: new relation' was applied 30 times.
  - rule 'at_most_one: empty or all false' was applied 2 times.
  - rule 'at_most_one: removed literals' was applied 19 times.
  - rule 'at_most_one: resolved two constraints with opposite literal' was applied 121 times.
  - rule 'at_most_one: size one' was applied 6 times.
  - rule 'at_most_one: transformed into max clique' was applied 3 times.
  - rule 'bool_and: x => x' was applied 2 times.
  - rule 'bool_or: always true' was applied 242 times.
  - rule 'bool_or: fixed literals' was applied 257 times.
  - rule 'bool_or: implications' was applied 1'232 times.
  - rule 'bool_or: removed enforcement literal' was applied 400 times.
  - rule 'deductions: 1710 stored' was applied 1 time.
  - rule 'domination: fixed to lb.' was applied 4 times.
  - rule 'domination: in at most one' was applied 44 times.
  - rule 'domination: in exactly one' was applied 3 times.
  - rule 'dual: add implication' was applied 24 times.
  - rule 'dual: enforced equivalence' was applied 2 times.
  - rule 'dual: fix variable' was applied 6 times.
  - rule 'dual: make encoding equiv' was applied 192 times.
  - rule 'duplicate: removed constraint' was applied 29 times.
  - rule 'duplicate: removed enforced constraint' was applied 2 times.
  - rule 'enforcement: literal not used' was applied 6 times.
  - rule 'enforcement: removed duplicate literal' was applied 2 times.
  - rule 'enforcement: true literal' was applied 48 times.
  - rule 'exactly_one: removed literals' was applied 205 times.
  - rule 'exactly_one: singleton' was applied 14 times.
  - rule 'exactly_one: size one' was applied 84 times.
  - rule 'exactly_one: size two' was applied 4 times.
  - rule 'linear + amo: fixed literal implied by enforcement' was applied 505 times.
  - rule 'linear + amo: infeasible enforcement' was applied 4 times.
  - rule 'linear + amo: trivial linear constraint' was applied 2 times.
  - rule 'linear matrix: common amo rectangle' was applied 18 times.
  - rule 'linear matrix: common horizontal rectangle' was applied 3 times.
  - rule 'linear matrix: common vertical rectangle' was applied 510 times.
  - rule 'linear1: always true' was applied 1 time.
  - rule 'linear2: convert ax + by != cte to clauses' was applied 1'038 times.
  - rule 'linear: always true' was applied 22 times.
  - rule 'linear: divide by GCD' was applied 2 times.
  - rule 'linear: empty' was applied 1 time.
  - rule 'linear: extracted at most one (max)' was applied 1 time.
  - rule 'linear: extracted enforcement literal' was applied 165 times.
  - rule 'linear: fixed or dup variables' was applied 257 times.
  - rule 'linear: negative clause' was applied 777 times.
  - rule 'linear: negative reified and' was applied 2 times.
  - rule 'linear: positive at most one' was applied 353 times.
  - rule 'linear: positive clause' was applied 400 times.
  - rule 'linear: positive equal one' was applied 1'261 times.
  - rule 'linear: reduced variable domains' was applied 10 times.
  - rule 'linear: reduced variable domains in derived constraint' was applied 17 times.
  - rule 'linear: remapped using affine relations' was applied 78 times.
  - rule 'linear: simplified rhs' was applied 44 times.
  - rule 'linear: singleton column' was applied 600 times.
  - rule 'linear: variable substitution 2' was applied 12 times.
  - rule 'linear: variable substitution 3' was applied 4 times.
  - rule 'new_bool: integer encoding' was applied 24 times.
  - rule 'new_bool: table expansion' was applied 6 times.
  - rule 'new_bool: var with 2 values' was applied 3 times.
  - rule 'new_bool: with clause' was applied 18 times.
  - rule 'presolve: 330 unused variables removed.' was applied 1 time.
  - rule 'presolve: iteration' was applied 3 times.
  - rule 'probing: bool_or reduced to implication' was applied 340 times.
  - rule 'probing: simplified clauses' was applied 1'071 times.
  - rule 'setppc: removed dominated constraints' was applied 5 times.
  - rule 'table: all tuples!' was applied 1 time.
  - rule 'table: compress tuples' was applied 2 times.
  - rule 'table: expanded positive constraint' was applied 2 times.
  - rule 'table: expanded positive constraint with two variables' was applied 2 times.
  - rule 'table: reduce variable domain' was applied 14 times.
  - rule 'table: remove expressions' was applied 3 times.
  - rule 'table: remove tuples' was applied 2 times.
  - rule 'table: reused literals' was applied 2 times.
  - rule 'variables with 2 values: create encoding literal' was applied 3 times.
  - rule 'variables with 2 values: new affine relation' was applied 3 times.
  - rule 'variables: add encoding constraint' was applied 24 times.
  - rule 'variables: detect fully reified value encoding' was applied 48 times.
  - rule 'variables: detect half reified value encoding' was applied 496 times.
  - rule 'variables: only used in value and order encodings' was applied 2 times.

Presolved satisfaction model '': (model_fingerprint: 0x650823cc3a481819)
#Variables: 3'857 (3'076 primary variables)
  - 3'106 Booleans in [0,1]
  - 1 in [0][5][7][10,12]
  - 1 in [0][6][8][10,12]
  - 190 in [0,2]
  - 81 in [0,3]
  - 18 in [0,4]
  - 12 in [0,5]
  - 12 in [0,6]
  - 5 in [0,7]
  - 6 in [0,8]
  - 403 in [0,9]
  - 5 in [0,10]
  - 2 in [0,11]
  - 2 in [0,12]
  - 2 in [0,14]
  - 2 in [0,15]
  - 1 in [0,16]
  - 2 in [0,20]
  - 1 in [0,24]
  - 1 in [0,25]
  - 1 in [0,39]
  - 1 in [0,46]
  - 1 in [1,3]
  - 1 in [7,9]
#kAtMostOne: 722 (#literals: 5'796)
#kBoolAnd: 186 (#enforced: 186) (#literals: 441)
#kBoolAndClauses: 200 (#enforced: 200 #multi: 200) (#literals: 2'108)
#kBoolOr: 445 (#literals: 44'271)
#kExactlyOne: 1'066 (#literals: 18'651)
#kLinear1: 448 (#enforced: 448)
#kLinear2: 2
#kLinear3: 71
#kLinearN: 1'046 (#enforced: 766 #multi: 256) (#terms: 19'431)
[Symmetry] Graph for symmetry has 12'144 nodes and 97'182 arcs.
[Symmetry] Symmetry computation done. time: 0.00171478 dtime: 0.00666961

Preloading model.
#Model   1.52s var:3857/3857 constraints:4186/4186

Starting search at 1.52s with 6 workers.
4 full problem subsolvers: [default_lp, max_lp, no_lp, quick_restart]
2 first solution subsolvers: [fj, fs_random_no_lp]
2 interleaved subsolvers: [feasibility_pump, rins/rens]
2 helper subsolvers: [neighborhood_helper, synchronization_agent]

#Model   4.83s var:3856/3857 constraints:4184/4186
#Model   4.96s var:3854/3857 constraints:4180/4186
#Model   7.63s var:3853/3857 constraints:4178/4186
#Model  29.23s var:3847/3857 constraints:4174/4186
#Done   34.67s quick_restart

Task timing                   n [     min,      max]      avg      dev     time         n [     min,      max]      avg      dev    dtime
        'default_lp':         1 [  33.16s,   33.16s]   33.16s   0.00ns   33.16s         2 [255.53ms,   24.12s]   12.19s   11.93s   24.38s
  'feasibility_pump':       355 [  2.68ms,  97.50ms]   3.25ms   5.09ms    1.15s       354 [  1.76ms, 263.60ms]   2.54ms  13.89ms 899.89ms
                'fj':       355 [ 18.53ms,  37.39ms]  34.76ms   1.33ms   12.34s       355 [ 42.52ms, 100.32ms]  99.91ms   3.05ms   35.47s
   'fs_random_no_lp':         1 [  33.16s,   33.16s]   33.16s   0.00ns   33.16s         2 [255.47ms,   59.04s]   29.65s   29.39s   59.30s
            'max_lp':         1 [  33.17s,   33.17s]   33.17s   0.00ns   33.17s         2 [860.45ms,   48.75s]   24.81s   23.95s   49.61s
             'no_lp':         1 [  33.16s,   33.16s]   33.16s   0.00ns   33.16s         2 [255.47ms,   50.34s]   25.30s   25.04s   50.60s
     'quick_restart':         1 [  33.15s,   33.15s]   33.15s   0.00ns   33.15s         2 [255.68ms,   39.49s]   19.87s   19.62s   39.74s
         'rins/rens':       355 [259.74us, 158.59ms]  55.27ms  43.07ms   19.62s       257 [ 94.87us, 100.42ms]  68.76ms  40.89ms   17.67s

Search stats          Bools  Conflicts   Branches  Restarts  BacktrackToRoot  Backtrack   BoolPropag  IntegerPropag
       'default_lp':  3'512     14'567    535'082        53           34'759     66'364   12'883'181     19'970'814
  'fs_random_no_lp':  3'524    540'780    966'661       239           22'141    574'727   54'398'298     94'626'017
           'max_lp':  3'512      2'339  1'332'590        27           74'167    119'726   25'123'677     42'968'849
            'no_lp':  3'512    433'080  2'515'317     2'072           63'884    514'547  103'553'495    122'252'153
    'quick_restart':  3'516      2'636  1'127'624       111           63'246    100'758   22'843'908     38'655'127

SAT formula           Fixed  Equiv  Total  VarLeft  BinaryClauses  PermanentClauses  TemporaryClauses
       'default_lp':     10      2  3'512    3'500         66'878             2'408             7'214
  'fs_random_no_lp':      9      2  3'524    3'513         71'104             7'659            12'112
           'max_lp':     10      3  3'512    3'499         66'830             2'074               942
            'no_lp':     10      3  3'512    3'499         66'826             2'122             3'838
    'quick_restart':     12      3  3'516    3'501         67'276             2'124               963

SAT stats             ClassicMinim  LitRemoved  LitRemovedBinary  LitLearned  LitForgotten  Subsumed
       'default_lp':         8'764      47'965           396'287   1'520'866       493'753     1'764
  'fs_random_no_lp':       512'753  12'838'886        25'914'505  80'825'346    66'161'811   153'593
           'max_lp':         1'285      17'602            93'495     211'500             0     1'006
            'no_lp':       361'303   9'885'073        10'789'194  71'603'624    29'262'761   234'463
    'quick_restart':         1'229      15'467            83'302     164'419             0     1'062

Vivification          Clauses  Decisions  LitTrue  Subsumed  LitRemoved  DecisionReused  Conflicts
       'default_lp':   17'111    453'939        0     1'614      15'097          16'993         56
  'fs_random_no_lp':    6'934    299'757        1     1'594      88'886          11'395      1'823
           'max_lp':   40'950  1'246'974        0     1'720      16'056          44'591        128
            'no_lp':   34'118  1'008'335        0     1'846      18'539          37'003        113
    'quick_restart':   35'651  1'036'591        0     1'792      18'617          41'195        218

Clause deletion       at_true  l_and_not(l)  to_binary  sub_conflict  sub_extra  sub_decisions  sub_eager  sub_vivify  sub_probing  sub_inpro  blocked  eliminated  forgotten   promoted  conflicts
       'default_lp':        4             1          1         1'694         54             47         70       1'614           30          5        0           0      4'439     27'600     14'567
  'fs_random_no_lp':       66             0          1       135'139        852            368     18'454       1'594           40        491        0           0    366'369  1'095'331    540'780
           'max_lp':       35             0          1           991         10             54         15       1'720           30         17        0           0          0      2'852      2'339
            'no_lp':       70             0          4       226'849      2'596         14'792      7'614       1'846           21          6        0           0    176'758    881'418    433'080
    'quick_restart':       28             1          1         1'036          6             83         26       1'792           21         10        0           0          0      2'196      2'636

Lp stats            Component  Iterations  AddedCuts  OPTIMAL  DUAL_F.  DUAL_U.
     'default_lp':          1     140'948      9'442   12'180        0   10'784
         'max_lp':          1      60'029      4'176       59    3'024      791
  'quick_restart':          1     114'624      9'733      128    6'344      557

Lp dimension             Final dimension of first component
     'default_lp':   1165 rows, 3433 columns, 18386 entries
         'max_lp':  6178 rows, 3866 columns, 197967 entries
  'quick_restart':   3804 rows, 3866 columns, 80091 entries

Lp debug            CutPropag  CutEqPropag  Adjust  Overflow      Bad  BadScaling
     'default_lp':          2          130  10'756         0   38'780           0
         'max_lp':          5            8     790         0  221'533           0
  'quick_restart':         18            3     549         0  315'526           0

Lp pool             Constraints  Updates  Simplif  Merged  Shortened  Split  Strengthened     Cuts/Call
     'default_lp':       11'542    1'457    2'638       0      2'693    109           163  9'442/16'276
         'max_lp':        9'012    3'308    1'714       6      1'674    758           110   4'176/6'692
  'quick_restart':       14'566    1'792    3'607       9      3'452    268            73  9'733/16'198

Lp Cut            quick_restart  default_lp  max_lp
          CG_FF:            174         484      89
           CG_K:             71         460      67
          CG_KL:             15          64      14
           CG_R:            259         659     162
          CG_RB:             66         102      74
         CG_RBP:             19          42      33
         Clique:            429           -     210
             IB:          1'466       6'263       8
       MIR_1_FF:            105          88      82
        MIR_1_K:             24          19      33
       MIR_1_KL:             12          35       8
        MIR_1_R:             43          91      30
       MIR_1_RB:              9           6      11
      MIR_1_RBP:              1           1       1
      MIR_1_RLT:             35           -       2
       MIR_2_FF:            150         126      73
        MIR_2_K:             26          20      16
       MIR_2_KL:             11          59       9
        MIR_2_R:            116         248      27
       MIR_2_RB:             44          22      31
      MIR_2_RBP:              3           2       2
       MIR_3_FF:            306          62     109
        MIR_3_K:             16          16      10
       MIR_3_KL:             69          23      27
        MIR_3_R:            116          91      28
       MIR_3_RB:             58          18      33
      MIR_3_RBP:              2           -       1
       MIR_4_FF:            177          27      71
        MIR_4_K:             14           8      11
       MIR_4_KL:             14          13       9
        MIR_4_R:            113          49      22
       MIR_4_RB:             34           5      19
      MIR_4_RBP:              3           1       3
       MIR_5_FF:            108          21      23
        MIR_5_K:             11           9       3
       MIR_5_KL:             17           5       4
        MIR_5_R:             91          39      17
       MIR_5_RB:             20           2       8
      MIR_5_RBP:              4           1       1
       MIR_6_FF:             58          11       8
        MIR_6_K:              4           4       -
       MIR_6_KL:              4           2       1
        MIR_6_R:             60          24      18
       MIR_6_RB:             17           3       6
      MIR_6_RBP:              2           2       1
   ZERO_HALF_FF:          1'074          67     545
    ZERO_HALF_K:             77           2      86
   ZERO_HALF_KL:            121           5      58
    ZERO_HALF_R:          3'981         126   1'988
   ZERO_HALF_RB:              3          15      19
  ZERO_HALF_RBP:             81           -      65

LNS stats       Improv/Calls  Closed  Difficulty  TimeLimit
  'rins/rens':       291/291     50%    6.44e-01       0.10

LS stats                                    Batches  Restarts/Perturbs  LinMoves  GenMoves  CompoundMoves  Bactracks  WeightUpdates  ScoreComputed
                             'fj_restart':       10                  8   226'991         0              0          0         17'480      1'650'071
                    'fj_restart_compound':       12                  4         0   105'139         15'036     45'041            119      2'465'718
                'fj_restart_compound_obj':       10                  9         0    75'730         15'286     30'187             71      1'877'556
            'fj_restart_compound_perturb':       49                 11         0   444'046         49'340    197'326            628      9'665'862
        'fj_restart_compound_perturb_obj':       14                  6         0   118'661         20'892     48'857            118      2'823'412
                       'fj_restart_decay':       32                  9   759'169         0              0          0         11'522      3'562'302
              'fj_restart_decay_compound':       23                  7         0   195'720         38'190     78'733            115      4'777'546
          'fj_restart_decay_compound_obj':       30                  7         0   254'838         46'960    103'915            168      6'339'960
      'fj_restart_decay_compound_perturb':       44                  9         0   367'556         70'885    148'293            222      9'189'031
  'fj_restart_decay_compound_perturb_obj':       30                 10         0   245'217         52'093     96'536            188      6'322'094
                   'fj_restart_decay_obj':       14                 10   309'425         0              0          0          4'713      1'575'509
               'fj_restart_decay_perturb':       13                  8   292'693         0              0          0          4'541      1'452'459
           'fj_restart_decay_perturb_obj':        9                  5   194'495         0              0          0          3'176      1'068'196
                         'fj_restart_obj':       21                 11   543'411         0              0          0         44'443      3'160'708
                     'fj_restart_perturb':       26                 11   637'917         0              0          0         50'500      4'186'435
                 'fj_restart_perturb_obj':       18                  9   450'514         0              0          0         34'774      2'964'418

Solution repositories    Added  Queried  Synchro
    'alternative_path':      0        0        0
      'best_solutions':      0        0        0
   'fj solution hints':    126        0      126
        'lp solutions':    362      355      216
                'pump':      0        0

Improving bounds shared    Num  Sym
            'default_lp':    2    0
       'fs_random_no_lp':   11    0
                'max_lp':    8    0
                 'no_lp':    2    0
         'quick_restart':   17    0

Clauses shared        #Exported  #Imported  #BinaryRead  #BinaryTotal
       'default_lp':        677      1'119        1'374         1'375
  'fs_random_no_lp':      1'013        979        1'335         1'375
           'max_lp':        647      1'637        1'375         1'375
            'no_lp':        684      1'555        1'375         1'375
    'quick_restart':        309      1'553        1'374         1'375

LRAT_status: NA
CpSolverResponse summary:
status: INFEASIBLE
objective: NA
best_bound: NA
integers: 3955
booleans: 3516
conflicts: 2636
branches: 1127624
propagations: 22843908
integer_propagations: 38655127
restarts: 111
lp_iterations: 114624
walltime: 34.6943
usertime: 34.6943
deterministic_time: 279.365
gap_integral: 0

{'engine': 'native', 'cap': 187, 'J': 0, 'scope': 'M0 safe projection, S <= cap', 'workers': 6, 'time_limit': 600.0, 'script_sha256': '61b0464b83e16fe41d78e8556dde3e0e783d8890796487dd3844d5ad8537794a', 'model_sha256': 'a45fdf1701444211af245b37c160073faaa074b0f30da683525e447aae1b5cb6', 'domain_count': 1945, 'build_seconds': 0.34308864299964625, 'status': 'INFEASIBLE', 'seconds': 35.038797091998276}
