BUILT {"engine": "native", "S_branch": 187, "J_branch": 1, "groups": true, "workers": 1, "seed": 75, "source_sha256": "697ade0b50a59f702ded7689babbe85f1ba26fe8ac62dc9e0dff799f913c475a", "wrapper_sha256": "6daf8ce686237b86c099df03d64551e27af053dd4220d39c7abde37611c5c6fd", "time_limit": 60.0, "build_seconds": 11.007259903999511, "domain_count": 3970, "domain_sha256": "dff299bb520aeee61628e1565bf3d9f790d0e93d8b521e04d7c4fe73ccf745f5", "variables": 11988, "constraints": 19300, "model_sha256": "9e4319b6592512bd9e3e797dd8e44b07868051e5323a921c05fe17617b7eb6fc"}

Starting CP-SAT solver v9.15.6755
Parameters: random_seed: 75 max_time_in_seconds: 60 log_search_progress: true linearization_level: 2 num_search_workers: 1

Initial satisfaction model '': (model_fingerprint: 0x2d55a77bc1328ef8)
#Variables: 11'988 (4'379 primary variables)
  - 11'572 Booleans in [0,1]
  - 1 in [-4,16]
  - 1 in [-4,21]
  - 1 in [-4,48]
  - 1 in [-4,53]
  - 4 in [0,2]
  - 400 in [0,9]
  - 4 in [0,13]
  - 2 in [0,23]
  - 1 in [180,187]
  - 1 constants in {1} 
#kBoolOr: 3'744 (#enforced: 96) (#literals: 765'462)
#kLinear1: 5'477 (#enforced: 1'504)
#kLinear2: 798 (#enforced: 2 #multi: 2)
#kLinear3: 140 (#enforced: 3 #multi: 3)
#kLinearN: 9'136 (#enforced: 1'067 #multi: 267) (#terms: 931'377)
#kTable: 5

Starting presolve at 0.06s
  1.76e-03s  0.00e+00d  [DetectDominanceRelations] 
  1.23e-01s  0.00e+00d  [PresolveToFixPoint] #num_loops=2 #num_dual_strengthening=1 
  4.21e-05s  0.00e+00d  [ExtractEncodingFromLinear] 
  8.01e-05s  0.00e+00d  [DetectDuplicateColumns] 
  3.05e-05s  0.00e+00d  [DetectDuplicateConstraints] 
[Symmetry] Graph for symmetry has 12'183 nodes and 380 arcs.
[Symmetry] Symmetry computation done. time: 0.000447719 dtime: 0.00082848
[Symmetry] #generators: 1, average support size: 50
[Symmetry] 25 orbits on 50 variables with sizes: 2,2,2,2,2,2,2,2,2,2,...
[SAT presolve] num removable Booleans: 0 / 51
[SAT presolve] num trivial clauses: 0
[SAT presolve] [0s] clauses:46 literals:92 vars:48 one_side_vars:48 simple_definition:0 singleton_clauses:0
[SAT presolve] [9.3e-06s] clauses:46 literals:92 vars:48 one_side_vars:48 simple_definition:0 singleton_clauses:0
[SAT presolve] [1.2399e-05s] clauses:46 literals:92 vars:48 one_side_vars:48 simple_definition:0 singleton_clauses:0
  9.42e-05s  0.00e+00d  [DetectDuplicateConstraintsWithDifferentEnforcements] 
  1.07e-02s  1.97e-03d  [Probe] #probed=4'830 #new_binary_clauses=22 
  1.08e-04s  1.02e-04d  [MaxClique] Merged 46 constraints with 92 literals into 2 constraints with 48 literals
  2.36e-03s  0.00e+00d  [DetectDominanceRelations] 
  5.65e-04s  0.00e+00d  [DetectDominanceRelations] 
  4.17e-03s  0.00e+00d  [PresolveToFixPoint] #num_loops=2 #num_dual_strengthening=2 
  2.65e-05s  0.00e+00d  [ProcessAtMostOneAndLinear] 
  1.63e-05s  0.00e+00d  [DetectDuplicateConstraints] 
  1.30e-05s  0.00e+00d  [DetectDuplicateConstraintsWithDifferentEnforcements] 
  1.51e-05s  0.00e+00d  [DetectDominatedLinearConstraints] 
  1.66e-05s  0.00e+00d  [DetectDifferentVariables] 
  2.22e-05s  0.00e+00d  [ProcessSetPPC] #relevant_constraints=1 
  1.92e-03s  0.00e+00d  [TransformClausesToExactlyOne] 
  9.34e-05s  0.00e+00d  [DetectEncodedComplexDomains] 
  4.75e-05s  0.00e+00d  [FindAlmostIdenticalLinearConstraints] 
  7.58e-06s  0.00e+00d  [FindBigAtMostOneAndLinearOverlap] 
  2.60e-05s  3.00e-08d  [FindBigVerticalLinearOverlap] 
  4.21e-05s  0.00e+00d  [FindBigHorizontalLinearOverlap] 
  4.87e-05s  0.00e+00d  [MergeClauses] 
  5.24e-05s  0.00e+00d  [PresolveToFixPoint] 
  3.37e-05s  0.00e+00d  [PresolveToFixPoint] 
  2.02e-05s  0.00e+00d  [DetectDuplicateColumns] 
  1.57e-05s  0.00e+00d  [DetectDuplicateConstraints] 
[Symmetry] Graph for symmetry has 11'991 nodes and 0 arcs.
[Symmetry] Symmetry computation done. time: 0.000254119 dtime: 0.00071946
  9.34e-05s  0.00e+00d  [DetectDuplicateConstraintsWithDifferentEnforcements] 
  5.90e-03s  1.14e-03d  [Probe] #probed=4'652 
  3.42e-05s  0.00e+00d  [MaxClique] 
  1.09e-04s  0.00e+00d  [PresolveToFixPoint] 
  2.50e-05s  0.00e+00d  [ProcessAtMostOneAndLinear] 
  1.45e-05s  0.00e+00d  [DetectDuplicateConstraints] 
  1.55e-05s  0.00e+00d  [DetectDuplicateConstraintsWithDifferentEnforcements] 
  1.51e-05s  0.00e+00d  [DetectDominatedLinearConstraints] 
  1.78e-05s  0.00e+00d  [DetectDifferentVariables] 
  2.24e-05s  0.00e+00d  [ProcessSetPPC] 
  1.59e-03s  0.00e+00d  [TransformClausesToExactlyOne] 
  6.88e-05s  0.00e+00d  [DetectEncodedComplexDomains] 
  3.36e-05s  0.00e+00d  [FindAlmostIdenticalLinearConstraints] 
  8.30e-06s  0.00e+00d  [FindBigAtMostOneAndLinearOverlap] 
  2.48e-05s  3.00e-08d  [FindBigVerticalLinearOverlap] 
  7.74e-05s  0.00e+00d  [FindBigHorizontalLinearOverlap] 
  4.59e-05s  0.00e+00d  [MergeClauses] 
  5.14e-05s  0.00e+00d  [PresolveToFixPoint] 
  1.38e-05s  0.00e+00d  [MergeNoOverlap] 
  1.63e-05s  0.00e+00d  [MergeNoOverlap2D] 

Presolve summary:
  - 3 affine relations were detected.
  - rule 'TODO dual: only one blocking constraint?' was applied 48 times.
  - rule 'TODO linear1: appear in only one extra 2-var constraint' was applied 2 times.
  - rule 'affine: new relation' was applied 3 times.
  - rule 'at_most_one: dominated singleton' was applied 2 times.
  - rule 'at_most_one: empty or all false' was applied 3 times.
  - rule 'at_most_one: removed literals' was applied 3 times.
  - rule 'at_most_one: singleton' was applied 1 time.
  - rule 'at_most_one: size one' was applied 1 time.
  - rule 'at_most_one: transformed into max clique' was applied 1 time.
  - rule 'bool_or: always true' was applied 2'323 times.
  - rule 'bool_or: only one literal' was applied 1'457 times.
  - rule 'deductions: 1038 stored' was applied 1 time.
  - rule 'domination: in at most one' was applied 44 times.
  - rule 'domination: in exactly one' was applied 2 times.
  - rule 'dual: make encoding equiv' was applied 96 times.
  - rule 'enforcement: false literal' was applied 1'041 times.
  - rule 'enforcement: literal not used' was applied 3 times.
  - rule 'enforcement: true literal' was applied 428 times.
  - rule 'exactly_one: removed literals' was applied 2 times.
  - rule 'exactly_one: singleton' was applied 1 time.
  - rule 'exactly_one: size one' was applied 1 time.
  - rule 'linear1: always true' was applied 1 time.
  - rule 'linear1: x in domain' was applied 3'971 times.
  - rule 'linear: always true' was applied 3'637 times.
  - rule 'linear: empty' was applied 5'823 times.
  - rule 'linear: fixed or dup variables' was applied 13'281 times.
  - rule 'linear: negative clause' was applied 34 times.
  - rule 'linear: positive at most one' was applied 1 time.
  - rule 'linear: reduced variable domains' was applied 4'174 times.
  - rule 'linear: remapped using affine relations' was applied 3 times.
  - rule 'linear: simplified rhs' was applied 1 time.
  - rule 'linear: singleton column' was applied 2'193 times.
  - rule 'new_bool: var with 2 values' was applied 3 times.
  - rule 'presolve: 9795 unused variables removed.' was applied 1 time.
  - rule 'presolve: iteration' was applied 2 times.
  - rule 'table: all tuples!' was applied 1 time.
  - rule 'table: expanded positive constraint with two variables' was applied 1 time.
  - rule 'table: only one column!' was applied 3 times.
  - rule 'table: reduce variable domain' was applied 15 times.
  - rule 'table: remove expressions' was applied 5 times.
  - rule 'table: remove tuples' was applied 5 times.
  - rule 'variables with 2 values: create encoding literal' was applied 3 times.
  - rule 'variables with 2 values: new affine relation' was applied 3 times.
  - rule 'variables: detect fully reified value encoding' was applied 48 times.
  - rule 'variables: detect half reified value encoding' was applied 96 times.
  - rule 'variables: only used in value and order encodings' was applied 2 times.

Presolved satisfaction model '': (model_fingerprint: 0xa5b85c5e198ed849)
#Variables: 0 (0 primary variables)

[Symmetry] Graph for symmetry has 0 nodes and 0 arcs.

Preloading model.
The solution hint is complete and is feasible.

Starting search at 0.36s with 1 workers.
1 full problem subsolver: [main]

[Precedences] num_relations=0 num_clauses=0
[Probing] deterministic_time: 0 (limit: 1) wall_time: 6.5e-07 (0/0)
Initial num_bool: 0

Starting subsolver 'main' hint search at 0.36s
Starting subsolver 'main' search at 0.36s
#1       0.36s main

Task timing           n [     min,      max]      avg      dev     time         n [     min,      max]      avg      dev    dtime
      'main':         1 [122.31us, 122.31us] 122.31us   0.00ns 122.31us         0 [  0.00ns,   0.00ns]   0.00ns   0.00ns   0.00ns

Search stats    Bools  Conflicts  Branches  Restarts  BacktrackToRoot  Backtrack  BoolPropag  IntegerPropag
       'main':      0          0         0         0                0          0           0              0

SAT formula    Fixed  Equiv  Total  VarLeft  BinaryClauses  PermanentClauses  TemporaryClauses
      'main':      0      0      0        0              0                 0                 0

SAT stats    ClassicMinim  LitRemoved  LitRemovedBinary  LitLearned  LitForgotten  Subsumed
    'main':             0           0                 0           0             0         0

Vivification    Clauses  Decisions  LitTrue  Subsumed  LitRemoved  DecisionReused  Conflicts
       'main':        0          0        0         0           0               0          0

Clause deletion    at_true  l_and_not(l)  to_binary  sub_conflict  sub_extra  sub_decisions  sub_eager  sub_vivify  sub_probing  sub_inpro  blocked  eliminated  forgotten  promoted  conflicts
          'main':        0             0          0             0          0              0          0           0            0          0        0           0          0         0          0

Solutions (1)    Num   Rank
        'main':    1  [0,0]

Solution repositories    Added  Queried  Synchro
    'alternative_path':      0        0        0
      'best_solutions':      1        0        1
   'fj solution hints':      0        0        0

LRAT_status: NA
CpSolverResponse summary:
status: OPTIMAL
objective: NA
best_bound: NA
integers: 0
booleans: 0
conflicts: 0
branches: 0
propagations: 0
integer_propagations: 0
restarts: 0
lp_iterations: 0
walltime: 0.363533
usertime: 0.363533
deterministic_time: 0.00322086
gap_integral: 0
solution_fingerprint: 0x2a7edc03dd15a9ff

{"engine": "native", "S_branch": 187, "J_branch": 1, "groups": true, "workers": 1, "seed": 75, "source_sha256": "697ade0b50a59f702ded7689babbe85f1ba26fe8ac62dc9e0dff799f913c475a", "wrapper_sha256": "6daf8ce686237b86c099df03d64551e27af053dd4220d39c7abde37611c5c6fd", "time_limit": 60.0, "build_seconds": 11.007259903999511, "domain_count": 3970, "domain_sha256": "dff299bb520aeee61628e1565bf3d9f790d0e93d8b521e04d7c4fe73ccf745f5", "variables": 11988, "constraints": 19300, "model_sha256": "9e4319b6592512bd9e3e797dd8e44b07868051e5323a921c05fe17617b7eb6fc", "status": "OPTIMAL", "S": 187, "warehouse_gaps": [0, 0], "seconds": 11.683074706990737}
