BUILT {'encoding': 'A', 'scope': 'M0 plus residual all-pole union; no forced warehouse cells, no residual single-pole capacities', 'cap': 187, 'shift': [0, 1], 'workers': 1, 'time_limit': 600.0, 'center_count': 3376, 'group_count': 403, 'script_sha256': '3d58af1afb2132513588f3ac6f141807e8fe677219c35bca82976c80b5fd0036', 'build_seconds': 1.1295968619961059, 'model_sha256': '703438ffb67af65b332a5f3127135b580178daaacc884df8298c3d68fd522f8e', 'variables': 12119, 'constraints': 42134}

Starting CP-SAT solver v9.15.6755
Parameters: max_time_in_seconds: 600 log_search_progress: true linearization_level: 2 num_search_workers: 1 subsolvers: "quick_restart"

Initial satisfaction model '': (model_fingerprint: 0xd36f1cfe1e0b055b)
#Variables: 12'119 (9'102 primary variables)
  - 11'703 Booleans in [0,1]
  - 1 in [-4,16]
  - 1 in [-4,21]
  - 1 in [-4,48]
  - 1 in [-4,53]
  - 4 in [0,2]
  - 400 in [0,9]
  - 4 in [0,13]
  - 2 in [0,23]
  - 1 in [180,187]
  - 1 constants in {1} 
#kBoolOr: 96 (#enforced: 96) (#literals: 96)
#kLinear1: 1'506 (#enforced: 1'504)
#kLinear2: 31'130 (#enforced: 2 #multi: 2)
#kLinear3: 140 (#enforced: 3 #multi: 3)
#kLinearN: 9'257 (#enforced: 1'067 #multi: 267) (#terms: 752'832)
#kTable: 5

Starting presolve at 0.02s
  1.79e-02s  0.00e+00d  [DetectDominanceRelations] 
  1.54e-01s  0.00e+00d  [PresolveToFixPoint] #num_loops=3 #num_dual_strengthening=2 
  6.00e-04s  0.00e+00d  [ExtractEncodingFromLinear] #potential_supersets=3'633 #potential_subsets=2 
  1.50e-02s  0.00e+00d  [DetectDuplicateColumns] 
  1.01e-03s  0.00e+00d  [DetectDuplicateConstraints] #duplicates=6 
[Symmetry] Graph for symmetry has 40'445 nodes and 838'413 arcs.
[Symmetry] Symmetry computation done. time: 0.0108187 dtime: 0.0615752
[SAT presolve] num removable Booleans: 3'375 / 11'731
[SAT presolve] num trivial clauses: 0
[SAT presolve] [0s] clauses:37'155 literals:715'861 vars:11'581 one_side_vars:8048 simple_definition:3'524 singleton_clauses:0
[SAT presolve] [0.00245334s] clauses:37'155 literals:715'849 vars:11'581 one_side_vars:8048 simple_definition:3'524 singleton_clauses:0
[SAT presolve] [0.00382875s] clauses:37'152 literals:715'843 vars:11'580 one_side_vars:8048 simple_definition:3'523 singleton_clauses:0
  6.55e-04s  0.00e+00d  [DetectDuplicateConstraintsWithDifferentEnforcements] 
  1.51e+00s  2.00e+00d *[Probe] #probed=7'132 #fixed_bools=36 #equiv=37 #new_binary_clauses=531'253 
  3.22e-02s  1.69e-01d  [MaxClique] Merged 32'187 constraints with 65'363 literals into 30'473 constraints with 63'647 literals
  2.07e-02s  0.00e+00d  [DetectDominanceRelations] 
  1.77e-02s  0.00e+00d  [DetectDominanceRelations] 
  6.66e-02s  0.00e+00d  [PresolveToFixPoint] #num_loops=3 #num_dual_strengthening=2 
  1.67e-02s  0.00e+00d  [ProcessAtMostOneAndLinear] #num_changes=421 
  1.27e-03s  0.00e+00d  [DetectDuplicateConstraints] #duplicates=3 
  8.26e-04s  0.00e+00d  [DetectDuplicateConstraintsWithDifferentEnforcements] 
  9.74e-04s  5.70e-04d  [DetectDominatedLinearConstraints] #relevant_constraints=784 
  3.86e-04s  0.00e+00d  [DetectDifferentVariables] 
  1.91e-02s  5.17e-03d  [ProcessSetPPC] #relevant_constraints=39'695 #num_inclusions=15 
  4.56e-03s  6.01e-03d  [TransformClausesToExactlyOne] #num_amos=30'485 #num_clauses=4'908 #num_checked=4'908 
  2.09e-03s  0.00e+00d  [DetectEncodedComplexDomains] 
  4.17e-04s  0.00e+00d  [FindAlmostIdenticalLinearConstraints] 
  5.76e-02s  2.39e-01d  [FindBigAtMostOneAndLinearOverlap] #blocks=15 #saved_nz=2'870 
  3.79e-02s  7.41e-02d  [FindBigVerticalLinearOverlap] #blocks=500 #saved_nz=29'882 
  3.89e-03s  2.13e-02d  [FindBigHorizontalLinearOverlap] #blocks=1 #saved_nz=226 #linears=974 
  1.07e-02s  3.19e-03d  [MergeClauses] #num_collisions=342 #num_merges=342 #num_saved_literals=3'160 
  1.87e-02s  0.00e+00d  [DetectDominanceRelations] 
  4.13e-02s  0.00e+00d  [PresolveToFixPoint] #num_loops=3 #num_dual_strengthening=1 
  1.85e-02s  0.00e+00d  [DetectDominanceRelations] 
  3.84e-02s  0.00e+00d  [PresolveToFixPoint] #num_loops=1 #num_dual_strengthening=1 
  1.30e-02s  0.00e+00d  [DetectDuplicateColumns] 
  1.07e-03s  0.00e+00d  [DetectDuplicateConstraints] #duplicates=6 
[Symmetry] Graph for symmetry has 41'239 nodes and 777'452 arcs.
[Symmetry] Symmetry computation done. time: 0.00984196 dtime: 0.0506443
[SAT presolve] num removable Booleans: 2'892 / 11'771
[SAT presolve] num trivial clauses: 0
[SAT presolve] [0s] clauses:34'802 literals:697'945 vars:11'316 one_side_vars:7762 simple_definition:3'515 singleton_clauses:0
[SAT presolve] [0.00196631s] clauses:34'802 literals:697'871 vars:11'316 one_side_vars:7762 simple_definition:3'515 singleton_clauses:0
[SAT presolve] [0.00323322s] clauses:34'800 literals:697'869 vars:11'315 one_side_vars:7762 simple_definition:3'514 singleton_clauses:0
  8.04e-04s  0.00e+00d  [DetectDuplicateConstraintsWithDifferentEnforcements] 
  9.46e-01s  1.87e+00d *[Probe] #probed=24'530 #fixed_bools=6 #new_bounds=38 #equiv=21 #new_binary_clauses=725'849 
  4.95e-02s  3.10e-01d  [MaxClique] Merged 30'480 constraints with 62'860 literals into 29'478 constraints with 61'828 literals
  1.84e-02s  0.00e+00d  [DetectDominanceRelations] 
  4.20e-02s  0.00e+00d  [PresolveToFixPoint] #num_loops=2 #num_dual_strengthening=1 
  5.80e-03s  0.00e+00d  [ProcessAtMostOneAndLinear] 
  1.59e-03s  0.00e+00d  [DetectDuplicateConstraints] #duplicates=10 
  1.47e-03s  0.00e+00d  [DetectDuplicateConstraintsWithDifferentEnforcements] 
  1.18e-03s  8.57e-05d  [DetectDominatedLinearConstraints] #relevant_constraints=1'113 
  7.88e-04s  0.00e+00d  [DetectDifferentVariables] 
  1.95e-02s  5.06e-03d  [ProcessSetPPC] #relevant_constraints=39'116 #num_inclusions=14 
  4.36e-03s  5.54e-03d  [TransformClausesToExactlyOne] #num_amos=29'477 #num_clauses=4'907 #num_checked=4'907 
  2.31e-03s  0.00e+00d  [DetectEncodedComplexDomains] 
  6.49e-04s  1.20e-07d  [FindAlmostIdenticalLinearConstraints] #num_tested_pairs=5 
  2.03e-02s  6.98e-02d  [FindBigAtMostOneAndLinearOverlap] #blocks=1 #saved_nz=112 
  1.05e-02s  4.50e-02d  [FindBigVerticalLinearOverlap] #blocks=22 #saved_nz=999 
  4.10e-03s  2.17e-02d  [FindBigHorizontalLinearOverlap] #blocks=1 #saved_nz=199 #linears=986 
  1.15e-02s  3.19e-03d  [MergeClauses] #num_collisions=342 #num_merges=342 #num_saved_literals=3'160 
  1.96e-02s  0.00e+00d  [DetectDominanceRelations] 
  4.52e-02s  0.00e+00d  [PresolveToFixPoint] #num_loops=3 #num_dual_strengthening=2 
  1.95e-02s  0.00e+00d  [DetectDominanceRelations] 
  4.12e-02s  0.00e+00d  [PresolveToFixPoint] #num_loops=1 #num_dual_strengthening=1 
  1.24e-02s  0.00e+00d  [DetectDuplicateColumns] 
  1.87e-03s  0.00e+00d  [DetectDuplicateConstraints] #duplicates=8 
[Symmetry] Graph for symmetry has 41'659 nodes and 773'879 arcs.
[Symmetry] Symmetry computation done. time: 0.00978108 dtime: 0.0500193
[SAT presolve] num removable Booleans: 2'616 / 11'747
[SAT presolve] num trivial clauses: 0
[SAT presolve] [0s] clauses:33'126 literals:693'865 vars:11'242 one_side_vars:7727 simple_definition:3'511 singleton_clauses:0
[SAT presolve] [0.00217628s] clauses:33'126 literals:693'863 vars:11'242 one_side_vars:7727 simple_definition:3'511 singleton_clauses:0
[SAT presolve] [0.00386859s] clauses:33'126 literals:693'863 vars:11'242 one_side_vars:7727 simple_definition:3'511 singleton_clauses:0
  9.69e-04s  0.00e+00d  [DetectDuplicateConstraintsWithDifferentEnforcements] 
  9.32e-01s  1.83e+00d *[Probe] #probed=24'532 #new_bounds=5 #equiv=1 #new_binary_clauses=712'187 
  5.05e-02s  3.12e-01d  [MaxClique] 
  1.86e-02s  0.00e+00d  [DetectDominanceRelations] 
  4.08e-02s  0.00e+00d  [PresolveToFixPoint] #num_loops=2 #num_dual_strengthening=1 
  5.80e-03s  0.00e+00d  [ProcessAtMostOneAndLinear] 
  1.40e-03s  0.00e+00d  [DetectDuplicateConstraints] #duplicates=1 
  1.48e-03s  0.00e+00d  [DetectDuplicateConstraintsWithDifferentEnforcements] 
  1.18e-03s  8.04e-05d  [DetectDominatedLinearConstraints] #relevant_constraints=1'128 
  8.44e-04s  0.00e+00d  [DetectDifferentVariables] 
  1.93e-02s  5.06e-03d  [ProcessSetPPC] #relevant_constraints=39'118 #num_inclusions=11 
  4.57e-03s  5.54e-03d  [TransformClausesToExactlyOne] #num_amos=29'473 #num_clauses=4'907 #num_checked=4'907 
  2.49e-03s  0.00e+00d  [DetectEncodedComplexDomains] 
  1.17e-03s  9.00e-08d  [FindAlmostIdenticalLinearConstraints] #num_tested_pairs=4 
  1.98e-02s  6.76e-02d  [FindBigAtMostOneAndLinearOverlap] 
  9.72e-03s  4.37e-02d  [FindBigVerticalLinearOverlap] #blocks=8 #saved_nz=270 
  4.16e-03s  2.35e-02d  [FindBigHorizontalLinearOverlap] #linears=987 
  1.12e-02s  3.19e-03d  [MergeClauses] #num_collisions=342 #num_merges=342 #num_saved_literals=3'160 
  1.94e-02s  0.00e+00d  [DetectDominanceRelations] 
  4.06e-02s  0.00e+00d  [PresolveToFixPoint] #num_loops=2 #num_dual_strengthening=1 
  8.92e-04s  0.00e+00d  [MergeNoOverlap] 
  7.20e-04s  0.00e+00d  [MergeNoOverlap2D] 

Presolve summary:
  - 114 affine relations were detected.
  - rule 'TODO dual: add implied bound' was applied 4'800 times.
  - rule 'TODO dual: only one blocking constraint?' was applied 93'252 times.
  - rule 'TODO dual: only one blocking enforced constraint?' was applied 7'906 times.
  - rule 'TODO linear matrix: reuse defining constraint' was applied 1 time.
  - rule 'TODO linear matrix: reuse exo constraint' was applied 1 time.
  - rule 'TODO linear1: appear in only one extra 2-var constraint' was applied 4 times.
  - rule 'affine: new relation' was applied 114 times.
  - rule 'at_most_one: removed literals' was applied 118 times.
  - rule 'at_most_one: size one' was applied 52 times.
  - rule 'at_most_one: transformed into max clique' was applied 2 times.
  - rule 'bool_and: x => x' was applied 3 times.
  - rule 'bool_or: always true' was applied 96 times.
  - rule 'bool_or: fixed literals' was applied 298 times.
  - rule 'bool_or: implications' was applied 31'182 times.
  - rule 'bool_or: removed enforcement literal' was applied 400 times.
  - rule 'deductions: 1683 stored' was applied 1 time.
  - rule 'domination: in at most one' was applied 3 times.
  - rule 'dual: add implication' was applied 22 times.
  - rule 'dual: enforced equivalence' was applied 3 times.
  - rule 'dual: fix variable' was applied 6 times.
  - rule 'dual: make encoding equiv' was applied 96 times.
  - rule 'duplicate: removed constraint' was applied 34 times.
  - rule 'enforcement: literal not used' was applied 6 times.
  - rule 'enforcement: removed duplicate literal' was applied 2 times.
  - rule 'exactly_one: removed literals' was applied 121 times.
  - rule 'exactly_one: size two' was applied 45 times.
  - rule 'exactly_one: x and not(x)' was applied 48 times.
  - rule 'linear + amo: fixed literal implied by enforcement' was applied 421 times.
  - rule 'linear + amo: infeasible enforcement' was applied 4 times.
  - rule 'linear + amo: trivial linear constraint' was applied 2 times.
  - rule 'linear matrix: common amo rectangle' was applied 16 times.
  - rule 'linear matrix: common horizontal rectangle' was applied 2 times.
  - rule 'linear matrix: common vertical rectangle' was applied 530 times.
  - rule 'linear2: convert ax + by != cte to clauses' was applied 31'122 times.
  - rule 'linear: always true' was applied 20 times.
  - rule 'linear: divide by GCD' was applied 2 times.
  - rule 'linear: extracted at most one (max)' was applied 1 time.
  - rule 'linear: extracted enforcement literal' was applied 165 times.
  - rule 'linear: fixed or dup variables' was applied 45 times.
  - rule 'linear: negative clause' was applied 777 times.
  - rule 'linear: negative reified and' was applied 2 times.
  - rule 'linear: positive at most one' was applied 2 times.
  - rule 'linear: positive clause' was applied 4'178 times.
  - rule 'linear: positive equal one' was applied 3'790 times.
  - rule 'linear: reduced variable domains' was applied 6 times.
  - rule 'linear: reduced variable domains in derived constraint' was applied 2 times.
  - rule 'linear: remapped using affine relations' was applied 118 times.
  - rule 'linear: simplified rhs' was applied 54 times.
  - rule 'linear: singleton column' was applied 1 time.
  - rule 'linear: variable substitution 2' was applied 8 times.
  - rule 'linear: variable substitution 3' was applied 5 times.
  - rule 'new_bool: integer encoding' was applied 30 times.
  - rule 'new_bool: table expansion' was applied 6 times.
  - rule 'new_bool: var with 2 values' was applied 2 times.
  - rule 'new_bool: with clause' was applied 16 times.
  - rule 'presolve: 58 unused variables removed.' was applied 1 time.
  - rule 'presolve: iteration' was applied 3 times.
  - rule 'probing: bool_or reduced to implication' was applied 58 times.
  - rule 'probing: simplified clauses' was applied 3'773 times.
  - rule 'setppc: removed dominated constraints' was applied 3 times.
  - rule 'table: compress tuples' was applied 3 times.
  - rule 'table: expanded positive constraint' was applied 4 times.
  - rule 'table: expanded positive constraint with two variables' was applied 1 time.
  - rule 'table: reduce variable domain' was applied 10 times.
  - rule 'table: reused literals' was applied 4 times.
  - rule 'variables with 2 values: create encoding literal' was applied 2 times.
  - rule 'variables with 2 values: new affine relation' was applied 2 times.
  - rule 'variables: add encoding constraint' was applied 30 times.
  - rule 'variables: detect fully reified value encoding' was applied 48 times.
  - rule 'variables: detect half reified value encoding' was applied 496 times.
  - rule 'variables: detected fully encoded domain' was applied 6 times.
  - rule 'variables: only used in value and order encodings' was applied 2 times.

Presolved satisfaction model '': (model_fingerprint: 0xb87c9db5c076076)
#Variables: 12'515 (9'238 primary variables)
  - 11'747 Booleans in [0,1]
  - 1 in [0][5][7][10,12]
  - 1 in [0][6][8][10,12]
  - 184 in [0,2]
  - 101 in [0,3]
  - 16 in [0,4]
  - 7 in [0,5]
  - 10 in [0,6]
  - 6 in [0,7]
  - 7 in [0,8]
  - 410 in [0,9]
  - 10 in [0,10]
  - 1 in [0,11]
  - 1 in [0,12]
  - 3 in [0,13]
  - 1 in [0,16]
  - 1 in [0,18]
  - 1 in [0,24]
  - 1 in [0,43]
  - 1 in [0,46]
  - 1 in [0,55]
  - 1 in [1][3,4]
  - 1 in [1,3]
  - 1 in [5,6][9]
  - 1 in [7,9]
#kAtMostOne: 1'252 (#literals: 5'357)
#kBoolAnd: 3'633 (#enforced: 3'633) (#literals: 31'856)
#kBoolAndClauses: 338 (#enforced: 338 #multi: 338) (#literals: 3'830)
#kBoolOr: 4'227 (#literals: 630'435)
#kExactlyOne: 3'728 (#literals: 35'092)
#kLinear1: 460 (#enforced: 460)
#kLinear2: 1
#kLinear3: 80
#kLinearN: 1'055 (#enforced: 766 #multi: 256) (#terms: 22'437)
[Symmetry] Graph for symmetry has 41'491 nodes and 773'609 arcs.
[Symmetry] Symmetry computation done. time: 0.00924223 dtime: 0.0500389

Preloading model.
#Model   4.70s var:12515/12515 constraints:14774/14774

Starting search at 4.70s with 1 workers.
1 full problem subsolver: [quick_restart]
2 helper subsolvers: [neighborhood_helper, synchronization_agent]


Task timing                n [     min,      max]      avg      dev     time         n [     min,      max]      avg      dev    dtime
  'quick_restart':         1 [   9.92m,    9.92m]    9.92m   0.00ns    9.92m         1 [  14.08m,   14.08m]   14.08m   0.00ns   14.08m

Search stats         Bools  Conflicts    Branches  Restarts  BacktrackToRoot  Backtrack   BoolPropag  IntegerPropag
  'quick_restart':  12'174      6'383  43'397'807       497        1'785'556  2'796'692  479'326'312    722'507'886

SAT formula         Fixed  Equiv   Total  VarLeft  BinaryClauses  PermanentClauses  TemporaryClauses
  'quick_restart':      2      1  12'174   12'171        356'464             8'255             3'712

SAT stats           ClassicMinim  LitRemoved  LitRemovedBinary  LitLearned  LitForgotten  Subsumed
  'quick_restart':         3'235     114'073           192'163   1'070'403             0     1'440

Vivification        Clauses   Decisions  LitTrue  Subsumed  LitRemoved  DecisionReused  Conflicts
  'quick_restart':  553'674  40'827'542        0     1'360      65'305         160'836        151

Clause deletion     at_true  l_and_not(l)  to_binary  sub_conflict  sub_extra  sub_decisions  sub_eager  sub_vivify  sub_probing  sub_inpro  blocked  eliminated  forgotten  promoted  conflicts
  'quick_restart':        4             0          0         1'360         21             70         80       1'360           38         30        0           0          0     7'369      6'383

Lp stats            Component  Iterations  AddedCuts  OPTIMAL  DUAL_F.  DUAL_U.
  'quick_restart':          1   1'071'477     54'021      408   58'184    1'623

Lp dimension               Final dimension of first component
  'quick_restart':  10967 rows, 12526 columns, 205929 entries

Lp debug            CutPropag  CutEqPropag  Adjust  Overflow        Bad  BadScaling
  'quick_restart':          7            4   1'609         0  1'105'891           0

Lp pool             Constraints  Updates  Simplif  Merged  Shortened  Split  Strengthened       Cuts/Call
  'quick_restart':       49'095    3'652       14       7          0    212         8'593  54'021/112'932

Lp Cut            quick_restart
          CG_FF:          1'320
           CG_K:            372
          CG_KL:            143
           CG_R:          1'025
          CG_RB:            109
         CG_RBP:             52
         Clique:          1'093
             IB:          4'820
       MIR_1_FF:            609
        MIR_1_K:            225
       MIR_1_KL:            119
        MIR_1_R:            141
       MIR_1_RB:             48
      MIR_1_RBP:              3
      MIR_1_RLT:            117
       MIR_2_FF:            965
        MIR_2_K:             92
       MIR_2_KL:            219
        MIR_2_R:            448
       MIR_2_RB:            175
      MIR_2_RBP:              7
       MIR_3_FF:          2'273
        MIR_3_K:            122
       MIR_3_KL:            543
        MIR_3_R:            631
       MIR_3_RB:             94
      MIR_3_RBP:             24
       MIR_4_FF:          2'041
        MIR_4_K:             86
       MIR_4_KL:            308
        MIR_4_R:            485
       MIR_4_RB:             68
      MIR_4_RBP:             18
       MIR_5_FF:          1'008
        MIR_5_K:             67
       MIR_5_KL:            113
        MIR_5_R:            385
       MIR_5_RB:             52
      MIR_5_RBP:             23
       MIR_6_FF:            450
        MIR_6_K:             27
       MIR_6_KL:             63
        MIR_6_R:            264
       MIR_6_RB:             36
      MIR_6_RBP:             22
   ZERO_HALF_FF:          6'476
    ZERO_HALF_K:            339
   ZERO_HALF_KL:          1'150
    ZERO_HALF_R:         24'450
   ZERO_HALF_RB:            120
  ZERO_HALF_RBP:            181

Solution repositories    Added  Queried  Synchro
    'alternative_path':      0        0        0
      'best_solutions':      0        0        0
   'fj solution hints':      0        0        0

LRAT_status: NA
CpSolverResponse summary:
status: UNKNOWN
objective: NA
best_bound: NA
integers: 12664
booleans: 12174
conflicts: 6383
branches: 43397807
propagations: 479326312
integer_propagations: 722507886
restarts: 497
lp_iterations: 1071477
walltime: 600.003
usertime: 600.003
deterministic_time: 851.652
gap_integral: 0

{'encoding': 'A', 'scope': 'M0 plus residual all-pole union; no forced warehouse cells, no residual single-pole capacities', 'cap': 187, 'shift': [0, 1], 'workers': 1, 'time_limit': 600.0, 'center_count': 3376, 'group_count': 403, 'script_sha256': '3d58af1afb2132513588f3ac6f141807e8fe677219c35bca82976c80b5fd0036', 'build_seconds': 1.1295968619961059, 'model_sha256': '703438ffb67af65b332a5f3127135b580178daaacc884df8298c3d68fd522f8e', 'variables': 12119, 'constraints': 42134, 'subsolver': 'quick_restart', 'status': 'UNKNOWN', 'seconds': 601.236444929993}
