BUILT {'encoding': 'A', 'scope': 'M0 plus residual all-pole union; no forced warehouse cells, no residual single-pole capacities', 'cap': 187, 'shift': [0, 1], 'workers': 3, 'time_limit': 600.0, 'center_count': 3376, 'group_count': 403, 'script_sha256': '24271b3496aaadf6796e71cb225b385a2c41906538a399f81dd78cb17d26de71', 'build_seconds': 1.0516640399873722, 'model_sha256': '703438ffb67af65b332a5f3127135b580178daaacc884df8298c3d68fd522f8e', 'variables': 12119, 'constraints': 42134}

Starting CP-SAT solver v9.15.6755
Parameters: max_time_in_seconds: 600 log_search_progress: true linearization_level: 2 num_search_workers: 3

Initial satisfaction model '': (model_fingerprint: 0xd36f1cfe1e0b055b)
#Variables: 12'119 (9'102 primary variables)
  - 11'703 Booleans in [0,1]
  - 1 in [-4,16]
  - 1 in [-4,21]
  - 1 in [-4,48]
  - 1 in [-4,53]
  - 4 in [0,2]
  - 400 in [0,9]
  - 4 in [0,13]
  - 2 in [0,23]
  - 1 in [180,187]
  - 1 constants in {1} 
#kBoolOr: 96 (#enforced: 96) (#literals: 96)
#kLinear1: 1'506 (#enforced: 1'504)
#kLinear2: 31'130 (#enforced: 2 #multi: 2)
#kLinear3: 140 (#enforced: 3 #multi: 3)
#kLinearN: 9'257 (#enforced: 1'067 #multi: 267) (#terms: 752'832)
#kTable: 5

Starting presolve at 0.02s
  1.65e-02s  0.00e+00d  [DetectDominanceRelations] 
  1.44e-01s  0.00e+00d  [PresolveToFixPoint] #num_loops=3 #num_dual_strengthening=2 
  3.84e-04s  0.00e+00d  [ExtractEncodingFromLinear] #potential_supersets=3'633 #potential_subsets=2 
  1.40e-02s  0.00e+00d  [DetectDuplicateColumns] 
  9.08e-04s  0.00e+00d  [DetectDuplicateConstraints] #duplicates=6 
[Symmetry] Graph for symmetry has 40'445 nodes and 838'413 arcs.
[Symmetry] Symmetry computation done. time: 0.0103935 dtime: 0.0615752
[SAT presolve] num removable Booleans: 3'375 / 11'731
[SAT presolve] num trivial clauses: 0
[SAT presolve] [0s] clauses:37'155 literals:715'861 vars:11'581 one_side_vars:8048 simple_definition:3'524 singleton_clauses:0
[SAT presolve] [0.00205427s] clauses:37'155 literals:715'849 vars:11'581 one_side_vars:8048 simple_definition:3'524 singleton_clauses:0
[SAT presolve] [0.00333373s] clauses:37'152 literals:715'843 vars:11'580 one_side_vars:8048 simple_definition:3'523 singleton_clauses:0
  6.16e-04s  0.00e+00d  [DetectDuplicateConstraintsWithDifferentEnforcements] 
  1.35e+00s  2.00e+00d *[Probe] #probed=7'132 #fixed_bools=36 #equiv=37 #new_binary_clauses=531'253 
  3.01e-02s  1.69e-01d  [MaxClique] Merged 32'187 constraints with 65'363 literals into 30'473 constraints with 63'647 literals
  1.89e-02s  0.00e+00d  [DetectDominanceRelations] 
  1.66e-02s  0.00e+00d  [DetectDominanceRelations] 
  6.09e-02s  0.00e+00d  [PresolveToFixPoint] #num_loops=3 #num_dual_strengthening=2 
  1.58e-02s  0.00e+00d  [ProcessAtMostOneAndLinear] #num_changes=421 
  9.31e-04s  0.00e+00d  [DetectDuplicateConstraints] #duplicates=3 
  7.49e-04s  0.00e+00d  [DetectDuplicateConstraintsWithDifferentEnforcements] 
  8.73e-04s  5.70e-04d  [DetectDominatedLinearConstraints] #relevant_constraints=784 
  4.03e-04s  0.00e+00d  [DetectDifferentVariables] 
  1.81e-02s  5.17e-03d  [ProcessSetPPC] #relevant_constraints=39'695 #num_inclusions=15 
  3.92e-03s  6.01e-03d  [TransformClausesToExactlyOne] #num_amos=30'485 #num_clauses=4'908 #num_checked=4'908 
  2.00e-03s  0.00e+00d  [DetectEncodedComplexDomains] 
  3.65e-04s  0.00e+00d  [FindAlmostIdenticalLinearConstraints] 
  5.50e-02s  2.39e-01d  [FindBigAtMostOneAndLinearOverlap] #blocks=15 #saved_nz=2'870 
  3.58e-02s  7.41e-02d  [FindBigVerticalLinearOverlap] #blocks=500 #saved_nz=29'882 
  3.65e-03s  2.13e-02d  [FindBigHorizontalLinearOverlap] #blocks=1 #saved_nz=226 #linears=974 
  1.01e-02s  3.19e-03d  [MergeClauses] #num_collisions=342 #num_merges=342 #num_saved_literals=3'160 
  1.71e-02s  0.00e+00d  [DetectDominanceRelations] 
  3.79e-02s  0.00e+00d  [PresolveToFixPoint] #num_loops=3 #num_dual_strengthening=1 
  1.71e-02s  0.00e+00d  [DetectDominanceRelations] 
  3.53e-02s  0.00e+00d  [PresolveToFixPoint] #num_loops=1 #num_dual_strengthening=1 
  1.18e-02s  0.00e+00d  [DetectDuplicateColumns] 
  8.52e-04s  0.00e+00d  [DetectDuplicateConstraints] #duplicates=6 
[Symmetry] Graph for symmetry has 41'239 nodes and 777'452 arcs.
[Symmetry] Symmetry computation done. time: 0.00837121 dtime: 0.0506443
[SAT presolve] num removable Booleans: 2'892 / 11'771
[SAT presolve] num trivial clauses: 0
[SAT presolve] [0s] clauses:34'802 literals:697'945 vars:11'316 one_side_vars:7762 simple_definition:3'515 singleton_clauses:0
[SAT presolve] [0.00184551s] clauses:34'802 literals:697'871 vars:11'316 one_side_vars:7762 simple_definition:3'515 singleton_clauses:0
[SAT presolve] [0.00303129s] clauses:34'800 literals:697'869 vars:11'315 one_side_vars:7762 simple_definition:3'514 singleton_clauses:0
  7.48e-04s  0.00e+00d  [DetectDuplicateConstraintsWithDifferentEnforcements] 
  9.00e-01s  1.87e+00d *[Probe] #probed=24'530 #fixed_bools=6 #new_bounds=38 #equiv=21 #new_binary_clauses=725'849 
  4.67e-02s  3.10e-01d  [MaxClique] Merged 30'480 constraints with 62'860 literals into 29'478 constraints with 61'828 literals
  1.73e-02s  0.00e+00d  [DetectDominanceRelations] 
  3.88e-02s  0.00e+00d  [PresolveToFixPoint] #num_loops=2 #num_dual_strengthening=1 
  4.65e-03s  0.00e+00d  [ProcessAtMostOneAndLinear] 
  9.78e-04s  0.00e+00d  [DetectDuplicateConstraints] #duplicates=10 
  8.43e-04s  0.00e+00d  [DetectDuplicateConstraintsWithDifferentEnforcements] 
  7.77e-04s  8.57e-05d  [DetectDominatedLinearConstraints] #relevant_constraints=1'113 
  4.58e-04s  0.00e+00d  [DetectDifferentVariables] 
  1.82e-02s  5.06e-03d  [ProcessSetPPC] #relevant_constraints=39'116 #num_inclusions=14 
  3.77e-03s  5.54e-03d  [TransformClausesToExactlyOne] #num_amos=29'477 #num_clauses=4'907 #num_checked=4'907 
  2.22e-03s  0.00e+00d  [DetectEncodedComplexDomains] 
  5.26e-04s  1.20e-07d  [FindAlmostIdenticalLinearConstraints] #num_tested_pairs=5 
  1.91e-02s  6.98e-02d  [FindBigAtMostOneAndLinearOverlap] #blocks=1 #saved_nz=112 
  9.27e-03s  4.50e-02d  [FindBigVerticalLinearOverlap] #blocks=22 #saved_nz=999 
  3.69e-03s  2.17e-02d  [FindBigHorizontalLinearOverlap] #blocks=1 #saved_nz=199 #linears=986 
  1.03e-02s  3.19e-03d  [MergeClauses] #num_collisions=342 #num_merges=342 #num_saved_literals=3'160 
  1.73e-02s  0.00e+00d  [DetectDominanceRelations] 
  3.94e-02s  0.00e+00d  [PresolveToFixPoint] #num_loops=3 #num_dual_strengthening=2 
  1.73e-02s  0.00e+00d  [DetectDominanceRelations] 
  3.57e-02s  0.00e+00d  [PresolveToFixPoint] #num_loops=1 #num_dual_strengthening=1 
  1.09e-02s  0.00e+00d  [DetectDuplicateColumns] 
  9.66e-04s  0.00e+00d  [DetectDuplicateConstraints] #duplicates=8 
[Symmetry] Graph for symmetry has 41'659 nodes and 773'879 arcs.
[Symmetry] Symmetry computation done. time: 0.00826561 dtime: 0.0500193
[SAT presolve] num removable Booleans: 2'616 / 11'747
[SAT presolve] num trivial clauses: 0
[SAT presolve] [0s] clauses:33'126 literals:693'865 vars:11'242 one_side_vars:7727 simple_definition:3'511 singleton_clauses:0
[SAT presolve] [0.00189239s] clauses:33'126 literals:693'863 vars:11'242 one_side_vars:7727 simple_definition:3'511 singleton_clauses:0
[SAT presolve] [0.00303334s] clauses:33'126 literals:693'863 vars:11'242 one_side_vars:7727 simple_definition:3'511 singleton_clauses:0
  9.52e-04s  0.00e+00d  [DetectDuplicateConstraintsWithDifferentEnforcements] 
  8.41e-01s  1.83e+00d *[Probe] #probed=24'532 #new_bounds=5 #equiv=1 #new_binary_clauses=712'187 
  4.83e-02s  3.12e-01d  [MaxClique] 
  1.77e-02s  0.00e+00d  [DetectDominanceRelations] 
  3.85e-02s  0.00e+00d  [PresolveToFixPoint] #num_loops=2 #num_dual_strengthening=1 
  4.92e-03s  0.00e+00d  [ProcessAtMostOneAndLinear] 
  1.08e-03s  0.00e+00d  [DetectDuplicateConstraints] #duplicates=1 
  9.30e-04s  0.00e+00d  [DetectDuplicateConstraintsWithDifferentEnforcements] 
  8.68e-04s  8.04e-05d  [DetectDominatedLinearConstraints] #relevant_constraints=1'128 
  6.07e-04s  0.00e+00d  [DetectDifferentVariables] 
  1.81e-02s  5.06e-03d  [ProcessSetPPC] #relevant_constraints=39'118 #num_inclusions=11 
  3.83e-03s  5.54e-03d  [TransformClausesToExactlyOne] #num_amos=29'473 #num_clauses=4'907 #num_checked=4'907 
  2.25e-03s  0.00e+00d  [DetectEncodedComplexDomains] 
  6.67e-04s  9.00e-08d  [FindAlmostIdenticalLinearConstraints] #num_tested_pairs=4 
  1.86e-02s  6.76e-02d  [FindBigAtMostOneAndLinearOverlap] 
  8.79e-03s  4.37e-02d  [FindBigVerticalLinearOverlap] #blocks=8 #saved_nz=270 
  4.24e-03s  2.35e-02d  [FindBigHorizontalLinearOverlap] #linears=987 
  1.05e-02s  3.19e-03d  [MergeClauses] #num_collisions=342 #num_merges=342 #num_saved_literals=3'160 
  1.78e-02s  0.00e+00d  [DetectDominanceRelations] 
  3.72e-02s  0.00e+00d  [PresolveToFixPoint] #num_loops=2 #num_dual_strengthening=1 
  5.21e-04s  0.00e+00d  [MergeNoOverlap] 
  5.07e-04s  0.00e+00d  [MergeNoOverlap2D] 

Presolve summary:
  - 114 affine relations were detected.
  - rule 'TODO dual: add implied bound' was applied 4'800 times.
  - rule 'TODO dual: only one blocking constraint?' was applied 93'252 times.
  - rule 'TODO dual: only one blocking enforced constraint?' was applied 7'906 times.
  - rule 'TODO linear matrix: reuse defining constraint' was applied 1 time.
  - rule 'TODO linear matrix: reuse exo constraint' was applied 1 time.
  - rule 'TODO linear1: appear in only one extra 2-var constraint' was applied 4 times.
  - rule 'affine: new relation' was applied 114 times.
  - rule 'at_most_one: removed literals' was applied 118 times.
  - rule 'at_most_one: size one' was applied 52 times.
  - rule 'at_most_one: transformed into max clique' was applied 2 times.
  - rule 'bool_and: x => x' was applied 3 times.
  - rule 'bool_or: always true' was applied 96 times.
  - rule 'bool_or: fixed literals' was applied 298 times.
  - rule 'bool_or: implications' was applied 31'182 times.
  - rule 'bool_or: removed enforcement literal' was applied 400 times.
  - rule 'deductions: 1683 stored' was applied 1 time.
  - rule 'domination: in at most one' was applied 3 times.
  - rule 'dual: add implication' was applied 22 times.
  - rule 'dual: enforced equivalence' was applied 3 times.
  - rule 'dual: fix variable' was applied 6 times.
  - rule 'dual: make encoding equiv' was applied 96 times.
  - rule 'duplicate: removed constraint' was applied 34 times.
  - rule 'enforcement: literal not used' was applied 6 times.
  - rule 'enforcement: removed duplicate literal' was applied 2 times.
  - rule 'exactly_one: removed literals' was applied 121 times.
  - rule 'exactly_one: size two' was applied 45 times.
  - rule 'exactly_one: x and not(x)' was applied 48 times.
  - rule 'linear + amo: fixed literal implied by enforcement' was applied 421 times.
  - rule 'linear + amo: infeasible enforcement' was applied 4 times.
  - rule 'linear + amo: trivial linear constraint' was applied 2 times.
  - rule 'linear matrix: common amo rectangle' was applied 16 times.
  - rule 'linear matrix: common horizontal rectangle' was applied 2 times.
  - rule 'linear matrix: common vertical rectangle' was applied 530 times.
  - rule 'linear2: convert ax + by != cte to clauses' was applied 31'122 times.
  - rule 'linear: always true' was applied 20 times.
  - rule 'linear: divide by GCD' was applied 2 times.
  - rule 'linear: extracted at most one (max)' was applied 1 time.
  - rule 'linear: extracted enforcement literal' was applied 165 times.
  - rule 'linear: fixed or dup variables' was applied 45 times.
  - rule 'linear: negative clause' was applied 777 times.
  - rule 'linear: negative reified and' was applied 2 times.
  - rule 'linear: positive at most one' was applied 2 times.
  - rule 'linear: positive clause' was applied 4'178 times.
  - rule 'linear: positive equal one' was applied 3'790 times.
  - rule 'linear: reduced variable domains' was applied 6 times.
  - rule 'linear: reduced variable domains in derived constraint' was applied 2 times.
  - rule 'linear: remapped using affine relations' was applied 118 times.
  - rule 'linear: simplified rhs' was applied 54 times.
  - rule 'linear: singleton column' was applied 1 time.
  - rule 'linear: variable substitution 2' was applied 8 times.
  - rule 'linear: variable substitution 3' was applied 5 times.
  - rule 'new_bool: integer encoding' was applied 30 times.
  - rule 'new_bool: table expansion' was applied 6 times.
  - rule 'new_bool: var with 2 values' was applied 2 times.
  - rule 'new_bool: with clause' was applied 16 times.
  - rule 'presolve: 58 unused variables removed.' was applied 1 time.
  - rule 'presolve: iteration' was applied 3 times.
  - rule 'probing: bool_or reduced to implication' was applied 58 times.
  - rule 'probing: simplified clauses' was applied 3'773 times.
  - rule 'setppc: removed dominated constraints' was applied 3 times.
  - rule 'table: compress tuples' was applied 3 times.
  - rule 'table: expanded positive constraint' was applied 4 times.
  - rule 'table: expanded positive constraint with two variables' was applied 1 time.
  - rule 'table: reduce variable domain' was applied 10 times.
  - rule 'table: reused literals' was applied 4 times.
  - rule 'variables with 2 values: create encoding literal' was applied 2 times.
  - rule 'variables with 2 values: new affine relation' was applied 2 times.
  - rule 'variables: add encoding constraint' was applied 30 times.
  - rule 'variables: detect fully reified value encoding' was applied 48 times.
  - rule 'variables: detect half reified value encoding' was applied 496 times.
  - rule 'variables: detected fully encoded domain' was applied 6 times.
  - rule 'variables: only used in value and order encodings' was applied 2 times.

Presolved satisfaction model '': (model_fingerprint: 0xb87c9db5c076076)
#Variables: 12'515 (9'238 primary variables)
  - 11'747 Booleans in [0,1]
  - 1 in [0][5][7][10,12]
  - 1 in [0][6][8][10,12]
  - 184 in [0,2]
  - 101 in [0,3]
  - 16 in [0,4]
  - 7 in [0,5]
  - 10 in [0,6]
  - 6 in [0,7]
  - 7 in [0,8]
  - 410 in [0,9]
  - 10 in [0,10]
  - 1 in [0,11]
  - 1 in [0,12]
  - 3 in [0,13]
  - 1 in [0,16]
  - 1 in [0,18]
  - 1 in [0,24]
  - 1 in [0,43]
  - 1 in [0,46]
  - 1 in [0,55]
  - 1 in [1][3,4]
  - 1 in [1,3]
  - 1 in [5,6][9]
  - 1 in [7,9]
#kAtMostOne: 1'252 (#literals: 5'357)
#kBoolAnd: 3'633 (#enforced: 3'633) (#literals: 31'856)
#kBoolAndClauses: 338 (#enforced: 338 #multi: 338) (#literals: 3'830)
#kBoolOr: 4'227 (#literals: 630'435)
#kExactlyOne: 3'728 (#literals: 35'092)
#kLinear1: 460 (#enforced: 460)
#kLinear2: 1
#kLinear3: 80
#kLinearN: 1'055 (#enforced: 766 #multi: 256) (#terms: 22'437)
[Symmetry] Graph for symmetry has 41'491 nodes and 773'609 arcs.
[Symmetry] Symmetry computation done. time: 0.00824088 dtime: 0.0500389

Preloading model.
#Model   4.28s var:12515/12515 constraints:14774/14774

Starting search at 4.28s with 3 workers.
2 full problem subsolvers: [default_lp, no_lp]
1 first solution subsolver: [fj]
2 interleaved subsolvers: [feasibility_pump, rins/rens]
2 helper subsolvers: [neighborhood_helper, synchronization_agent]


Task timing                   n [     min,      max]      avg      dev     time         n [     min,      max]      avg      dev    dtime
        'default_lp':         1 [   9.93m,    9.93m]    9.93m   0.00ns    9.93m         2 [   1.04s,    9.26m]    4.64m    4.62m    9.28m
  'feasibility_pump':     16229 [129.23us, 644.57ms]   8.55ms   7.14ms    2.31m     16205 [  7.88ms,    2.21s]   8.22ms  23.47ms    2.22m
                'fj':     16207 [ 15.81ms,  59.02ms]  28.15ms   3.85ms    7.60m     16207 [ 37.04ms, 103.34ms] 100.19ms 537.46us   27.06m
             'no_lp':         1 [   9.93m,    9.93m]    9.93m   0.00ns    9.93m         2 [989.94ms,   14.92m]    7.47m    7.45m   14.93m
         'rins/rens':         0 [  0.00ns,   0.00ns]   0.00ns   0.00ns   0.00ns         0 [  0.00ns,   0.00ns]   0.00ns   0.00ns   0.00ns

Search stats      Bools   Conflicts    Branches  Restarts  BacktrackToRoot   Backtrack     BoolPropag  IntegerPropag
  'default_lp':  12'153     144'659  22'237'763       593        1'046'292   1'776'758    309'721'178    304'094'426
       'no_lp':  12'153  11'032'250  39'942'609    14'207          868'853  12'289'403  2'128'029'429  1'286'361'341

SAT formula      Fixed  Equiv   Total  VarLeft  BinaryClauses  PermanentClauses  TemporaryClauses
  'default_lp':      0      1  12'153   12'152        352'520             8'628            16'790
       'no_lp':      0      1  12'153   12'152        352'462             8'101             5'097

SAT stats        ClassicMinim     LitRemoved  LitRemovedBinary     LitLearned   LitForgotten   Subsumed
  'default_lp':        80'858        745'781         5'653'344     21'287'635     15'068'592     16'302
       'no_lp':    10'760'122  1'080'111'841       176'031'647  2'760'016'765  1'064'046'783  6'515'657

Vivification     Clauses   Decisions  LitTrue  Subsumed  LitRemoved  DecisionReused  Conflicts
  'default_lp':  295'928  20'427'893        0     6'003      91'953          79'237        121
       'no_lp':  257'422  18'608'625        0     2'731      68'974          76'318         40

Clause deletion    at_true  l_and_not(l)  to_binary  sub_conflict  sub_extra  sub_decisions  sub_eager  sub_vivify  sub_probing  sub_inpro  blocked  eliminated  forgotten    promoted   conflicts
    'default_lp':        0             0          0        15'634        519             18        668       6'003           14         45        0           0    105'175     293'607     144'659
         'no_lp':        0             0          0     6'324'519     19'486         64'468    191'138       2'731           11         11        0           0  4'427'122  21'988'917  11'032'250

Lp stats         Component  Iterations  AddedCuts  OPTIMAL  DUAL_F.  DUAL_U.
  'default_lp':          1   2'006'241     96'475  137'787        2  120'334

Lp dimension         Final dimension of first component
  'default_lp':  1806 rows, 5795 columns, 31813 entries

Lp debug         CutPropag  CutEqPropag   Adjust  Overflow      Bad  BadScaling
  'default_lp':         10        3'296  120'016         0  425'028           0

Lp pool          Constraints  Updates  Simplif  Merged  Shortened  Split  Strengthened       Cuts/Call
  'default_lp':       13'811   13'972        1       2          0    429           317  96'475/208'682

Lp Cut            default_lp
          CG_FF:       4'433
           CG_K:       3'826
          CG_KL:         771
           CG_R:       5'875
          CG_RB:       1'785
         CG_RBP:         731
             IB:      65'307
       MIR_1_FF:         629
        MIR_1_K:         243
       MIR_1_KL:         321
        MIR_1_R:         609
       MIR_1_RB:         128
      MIR_1_RBP:          11
       MIR_2_FF:       1'049
        MIR_2_K:         383
       MIR_2_KL:         435
        MIR_2_R:       1'761
       MIR_2_RB:         327
      MIR_2_RBP:          33
       MIR_3_FF:         837
        MIR_3_K:         282
       MIR_3_KL:         388
        MIR_3_R:       1'242
       MIR_3_RB:         185
      MIR_3_RBP:          25
       MIR_4_FF:         433
        MIR_4_K:         118
       MIR_4_KL:         172
        MIR_4_R:         705
       MIR_4_RB:         107
      MIR_4_RBP:          13
       MIR_5_FF:         348
        MIR_5_K:         101
       MIR_5_KL:         117
        MIR_5_R:         494
       MIR_5_RB:          68
      MIR_5_RBP:          10
       MIR_6_FF:         208
        MIR_6_K:          65
       MIR_6_KL:          65
        MIR_6_R:         315
       MIR_6_RB:          62
      MIR_6_RBP:           9
   ZERO_HALF_FF:         583
    ZERO_HALF_K:          70
   ZERO_HALF_KL:          66
    ZERO_HALF_R:         682
   ZERO_HALF_RB:          45
  ZERO_HALF_RBP:           3

LNS stats       Improv/Calls  Closed  Difficulty  TimeLimit
  'rins/rens':           0/0      0%    5.00e-01       0.10

LS stats                                    Batches  Restarts/Perturbs    LinMoves   GenMoves  CompoundMoves  Bactracks  WeightUpdates  ScoreComputed
                             'fj_restart':      802                192  17'077'254          0              0          0        677'996     55'896'722
                    'fj_restart_compound':      779                213           0  2'381'353        508'679    935'313            809     81'237'704
                'fj_restart_compound_obj':    1'796                242           0  5'052'619        716'472  2'166'824          2'054    171'491'390
            'fj_restart_compound_perturb':    1'170                205           0  3'799'491        503'581  1'646'827          1'504    117'103'285
        'fj_restart_compound_perturb_obj':    1'250                205           0  4'105'030        574'616  1'764'305          1'430    126'455'114
                       'fj_restart_decay':      568                171   6'980'005          0              0          0         45'314     24'832'371
              'fj_restart_decay_compound':      742                221           0  2'332'882        554'981    887'759            593     78'605'887
          'fj_restart_decay_compound_obj':      622                195           0  1'923'161        474'467    723'213            503     65'004'893
      'fj_restart_decay_compound_perturb':      823                200           0  3'038'789        557'145  1'239'665            592     87'087'686
  'fj_restart_decay_compound_perturb_obj':      910                186           0  3'245'701        578'904  1'332'391            693     96'644'567
                   'fj_restart_decay_obj':      767                191   9'285'267          0              0          0         59'219     32'685'963
               'fj_restart_decay_perturb':      968                198  11'610'980          0              0          0         71'624     39'501'029
           'fj_restart_decay_perturb_obj':      892                189  10'699'981          0              0          0         66'562     36'594'164
                         'fj_restart_obj':    2'073                208  54'354'367          0              0          0      2'116'429    146'205'241
                     'fj_restart_perturb':    1'070                195  24'172'946          0              0          0        937'655     71'207'024
                 'fj_restart_perturb_obj':      975                216  20'210'540          0              0          0        871'186     73'102'362

Solution repositories    Added  Queried  Synchro
    'alternative_path':      0        0        0
      'best_solutions':      0        0        0
   'fj solution hints':  3'219        0    3'219
        'lp solutions':      0        0        0
                'pump':      0        0

Improving bounds shared    Num  Sym
            'default_lp':   14    0
                 'no_lp':   11    0

Clauses shared    #Exported  #Imported  #BinaryRead  #BinaryTotal
   'default_lp':      2'626        175          594           594
        'no_lp':        769      1'776          590           594

LRAT_status: NA
CpSolverResponse summary:
status: UNKNOWN
objective: NA
best_bound: NA
integers: 6076
booleans: 12153
conflicts: 144659
branches: 22237763
propagations: 309721178
integer_propagations: 304094426
restarts: 593
lp_iterations: 2006241
walltime: 600.016
usertime: 600.016
deterministic_time: 3217.08
gap_integral: 0

{'encoding': 'A', 'scope': 'M0 plus residual all-pole union; no forced warehouse cells, no residual single-pole capacities', 'cap': 187, 'shift': [0, 1], 'workers': 3, 'time_limit': 600.0, 'center_count': 3376, 'group_count': 403, 'script_sha256': '24271b3496aaadf6796e71cb225b385a2c41906538a399f81dd78cb17d26de71', 'build_seconds': 1.0516640399873722, 'model_sha256': '703438ffb67af65b332a5f3127135b580178daaacc884df8298c3d68fd522f8e', 'variables': 12119, 'constraints': 42134, 'status': 'UNKNOWN', 'seconds': 601.1689927609987}
