BUILT {'encoding': 'B', 'scope': 'M0 plus residual all-pole union; no forced warehouse cells, no residual single-pole capacities', 'cap': 187, 'shift': [0, 1], 'workers': 2, 'time_limit': 600.0, 'center_count': 3376, 'group_count': 403, 'script_sha256': '24271b3496aaadf6796e71cb225b385a2c41906538a399f81dd78cb17d26de71', 'build_seconds': 1.4062866759923054, 'model_sha256': '0c44361f154b92664b59c039e9cc6b60d0109fa21b33c305658abc2ac420542d', 'variables': 15488, 'constraints': 49891}

Starting CP-SAT solver v9.15.6755
Parameters: max_time_in_seconds: 600 log_search_progress: true linearization_level: 2 num_search_workers: 2

Initial satisfaction model '': (model_fingerprint: 0x5726902adb843adf)
#Variables: 15'488 (12'477 primary variables)
  - 15'088 Booleans in [0,1]
  - 400 in [0,9]
#kLinear1: 3
#kLinear2: 32'545
#kLinear3: 700
#kLinearN: 16'643 (#terms: 884'922)

Starting presolve at 0.03s
  2.05e-02s  0.00e+00d  [DetectDominanceRelations] 
  1.73e-01s  0.00e+00d  [PresolveToFixPoint] #num_loops=3 #num_dual_strengthening=2 
  3.60e-04s  0.00e+00d  [ExtractEncodingFromLinear] #potential_supersets=7'797 
  1.59e-02s  0.00e+00d  [DetectDuplicateColumns] 
  1.27e-03s  0.00e+00d  [DetectDuplicateConstraints] #duplicates=15 
[Symmetry] Graph for symmetry has 56'787 nodes and 971'835 arcs.
[Symmetry] Symmetry computation done. time: 0.0128468 dtime: 0.0744923
[Symmetry] #generators: 10, average support size: 2
[Symmetry] 6 orbits on 16 variables with sizes: 3,3,3,3,2,2
[Symmetry] Num fixable by intersecting at_most_one with orbits: 1 largest_orbit: 3
[Symmetry] Found orbitope of size 1 x 2
[SAT presolve] num removable Booleans: 0 / 15'076
[SAT presolve] num trivial clauses: 0
[SAT presolve] [0s] clauses:40'439 literals:746'306 vars:15'075 one_side_vars:14510 simple_definition:51 singleton_clauses:0
[SAT presolve] [0.00165907s] clauses:40'439 literals:746'294 vars:15'075 one_side_vars:14510 simple_definition:51 singleton_clauses:0
[SAT presolve] [0.00225194s] clauses:40'439 literals:746'294 vars:15'075 one_side_vars:14510 simple_definition:51 singleton_clauses:0
  8.58e-04s  0.00e+00d  [DetectDuplicateConstraintsWithDifferentEnforcements] 
  1.22e+00s  2.00e+00d *[Probe] #probed=6'989 #fixed_bools=35 #equiv=75 #new_binary_clauses=780'541 
  1.09e-01s  1.00e+00d *[MaxClique] Merged 36'291 constraints with 103'064 literals into 31'048 constraints with 94'831 literals
  2.32e-02s  0.00e+00d  [DetectDominanceRelations] 
  2.03e-02s  0.00e+00d  [DetectDominanceRelations] 
  7.81e-02s  0.00e+00d  [PresolveToFixPoint] #num_loops=3 #num_dual_strengthening=2 
  1.40e-02s  0.00e+00d  [ProcessAtMostOneAndLinear] #num_changes=16 
  1.08e-03s  0.00e+00d  [DetectDuplicateConstraints] #duplicates=4 
  9.28e-04s  0.00e+00d  [DetectDuplicateConstraintsWithDifferentEnforcements] 
  2.47e-03s  1.82e-03d  [DetectDominatedLinearConstraints] #relevant_constraints=1'190 #num_inclusions=406 #num_redundant=3 
  6.00e-04s  0.00e+00d  [DetectDifferentVariables] 
  2.24e-02s  7.23e-03d  [ProcessSetPPC] #relevant_constraints=43'505 #num_inclusions=3'718 
  4.96e-03s  6.82e-03d  [TransformClausesToExactlyOne] #num_amos=27'346 #num_clauses=4'495 #num_checked=4'495 
  5.82e-04s  0.00e+00d  [DetectEncodedComplexDomains] 
  5.13e-04s  0.00e+00d  [FindAlmostIdenticalLinearConstraints] 
  1.16e-01s  4.98e-01d  [FindBigAtMostOneAndLinearOverlap] #blocks=194 #saved_nz=29'657 
  3.58e-02s  1.35e-01d  [FindBigVerticalLinearOverlap] #blocks=613 #saved_nz=68'797 
  7.27e-03s  4.81e-02d  [FindBigHorizontalLinearOverlap] #blocks=1 #saved_nz=166 #linears=1'343 
  1.02e-02s  3.17e-03d  [MergeClauses] #num_collisions=342 #num_merges=342 #num_saved_literals=3'160 
  2.02e-02s  0.00e+00d  [DetectDominanceRelations] 
  1.75e-02s  0.00e+00d  [DetectDominanceRelations] 
  6.81e-02s  0.00e+00d  [PresolveToFixPoint] #num_loops=6 #num_dual_strengthening=3 
  1.78e-02s  0.00e+00d  [DetectDominanceRelations] 
  3.78e-02s  0.00e+00d  [PresolveToFixPoint] #num_loops=1 #num_dual_strengthening=1 
  1.29e-02s  0.00e+00d  [DetectDuplicateColumns] 
  9.73e-04s  0.00e+00d  [DetectDuplicateConstraints] #duplicates=10 
[Symmetry] Graph for symmetry has 49'408 nodes and 805'083 arcs.
[Symmetry] Symmetry computation done. time: 0.00901436 dtime: 0.0512653
[Symmetry] #generators: 4, average support size: 2
[Symmetry] 4 orbits on 8 variables with sizes: 2,2,2,2
[Symmetry] Found orbitope of size 1 x 2
[SAT presolve] num removable Booleans: 0 / 12'185
[SAT presolve] num trivial clauses: 0
[SAT presolve] [0s] clauses:30'679 literals:686'801 vars:11'281 one_side_vars:11075 simple_definition:158 singleton_clauses:0
[SAT presolve] [0.00142961s] clauses:30'679 literals:686'633 vars:11'281 one_side_vars:11075 simple_definition:158 singleton_clauses:0
[SAT presolve] [0.00188742s] clauses:30'679 literals:686'633 vars:11'281 one_side_vars:11075 simple_definition:158 singleton_clauses:0
  9.63e-04s  0.00e+00d  [DetectDuplicateConstraintsWithDifferentEnforcements] 
  9.01e-01s  1.83e+00d *[Probe] #probed=31'499 #fixed_bools=7 #new_bounds=202 #equiv=852 #new_binary_clauses=800'812 
  7.36e-02s  5.58e-01d  [MaxClique] Merged 29'790 constraints with 74'989 literals into 12'064 constraints with 55'886 literals
  1.71e-02s  0.00e+00d  [DetectDominanceRelations] 
  4.12e-02s  0.00e+00d  [PresolveToFixPoint] #num_loops=2 #num_dual_strengthening=1 
  4.96e-03s  0.00e+00d  [ProcessAtMostOneAndLinear] 
  1.11e-03s  0.00e+00d  [DetectDuplicateConstraints] #duplicates=728 
  7.92e-04s  0.00e+00d  [DetectDuplicateConstraintsWithDifferentEnforcements] 
  9.33e-04s  1.16e-04d  [DetectDominatedLinearConstraints] #relevant_constraints=1'622 #num_inclusions=110 
  4.94e-04s  0.00e+00d  [DetectDifferentVariables] 
  1.87e-02s  6.50e-03d  [ProcessSetPPC] #relevant_constraints=21'745 #num_inclusions=1'951 
  4.00e-03s  6.34e-03d  [TransformClausesToExactlyOne] #num_amos=10'120 #num_clauses=4'495 #num_checked=4'495 
  6.21e-04s  0.00e+00d  [DetectEncodedComplexDomains] 
  6.33e-04s  7.40e-07d  [FindAlmostIdenticalLinearConstraints] #num_tested_pairs=38 
  3.92e-02s  2.03e-01d  [FindBigAtMostOneAndLinearOverlap] 
  1.04e-02s  1.06e-01d  [FindBigVerticalLinearOverlap] #blocks=26 #saved_nz=1'382 
  7.26e-03s  4.85e-02d  [FindBigHorizontalLinearOverlap] #blocks=1 #saved_nz=159 #linears=1'356 
  1.03e-02s  3.17e-03d  [MergeClauses] #num_collisions=342 #num_merges=342 #num_saved_literals=3'160 
  1.69e-02s  0.00e+00d  [DetectDominanceRelations] 
  3.82e-02s  0.00e+00d  [PresolveToFixPoint] #num_loops=3 #num_dual_strengthening=1 
  1.66e-02s  0.00e+00d  [DetectDominanceRelations] 
  3.65e-02s  0.00e+00d  [PresolveToFixPoint] #num_loops=1 #num_dual_strengthening=1 
  1.10e-02s  0.00e+00d  [DetectDuplicateColumns] 
  1.04e-03s  0.00e+00d  [DetectDuplicateConstraints] #duplicates=6 
[Symmetry] Graph for symmetry has 48'787 nodes and 755'915 arcs.
[Symmetry] Symmetry computation done. time: 0.00825759 dtime: 0.0464501
[SAT presolve] num removable Booleans: 0 / 11'371
[SAT presolve] num trivial clauses: 0
[SAT presolve] [0s] clauses:6'241 literals:637'055 vars:9'289 one_side_vars:9151 simple_definition:136 singleton_clauses:0
[SAT presolve] [0.000837017s] clauses:6'241 literals:637'054 vars:9'289 one_side_vars:9151 simple_definition:136 singleton_clauses:0
[SAT presolve] [0.00129651s] clauses:6'241 literals:637'054 vars:9'289 one_side_vars:9151 simple_definition:136 singleton_clauses:0
  1.09e-03s  0.00e+00d  [DetectDuplicateConstraintsWithDifferentEnforcements] 
  8.19e-01s  1.77e+00d *[Probe] #probed=31'592 #new_bounds=37 #equiv=5 #new_binary_clauses=823'317 
  5.81e-02s  4.00e-01d  [MaxClique] 
  1.76e-02s  0.00e+00d  [DetectDominanceRelations] 
  3.98e-02s  0.00e+00d  [PresolveToFixPoint] #num_loops=2 #num_dual_strengthening=1 
  5.39e-03s  0.00e+00d  [ProcessAtMostOneAndLinear] #num_changes=1 
  1.18e-03s  0.00e+00d  [DetectDuplicateConstraints] 
  1.04e-03s  0.00e+00d  [DetectDuplicateConstraintsWithDifferentEnforcements] 
  1.39e-03s  1.08e-04d  [DetectDominatedLinearConstraints] #relevant_constraints=1'644 #num_inclusions=155 
  7.93e-04s  0.00e+00d  [DetectDifferentVariables] 
  1.85e-02s  6.43e-03d  [ProcessSetPPC] #relevant_constraints=19'783 #num_inclusions=4 
  4.41e-03s  6.34e-03d  [TransformClausesToExactlyOne] #num_amos=10'120 #num_clauses=4'495 #num_checked=4'495 
  7.83e-04s  0.00e+00d  [DetectEncodedComplexDomains] 
  7.94e-04s  1.09e-06d  [FindAlmostIdenticalLinearConstraints] #num_tested_pairs=52 #found=1 
  3.90e-02s  2.01e-01d  [FindBigAtMostOneAndLinearOverlap] 
  1.03e-02s  1.05e-01d  [FindBigVerticalLinearOverlap] #blocks=9 #saved_nz=463 
  8.00e-03s  5.14e-02d  [FindBigHorizontalLinearOverlap] #linears=1'361 
  1.06e-02s  3.17e-03d  [MergeClauses] #num_collisions=342 #num_merges=342 #num_saved_literals=3'160 
  1.76e-02s  0.00e+00d  [DetectDominanceRelations] 
  3.88e-02s  0.00e+00d  [PresolveToFixPoint] #num_loops=2 #num_dual_strengthening=1 
  7.00e-04s  0.00e+00d  [MergeNoOverlap] 
  6.71e-04s  0.00e+00d  [MergeNoOverlap2D] 

Presolve summary:
  - 1017 affine relations were detected.
  - rule 'TODO dual: add implied bound' was applied 126 times.
  - rule 'TODO dual: only one blocking constraint?' was applied 108'084 times.
  - rule 'TODO dual: only one blocking enforced constraint?' was applied 126 times.
  - rule 'TODO dual: tighten at most one' was applied 14'438 times.
  - rule 'TODO linear matrix: reuse defining constraint' was applied 1 time.
  - rule 'TODO linear matrix: reuse exo constraint' was applied 11 times.
  - rule 'TODO linear2: contains a boolean' was applied 4 times.
  - rule 'TODO linear2: convert ax + by != cte to clauses for large domains' was applied 8 times.
  - rule 'affine: new relation' was applied 1'017 times.
  - rule 'at_most_one: removed literals' was applied 227 times.
  - rule 'at_most_one: resolved two constraints with opposite literal' was applied 490 times.
  - rule 'at_most_one: size one' was applied 56 times.
  - rule 'at_most_one: transformed into max clique' was applied 2 times.
  - rule 'at_most_one: x and not(x)' was applied 37 times.
  - rule 'bool_and: x => x' was applied 76 times.
  - rule 'bool_or: always true' was applied 37 times.
  - rule 'bool_or: fixed literals' was applied 223 times.
  - rule 'bool_or: implications' was applied 32'233 times.
  - rule 'deductions: 413 stored' was applied 1 time.
  - rule 'domination: in at most one' was applied 2 times.
  - rule 'domination: in implication' was applied 2 times.
  - rule 'dual: add implication' was applied 36 times.
  - rule 'dual: enforced equivalence' was applied 6 times.
  - rule 'dual: fix variable' was applied 2 times.
  - rule 'duplicate: merged rhs of linear constraint' was applied 8 times.
  - rule 'duplicate: removed constraint' was applied 763 times.
  - rule 'enforcement: false literal' was applied 2 times.
  - rule 'exactly_one: removed literals' was applied 2'643 times.
  - rule 'exactly_one: singleton' was applied 2'524 times.
  - rule 'exactly_one: size two' was applied 41 times.
  - rule 'exactly_one: x and not(x)' was applied 51 times.
  - rule 'linear + amo: extracted enforcement literal' was applied 64 times.
  - rule 'linear + amo: fixed literal implied by enforcement' was applied 11 times.
  - rule 'linear + amo: simplified enforcement list' was applied 14 times.
  - rule 'linear + amo: trivial linear constraint' was applied 2 times.
  - rule 'linear inclusion: sparsify superset' was applied 3 times.
  - rule 'linear matrix: common amo rectangle' was applied 194 times.
  - rule 'linear matrix: common horizontal rectangle' was applied 2 times.
  - rule 'linear matrix: common vertical rectangle' was applied 648 times.
  - rule 'linear2: contains a boolean' was applied 400 times.
  - rule 'linear2: convert ax + by != cte to clauses' was applied 32'140 times.
  - rule 'linear: advanced affine relation from 2 constraints' was applied 1 time.
  - rule 'linear: advanced coefficient strenghtening' was applied 6 times.
  - rule 'linear: all booleans and trivially true' was applied 2 times.
  - rule 'linear: always true' was applied 21 times.
  - rule 'linear: divide by GCD' was applied 2 times.
  - rule 'linear: extracted at most one (max)' was applied 1 time.
  - rule 'linear: extracted enforcement literal' was applied 380 times.
  - rule 'linear: fixed or dup variables' was applied 51 times.
  - rule 'linear: negative at most one' was applied 136 times.
  - rule 'linear: negative clause' was applied 1'313 times.
  - rule 'linear: negative reified and' was applied 2 times.
  - rule 'linear: positive at most one' was applied 4'037 times.
  - rule 'linear: positive clause' was applied 7'010 times.
  - rule 'linear: positive equal one' was applied 3'793 times.
  - rule 'linear: reduced variable domains' was applied 75 times.
  - rule 'linear: reduced variable domains in derived constraint' was applied 13 times.
  - rule 'linear: remapped using affine relations' was applied 405 times.
  - rule 'linear: variable substitution 2' was applied 12 times.
  - rule 'linear: variable substitution 3' was applied 5 times.
  - rule 'new_bool: with clause' was applied 194 times.
  - rule 'presolve: 51 unused variables removed.' was applied 1 time.
  - rule 'presolve: iteration' was applied 3 times.
  - rule 'probing: bool_or reduced to implication' was applied 95 times.
  - rule 'probing: simplified clauses' was applied 3'841 times.
  - rule 'setppc: bool_or in at_most_one' was applied 3'697 times.
  - rule 'setppc: exactly_one included in linear' was applied 4 times.
  - rule 'setppc: reduced linear coefficients' was applied 4 times.
  - rule 'setppc: removed dominated constraints' was applied 1'957 times.
  - rule 'symmetry: fixed all but one to false in orbitope row' was applied 1 time.
  - rule 'variables: detect half reified value encoding' was applied 401 times.

Presolved satisfaction model '': (model_fingerprint: 0x88f5724e0779c2b8)
#Variables: 12'233 (8'864 primary variables)
  - 11'368 Booleans in [0,1]
  - 1 in [-1,2]
  - 111 in [0,2]
  - 107 in [0,3]
  - 107 in [0,4]
  - 14 in [0,5]
  - 8 in [0,6]
  - 19 in [0,7]
  - 10 in [0,8]
  - 400 in [0,9]
  - 82 in [0,10]
  - 1 in [0,12]
  - 1 in [0,13]
  - 1 in [0,15]
  - 1 in [0,19]
  - 1 in [0,39]
  - 1 in [0,47]
#kAtMostOne: 8'372 (#literals: 43'362)
#kBoolAnd: 1'689 (#enforced: 1'689) (#literals: 3'439)
#kBoolAndClauses: 338 (#enforced: 338 #multi: 338) (#literals: 3'830)
#kBoolOr: 3'815 (#literals: 626'572)
#kExactlyOne: 3'850 (#literals: 36'503)
#kLinear1: 401 (#enforced: 401)
#kLinear3: 141
#kLinearN: 1'511 (#enforced: 388 #multi: 6) (#terms: 26'025)
[Symmetry] Graph for symmetry has 44'708 nodes and 755'451 arcs.
[Symmetry] Symmetry computation done. time: 0.00862621 dtime: 0.0459418

Preloading model.
#Model   4.50s var:12233/12233 constraints:20117/20117

Starting search at 4.50s with 2 workers.
1 full problem subsolver: [default_lp]
1 first solution subsolver: [fj]
2 interleaved subsolvers: [feasibility_pump, rins/rens]
2 helper subsolvers: [neighborhood_helper, synchronization_agent]


Task timing                   n [     min,      max]      avg      dev     time         n [     min,      max]      avg      dev    dtime
        'default_lp':         1 [   9.92m,    9.92m]    9.92m   0.00ns    9.92m         2 [   1.16s,    9.40m]    4.71m    4.69m    9.42m
  'feasibility_pump':     15172 [114.86us, 914.93ms]   8.54ms   9.62ms    2.16m     15154 [  7.39ms,    3.08s]   7.83ms  32.48ms    1.98m
                'fj':     15156 [ 20.52ms,  61.74ms]  30.69ms   3.08ms    7.75m     15156 [ 73.98ms, 102.68ms] 100.24ms 294.46us   25.32m
         'rins/rens':         0 [  0.00ns,   0.00ns]   0.00ns   0.00ns   0.00ns         0 [  0.00ns,   0.00ns]   0.00ns   0.00ns   0.00ns

Search stats      Bools  Conflicts    Branches  Restarts  BacktrackToRoot  Backtrack   BoolPropag  IntegerPropag
  'default_lp':  11'774     50'209  26'082'289       113        1'071'599  1'618'628  314'330'875    330'212'747

SAT formula      Fixed  Equiv   Total  VarLeft  BinaryClauses  PermanentClauses  TemporaryClauses
  'default_lp':      0      0  11'774   11'774        276'878             7'941            14'839

SAT stats        ClassicMinim  LitRemoved  LitRemovedBinary  LitLearned  LitForgotten  Subsumed
  'default_lp':        27'100     198'085         1'634'555   6'675'137     4'055'155     6'385

Vivification     Clauses   Decisions  LitTrue  Subsumed  LitRemoved  DecisionReused  Conflicts
  'default_lp':  321'128  24'674'353        0     2'668      69'431          81'340         55

Clause deletion    at_true  l_and_not(l)  to_binary  sub_conflict  sub_extra  sub_decisions  sub_eager  sub_vivify  sub_probing  sub_inpro  blocked  eliminated  forgotten  promoted  conflicts
    'default_lp':        0             0          0         6'141        231             14        244       2'668            9          3        0           0     26'463   101'526     50'209

Lp stats         Component  Iterations  AddedCuts  OPTIMAL  DUAL_F.  DUAL_U.
  'default_lp':          1   2'287'021     65'452   83'138        4   41'723

Lp dimension         Final dimension of first component
  'default_lp':  2419 rows, 8883 columns, 30008 entries

Lp debug         CutPropag  CutEqPropag  Adjust  Overflow      Bad  BadScaling
  'default_lp':          2          143  41'703         0  291'904           0

Lp pool          Constraints  Updates  Simplif  Merged  Shortened  Split  Strengthened       Cuts/Call
  'default_lp':       22'142    3'753        4       0          0     55           573  65'452/184'558

Lp Cut            default_lp
          CG_FF:         553
           CG_K:         453
          CG_KL:         112
           CG_R:         872
          CG_RB:         925
         CG_RBP:         527
             IB:      44'479
       MIR_1_FF:         415
        MIR_1_K:         654
       MIR_1_KL:         331
        MIR_1_R:          72
       MIR_1_RB:          96
      MIR_1_RBP:          15
       MIR_2_FF:         287
        MIR_2_K:         532
       MIR_2_KL:         326
        MIR_2_R:         347
       MIR_2_RB:         536
      MIR_2_RBP:          42
       MIR_3_FF:         308
        MIR_3_K:         475
       MIR_3_KL:         309
        MIR_3_R:         314
       MIR_3_RB:         411
      MIR_3_RBP:          46
       MIR_4_FF:         211
        MIR_4_K:         275
       MIR_4_KL:         180
        MIR_4_R:         220
       MIR_4_RB:         313
      MIR_4_RBP:          49
       MIR_5_FF:         135
        MIR_5_K:         155
       MIR_5_KL:         104
        MIR_5_R:         123
       MIR_5_RB:         222
      MIR_5_RBP:          33
       MIR_6_FF:          91
        MIR_6_K:          83
       MIR_6_KL:          40
        MIR_6_R:         100
       MIR_6_RB:         180
      MIR_6_RBP:          31
   ZERO_HALF_FF:       1'916
    ZERO_HALF_K:         901
   ZERO_HALF_KL:         334
    ZERO_HALF_R:       4'642
   ZERO_HALF_RB:       1'397
  ZERO_HALF_RBP:         280

LNS stats       Improv/Calls  Closed  Difficulty  TimeLimit
  'rins/rens':           0/0      0%    5.00e-01       0.10

LS stats                                    Batches  Restarts/Perturbs    LinMoves   GenMoves  CompoundMoves  Bactracks  WeightUpdates  ScoreComputed
                             'fj_restart':      502                193   3'944'943          0              0          0        128'007     17'582'998
                    'fj_restart_compound':      841                183           0  1'956'272        336'242    809'122            475     81'773'505
                'fj_restart_compound_obj':      768                199           0  1'776'553        337'557    718'183            382     76'381'123
            'fj_restart_compound_perturb':      572                192           0  1'566'855        273'999    643'376            166     58'557'081
        'fj_restart_compound_perturb_obj':    1'000                200           0  2'602'653        368'587  1'114'826            485     98'253'881
                       'fj_restart_decay':    1'086                188   5'096'155          0              0          0         37'926     27'075'364
              'fj_restart_decay_compound':    1'430                196           0  3'419'740        534'218  1'441'714            375    123'922'227
          'fj_restart_decay_compound_obj':      865                164           0  2'115'695        367'509    873'029            276     81'562'352
      'fj_restart_decay_compound_perturb':      941                184           0  2'448'650        393'355  1'025'510            319     90'912'248
  'fj_restart_decay_compound_perturb_obj':    1'428                220           0  3'784'043        550'125  1'614'251            424    134'477'052
                   'fj_restart_decay_obj':      872                199   4'226'165          0              0          0         32'700     22'936'860
               'fj_restart_decay_perturb':      752                186   3'795'376          0              0          0         29'177     20'874'361
           'fj_restart_decay_perturb_obj':    1'246                194   5'971'264          0              0          0         43'216     31'454'251
                         'fj_restart_obj':    1'534                185  10'682'739          0              0          0        468'212     39'860'299
                     'fj_restart_perturb':      687                204   4'897'318          0              0          0        173'307     22'865'492
                 'fj_restart_perturb_obj':      632                186   4'684'894          0              0          0        162'188     22'165'355

Solution repositories    Added  Queried  Synchro
    'alternative_path':      0        0        0
      'best_solutions':      0        0        0
   'fj solution hints':  3'065        0    3'065
        'lp solutions':      0        0        0
                'pump':      0        0

Improving bounds shared    Num  Sym
            'default_lp':   11    0

Clauses shared    #Exported  #Imported  #BinaryRead  #BinaryTotal
   'default_lp':      1'402          0           36            36

LRAT_status: NA
CpSolverResponse summary:
status: UNKNOWN
objective: NA
best_bound: NA
integers: 9156
booleans: 11774
conflicts: 50209
branches: 26082289
propagations: 314330875
integer_propagations: 330212747
restarts: 113
lp_iterations: 2287021
walltime: 600.008
usertime: 600.008
deterministic_time: 2212.01
gap_integral: 0

{'encoding': 'B', 'scope': 'M0 plus residual all-pole union; no forced warehouse cells, no residual single-pole capacities', 'cap': 187, 'shift': [0, 1], 'workers': 2, 'time_limit': 600.0, 'center_count': 3376, 'group_count': 403, 'script_sha256': '24271b3496aaadf6796e71cb225b385a2c41906538a399f81dd78cb17d26de71', 'build_seconds': 1.4062866759923054, 'model_sha256': '0c44361f154b92664b59c039e9cc6b60d0109fa21b33c305658abc2ac420542d', 'variables': 15488, 'constraints': 49891, 'status': 'UNKNOWN', 'seconds': 601.5356916960009}
