BUILT {'S_branch': 186, 'J_branch': 0, 'script_sha256': '7ef43b13e571bdaaded42f75713738d60512c0b182ad7f39c7a058cb1111e435', 'build_seconds': 0.9505696889973478, 'model_sha256': 'c459fcf49b6d4d7c6162b682512ea8fb7ef2d05dcaddb591f4ad1281cf131457', 'fixed_bodies': None, 'time_limit': 600.0, 'workers': 3}

Starting CP-SAT solver v9.15.6755
Parameters: random_seed: 75 max_time_in_seconds: 600 log_search_progress: true linearization_level: 2 num_search_workers: 3

Initial optimization model '': (model_fingerprint: 0x4c5331cb3f073ced)
#Variables: 11'989 (#ints: 1 in objective) (8'970 primary variables)
  - 11'572 Booleans in [0,1]
  - 1 in [-4,16]
  - 1 in [-4,21]
  - 1 in [-4,48]
  - 1 in [-4,53]
  - 4 in [0,2]
  - 400 in [0,9]
  - 4 in [0,13]
  - 2 in [0,23]
  - 1 in [0,300]
  - 1 in [180,186]
  - 1 constants in {1} 
#kBoolOr: 96 (#enforced: 96) (#literals: 96)
#kLinear1: 1'507 (#enforced: 1'504)
#kLinear2: 798 (#enforced: 2 #multi: 2)
#kLinear3: 140 (#enforced: 3 #multi: 3)
#kLinearN: 9'136 (#enforced: 1'067 #multi: 267) (#terms: 931'386)
#kTable: 5

Starting presolve at 0.02s
The solution hint is incomplete: 3970 out of 11988 non fixed variables hinted.
  1.89e-02s  0.00e+00d  [DetectDominanceRelations] 
  1.41e-01s  0.00e+00d  [PresolveToFixPoint] #num_loops=4 #num_dual_strengthening=2 
  2.74e-04s  0.00e+00d  [ExtractEncodingFromLinear] #potential_supersets=3'506 #potential_subsets=2 
  1.63e-02s  0.00e+00d  [DetectDuplicateColumns] 
  4.61e-04s  0.00e+00d  [DetectDuplicateConstraints] #duplicates=2 
[Symmetry] Graph for symmetry has 30'423 nodes and 912'526 arcs.
[Symmetry] Symmetry computation done. time: 0.00840325 dtime: 0.0542853
[Symmetry] #generators: 9, average support size: 7.33333
[Symmetry] 29 orbits on 62 variables with sizes: 3,3,3,3,2,2,2,2,2,2,...
[Symmetry] Found orbitope of size 1 x 3
[SAT presolve] num removable Booleans: 0 / 8'829
[SAT presolve] num trivial clauses: 0
[SAT presolve] [0s] clauses:5'682 literals:802'944 vars:8'557 one_side_vars:8404 simple_definition:151 singleton_clauses:0
[SAT presolve] [0.0010348s] clauses:5'682 literals:802'944 vars:8'557 one_side_vars:8404 simple_definition:151 singleton_clauses:0
[SAT presolve] [0.00138108s] clauses:5'682 literals:802'944 vars:8'557 one_side_vars:8404 simple_definition:151 singleton_clauses:0
  3.86e-04s  0.00e+00d  [DetectDuplicateConstraintsWithDifferentEnforcements] 
  1.22e+00s  1.91e+00d *[Probe] #probed=23'582 #equiv=13 #new_binary_clauses=154'245 
  1.13e-02s  8.64e-02d  [MaxClique] Merged 3'329 constraints with 13'880 literals into 2'779 constraints with 12'795 literals
  1.87e-02s  0.00e+00d  [DetectDominanceRelations] 
  1.81e-02s  0.00e+00d  [DetectDominanceRelations] 
  6.19e-02s  0.00e+00d  [PresolveToFixPoint] #num_loops=3 #num_dual_strengthening=2 
  1.42e-02s  0.00e+00d  [ProcessAtMostOneAndLinear] #num_changes=505 
  3.34e-04s  0.00e+00d  [DetectDuplicateConstraints] #duplicates=11 
  2.74e-04s  0.00e+00d  [DetectDuplicateConstraintsWithDifferentEnforcements] 
  6.49e-04s  5.52e-04d  [DetectDominatedLinearConstraints] #relevant_constraints=788 #num_inclusions=2 
  1.42e-04s  0.00e+00d  [DetectDifferentVariables] 
  2.43e-02s  1.00e-01d  [ProcessSetPPC] #relevant_constraints=9'167 #num_inclusions=398'372 
  1.69e-03s  4.37e-03d  [TransformClausesToExactlyOne] #num_amos=2'939 #num_clauses=4'687 #num_checked=4'687 
  8.96e-04s  0.00e+00d  [DetectEncodedComplexDomains] 
  8.52e-05s  0.00e+00d  [FindAlmostIdenticalLinearConstraints] 
  5.56e-02s  2.23e-01d  [FindBigAtMostOneAndLinearOverlap] #blocks=20 #saved_nz=3'187 
  3.65e-02s  7.88e-02d  [FindBigVerticalLinearOverlap] #blocks=470 #saved_nz=27'052 
  5.02e-03s  3.38e-02d  [FindBigHorizontalLinearOverlap] #blocks=1 #saved_nz=267 #linears=937 
  1.20e-02s  3.96e-03d  [MergeClauses] #num_collisions=298 #num_merges=298 #num_saved_literals=2'876 
  1.89e-02s  0.00e+00d  [DetectDominanceRelations] 
  4.33e-02s  0.00e+00d  [PresolveToFixPoint] #num_loops=4 #num_dual_strengthening=2 
  1.92e-02s  0.00e+00d  [DetectDominanceRelations] 
  3.94e-02s  0.00e+00d  [PresolveToFixPoint] #num_loops=1 #num_dual_strengthening=1 
  1.29e-02s  0.00e+00d  [DetectDuplicateColumns] 
  3.86e-04s  0.00e+00d  [DetectDuplicateConstraints] #duplicates=8 
[Symmetry] Graph for symmetry has 30'452 nodes and 859'217 arcs.
[Symmetry] Symmetry computation done. time: 0.00813491 dtime: 0.0498633
[SAT presolve] num removable Booleans: 0 / 8'796
[SAT presolve] num trivial clauses: 0
[SAT presolve] [0s] clauses:5'089 literals:792'353 vars:8'246 one_side_vars:8112 simple_definition:134 singleton_clauses:0
[SAT presolve] [0.000998756s] clauses:5'089 literals:792'353 vars:8'246 one_side_vars:8112 simple_definition:134 singleton_clauses:0
[SAT presolve] [0.00133212s] clauses:5'089 literals:792'353 vars:8'246 one_side_vars:8112 simple_definition:134 singleton_clauses:0
  3.84e-04s  0.00e+00d  [DetectDuplicateConstraintsWithDifferentEnforcements] 
  6.10e-01s  1.48e+00d *[Probe] #probed=23'716 #new_bounds=37 #equiv=1 #new_binary_clauses=175'820 
  1.44e-02s  1.10e-01d  [MaxClique] Merged 2'932 constraints with 13'803 literals into 2'880 constraints with 13'728 literals
  1.94e-02s  0.00e+00d  [DetectDominanceRelations] 
  4.12e-02s  0.00e+00d  [PresolveToFixPoint] #num_loops=2 #num_dual_strengthening=1 
  3.44e-03s  0.00e+00d  [ProcessAtMostOneAndLinear] 
  3.55e-04s  0.00e+00d  [DetectDuplicateConstraints] #duplicates=1 
  2.96e-04s  0.00e+00d  [DetectDuplicateConstraintsWithDifferentEnforcements] 
  4.33e-04s  9.93e-05d  [DetectDominatedLinearConstraints] #relevant_constraints=1'091 #num_inclusions=2 
  1.53e-04s  0.00e+00d  [DetectDifferentVariables] 
  2.43e-02s  1.00e-01d  [ProcessSetPPC] #relevant_constraints=9'533 #num_inclusions=398'707 
  1.85e-03s  4.35e-03d  [TransformClausesToExactlyOne] #num_amos=2'973 #num_clauses=4'591 #num_checked=4'591 
  9.80e-04s  0.00e+00d  [DetectEncodedComplexDomains] 
  1.92e-04s  5.50e-08d  [FindAlmostIdenticalLinearConstraints] #num_tested_pairs=2 
  2.03e-02s  6.87e-02d  [FindBigAtMostOneAndLinearOverlap] #blocks=1 #saved_nz=158 
  1.08e-02s  5.01e-02d  [FindBigVerticalLinearOverlap] #blocks=10 #saved_nz=402 
  5.15e-03s  3.39e-02d  [FindBigHorizontalLinearOverlap] #blocks=1 #saved_nz=159 #linears=937 
  1.24e-02s  3.95e-03d  [MergeClauses] #num_collisions=254 #num_merges=254 #num_saved_literals=2'664 
  1.94e-02s  0.00e+00d  [DetectDominanceRelations] 
  4.03e-02s  0.00e+00d  [PresolveToFixPoint] #num_loops=2 #num_dual_strengthening=1 
  1.93e-02s  0.00e+00d  [DetectDominanceRelations] 
  3.98e-02s  0.00e+00d  [PresolveToFixPoint] #num_loops=1 #num_dual_strengthening=1 
  1.21e-02s  0.00e+00d  [DetectDuplicateColumns] 
  4.22e-04s  0.00e+00d  [DetectDuplicateConstraints] #duplicates=6 
[Symmetry] Graph for symmetry has 30'354 nodes and 858'145 arcs.
[Symmetry] Symmetry computation done. time: 0.00791704 dtime: 0.0497172
[SAT presolve] num removable Booleans: 0 / 8'800
[SAT presolve] num trivial clauses: 0
[SAT presolve] [0s] clauses:5'022 literals:791'851 vars:8'150 one_side_vars:8016 simple_definition:134 singleton_clauses:0
[SAT presolve] [0.000939131s] clauses:5'022 literals:791'851 vars:8'150 one_side_vars:8016 simple_definition:134 singleton_clauses:0
[SAT presolve] [0.00127104s] clauses:5'022 literals:791'851 vars:8'150 one_side_vars:8016 simple_definition:134 singleton_clauses:0
  4.27e-04s  0.00e+00d  [DetectDuplicateConstraintsWithDifferentEnforcements] 
  5.95e-01s  1.47e+00d *[Probe] #probed=23'738 #new_bounds=3 #new_binary_clauses=159'988 
  1.47e-02s  1.11e-01d  [MaxClique] Merged 2'971 constraints with 13'918 literals into 2'879 constraints with 13'826 literals
  1.93e-02s  0.00e+00d  [DetectDominanceRelations] 
  4.00e-02s  0.00e+00d  [PresolveToFixPoint] #num_loops=2 #num_dual_strengthening=1 
  3.49e-03s  0.00e+00d  [ProcessAtMostOneAndLinear] 
  4.94e-04s  0.00e+00d  [DetectDuplicateConstraints] 
  3.44e-04s  0.00e+00d  [DetectDuplicateConstraintsWithDifferentEnforcements] 
  5.30e-04s  9.59e-05d  [DetectDominatedLinearConstraints] #relevant_constraints=1'101 #num_inclusions=1 
  1.84e-04s  0.00e+00d  [DetectDifferentVariables] 
  2.45e-02s  1.00e-01d  [ProcessSetPPC] #relevant_constraints=9'452 #num_inclusions=398'705 
  1.85e-03s  4.37e-03d  [TransformClausesToExactlyOne] #num_amos=2'969 #num_clauses=4'503 #num_checked=4'503 
  9.87e-04s  0.00e+00d  [DetectEncodedComplexDomains] 
  1.97e-04s  2.50e-08d  [FindAlmostIdenticalLinearConstraints] #num_tested_pairs=1 
  1.97e-02s  6.68e-02d  [FindBigAtMostOneAndLinearOverlap] 
  1.05e-02s  4.92e-02d  [FindBigVerticalLinearOverlap] #blocks=8 #saved_nz=324 
  5.11e-03s  3.43e-02d  [FindBigHorizontalLinearOverlap] #blocks=1 #saved_nz=104 #linears=942 
  1.24e-02s  3.95e-03d  [MergeClauses] #num_collisions=210 #num_merges=210 #num_saved_literals=2'532 
  1.96e-02s  0.00e+00d  [DetectDominanceRelations] 
  4.05e-02s  0.00e+00d  [PresolveToFixPoint] #num_loops=2 #num_dual_strengthening=1 
  1.48e-04s  0.00e+00d  [MergeNoOverlap] 
  1.03e-04s  0.00e+00d  [MergeNoOverlap2D] 
  2.70e-03s  0.00e+00d  [ExpandObjective] #entries=580'614 #tight_variables=19'321 #tight_constraints=1'400 

Presolve summary:
  - 25 affine relations were detected.
  - rule 'TODO dual: add implied bound' was applied 4'800 times.
  - rule 'TODO dual: only one blocking constraint?' was applied 99'338 times.
  - rule 'TODO dual: only one blocking enforced constraint?' was applied 7'882 times.
  - rule 'TODO dual: only one unspecified blocking constraint?' was applied 12 times.
  - rule 'TODO linear inclusion: superset is equality' was applied 2 times.
  - rule 'TODO linear matrix: reuse defining constraint' was applied 1 time.
  - rule 'TODO linear1: appear in only one extra 2-var constraint' was applied 4 times.
  - rule 'affine: new relation' was applied 25 times.
  - rule 'at_most_one: empty or all false' was applied 2 times.
  - rule 'at_most_one: removed literals' was applied 122 times.
  - rule 'at_most_one: resolved two constraints with opposite literal' was applied 121 times.
  - rule 'at_most_one: size one' was applied 2 times.
  - rule 'at_most_one: transformed into max clique' was applied 3 times.
  - rule 'bool_and: x => x' was applied 2 times.
  - rule 'bool_or: always true' was applied 138 times.
  - rule 'bool_or: fixed literals' was applied 930 times.
  - rule 'bool_or: implications' was applied 1'126 times.
  - rule 'bool_or: removed enforcement literal' was applied 400 times.
  - rule 'deductions: 1668 stored' was applied 1 time.
  - rule 'domination: in at most one' was applied 44 times.
  - rule 'domination: in exactly one' was applied 2 times.
  - rule 'dual: add implication' was applied 22 times.
  - rule 'dual: enforced equivalence' was applied 2 times.
  - rule 'dual: fix variable' was applied 6 times.
  - rule 'dual: make encoding equiv' was applied 192 times.
  - rule 'duplicate: removed constraint' was applied 28 times.
  - rule 'enforcement: literal not used' was applied 6 times.
  - rule 'enforcement: removed duplicate literal' was applied 2 times.
  - rule 'enforcement: true literal' was applied 48 times.
  - rule 'exactly_one: removed literals' was applied 203 times.
  - rule 'exactly_one: singleton' was applied 14 times.
  - rule 'exactly_one: size one' was applied 84 times.
  - rule 'exactly_one: size two' was applied 4 times.
  - rule 'linear + amo: fixed literal implied by enforcement' was applied 505 times.
  - rule 'linear + amo: infeasible enforcement' was applied 4 times.
  - rule 'linear + amo: trivial linear constraint' was applied 2 times.
  - rule 'linear matrix: common amo rectangle' was applied 21 times.
  - rule 'linear matrix: common horizontal rectangle' was applied 3 times.
  - rule 'linear matrix: common vertical rectangle' was applied 488 times.
  - rule 'linear1: always true' was applied 1 time.
  - rule 'linear1: x in domain' was applied 1 time.
  - rule 'linear2: convert ax + by != cte to clauses' was applied 834 times.
  - rule 'linear: always true' was applied 22 times.
  - rule 'linear: divide by GCD' was applied 2 times.
  - rule 'linear: empty' was applied 1 time.
  - rule 'linear: extracted at most one (max)' was applied 1 time.
  - rule 'linear: extracted enforcement literal' was applied 165 times.
  - rule 'linear: fixed or dup variables' was applied 1'056 times.
  - rule 'linear: negative clause' was applied 777 times.
  - rule 'linear: negative reified and' was applied 2 times.
  - rule 'linear: positive at most one' was applied 2'480 times.
  - rule 'linear: positive clause' was applied 4'048 times.
  - rule 'linear: positive equal one' was applied 1'264 times.
  - rule 'linear: reduced variable domains' was applied 11 times.
  - rule 'linear: reduced variable domains in derived constraint' was applied 2 times.
  - rule 'linear: remapped using affine relations' was applied 99 times.
  - rule 'linear: simplified rhs' was applied 44 times.
  - rule 'linear: singleton column' was applied 2'522 times.
  - rule 'linear: variable substitution 2' was applied 8 times.
  - rule 'linear: variable substitution 3' was applied 2 times.
  - rule 'new_bool: integer encoding' was applied 24 times.
  - rule 'new_bool: table expansion' was applied 6 times.
  - rule 'new_bool: var with 2 values' was applied 3 times.
  - rule 'new_bool: with clause' was applied 21 times.
  - rule 'presolve: 324 unused variables removed.' was applied 1 time.
  - rule 'presolve: iteration' was applied 3 times.
  - rule 'probing: bool_or reduced to implication' was applied 332 times.
  - rule 'probing: simplified clauses' was applied 400 times.
  - rule 'setppc: removed dominated constraints' was applied 5 times.
  - rule 'table: all tuples!' was applied 1 time.
  - rule 'table: compress tuples' was applied 2 times.
  - rule 'table: expanded positive constraint' was applied 2 times.
  - rule 'table: expanded positive constraint with two variables' was applied 2 times.
  - rule 'table: reduce variable domain' was applied 14 times.
  - rule 'table: remove expressions' was applied 3 times.
  - rule 'table: remove tuples' was applied 2 times.
  - rule 'table: reused literals' was applied 2 times.
  - rule 'variables with 2 values: create encoding literal' was applied 3 times.
  - rule 'variables with 2 values: new affine relation' was applied 3 times.
  - rule 'variables: add encoding constraint' was applied 24 times.
  - rule 'variables: detect fully reified value encoding' was applied 48 times.
  - rule 'variables: detect half reified value encoding' was applied 496 times.
  - rule 'variables: only used in value and order encodings' was applied 2 times.

Presolved optimization model '': (model_fingerprint: 0x4b7509725c2357be)
#Variables: 9'522 (#ints: 1 in objective) (8'746 primary variables)
  - 8'789 Booleans in [0,1]
  - 1 in [0][5][7][10,12]
  - 1 in [0][6][8][10,12]
  - 188 in [0,2]
  - 85 in [0,3]
  - 9 in [0,4]
  - 12 in [0,5]
  - 4 in [0,6]
  - 7 in [0,7]
  - 2 in [0,8]
  - 405 in [0,9]
  - 5 in [0,10]
  - 1 in [0,12]
  - 2 in [0,13]
  - 2 in [0,14]
  - 1 in [0,16]
  - 1 in [0,18]
  - 1 in [0,20]
  - 1 in [0,21]
  - 1 in [0,39]
  - 1 in [0,46]
  - 1 in [0,300]
  - 1 in [1,3]
  - 1 in [7,9]
#kAtMostOne: 2'624 (#literals: 13'316)
#kBoolAnd: 278 (#enforced: 278) (#literals: 625)
#kBoolAndClauses: 206 (#enforced: 206 #multi: 206) (#literals: 2'938)
#kBoolOr: 4'087 (#literals: 785'167)
#kExactlyOne: 1'071 (#literals: 18'901)
#kLinear1: 448 (#enforced: 448)
#kLinear2: 2
#kLinear3: 84
#kLinearN: 1'023 (#enforced: 766 #multi: 256) (#terms: 26'065)
[Symmetry] Graph for symmetry has 27'399 nodes and 857'580 arcs.
[Symmetry] Symmetry computation done. time: 0.00811428 dtime: 0.0494534

Preloading model.
#Bound   3.55s best:-inf  next:[-0,300]   initial_domain
The solution hint is incomplete: 4301 out of 9522 non fixed variables hinted.
#Model   3.56s var:9522/9522 constraints:9823/9823

Starting search at 3.56s with 3 workers.
2 full problem subsolvers: [default_lp, no_lp]
1 first solution subsolver: [fj]
9 interleaved subsolvers: [feasibility_pump, graph_arc_lns, graph_cst_lns, graph_dec_lns, graph_var_lns, ls, rins/rens, rnd_cst_lns, rnd_var_lns]
3 helper subsolvers: [neighborhood_helper, synchronization_agent, update_gap_integral]

#Model  14.87s var:9520/9522 constraints:9819/9823
#Model  15.00s var:9519/9522 constraints:9817/9823
#Model  57.77s var:9518/9522 constraints:9815/9823
#Model 100.51s var:9515/9522 constraints:9809/9823 compo:9514,1
#Model 148.84s var:9512/9522 constraints:9803/9823 compo:9510,1,1
#Model 182.44s var:9510/9522 constraints:9799/9823 compo:9508,1,1
#Model 183.56s var:9508/9522 constraints:9799/9823 compo:9506,1,1
#Model 212.39s var:9507/9522 constraints:9799/9823 compo:9505,1,1
#Model 214.75s var:9504/9522 constraints:9793/9823 compo:9501,1,1,1
#Model 237.70s var:9503/9522 constraints:9793/9823 compo:9500,1,1,1
#Model 253.50s var:9502/9522 constraints:9793/9823 compo:9499,1,1,1
#Model 265.20s var:9501/9522 constraints:9793/9823 compo:9498,1,1,1
#Model 493.36s var:9498/9522 constraints:9787/9823 compo:9494,1,1,1,1
#Model 498.79s var:9495/9522 constraints:9782/9823 compo:9490,1,1,1,1,1
#Model 561.80s var:9493/9522 constraints:9778/9823 compo:9488,1,1,1,1,1
#Model 563.92s var:9491/9522 constraints:9774/9823 compo:9486,1,1,1,1,1

Task timing                   n [     min,      max]      avg      dev     time         n [     min,      max]      avg      dev    dtime
        'default_lp':         1 [   9.94m,    9.94m]    9.94m   0.00ns    9.94m         2 [672.83ms,    9.07m]    4.54m    4.53m    9.08m
  'feasibility_pump':       172 [ 85.47ms,    3.60s]    2.74s 626.15ms    7.84m       171 [   3.26s,    9.66s]    8.03s    1.41s   22.87m
                'fj':      4683 [ 17.94ms,  63.94ms]  26.87ms   4.01ms    2.10m      4683 [100.01ms, 105.05ms] 100.27ms 399.81us    7.83m
     'graph_arc_lns':         0 [  0.00ns,   0.00ns]   0.00ns   0.00ns   0.00ns         0 [  0.00ns,   0.00ns]   0.00ns   0.00ns   0.00ns
     'graph_cst_lns':         0 [  0.00ns,   0.00ns]   0.00ns   0.00ns   0.00ns         0 [  0.00ns,   0.00ns]   0.00ns   0.00ns   0.00ns
     'graph_dec_lns':         0 [  0.00ns,   0.00ns]   0.00ns   0.00ns   0.00ns         0 [  0.00ns,   0.00ns]   0.00ns   0.00ns   0.00ns
     'graph_var_lns':         0 [  0.00ns,   0.00ns]   0.00ns   0.00ns   0.00ns         0 [  0.00ns,   0.00ns]   0.00ns   0.00ns   0.00ns
                'ls':         0 [  0.00ns,   0.00ns]   0.00ns   0.00ns   0.00ns         0 [  0.00ns,   0.00ns]   0.00ns   0.00ns   0.00ns
             'no_lp':         1 [   9.94m,    9.94m]    9.94m   0.00ns    9.94m         2 [503.58ms,   14.01m]    7.01m    7.00m   14.02m
         'rins/rens':         0 [  0.00ns,   0.00ns]   0.00ns   0.00ns   0.00ns         0 [  0.00ns,   0.00ns]   0.00ns   0.00ns   0.00ns
       'rnd_cst_lns':         0 [  0.00ns,   0.00ns]   0.00ns   0.00ns   0.00ns         0 [  0.00ns,   0.00ns]   0.00ns   0.00ns   0.00ns
       'rnd_var_lns':         0 [  0.00ns,   0.00ns]   0.00ns   0.00ns   0.00ns         0 [  0.00ns,   0.00ns]   0.00ns   0.00ns   0.00ns

Search stats     Bools  Conflicts    Branches  Restarts  BacktrackToRoot  Backtrack     BoolPropag  IntegerPropag
  'default_lp':  9'195    166'400  27'813'007       702        1'017'723  1'432'292    170'638'161    262'002'616
       'no_lp':  9'195  7'992'595  69'280'429    23'240        1'516'250  9'668'441  1'583'801'509  1'789'732'481

SAT formula      Fixed  Equiv  Total  VarLeft  BinaryClauses  PermanentClauses  TemporaryClauses
  'default_lp':     31      3  9'195    9'161        114'944             7'265            14'702
       'no_lp':     27      3  9'195    9'165        116'336             6'584             6'328

SAT stats        ClassicMinim   LitRemoved  LitRemovedBinary     LitLearned  LitForgotten   Subsumed
  'default_lp':       133'768    1'265'266         5'050'100     19'568'907    14'184'011     20'640
       'no_lp':     7'460'244  237'482'091       315'695'146  1'681'978'723   803'104'082  4'008'382

Vivification     Clauses   Decisions  LitTrue  Subsumed  LitRemoved  DecisionReused  Conflicts
  'default_lp':  223'010  26'279'157        8     8'149      90'278         136'937      1'036
       'no_lp':  368'286  47'449'351        5     7'973      89'996         202'499      1'269

Clause deletion    at_true  l_and_not(l)  to_binary  sub_conflict  sub_extra  sub_decisions  sub_eager  sub_vivify  sub_probing  sub_inpro  blocked  eliminated  forgotten    promoted  conflicts
    'default_lp':       99             1          7        19'872        489            430        768       8'149          490        357        0           0    122'298     333'350    166'400
         'no_lp':    1'287             0          9     3'881'927     10'275        190'043    126'455       7'973          261        814        0           0  3'769'224  16'063'681  7'992'595

Lp stats         Component  Iterations  AddedCuts  OPTIMAL  DUAL_F.  DUAL_U.
  'default_lp':          2   1'720'066     83'739  138'050        0  133'973

Lp dimension         Final dimension of first component
  'default_lp':  1633 rows, 5241 columns, 71157 entries

Lp debug         CutPropag  CutEqPropag   Adjust  Overflow      Bad  BadScaling
  'default_lp':         20        2'127  133'673         0  528'871           0

Lp pool          Constraints  Updates  Simplif  Merged  Shortened  Split  Strengthened       Cuts/Call
  'default_lp':       13'696   19'826    8'369      40      9'863    922           746  83'739/157'729

Lp Cut            default_lp
          CG_FF:       6'172
           CG_K:       5'388
          CG_KL:         922
           CG_R:       7'842
          CG_RB:       1'816
         CG_RBP:         672
             IB:      43'035
       MIR_1_FF:       1'047
        MIR_1_K:         216
       MIR_1_KL:         500
        MIR_1_R:       1'148
       MIR_1_RB:         126
      MIR_1_RBP:          28
       MIR_2_FF:       1'619
        MIR_2_K:         348
       MIR_2_KL:         672
        MIR_2_R:       2'712
       MIR_2_RB:         308
      MIR_2_RBP:         106
       MIR_3_FF:       1'054
        MIR_3_K:         219
       MIR_3_KL:         392
        MIR_3_R:       1'389
       MIR_3_RB:         224
      MIR_3_RBP:          33
       MIR_4_FF:         585
        MIR_4_K:         126
       MIR_4_KL:         218
        MIR_4_R:         853
       MIR_4_RB:         121
      MIR_4_RBP:          22
       MIR_5_FF:         326
        MIR_5_K:          90
       MIR_5_KL:         107
        MIR_5_R:         503
       MIR_5_RB:          59
      MIR_5_RBP:          10
       MIR_6_FF:         240
        MIR_6_K:          49
       MIR_6_KL:          78
        MIR_6_R:         366
       MIR_6_RB:          56
      MIR_6_RBP:          16
   ZERO_HALF_FF:         683
    ZERO_HALF_K:          42
   ZERO_HALF_KL:          87
    ZERO_HALF_R:       1'004
   ZERO_HALF_RB:         106
  ZERO_HALF_RBP:           4

LNS stats           Improv/Calls  Closed  Difficulty  TimeLimit
  'graph_arc_lns':           0/0      0%    5.00e-01       0.10
  'graph_cst_lns':           0/0      0%    5.00e-01       0.10
  'graph_dec_lns':           0/0      0%    5.00e-01       0.10
  'graph_var_lns':           0/0      0%    5.00e-01       0.10
      'rins/rens':           0/0      0%    5.00e-01       0.10
    'rnd_cst_lns':           0/0      0%    5.00e-01       0.10
    'rnd_var_lns':           0/0      0%    5.00e-01       0.10

LS stats                                    Batches  Restarts/Perturbs   LinMoves   GenMoves  CompoundMoves  Bactracks  WeightUpdates  ScoreComputed
                             'fj_restart':      235                 63  4'969'685          0              0          0        334'966     18'874'728
                    'fj_restart_compound':      228                 83          0    631'858        130'931    250'134            881     20'609'313
                'fj_restart_compound_obj':      400                 71          0    915'020        179'942    367'297            751     30'636'612
            'fj_restart_compound_perturb':      241                 57          0    686'265        128'047    278'966            725     23'543'300
        'fj_restart_compound_perturb_obj':      315                 64          0    708'105        174'167    266'713            501     24'655'371
                       'fj_restart_decay':      250                 66  2'265'338          0              0          0         33'478     11'921'200
              'fj_restart_decay_compound':      521                 66          0  1'317'113        261'946    527'361            922     47'046'304
          'fj_restart_decay_compound_obj':      234                 70          0    499'945        168'297    165'559            231     17'627'554
      'fj_restart_decay_compound_perturb':      199                 54          0    537'545        129'619    203'733            357     18'743'671
  'fj_restart_decay_compound_perturb_obj':      215                 65          0    460'217        165'333    147'226            183     16'067'830
                   'fj_restart_decay_obj':      277                 74  2'081'605          0              0          0         25'340     11'123'057
               'fj_restart_decay_perturb':      208                 74  1'715'451          0              0          0         23'830      9'201'651
           'fj_restart_decay_perturb_obj':      586                 85  3'861'812          0              0          0         42'756     20'385'716
                         'fj_restart_obj':      258                 90  4'461'269          0              0          0        264'990     22'652'402
                     'fj_restart_perturb':      209                 76  4'105'027          0              0          0        247'863     17'709'570
                 'fj_restart_perturb_obj':      307                 60  5'890'562          0              0          0        411'191     26'791'922

Objective bounds     Num
  'initial_domain':    1

Solution repositories    Added  Queried  Synchro
    'alternative_path':      0        0        0
      'best_solutions':      0        0        0
   'fj solution hints':  1'110        0    1'110
        'lp solutions':      0        0        0
                'pump':      0        0

Improving bounds shared    Num  Sym
            'default_lp':   50    0
                 'no_lp':   24    0

Clauses shared    #Exported  #Imported  #BinaryRead  #BinaryTotal
   'default_lp':      7'521      3'400       14'187        14'187
        'no_lp':     13'841      3'207       13'855        14'187

LRAT_status: NA
CpSolverResponse summary:
status: UNKNOWN
objective: -0
best_bound: 300
integers: 9345
booleans: 9195
conflicts: 166400
branches: 27813007
propagations: 170638161
integer_propagations: 262002616
restarts: 702
lp_iterations: 1720066
walltime: 600.013
usertime: 600.013
deterministic_time: 3233.9
gap_integral: 18421.3

{'S_branch': 186, 'J_branch': 0, 'script_sha256': '7ef43b13e571bdaaded42f75713738d60512c0b182ad7f39c7a058cb1111e435', 'build_seconds': 0.9505696889973478, 'model_sha256': 'c459fcf49b6d4d7c6162b682512ea8fb7ef2d05dcaddb591f4ad1281cf131457', 'fixed_bodies': None, 'time_limit': 600.0, 'workers': 3, 'status': 'UNKNOWN', 'seconds': 601.0696086560056, 'upper': 300.0, 'stats': 'CpSolverResponse summary:\nstatus: UNKNOWN\nobjective: -0\nbest_bound: 300\nintegers: 9345\nbooleans: 9195\nconflicts: 166400\nbranches: 27813007\npropagations: 170638161\ninteger_propagations: 262002616\nrestarts: 702\nlp_iterations: 1720066\nwalltime: 600.013\nusertime: 600.013\ndeterministic_time: 3233.9\ngap_integral: 18421.3\n'}
