BUILT {'S_branch': 185, 'J_branch': 1, 'script_sha256': '7ef43b13e571bdaaded42f75713738d60512c0b182ad7f39c7a058cb1111e435', 'build_seconds': 0.9835264409921365, 'model_sha256': 'f50ed67ba78ddd34a110666aa7a8dd919e2e8df19b3f1fe7d89f770332c22679', 'fixed_bodies': None, 'time_limit': 600.0, 'workers': 3}

Starting CP-SAT solver v9.15.6755
Parameters: random_seed: 75 max_time_in_seconds: 600 log_search_progress: true linearization_level: 2 num_search_workers: 3

Initial optimization model '': (model_fingerprint: 0xd4561d9ef8ca520d)
#Variables: 11'989 (#ints: 1 in objective) (8'970 primary variables)
  - 11'572 Booleans in [0,1]
  - 1 in [-4,16]
  - 1 in [-4,21]
  - 1 in [-4,48]
  - 1 in [-4,53]
  - 4 in [0,2]
  - 400 in [0,9]
  - 4 in [0,13]
  - 2 in [0,23]
  - 1 in [0,300]
  - 1 in [180,185]
  - 1 constants in {1} 
#kBoolOr: 96 (#enforced: 96) (#literals: 96)
#kLinear1: 1'507 (#enforced: 1'504)
#kLinear2: 798 (#enforced: 2 #multi: 2)
#kLinear3: 140 (#enforced: 3 #multi: 3)
#kLinearN: 9'136 (#enforced: 1'067 #multi: 267) (#terms: 931'386)
#kTable: 5

Starting presolve at 0.02s
The solution hint is incomplete: 3970 out of 11988 non fixed variables hinted.
  2.04e-02s  0.00e+00d  [DetectDominanceRelations] 
  1.45e-01s  0.00e+00d  [PresolveToFixPoint] #num_loops=3 #num_dual_strengthening=2 
  2.59e-04s  0.00e+00d  [ExtractEncodingFromLinear] #potential_supersets=3'590 #potential_subsets=2 
  1.75e-02s  0.00e+00d  [DetectDuplicateColumns] 
  5.28e-04s  0.00e+00d  [DetectDuplicateConstraints] #duplicates=6 
[Symmetry] Graph for symmetry has 31'149 nodes and 944'782 arcs.
[Symmetry] Symmetry computation done. time: 0.00939816 dtime: 0.0575139
[Symmetry] #generators: 8, average support size: 2
[Symmetry] 4 orbits on 12 variables with sizes: 3,3,3,3
[Symmetry] Found orbitope of size 1 x 3
[SAT presolve] num removable Booleans: 0 / 9'079
[SAT presolve] num trivial clauses: 0
[SAT presolve] [0s] clauses:6'738 literals:830'816 vars:8'815 one_side_vars:8574 simple_definition:231 singleton_clauses:0
[SAT presolve] [0.000982201s] clauses:6'738 literals:830'816 vars:8'815 one_side_vars:8574 simple_definition:231 singleton_clauses:0
[SAT presolve] [0.00133704s] clauses:6'738 literals:830'816 vars:8'815 one_side_vars:8574 simple_definition:231 singleton_clauses:0
  4.27e-04s  0.00e+00d  [DetectDuplicateConstraintsWithDifferentEnforcements] 
  8.75e-01s  1.63e+00d *[Probe] #probed=22'802 #fixed_bools=1'270 #new_bounds=11 #equiv=342 #new_binary_clauses=72'294 
  1.03e-02s  7.66e-02d  [MaxClique] Merged 4'380 constraints with 16'358 literals into 2'899 constraints with 14'002 literals
  1.47e-02s  0.00e+00d  [DetectDominanceRelations] 
  1.39e-02s  0.00e+00d  [DetectDominanceRelations] 
  5.35e-02s  0.00e+00d  [PresolveToFixPoint] #num_loops=3 #num_dual_strengthening=2 
  6.66e-03s  0.00e+00d  [ProcessAtMostOneAndLinear] #num_changes=244 
  3.92e-04s  0.00e+00d  [DetectDuplicateConstraints] #duplicates=260 
  2.46e-04s  0.00e+00d  [DetectDuplicateConstraintsWithDifferentEnforcements] 
  4.93e-04s  2.10e-04d  [DetectDominatedLinearConstraints] #relevant_constraints=777 #num_inclusions=7 
  1.15e-04s  0.00e+00d  [DetectDifferentVariables] 
  1.97e-02s  8.42e-02d  [ProcessSetPPC] #relevant_constraints=8'584 #num_inclusions=352'790 
  1.64e-03s  3.16e-03d  [TransformClausesToExactlyOne] #num_amos=2'495 #num_clauses=4'659 #num_checked=4'659 
  7.15e-04s  0.00e+00d  [DetectEncodedComplexDomains] 
  8.66e-05s  0.00e+00d  [FindAlmostIdenticalLinearConstraints] 
  2.45e-02s  9.32e-02d  [FindBigAtMostOneAndLinearOverlap] #blocks=8 #saved_nz=995 
  1.37e-02s  3.98e-02d  [FindBigVerticalLinearOverlap] #blocks=205 #saved_nz=12'693 
  3.68e-03s  2.30e-02d  [FindBigHorizontalLinearOverlap] #blocks=1 #saved_nz=217 #linears=762 
  9.71e-03s  2.84e-03d  [MergeClauses] #num_collisions=460 #num_merges=460 #num_saved_literals=10'110 
  1.46e-02s  0.00e+00d  [DetectDominanceRelations] 
  3.40e-02s  0.00e+00d  [PresolveToFixPoint] #num_loops=4 #num_dual_strengthening=2 
  1.43e-02s  0.00e+00d  [DetectDominanceRelations] 
  3.02e-02s  0.00e+00d  [PresolveToFixPoint] #num_loops=1 #num_dual_strengthening=1 
  9.97e-03s  0.00e+00d  [DetectDuplicateColumns] 
  3.46e-04s  0.00e+00d  [DetectDuplicateConstraints] #duplicates=8 
[Symmetry] Graph for symmetry has 28'169 nodes and 611'076 arcs.
[Symmetry] Symmetry computation done. time: 0.00598949 dtime: 0.0343415
[Symmetry] #generators: 28, average support size: 2
[Symmetry] 28 orbits on 56 variables with sizes: 2,2,2,2,2,2,2,2,2,2,...
[Symmetry] Found orbitope of size 1 x 2
[SAT presolve] num removable Booleans: 34 / 7'365
[SAT presolve] num trivial clauses: 0
[SAT presolve] [0s] clauses:5'545 literals:572'234 vars:7'030 one_side_vars:6710 simple_definition:141 singleton_clauses:0
[SAT presolve] [0.000765175s] clauses:5'365 literals:570'722 vars:7'028 one_side_vars:6796 simple_definition:163 singleton_clauses:0
[SAT presolve] [0.00102811s] clauses:5'365 literals:570'722 vars:7'028 one_side_vars:6796 simple_definition:163 singleton_clauses:0
  5.18e-04s  0.00e+00d  [DetectDuplicateConstraintsWithDifferentEnforcements] #without_enforcements=180 
  3.13e-01s  1.17e+00d *[Probe] #probed=21'510 #new_bounds=4 #new_binary_clauses=22'603 
  9.58e-03s  6.73e-02d  [MaxClique] Merged 2'500 constraints with 11'985 literals into 2'427 constraints with 11'906 literals
  1.51e-02s  0.00e+00d  [DetectDominanceRelations] 
  3.30e-02s  0.00e+00d  [PresolveToFixPoint] #num_loops=3 #num_dual_strengthening=2 
  2.61e-03s  0.00e+00d  [ProcessAtMostOneAndLinear] #num_changes=104 
  2.89e-04s  0.00e+00d  [DetectDuplicateConstraints] #duplicates=2 
  2.52e-04s  0.00e+00d  [DetectDuplicateConstraintsWithDifferentEnforcements] #without_enforcements=60 
  3.21e-04s  6.49e-05d  [DetectDominatedLinearConstraints] #relevant_constraints=757 #num_inclusions=13 
  1.76e-04s  0.00e+00d  [DetectDifferentVariables] 
  1.85e-02s  8.27e-02d  [ProcessSetPPC] #relevant_constraints=8'181 #num_inclusions=351'455 
  2.26e-03s  3.08e-03d  [TransformClausesToExactlyOne] #num_amos=2'605 #num_clauses=4'468 #num_checked=4'468 
  9.72e-04s  0.00e+00d  [DetectEncodedComplexDomains] 
  1.65e-04s  4.00e-08d  [FindAlmostIdenticalLinearConstraints] #num_tested_pairs=1 
  1.23e-02s  3.81e-02d  [FindBigAtMostOneAndLinearOverlap] 
  6.68e-03s  3.02e-02d  [FindBigVerticalLinearOverlap] #blocks=4 #saved_nz=239 
  3.34e-03s  2.04e-02d  [FindBigHorizontalLinearOverlap] #blocks=1 #saved_nz=159 #linears=673 
  9.29e-03s  2.84e-03d  [MergeClauses] #num_collisions=346 #num_merges=346 #num_saved_literals=9'683 
  1.37e-02s  0.00e+00d  [DetectDominanceRelations] 
  3.07e-02s  0.00e+00d  [PresolveToFixPoint] #num_loops=4 #num_dual_strengthening=2 
  1.38e-02s  0.00e+00d  [DetectDominanceRelations] 
  2.87e-02s  0.00e+00d  [PresolveToFixPoint] #num_loops=1 #num_dual_strengthening=1 
  8.43e-03s  0.00e+00d  [DetectDuplicateColumns] 
  3.67e-04s  0.00e+00d  [DetectDuplicateConstraints] #duplicates=8 
[Symmetry] Graph for symmetry has 27'292 nodes and 606'422 arcs.
[Symmetry] Symmetry computation done. time: 0.00576311 dtime: 0.0336146
[Symmetry] #generators: 28, average support size: 2
[Symmetry] 28 orbits on 56 variables with sizes: 2,2,2,2,2,2,2,2,2,2,...
[Symmetry] Found orbitope of size 1 x 2
[SAT presolve] num removable Booleans: 30 / 7'172
[SAT presolve] num trivial clauses: 0
[SAT presolve] [0s] clauses:5'072 literals:569'345 vars:6'871 one_side_vars:6732 simple_definition:108 singleton_clauses:0
[SAT presolve] [0.000718613s] clauses:5'072 literals:569'345 vars:6'871 one_side_vars:6732 simple_definition:108 singleton_clauses:0
[SAT presolve] [0.00098454s] clauses:5'072 literals:569'345 vars:6'871 one_side_vars:6732 simple_definition:108 singleton_clauses:0
  3.90e-04s  0.00e+00d  [DetectDuplicateConstraintsWithDifferentEnforcements] #without_enforcements=70 
  3.08e-01s  1.16e+00d *[Probe] #probed=21'230 #new_binary_clauses=21'290 
  9.82e-03s  6.45e-02d  [MaxClique] Merged 2'565 constraints with 12'139 literals into 2'456 constraints with 12'018 literals
  1.39e-02s  0.00e+00d  [DetectDominanceRelations] 
  3.15e-02s  0.00e+00d  [PresolveToFixPoint] #num_loops=2 #num_dual_strengthening=2 
  2.44e-03s  0.00e+00d  [ProcessAtMostOneAndLinear] 
  3.07e-04s  0.00e+00d  [DetectDuplicateConstraints] #duplicates=2 
  2.47e-04s  0.00e+00d  [DetectDuplicateConstraintsWithDifferentEnforcements] 
  3.31e-04s  6.22e-05d  [DetectDominatedLinearConstraints] #relevant_constraints=735 #num_inclusions=6 
  1.53e-04s  0.00e+00d  [DetectDifferentVariables] 
  1.86e-02s  8.27e-02d  [ProcessSetPPC] #relevant_constraints=7'891 #num_inclusions=351'496 
  1.61e-03s  3.09e-03d  [TransformClausesToExactlyOne] #num_amos=2'677 #num_clauses=4'256 #num_checked=4'256 
  7.82e-04s  0.00e+00d  [DetectEncodedComplexDomains] 
  1.50e-04s  4.00e-08d  [FindAlmostIdenticalLinearConstraints] #num_tested_pairs=1 
  1.17e-02s  3.69e-02d  [FindBigAtMostOneAndLinearOverlap] 
  6.33e-03s  2.96e-02d  [FindBigVerticalLinearOverlap] #blocks=2 #saved_nz=60 
  3.63e-03s  2.11e-02d  [FindBigHorizontalLinearOverlap] #linears=658 
  9.50e-03s  2.83e-03d  [MergeClauses] #num_collisions=254 #num_merges=254 #num_saved_literals=9'433 
  1.40e-02s  0.00e+00d  [DetectDominanceRelations] 
  2.89e-02s  0.00e+00d  [PresolveToFixPoint] #num_loops=2 #num_dual_strengthening=1 
  1.11e-04s  0.00e+00d  [MergeNoOverlap] 
  9.21e-05s  0.00e+00d  [MergeNoOverlap2D] 
  1.43e-03s  0.00e+00d  [ExpandObjective] #entries=199'185 #tight_variables=9'035 #tight_constraints=724 

Presolve summary:
  - 359 affine relations were detected.
  - rule 'TODO dual: add implied bound' was applied 6'000 times.
  - rule 'TODO dual: only one blocking constraint?' was applied 118'033 times.
  - rule 'TODO dual: only one blocking enforced constraint?' was applied 8'026 times.
  - rule 'TODO dual: only one unspecified blocking constraint?' was applied 15 times.
  - rule 'TODO linear inclusion: superset is equality' was applied 1 time.
  - rule 'TODO linear1: appear in only one extra 2-var constraint' was applied 4 times.
  - rule 'affine: new relation' was applied 359 times.
  - rule 'at_most_one: empty or all false' was applied 339 times.
  - rule 'at_most_one: removed literals' was applied 694 times.
  - rule 'at_most_one: resolved two constraints with opposite literal' was applied 169 times.
  - rule 'at_most_one: size one' was applied 170 times.
  - rule 'at_most_one: transformed into max clique' was applied 3 times.
  - rule 'bool_and: x => x' was applied 2 times.
  - rule 'bool_or: always true' was applied 153 times.
  - rule 'bool_or: fixed literals' was applied 2'331 times.
  - rule 'bool_or: implications' was applied 1'486 times.
  - rule 'bool_or: removed enforcement literal' was applied 848 times.
  - rule 'bool_or: singleton' was applied 39 times.
  - rule 'deductions: 1864 stored' was applied 1 time.
  - rule 'domination: added implications' was applied 19 times.
  - rule 'domination: in at most one' was applied 5 times.
  - rule 'dual: add implication' was applied 28 times.
  - rule 'dual: enforced equivalence' was applied 2 times.
  - rule 'dual: fix variable' was applied 117 times.
  - rule 'dual: make encoding equiv' was applied 96 times.
  - rule 'duplicate: removed constraint' was applied 286 times.
  - rule 'duplicate: removed enforced constraint' was applied 250 times.
  - rule 'enforcement: false literal' was applied 22 times.
  - rule 'enforcement: literal not used' was applied 48 times.
  - rule 'enforcement: removed duplicate literal' was applied 2 times.
  - rule 'enforcement: true literal' was applied 27 times.
  - rule 'exactly_one: removed literals' was applied 782 times.
  - rule 'exactly_one: satisfied' was applied 10 times.
  - rule 'exactly_one: singleton' was applied 98 times.
  - rule 'exactly_one: size two' was applied 9 times.
  - rule 'exactly_one: x and not(x)' was applied 92 times.
  - rule 'linear + amo: empty after processing' was applied 2 times.
  - rule 'linear + amo: extracted enforcement literal' was applied 154 times.
  - rule 'linear + amo: fixed literal implied by enforcement' was applied 348 times.
  - rule 'linear + amo: infeasible enforcement' was applied 5 times.
  - rule 'linear + amo: trivial linear constraint' was applied 2 times.
  - rule 'linear matrix: common amo rectangle' was applied 8 times.
  - rule 'linear matrix: common horizontal rectangle' was applied 2 times.
  - rule 'linear matrix: common vertical rectangle' was applied 211 times.
  - rule 'linear1: always true' was applied 3 times.
  - rule 'linear1: x in domain' was applied 1 time.
  - rule 'linear2: boolean with one feasible value' was applied 2 times.
  - rule 'linear2: convert ax + by != cte to clauses' was applied 834 times.
  - rule 'linear2: implied ax + by = cte has only one solution' was applied 70 times.
  - rule 'linear: always true' was applied 21 times.
  - rule 'linear: divide by GCD' was applied 2 times.
  - rule 'linear: empty' was applied 29 times.
  - rule 'linear: enforcement literal in expression' was applied 4 times.
  - rule 'linear: extracted at most one (max)' was applied 1 time.
  - rule 'linear: extracted enforcement literal' was applied 299 times.
  - rule 'linear: fixed or dup variables' was applied 656 times.
  - rule 'linear: negative clause' was applied 777 times.
  - rule 'linear: negative reified and' was applied 12 times.
  - rule 'linear: never in domain' was applied 5 times.
  - rule 'linear: positive at most one' was applied 2'480 times.
  - rule 'linear: positive clause' was applied 4'048 times.
  - rule 'linear: positive equal one' was applied 1'134 times.
  - rule 'linear: reduced variable domains' was applied 4 times.
  - rule 'linear: reduced variable domains in derived constraint' was applied 9 times.
  - rule 'linear: remapped using affine relations' was applied 299 times.
  - rule 'linear: simplified rhs' was applied 10 times.
  - rule 'linear: singleton column' was applied 2'522 times.
  - rule 'linear: small Boolean expression' was applied 90 times.
  - rule 'linear: variable substitution 2' was applied 7 times.
  - rule 'new_bool: integer encoding' was applied 30 times.
  - rule 'new_bool: table expansion' was applied 6 times.
  - rule 'new_bool: var with 2 values' was applied 2 times.
  - rule 'new_bool: with clause' was applied 8 times.
  - rule 'presolve: 1516 unused variables removed.' was applied 1 time.
  - rule 'presolve: iteration' was applied 3 times.
  - rule 'probing: bool_or reduced to implication' was applied 780 times.
  - rule 'probing: reduced enforced constraint to implication' was applied 12 times.
  - rule 'probing: simplified clauses' was applied 19'435 times.
  - rule 'setppc: bool_or in at_most_one' was applied 1 time.
  - rule 'setppc: exactly_one included in linear' was applied 3 times.
  - rule 'setppc: reduced linear coefficients' was applied 3 times.
  - rule 'setppc: removed dominated constraints' was applied 272 times.
  - rule 'table: compress tuples' was applied 3 times.
  - rule 'table: expanded positive constraint' was applied 4 times.
  - rule 'table: expanded positive constraint with two variables' was applied 1 time.
  - rule 'table: reduce variable domain' was applied 10 times.
  - rule 'table: reused literals' was applied 4 times.
  - rule 'variables with 2 values: create encoding literal' was applied 2 times.
  - rule 'variables with 2 values: new affine relation' was applied 3 times.
  - rule 'variables: add encoding constraint' was applied 30 times.
  - rule 'variables: detect fully reified value encoding' was applied 48 times.
  - rule 'variables: detect half reified value encoding' was applied 496 times.
  - rule 'variables: detected fully encoded domain' was applied 6 times.
  - rule 'variables: only used in value and order encodings' was applied 2 times.

Presolved optimization model '': (model_fingerprint: 0x498317293c9b3181)
#Variables: 7'579 (#ints: 1 in objective) (7'190 primary variables)
  - 6'994 Booleans in [0,1]
  - 84 in [0,2]
  - 454 in [0,3]
  - 13 in [0,4]
  - 5 in [0,5]
  - 7 in [0,6]
  - 3 in [0,7]
  - 6 in [0,9]
  - 2 in [0,10]
  - 1 in [0,11]
  - 1 in [0,13]
  - 1 in [0,16]
  - 2 in [0,17]
  - 1 in [0,43]
  - 1 in [0,45]
  - 1 in [0,46]
  - 1 in [0,300]
  - 1 in [1][3,4]
  - 1 in [5,6][9]
#kAtMostOne: 2'178 (#literals: 12'247)
#kBoolAnd: 411 (#enforced: 411) (#literals: 912)
#kBoolAndClauses: 189 (#enforced: 189 #multi: 189) (#literals: 7'328)
#kBoolOr: 3'813 (#literals: 550'204)
#kExactlyOne: 541 (#literals: 8'797)
#kLinear1: 412 (#enforced: 412)
#kLinear3: 50
#kLinearN: 687 (#enforced: 540 #multi: 51) (#terms: 16'720)
[Symmetry] Graph for symmetry has 22'199 nodes and 604'605 arcs.
[Symmetry] Symmetry computation done. time: 0.005326 dtime: 0.0331639
[Symmetry] #generators: 28, average support size: 2
[Symmetry] 28 orbits on 56 variables with sizes: 2,2,2,2,2,2,2,2,2,2,...
[Symmetry] Found orbitope of size 1 x 2

Preloading model.
#Bound   2.39s best:-inf  next:[-0,300]   initial_domain
The solution hint is incomplete: 2943 out of 7579 non fixed variables hinted.
#Model   2.40s var:7579/7579 constraints:8281/8281

Starting search at 2.40s with 3 workers.
2 full problem subsolvers: [default_lp, no_lp]
1 first solution subsolver: [fj]
9 interleaved subsolvers: [feasibility_pump, graph_arc_lns, graph_cst_lns, graph_dec_lns, graph_var_lns, ls, rins/rens, rnd_cst_lns, rnd_var_lns]
3 helper subsolvers: [neighborhood_helper, synchronization_agent, update_gap_integral]

#1       2.55s best:-0    next:[1,300]    no_lp [hint] (fixed_bools=0/7394)
INCUMBENT 0 3.640313244992285
#2       2.95s best:1     next:[2,300]    default_lp [hint] (fixed_bools=0/7394)
INCUMBENT 1 4.034478556000977
#3       3.02s best:109   next:[110,300]  rnd_var_lns (d=5.00e-01 s=5 t=0.10 p=0.00 stall=0 h=base)
INCUMBENT 109 4.103606222997769
#4       3.07s best:116   next:[117,300]  rnd_cst_lns (d=5.00e-01 s=6 t=0.10 p=0.00 stall=0 h=base) [hint]
INCUMBENT 116 4.153971829000511
#5       3.07s best:209   next:[210,300]  graph_var_lns (d=5.00e-01 s=7 t=0.10 p=0.00 stall=0 h=base) [hint]
INCUMBENT 209 4.161309312999947
#6       3.54s best:215   next:[216,300]  graph_var_lns (d=7.07e-01 s=14 t=0.10 p=1.00 stall=0 h=base)
INCUMBENT 215 4.631849087993032
#7      16.72s best:218   next:[219,300]  graph_arc_lns (d=8.25e-01 s=94 t=0.10 p=0.67 stall=6 h=base)
INCUMBENT 218 17.80813687200134

Task timing                   n [     min,      max]      avg      dev     time         n [     min,      max]      avg      dev    dtime
        'default_lp':         1 [  14.33s,   14.33s]   14.33s   0.00ns   14.33s         2 [286.30ms,    9.01s]    4.65s    4.36s    9.30s
  'feasibility_pump':         4 [ 50.44ms,    1.07s] 571.41ms 368.90ms    2.29s         3 [   1.85s,    2.92s]    2.49s 461.37ms    7.47s
                'fj':         1 [ 29.19ms,  29.19ms]  29.19ms   0.00ns  29.19ms         1 [100.30ms, 100.30ms] 100.30ms   0.00ns 100.30ms
     'graph_arc_lns':        11 [ 53.91ms, 337.32ms] 181.68ms  69.21ms    2.00s         7 [ 31.65ms, 101.35ms]  72.50ms  25.61ms 507.47ms
     'graph_cst_lns':         9 [ 45.48ms, 286.21ms] 206.09ms  79.54ms    1.85s         1 [ 18.74ms,  18.74ms]  18.74ms   0.00ns  18.74ms
     'graph_dec_lns':         9 [ 28.94ms, 333.83ms] 203.50ms 108.99ms    1.83s         3 [  8.91ms, 101.72ms]  58.59ms  38.17ms 175.78ms
     'graph_var_lns':        19 [  2.12ms, 356.45ms]  85.34ms  92.54ms    1.62s        11 [ 10.00ns, 101.20ms]  91.55ms  28.95ms    1.01s
                'ls':        19 [ 16.39ms,  38.85ms]  29.46ms   7.04ms 559.67ms        19 [100.11ms, 100.41ms] 100.23ms 114.69us    1.90s
             'no_lp':         1 [  14.32s,   14.32s]   14.32s   0.00ns   14.32s         2 [202.72ms,   22.84s]   11.52s   11.32s   23.04s
         'rins/rens':         0 [  0.00ns,   0.00ns]   0.00ns   0.00ns   0.00ns         0 [  0.00ns,   0.00ns]   0.00ns   0.00ns   0.00ns
       'rnd_cst_lns':         9 [ 50.21ms, 340.71ms] 222.38ms  87.85ms    2.00s         1 [ 16.48ms,  16.48ms]  16.48ms   0.00ns  16.48ms
       'rnd_var_lns':        12 [  5.93ms, 353.51ms] 177.96ms 134.23ms    2.14s         6 [  6.07ms, 100.10ms]  47.45ms  38.20ms 284.71ms

Search stats     Bools  Conflicts   Branches  Restarts  BacktrackToRoot  Backtrack  BoolPropag  IntegerPropag
  'default_lp':  7'395     14'409  1'886'306        42           52'757     72'846   4'065'115     10'382'415
       'no_lp':  7'394     61'927  3'362'278        77           73'790    140'394  33'076'844     67'796'975

SAT formula      Fixed  Equiv  Total  VarLeft  BinaryClauses  PermanentClauses  TemporaryClauses
  'default_lp':      0      0  7'395    7'395         31'168             4'542             7'578
       'no_lp':      0      0  7'394    7'394         31'108             4'682             6'858

SAT stats        ClassicMinim  LitRemoved  LitRemovedBinary  LitLearned  LitForgotten  Subsumed
  'default_lp':        10'412      79'219           202'377   3'268'424       968'681     2'629
       'no_lp':        30'373     222'599            79'379  13'438'375     7'371'390    15'526

Vivification     Clauses  Decisions  LitTrue  Subsumed  LitRemoved  DecisionReused  Conflicts
  'default_lp':   14'147  1'706'636        0       306       4'503           4'563         12
       'no_lp':   23'579  2'879'212        0       661      31'969           7'180         16

Clause deletion    at_true  l_and_not(l)  to_binary  sub_conflict  sub_extra  sub_decisions  sub_eager  sub_vivify  sub_probing  sub_inpro  blocked  eliminated  forgotten  promoted  conflicts
    'default_lp':        0             0          0         2'489         58              6        140         306          123          0        0           0      4'051    30'777     14'409
         'no_lp':        0             0          0        14'528      2'988          1'320        998         661          104          1        0           0     34'613   152'979     61'927

Lp stats         Component  Iterations  AddedCuts  OPTIMAL  DUAL_F.  DUAL_U.
  'default_lp':          2     103'908      3'607   17'769        4    9'188

Lp dimension        Final dimension of first component
  'default_lp':  536 rows, 3549 columns, 23608 entries

Lp debug         CutPropag  CutEqPropag  Adjust  Overflow     Bad  BadScaling
  'default_lp':          0          261   8'976         0  17'167           0

Lp pool          Constraints  Updates  Simplif  Merged  Shortened  Split  Strengthened    Cuts/Call
  'default_lp':        6'484    1'177        0       0          0      1             4  3'607/4'591

Lp Cut           default_lp
         CG_FF:         273
          CG_K:         243
         CG_KL:          72
          CG_R:         437
         CG_RB:          92
        CG_RBP:          52
            IB:       1'649
      MIR_1_FF:          70
       MIR_1_K:           6
      MIR_1_KL:          35
       MIR_1_R:          70
      MIR_1_RB:          20
      MIR_2_FF:          82
       MIR_2_K:          17
      MIR_2_KL:          38
       MIR_2_R:         127
      MIR_2_RB:          46
      MIR_3_FF:          29
       MIR_3_K:           8
      MIR_3_KL:           9
       MIR_3_R:          51
      MIR_3_RB:           9
      MIR_4_FF:           5
       MIR_4_K:           2
      MIR_4_KL:           1
       MIR_4_R:          21
      MIR_4_RB:           4
      MIR_5_FF:           6
       MIR_5_K:           1
      MIR_5_KL:           3
       MIR_5_R:          15
      MIR_5_RB:           4
      MIR_6_FF:           1
      MIR_6_KL:           1
       MIR_6_R:           9
      MIR_6_RB:           2
  ZERO_HALF_FF:          27
   ZERO_HALF_K:          13
  ZERO_HALF_KL:           5
   ZERO_HALF_R:          49
  ZERO_HALF_RB:           3

LNS stats           Improv/Calls  Closed  Difficulty  TimeLimit
  'graph_arc_lns':           1/7     71%    8.70e-01       0.10
  'graph_cst_lns':           0/1    100%    7.07e-01       0.10
  'graph_dec_lns':           0/4     75%    7.87e-01       0.10
  'graph_var_lns':          2/19     47%    4.60e-01       0.10
      'rins/rens':           0/0      0%    5.00e-01       0.10
    'rnd_cst_lns':           1/1    100%    7.07e-01       0.10
    'rnd_var_lns':           1/7     71%    8.13e-01       0.10

LS stats                                Batches  Restarts/Perturbs  LinMoves  GenMoves  CompoundMoves  Bactracks  WeightUpdates  ScoreComputed
               'fj_restart_decay_obj':        1                  1     8'702         0              0          0            213         55'402
                         'ls_restart':        1                  1     2'798         0              0          0            908         66'208
                'ls_restart_compound':        2                  2         0     1'522            104        705              7         87'041
        'ls_restart_compound_perturb':        4                  3         0     2'848             99      1'368              9        145'313
                   'ls_restart_decay':        3                  3    11'049         0              0          0            355        111'901
          'ls_restart_decay_compound':        3                  3         0     2'301            148      1'061              9        113'687
  'ls_restart_decay_compound_perturb':        2                  2         0     1'399             80        655              4         74'262
           'ls_restart_decay_perturb':        1                  1     3'333         0              0          0            113         29'938
                 'ls_restart_perturb':        3                  3     7'437         0              0          0          2'927        121'998

Solutions (7)       Num   Rank
     'default_lp':    2  [1,2]
  'graph_arc_lns':    2  [6,7]
  'graph_var_lns':    4  [4,6]
          'no_lp':    2  [0,1]
    'rnd_cst_lns':    2  [3,4]
    'rnd_var_lns':    2  [2,3]

Objective bounds     Num
  'initial_domain':    1

Solution repositories    Added  Queried  Synchro
    'alternative_path':      1        0        1
      'best_solutions':     11       87       10
   'fj solution hints':      0        0        0
        'lp solutions':      0        0        0
                'pump':      0        0

Improving bounds shared    Num  Sym
            'default_lp':    2    0
                 'no_lp':    3    0

Clauses shared    #Exported  #Imported  #BinaryRead  #BinaryTotal
   'default_lp':         35         85           38            38
        'no_lp':        126         27           38            38

LRAT_status: NA
CpSolverResponse summary:
status: FEASIBLE
objective: 218
best_bound: 300
integers: 7522
booleans: 7394
conflicts: 61927
branches: 3362278
propagations: 33076844
integer_propagations: 67796975
restarts: 77
lp_iterations: 0
walltime: 16.7357
usertime: 16.7357
deterministic_time: 48.6046
gap_integral: 197.618
solution_fingerprint: 0xdad491567accca85

{'S_branch': 185, 'J_branch': 1, 'script_sha256': '7ef43b13e571bdaaded42f75713738d60512c0b182ad7f39c7a058cb1111e435', 'build_seconds': 0.9835264409921365, 'model_sha256': 'f50ed67ba78ddd34a110666aa7a8dd919e2e8df19b3f1fe7d89f770332c22679', 'fixed_bodies': None, 'time_limit': 600.0, 'workers': 3, 'status': 'FEASIBLE', 'seconds': 17.82550988199364, 'upper': 300.0, 'stats': 'CpSolverResponse summary:\nstatus: FEASIBLE\nobjective: 218\nbest_bound: 300\nintegers: 7522\nbooleans: 7394\nconflicts: 61927\nbranches: 3362278\npropagations: 33076844\ninteger_propagations: 67796975\nrestarts: 77\nlp_iterations: 0\nwalltime: 16.7357\nusertime: 16.7357\ndeterministic_time: 48.6046\ngap_integral: 197.618\nsolution_fingerprint: 0xdad491567accca85\n', 'min_union': 218}
