BUILT {'S_branch': 187, 'J_branch': 0, 'script_sha256': '7ef43b13e571bdaaded42f75713738d60512c0b182ad7f39c7a058cb1111e435', 'build_seconds': 0.9473195900063729, 'model_sha256': '64b0aa7690e5b4ba082335fbeb01c0657b20214d4db52bd1fbbf002251989582', 'fixed_bodies': None, 'time_limit': 600.0, 'workers': 3}

Starting CP-SAT solver v9.15.6755
Parameters: random_seed: 75 max_time_in_seconds: 600 log_search_progress: true linearization_level: 2 num_search_workers: 3

Initial optimization model '': (model_fingerprint: 0xe494b29334307b98)
#Variables: 11'989 (#ints: 1 in objective) (8'970 primary variables)
  - 11'572 Booleans in [0,1]
  - 1 in [-4,16]
  - 1 in [-4,21]
  - 1 in [-4,48]
  - 1 in [-4,53]
  - 4 in [0,2]
  - 400 in [0,9]
  - 4 in [0,13]
  - 2 in [0,23]
  - 1 in [0,300]
  - 1 in [180,187]
  - 1 constants in {1} 
#kBoolOr: 96 (#enforced: 96) (#literals: 96)
#kLinear1: 1'507 (#enforced: 1'504)
#kLinear2: 798 (#enforced: 2 #multi: 2)
#kLinear3: 140 (#enforced: 3 #multi: 3)
#kLinearN: 9'136 (#enforced: 1'067 #multi: 267) (#terms: 931'386)
#kTable: 5

Starting presolve at 0.02s
The solution hint is incomplete: 3970 out of 11988 non fixed variables hinted.
  1.86e-02s  0.00e+00d  [DetectDominanceRelations] 
  1.40e-01s  0.00e+00d  [PresolveToFixPoint] #num_loops=4 #num_dual_strengthening=2 
  2.61e-04s  0.00e+00d  [ExtractEncodingFromLinear] #potential_supersets=3'506 #potential_subsets=2 
  1.60e-02s  0.00e+00d  [DetectDuplicateColumns] 
  4.44e-04s  0.00e+00d  [DetectDuplicateConstraints] #duplicates=2 
[Symmetry] Graph for symmetry has 30'423 nodes and 912'526 arcs.
[Symmetry] Symmetry computation done. time: 0.00847242 dtime: 0.0542853
[Symmetry] #generators: 9, average support size: 7.33333
[Symmetry] 29 orbits on 62 variables with sizes: 3,3,3,3,2,2,2,2,2,2,...
[Symmetry] Found orbitope of size 1 x 3
[SAT presolve] num removable Booleans: 0 / 8'829
[SAT presolve] num trivial clauses: 0
[SAT presolve] [0s] clauses:5'682 literals:802'944 vars:8'557 one_side_vars:8404 simple_definition:151 singleton_clauses:0
[SAT presolve] [0.000947461s] clauses:5'682 literals:802'944 vars:8'557 one_side_vars:8404 simple_definition:151 singleton_clauses:0
[SAT presolve] [0.00128728s] clauses:5'682 literals:802'944 vars:8'557 one_side_vars:8404 simple_definition:151 singleton_clauses:0
  3.83e-04s  0.00e+00d  [DetectDuplicateConstraintsWithDifferentEnforcements] 
  1.22e+00s  1.91e+00d *[Probe] #probed=23'582 #equiv=13 #new_binary_clauses=154'245 
  1.13e-02s  8.64e-02d  [MaxClique] Merged 3'329 constraints with 13'880 literals into 2'779 constraints with 12'795 literals
  1.88e-02s  0.00e+00d  [DetectDominanceRelations] 
  1.81e-02s  0.00e+00d  [DetectDominanceRelations] 
  6.19e-02s  0.00e+00d  [PresolveToFixPoint] #num_loops=3 #num_dual_strengthening=2 
  1.42e-02s  0.00e+00d  [ProcessAtMostOneAndLinear] #num_changes=505 
  3.28e-04s  0.00e+00d  [DetectDuplicateConstraints] #duplicates=11 
  2.63e-04s  0.00e+00d  [DetectDuplicateConstraintsWithDifferentEnforcements] 
  6.49e-04s  5.52e-04d  [DetectDominatedLinearConstraints] #relevant_constraints=788 #num_inclusions=2 
  1.45e-04s  0.00e+00d  [DetectDifferentVariables] 
  2.40e-02s  1.00e-01d  [ProcessSetPPC] #relevant_constraints=9'167 #num_inclusions=398'372 
  1.68e-03s  4.37e-03d  [TransformClausesToExactlyOne] #num_amos=2'939 #num_clauses=4'687 #num_checked=4'687 
  9.58e-04s  0.00e+00d  [DetectEncodedComplexDomains] 
  8.93e-05s  0.00e+00d  [FindAlmostIdenticalLinearConstraints] 
  5.55e-02s  2.23e-01d  [FindBigAtMostOneAndLinearOverlap] #blocks=20 #saved_nz=3'187 
  3.63e-02s  7.88e-02d  [FindBigVerticalLinearOverlap] #blocks=470 #saved_nz=27'052 
  4.98e-03s  3.38e-02d  [FindBigHorizontalLinearOverlap] #blocks=1 #saved_nz=267 #linears=937 
  1.20e-02s  3.96e-03d  [MergeClauses] #num_collisions=298 #num_merges=298 #num_saved_literals=2'876 
  1.89e-02s  0.00e+00d  [DetectDominanceRelations] 
  4.31e-02s  0.00e+00d  [PresolveToFixPoint] #num_loops=4 #num_dual_strengthening=2 
  1.90e-02s  0.00e+00d  [DetectDominanceRelations] 
  3.91e-02s  0.00e+00d  [PresolveToFixPoint] #num_loops=1 #num_dual_strengthening=1 
  1.32e-02s  0.00e+00d  [DetectDuplicateColumns] 
  4.30e-04s  0.00e+00d  [DetectDuplicateConstraints] #duplicates=8 
[Symmetry] Graph for symmetry has 30'452 nodes and 859'217 arcs.
[Symmetry] Symmetry computation done. time: 0.00800204 dtime: 0.0498633
[SAT presolve] num removable Booleans: 0 / 8'796
[SAT presolve] num trivial clauses: 0
[SAT presolve] [0s] clauses:5'089 literals:792'353 vars:8'246 one_side_vars:8112 simple_definition:134 singleton_clauses:0
[SAT presolve] [0.000915827s] clauses:5'089 literals:792'353 vars:8'246 one_side_vars:8112 simple_definition:134 singleton_clauses:0
[SAT presolve] [0.00124464s] clauses:5'089 literals:792'353 vars:8'246 one_side_vars:8112 simple_definition:134 singleton_clauses:0
  3.86e-04s  0.00e+00d  [DetectDuplicateConstraintsWithDifferentEnforcements] 
  6.08e-01s  1.48e+00d *[Probe] #probed=23'716 #new_bounds=37 #equiv=1 #new_binary_clauses=175'820 
  1.43e-02s  1.10e-01d  [MaxClique] Merged 2'932 constraints with 13'803 literals into 2'880 constraints with 13'728 literals
  1.93e-02s  0.00e+00d  [DetectDominanceRelations] 
  4.08e-02s  0.00e+00d  [PresolveToFixPoint] #num_loops=2 #num_dual_strengthening=1 
  3.52e-03s  0.00e+00d  [ProcessAtMostOneAndLinear] 
  4.06e-04s  0.00e+00d  [DetectDuplicateConstraints] #duplicates=1 
  3.23e-04s  0.00e+00d  [DetectDuplicateConstraintsWithDifferentEnforcements] 
  4.64e-04s  9.93e-05d  [DetectDominatedLinearConstraints] #relevant_constraints=1'091 #num_inclusions=2 
  1.54e-04s  0.00e+00d  [DetectDifferentVariables] 
  2.40e-02s  1.00e-01d  [ProcessSetPPC] #relevant_constraints=9'533 #num_inclusions=398'707 
  1.83e-03s  4.35e-03d  [TransformClausesToExactlyOne] #num_amos=2'973 #num_clauses=4'591 #num_checked=4'591 
  9.56e-04s  0.00e+00d  [DetectEncodedComplexDomains] 
  1.81e-04s  5.50e-08d  [FindAlmostIdenticalLinearConstraints] #num_tested_pairs=2 
  2.01e-02s  6.87e-02d  [FindBigAtMostOneAndLinearOverlap] #blocks=1 #saved_nz=158 
  1.07e-02s  5.01e-02d  [FindBigVerticalLinearOverlap] #blocks=10 #saved_nz=402 
  5.07e-03s  3.39e-02d  [FindBigHorizontalLinearOverlap] #blocks=1 #saved_nz=159 #linears=937 
  1.20e-02s  3.95e-03d  [MergeClauses] #num_collisions=254 #num_merges=254 #num_saved_literals=2'664 
  1.92e-02s  0.00e+00d  [DetectDominanceRelations] 
  4.01e-02s  0.00e+00d  [PresolveToFixPoint] #num_loops=2 #num_dual_strengthening=1 
  1.92e-02s  0.00e+00d  [DetectDominanceRelations] 
  3.92e-02s  0.00e+00d  [PresolveToFixPoint] #num_loops=1 #num_dual_strengthening=1 
  1.20e-02s  0.00e+00d  [DetectDuplicateColumns] 
  4.26e-04s  0.00e+00d  [DetectDuplicateConstraints] #duplicates=6 
[Symmetry] Graph for symmetry has 30'354 nodes and 858'145 arcs.
[Symmetry] Symmetry computation done. time: 0.00775808 dtime: 0.0497172
[SAT presolve] num removable Booleans: 0 / 8'800
[SAT presolve] num trivial clauses: 0
[SAT presolve] [0s] clauses:5'022 literals:791'851 vars:8'150 one_side_vars:8016 simple_definition:134 singleton_clauses:0
[SAT presolve] [0.000952933s] clauses:5'022 literals:791'851 vars:8'150 one_side_vars:8016 simple_definition:134 singleton_clauses:0
[SAT presolve] [0.0012865s] clauses:5'022 literals:791'851 vars:8'150 one_side_vars:8016 simple_definition:134 singleton_clauses:0
  4.40e-04s  0.00e+00d  [DetectDuplicateConstraintsWithDifferentEnforcements] 
  5.92e-01s  1.47e+00d *[Probe] #probed=23'738 #new_bounds=3 #new_binary_clauses=159'988 
  1.45e-02s  1.11e-01d  [MaxClique] Merged 2'971 constraints with 13'918 literals into 2'879 constraints with 13'826 literals
  1.93e-02s  0.00e+00d  [DetectDominanceRelations] 
  3.99e-02s  0.00e+00d  [PresolveToFixPoint] #num_loops=2 #num_dual_strengthening=1 
  3.39e-03s  0.00e+00d  [ProcessAtMostOneAndLinear] 
  3.56e-04s  0.00e+00d  [DetectDuplicateConstraints] 
  3.07e-04s  0.00e+00d  [DetectDuplicateConstraintsWithDifferentEnforcements] 
  4.67e-04s  9.59e-05d  [DetectDominatedLinearConstraints] #relevant_constraints=1'101 #num_inclusions=1 
  1.75e-04s  0.00e+00d  [DetectDifferentVariables] 
  2.43e-02s  1.00e-01d  [ProcessSetPPC] #relevant_constraints=9'452 #num_inclusions=398'705 
  1.83e-03s  4.37e-03d  [TransformClausesToExactlyOne] #num_amos=2'969 #num_clauses=4'503 #num_checked=4'503 
  1.04e-03s  0.00e+00d  [DetectEncodedComplexDomains] 
  2.49e-04s  2.50e-08d  [FindAlmostIdenticalLinearConstraints] #num_tested_pairs=1 
  1.96e-02s  6.68e-02d  [FindBigAtMostOneAndLinearOverlap] 
  1.06e-02s  4.92e-02d  [FindBigVerticalLinearOverlap] #blocks=8 #saved_nz=324 
  5.08e-03s  3.43e-02d  [FindBigHorizontalLinearOverlap] #blocks=1 #saved_nz=104 #linears=942 
  1.19e-02s  3.95e-03d  [MergeClauses] #num_collisions=210 #num_merges=210 #num_saved_literals=2'532 
  1.92e-02s  0.00e+00d  [DetectDominanceRelations] 
  3.99e-02s  0.00e+00d  [PresolveToFixPoint] #num_loops=2 #num_dual_strengthening=1 
  1.08e-04s  0.00e+00d  [MergeNoOverlap] 
  1.01e-04s  0.00e+00d  [MergeNoOverlap2D] 
  2.60e-03s  0.00e+00d  [ExpandObjective] #entries=580'614 #tight_variables=19'321 #tight_constraints=1'400 

Presolve summary:
  - 25 affine relations were detected.
  - rule 'TODO dual: add implied bound' was applied 4'800 times.
  - rule 'TODO dual: only one blocking constraint?' was applied 99'338 times.
  - rule 'TODO dual: only one blocking enforced constraint?' was applied 7'882 times.
  - rule 'TODO dual: only one unspecified blocking constraint?' was applied 12 times.
  - rule 'TODO linear inclusion: superset is equality' was applied 2 times.
  - rule 'TODO linear matrix: reuse defining constraint' was applied 1 time.
  - rule 'TODO linear1: appear in only one extra 2-var constraint' was applied 4 times.
  - rule 'affine: new relation' was applied 25 times.
  - rule 'at_most_one: empty or all false' was applied 2 times.
  - rule 'at_most_one: removed literals' was applied 122 times.
  - rule 'at_most_one: resolved two constraints with opposite literal' was applied 121 times.
  - rule 'at_most_one: size one' was applied 2 times.
  - rule 'at_most_one: transformed into max clique' was applied 3 times.
  - rule 'bool_and: x => x' was applied 2 times.
  - rule 'bool_or: always true' was applied 138 times.
  - rule 'bool_or: fixed literals' was applied 930 times.
  - rule 'bool_or: implications' was applied 1'126 times.
  - rule 'bool_or: removed enforcement literal' was applied 400 times.
  - rule 'deductions: 1668 stored' was applied 1 time.
  - rule 'domination: in at most one' was applied 44 times.
  - rule 'domination: in exactly one' was applied 2 times.
  - rule 'dual: add implication' was applied 22 times.
  - rule 'dual: enforced equivalence' was applied 2 times.
  - rule 'dual: fix variable' was applied 6 times.
  - rule 'dual: make encoding equiv' was applied 192 times.
  - rule 'duplicate: removed constraint' was applied 28 times.
  - rule 'enforcement: literal not used' was applied 6 times.
  - rule 'enforcement: removed duplicate literal' was applied 2 times.
  - rule 'enforcement: true literal' was applied 48 times.
  - rule 'exactly_one: removed literals' was applied 203 times.
  - rule 'exactly_one: singleton' was applied 14 times.
  - rule 'exactly_one: size one' was applied 84 times.
  - rule 'exactly_one: size two' was applied 4 times.
  - rule 'linear + amo: fixed literal implied by enforcement' was applied 505 times.
  - rule 'linear + amo: infeasible enforcement' was applied 4 times.
  - rule 'linear + amo: trivial linear constraint' was applied 2 times.
  - rule 'linear matrix: common amo rectangle' was applied 21 times.
  - rule 'linear matrix: common horizontal rectangle' was applied 3 times.
  - rule 'linear matrix: common vertical rectangle' was applied 488 times.
  - rule 'linear1: always true' was applied 1 time.
  - rule 'linear1: x in domain' was applied 1 time.
  - rule 'linear2: convert ax + by != cte to clauses' was applied 834 times.
  - rule 'linear: always true' was applied 22 times.
  - rule 'linear: divide by GCD' was applied 2 times.
  - rule 'linear: empty' was applied 1 time.
  - rule 'linear: extracted at most one (max)' was applied 1 time.
  - rule 'linear: extracted enforcement literal' was applied 165 times.
  - rule 'linear: fixed or dup variables' was applied 1'056 times.
  - rule 'linear: negative clause' was applied 777 times.
  - rule 'linear: negative reified and' was applied 2 times.
  - rule 'linear: positive at most one' was applied 2'480 times.
  - rule 'linear: positive clause' was applied 4'048 times.
  - rule 'linear: positive equal one' was applied 1'264 times.
  - rule 'linear: reduced variable domains' was applied 11 times.
  - rule 'linear: reduced variable domains in derived constraint' was applied 2 times.
  - rule 'linear: remapped using affine relations' was applied 99 times.
  - rule 'linear: simplified rhs' was applied 44 times.
  - rule 'linear: singleton column' was applied 2'522 times.
  - rule 'linear: variable substitution 2' was applied 8 times.
  - rule 'linear: variable substitution 3' was applied 2 times.
  - rule 'new_bool: integer encoding' was applied 24 times.
  - rule 'new_bool: table expansion' was applied 6 times.
  - rule 'new_bool: var with 2 values' was applied 3 times.
  - rule 'new_bool: with clause' was applied 21 times.
  - rule 'presolve: 324 unused variables removed.' was applied 1 time.
  - rule 'presolve: iteration' was applied 3 times.
  - rule 'probing: bool_or reduced to implication' was applied 332 times.
  - rule 'probing: simplified clauses' was applied 400 times.
  - rule 'setppc: removed dominated constraints' was applied 5 times.
  - rule 'table: all tuples!' was applied 1 time.
  - rule 'table: compress tuples' was applied 2 times.
  - rule 'table: expanded positive constraint' was applied 2 times.
  - rule 'table: expanded positive constraint with two variables' was applied 2 times.
  - rule 'table: reduce variable domain' was applied 14 times.
  - rule 'table: remove expressions' was applied 3 times.
  - rule 'table: remove tuples' was applied 2 times.
  - rule 'table: reused literals' was applied 2 times.
  - rule 'variables with 2 values: create encoding literal' was applied 3 times.
  - rule 'variables with 2 values: new affine relation' was applied 3 times.
  - rule 'variables: add encoding constraint' was applied 24 times.
  - rule 'variables: detect fully reified value encoding' was applied 48 times.
  - rule 'variables: detect half reified value encoding' was applied 496 times.
  - rule 'variables: only used in value and order encodings' was applied 2 times.

Presolved optimization model '': (model_fingerprint: 0x6c02ec854d7c25aa)
#Variables: 9'522 (#ints: 1 in objective) (8'746 primary variables)
  - 8'789 Booleans in [0,1]
  - 1 in [0][5][7][10,12]
  - 1 in [0][6][8][10,12]
  - 188 in [0,2]
  - 85 in [0,3]
  - 9 in [0,4]
  - 12 in [0,5]
  - 4 in [0,6]
  - 7 in [0,7]
  - 2 in [0,8]
  - 405 in [0,9]
  - 5 in [0,10]
  - 1 in [0,12]
  - 2 in [0,13]
  - 2 in [0,14]
  - 1 in [0,16]
  - 1 in [0,18]
  - 1 in [0,20]
  - 1 in [0,21]
  - 1 in [0,39]
  - 1 in [0,46]
  - 1 in [0,300]
  - 1 in [1,3]
  - 1 in [7,9]
#kAtMostOne: 2'624 (#literals: 13'316)
#kBoolAnd: 278 (#enforced: 278) (#literals: 625)
#kBoolAndClauses: 206 (#enforced: 206 #multi: 206) (#literals: 2'938)
#kBoolOr: 4'087 (#literals: 785'167)
#kExactlyOne: 1'071 (#literals: 18'901)
#kLinear1: 448 (#enforced: 448)
#kLinear2: 2
#kLinear3: 84
#kLinearN: 1'023 (#enforced: 766 #multi: 256) (#terms: 26'065)
[Symmetry] Graph for symmetry has 27'399 nodes and 857'580 arcs.
[Symmetry] Symmetry computation done. time: 0.00793724 dtime: 0.0494534

Preloading model.
#Bound   3.54s best:-inf  next:[-0,300]   initial_domain
The solution hint is incomplete: 4301 out of 9522 non fixed variables hinted.
#Model   3.55s var:9522/9522 constraints:9823/9823

Starting search at 3.55s with 3 workers.
2 full problem subsolvers: [default_lp, no_lp]
1 first solution subsolver: [fj]
9 interleaved subsolvers: [feasibility_pump, graph_arc_lns, graph_cst_lns, graph_dec_lns, graph_var_lns, ls, rins/rens, rnd_cst_lns, rnd_var_lns]
3 helper subsolvers: [neighborhood_helper, synchronization_agent, update_gap_integral]

#Model  55.45s var:9521/9522 constraints:9821/9823
#Model  57.75s var:9520/9522 constraints:9819/9823
#Model  58.82s var:9519/9522 constraints:9817/9823
#Model  59.12s var:9518/9522 constraints:9815/9823
#Model 393.73s var:9515/9522 constraints:9809/9823 compo:9514,1

Task timing                   n [     min,      max]      avg      dev     time         n [     min,      max]      avg      dev    dtime
        'default_lp':         1 [   9.94m,    9.94m]    9.94m   0.00ns    9.94m         2 [648.81ms,    8.67m]    4.34m    4.33m    8.68m
  'feasibility_pump':       136 [ 66.30ms,    5.52s]    3.21s    1.32s    7.28m       135 [   2.23s,    8.29s]    6.83s    1.10s   15.38m
                'fj':      4344 [ 18.69ms,  68.45ms]  36.65ms   7.90ms    2.65m      4344 [100.01ms, 104.73ms] 100.29ms 402.96us    7.26m
     'graph_arc_lns':         0 [  0.00ns,   0.00ns]   0.00ns   0.00ns   0.00ns         0 [  0.00ns,   0.00ns]   0.00ns   0.00ns   0.00ns
     'graph_cst_lns':         0 [  0.00ns,   0.00ns]   0.00ns   0.00ns   0.00ns         0 [  0.00ns,   0.00ns]   0.00ns   0.00ns   0.00ns
     'graph_dec_lns':         0 [  0.00ns,   0.00ns]   0.00ns   0.00ns   0.00ns         0 [  0.00ns,   0.00ns]   0.00ns   0.00ns   0.00ns
     'graph_var_lns':         0 [  0.00ns,   0.00ns]   0.00ns   0.00ns   0.00ns         0 [  0.00ns,   0.00ns]   0.00ns   0.00ns   0.00ns
                'ls':         0 [  0.00ns,   0.00ns]   0.00ns   0.00ns   0.00ns         0 [  0.00ns,   0.00ns]   0.00ns   0.00ns   0.00ns
             'no_lp':         1 [   9.94m,    9.94m]    9.94m   0.00ns    9.94m         2 [549.81ms,   14.24m]    7.13m    7.12m   14.25m
         'rins/rens':         0 [  0.00ns,   0.00ns]   0.00ns   0.00ns   0.00ns         0 [  0.00ns,   0.00ns]   0.00ns   0.00ns   0.00ns
       'rnd_cst_lns':         0 [  0.00ns,   0.00ns]   0.00ns   0.00ns   0.00ns         0 [  0.00ns,   0.00ns]   0.00ns   0.00ns   0.00ns
       'rnd_var_lns':         0 [  0.00ns,   0.00ns]   0.00ns   0.00ns   0.00ns         0 [  0.00ns,   0.00ns]   0.00ns   0.00ns   0.00ns

Search stats     Bools  Conflicts    Branches  Restarts  BacktrackToRoot   Backtrack     BoolPropag  IntegerPropag
  'default_lp':  9'197    180'750  28'993'762       558          977'957   1'391'896    161'497'667    255'681'851
       'no_lp':  9'195  8'615'237  77'150'243    21'723        1'675'130  10'491'063  1'604'206'112  1'750'040'587

SAT formula      Fixed  Equiv  Total  VarLeft  BinaryClauses  PermanentClauses  TemporaryClauses
  'default_lp':      7      2  9'197    9'188        122'214             6'657            12'329
       'no_lp':      7      2  9'195    9'186        122'076             6'502             9'591

SAT stats        ClassicMinim   LitRemoved  LitRemovedBinary     LitLearned  LitForgotten   Subsumed
  'default_lp':       127'781      844'602         5'430'393     24'386'650    18'959'128     20'587
       'no_lp':     7'721'931  257'182'770       187'970'078  1'785'209'147   738'543'000  4'842'211

Vivification     Clauses   Decisions  LitTrue  Subsumed  LitRemoved  DecisionReused  Conflicts
  'default_lp':  220'724  27'479'513        1     6'549      58'163          96'178        433
       'no_lp':  413'162  55'462'898        1     5'268      59'879         188'208        767

Clause deletion    at_true  l_and_not(l)  to_binary  sub_conflict  sub_extra  sub_decisions  sub_eager  sub_vivify  sub_probing  sub_inpro  blocked  eliminated  forgotten    promoted  conflicts
    'default_lp':        6             1          0        19'746        678            182        841       6'549           99        126        0           0    140'579     371'012    180'750
         'no_lp':      342             0          2     4'700'004     30'186        162'500    142'207       5'268          106        105        0           0  3'566'809  17'315'071  8'615'237

Lp stats         Component  Iterations  AddedCuts  OPTIMAL  DUAL_F.  DUAL_U.
  'default_lp':          2   1'812'286     69'251  147'645        1  148'993

Lp dimension         Final dimension of first component
  'default_lp':  1540 rows, 5241 columns, 48187 entries

Lp debug         CutPropag  CutEqPropag   Adjust  Overflow      Bad  BadScaling
  'default_lp':         17        1'920  148'697         0  358'624           0

Lp pool          Constraints  Updates  Simplif  Merged  Shortened  Split  Strengthened       Cuts/Call
  'default_lp':       13'180   14'123    2'243      68      2'336    624           331  69'251/133'697

Lp Cut           default_lp
         CG_FF:       5'092
          CG_K:       4'560
         CG_KL:         852
          CG_R:       6'324
         CG_RB:       1'292
        CG_RBP:         492
            IB:      36'956
      MIR_1_FF:         803
       MIR_1_K:         176
      MIR_1_KL:         362
       MIR_1_R:         897
      MIR_1_RB:          66
     MIR_1_RBP:          14
      MIR_2_FF:       1'357
       MIR_2_K:         307
      MIR_2_KL:         548
       MIR_2_R:       2'310
      MIR_2_RB:         168
     MIR_2_RBP:          47
      MIR_3_FF:         836
       MIR_3_K:         212
      MIR_3_KL:         329
       MIR_3_R:       1'085
      MIR_3_RB:         116
     MIR_3_RBP:          24
      MIR_4_FF:         498
       MIR_4_K:         107
      MIR_4_KL:         192
       MIR_4_R:         714
      MIR_4_RB:          77
     MIR_4_RBP:          16
      MIR_5_FF:         255
       MIR_5_K:          58
      MIR_5_KL:          80
       MIR_5_R:         416
      MIR_5_RB:          43
     MIR_5_RBP:          16
      MIR_6_FF:         157
       MIR_6_K:          54
      MIR_6_KL:          37
       MIR_6_R:         280
      MIR_6_RB:          36
     MIR_6_RBP:           8
  ZERO_HALF_FF:         372
   ZERO_HALF_K:          28
  ZERO_HALF_KL:          53
   ZERO_HALF_R:         519
  ZERO_HALF_RB:          10

LNS stats           Improv/Calls  Closed  Difficulty  TimeLimit
  'graph_arc_lns':           0/0      0%    5.00e-01       0.10
  'graph_cst_lns':           0/0      0%    5.00e-01       0.10
  'graph_dec_lns':           0/0      0%    5.00e-01       0.10
  'graph_var_lns':           0/0      0%    5.00e-01       0.10
      'rins/rens':           0/0      0%    5.00e-01       0.10
    'rnd_cst_lns':           0/0      0%    5.00e-01       0.10
    'rnd_var_lns':           0/0      0%    5.00e-01       0.10

LS stats                                    Batches  Restarts/Perturbs   LinMoves   GenMoves  CompoundMoves  Bactracks  WeightUpdates  ScoreComputed
                             'fj_restart':      160                 74  2'753'892          0              0          0        162'565     13'499'566
                    'fj_restart_compound':      299                 75          0    833'252        141'664    345'500          1'071     27'609'028
                'fj_restart_compound_obj':      313                 76          0    731'186        177'664    276'480            555     24'701'342
            'fj_restart_compound_perturb':      231                 59          0    596'637        121'294    237'480            564     21'609'690
        'fj_restart_compound_perturb_obj':      441                 65          0  1'072'590        195'446    438'280            856     35'979'456
                       'fj_restart_decay':      330                 57  2'794'573          0              0          0         42'936     14'960'308
              'fj_restart_decay_compound':      218                 52          0    589'425        132'406    228'328            445     19'112'136
          'fj_restart_decay_compound_obj':      459                 70          0    885'146        220'706    331'891            402     34'439'792
      'fj_restart_decay_compound_perturb':      126                 61          0    348'187        100'040    123'884            225     11'516'162
  'fj_restart_decay_compound_perturb_obj':      249                 75          0    517'916        194'661    161'388            188     17'810'555
                   'fj_restart_decay_obj':      467                 68  2'941'411          0              0          0         33'929     15'723'454
               'fj_restart_decay_perturb':      156                 59  1'327'444          0              0          0         18'900      7'172'015
           'fj_restart_decay_perturb_obj':      239                 60  1'725'154          0              0          0         19'886      9'318'323
                         'fj_restart_obj':      237                 73  3'891'491          0              0          0        228'987     19'651'205
                     'fj_restart_perturb':      132                 62  2'261'539          0              0          0        129'590     10'961'885
                 'fj_restart_perturb_obj':      287                 70  5'240'122          0              0          0        341'552     25'569'524

Objective bounds     Num
  'initial_domain':    1

Solution repositories    Added  Queried  Synchro
    'alternative_path':      0        0        0
      'best_solutions':      0        0        0
   'fj solution hints':  1'048        0    1'048
        'lp solutions':      0        0        0
                'pump':      0        0

Improving bounds shared    Num  Sym
            'default_lp':   27    0
                 'no_lp':   18    0

Clauses shared    #Exported  #Imported  #BinaryRead  #BinaryTotal
   'default_lp':      3'257      1'603        2'085         2'085
        'no_lp':      3'368      2'872        2'085         2'085

LRAT_status: NA
CpSolverResponse summary:
status: UNKNOWN
objective: -0
best_bound: 300
integers: 9345
booleans: 9197
conflicts: 180750
branches: 28993762
propagations: 161497667
integer_propagations: 255681851
restarts: 558
lp_iterations: 1812286
walltime: 600.011
usertime: 600.011
deterministic_time: 2740.17
gap_integral: 15603.5

{'S_branch': 187, 'J_branch': 0, 'script_sha256': '7ef43b13e571bdaaded42f75713738d60512c0b182ad7f39c7a058cb1111e435', 'build_seconds': 0.9473195900063729, 'model_sha256': '64b0aa7690e5b4ba082335fbeb01c0657b20214d4db52bd1fbbf002251989582', 'fixed_bodies': None, 'time_limit': 600.0, 'workers': 3, 'status': 'UNKNOWN', 'seconds': 601.0620889660058, 'upper': 300.0, 'stats': 'CpSolverResponse summary:\nstatus: UNKNOWN\nobjective: -0\nbest_bound: 300\nintegers: 9345\nbooleans: 9197\nconflicts: 180750\nbranches: 28993762\npropagations: 161497667\ninteger_propagations: 255681851\nrestarts: 558\nlp_iterations: 1812286\nwalltime: 600.011\nusertime: 600.011\ndeterministic_time: 2740.17\ngap_integral: 15603.5\n'}
