{
  "摘要": {
    "机器数": 219,
    "机器面积": 3325,
    "计划逻辑通道数": 315,
    "机型台数": {
      "粉碎机": 69,
      "精炼炉": 51,
      "研磨机": 32,
      "塑形机": 6,
      "配件机": 6,
      "种植机": 32,
      "采种机": 17,
      "封装机": 3,
      "灌装机": 3
    },
    "分型机器存取通道": {
      "粉碎机": [
        69,
        96
      ],
      "精炼炉": [
        51,
        51
      ],
      "研磨机": [
        96,
        32
      ],
      "塑形机": [
        11,
        6
      ],
      "配件机": [
        6,
        6
      ],
      "种植机": [
        32,
        34
      ],
      "采种机": [
        17,
        32
      ],
      "封装机": [
        15,
        3
      ],
      "灌装机": [
        12,
        3
      ]
    },
    "制造机存通道": 309,
    "制造机取通道": 263,
    "矿石来源数": 52,
    "矿石来源件每tick": {
      "源矿": "18",
      "蓝铁矿": "34"
    },
    "成品入核心通道": 6,
    "S": 315,
    "R": 315,
    "研磨至少3存口台数": 31,
    "塑形至少2存口台数": 5,
    "封装各存口数": [
      5,
      5,
      5
    ],
    "灌装各存口数": [
      4,
      4,
      4
    ],
    "K+3B+2C": 6,
    "扇出分类": {
      "满速扇出定则型": 30,
      "两者都不落": 1,
      "轮询均分型": 2
    },
    "多料机数": 38,
    "物料总流量": "6113/20",
    "成品产率": {
      "精选荞愈胶囊": "11/20",
      "高容谷地电池": "3/5"
    },
    "说明": "S/R仅为每条原始逻辑送料记录两端各占独立实体通道且无箱路径拆段的计划计数，未证几何或运行。"
  },
  "对照项数": 4410,
  "错误数": 0
}
