《明日方舟：终末地》游戏规则.txt
候选约束.txt
求解任务.txt
Cargo.lock
Cargo.toml
Cargo.toml
README.md
benchmark.json
prior-regression-results.json
regression-results.json
age-overflow.log
all-progress2.log
audit-results.json
audit.log
baseline-binary.json
baseline.json
benchmark-after.json
benchmark-after.log
benchmark-after2.json
benchmark-after2.log
benchmark-before.json
benchmark-before.log
benchmark-final.json
benchmark-final.log
benchmark-legacy.json
build.log
cache-final.log
cargo-test.log
clippy.log
dense-cycle.log
dense-manufacturing-audit.json
dense-manufacturing-audit.log
dense-manufacturing-results.json
dense-manufacturing.log
dense-seed.log
initial-tests.log
invalid-cycle-input.json
invalid-cycle-result.json
new-tests.log
polling-six-orders.json
polling-variants.log
progress-all.log
protected-baseline.json
provenance-regression.log
record-validation.json
regeneration.json
regeneration.log
release-build-after.log
release-build-after2.log
release-build-before.log
release-build.log
relocated-seed.json
resource-statistics.json
scenarios.log
unit-progress.log
verify-outputs.log
交付清单.json
交付结果.json
实施与验证.md
范围审计.json
cache.rs
catalog.rs
config.rs
cycle.rs
engine.rs
event_identity.rs
input.rs
interfaces.rs
ledger.rs
lib.rs
main.rs
model.rs
output.rs
polling.rs
seed.rs
tests.rs
tests_revision.rs
tests_revision_r2.rs
tests_round5.rs
transition.rs
value.rs
warehouse.rs
audit_dense_round5.py
audit_round5.py
benchmark_round5.py
build_fixtures.py
coverage_audit.py
dense_cycle_round5.py
dense_manufacturing_round5.py
dense_seed_round5.py
final_audit.py
final_audit_round5.py
finalize_round5.py
benchmark_1000.json
benchmark_brick.json
benchmark_brick_60.json
benchmark_candidate_b.json
bridge.json
core_inbound.json
priority.json
revision_r2_branch_cut.json
revision_r2_phase_control.json
migrate_round5.py
reference.rs
revision_audit.py
revision_cli.py
revision_cli.rs
revision_r2_audit.py
revision_r2_cli.py
revision_r2_cli.rs
round5_cli.rs
round5_scenarios.py
variants_round5.py
verify_outputs.py
修订记录.md
check_examples.py
check_golden_trace.py
check_port_meeting.py
check_splitter_trace.py
checkpoint_delta.py
event_order.py
generate_examples.py
kernel_profile_v1参数赋值.json
ledger_reference.py
polling_reference.py
runtime_example.py
runtime_record.py
test_round4.py
test_runtime_input.py
传输拒收与暂停核验-运行记录-v3-kernel.json
传输拒收与暂停核验.json
分流器三路轮询-参数赋值.json
分流器三路轮询-运行记录-checkpoint_delta-v3-kernel.json
分流器三路轮询-运行记录-v3-kernel.json
分流器三路轮询-运行记录-v3.json
分流器三路轮询.json
密集制造闭环基础.json
密集制造闭环序0核验-周期证书-kernel.json
密集制造闭环序0核验-运行记录-v3-kernel.json
密集制造闭环序0核验.json
密集制造闭环序1核验-周期证书-kernel.json
密集制造闭环序1核验-运行记录-v3-kernel.json
密集制造闭环序1核验.json
密集制造闭环序2核验-周期证书-kernel.json
密集制造闭环序2核验-运行记录-v3-kernel.json
密集制造闭环序2核验.json
密集制造闭环序3核验-周期证书-kernel.json
密集制造闭环序3核验-运行记录-v3-kernel.json
密集制造闭环序3核验.json
密集制造闭环序4核验-周期证书-kernel.json
密集制造闭环序4核验-运行记录-v3-kernel.json
密集制造闭环序4核验.json
密集制造闭环序5核验-周期证书-kernel.json
密集制造闭环序5核验-运行记录-v3-kernel.json
密集制造闭环序5核验.json
密集结点循环种子核验-周期证书-kernel.json
密集结点循环种子核验-运行记录-v3-kernel.json
密集结点循环种子核验.json
密集结点核验-周期证书-kernel.json
密集结点核验-运行记录-v3-kernel.json
密集结点核验.json
密集结点闭环核验-周期证书-kernel.json
密集结点闭环核验-运行记录-v3-kernel.json
密集结点闭环核验.json
桥接器双通路-运行记录-v3-kernel.json
桥接器双通路.json
混做粉碎机两下游-运行记录-checkpoint_delta-v3-kernel.json
混做粉碎机两下游-运行记录-v3-kernel.json
混做粉碎机两下游-运行记录-v3.json
混做粉碎机两下游.json
生产循环环带-周期证书-kernel.json
生产循环环带-运行记录-v3-kernel.json
生产循环环带.json
研磨混做核验-运行记录-v3-kernel.json
研磨混做核验.json
第五轮样例说明-kernel.md
轮询均分序0核验-运行记录-v3-kernel.json
轮询均分序0核验.json
轮询均分序1核验-运行记录-v3-kernel.json
轮询均分序1核验.json
轮询均分序2核验-运行记录-v3-kernel.json
轮询均分序2核验.json
轮询均分序3核验-运行记录-v3-kernel.json
轮询均分序3核验.json
轮询均分序4核验-运行记录-v3-kernel.json
轮询均分序4核验.json
轮询均分序5核验-运行记录-v3-kernel.json
轮询均分序5核验.json
轮询均分核验-运行记录-v3-kernel.json
轮询均分核验.json
阻尼切支恢复核验-运行记录-v3-kernel.json
阻尼切支恢复核验.json
阻尼连续带核验-运行记录-v3-kernel.json
阻尼连续带核验.json
正式静态目录.json
check_revision.py
修订记录.md
内核实现-对规格的疑问.md
内核输入-修订记录.md
内核输入.md
内核输出.md
内核输出.schema.json
内核配置-v1.json
参数轴-对内核输入请求的答复.md
受限模型声明.md
受限转移定义.md
四件前置义务对照.md
对内核的修改请求.md
普遍审查场景.md
check_round5.py
StateSeed字段清点.json
check_round8.py
schema生成.log
交付清单.json
交付自审.json
修订论证.md
停止条件复算.json
回矿容量复算.json
字段名复算.json
开工指纹.json
提升容量卡点.json
本轮自查.log
本轮自查结果.json
活动内核来源.json
第五轮自查.log
自查报告.md
自查结果.json
规格自查.log
轮询均分局部推演.json
辖域扫描.json
第四轮前置-疑问记录.md
规则覆盖表.md
运行语义.md
选择点参数轴.md
选择点清单.md
求解约束.txt
{"files": 236, "bytes": 2186197753, "mismatches": [], "scan_flags": 62}
