{"gap_left": 0, "gap_bottom": 0, "sources": [[1, 2], [1, 5], [1, 8], [2, 1], [5, 1], [8, 1]], "budget": 4, "option_counts": [15, 29, 35, 15, 29, 35], "nodes": 24, "deadends": 20, "status": "INFEASIBLE", "witness": null, "seconds": 6.757899973308668e-05}
{"gap_left": 3, "gap_bottom": 0, "sources": [[1, 1], [1, 5], [1, 8], [2, 1], [5, 1], [8, 1]], "budget": 4, "option_counts": [11, 30, 36, 16, 30, 35], "nodes": 25, "deadends": 20, "status": "INFEASIBLE", "witness": null, "seconds": 5.989300552755594e-05}
{"gap_left": 6, "gap_bottom": 0, "sources": [[1, 1], [1, 4], [1, 8], [2, 1], [5, 1], [8, 1]], "budget": 4, "option_counts": [11, 26, 36, 16, 29, 35], "nodes": 18, "deadends": 14, "status": "INFEASIBLE", "witness": null, "seconds": 3.998399915872142e-05}
{"gap_left": 9, "gap_bottom": 0, "sources": [[1, 1], [1, 4], [1, 7], [2, 1], [5, 1], [8, 1]], "budget": 4, "option_counts": [10, 26, 35, 15, 29, 35], "nodes": 12, "deadends": 10, "status": "INFEASIBLE", "witness": null, "seconds": 2.849100565072149e-05}
{"gap_left": 12, "gap_bottom": 0, "sources": [[1, 1], [1, 4], [1, 7], [2, 1], [5, 1], [8, 1]], "budget": 4, "option_counts": [10, 25, 35, 15, 29, 35], "nodes": 11, "deadends": 10, "status": "INFEASIBLE", "witness": null, "seconds": 2.4875997041817755e-05}
{"gap_left": 15, "gap_bottom": 0, "sources": [[1, 1], [1, 4], [1, 7], [2, 1], [5, 1], [8, 1]], "budget": 4, "option_counts": [10, 25, 34, 15, 29, 35], "nodes": 11, "deadends": 10, "status": "INFEASIBLE", "witness": null, "seconds": 2.505999873392284e-05}
{"gap_left": 18, "gap_bottom": 0, "sources": [[1, 1], [1, 4], [1, 7], [2, 1], [5, 1], [8, 1]], "budget": 4, "option_counts": [10, 25, 34, 15, 29, 35], "nodes": 11, "deadends": 10, "status": "INFEASIBLE", "witness": null, "seconds": 2.6144000003114343e-05}
{"gap_left": 21, "gap_bottom": 0, "sources": [[1, 1], [1, 4], [1, 7], [2, 1], [5, 1], [8, 1]], "budget": 4, "option_counts": [10, 25, 34, 15, 29, 35], "nodes": 11, "deadends": 10, "status": "INFEASIBLE", "witness": null, "seconds": 2.6648995117284358e-05}
{"gap_left": 24, "gap_bottom": 0, "sources": [[1, 1], [1, 4], [1, 7], [2, 1], [5, 1], [8, 1]], "budget": 4, "option_counts": [10, 25, 34, 15, 29, 35], "nodes": 11, "deadends": 10, "status": "INFEASIBLE", "witness": null, "seconds": 2.5645000278018415e-05}
{"gap_left": 27, "gap_bottom": 0, "sources": [[1, 1], [1, 4], [1, 7], [2, 1], [5, 1], [8, 1]], "budget": 4, "option_counts": [10, 25, 34, 15, 29, 35], "nodes": 11, "deadends": 10, "status": "INFEASIBLE", "witness": null, "seconds": 2.4728004063945264e-05}
{"gap_left": 30, "gap_bottom": 0, "sources": [[1, 1], [1, 4], [1, 7], [2, 1], [5, 1], [8, 1]], "budget": 4, "option_counts": [10, 25, 34, 15, 29, 35], "nodes": 11, "deadends": 10, "status": "INFEASIBLE", "witness": null, "seconds": 2.4619999749120325e-05}
{"gap_left": 33, "gap_bottom": 0, "sources": [[1, 1], [1, 4], [1, 7], [2, 1], [5, 1], [8, 1]], "budget": 4, "option_counts": [10, 25, 34, 15, 29, 35], "nodes": 11, "deadends": 10, "status": "INFEASIBLE", "witness": null, "seconds": 2.4736997147556394e-05}
{"gap_left": 36, "gap_bottom": 0, "sources": [[1, 1], [1, 4], [1, 7], [2, 1], [5, 1], [8, 1]], "budget": 4, "option_counts": [10, 25, 34, 15, 29, 35], "nodes": 11, "deadends": 10, "status": "INFEASIBLE", "witness": null, "seconds": 2.5508001272100955e-05}
{"gap_left": 39, "gap_bottom": 0, "sources": [[1, 1], [1, 4], [1, 7], [2, 1], [5, 1], [8, 1]], "budget": 4, "option_counts": [10, 25, 34, 15, 29, 35], "nodes": 11, "deadends": 10, "status": "INFEASIBLE", "witness": null, "seconds": 2.5326997274532914e-05}
{"gap_left": 42, "gap_bottom": 0, "sources": [[1, 1], [1, 4], [1, 7], [2, 1], [5, 1], [8, 1]], "budget": 4, "option_counts": [10, 25, 34, 15, 29, 35], "nodes": 11, "deadends": 10, "status": "INFEASIBLE", "witness": null, "seconds": 2.605500048957765e-05}
{"gap_left": 45, "gap_bottom": 0, "sources": [[1, 1], [1, 4], [1, 7], [2, 1], [5, 1], [8, 1]], "budget": 4, "option_counts": [10, 25, 34, 15, 29, 35], "nodes": 11, "deadends": 10, "status": "INFEASIBLE", "witness": null, "seconds": 2.6772999262902886e-05}
{"gap_left": 48, "gap_bottom": 0, "sources": [[1, 1], [1, 4], [1, 7], [2, 1], [5, 1], [8, 1]], "budget": 4, "option_counts": [10, 25, 34, 15, 29, 35], "nodes": 11, "deadends": 10, "status": "INFEASIBLE", "witness": null, "seconds": 2.6579000405035913e-05}
{"gap_left": 51, "gap_bottom": 0, "sources": [[1, 1], [1, 4], [1, 7], [2, 1], [5, 1], [8, 1]], "budget": 4, "option_counts": [10, 25, 34, 15, 29, 35], "nodes": 11, "deadends": 10, "status": "INFEASIBLE", "witness": null, "seconds": 2.6255002012476325e-05}
{"gap_left": 54, "gap_bottom": 0, "sources": [[1, 1], [1, 4], [1, 7], [2, 1], [5, 1], [8, 1]], "budget": 4, "option_counts": [10, 25, 34, 15, 29, 35], "nodes": 11, "deadends": 10, "status": "INFEASIBLE", "witness": null, "seconds": 2.612300158943981e-05}
{"gap_left": 57, "gap_bottom": 0, "sources": [[1, 1], [1, 4], [1, 7], [2, 1], [5, 1], [8, 1]], "budget": 4, "option_counts": [10, 25, 34, 15, 29, 35], "nodes": 11, "deadends": 10, "status": "INFEASIBLE", "witness": null, "seconds": 2.484499418642372e-05}
{"gap_left": 60, "gap_bottom": 0, "sources": [[1, 1], [1, 4], [1, 7], [2, 1], [5, 1], [8, 1]], "budget": 4, "option_counts": [10, 25, 34, 15, 29, 35], "nodes": 11, "deadends": 10, "status": "INFEASIBLE", "witness": null, "seconds": 2.517200482543558e-05}
{"gap_left": 63, "gap_bottom": 0, "sources": [[1, 1], [1, 4], [1, 7], [2, 1], [5, 1], [8, 1]], "budget": 4, "option_counts": [10, 25, 34, 15, 29, 35], "nodes": 11, "deadends": 10, "status": "INFEASIBLE", "witness": null, "seconds": 2.547699841670692e-05}
{"gap_left": 66, "gap_bottom": 0, "sources": [[1, 1], [1, 4], [1, 7], [2, 1], [5, 1], [8, 1]], "budget": 4, "option_counts": [10, 25, 34, 15, 29, 35], "nodes": 11, "deadends": 10, "status": "INFEASIBLE", "witness": null, "seconds": 2.9108996386639774e-05}
{"gap_left": 69, "gap_bottom": 0, "sources": [[1, 1], [1, 4], [1, 7], [2, 1], [5, 1], [8, 1]], "budget": 4, "option_counts": [10, 25, 34, 15, 29, 35], "nodes": 11, "deadends": 10, "status": "INFEASIBLE", "witness": null, "seconds": 2.5199005904141814e-05}
{"gap_left": 0, "gap_bottom": 3, "sources": [[1, 2], [1, 5], [1, 8], [1, 1], [5, 1], [8, 1]], "budget": 4, "option_counts": [16, 30, 35, 11, 30, 36], "nodes": 25, "deadends": 20, "status": "INFEASIBLE", "witness": null, "seconds": 4.554699989967048e-05}
{"gap_left": 0, "gap_bottom": 6, "sources": [[1, 2], [1, 5], [1, 8], [1, 1], [4, 1], [8, 1]], "budget": 4, "option_counts": [16, 29, 35, 11, 26, 36], "nodes": 18, "deadends": 14, "status": "INFEASIBLE", "witness": null, "seconds": 3.397899854462594e-05}
{"gap_left": 0, "gap_bottom": 9, "sources": [[1, 2], [1, 5], [1, 8], [1, 1], [4, 1], [7, 1]], "budget": 4, "option_counts": [15, 29, 35, 10, 26, 35], "nodes": 12, "deadends": 10, "status": "INFEASIBLE", "witness": null, "seconds": 2.2870000975672156e-05}
{"gap_left": 0, "gap_bottom": 12, "sources": [[1, 2], [1, 5], [1, 8], [1, 1], [4, 1], [7, 1]], "budget": 4, "option_counts": [15, 29, 35, 10, 25, 35], "nodes": 11, "deadends": 10, "status": "INFEASIBLE", "witness": null, "seconds": 2.0626001060009003e-05}
{"gap_left": 0, "gap_bottom": 15, "sources": [[1, 2], [1, 5], [1, 8], [1, 1], [4, 1], [7, 1]], "budget": 4, "option_counts": [15, 29, 35, 10, 25, 34], "nodes": 11, "deadends": 10, "status": "INFEASIBLE", "witness": null, "seconds": 2.0364997908473015e-05}
{"gap_left": 0, "gap_bottom": 18, "sources": [[1, 2], [1, 5], [1, 8], [1, 1], [4, 1], [7, 1]], "budget": 4, "option_counts": [15, 29, 35, 10, 25, 34], "nodes": 11, "deadends": 10, "status": "INFEASIBLE", "witness": null, "seconds": 2.0457002392504364e-05}
{"gap_left": 0, "gap_bottom": 21, "sources": [[1, 2], [1, 5], [1, 8], [1, 1], [4, 1], [7, 1]], "budget": 4, "option_counts": [15, 29, 35, 10, 25, 34], "nodes": 11, "deadends": 10, "status": "INFEASIBLE", "witness": null, "seconds": 2.014699566643685e-05}
{"gap_left": 0, "gap_bottom": 24, "sources": [[1, 2], [1, 5], [1, 8], [1, 1], [4, 1], [7, 1]], "budget": 4, "option_counts": [15, 29, 35, 10, 25, 34], "nodes": 11, "deadends": 10, "status": "INFEASIBLE", "witness": null, "seconds": 1.95460015675053e-05}
{"gap_left": 0, "gap_bottom": 27, "sources": [[1, 2], [1, 5], [1, 8], [1, 1], [4, 1], [7, 1]], "budget": 4, "option_counts": [15, 29, 35, 10, 25, 34], "nodes": 11, "deadends": 10, "status": "INFEASIBLE", "witness": null, "seconds": 1.9646002328954637e-05}
{"gap_left": 0, "gap_bottom": 30, "sources": [[1, 2], [1, 5], [1, 8], [1, 1], [4, 1], [7, 1]], "budget": 4, "option_counts": [15, 29, 35, 10, 25, 34], "nodes": 11, "deadends": 10, "status": "INFEASIBLE", "witness": null, "seconds": 2.015000063693151e-05}
{"gap_left": 0, "gap_bottom": 33, "sources": [[1, 2], [1, 5], [1, 8], [1, 1], [4, 1], [7, 1]], "budget": 4, "option_counts": [15, 29, 35, 10, 25, 34], "nodes": 11, "deadends": 10, "status": "INFEASIBLE", "witness": null, "seconds": 2.07960038096644e-05}
{"gap_left": 0, "gap_bottom": 36, "sources": [[1, 2], [1, 5], [1, 8], [1, 1], [4, 1], [7, 1]], "budget": 4, "option_counts": [15, 29, 35, 10, 25, 34], "nodes": 11, "deadends": 10, "status": "INFEASIBLE", "witness": null, "seconds": 1.9484003132674843e-05}
{"gap_left": 0, "gap_bottom": 39, "sources": [[1, 2], [1, 5], [1, 8], [1, 1], [4, 1], [7, 1]], "budget": 4, "option_counts": [15, 29, 35, 10, 25, 34], "nodes": 11, "deadends": 10, "status": "INFEASIBLE", "witness": null, "seconds": 1.9903003703802824e-05}
{"gap_left": 0, "gap_bottom": 42, "sources": [[1, 2], [1, 5], [1, 8], [1, 1], [4, 1], [7, 1]], "budget": 4, "option_counts": [15, 29, 35, 10, 25, 34], "nodes": 11, "deadends": 10, "status": "INFEASIBLE", "witness": null, "seconds": 2.026300353463739e-05}
{"gap_left": 0, "gap_bottom": 45, "sources": [[1, 2], [1, 5], [1, 8], [1, 1], [4, 1], [7, 1]], "budget": 4, "option_counts": [15, 29, 35, 10, 25, 34], "nodes": 11, "deadends": 10, "status": "INFEASIBLE", "witness": null, "seconds": 2.0086998119950294e-05}
{"gap_left": 0, "gap_bottom": 48, "sources": [[1, 2], [1, 5], [1, 8], [1, 1], [4, 1], [7, 1]], "budget": 4, "option_counts": [15, 29, 35, 10, 25, 34], "nodes": 11, "deadends": 10, "status": "INFEASIBLE", "witness": null, "seconds": 2.1068000933155417e-05}
{"gap_left": 0, "gap_bottom": 51, "sources": [[1, 2], [1, 5], [1, 8], [1, 1], [4, 1], [7, 1]], "budget": 4, "option_counts": [15, 29, 35, 10, 25, 34], "nodes": 11, "deadends": 10, "status": "INFEASIBLE", "witness": null, "seconds": 2.042299456661567e-05}
{"gap_left": 0, "gap_bottom": 54, "sources": [[1, 2], [1, 5], [1, 8], [1, 1], [4, 1], [7, 1]], "budget": 4, "option_counts": [15, 29, 35, 10, 25, 34], "nodes": 11, "deadends": 10, "status": "INFEASIBLE", "witness": null, "seconds": 2.0266001229174435e-05}
{"gap_left": 0, "gap_bottom": 57, "sources": [[1, 2], [1, 5], [1, 8], [1, 1], [4, 1], [7, 1]], "budget": 4, "option_counts": [15, 29, 35, 10, 25, 34], "nodes": 11, "deadends": 10, "status": "INFEASIBLE", "witness": null, "seconds": 1.9571001757867634e-05}
{"gap_left": 0, "gap_bottom": 60, "sources": [[1, 2], [1, 5], [1, 8], [1, 1], [4, 1], [7, 1]], "budget": 4, "option_counts": [15, 29, 35, 10, 25, 34], "nodes": 11, "deadends": 10, "status": "INFEASIBLE", "witness": null, "seconds": 2.0405001123435795e-05}
{"gap_left": 0, "gap_bottom": 63, "sources": [[1, 2], [1, 5], [1, 8], [1, 1], [4, 1], [7, 1]], "budget": 4, "option_counts": [15, 29, 35, 10, 25, 34], "nodes": 11, "deadends": 10, "status": "INFEASIBLE", "witness": null, "seconds": 2.1991996618453413e-05}
{"gap_left": 0, "gap_bottom": 66, "sources": [[1, 2], [1, 5], [1, 8], [1, 1], [4, 1], [7, 1]], "budget": 4, "option_counts": [15, 29, 35, 10, 25, 34], "nodes": 11, "deadends": 10, "status": "INFEASIBLE", "witness": null, "seconds": 2.173100074287504e-05}
{"gap_left": 0, "gap_bottom": 69, "sources": [[1, 2], [1, 5], [1, 8], [1, 1], [4, 1], [7, 1]], "budget": 4, "option_counts": [15, 29, 35, 10, 25, 34], "nodes": 11, "deadends": 10, "status": "INFEASIBLE", "witness": null, "seconds": 2.0153995137661695e-05}
