{"name": "build", "argv": ["cargo", "build", "--workspace"], "cwd": "/home/zhuran24/zmd-research-fresh/求解器", "exit_code": 0, "seconds": 1.966, "log": "build.log", "CARGO_TARGET_DIR": "/home/zhuran24/zmd-research-fresh/求解器/target"}
{"name": "test", "argv": ["cargo", "test", "--workspace"], "cwd": "/home/zhuran24/zmd-research-fresh/求解器", "exit_code": 101, "seconds": 2.522, "log": "test.log", "CARGO_TARGET_DIR": "/home/zhuran24/zmd-research-fresh/求解器/target"}
{"name": "catalog", "argv": ["/usr/bin/python", "-B", "数据/工具/formal_catalog.py"], "cwd": "/home/zhuran24/zmd-research-fresh/求解器", "exit_code": 1, "seconds": 0.058, "log": "catalog.log", "CARGO_TARGET_DIR": "/home/zhuran24/zmd-research-fresh/求解器/target"}
{"name": "catalog-tests", "argv": ["/usr/bin/python", "-B", "数据/工具/test_formal_catalog.py"], "cwd": "/home/zhuran24/zmd-research-fresh/求解器", "exit_code": 1, "seconds": 2.277, "log": "catalog-tests.log", "CARGO_TARGET_DIR": "/home/zhuran24/zmd-research-fresh/求解器/target"}
{"name": "samples", "argv": ["/usr/bin/python", "-B", "数据/样例/check_examples.py", "--self-test", "--report", "/home/zhuran24/zmd-research-fresh/求解器/内核维护/2026-09-22/sample-check.json"], "cwd": "/home/zhuran24/zmd-research-fresh/求解器", "exit_code": 1, "seconds": 0.065, "log": "samples.log", "CARGO_TARGET_DIR": "/home/zhuran24/zmd-research-fresh/求解器/target"}
{"name": "test", "argv": ["cargo", "test", "--workspace"], "cwd": "/home/zhuran24/zmd-research-fresh/求解器", "exit_code": 101, "seconds": 0.225, "log": "test.log", "CARGO_TARGET_DIR": "/home/zhuran24/zmd-research-fresh/求解器/target"}
{"name": "catalog", "argv": ["/usr/bin/python", "-B", "数据/工具/formal_catalog.py"], "cwd": "/home/zhuran24/zmd-research-fresh/求解器", "exit_code": 0, "seconds": 0.057, "log": "catalog.log", "CARGO_TARGET_DIR": "/home/zhuran24/zmd-research-fresh/求解器/target"}
{"name": "catalog-tests", "argv": ["/usr/bin/python", "-B", "数据/工具/test_formal_catalog.py"], "cwd": "/home/zhuran24/zmd-research-fresh/求解器", "exit_code": 0, "seconds": 2.203, "log": "catalog-tests.log", "CARGO_TARGET_DIR": "/home/zhuran24/zmd-research-fresh/求解器/target"}
{"name": "samples", "argv": ["/usr/bin/python", "-B", "数据/样例/check_examples.py", "--self-test", "--report", "/home/zhuran24/zmd-research-fresh/求解器/内核维护/2026-09-22/sample-check.json"], "cwd": "/home/zhuran24/zmd-research-fresh/求解器", "exit_code": 1, "seconds": 0.059, "log": "samples.log", "CARGO_TARGET_DIR": "/home/zhuran24/zmd-research-fresh/求解器/target"}
{"name": "test", "argv": ["cargo", "test", "--workspace"], "cwd": "/home/zhuran24/zmd-research-fresh/求解器", "exit_code": 101, "seconds": 0.22, "log": "test.log", "CARGO_TARGET_DIR": "/home/zhuran24/zmd-research-fresh/求解器/target"}
{"name": "samples", "argv": ["/usr/bin/python", "-B", "数据/样例/check_examples.py", "--self-test", "--report", "/home/zhuran24/zmd-research-fresh/求解器/内核维护/2026-09-22/sample-check.json"], "cwd": "/home/zhuran24/zmd-research-fresh/求解器", "exit_code": 1, "seconds": 0.074, "log": "samples.log", "CARGO_TARGET_DIR": "/home/zhuran24/zmd-research-fresh/求解器/target"}
{"name": "test", "argv": ["cargo", "test", "--workspace"], "cwd": "/home/zhuran24/zmd-research-fresh/求解器", "exit_code": 101, "seconds": 33.402, "log": "test.log", "CARGO_TARGET_DIR": "/home/zhuran24/zmd-research-fresh/求解器/target"}
{"name": "samples", "argv": ["/usr/bin/python", "-B", "数据/样例/check_examples.py", "--self-test", "--report", "/home/zhuran24/zmd-research-fresh/求解器/内核维护/2026-09-22/sample-check.json"], "cwd": "/home/zhuran24/zmd-research-fresh/求解器", "exit_code": 1, "seconds": 0.09, "log": "samples.log", "CARGO_TARGET_DIR": "/home/zhuran24/zmd-research-fresh/求解器/target"}
{"name": "clippy", "argv": ["cargo", "clippy", "--workspace", "--all-targets", "--message-format=json"], "cwd": "/home/zhuran24/zmd-research-fresh/求解器", "exit_code": 0, "seconds": 2.714, "log": "clippy.log", "CARGO_TARGET_DIR": "/home/zhuran24/zmd-research-fresh/求解器/target"}
{"name": "test", "argv": ["cargo", "test", "--workspace"], "cwd": "/home/zhuran24/zmd-research-fresh/求解器", "exit_code": 101, "seconds": 71.932, "log": "test.log", "CARGO_TARGET_DIR": "/home/zhuran24/zmd-research-fresh/求解器/target"}
{"name": "test", "argv": ["cargo", "test", "--workspace"], "cwd": "/home/zhuran24/zmd-research-fresh/求解器", "exit_code": 101, "seconds": 60.267, "log": "test.log", "CARGO_TARGET_DIR": "/home/zhuran24/zmd-research-fresh/求解器/target"}
{"name": "build", "argv": ["cargo", "build", "--workspace"], "cwd": "/home/zhuran24/zmd-research-fresh/求解器", "exit_code": 0, "seconds": 0.025, "log": "build.log", "CARGO_TARGET_DIR": "/home/zhuran24/zmd-research-fresh/求解器/target"}
{"name": "build-release", "argv": ["cargo", "build", "--release", "--workspace"], "cwd": "/home/zhuran24/zmd-research-fresh/求解器", "exit_code": 0, "seconds": 8.478, "log": "build-release.log", "CARGO_TARGET_DIR": "/home/zhuran24/zmd-research-fresh/求解器/target"}
{"name": "test", "argv": ["cargo", "test", "--workspace"], "cwd": "/home/zhuran24/zmd-research-fresh/求解器", "exit_code": 0, "seconds": 90.45, "log": "test.log", "CARGO_TARGET_DIR": "/home/zhuran24/zmd-research-fresh/求解器/target"}
{"name": "clippy", "argv": ["cargo", "clippy", "--workspace", "--all-targets", "--message-format=json"], "cwd": "/home/zhuran24/zmd-research-fresh/求解器", "exit_code": 0, "seconds": 0.93, "log": "clippy.log", "CARGO_TARGET_DIR": "/home/zhuran24/zmd-research-fresh/求解器/target"}
{"name": "catalog", "argv": ["/usr/bin/python", "-B", "数据/工具/formal_catalog.py"], "cwd": "/home/zhuran24/zmd-research-fresh/求解器", "exit_code": 0, "seconds": 0.054, "log": "catalog.log", "CARGO_TARGET_DIR": "/home/zhuran24/zmd-research-fresh/求解器/target"}
{"name": "catalog-tests", "argv": ["/usr/bin/python", "-B", "数据/工具/test_formal_catalog.py"], "cwd": "/home/zhuran24/zmd-research-fresh/求解器", "exit_code": 0, "seconds": 2.234, "log": "catalog-tests.log", "CARGO_TARGET_DIR": "/home/zhuran24/zmd-research-fresh/求解器/target"}
{"name": "test", "argv": ["cargo", "test", "--workspace"], "cwd": "/home/zhuran24/zmd-research-fresh/求解器", "exit_code": 0, "seconds": 103.375, "log": "test.log", "CARGO_TARGET_DIR": "/home/zhuran24/zmd-research-fresh/求解器/target"}
{"name": "clippy", "argv": ["cargo", "clippy", "--workspace", "--all-targets", "--message-format=json"], "cwd": "/home/zhuran24/zmd-research-fresh/求解器", "exit_code": 0, "seconds": 0.151, "log": "clippy.log", "CARGO_TARGET_DIR": "/home/zhuran24/zmd-research-fresh/求解器/target"}
