functions 379 over80 30 duplicate_hash_groups 675
crates/kernel/src/catalog.rs load 83 223 141
crates/kernel/src/catalog.rs build 297 603 307
crates/kernel/src/config.rs name 209 311 103
crates/kernel/src/cycle.rs domain_condition 138 284 147
crates/kernel/src/cycle.rs encode_key 321 497 177
crates/kernel/src/cycle.rs search 650 871 222
crates/kernel/src/cycle_io.rs verify_cycle_at 114 344 231
crates/kernel/src/engine.rs prepare 90 369 280
crates/kernel/src/engine.rs validate_seed 382 902 521
crates/kernel/src/event_identity.rs seed_executed 15 113 99
crates/kernel/src/input.rs timeline 39 299 261
crates/kernel/src/input.rs parse 315 760 446
crates/kernel/src/input.rs validate_runtime_interfaces 762 853 92
crates/kernel/src/input.rs validate_branches 912 993 82
crates/kernel/src/interfaces.rs check_input_axes 7 353 347
crates/kernel/src/interfaces.rs check_event_owners 355 474 120
crates/kernel/src/main.rs run 9 338 330
crates/kernel/src/output.rs run_record 394 523 130
crates/kernel/src/polling.rs group_levels 6 94 89
crates/kernel/src/polling.rs refresh 167 309 143
crates/kernel/src/seed.rs derive_context 79 219 141
crates/kernel/src/transition.rs manufacture 7 120 114
crates/kernel/src/transition.rs move_channel 130 339 210
crates/kernel/src/transition.rs boundary 412 523 112
crates/kernel/src/transition.rs step_inner 675 803 129
crates/kernel/src/warehouse.rs plan_receipt 113 194 82
crates/topology/src/lib.rs check_categories 380 466 87
crates/topology/src/lib.rs validate 496 1330 835
crates/topology/tests/validation.rs catalog_unit_properties_match_formal_reference_values 231 475 245
crates/topology/tests/validation.rs catalog_port_edges_match_formal_reference_layouts 478 565 88
