{
  "name": "overflow-cycle",
  "command": [
    "/home/zhuran24/zmd-research-fresh/求解器/target/release/kernel",
    "cycle",
    "/home/zhuran24/zmd-research-fresh/求解器/crates/kernel/复核/否证-r3-1-证据/overflow-input.json",
    "--config",
    "/home/zhuran24/zmd-research-fresh/求解器/规格/内核配置-v1.json",
    "--ticks",
    "2",
    "--out",
    "/home/zhuran24/zmd-research-fresh/求解器/crates/kernel/复核/否证-r3-1-证据/overflow-cycle.json"
  ],
  "exit_code": 2,
  "output_exists": true,
  "stdout": "{\"out\":\"/home/zhuran24/zmd-research-fresh/求解器/crates/kernel/复核/否证-r3-1-证据/overflow-cycle.json\",\"status\":\"stopped\"}\n",
  "stderr": "",
  "status": "stopped",
  "stop": {
    "axis": "resource.integer",
    "event": "PC|a:east:0|b:south:0",
    "kind": "resource",
    "partial_events": [],
    "reason": "时差溢出",
    "time": null
  },
  "open_items": [
    "inconclusive resource.integer @ PC|a:east:0|b:south:0: 时差溢出",
    "技术停止不证明布局无解"
  ]
}
