crusher-control 0 completed
crusher-checkpoint-seed 0 None
crusher-missing-direct 2 invalid_input
crusher-missing-seed 0 None
crusher-missing-resumed 0 completed
crusher-supply-conflict-direct 2 invalid_input
crusher-supply-conflict-seed 0 None
crusher-supply-conflict-resumed 0 completed
bridge-control 0 completed
bridge-record-verification 0 input_checked
bridge-control-direct 0 completed
bridge-control-seed 0 None
bridge-missing-direct 2 invalid_input
bridge-missing-seed 0 None
bridge-mirror-conflict-direct 2 invalid_input
bridge-mirror-conflict-seed 0 None
bridge-top-conflict-direct 2 invalid_input
bridge-top-conflict-seed 0 None
phase-valid-zero 0 completed
phase-negative 0 completed
phase-six 0 completed
phase-fraction 0 completed
phase-string 0 completed
splitter-control 0 completed
gate-valid-seed 0 None
gate-expired-seed 0 None
gate-expired-run 0 completed
gate-expired-verification 2 invalid_input
tiny-control 0 completed
tiny-expired-cycle 0 counterexample
tiny-expired-cycle-verification 0 input_checked
tiny-embedded-verification 2 invalid_input
ring-control-cycle 0 counterexample
ring-control-verification 0 input_checked
phase-string-cycle 0 counterexample
phase-string-cycle-verification 0 input_checked
zero-ore-seed 0 None
zero-ore-run 2 invalid_input
overflow-run 2 inconclusive
overflow-cycle 2 stopped
bad-slot 101 None
bad-unit 2 invalid_input
boolean-seed 101 None
finished 43 calls
