crates/kernel/src/cache.rs:14:    /// 普通格更改可能改变本单位任一口的同种单格守卫，故按整单位而非单格失效。
crates/kernel/src/main.rs:161:            let (source, state) = if artifact["schema"] == "kernel-cycle-v3" {
crates/kernel/src/main.rs:281:                || r["schema"] == "kernel-input-v3"
规格/选择点清单.md:20:任务L15“同一时刻多个判定的先后固定”按任务书§1.6及任务6 SP-02落实为整场固定规则。`judgment.order_scope=fixed_run_order`和`judgment.order`均为F；同一运行在所有时刻、失败重试和离线接续中保持比较规则。约束L10要求覆盖每一种固定值。
规格/选择点清单.md:28:- **已排除**：失败尝试后指针一律不动；成功才轮转；两侧共用一根指针；低级越过可移动的高级；把所有分流器按端口数无条件均分。（据：轮询、优先级、约束·密集结点、约束·轮询均分）
规格/选择点清单.md:33:**不分级侧轴 `polling.ungraded_blocked`（包括两种待审读法）**：`skip` 在授权前跳过不能移动的通道找可动者；`empty_turn` 轮到不能移动者仍做一次失败尝试并前移，本轮不成功，何时再轮由 T1 决定。前者的跳过不是失败不前移，后者的空过不是每 tick 只能尝试一次。规则 30 前件是“分级时”，规则 31 只给非运输单位的取货侧分级；因此运输单位取货侧不能直接照搬最高可动级筛选，也不能据此直接裁掉跳过读法。两种都保留已发生尝试后的立刻前移。（据：轮询、优先级、取货优先级、存货优先级）
规格/选择点清单.md:41:**实际尝试后前移已定**：`polling.both_failure=advance_authorized`仅登记已经取得并实际使用尝试权限的侧在该次尝试后立刻前移，成功与失败同样处理（规则L29，v46 S-D05）。实际尝试失败还保持原位的备选已撤销。双端怎样组成一次尝试、哪些侧实际授权、对端不许可怎样协调，仍由`polling.dual_permission`与任务6给完整推导；当前both/授权集合A是工程实现。无可移动级时的筛选继续遵守L30，失败空转结束与同刻继续推进仍待T1。
规格/选择点清单.md:83:- **取值范围**：普通格单种、同一单位同种单格的通则；制造存货格“不限制物品种类”的例外范围待审；输入闸要求“物品符合某个配方”，累计通过一次用量即关闭；用量齐备且制造功能运行后开始，上一批全进取货格才允许新用量，产物整批出缓存。（据：物品格、存货/取货物品格、缓存格、制造）
规格/选择点清单.md:159:- **硬边界**：输入进入缓存后制造开始须遵守“立刻”；1/5 tick 配方工作时长不能因允许级联被压成零。制造完成的一批进缓存后能否同刻移入取货格，外部到货后能否同刻转入缓存，以及前批出缓存后能否同刻再开输入闸，均是此轴与 T1/T7 的联合适用面。禁止把整批成品拆开或让刚进入运输格的物品同刻离开。（据：缓存格、制造、配方、滞留）
规格/选择点清单.md:165:无特别例外的普通格混装、桥接器按轴拆调度、失败不前移、桥接器共用库存、无线传输套普通端口单件速率、累计限额用于循环正流量、20 tick 一定为实际周期、依赖单一次序达标，分别已由对应条款排除。缓存可达有界性、循环覆盖、调试可达性属于证明义务，不应通过 owner 指定一个上界或单一初态来代替证明。（据：物品格、轮询、桥接器、传输、约束·准入累计、约束·周期倍数、约束·不得依赖的量、目标）
规格/运行语义.md:34:| `progress` | 每台制造单位批次身份、所用配方、空闲/部分入料待定/在制/完成待出阶段、候选配方集合与锁定记录（T7 待定）、剩余工作时长；箱级5 tick传输冷却状态；每次尝试均起冷却，含零传输，见T6 | 时长不先离散成整数；据：制造、配方、需电功能、传输 |
规格/运行语义.md:56:| 协议储存箱 | 编号 1…6，各 50；同一种物品允许占多个格，每格仍单一种类 | 3×3，对边各 3 口；供电、传输开关、箱级5 tick冷却状态（每次尝试均起冷却，含零传输，见T6）；入最小编号可放格，出最小编号非空格；该格物品当前不能移动则失败，不跳到后格 | 协议储存箱、物品格、传输、需电功能 |
规格/运行语义.md:135:| 制造完成及出缓存 | 工作时长按配方；制成的一批进入缓存格；只允许完成的一整批通过至取货格，目标须可容纳且种类兼容，并在出缓存后保持本单位全部非缓存普通格同种单格；冲突则保持完成态且整批留缓存；无额外制造冷却 | 同刻完成、出缓存、再进料与外部通道交织及其事件划分见 T1/T2；停用时输出接口能否通行见 T6。据：制造、缓存格、物品格、配方 |
规格/运行语义.md:185:`step_profile(state, parameters, external_history)`仅在[受限模型声明](受限模型声明.md)逐轴处置和[受限转移定义](受限转移定义.md)的适用域内定义。后者给时钟边界、制造完成、扫描事件身份与重试嵌入、两端权限失配后效、逐级起轮、准入口断边与同刻窗口批恢复、制造全单位同种单格守卫、配方两条匹配轴、仓库当前空格序成功分配后稳定删项、多物种竞争空格的明确停止触发、闭包及停止条件。条件恢复与部分接收按当前转移契约验收；一般失败环接续及部分扣格后态继续保留具体义务。一般语义仍保留T1–T12、T14–T17；完整输入也可能因未实现后效返回unsupported或因规则缺定义返回unresolved，不能从工程函数的唯一输出推出真实规则只有一种机制。（据：判定、轮询、优先级、制造、物品准入口、目标；工程实现分期）
crates/kernel/src/input.rs:317:        if !["kernel-input-v2", "kernel-input-v3"].contains(&raw["schema"].as_str().unwrap_or("")) {
crates/kernel/src/input.rs:320:        if !structural && raw["schema"] != "kernel-input-v3" {
规格/内核配置-v1.json:394:      "coverage_loss": "零传输冷却事实已定；断电恢复和部分扣格后态另核",
crates/kernel/src/cycle.rs:859:        "kernel-input-v3",
crates/kernel/src/cycle.rs:865:        json!({"schema":"kernel-cycle-v3","evidence_scope":scope,"environment_assumption":"仓库收得下成品。","result_id":format!("cycle:{}:{max_ticks}:{max_sweeps}",input.path.file_stem().and_then(|s|s.to_str()).unwrap_or("input")),"status":status,"level":if cycle.is_null(){Value::Null}else{json!("production_part")},"execution_mode":"production_abstraction","port_meeting":input.parameters.value(Axis::ConnectionPortMeeting)?,
规格/四件前置义务对照.md:67:已定项直接执行：失败尝试后前移（规则L29）、门按现值恢复与正常5 tick重起（L64）、零传输也起5 tick冷却（L36）、固定判定规则（任务L15）。工程实现未覆盖的事件返回unsupported，证明未完成返回unresolved，资源不足返回inconclusive；独立复核pending记录在证据范围内。
crates/kernel/src/tests.rs:853:/// 受限转移§4.1：桥格独立不豁免同单位同种单格，第二轴同种在此刻拒收。
crates/kernel/src/cycle_io.rs:121:    if result["schema"] != "kernel-cycle-v3" || (!result["level"].is_null() && result["level"] != "production_part") {
crates/kernel/src/cycle_io.rs:184:    if input_ref["format"] != "kernel-input-v3"
crates/kernel/src/cycle_io.rs:185:        || raw["schema"] != "kernel-input-v3"
crates/kernel/src/cycle_io.rs:261:                "完整v3前缀与独立重算逐字段不符",
crates/kernel/src/cycle_io.rs:362:    json!({"schema":"kernel-cycle-v3","evidence_scope":output::evidence_scope("diagnostic","diagnostic", &[]),"environment_assumption":"仓库收得下成品。","result_id":"cycle:load-stop","status":status,"level":null,"execution_mode":"production_abstraction","port_meeting":meeting,"seed":null,"parameter_point":null,"reading":{"port_meeting":meeting,"warehouse_acceptance":"unresolved","acceptance_quantifier":"unresolved","cycle_interpretation":"production_projection","remaining_assumptions":["装载未成立，未形成可认证参数点"]},"support_domain":{"name":"phase_production_v1","uncovered":["完整输入未通过装载"]},"domain_report":(1..=5).map(|i|json!({"condition":format!("D.{i}"),"status":"unresolved","scope":"not_checked","locations":[stop.location],"evidence":[format!("未完成装载：{}",stop.reason)]})).collect::<Vec<_>>(),"fingerprints":[],"record_mode":"none","replay_input_ref":null,"run_record_ref":null,"last_state":null,"cycle":null,"stop":{"kind":if stop.status=="inconclusive"{"resource"}else{stop.status.as_str()},"axis":stop.axis,"event":stop.location,"time":null,"reason":stop.reason,"partial_events":[]},"budget":{"max_ticks":max_ticks.max(1),"max_sweeps":max_sweeps.max(1),"completed_ticks":0},"open_items":[stop.to_string(),"装载诊断未独立复现；技术停止不证明布局无解"]})
规格/参数扫描约减.md:28:| 10 | `initialization.other_inventory` | 是完整StateSeed及出处接口，不仅是一组有界格数量。给定物种数q时，一个容量c单种格有`1+qc`个库存值；各格乘积只是未核同种单格的上界。本版单批缓存为支持域条件，一般缓存无限；绝对时刻、运输年龄、无上限累计计数、历史和匿名仓库格数没有统一界。因此完整有限编码域无已证有限大小，记`n=card(D_seed)`，整数有限编码超域可数无穷。 | **无已证整体约减**。若输入明确提供有限种子集，逐个核并枚举其`n`项；否则按编码长度公平枚举只能半判定，不能有限宣布扫完。阶段、轮询、级仲裁、E/O、待事件、端口使用量均不可遗漏。循环键归一不自动证明初态域有限。 |
规格/参数扫描约减.md:114:令`Phys(c)`为转移§3.1、§4.1的完整读集：源候选格和目标可接格的库存，运输年龄，两端U，门身份/限额/计数，图/桥同轴/固定指派；制造目标还读全机非缓存格防同种跨格，箱体选择器读全部六格，桥目标读另一轴防同种单格，核心目标读W/O/容量/标签。脚本用整单位I和整仓库W包住这些依赖。`Peers(c)`为与c同源取货侧或同目标存货侧的全部几何可能边（不是仅c所属当前级）。授权必须读取`∪_(d∈Peers(c))Phys(d)`，否则会漏“另一条高级边变可动”造成的权限变化。
crates/kernel/src/engine.rs:903:    /// 运行语义§2.2、受限转移§4.1：普通格单种、同种单格、数量容量与运输时间。
规格/内核输出.md:7:当前契约为运行记录`kernel-output-v4`、循环结果`kernel-cycle-v3`和直接证明`kernel-proof-v1`，结构定义见[内核输出.schema.json](内核输出.schema.json)。旧记录保持历史版本，重核来源、转移、参数和证据范围后才生成新证书。结构通过与实际回放/证明复核分别验收。
规格/内核输出.md:62:`delta=[{op:"replace",path:[对象键,…],value:任意JSON值}]`。路径非空、每级必须为已有对象键，不穿越数组；数组整体替换，带新键或删键的对象也整体替换其父字段。对象同键时递归到实际改变处，按键UTF-8字节升序深度优先输出；禁止根替换、无变化替换、重复路径及祖先/后代冲突。空delta只表示完整状态无差异，物理时间仍须一致。前态是上一项重建的状态，不能每项重新以start_state为底。编码不增加游戏事件或丢弃StateSeed字段。
规格/内核输出.md:66:schema只能检查局部形状；k的整段位置、操作可应用性、规范差分及状态关联由[checkpoint_delta.py](../数据/样例/checkpoint_delta.py)、[runtime_record.py](../数据/样例/runtime_record.py)和本轮回归共同核验。两格式共享kernel-output-v4及全部来源/范围义务；新增台账属于必填升级，旧v2记录保留历史身份，须重算并生成v3，不能只改版本或刷新指纹。
规格/内核输出.md:72:参考产物是[混做粉碎机两下游运行记录](../数据/样例/混做粉碎机两下游-运行记录.json)，producer 为 bounded_reference_checker。它由[独立有限重算](../数据/样例/check_golden_trace.py)读入运行样例生成，并与单独手填的[黄金摘要](../数据/样例/混做粉碎机两下游-黄金轨迹.json)比较。第五轮Rust内核已有v3记录，实际版本须读取文件内schema及来源指纹；第六轮循环引用契约仍待K线迁移、重跑。记录验证输入、手算和有限参考执行的接口，不改变 L=0，也不证明任何完整目标或“混做已达标”。
规格/内核输出.md:81:v1/v2记录不能机械增列后沿用旧“通过”；须重新校验来源投影、完整回放并生成v3。验证入口 [runtime_record.py](../数据/样例/runtime_record.py) 不改写被读记录；生成入口与验收入口分开，篡改的交付记录必须失败。
规格/内核输出.md:85:schema根oneOf区分RunRecord、CycleResult和ProofCertificate。当前版本分别为kernel-output-v4、kernel-cycle-v3、kernel-proof-v1；生产键为phase-cycle-key-v1、归一化为cycle-normalization-v2。新字段、状态含义及参数生命周期共同升版，旧输出须重核后重生。StateSeed完整原状态仍用于恢复，规范键用于判等。
规格/内核输出.md:87:引用对象`{path,sha256,producer,format}`四项必填，sha256为原始字节64位小写摘要，path相对证书目录或为绝对路径。先核摘要再解析，嵌套引用相对所属文件目录解析；producer身份与被引对象及实际工具相符。run_record_ref.format为kernel-output-v4/full_state_each_instant或kernel-output-v4/checkpoint_delta，replay_input_ref.format为kernel-input-v3。
规格/内核输出.md:103:当前99轴处置为22项已定、44项本版选值、18项工程停止、15项输入量化；逐名集合从被锁定轴表重建。判定作用域fixed_run_order和排序均在fixed，零传输冷却为every_attempt/F。15个输入轴为judgment.order、damping.branch、connection.build_order、connection.order、connection.tie、connection.belt_shape、transfer.phase、manufacturing.recipe_selection、manufacturing.input_slot_selection、initialization.warehouse_anchor、initialization.other_inventory、initialization.switches、initialization.build_timing、initialization.debug_end、warehouse.external_supply。
规格/内核输出.md:115:stopped对应unsupported/unresolved；inconclusive对应resource；invalid_input对应invalid_input。这三种cycle/level为null，保留已装载末态或装载前失败外壳。零传输冷却和判定固定性已有规则值，停止只报告尚缺实现/推导的具体后效。stop.partial_events只作未完成段审计。
规格/内核输出.md:144:4. 整数D域从start_state恰P次step_tick重放(a,b]；其它已证时间域按真实间隔重放。端点完整状态、逐次事件、入库账、接收响应及实际率均独立复算。失败环真实唤醒出口的未决保持相应证据范围。
规格/选择点参数轴.md:55:| `transfer.failure_cooldown` | T6 | F | known："every_attempt"；空箱、全拒收、部分送出、全部送出每次尝试均开始箱级5 tick冷却。范围：零传输冷却事实已定；断电恢复和部分扣格后态另核。据：规则L25、L36；主会话三审§6；任务6 SP-01 |
规格/选择点参数轴.md:59:| `manufacturing.input_mixing` | T7 | U | open：single_kind（甲）／mixed_kinds（乙），不影响同种单格和取货格单种；据：物品格、存货/取货物品格 |
规格/选择点参数轴.md:69:| `manufacturing.output_blocked` | T7 | F | known：不满足整批兼容容量或拟提交后违反本单位非缓存普通格同种单格时不能整批通过；缓存保留，不得分拆或无据销毁。是否重新尝试由 T1 决定。据：缓存格、物品格 |
规格/选择点参数轴.md:75:| `gate.reconnect_record` | T8 | U | open：恢复原建造接通记录／新形成记录与建造时刻关系待审；禁止只取形成时刻而忽略“即较晚建造”半句。据：接通、物品准入口 |
规格/选择点参数轴.md:114:| `polling.both_failure` | T3 | F | known：advance_authorized仅登记实际尝试后立即前移，成功与失败相同；双端尝试成立、参与侧及完整推进仍由T3/T1推导。撤销实际尝试后保持原位的取值。据：规则L29—30；v46 S-D05 |
规格/受限模型声明.md:55:| `transfer.failure_cooldown` | 已定 | `"every_attempt"`：空箱、全拒收、部分送出、全部送出每次尝试均开始箱级5 tick冷却 | 据：规则L25、L36；主会话三审§6；任务6 SP-01 | 零传输冷却事实已定；断电恢复和部分扣格后态另核 | 任务8检查空箱及全拒收均起5 tick冷却 |
规格/受限模型声明.md:151:停止项按[四件前置义务对照§6](四件前置义务对照.md)逐项登记。零传输冷却已定为every_attempt；纯重排保持关系已有条件推导；工程尚未支持的回放仍返回unsupported。需阻尼比较的多级无终点、部分传输跨格扣减、指针接续、完整循环复原和有限化分别保留具体义务。
规格/受限转移定义.md:13:本版甲读法、整批归集要求制造种子的缓存内容与批次描述一致：idle为空，intake为恰一批已锁原料且功能停用，working为一批在制原料和正的剩余工作量，completed为恰一批成品且剩余0；取货格可保留过去同种批次。与此不符的有限缓存种子返回unsupported(initialization.other_inventory)，**不**把缓存容量改成一批；部分归集和其它初态属于未覆盖域。transport每格≤1，普通格单种与同种单格、箱体例外、制造容量50及仓库80000照正式规则核；在制原料保留物料账到完成时才变为产物。（据：物品格、缓存格、制造、配方、运输单位；本版初态限制）
规格/受限转移定义.md:23:工作量刚耗足的制造批次先完成，按输入制造模板全序逐台把在制原料账替换为配方成品并标completed。完成以remaining归零为唯一工作量条件；pending的绝对预计时刻仅作审计，停用不报“日程与工作量不符”，恢复后继续累计，完成时记录实际时刻与原登记身份。完成是计时事件，**不是**规则25的判定；`time.manufacture_events=completion_before_closure`单独决定其位置。在制造同种单格通则和缓存例外均保持的前提下，不同机器的完成只改自身库存且无跨单位副作用，先后不改变该阶段终态，但仍保留显式记录。（据：制造、配方、判定；本版同刻组织）
规格/受限转移定义.md:51:先取判定前授权集合`A(c)⊆{source_output,target_input}`。A为空：本次访问不是判定，库存/指针均不变。A非空：产生一次c的通道尝试；成功当且仅当physical(c,s)且A含两端。成功时源减1、目标增1，两端端口预算各增1，目标运输格记entered_at=t；失败不改库存和预算。无论成败，**只对判前A内各侧**把其所属环next_channel置为c的下一成员（取完整该级环的后继；下一次筛选可跳不可动成员）；A外的侧保持。成功时A必为两端，故两侧均前移。实际尝试后前移这一部分已定；本段用A定义参与侧及尝试成立，是任务6仍须复核的工程协调。（据：判定、移动、轮询、优先级、滞留、约束·端口速率；工程选值）
规格/受限转移定义.md:53:示例：源环[a,b]当前a，目标给a所属侧的授权是d；访问a时A仅源侧，失败、源前移b、目标保持d。若后来两侧都授权a且physical=true，则a成功、两侧均沿各自环前移。若一端高级物理可动而授权别边，本边不能借对端授权越级成功。此定义没有证明全部参数下无饥饿，合法低产轨迹不删；其它双端协调的完整定义继续由T3和任务6承接。（据：轮询、优先级、约束·密集结点）
规格/受限转移定义.md:68:制造取货只读唯一取货格，存货只向存货格写：先在本单位全部非缓存普通格查同种占位，若取货格已有该种则无合法存货目标；否则同种已有存货格时只能进现格，没有时取输入格全序中第一个合法空存货格。目标容量与拟提交后的同种单格约束均须满足；缓存中的同种货不构成此拒收原因，也不要求来货是本机配方原料。箱体取货严格取编号最小的**非空格**；该件当前被下游拒收则本次物理不可动，不跳到后格。箱体存货取编号最小能放此物品的格。普通运输读唯一格，桥读本PC对应独立格；桥的目标格虽独立，仍须核同一单位同种单格通则，不能与另一轴已有同种物品同时占两格。核心/仓库取货口按设定指向的仓库格读当前内容，空格没有货，empty_identity不是库存。（据：物品格、存货/取货端口、协议储存箱、桥接器、协议核心、仓库取货口）
规格/受限转移定义.md:76:未授权或物理失败的PC、实际入库0件的传输保持仓库及O；该次尝试仍开始5 tick冷却（规则L36）；invalid/unsupported返回判前状态而无游戏后继，不能先删O再拒收。retain_history下已用格清空时item=null、quantity=0、empty_identity保留原物种，该格不属于E、不重新加入O；同种再入仍用历史格。运行区间不创建新的匿名空格，不释放已有身份；要求新增匿名格、释放身份或玩家拿取/离线后效时，先按§1及对应轴停止，不凭仓库数量不限私自追加顺序。（据：物品格、仓库、协议核心、零干预运行；未覆盖域见T12与受限模型声明）
规格/受限转移定义.md:84:1. 若completed，先构造整批出缓存的拟提交库存；逐物种核整批拟提交结果（不能只比首物种），只有取货格同种/空、容量足够整批、且本单位所有非缓存普通格仍满足同种单格时才整批转出，记录BC输出并变idle。等价地，对本版单种产物还须核全部存货格均无该产物。任一条件不满足则不提交任何库存/批次更改，保持completed、整批留缓存，不开启新批输入；不能先提交非法库存再报invalid。
规格/受限转移定义.md:109:无权限争用的直接链子域可使用任务6 PA-10的工作表闭包。含多口时保存全部权限、环身份、各级位置及固定重复嵌入。一次无成功扫描只说明该轮结果；后续动作唤醒的旧货继续参与。
规格/受限转移定义.md:206:全称验收先证明所有正式可达循环投影落在认证对象内，再核其中所有可达正时长循环。单一生产周期是一个种子/参数下的运行见证。有限图路线保留边耗时与交付，逐循环核Σ(d_i−ρ_iΔt)≥0；零时失败环按§5处理。只保存事件先后的时间区域需另补计量时间保持证明。
规格/受限转移定义.md:230:对D.3以外的未指派空格，规则第41行的格数不限、第13行的同种单格及第41、73行的指派读取，使按物种保持库存、固定原矿引用、对其他仓格作一致更名的表示具有相同生产行为。采用此扩大表示时，要连同非成品格标签、空格次序及所有引用一起核对应关系。现有生产键的D.3准入仍单独检查；这种对仓库格的更名不作用于规则第72行有编号选择的储存箱。
规格/内核输入.md:27:| `schema` | `kernel-input-v2`（仅旧结构子集）或 `kernel-input-v3`（本版）；工程版本，升级须显式迁移 |
规格/内核输入.md:39:| `scenario` | `{name,recipe_intents,expected_paths,assertions}`，测试意图和结构断言；候选测试元数据，无权改变运行规则 |
规格/内核输入.md:102:`rotate` 的 payload=`{before_snapshot,after_snapshot}`；新 origin、rotation 及完整相遇表均从后快照读取，前后差异须限于目标旋转及派生量，port_layout 必须相同，rotate自身的坐标变化由旋转定义核验；调试搬运或拆建另记相应动作及快照。`rebuild` 的 payload=`{remove_event,build_event,before_snapshot,removed_snapshot,after_snapshot}`，子事件分别指 unit_removed/unit_rebuilt，同一设计 unit 可反复重建，每次 id 都不同，拆除快照中目标缺席。操作开始、拆除、再建成按 occurs_before 关联，拆除到再建成的时间差不取默认；每次全部受影响 PC 的 close/open 均进入上述记录。传送带重建允许后快照选择另一 port_layout；首次建成也必须明确选择。12 个有序边对的相对转角分三类，每类四朝向；旋转保持相对转角，不能跨类（据：规则 L60、L11；算术推论）。调试经拆后再造选择另一形状的路径据规则 L10、任务 L12，零干预后禁止玩家改变据任务 L8；缺库存后效时工具停止回放；明确清理后再拆建的程序仍在调试权限内。两次建成之间固定属于本版生命周期选择，其它调试操作的后效待实现；[旧修改请求](内核输入-对参数轴的修改请求.md)保留为史料。库存去向、桥定向、轮询及准入后效引用相关轴，未解决时仅可保存约束，不能执行。据：重建、旋转、物品格、轮询、操作精度。
规格/内核输入.md:170:| `transfer.failure_cooldown` | `fixed`；F | T6；known："every_attempt"；空箱、全拒收、部分送出、全部送出每次尝试均开始箱级5 tick冷却。范围：零传输冷却事实已定；断电恢复和部分扣格后态另核。据：规则L25、L36；主会话三审§6；任务6 SP-01 |
规格/内核输入.md:174:| `manufacturing.input_mixing` | `fixedness_unproven`；U | T7；open：single_kind（甲）／mixed_kinds（乙），不影响同种单格和取货格单种；据：物品格、存货/取货物品格 |
规格/内核输入.md:184:| `manufacturing.output_blocked` | `fixed`；F | T7；known：不满足整批兼容容量或拟提交后违反本单位非缓存普通格同种单格时不能整批通过；缓存保留，不得分拆或无据销毁。是否重新尝试由 T1 决定。据：缓存格、物品格 |
规格/内核输入.md:190:| `gate.reconnect_record` | `fixedness_unproven`；U | T8；open：恢复原建造接通记录／新形成记录与建造时刻关系待审；禁止只取形成时刻而忽略“即较晚建造”半句。据：接通、物品准入口 |
规格/内核输入.md:229:| `polling.both_failure` | `fixed`；F | T3；known：advance_authorized仅登记实际尝试后立即前移，成功与失败相同；双端尝试成立、参与侧及完整推进仍由T3/T1推导。撤销实际尝试后保持原位的取值。据：规则L29—30；v46 S-D05 |
规格/内核输入.md:255:旧event-order-v2/v3的per_instant时间函数改序编码保留在历史记录中。当前游戏证书准入拒绝改变相对判定序的时间函数；扩大探索所得坏路径须还原同一固定规则，才可作真实反例。其它固定排序表示需新版本和重复实例保持证明。
规格/内核输入.md:302:| `logistics` | `{active_channels,blocked_channels,poll_memory,gate_counters,connection_order}`；前两项 PC 集合；poll_memory 为 Decision，specified.value 必须为 §6.3 PollMemory；gate_counters[] 为 `{unit,total_received,window_received,window_started_at,blocked_reasons}`；v3 的 blocked_reasons 是 identity_mismatch/total_exhausted/window_exhausted 的无重复子集，分别保留阻断原因，v2 静态旧记录不推定原因，计数 Quantity，起点 Time/null；connection_order 为 Decision，引用统一接通历史。据：接通、轮询、优先级、物品准入口 |
规格/内核输入.md:306:`semantic_context={arbitration,parameter_values,judgment_context,pending_events,tick_context}`：arbitration=`{level_order,warehouse_empty_slot_order}`，显式给当前布局全部几何可能级标签的固定全序及已声明无身份空仓库格顺序；level_order的全集由未阻断几何PC分组导出，阻断期间暂时为空的级标签仍保留以供恢复；它不是当前活跃级的投影，不按容器顺序补回新标签。仅活跃级参与比较；level_order 只在正式级排序键全等时使用，不能反转已定优先级。两张表须不重不漏；无身份空格集合从当前 warehouse 中 item=null 且已解 empty_identity.value=null 的记录派生，已指派取货口也不删去。空表只有实际无相应对象才合法。warehouse_empty_slot_order是当前候选序O(S)，不是固定母序或配置常量；一次成功PC入库或箱体传输与库存、历史身份原子提交O(S')=[w∈O(S): w在S'仍是无身份空格]，保持幸存项相对顺序；失败/容量拒收/空箱尝试保持该表，invalid/unsupported不产生后继。retain_history下清空的已用格保留该物种身份，不回入此表；规范新格创建时已绑定物种，也不入表。本版运行区间无新建匿名格或释放身份事件，遇此类事件按受限转移定义§1停止，不能私自补序。所有恢复锚点都保存当前表，读回严格核其定义域；一般完整闭包键及continuation调度投影包含它（§5.2仅在E/O恒定的参考子集有明确省略前件），不能在重载时从母序重算。完整维护见受限转移定义§4.1、§4.3及§5。parameter_values[] 为 `{axis,value,lifetime}`（当前 Decision 与 F/O/U，须与参数轴及当前历史一致）；judgment_context 为 Decision；v3 的完整结构及扫描阶段见 §5.2，v2 旧四字段表示不作为运行恢复输入。pending_events 为 Decision，specified.value 是 `{event,operation,target,trigger,predecessors,status}` 数组：event 指 runtime 等全局事件，operation 包括 manufacture/transfer/move/internal_move/manufacture_complete/gate_window_expiry；后两者是非判定制造完成/窗口到期事件，target 对应单位或 PC/BC，trigger 为 `{kind,value}`，kind 包括 at_time(Time)、after_event(事件 id)、condition(本节谓词)，predecessors 为事件 id 数组，status=waiting/ready。日程是机制/历史产物，at_time 不授予玩家定时能力。
规格/内核输入.md:314:调试的动作权限覆盖增建、拆除、清理、手工放料和改设定；当前v3动作枚举尚未包含每一种动作。此类程序先用带路径/指纹的Markdown或JSON机制证据表示操作对象、非精确触发条件、物品出入、前后快照和全部可能后置状态，经任务5/6推导后由任务8扩展编码。既有解析器遇未实现动作应报告unsupported；本次seed样例不执行调试动作。
规格/内核输入.md:336:v3 的 StateSeed 必须逐格列 inventory（含空格）、逐制造/储存箱列 progress、列所有准入口计数；不适用集合显式 []。所有活动 StateSeed Decision 必须先核 §1.1 的 status/value/basis 封套，再核字段允许的已解状态；unresolved、非法 status 或空依据均不得继续执行。当前参数列表恰覆盖参数向量且值/生命周期一致。无待事件是已核的空列表，不能作为“尚未知”的替代。working 必须有 recipe/locked_recipe/remaining，缓存原料按在制用量保留到完成转换；completed 保存已制产物、remaining=Time(0)，整批转出后回 idle。恢复数据与结构、种类容量、计时、端口预算、接通/轮询关系冲突时拒收。（据：运行语义 §2；规则物品格、缓存格、制造、滞留）
规格/内核输入.md:364:映射不复制 planned_rate/proven_actual_rate；前者仍是计划，后者仍需运行证据，geometry_only 无权升级认证。配方匹配与分流器路由也不由 feed_map 控制。储存箱必须分成独立非运输端点的两段 LF；feeding-v2 目前不支持这类完整契约，加载该绑定须报 unsupported，不能恢复 via.storage。布局格式本身可以表示箱体和其 PC；无线入库独立于 PC/BC/LF。依据：送料契约“三种边与储存箱分段”；规则 L36、L72；约束运输端口收支。
规格/内核输入.md:373:| 史料[分流器三路轮询.json](../数据/样例/分流器三路轮询.json) | v3历史工程输入（当前依赖须迁移）：仓库取矿、三路轮询、单出口起轮及附属汇流器/双准入口探针；17单位、146格、13 PC、0 BC。0–11 tick记录覆盖级序平局和同刻窗口恢复，不是实际均分或全称认证。 |
规格/内核输入.md:374:| 史料[混做粉碎机两下游.json](../数据/样例/混做粉碎机两下游.json) | v3 完整运行输入，profile_id=kernel_profile_v1、当前99轴全有值、完整StateSeed、下边界矿口供源矿。14单位、153格、11 PC、8 BC（候选条件下的算术计数）。实际0–3 tick只跑源矿配方，不声称已混做或已使研磨机生产。 |
规格/内核输入.md:391:第五轮循环只接受after_closure并按受限转移§6逐字段规范，I身份维护事件与v3台账见内核输出§2。
规格/内核输入.md:393:新状态不是通过把unknown投影成默认后交给旧检查器：v3逐项校验真实参数、仓库指派、每格库存、每台进度、两侧每级记忆、参数当前值、时刻边界、端口预算及事件模板；空格指派没有已解决empty_identity直接拒收。输出格式见[内核输出](内核输出.md)，实际有限重算与手工期望分别存文件。
