digest::known_vectors: test
tests::after_closure_restart: test
tests::box_selectors: test
tests::bridge_same_item_occupies_both_axes_at_full_rate: test
tests::bridge_two_independent_slots_run: test
tests::byte_determinism_and_layout_permutation: test
tests::catalog_and_geometry: test
tests::checkpoint_delta_negative_cases: test
tests::closure_and_resources: test
tests::completed_output_conflict_retains_batch: test
tests::config_axes_and_all_stop_values: test
tests::core_inbound_physical_deposit: test
tests::coverage_five_states: test
tests::damping_no_terminal: test
tests::damping_paths_and_missing_branch: test
tests::explicit_ore_supply: test
tests::explicit_step_anchors: test
tests::external_stop_positions: test
tests::five_tick_recipe_completes_only_at_boundary: test
tests::full_and_delta_record_recompute: test
tests::identity_current_condition_restores_disconnected_channel: test
tests::integer_validation: test
tests::level_tie_reversal_changes_winner: test
tests::malformed_state_rejected: test
tests::manufacture_disabled_intake_and_pause: test
tests::manufacturing_two_material_batch: test
tests::membership_projection: test
tests::ore_history_horizon_stop: test
tests::output_level_damping_priority: test
tests::output_off_preserves_game_state: test
tests::projections: test
tests::revision::revision_branch_relevance: test
tests::revision::revision_external_action_references: test
tests::revision::revision_gate_item_domain: test
tests::revision::revision_independent_identity_audit: test
tests::revision::revision_initial_warehouse_labels: test
tests::revision::revision_manufacturing_axis_evidence: test
tests::revision::revision_ore_depletion_is_not_a_movement_guard: test
tests::revision::revision_ore_history_sufficiency: test
tests::revision::revision_pending_history_alias: test
tests::revision::revision_reports_and_after_closure_stop: test
tests::revision::revision_snapshot_objects: test
tests::revision::revision_supply_order_intersection: test
tests::revision::revision_warehouse_acceptance: test
tests::revision_r2::revision_r2_damping_does_not_rebind_singleton: test
tests::revision_r2::revision_r2_fixed_branch_cut_and_reload: test
tests::revision_r2::revision_r2_internal_passage_identity: test
tests::revision_r2::revision_r2_phase_intersection: test
tests::revision_r2::revision_r2_required_input_shapes: test
tests::revision_r2::revision_r2_rust_metadata_controls: test
tests::revision_r2::revision_r2_seed_consumed_identity: test
tests::revision_r2::revision_r2_unowned_global_events: test
tests::revision_r3::revision_r3_bridge_moves_are_not_first_contact_events: test
tests::revision_r3::revision_r3_checkpoint_parameters_are_not_repaired: test
tests::revision_r3::revision_r3_cycle_checks_prefix_before_recomputation: test
tests::revision_r3::revision_r3_malformed_seed_returns_stop_before_indexing: test
tests::revision_r3::revision_r3_phase_type_and_domain_at_both_anchors: test
tests::revision_r3::revision_r3_sufficient_requires_both_positive_ores: test
tests::revision_r3::revision_r3_window_deadline_respects_anchor_phase: test
tests::revision_r4::revision_r4_age_cohorts_seed_capacity_and_key: test
tests::revision_r4::revision_r4_cohorts_manufacture_remove_and_arrival_age: test
tests::revision_r4::revision_r4_first_resumed_sweep_stop_preserves_checkpoint: test
tests::revision_r4::revision_r4_multilevel_branch_table_includes_dormant_subsets: test
tests::revision_r4::revision_r4_path_runs_never_exercises_geometric_adjacency: test
tests::revision_r4::revision_r4_pending_trigger_is_closed_before_derivation_and_key: test
tests::revision_r4::revision_r4_single_level_empty_branch_table_matches_full_table: test
tests::revision_r5::revision_r5_production_load_guards_ore_before_memory: test
tests::round5::round5_cache_differential: test
tests::round5::round5_completion_after_pause: test
tests::round5::round5_cycle_age_overflow_is_resource_not_wrap: test
tests::round5::round5_cycle_certificate_replay_and_tamper: test
tests::round5::round5_inventory_order_is_canonical: test
tests::round5::round5_ledgers_conserve_every_species: test
tests::round5::round5_ore_return_candidate_stops_before_capacity_or_age: test
tests::round5::round5_seed_roundtrip: test
tests::round5::round5_seed_tie_changes_rebuild_ring: test
tests::round5::round5_supply_differential_and_last_ore: test
tests::round6::round6_compact_step_preserves_full_checkpoint: test
tests::round6::round6_hash_collisions_replay_every_candidate: test
tests::round6::round6_independent_ledger_conservation_rejects_state_and_total_tampering: test
tests::round6::round6_no_record_retains_loaded_zero_prefix: test
tests::round6::round6_put_rejects_without_partial_write: test
tests::round6::round6_static_domain_reports_all_without_tick: test
tests::round6::round6_static_pass_does_not_replace_dynamic_d2: test
tests::round6::round6_test_only_two_product_recipe_keeps_buffer_exception: test
tests::seed_and_parameter_negatives: test
tests::simultaneous_ring_restoration: test
tests::stopped_engine_cannot_continue: test
tests::three_examples_static: test
tests::total_exhaustion_survives_window_expiry: test
tests::transfer_capacity_and_empty_cooldown: test
tests::transfer_conservation: test
tests::transfer_cooldown_pause: test
tests::transport_wrong_item_rejects: test
tests::warehouse_80000_and_recipe_conservation: test
tests::warehouse_competition_atomic_stop: test
tests::warehouse_identity_monotone: test
tests::warehouse_invalid_identity_and_order: test
tests::warehouse_single_unknown_with_assigned_empty: test
tests::warehouse_unassigned_species_order: test

100 tests, 0 benchmarks
