RF1 1
KF1 1
RF2 1
KF2 1
RF3 1
KF3 1
RF4 1
KF4 1
RF5 1
KF5 1
RF6 1
KF6 1
RF7 1
KF7 1
RF8 1
KF8 1
RF9 1
KF9 1
RF10 1
KF10 1
RF11 1
KF11 1
RF12 1
KF12 1
RF13 1
KF13 1
RF14 1
KF14 1
RF15 1
KF15 1
RF16 1
KF16 1
RF17 1
KF17 1
RF18 1
KF18 1
RF19 1
KF19 1
RF20 1
KF20 1
RF21 1
KF21 1
RF22 1
KF22 1
RF23 1
KF23 1
RF24 1
KF24 1
RF25 1
KF25 1
RF26 1
KF26 1
RF27 1
KF27 1
RF28 1
KF28 1
RF29 1
KF29 1
RF30 1
KF30 180
RF31 1
KF31 1
RF32 1
KF32 1
RF33 1
KF33 1
RF34 76
KF34 144
KO1 1
KO2 196
KO3 1
KO4 1
KO5 1
KO6 1
KO7 1
KO8 1
KO9 1
KO10 1
KO11 1
KO12 1
KO13 1
KO14 1
KO15 1
KO16 1
KO17 1
KO18 1
B1 1
B2 1
B3 1
B4 1
B5 1
B6 1
B7 1
B8 1
B9 1
B10 1
B11 1
B12 1
B13 1
B14 1
B15 80
B16 1
B17 1
O1 148
O2 1
O3 76
O4 1
O5 1
O6 1
O7 1
O8 1
O9 1
Q1 1
Q2 1
Q3 1
Q4 1
Q5 1
Q6 1
SC1 1
SA1 1
SB1 140
S1 100
SC2 1
SA2 1
SB2 1
S2 1
SC3 1
SA3 196
SB3 1
S3 1
SC4 136
SA4 184
SB4 60
S4 1
SC5 1
SA5 1
SB5 1
S5 1
SC6 1
SA6 1
SB6 1
S6 1
SC7 1
SA7 1
SB7 1
S7 1
SC8 1
SA8 1
SB8 1
S8 1
SC9 28
SA9 88
SB9 1
S9 1
SC10 1
SA10 1
SB10 1
S10 1
SC11 1
SA11 1
SB11 1
S11 1
SC12 1
SA12 1
SB12 1
S12 1
SC13 1
SA13 1
SB13 1
S13 1
QC1 1
QA1 1
QB1 1
QK1 1
QC2 1
QA2 1
QB2 1
QK2 1
QC3 1
QA3 1
QB3 1
QK3 1
QC4 1
QA4 1
QB4 1
QK4 1
QC5 1
QA5 1
QB5 1
QK5 1
QC6 1
QA6 1
QB6 1
QK6 1
R1 1
R2 1
R3 1
R4 1
R5 1
R6 1
R7 1
R8 1
R9 1
R10 1
R11 1
R12 1
R13 1
R14 1
R15 1
R16 1
R17 1
P1 1
H1 1
P2 1
H2 1
P3 1
H3 1
P4 1
H4 1
P5 1
H5 1
P6 1
H6 1
E1 62
E2 1
E3 1
F1 1
F2 1
F3 64
F4 1
CORE 1
WFE1 1
WFE2 1
WFE3 1
WFE4 1
WFE5 1
WFE6 1
WFE7 1
WFE8 1
WFE9 1
WFE10 1
WFE11 1
WFE12 1
WFE13 1
WFE14 1
WFE15 1
WFE16 1
WFE17 1
WFE18 1
WFE19 1
WFE20 1
WFE21 1
WFE22 1
WFE23 1
WFE24 1
WFE25 1
WFE26 1
WFE27 1
WFE28 1
WFE29 1
WFE30 1
WFE31 1
WFE32 1
WFE33 1
WFE34 1
WO7 1
WO8 1
WO9 1
WO10 1
WO11 1
WO12 1
WO13 1
WO14 1
WO15 1
WO16 1
WO17 1
WO18 1
POWER0 1
POWER1 1
POWER2 1
POWER3 1
POWER4 1
POWER5 1
POWER6 1
POWER7 1
POWER8 1
POWER9 1
POWER10 1
POWER11 1
POWER12 1
POWER13 1
POWER14 1
POWER15 1
POWER16 1
POWER17 1
POWER18 1
POWER19 1
POWER20 1
POWER21 49
POWER22 1
POWER23 1
POWER24 1
POWER25 1
找到摆放 0.558569022 -260560.0
找到摆放 0.5683369500000001 -290560.0
找到摆放 0.61138631 -310552.0
找到摆放 0.816148603 -350549.0
找到摆放 0.890418947 -370546.0
找到摆放 2.129051844 -380511.0
找到摆放 2.175766769 -380514.0
找到摆放 2.179297172 -390514.0
找到摆放 2.182179567 -390517.0
找到摆放 2.1927004670000003 -400514.0
找到摆放 2.1995554960000003 -440511.0
找到摆放 2.2659728180000003 -450514.0
{'status': 'OPTIMAL', 'wall': 9.400993932, 'variables': 4438, 'constraints': 9158, 'radius': 3, 'source': '/home/zhuran24/zmd-research-fresh/求解器/构造/第四张全厂候选/实现/实验/局部循环/0004-source.json'}
