--- continuation-start/revision_r3_cli.py
+++ final/revision_r3_cli.py
@@ -32,6 +32,63 @@
     for ref in [data['catalog'], data['parameters']['axis_registry']]:
         ref['path'] = str((path.parent / ref['path']).resolve())
     return data
+
+
+def relocate_fixture_paths(data, path, label):
+    """Map historical reference paths only; preserve all original digest fields."""
+    historical_root = Path('/home/zhuran24/zmd-research-fresh')
+    mappings = []
+
+    def walk(value, pointer=''):
+        if isinstance(value, dict):
+            result = {}
+            for key, item in value.items():
+                child = pointer + '/' + key.replace('~', '~0').replace('/', '~1')
+                if key == 'path' and isinstance(item, str) and item.startswith(str(historical_root) + '/'):
+                    target = (ROOT.parent / Path(item).relative_to(historical_root)).resolve()
+                    assert target.is_relative_to(ROOT.parent), ('fixture reference escape', item)
+                    assert target.is_file(), ('missing relocated fixture dependency', str(target))
+                    result[key] = str(target)
+                    mappings.append(dict(pointer=child, before=item, after=str(target),
+                                         preserved_reference_sha256=value.get('sha256'),
+                                         target_sha256=hashlib.sha256(target.read_bytes()).hexdigest()))
+                else:
+                    result[key] = walk(item, child)
+            return result
+        if isinstance(value, list):
+            return [walk(item, pointer + '/' + str(i)) for i, item in enumerate(value)]
+        return value
+
+    relocated = walk(data)
+    save(label, dict(fixture=str(path),
+         fixture_sha256=hashlib.sha256(path.read_bytes()).hexdigest(), mappings=mappings))
+    return relocated
+
+
+def fixture_source(path):
+    return relocate_fixture_paths(read(path), path, 'fixture-relocation')
+
+
+def fixture_record(path):
+    record = relocate_fixture_paths(read(path)['run_record'], path, 'legacy-record-relocation')
+    inputs = [ref for ref in record['fingerprints'] if ref['role'] == 'input']
+    assert len(inputs) == 1
+    reference = inputs[0]
+    original_path = Path(reference['path'])
+    original_bytes = original_path.read_bytes()
+    original_hash = hashlib.sha256(original_bytes).hexdigest()
+    assert original_hash == reference['sha256'], ('historical input fingerprint mismatch', str(original_path))
+    original = json.loads(original_bytes)
+    assert (json.dumps(original, ensure_ascii=False, indent=2) + '\n').encode() == original_bytes
+    relocated = relocate_fixture_paths(original, original_path, 'legacy-input-relocation')
+    target = save(original_path.stem, relocated)
+    current_hash = hashlib.sha256(target.read_bytes()).hexdigest()
+    reference.update(path=str(target), sha256=current_hash)
+    save('legacy-input-reference-map', dict(
+        pointer='/fingerprints/0', source=str(original_path), source_sha256=original_hash,
+        target=str(target), target_sha256=current_hash,
+        mapping='Only registered path tokens in the copied input change; rebind its one input fingerprint to the new raw bytes.'))
+    return record
 
 
 def invoke(name, mode, path, expected, ticks=2):
@@ -131,13 +188,13 @@
     assert run['trace'] is None and cycle['cycle'] is None and cycle['run_record_ref'] is None
     assert cycle['stop']['kind'] == 'resource' and cycle['stop']['axis'] == 'resource.integer'
     expired = ROOT / 'crates/kernel/复核/r3-规格保真-证据/gate-expired-after-closure-input.json'
-    reject_all('expired-after-closure', read(expired))
+    reject_all('expired-after-closure', fixture_source(expired))
     # 原复核的小门证书只在循环起点之前有延迟W事件；必须先由独立身份检查拒收。
     legacy = ROOT / 'crates/kernel/复核/r3-规格保真-证据/tiny-expired-cycle.json'
     bad = invoke('legacy-late-window-cycle', 'verify-cycle', legacy, 'invalid_input')
     # 第六轮拒收旧内嵌式版本；下方仍独立核其待事件时序错误。
     assert any('字段须恰为' in s or '版本不符' in s for s in bad['open_items']), bad
-    embedded = save('legacy-late-window-record', read(legacy)['run_record'])
+    embedded = save('legacy-late-window-record', fixture_record(legacy))
     invoke('legacy-late-window-record', 'verify-record', embedded, 'invalid_input')
     result = dict(status='pass',binary=str(BIN),binary_sha256=hashlib.sha256(BIN.read_bytes()).hexdigest(),
                   cases=REPORTS,checkpoint_state_preserved=True,checkpoint_resume_fields_equal=True)
