SHA 283de8e9420017fec55b6248975f6e30ce8efe3778ca4ab021be5aa4ecc42dbe
单位 {"制造单位": 230, "机型": {"精炼炉": 51, "粉碎机": 71, "研磨机": 32, "采种机": 19, "种植机": 38, "配件机": 6, "塑形机": 6, "封装机": 3, "灌装机": 4}, "取货口": 46, "左": 23, "下": 23, "取货口物品": {"蓝铁矿": 34, "源矿": 12}, "供电桩": 26, "运输单位": {"belt": 514, "bridge": 52}, "制造单位占格": 3567, "非运输占格": 3890, "运输占格": 566, "总占格": 4456, "空格": 444}
通道 {"重建": 850, "声明": 850, "一致": true, "前向（在进路上）": 845, "相邻桥逆向": 5, "多余": 0}
接法 {"期望": 325, "已通（按接法计）": 227, "缺": 98, "接法外": 0}
等长 {"H6→F4": [1], "Q6→F4": [1]}
空矩形 {"重算最优": [[63, 14, 68, 19]], "面积": 36, "短边": 6, "声明": [63, 14, 68, 19], "声明格为空": true}
进路 {"重建条数": 227, "断头链": 0, "运输物品格": 618, "被共用物品格": 0, "logical_feeds比对": {"声明条数": 227, "重建条数": 227, "只在声明中": 0, "只在重建中": 0}} 未用传送带 0
桥接器 座数 52 相邻对 [('T9_25', 'T9_26', 'V'), ('T14_24', 'T14_25', 'V'), ('T14_25', 'T14_26', 'V'), ('T25_9', 'T26_9', 'H'), ('T47_55', 'T47_56', 'V')]
无电 []
边带排布 {"左边未占": [0], "下边未占": [0], "正对格不是运输单位": [["WFE14", [1, 8], "RF18"], ["WFE16", [1, 65], null], ["WFE23", [1, 62], null], ["WFE25", [68, 1], "RF32"], ["WFE30", [1, 2], null]]}
问题类别 Counter({'边带排布': 1})
通道 850 逆向 5 其他 0
进路 227 断/错追 0 共用格 0 未用运输物品格 0 物品格 618
接法 已通 227 缺 98 接法外 0
等长 [1] [1] 无电 [] 桥声明不符 []
空矩形 (36, 6) [(63, 14, 68, 19)]
其他问题 []
互核项 16 不一致 []
空格 1010 连通块 77 77
same True {'汇存货端口没有可用邻格': 15, '两端位于不同空格连通块': 56, '源取货端口没有可用邻格': 23, '单路可达': 4}
anyitem True {'汇存货端口没有可用邻格': 15, '两端位于不同空格连通块': 56, '源取货端口没有可用邻格': 23, '单路可达': 4}
all True {'汇存货端口没有可用邻格': 15, '两端位于不同空格连通块': 56, '源取货端口没有可用邻格': 23, '单路可达': 4}
端口容量不足单位 49
  KF2 [67, 4, 69, 6] Din 2 取货 0 / 1 存货 1 / 1
  KF3 [47, 15, 49, 17] Din 3 取货 0 / 1 存货 2 / 1
  RF4 [61, 56, 63, 58] Din 3 取货 1 / 1 存货 0 / 1
  KF17 [23, 23, 25, 25] Din 3 取货 2 / 1 存货 0 / 1
  KF18 [28, 24, 30, 26] Din 0 取货 3 / 1 存货 0 / 1
  RF20 [11, 6, 13, 8] Din 3 取货 0 / 1 存货 3 / 1
  KF21 [11, 48, 13, 50] Din 2 取货 0 / 1 存货 3 / 1
  RF23 [12, 66, 14, 68] Din 3 取货 3 / 1 存货 0 / 1
  KF26 [50, 20, 52, 22] Din 1 取货 0 / 1 存货 3 / 1
  RF32 [67, 1, 69, 3] Din 2 取货 0 / 1 存货 1 / 1
  KF32 [67, 7, 69, 9] Din 0 取货 1 / 1 存货 0 / 1
  KO2 [48, 35, 50, 37] Din 1 取货 0 / 1 存货 1 / 1
  B2 [11, 38, 14, 43] Din 0 取货 1 / 1 存货 0 / 3
  B10 [10, 51, 13, 56] Din 2 取货 6 / 1 存货 2 / 3
  B11 [14, 16, 19, 19] Din 1 取货 4 / 1 存货 0 / 3
  B14 [19, 30, 22, 35] Din 2 取货 1 / 1 存货 2 / 3
  O1 [41, 28, 46, 31] Din 3 取货 5 / 1 存货 2 / 3
  O3 [55, 30, 60, 33] Din 1 取货 0 / 1 存货 6 / 3
  Q4 [49, 60, 54, 63] Din 1 取货 1 / 1 存货 1 / 3
  SC1 [48, 24, 52, 28] Din 0 取货 1 / 2 存货 0 / 1
  S1 [40, 24, 42, 26] Din 3 取货 2 / 3 存货 1 / 1
  SB3 [62, 25, 66, 29] Din 3 取货 0 / 1 存货 2 / 1
  SA4 [40, 17, 44, 21] Din 0 取货 0 / 1 存货 1 / 1
  SB6 [15, 41, 19, 45] Din 3 取货 5 / 1 存货 0 / 1
  S7 [26, 21, 28, 23] Din 3 取货 2 / 3 存货 1 / 1
  S9 [60, 42, 62, 44] Din 1 取货 1 / 3 存货 3 / 1
  SB11 [65, 50, 69, 54] Din 1 取货 0 / 1 存货 1 / 1
  S11 [37, 24, 39, 26] Din 1 取货 3 / 3 存货 0 / 1
  QK1 [46, 62, 48, 64] Din 1 取货 2 / 2 存货 0 / 1
  QC3 [49, 64, 53, 68] Din 3 取货 5 / 2 存货 0 / 1
  QK3 [36, 34, 38, 36] Din 0 取货 3 / 2 存货 0 / 1
  QC4 [65, 65, 69, 69] Din 0 取货 5 / 2 存货 0 / 1
  QA4 [65, 45, 69, 49] Din 2 取货 0 / 1 存货 1 / 1
  QA6 [33, 43, 37, 47] Din 3 取货 0 / 1 存货 2 / 1
  R3 [23, 20, 25, 22] Din 3 取货 0 / 1 存货 2 / 1
  R5 [20, 23, 22, 25] Din 2 取货 0 / 1 存货 2 / 1
  R9 [28, 31, 30, 33] Din 2 取货 0 / 1 存货 3 / 1
  R13 [20, 20, 22, 22] Din 1 取货 1 / 1 存货 0 / 1
  R15 [31, 16, 33, 18] Din 0 取货 0 / 1 存货 1 / 1
  P2 [55, 15, 57, 17] Din 3 取货 0 / 1 存货 0 / 1
  H3 [11, 16, 13, 18] Din 3 取货 0 / 1 存货 2 / 2
  P5 [8, 16, 10, 18] Din 0 取货 1 / 1 存货 0 / 1
  P6 [16, 31, 18, 33] Din 1 取货 0 / 1 存货 1 / 1
  E2 [55, 6, 58, 11] Din 2 取货 0 / 1 存货 2 / 5
  E3 [14, 20, 19, 23] Din 1 取货 0 / 1 存货 6 / 5
  F1 [35, 48, 40, 51] Din 1 取货 3 / 1 存货 3 / 4
  F2 [48, 51, 53, 54] Din 1 取货 1 / 1 存货 3 / 4
  F3 [53, 24, 56, 29] Din 0 取货 1 / 1 存货 1 / 2
  F4 [23, 46, 26, 51] Din 0 取货 0 / 1 存货 6 / 2
取货口被挡 [{'取货口': 'WFE14', '物品': '蓝铁矿', '正对格': [1, 8], '被占': 'RF18'}, {'取货口': 'WFE25', '物品': '蓝铁矿', '正对格': [68, 1], '被占': 'RF32'}]
可用取货口 {'蓝铁矿': 32, '源矿': 12}
单位 231 齐全 94 全无 ['KF4', 'P2', 'P5', 'QA4', 'RF16', 'RF25', 'RF4', 'SA1'] 取货口已用 39
贴界 [{'单位': 'KF2', '占格': [67, 4, 69, 6], '贴界的边': '取货边'}, {'单位': 'RF32', '占格': [67, 1, 69, 3], '贴界的边': '取货边'}, {'单位': 'KF32', '占格': [67, 7, 69, 9], '贴界的边': '存货边'}, {'单位': 'QC4', '占格': [65, 65, 69, 69], '贴界的边': '存货边'}, {'单位': 'QA4', '占格': [65, 45, 69, 49], '贴界的边': '取货边'}]
m_pole 去掉覆盖台数最多的供电桩 POWER17 编码一 True {'问题': 12, '已通': 227, '接法外': 0} 编码二 True {'问题': 11, '已通': 227}
m_flip 对调 WFE33→RF33 首格 (1,5) 传送带的方向 编码一 True {'问题': 10, '已通': 226, '接法外': 0} 编码二 True {'问题': 12, '已通': 226}
m_bridge2belt 把 (38,52) 桥接器换成向右的传送带 编码一 True {'问题': 5, '已通': 226, '接法外': 0} 编码二 True {'问题': 2, '已通': 226}
m_rect 在声明空矩形内 (65,16) 放一格传送带 编码一 True {'问题': 2, '已通': 227, '接法外': 0} 编码二 True {'问题': 2, '已通': 227}
m_extra 在 S1 空着的取货端口外 (42, 27) 加一格传送带 编码一 True {'问题': 4, '已通': 227, '接法外': 1} 编码二 True {'问题': 1, '已通': 227}
m_swap 交换 B1 与 B2 的身份 编码一 True {'问题': 6, '已通': 224, '接法外': 3} 编码二 True {'问题': 3, '已通': 224}
m_hin 改 (42,32) 桥接器 H_in 声明 编码一 True {'问题': 2, '已通': 227, '接法外': 0} 编码二 True {'问题': 1, '已通': 227}
m_outlet 把 WFE1 从下边界抬高一格 编码一 True {'问题': 8, '已通': 226, '接法外': 0} 编码二 True {'问题': 4, '已通': 226}
m_core 把协议核心一个取货端口改设蓝铁矿 编码一 True {'问题': 4, '已通': 227, '接法外': 0} 编码二 True {'问题': 2, '已通': 226}
m_eq 交换 H5 与 H6 的身份（H6→F4 不再是 1 格的那一路） 编码一 True {'问题': 6, '已通': 225, '接法外': 2} 编码二 True {'问题': 3, '已通': 225}
m_overlap 把一个供电桩挪到 RF1 机身上（重叠） 编码一 True {'问题': 12, '已通': 226, '接法外': 0} 编码二 True {'问题': 9, '已通': 226}
283de8e9420017fec55b6248975f6e30ce8efe3778ca4ab021be5aa4ecc42dbe  求解器/构造/第四张全厂候选/实现/布局.json
c8d3a17b8830baba18aea36c4c66f02f8873895188f8821176cc218aa6135f93  求解器/候选约束轮次/第107-109轮/前提快照/《明日方舟：终末地》游戏规则.txt
7bec7a1edf2f46644a6e6a75d588f5ff05202cc32d6b42430677ea39b878309b  求解器/候选约束轮次/第107-109轮/前提快照/求解任务.txt
dfea46c61f29be5a86659bce3642009d2558ace073d6dbd79f5dd3c6475226db  求解器/候选约束轮次/第107-109轮/前提快照/求解约束.txt
6807b9a5baf9be40020930ee186b67e4ed657069e1c6cd341af237dff20b986d  求解器/候选约束轮次/第107-109轮/临时规则.md
a0686ba02fd1f7faa523a780cd82db8950e8563becf194080c22a5ff94c3cc5f  求解器/候选约束轮次/第107-109轮/推导107S2B.md
e554c55e6be46040a3df898061edee180c6529896b37e04556ccd56254d12591  求解器/构造/第四张全厂候选/核查-实现/check_alt.py
b5285c20687288d6831c9e771b81b6cb046f77e8434e0be1cca2eff86a54e5af  求解器/构造/第四张全厂候选/核查-实现/check_main.py
873ce37b30bb164234ce8f5203a3f5a694cd71f1ec9b660d9125f4118dd18475  求解器/构造/第四张全厂候选/核查-实现/cross.py
c1241dc61e3f86acc713602268b77551dbe7ac181f321204add8c8311f43fc22  求解器/构造/第四张全厂候选/核查-实现/mutations.py
6295170ebc159cd942ec5de99c42ccaa39b3dc8529ed100e2aa23d32252f073a  求解器/构造/第四张全厂候选/核查-实现/per_unit.py
5b1f9ee1bd54f580f803f2bee4ac69a65e266a7f8287c3b408912088ea33a8fa  求解器/构造/第四张全厂候选/核查-实现/reach.py
