{
 "candidate_sha256": "283de8e9420017fec55b6248975f6e30ce8efe3778ca4ab021be5aa4ecc42dbe",
 "fingerprints_match": true,
 "counts": {
  "machines": 230,
  "models": {
   "精炼炉": 51,
   "粉碎机": 71,
   "研磨机": 32,
   "采种机": 19,
   "种植机": 38,
   "配件机": 6,
   "塑形机": 6,
   "封装机": 3,
   "灌装机": 4
  },
  "outlets": 46,
  "poles": 26,
  "transport": 566,
  "belts": 514,
  "bridges": 52,
  "occupied_cells": 4456,
  "machine_cells": 3567,
  "non_transport_cells": 3890
 },
 "outlets_by_side": {
  "下": 23,
  "左": 23
 },
 "outlet_items": {
  "蓝铁矿": 34,
  "源矿": 12
 },
 "edge_gaps": {
  "左": [
   0
  ],
  "下": [
   0
  ]
 },
 "unpowered_machines": [],
 "channels_rebuilt": 850,
 "channels_declared": 850,
 "adjacent_bridge_pairs": [
  [
   "T9_25",
   "T9_26"
  ],
  [
   "T14_24",
   "T14_25"
  ],
  [
   "T14_25",
   "T14_26"
  ],
  [
   "T25_9",
   "T26_9"
  ],
  [
   "T47_55",
   "T47_56"
  ]
 ],
 "orphan_transport_nodes": [],
 "reverse_bridge_channels": 5,
 "transport_physical_degree_with_reverse": [
  {
   "node": [
    "T14_24",
    "V"
   ],
   "cell": [
    14,
    24
   ],
   "in": 1,
   "out": 2
  },
  {
   "node": [
    "T14_25",
    "V"
   ],
   "cell": [
    14,
    25
   ],
   "in": 2,
   "out": 2
  },
  {
   "node": [
    "T14_26",
    "V"
   ],
   "cell": [
    14,
    26
   ],
   "in": 2,
   "out": 1
  },
  {
   "node": [
    "T25_9",
    "H"
   ],
   "cell": [
    25,
    9
   ],
   "in": 1,
   "out": 2
  },
  {
   "node": [
    "T26_9",
    "H"
   ],
   "cell": [
    26,
    9
   ],
   "in": 2,
   "out": 1
  },
  {
   "node": [
    "T47_55",
    "V"
   ],
   "cell": [
    47,
    55
   ],
   "in": 1,
   "out": 2
  },
  {
   "node": [
    "T47_56",
    "V"
   ],
   "cell": [
    47,
    56
   ],
   "in": 2,
   "out": 1
  },
  {
   "node": [
    "T9_25",
    "V"
   ],
   "cell": [
    9,
    25
   ],
   "in": 1,
   "out": 2
  },
  {
   "node": [
    "T9_26",
    "V"
   ],
   "cell": [
    9,
    26
   ],
   "in": 2,
   "out": 1
  }
 ],
 "transport_degree_anomalies": [],
 "bridges": [
  {
   "bridge": "T11_1",
   "cell": [
    11,
    1
   ],
   "H": "RF33→KF33",
   "V": "WFE20→RF20",
   "H_in": [
    2
   ],
   "V_in": [
    3
   ]
  },
  {
   "bridge": "T11_5",
   "cell": [
    11,
    5
   ],
   "H": "RF22→KF22",
   "V": "WFE20→RF20",
   "H_in": [
    0
   ],
   "V_in": [
    3
   ]
  },
  {
   "bridge": "T14_1",
   "cell": [
    14,
    1
   ],
   "H": "RF33→KF33",
   "V": "WFE22→RF22",
   "H_in": [
    2
   ],
   "V_in": [
    3
   ]
  },
  {
   "bridge": "T14_24",
   "cell": [
    14,
    24
   ],
   "H": "B5→R5",
   "V": "O8→E3",
   "H_in": [
    2
   ],
   "V_in": [
    1
   ]
  },
  {
   "bridge": "T14_25",
   "cell": [
    14,
    25
   ],
   "H": "KO13→O7",
   "V": "O8→E3",
   "H_in": [
    2
   ],
   "V_in": [
    1,
    3
   ]
  },
  {
   "bridge": "T14_26",
   "cell": [
    14,
    26
   ],
   "H": "S5→O7",
   "V": "O8→E3",
   "H_in": [
    2
   ],
   "V_in": [
    1,
    3
   ]
  },
  {
   "bridge": "T14_30",
   "cell": [
    14,
    30
   ],
   "H": "KO14→O7",
   "V": "O8→E3",
   "H_in": [
    2
   ],
   "V_in": [
    1
   ]
  },
  {
   "bridge": "T14_35",
   "cell": [
    14,
    35
   ],
   "H": "B6→R6",
   "V": "O8→E3",
   "H_in": [
    2
   ],
   "V_in": [
    1
   ]
  },
  {
   "bridge": "T18_57",
   "cell": [
    18,
    57
   ],
   "H": "SB13→S13",
   "V": "SC12→SB12",
   "H_in": [
    0
   ],
   "V_in": [
    1
   ]
  },
  {
   "bridge": "T19_24",
   "cell": [
    19,
    24
   ],
   "H": "B5→R5",
   "V": "O7→E3",
   "H_in": [
    2
   ],
   "V_in": [
    1
   ]
  },
  {
   "bridge": "T1_14",
   "cell": [
    1,
    14
   ],
   "H": "WFE27→RF27",
   "V": "WFE34→RF34",
   "H_in": [
    2
   ],
   "V_in": [
    1
   ]
  },
  {
   "bridge": "T1_17",
   "cell": [
    1,
    17
   ],
   "H": "WFE28→RF28",
   "V": "WFE34→RF34",
   "H_in": [
    2
   ],
   "V_in": [
    1
   ]
  },
  {
   "bridge": "T1_20",
   "cell": [
    1,
    20
   ],
   "H": "WFE9→RF9",
   "V": "WFE34→RF34",
   "H_in": [
    2
   ],
   "V_in": [
    1
   ]
  },
  {
   "bridge": "T1_23",
   "cell": [
    1,
    23
   ],
   "H": "WFE10→RF10",
   "V": "WFE34→RF34",
   "H_in": [
    2
   ],
   "V_in": [
    1
   ]
  },
  {
   "bridge": "T1_26",
   "cell": [
    1,
    26
   ],
   "H": "WO13→KO13",
   "V": "WFE34→RF34",
   "H_in": [
    2
   ],
   "V_in": [
    1
   ]
  },
  {
   "bridge": "T1_29",
   "cell": [
    1,
    29
   ],
   "H": "WO14→KO14",
   "V": "WFE34→RF34",
   "H_in": [
    2
   ],
   "V_in": [
    1
   ]
  },
  {
   "bridge": "T1_32",
   "cell": [
    1,
    32
   ],
   "H": "WFE11→RF11",
   "V": "WFE34→RF34",
   "H_in": [
    2
   ],
   "V_in": [
    1
   ]
  },
  {
   "bridge": "T1_35",
   "cell": [
    1,
    35
   ],
   "H": "WFE12→RF12",
   "V": "WFE34→RF34",
   "H_in": [
    2
   ],
   "V_in": [
    1
   ]
  },
  {
   "bridge": "T1_38",
   "cell": [
    1,
    38
   ],
   "H": "WO15→KO15",
   "V": "WFE34→RF34",
   "H_in": [
    2
   ],
   "V_in": [
    1
   ]
  },
  {
   "bridge": "T1_41",
   "cell": [
    1,
    41
   ],
   "H": "WO16→KO16",
   "V": "WFE34→RF34",
   "H_in": [
    2
   ],
   "V_in": [
    1
   ]
  },
  {
   "bridge": "T1_44",
   "cell": [
    1,
    44
   ],
   "H": "WFE15→RF15",
   "V": "WFE34→RF34",
   "H_in": [
    2
   ],
   "V_in": [
    1
   ]
  },
  {
   "bridge": "T1_47",
   "cell": [
    1,
    47
   ],
   "H": "WFE21→RF21",
   "V": "WFE34→RF34",
   "H_in": [
    2
   ],
   "V_in": [
    1
   ]
  },
  {
   "bridge": "T1_50",
   "cell": [
    1,
    50
   ],
   "H": "WO17→KO17",
   "V": "WFE34→RF34",
   "H_in": [
    2
   ],
   "V_in": [
    1
   ]
  },
  {
   "bridge": "T1_53",
   "cell": [
    1,
    53
   ],
   "H": "WO18→KO18",
   "V": "WFE34→RF34",
   "H_in": [
    2
   ],
   "V_in": [
    1
   ]
  },
  {
   "bridge": "T1_56",
   "cell": [
    1,
    56
   ],
   "H": "WFE19→RF19",
   "V": "WFE34→RF34",
   "H_in": [
    2
   ],
   "V_in": [
    1
   ]
  },
  {
   "bridge": "T22_37",
   "cell": [
    22,
    37
   ],
   "H": "KF14→B7",
   "V": "B1→R1",
   "H_in": [
    0
   ],
   "V_in": [
    3
   ]
  },
  {
   "bridge": "T25_9",
   "cell": [
    25,
    9
   ],
   "H": "S3→B3",
   "V": "KO7→O4",
   "H_in": [
    0
   ],
   "V_in": [
    3
   ]
  },
  {
   "bridge": "T26_9",
   "cell": [
    26,
    9
   ],
   "H": "S3→B3",
   "V": "S3→O4",
   "H_in": [
    0,
    2
   ],
   "V_in": [
    3
   ]
  },
  {
   "bridge": "T30_9",
   "cell": [
    30,
    9
   ],
   "H": "S3→B4",
   "V": "KO8→O4",
   "H_in": [
    2
   ],
   "V_in": [
    3
   ]
  },
  {
   "bridge": "T32_42",
   "cell": [
    32,
    42
   ],
   "H": "QC6→QA6",
   "V": "QC6→QB6",
   "H_in": [
    2
   ],
   "V_in": [
    3
   ]
  },
  {
   "bridge": "T35_34",
   "cell": [
    35,
    34
   ],
   "H": "QK3→Q3",
   "V": "QK3→Q3",
   "H_in": [
    0
   ],
   "V_in": [
    1
   ]
  },
  {
   "bridge": "T38_39",
   "cell": [
    38,
    39
   ],
   "H": "CORE→KO3",
   "V": "CORE→KO5",
   "H_in": [
    0
   ],
   "V_in": [
    1
   ]
  },
  {
   "bridge": "T38_42",
   "cell": [
    38,
    42
   ],
   "H": "CORE→KO1",
   "V": "CORE→KO5",
   "H_in": [
    0
   ],
   "V_in": [
    1
   ]
  },
  {
   "bridge": "T38_52",
   "cell": [
    38,
    52
   ],
   "H": "H2→F1",
   "V": "Q2→F1",
   "H_in": [
    2
   ],
   "V_in": [
    1
   ]
  },
  {
   "bridge": "T42_32",
   "cell": [
    42,
    32
   ],
   "H": "P1→E1",
   "V": "O1→E1",
   "H_in": [
    2
   ],
   "V_in": [
    3
   ]
  },
  {
   "bridge": "T43_53",
   "cell": [
    43,
    53
   ],
   "H": "QK2→Q2",
   "V": "S8→Q2",
   "H_in": [
    0
   ],
   "V_in": [
    3
   ]
  },
  {
   "bridge": "T44_11",
   "cell": [
    44,
    11
   ],
   "H": "QA5→QC5",
   "V": "SB4→S4",
   "H_in": [
    2
   ],
   "V_in": [
    1
   ]
  },
  {
   "bridge": "T46_47",
   "cell": [
    46,
    47
   ],
   "H": "QC1→QB1",
   "V": "F2→CORE",
   "H_in": [
    0
   ],
   "V_in": [
    1
   ]
  },
  {
   "bridge": "T47_55",
   "cell": [
    47,
    55
   ],
   "H": "QB2→QK2",
   "V": "S8→Q2",
   "H_in": [
    0
   ],
   "V_in": [
    1
   ]
  },
  {
   "bridge": "T47_56",
   "cell": [
    47,
    56
   ],
   "H": "S8→Q1",
   "V": "S8→Q2",
   "H_in": [
    0
   ],
   "V_in": [
    1,
    3
   ]
  },
  {
   "bridge": "T48_11",
   "cell": [
    48,
    11
   ],
   "H": "QA5→QC5",
   "V": "RF3→KF3",
   "H_in": [
    2
   ],
   "V_in": [
    3
   ]
  },
  {
   "bridge": "T48_5",
   "cell": [
    48,
    5
   ],
   "H": "S4→O6",
   "V": "RF3→KF3",
   "H_in": [
    2
   ],
   "V_in": [
    3
   ]
  },
  {
   "bridge": "T4_6",
   "cell": [
    4,
    6
   ],
   "H": "WFE33→RF33",
   "V": "RF13→KF13",
   "H_in": [
    2
   ],
   "V_in": [
    3
   ]
  },
  {
   "bridge": "T50_55",
   "cell": [
    50,
    55
   ],
   "H": "QB2→QK2",
   "V": "Q4→F2",
   "H_in": [
    0
   ],
   "V_in": [
    1
   ]
  },
  {
   "bridge": "T55_34",
   "cell": [
    55,
    34
   ],
   "H": "S2→O2",
   "V": "KO6→O3",
   "H_in": [
    0
   ],
   "V_in": [
    1
   ]
  },
  {
   "bridge": "T59_1",
   "cell": [
    59,
    1
   ],
   "H": "WFE2→RF2",
   "V": "WFE29→RF29",
   "H_in": [
    2
   ],
   "V_in": [
    3
   ]
  },
  {
   "bridge": "T5_48",
   "cell": [
    5,
    48
   ],
   "H": "RF21→KF21",
   "V": "S6→O9",
   "H_in": [
    2
   ],
   "V_in": [
    3
   ]
  },
  {
   "bridge": "T64_5",
   "cell": [
    64,
    5
   ],
   "H": "RF2→KF2",
   "V": "RF31→KF31",
   "H_in": [
    2
   ],
   "V_in": [
    3
   ]
  },
  {
   "bridge": "T7_2",
   "cell": [
    7,
    2
   ],
   "H": "WFE24→RF24",
   "V": "RF33→KF33",
   "H_in": [
    2
   ],
   "V_in": [
    1
   ]
  },
  {
   "bridge": "T9_25",
   "cell": [
    9,
    25
   ],
   "H": "KO13→O7",
   "V": "S5→B5",
   "H_in": [
    2
   ],
   "V_in": [
    1
   ]
  },
  {
   "bridge": "T9_26",
   "cell": [
    9,
    26
   ],
   "H": "S5→O7",
   "V": "S5→B5",
   "H_in": [
    2
   ],
   "V_in": [
    1,
    3
   ]
  },
  {
   "bridge": "T9_30",
   "cell": [
    9,
    30
   ],
   "H": "KO14→O7",
   "V": "S5→B6",
   "H_in": [
    2
   ],
   "V_in": [
    3
   ]
  }
 ],
 "S2_expected_routes": 325,
 "routes_complete": 227,
 "routes_incomplete": 0,
 "routes_matched": 227,
 "routes_missing_count": 98,
 "routes_extra": [],
 "outlet_label_pairs_mismatch": [],
 "H6_F4_len": [
  1
 ],
 "Q6_F4_len": [
  1
 ],
 "logical_feeds_declared": 227,
 "logical_feeds_equal_rebuilt": true,
 "max_empty_rect": {
  "area": 36,
  "short": 6,
  "bounds": [
   63,
   14,
   68,
   19
  ]
 },
 "declared_rect": {
  "x0": 63,
  "y0": 14,
  "x1": 68,
  "y1": 19
 },
 "declared_rect_empty": true
}
problems: 1
('S2接法', 1)
