{
 "candidate_sha256": "b740729534aad3ba4d3962c9282836073fdff4eb1bebf5edfeb216423a6313bf",
 "fingerprints_match": true,
 "counts": {
  "machines": 230,
  "models": {
   "精炼炉": 51,
   "粉碎机": 71,
   "研磨机": 32,
   "采种机": 19,
   "种植机": 38,
   "配件机": 6,
   "塑形机": 6,
   "封装机": 3,
   "灌装机": 4
  },
  "outlets": 46,
  "poles": 28,
  "transport": 530,
  "belts": 489,
  "bridges": 41,
  "occupied_cells": 4428,
  "machine_cells": 3567,
  "non_transport_cells": 3898
 },
 "outlets_by_side": {
  "下": 23,
  "左": 23
 },
 "outlet_items": {
  "蓝铁矿": 34,
  "源矿": 12
 },
 "edge_gaps": {
  "左": [
   0
  ],
  "下": [
   0
  ]
 },
 "unpowered_machines": [
  "KF16",
  "B2",
  "O2",
  "SA9",
  "SC11",
  "H1"
 ],
 "channels_rebuilt": 793,
 "channels_declared": 793,
 "adjacent_bridge_pairs": [
  [
   "T9_25",
   "T9_26"
  ],
  [
   "T14_24",
   "T14_25"
  ],
  [
   "T14_25",
   "T14_26"
  ],
  [
   "T25_9",
   "T26_9"
  ]
 ],
 "orphan_transport_nodes": [],
 "reverse_bridge_channels": 4,
 "transport_physical_degree_with_reverse": [
  {
   "node": [
    "T14_24",
    "V"
   ],
   "cell": [
    14,
    24
   ],
   "in": 1,
   "out": 2
  },
  {
   "node": [
    "T14_25",
    "V"
   ],
   "cell": [
    14,
    25
   ],
   "in": 2,
   "out": 2
  },
  {
   "node": [
    "T14_26",
    "V"
   ],
   "cell": [
    14,
    26
   ],
   "in": 2,
   "out": 1
  },
  {
   "node": [
    "T25_9",
    "H"
   ],
   "cell": [
    25,
    9
   ],
   "in": 1,
   "out": 2
  },
  {
   "node": [
    "T26_9",
    "H"
   ],
   "cell": [
    26,
    9
   ],
   "in": 2,
   "out": 1
  },
  {
   "node": [
    "T9_25",
    "V"
   ],
   "cell": [
    9,
    25
   ],
   "in": 1,
   "out": 2
  },
  {
   "node": [
    "T9_26",
    "V"
   ],
   "cell": [
    9,
    26
   ],
   "in": 2,
   "out": 1
  }
 ],
 "transport_degree_anomalies": [],
 "bridges": [
  {
   "bridge": "T11_1",
   "cell": [
    11,
    1
   ],
   "H": "RF25→KF25",
   "V": "WFE4→RF4",
   "H_in": [
    2
   ],
   "V_in": [
    3
   ]
  },
  {
   "bridge": "T11_45",
   "cell": [
    11,
    45
   ],
   "H": "RF15→KF15",
   "V": "KF21→B11",
   "H_in": [
    2
   ],
   "V_in": [
    1
   ]
  },
  {
   "bridge": "T14_1",
   "cell": [
    14,
    1
   ],
   "H": "RF25→KF25",
   "V": "WFE22→RF22",
   "H_in": [
    2
   ],
   "V_in": [
    3
   ]
  },
  {
   "bridge": "T14_24",
   "cell": [
    14,
    24
   ],
   "H": "B5→R5",
   "V": "O8→E3",
   "H_in": [
    2
   ],
   "V_in": [
    1
   ]
  },
  {
   "bridge": "T14_25",
   "cell": [
    14,
    25
   ],
   "H": "KO13→O7",
   "V": "O8→E3",
   "H_in": [
    2
   ],
   "V_in": [
    1,
    3
   ]
  },
  {
   "bridge": "T14_26",
   "cell": [
    14,
    26
   ],
   "H": "S5→O7",
   "V": "O8→E3",
   "H_in": [
    2
   ],
   "V_in": [
    1,
    3
   ]
  },
  {
   "bridge": "T14_30",
   "cell": [
    14,
    30
   ],
   "H": "KO14→O7",
   "V": "O8→E3",
   "H_in": [
    2
   ],
   "V_in": [
    1
   ]
  },
  {
   "bridge": "T14_35",
   "cell": [
    14,
    35
   ],
   "H": "B6→R6",
   "V": "O8→E3",
   "H_in": [
    2
   ],
   "V_in": [
    1
   ]
  },
  {
   "bridge": "T15_16",
   "cell": [
    15,
    16
   ],
   "H": "B2→R2",
   "V": "R11→H3",
   "H_in": [
    0
   ],
   "V_in": [
    3
   ]
  },
  {
   "bridge": "T19_24",
   "cell": [
    19,
    24
   ],
   "H": "B5→R5",
   "V": "O7→E3",
   "H_in": [
    2
   ],
   "V_in": [
    1
   ]
  },
  {
   "bridge": "T1_20",
   "cell": [
    1,
    20
   ],
   "H": "WFE9→RF9",
   "V": "WFE28→RF28",
   "H_in": [
    2
   ],
   "V_in": [
    1
   ]
  },
  {
   "bridge": "T1_23",
   "cell": [
    1,
    23
   ],
   "H": "WFE10→RF10",
   "V": "WFE28→RF28",
   "H_in": [
    2
   ],
   "V_in": [
    1
   ]
  },
  {
   "bridge": "T1_26",
   "cell": [
    1,
    26
   ],
   "H": "WO13→KO13",
   "V": "WFE28→RF28",
   "H_in": [
    2
   ],
   "V_in": [
    1
   ]
  },
  {
   "bridge": "T1_29",
   "cell": [
    1,
    29
   ],
   "H": "WO14→KO14",
   "V": "WFE28→RF28",
   "H_in": [
    2
   ],
   "V_in": [
    1
   ]
  },
  {
   "bridge": "T1_32",
   "cell": [
    1,
    32
   ],
   "H": "WFE11→RF11",
   "V": "WFE28→RF28",
   "H_in": [
    2
   ],
   "V_in": [
    1
   ]
  },
  {
   "bridge": "T1_35",
   "cell": [
    1,
    35
   ],
   "H": "WFE12→RF12",
   "V": "WFE28→RF28",
   "H_in": [
    2
   ],
   "V_in": [
    1
   ]
  },
  {
   "bridge": "T1_38",
   "cell": [
    1,
    38
   ],
   "H": "WO15→KO15",
   "V": "WFE28→RF28",
   "H_in": [
    2
   ],
   "V_in": [
    1
   ]
  },
  {
   "bridge": "T1_41",
   "cell": [
    1,
    41
   ],
   "H": "WO16→KO16",
   "V": "WFE28→RF28",
   "H_in": [
    2
   ],
   "V_in": [
    1
   ]
  },
  {
   "bridge": "T1_44",
   "cell": [
    1,
    44
   ],
   "H": "WFE15→RF15",
   "V": "WFE28→RF28",
   "H_in": [
    2
   ],
   "V_in": [
    1
   ]
  },
  {
   "bridge": "T1_47",
   "cell": [
    1,
    47
   ],
   "H": "WFE21→RF21",
   "V": "WFE28→RF28",
   "H_in": [
    2
   ],
   "V_in": [
    1
   ]
  },
  {
   "bridge": "T1_50",
   "cell": [
    1,
    50
   ],
   "H": "WO17→KO17",
   "V": "WFE28→RF28",
   "H_in": [
    2
   ],
   "V_in": [
    1
   ]
  },
  {
   "bridge": "T1_53",
   "cell": [
    1,
    53
   ],
   "H": "WO18→KO18",
   "V": "WFE28→RF28",
   "H_in": [
    2
   ],
   "V_in": [
    1
   ]
  },
  {
   "bridge": "T1_56",
   "cell": [
    1,
    56
   ],
   "H": "WFE20→RF20",
   "V": "WFE28→RF28",
   "H_in": [
    2
   ],
   "V_in": [
    1
   ]
  },
  {
   "bridge": "T24_43",
   "cell": [
    24,
    43
   ],
   "H": "R7→H1",
   "V": "RF16→KF16",
   "H_in": [
    2
   ],
   "V_in": [
    3
   ]
  },
  {
   "bridge": "T25_9",
   "cell": [
    25,
    9
   ],
   "H": "S3→B3",
   "V": "KO7→O4",
   "H_in": [
    0
   ],
   "V_in": [
    3
   ]
  },
  {
   "bridge": "T26_9",
   "cell": [
    26,
    9
   ],
   "H": "S3→B3",
   "V": "S3→O4",
   "H_in": [
    0,
    2
   ],
   "V_in": [
    3
   ]
  },
  {
   "bridge": "T30_9",
   "cell": [
    30,
    9
   ],
   "H": "S3→B4",
   "V": "KO8→O4",
   "H_in": [
    2
   ],
   "V_in": [
    3
   ]
  },
  {
   "bridge": "T36_23",
   "cell": [
    36,
    23
   ],
   "H": "SC7→SA7",
   "V": "KF30→B15",
   "H_in": [
    2
   ],
   "V_in": [
    1
   ]
  },
  {
   "bridge": "T38_52",
   "cell": [
    38,
    52
   ],
   "H": "H2→F1",
   "V": "Q2→F1",
   "H_in": [
    2
   ],
   "V_in": [
    1
   ]
  },
  {
   "bridge": "T44_11",
   "cell": [
    44,
    11
   ],
   "H": "QA5→QC5",
   "V": "SB4→S4",
   "H_in": [
    2
   ],
   "V_in": [
    1
   ]
  },
  {
   "bridge": "T45_17",
   "cell": [
    45,
    17
   ],
   "H": "SB1→S1",
   "V": "SC4→SB4",
   "H_in": [
    2
   ],
   "V_in": [
    1
   ]
  },
  {
   "bridge": "T46_48",
   "cell": [
    46,
    48
   ],
   "H": "SC3→SB3",
   "V": "F4→CORE",
   "H_in": [
    0
   ],
   "V_in": [
    1
   ]
  },
  {
   "bridge": "T4_6",
   "cell": [
    4,
    6
   ],
   "H": "WFE25→RF25",
   "V": "RF13→KF13",
   "H_in": [
    2
   ],
   "V_in": [
    3
   ]
  },
  {
   "bridge": "T55_34",
   "cell": [
    55,
    34
   ],
   "H": "S2→O3",
   "V": "KO4→O2",
   "H_in": [
    0
   ],
   "V_in": [
    1
   ]
  },
  {
   "bridge": "T59_1",
   "cell": [
    59,
    1
   ],
   "H": "WFE31→RF31",
   "V": "WFE29→RF29",
   "H_in": [
    2
   ],
   "V_in": [
    3
   ]
  },
  {
   "bridge": "T5_43",
   "cell": [
    5,
    43
   ],
   "H": "RF15→KF15",
   "V": "S6→O8",
   "H_in": [
    2
   ],
   "V_in": [
    1
   ]
  },
  {
   "bridge": "T5_48",
   "cell": [
    5,
    48
   ],
   "H": "RF21→KF21",
   "V": "S6→O9",
   "H_in": [
    2
   ],
   "V_in": [
    3
   ]
  },
  {
   "bridge": "T8_1",
   "cell": [
    8,
    1
   ],
   "H": "RF25→KF25",
   "V": "WFE30→RF30",
   "H_in": [
    2
   ],
   "V_in": [
    3
   ]
  },
  {
   "bridge": "T9_25",
   "cell": [
    9,
    25
   ],
   "H": "KO13→O7",
   "V": "S5→B5",
   "H_in": [
    2
   ],
   "V_in": [
    1
   ]
  },
  {
   "bridge": "T9_26",
   "cell": [
    9,
    26
   ],
   "H": "S5→O7",
   "V": "S5→B5",
   "H_in": [
    2
   ],
   "V_in": [
    1,
    3
   ]
  },
  {
   "bridge": "T9_30",
   "cell": [
    9,
    30
   ],
   "H": "KO14→O7",
   "V": "S5→B6",
   "H_in": [
    2
   ],
   "V_in": [
    3
   ]
  }
 ],
 "S2_expected_routes": 325,
 "routes_complete": 218,
 "routes_incomplete": 0,
 "routes_matched": 218,
 "routes_missing_count": 107,
 "routes_extra": [],
 "outlet_label_pairs_mismatch": [],
 "H6_F4_len": [],
 "Q6_F4_len": [],
 "logical_feeds_declared": 218,
 "logical_feeds_equal_rebuilt": true,
 "max_empty_rect": {
  "area": 36,
  "short": 6,
  "bounds": [
   63,
   14,
   68,
   19
  ]
 },
 "declared_rect": {
  "x0": 63,
  "y0": 14,
  "x1": 68,
  "y1": 19
 },
 "declared_rect_empty": true
}
problems: 3
('供电', 1)
('S2接法', 1)
('等长', 1)
('供电', "无供电制造单位：['KF16', 'B2', 'O2', 'SA9', 'SC11', 'H1']")
('等长', 'H6→F4 运输物品格数 []，Q6→F4 运输物品格数 []，不相等')
