
Starting CP-SAT solver v9.15.6755
Parameters: random_seed: 20260922 max_time_in_seconds: 30 log_search_progress: true num_search_workers: 8 cp_model_probing_level: 0 log_to_stdout: false

Initial satisfaction model '': (model_fingerprint: 0x64eb3188645b0eec)
#Variables: 38'104 (30'628 primary variables)
  - 33'341 Booleans in [0,1]
  - 1 in [0,6]
  - 4'761 in [0,12]
  - 1 in [10,11]
#kBoolAnd: 28'070 (#enforced: 28'070) (#literals: 56'140)
#kBoolOr: 35'855 (#enforced: 35'855) (#literals: 165'189)
#kExactlyOne: 1 (#literals: 47)
#kLinear1: 141
#kLinear2: 3'791
#kLinearN: 30'691 (#enforced: 4'365) (#terms: 1'094'157)

Starting presolve at 0.08s
  2.68e-02s  0.00e+00d  [DetectDominanceRelations] 
  2.86e-01s  0.00e+00d  [PresolveToFixPoint] #num_loops=3 #num_dual_strengthening=2 
  2.68e-03s  0.00e+00d  [ExtractEncodingFromLinear] #potential_supersets=3'783 #potential_subsets=3 #exo_encodings=2 #literals=4 
  1.36e-02s  0.00e+00d  [DetectDuplicateColumns] 
  1.65e-03s  0.00e+00d  [DetectDuplicateConstraints] 
[Symmetry] Graph for symmetry has 146'328 nodes and 1'387'633 arcs.
[Symmetry] Symmetry computation done. time: 0.0333606 dtime: 0.154732
[Symmetry] #generators: 91, average support size: 2
[Symmetry] 1 orbits on 92 variables with sizes: 92
[Symmetry] Found orbitope of size 1 x 92
[SAT presolve] num removable Booleans: 0 / 29'551
[SAT presolve] num trivial clauses: 0
[SAT presolve] [0s] clauses:63'925 literals:257'184 vars:25'925 one_side_vars:25890 simple_definition:4 singleton_clauses:0
[SAT presolve] [0.00205467s] clauses:63'925 literals:257'184 vars:25'925 one_side_vars:25890 simple_definition:4 singleton_clauses:0
[SAT presolve] [0.00298878s] clauses:63'925 literals:257'184 vars:25'925 one_side_vars:25890 simple_definition:4 singleton_clauses:0
[MaxClique] Merged 28223 with 62795 literals) into 26152(60724 literals) at_most_ones.
  6.22e-02s  0.00e+00d  [ProcessAtMostOneAndLinear] #num_changes=299 
  1.88e-03s  0.00e+00d  [DetectDuplicateConstraints] 
  1.66e-03s  0.00e+00d  [DetectDuplicateConstraintsWithDifferentEnforcements] #without_enforcements=184 
  5.26e-01s  1.00e-01d  [DetectDominatedLinearConstraints] #relevant_constraints=26'654 #num_inclusions=26'434 
  2.01e-03s  0.00e+00d  [DetectDifferentVariables] 
  3.64e-02s  9.07e-03d  [ProcessSetPPC] #relevant_constraints=70'015 #num_inclusions=3 
  5.71e-03s  1.30e-03d  [TransformClausesToExactlyOne] #num_amos=26'149 #num_clauses=35'843 #num_checked=35'843 
  7.73e-03s  0.00e+00d  [DetectEncodedComplexDomains] 
  1.30e-03s  8.53e-05d  [FindAlmostIdenticalLinearConstraints] #num_tested_pairs=3'627 
  1.36e-01s  1.00e+00d *[FindBigAtMostOneAndLinearOverlap] 
  1.09e-01s  7.68e-01d  [FindBigVerticalLinearOverlap] #blocks=49 #saved_nz=175'525 
  1.35e-01s  1.00e+00d *[FindBigHorizontalLinearOverlap] #blocks=2 #saved_nz=380 #linears=21'013 
  7.28e-03s  1.01e-03d  [MergeClauses] #num_collisions=15'918 #num_merges=15'918 #num_saved_literals=73'121 
  2.03e-02s  0.00e+00d  [DetectDominanceRelations] 
  7.78e-02s  0.00e+00d  [PresolveToFixPoint] #num_loops=5 #num_dual_strengthening=1 
  2.03e-02s  0.00e+00d  [DetectDominanceRelations] 
  7.52e-02s  0.00e+00d  [PresolveToFixPoint] #num_loops=1 #num_dual_strengthening=1 
  1.19e-02s  0.00e+00d  [DetectDuplicateColumns] 
  1.53e-03s  0.00e+00d  [DetectDuplicateConstraints] 
[Symmetry] Graph for symmetry has 127'625 nodes and 1'131'218 arcs.
[Symmetry] Symmetry computation done. time: 0.0250987 dtime: 0.111769
[Symmetry] #generators: 88, average support size: 2
[Symmetry] 2 orbits on 90 variables with sizes: 59,31
[Symmetry] Found orbitope of size 1 x 59
[SAT presolve] num removable Booleans: 0 / 29'550
[SAT presolve] num trivial clauses: 0
[SAT presolve] [0s] clauses:61'765 literals:252'864 vars:25'915 one_side_vars:25915 simple_definition:0 singleton_clauses:0
[SAT presolve] [0.00186377s] clauses:61'765 literals:252'864 vars:25'915 one_side_vars:25915 simple_definition:0 singleton_clauses:0
[SAT presolve] [0.00278759s] clauses:61'765 literals:252'864 vars:25'915 one_side_vars:25915 simple_definition:0 singleton_clauses:0
  2.92e-02s  0.00e+00d  [ProcessAtMostOneAndLinear] #num_changes=30 
  1.98e-03s  0.00e+00d  [DetectDuplicateConstraints] 
  1.79e-03s  0.00e+00d  [DetectDuplicateConstraintsWithDifferentEnforcements] #without_enforcements=184 
  7.62e-02s  1.42e-02d  [DetectDominatedLinearConstraints] #relevant_constraints=26'692 #num_inclusions=4'017 
  2.00e-03s  0.00e+00d  [DetectDifferentVariables] 
  3.52e-02s  8.16e-03d  [ProcessSetPPC] #relevant_constraints=69'990 #num_inclusions=1 
  6.10e-03s  1.30e-03d  [TransformClausesToExactlyOne] #num_amos=26'148 #num_clauses=35'843 #num_checked=35'843 
  8.45e-03s  0.00e+00d  [DetectEncodedComplexDomains] 
  1.50e-03s  8.61e-05d  [FindAlmostIdenticalLinearConstraints] #num_tested_pairs=3'659 
  2.56e-01s  1.00e+00d *[FindBigAtMostOneAndLinearOverlap] 
  6.75e-02s  7.16e-01d  [FindBigVerticalLinearOverlap] 
  1.35e-01s  1.00e+00d *[FindBigHorizontalLinearOverlap] #linears=21'018 
  7.43e-03s  1.01e-03d  [MergeClauses] #num_collisions=15'918 #num_merges=15'918 #num_saved_literals=73'121 
  2.16e-02s  0.00e+00d  [DetectDominanceRelations] 
  7.90e-02s  0.00e+00d  [PresolveToFixPoint] #num_loops=5 #num_dual_strengthening=1 
  2.11e-02s  0.00e+00d  [DetectDominanceRelations] 
  7.74e-02s  0.00e+00d  [PresolveToFixPoint] #num_loops=1 #num_dual_strengthening=1 
  1.32e-02s  0.00e+00d  [DetectDuplicateColumns] 
  1.86e-03s  0.00e+00d  [DetectDuplicateConstraints] 
[Symmetry] Graph for symmetry has 127'624 nodes and 1'131'139 arcs.
[Symmetry] Symmetry computation done. time: 0.0269459 dtime: 0.111662
[Symmetry] #generators: 88, average support size: 2
[Symmetry] 2 orbits on 90 variables with sizes: 59,31
[Symmetry] Found orbitope of size 1 x 59
[SAT presolve] num removable Booleans: 0 / 29'549
[SAT presolve] num trivial clauses: 0
[SAT presolve] [0s] clauses:61'765 literals:252'864 vars:25'915 one_side_vars:25915 simple_definition:0 singleton_clauses:0
[SAT presolve] [0.00189536s] clauses:61'765 literals:252'864 vars:25'915 one_side_vars:25915 simple_definition:0 singleton_clauses:0
[SAT presolve] [0.00283878s] clauses:61'765 literals:252'864 vars:25'915 one_side_vars:25915 simple_definition:0 singleton_clauses:0
  3.00e-02s  0.00e+00d  [ProcessAtMostOneAndLinear] 
  2.44e-03s  0.00e+00d  [DetectDuplicateConstraints] 
  2.19e-03s  0.00e+00d  [DetectDuplicateConstraintsWithDifferentEnforcements] #without_enforcements=184 
  7.70e-02s  1.42e-02d  [DetectDominatedLinearConstraints] #relevant_constraints=26'692 #num_inclusions=4'017 
  2.52e-03s  0.00e+00d  [DetectDifferentVariables] 
  3.59e-02s  8.16e-03d  [ProcessSetPPC] #relevant_constraints=69'989 #num_inclusions=1 
  6.45e-03s  1.30e-03d  [TransformClausesToExactlyOne] #num_amos=26'147 #num_clauses=35'843 #num_checked=35'843 
  7.69e-03s  0.00e+00d  [DetectEncodedComplexDomains] 
  1.81e-03s  8.52e-05d  [FindAlmostIdenticalLinearConstraints] #num_tested_pairs=3'621 
  2.56e-01s  1.00e+00d *[FindBigAtMostOneAndLinearOverlap] 
  6.88e-02s  7.16e-01d  [FindBigVerticalLinearOverlap] 
  1.38e-01s  1.00e+00d *[FindBigHorizontalLinearOverlap] #linears=21'018 
  7.82e-03s  1.01e-03d  [MergeClauses] #num_collisions=15'918 #num_merges=15'918 #num_saved_literals=73'121 
  2.19e-02s  0.00e+00d  [DetectDominanceRelations] 
  7.94e-02s  0.00e+00d  [PresolveToFixPoint] #num_loops=5 #num_dual_strengthening=1 
  1.01e-03s  0.00e+00d  [MergeNoOverlap] 
  8.84e-04s  0.00e+00d  [MergeNoOverlap2D] 

Presolve summary:
  - 3656 affine relations were detected.
  - rule 'TODO dual: only one blocking constraint?' was applied 4'110 times.
  - rule 'TODO dual: tighten at most one' was applied 519 times.
  - rule 'TODO linear2: convert ax + by != cte to clauses for large domains' was applied 1'008 times.
  - rule 'affine: new relation' was applied 3'656 times.
  - rule 'at_most_one: transformed into max clique' was applied 1 time.
  - rule 'bool_and: x => x' was applied 3'648 times.
  - rule 'bool_or: implications' was applied 3'660 times.
  - rule 'deductions: 300 stored' was applied 1 time.
  - rule 'dual: enforced equivalence' was applied 3'648 times.
  - rule 'encoding: candidate linear is all boolean now' was applied 2 times.
  - rule 'encoding: extracted from linear' was applied 2 times.
  - rule 'encoding: reduced target domain' was applied 2 times.
  - rule 'exactly_one: removed literals' was applied 3 times.
  - rule 'linear + amo: empty after processing' was applied 2 times.
  - rule 'linear + amo: extracted enforcement literal' was applied 258 times.
  - rule 'linear + amo: fixed literal implied by enforcement' was applied 77 times.
  - rule 'linear matrix: common horizontal rectangle' was applied 2 times.
  - rule 'linear matrix: common vertical rectangle' was applied 49 times.
  - rule 'linear matrix: defining equation for common rectangle' was applied 1 time.
  - rule 'linear1: x in domain' was applied 276 times.
  - rule 'linear2: contains a boolean' was applied 1 time.
  - rule 'linear2: convert ax + by != cte to clauses' was applied 3'648 times.
  - rule 'linear: always true' was applied 1 time.
  - rule 'linear: extracted at most one (min)' was applied 2 times.
  - rule 'linear: fixed or dup variables' was applied 3 times.
  - rule 'linear: never in domain' was applied 2 times.
  - rule 'linear: positive at most one' was applied 139 times.
  - rule 'linear: positive equal one' was applied 3'643 times.
  - rule 'linear: reduced variable domains' was applied 41 times.
  - rule 'linear: reduced variable domains in derived constraint' was applied 25 times.
  - rule 'linear: remapped using affine relations' was applied 37 times.
  - rule 'linear: variable substitution 2' was applied 3 times.
  - rule 'linear: variable substitution 3' was applied 9 times.
  - rule 'new_bool: var with 2 values' was applied 1 time.
  - rule 'presolve: 279 unused variables removed.' was applied 1 time.
  - rule 'presolve: iteration' was applied 3 times.
  - rule 'setppc: bool_or in at_most_one' was applied 5 times.
  - rule 'setppc: fixed variables' was applied 3 times.
  - rule 'variables with 2 values: create encoding literal' was applied 1 time.
  - rule 'variables with 2 values: new affine relation' was applied 1 time.
  - rule 'variables: detect half reified value encoding' was applied 252 times.

Presolved satisfaction model '': (model_fingerprint: 0x99b0fed6ba263a16)
#Variables: 34'208 (26'977 primary variables)
  - 29'548 Booleans in [0,1]
  - 1 in [-12,12]
  - 23 in [0,2]
  - 5 in [0,3]
  - 7 in [0,4]
  - 3 in [0,5]
  - 6 in [0,6]
  - 2 in [0,7]
  - 3 in [0,8]
  - 2 in [0,9]
  - 4 in [0,10]
  - 3 in [0,11]
  - 4'596 in [0,12]
  - 1 in [0,35]
  - 1 in [131,3568]
  - 1 in [133,3570]
  - 1 in [138,3575]
  - 1 in [142,3579]
#kAtMostOne: 225 (#literals: 8'730)
#kBoolAnd: 3'082 (#enforced: 3'082) (#literals: 29'004)
#kBoolAndClauses: 15'902 (#enforced: 15'902 #multi: 15'902) (#literals: 104'889)
#kBoolOr: 4'023 (#literals: 23'010)
#kExactlyOne: 3'646 (#literals: 711'893)
#kLinear1: 253 (#enforced: 253)
#kLinear3: 4'497 (#enforced: 17)
#kLinearN: 22'195 (#enforced: 4'348) (#terms: 173'635)
[Symmetry] Graph for symmetry has 123'676 nodes and 1'131'090 arcs.
[Symmetry] Symmetry computation done. time: 0.0263325 dtime: 0.111419
[Symmetry] #generators: 87, average support size: 2
[Symmetry] 2 orbits on 89 variables with sizes: 59,30
[Symmetry] Found orbitope of size 1 x 59

Preloading model.
#Model   3.80s var:34208/34208 constraints:53823/53823

Starting search at 3.81s with 8 workers.
6 full problem subsolvers: [default_lp, max_lp_sym, no_lp, probing, quick_restart, quick_restart_no_lp]
2 first solution subsolvers: [fj, fs_random_no_lp]
2 interleaved subsolvers: [feasibility_pump, rins/rens]
2 helper subsolvers: [neighborhood_helper, synchronization_agent]

#Model   4.73s var:34098/34208 constraints:53769/53823
#Model   4.86s var:34088/34208 constraints:53760/53823
#Model   5.03s var:34050/34208 constraints:53731/53823
#Model   5.12s var:33991/34208 constraints:53671/53823
#Model   5.23s var:33981/34208 constraints:53666/53823
#Model   5.33s var:33980/34208 constraints:53666/53823
#Model   5.50s var:33921/34208 constraints:53666/53823
#Model   5.64s var:33917/34208 constraints:53663/53823
#Model   5.78s var:33877/34208 constraints:53652/53823
#Model   5.92s var:33875/34208 constraints:53651/53823
#Model   6.06s var:33873/34208 constraints:53651/53823
#Model   6.20s var:33872/34208 constraints:53651/53823
#Model   6.34s var:33868/34208 constraints:53646/53823
#Model   6.47s var:33866/34208 constraints:53643/53823
#Model   6.71s var:33822/34208 constraints:53588/53823
#Model   6.85s var:33821/34208 constraints:53586/53823
#Model   6.99s var:33820/34208 constraints:53586/53823
#Model   7.13s var:33818/34208 constraints:53585/53823
#Model   7.27s var:33817/34208 constraints:53584/53823
#Model   7.51s var:33816/34208 constraints:53583/53823
#Model   8.25s var:33815/34208 constraints:53582/53823
#Model   8.35s var:33814/34208 constraints:53582/53823
#Model   8.68s var:33813/34208 constraints:53581/53823
#Model   8.90s var:33811/34208 constraints:53576/53823
#Model   9.00s var:33810/34208 constraints:53576/53823
#Model   9.38s var:33809/34208 constraints:53574/53823
#Model   9.48s var:33808/34208 constraints:53573/53823
#Model   9.62s var:33807/34208 constraints:53570/53823
#Model   9.76s var:33806/34208 constraints:53568/53823
#Model   9.90s var:33804/34208 constraints:53563/53823 [skipped_logs=0]
#Model  11.02s var:33798/34208 constraints:53559/53823 [skipped_logs=2]
#Model  11.95s var:33789/34208 constraints:53542/53823 [skipped_logs=5]
#Model  12.71s var:33783/34208 constraints:53538/53823 [skipped_logs=3]
#Model  13.95s var:33776/34208 constraints:53527/53823 [skipped_logs=5]
#Model  14.63s var:33772/34208 constraints:53523/53823 [skipped_logs=2]
#Model  15.52s var:33771/34208 constraints:53521/53823 [skipped_logs=0]
#Model  16.95s var:33767/34208 constraints:53516/53823 [skipped_logs=2]
#Model  17.78s var:33756/34208 constraints:53499/53823 [skipped_logs=4]
#Model  19.62s var:33755/34208 constraints:53498/53823
#Model  20.16s var:33754/34208 constraints:53497/53823
#Model  20.50s var:33753/34208 constraints:53495/53823 [skipped_logs=0]
#Model  21.39s var:33750/34208 constraints:53491/53823 [skipped_logs=1]
#Model  22.57s var:33741/34208 constraints:53476/53823 [skipped_logs=1]
#Model  24.98s var:33740/34208 constraints:53474/53823
#Model  26.05s var:33739/34208 constraints:53472/53823
#Model  27.43s var:33738/34208 constraints:53470/53823

Task timing                      n [     min,      max]      avg      dev     time         n [     min,      max]      avg      dev    dtime
           'default_lp':         1 [  26.15s,   26.15s]   26.15s   0.00ns   26.15s         2 [240.44ms,   32.22s]   16.23s   15.99s   32.46s
     'feasibility_pump':       206 [322.80us,    7.66s]  75.83ms 643.66ms   15.62s         4 [   1.35s,    9.33s]    4.96s    3.03s   19.83s
                   'fj':       158 [ 33.86ms,  84.96ms]  61.19ms   8.27ms    9.67s       158 [ 86.15ms, 123.07ms] 110.94ms   8.60ms   17.53s
      'fs_random_no_lp':         1 [  26.18s,   26.18s]   26.18s   0.00ns   26.18s         2 [144.73us,   38.94s]   19.47s   19.47s   38.95s
           'max_lp_sym':         1 [  26.11s,   26.11s]   26.11s   0.00ns   26.11s         2 [   2.31s,   43.50s]   22.90s   20.60s   45.81s
                'no_lp':         1 [  26.19s,   26.19s]   26.19s   0.00ns   26.19s         2 [144.73us,   45.95s]   22.97s   22.97s   45.95s
              'probing':         1 [  26.24s,   26.24s]   26.24s   0.00ns   26.24s         2 [355.83ms,    9.58s]    4.97s    4.61s    9.93s
        'quick_restart':         1 [  26.24s,   26.24s]   26.24s   0.00ns   26.24s         2 [320.25ms,   24.29s]   12.30s   11.98s   24.61s
  'quick_restart_no_lp':         1 [  26.24s,   26.24s]   26.24s   0.00ns   26.24s         2 [144.73us,   23.67s]   11.84s   11.84s   23.67s
            'rins/rens':         0 [  0.00ns,   0.00ns]   0.00ns   0.00ns   0.00ns         0 [  0.00ns,   0.00ns]   0.00ns   0.00ns   0.00ns

Search stats               Bools  Conflicts   Branches  Restarts  BacktrackToRoot  Backtrack   BoolPropag  IntegerPropag
           'default_lp':  29'633        210    481'344         1            7'470     15'455    9'537'073      4'155'444
      'fs_random_no_lp':  29'634     93'136    676'049        26            8'322    108'733  114'531'240    184'234'941
           'max_lp_sym':  29'633        162    729'252         1           10'644     24'878   17'441'921     18'803'315
                'no_lp':  29'633     91'103    974'891        89           23'693    137'381  217'987'530     85'325'635
              'probing':  29'674          4         78         0               78         78        2'602         20'711
        'quick_restart':  29'633        282    728'914         2           11'990     27'248   18'829'119      8'527'973
  'quick_restart_no_lp':  29'867     27'857  3'567'359     2'485           17'105     60'034   59'481'504     72'336'069

SAT formula               Fixed  Equiv   Total  VarLeft  BinaryClauses  PermanentClauses  TemporaryClauses
           'default_lp':    335      0  29'633   29'298        284'950            39'226                 3
      'fs_random_no_lp':    422      0  29'634   29'212        215'594            40'958             4'733
           'max_lp_sym':    424      4  29'633   29'205        214'268            39'081                 0
                'no_lp':    470      4  29'633   29'159        219'876            41'029            12'282
              'probing':    234      0  29'674   29'440        205'500            39'489                 0
        'quick_restart':    468      4  29'633   29'161        219'402            39'731                10
  'quick_restart_no_lp':    470      4  29'867   29'393        238'002            42'524             9'432

SAT stats                 ClassicMinim  LitRemoved  LitRemovedBinary  LitLearned  LitForgotten  Subsumed
           'default_lp':            11         131             1'239       5'404             0        16
      'fs_random_no_lp':        78'171     528'139           843'928   3'970'702     2'715'728    28'513
           'max_lp_sym':            15          31             1'106       1'284             0        34
                'no_lp':        86'161     749'331           902'205   2'956'789     1'996'522    19'709
              'probing':             0           0                 0           4             0         0
        'quick_restart':            30          89             2'025       3'049             0        49
  'quick_restart_no_lp':        16'869      81'667           213'567   2'026'199       668'592     2'949

Vivification              Clauses  Decisions  LitTrue  Subsumed  LitRemoved  DecisionReused  Conflicts
           'default_lp':    2'872    464'016        0        45       1'424             191        149
      'fs_random_no_lp':    3'078    455'878        0       164       3'277             192        150
           'max_lp_sym':    6'054    710'505        7       412       2'895             658         96
                'no_lp':   14'579    754'505        6     1'108      12'486           2'362        189
              'probing':        0          0        0         0           0               0          0
        'quick_restart':    5'579    707'262        0       622       4'717             587        155
  'quick_restart_no_lp':    7'177    584'912        0       902       9'533             907        198

Clause deletion           at_true  l_and_not(l)  to_binary  sub_conflict  sub_extra  sub_decisions  sub_eager  sub_vivify  sub_probing  sub_inpro  blocked  eliminated  forgotten  promoted  conflicts
           'default_lp':      206             0          4            16          0              7          0          45           19         53        0           0          0        12        210
      'fs_random_no_lp':      563             0          4        28'099        600             11        414         164            5         63        0           0     57'029   196'728     93'136
           'max_lp_sym':      587             9          0            34          0              1          0         412          138         88        0           0          0         0        162
                'no_lp':      673             0          6        17'714        354          1'174      1'995       1'108          137        214        0           0     55'111   201'449     91'103
              'probing':        0             0          0             0          0              0          0           0            0          0        0           0          0         0          4
        'quick_restart':      668             2          5            48          0             14          1         622          189        150        0           0          0        26        282
  'quick_restart_no_lp':      670             0          4         2'587        144             14        362         902          179        201        0           0     10'776    51'131     27'857

Lp stats            Component  Iterations  AddedCuts  OPTIMAL  DUAL_F.  DUAL_U.
     'default_lp':          1      71'442         56      123       99        1
     'max_lp_sym':          1      11'117          0        0        9        0
        'probing':          1      16'367        712       67        3        0
  'quick_restart':          1      28'361        119       82       22        3

Lp dimension                Final dimension of first component
     'default_lp':     4114 rows, 29843 columns, 84312 entries
     'max_lp_sym':  89878 rows, 34121 columns, 1158558 entries
        'probing':     2116 rows, 29843 columns, 49521 entries
  'quick_restart':     2861 rows, 29843 columns, 52399 entries

Lp debug            CutPropag  CutEqPropag  Adjust  Overflow     Bad  BadScaling
     'default_lp':          0            0       1         0     607           0
     'max_lp_sym':          0            0       0         0       0           0
        'probing':          0            0       0         0  74'818           0
  'quick_restart':          0            0       3         0  16'168           0

Lp pool             Constraints  Updates  Simplif  Merged  Shortened  Split  Strengthened  Cuts/Call
     'default_lp':       26'028        0    1'732       0      1'732      0             0      56/75
     'max_lp_sym':       89'878        0        0       0          0      0             0        0/0
        'probing':       26'684       42    1'127       0      1'113      0            21  712/1'356
  'quick_restart':       26'091       13    2'592       0      2'592      0             0    119/259

Lp Cut           default_lp  quick_restart  probing
         CG_FF:          12             12       28
          CG_K:          12              2       14
         CG_KL:           1              -        -
          CG_R:          12             13       62
            IB:          11             32       29
      MIR_1_FF:           1              1        5
      MIR_1_KL:           1              -        1
       MIR_1_R:           1              2        4
      MIR_2_FF:           -              -       24
       MIR_2_K:           -              -        3
      MIR_2_KL:           -              -        4
       MIR_2_R:           -              1       19
      MIR_3_FF:           1              -       29
       MIR_3_K:           1              -        3
      MIR_3_KL:           1              -        9
       MIR_3_R:           1              4       26
      MIR_4_FF:           -              -        8
       MIR_4_K:           -              -        2
      MIR_4_KL:           -              -        3
       MIR_4_R:           -              5       13
      MIR_5_FF:           -              -       10
      MIR_5_KL:           -              -        1
       MIR_5_R:           -              -        9
      MIR_6_FF:           -              1        4
       MIR_6_K:           -              -        1
      MIR_6_KL:           -              1        1
       MIR_6_R:           1              2        7
  ZERO_HALF_FF:           -             12       78
   ZERO_HALF_K:           -              -        5
   ZERO_HALF_R:           -             31      310

LNS stats       Improv/Calls  Closed  Difficulty  TimeLimit
  'rins/rens':           0/0      0%    5.00e-01       0.10

LS stats                                    Batches  Restarts/Perturbs  LinMoves  GenMoves  CompoundMoves  Bactracks  WeightUpdates  ScoreComputed
                             'fj_restart':        4                  2     3'849         0              0          0             12        132'107
                    'fj_restart_compound':        1                  1         0       935            811         56              0         83'979
                'fj_restart_compound_obj':       14                  8         0    11'295          9'004      1'093              0      1'313'585
            'fj_restart_compound_perturb':        4                  4         0     6'691          6'540         37              0        386'524
        'fj_restart_compound_perturb_obj':        7                  6         0    10'614         10'091        229              0        673'181
                       'fj_restart_decay':        5                  4     5'847         0              0          0             11        161'766
              'fj_restart_decay_compound':        9                  6         0     7'482          6'487        456              0        822'363
          'fj_restart_decay_compound_obj':       11                  5         0     8'575          5'762      1'305              0      1'058'395
      'fj_restart_decay_compound_perturb':       14                  6         0    14'745         12'571      1'020              0      1'480'978
  'fj_restart_decay_compound_perturb_obj':        9                  2         0     7'577          5'548        947              0        956'044
                   'fj_restart_decay_obj':        8                  4     9'285         0              0          0             21        270'307
               'fj_restart_decay_perturb':       18                  7    21'078         0              0          0             42        631'652
           'fj_restart_decay_perturb_obj':       15                  5    17'791         0              0          0             36        530'348
                         'fj_restart_obj':        6                  3     5'551         0              0          0             19        200'156
                     'fj_restart_perturb':        7                  4     7'691         0              0          0             19        240'868
                 'fj_restart_perturb_obj':       26                  5    33'873         0              0          0            144      1'117'647

Solution repositories    Added  Queried  Synchro
    'alternative_path':      0        0        0
      'best_solutions':      0        0        0
   'fj solution hints':     64        0       64
        'lp solutions':      0        0        0
                'pump':      0        0

Improving bounds shared    Num  Sym
            'default_lp':   69    0
       'fs_random_no_lp':  143    0
            'max_lp_sym':   51    0
                 'no_lp':    7    0
               'probing':   66    0
         'quick_restart':   56    0
   'quick_restart_no_lp':  165   87

Clauses shared            #Exported  #Imported  #BinaryRead  #BinaryTotal
           'default_lp':      9'085          0       76'761        83'559
      'fs_random_no_lp':     62'202        358       80'459        83'559
           'max_lp_sym':      4'271        781       80'448        83'559
                'no_lp':      2'818      1'486       83'557        83'559
              'probing':          0          0       75'948        83'559
        'quick_restart':      5'882      1'820       83'308        83'559
  'quick_restart_no_lp':      2'594      1'282       83'559        83'559

LRAT_status: NA
CpSolverResponse summary:
status: UNKNOWN
objective: NA
best_bound: NA
integers: 29991
booleans: 29633
conflicts: 210
branches: 481344
propagations: 9537073
integer_propagations: 4155444
restarts: 1
lp_iterations: 71442
walltime: 30.0865
usertime: 30.0865
deterministic_time: 267.098
gap_integral: 0

