
Starting CP-SAT solver v9.15.6755
Parameters: random_seed: 20260922 max_time_in_seconds: 30 log_search_progress: true num_search_workers: 2 log_to_stdout: false

Initial satisfaction model '': (model_fingerprint: 0xe78b94781284c188)
#Variables: 2'094 (2'093 primary variables)
  - 2'092 Booleans in [0,1]
  - 1 in [0,6]
  - 1 in [10,11]
#kBoolAnd: 2'750 (#enforced: 2'750) (#literals: 5'500)
#kBoolOr: 1'084 (#enforced: 1'084) (#literals: 4'976)
#kExactlyOne: 1 (#literals: 47)
#kLinear1: 6 (#enforced: 4)
#kLinear2: 18
#kLinear3: 16
#kLinearN: 1'319 (#enforced: 102) (#terms: 24'390)

Starting presolve at 0.00s
  1.06e-03s  0.00e+00d  [DetectDominanceRelations] 
  1.06e-02s  0.00e+00d  [PresolveToFixPoint] #num_loops=3 #num_dual_strengthening=2 
  3.94e-05s  0.00e+00d  [ExtractEncodingFromLinear] #potential_supersets=1'226 
  4.31e-04s  0.00e+00d  [DetectDuplicateColumns] 
  1.65e-04s  0.00e+00d  [DetectDuplicateConstraints] #duplicates=126 
[Symmetry] Graph for symmetry has 7'247 nodes and 33'138 arcs.
[Symmetry] Symmetry computation done. time: 0.00212989 dtime: 0.0039964
[Symmetry] #generators: 74, average support size: 2
[Symmetry] 31 orbits on 105 variables with sizes: 45,2,2,2,2,2,2,2,2,2,...
[Symmetry] Num fixable by binary propagation in orbit: 44 / 45
[Symmetry] Found orbitope of size 1 x 2
[SAT presolve] num removable Booleans: 0 / 1'867
[SAT presolve] num trivial clauses: 0
[SAT presolve] [0s] clauses:1'638 literals:7'160 vars:1'652 one_side_vars:1652 simple_definition:0 singleton_clauses:0
[SAT presolve] [6.8911e-05s] clauses:1'638 literals:7'160 vars:1'652 one_side_vars:1652 simple_definition:0 singleton_clauses:0
[SAT presolve] [0.000139348s] clauses:1'638 literals:7'160 vars:1'652 one_side_vars:1652 simple_definition:0 singleton_clauses:0
  1.38e-04s  0.00e+00d  [DetectDuplicateConstraintsWithDifferentEnforcements] 
  2.24e-02s  1.52e-02d  [Probe] #probed=3'728 #new_binary_clauses=1'514 
  4.17e-03s  1.26e-02d  [MaxClique] Merged 1'676 constraints with 20'492 literals into 1'320 constraints with 19'324 literals
  1.18e-03s  0.00e+00d  [DetectDominanceRelations] 
  9.20e-04s  0.00e+00d  [DetectDominanceRelations] 
  5.64e-03s  0.00e+00d  [PresolveToFixPoint] #num_loops=2 #num_dual_strengthening=2 
  1.89e-03s  0.00e+00d  [ProcessAtMostOneAndLinear] 
  1.00e-04s  0.00e+00d  [DetectDuplicateConstraints] 
  3.24e-05s  0.00e+00d  [DetectDuplicateConstraintsWithDifferentEnforcements] 
  1.26e-04s  2.54e-05d  [DetectDominatedLinearConstraints] #relevant_constraints=12 #num_inclusions=11 
  2.06e-05s  0.00e+00d  [DetectDifferentVariables] 
  1.29e-03s  1.78e-04d  [ProcessSetPPC] #relevant_constraints=2'302 #num_inclusions=80 
  9.15e-04s  4.59e-05d  [TransformClausesToExactlyOne] #num_amos=1'181 #num_clauses=1'049 #num_checked=1'049 
  4.94e-05s  0.00e+00d  [DetectEncodedComplexDomains] 
  1.09e-05s  0.00e+00d  [FindAlmostIdenticalLinearConstraints] 
  3.84e-03s  1.51e-02d  [FindBigAtMostOneAndLinearOverlap] #blocks=1 #saved_nz=130 
  5.35e-04s  6.62e-03d  [FindBigVerticalLinearOverlap] 
  3.86e-04s  3.00e-05d  [FindBigHorizontalLinearOverlap] #blocks=2 #saved_nz=1'091 #linears=12 
  1.63e-03s  2.96e-05d  [MergeClauses] #num_collisions=445 #num_merges=445 #num_saved_literals=2'031 
  7.88e-04s  0.00e+00d  [DetectDominanceRelations] 
  2.18e-03s  0.00e+00d  [PresolveToFixPoint] #num_loops=2 #num_dual_strengthening=1 
  7.87e-04s  0.00e+00d  [DetectDominanceRelations] 
  2.08e-03s  0.00e+00d  [PresolveToFixPoint] #num_loops=1 #num_dual_strengthening=1 
  1.16e-03s  0.00e+00d  [DetectDuplicateColumns] 
  9.88e-05s  0.00e+00d  [DetectDuplicateConstraints] 
[Symmetry] Graph for symmetry has 6'321 nodes and 26'585 arcs.
[Symmetry] Symmetry computation done. time: 0.00094138 dtime: 0.00308274
[Symmetry] #generators: 30, average support size: 2
[Symmetry] 30 orbits on 60 variables with sizes: 2,2,2,2,2,2,2,2,2,2,...
[Symmetry] Found orbitope of size 1 x 2
[SAT presolve] num removable Booleans: 0 / 1'742
[SAT presolve] num trivial clauses: 0
[SAT presolve] [0s] clauses:1'138 literals:6'089 vars:1'505 one_side_vars:1505 simple_definition:0 singleton_clauses:0
[SAT presolve] [6.3837e-05s] clauses:1'138 literals:6'089 vars:1'505 one_side_vars:1505 simple_definition:0 singleton_clauses:0
[SAT presolve] [0.000128422s] clauses:1'138 literals:6'089 vars:1'505 one_side_vars:1505 simple_definition:0 singleton_clauses:0
  1.14e-04s  0.00e+00d  [DetectDuplicateConstraintsWithDifferentEnforcements] 
  2.17e-02s  1.64e-02d  [Probe] #probed=3'728 #new_bounds=2 #new_binary_clauses=1'512 
  2.88e-03s  9.85e-03d  [MaxClique] Merged 1'181 constraints with 18'286 literals into 1'162 constraints with 18'248 literals
  7.62e-04s  0.00e+00d  [DetectDominanceRelations] 
  2.61e-03s  0.00e+00d  [PresolveToFixPoint] #num_loops=2 #num_dual_strengthening=1 
  1.64e-03s  0.00e+00d  [ProcessAtMostOneAndLinear] 
  9.86e-05s  0.00e+00d  [DetectDuplicateConstraints] 
  4.11e-05s  0.00e+00d  [DetectDuplicateConstraintsWithDifferentEnforcements] 
  5.07e-05s  8.63e-06d  [DetectDominatedLinearConstraints] #relevant_constraints=12 #num_inclusions=4 
  1.53e-05s  0.00e+00d  [DetectDifferentVariables] 
  9.89e-04s  1.39e-04d  [ProcessSetPPC] #relevant_constraints=2'222 
  7.92e-04s  4.59e-05d  [TransformClausesToExactlyOne] #num_amos=1'162 #num_clauses=1'049 #num_checked=1'049 
  1.04e-04s  0.00e+00d  [DetectEncodedComplexDomains] 
  1.67e-05s  0.00e+00d  [FindAlmostIdenticalLinearConstraints] 
  3.31e-03s  6.96e-03d  [FindBigAtMostOneAndLinearOverlap] 
  3.82e-04s  3.09e-03d  [FindBigVerticalLinearOverlap] 
  2.59e-04s  3.50e-05d  [FindBigHorizontalLinearOverlap] #blocks=1 #saved_nz=439 #linears=10 
  3.92e-04s  2.96e-05d  [MergeClauses] #num_collisions=445 #num_merges=445 #num_saved_literals=2'031 
  2.35e-03s  0.00e+00d  [DetectDominanceRelations] 
  3.71e-03s  0.00e+00d  [PresolveToFixPoint] #num_loops=3 #num_dual_strengthening=1 
  8.68e-04s  0.00e+00d  [DetectDominanceRelations] 
  2.98e-03s  0.00e+00d  [PresolveToFixPoint] #num_loops=1 #num_dual_strengthening=1 
  2.75e-04s  0.00e+00d  [DetectDuplicateColumns] 
  1.03e-04s  0.00e+00d  [DetectDuplicateConstraints] 
[Symmetry] Graph for symmetry has 6'297 nodes and 26'081 arcs.
[Symmetry] Symmetry computation done. time: 0.00159338 dtime: 0.00304314
[Symmetry] #generators: 30, average support size: 2
[Symmetry] 30 orbits on 60 variables with sizes: 2,2,2,2,2,2,2,2,2,2,...
[Symmetry] Found orbitope of size 1 x 2
[SAT presolve] num removable Booleans: 0 / 1'742
[SAT presolve] num trivial clauses: 0
[SAT presolve] [0s] clauses:1'119 literals:6'051 vars:1'501 one_side_vars:1501 simple_definition:0 singleton_clauses:0
[SAT presolve] [5.528e-05s] clauses:1'119 literals:6'051 vars:1'501 one_side_vars:1501 simple_definition:0 singleton_clauses:0
[SAT presolve] [0.00012041s] clauses:1'119 literals:6'051 vars:1'501 one_side_vars:1501 simple_definition:0 singleton_clauses:0
  1.40e-04s  0.00e+00d  [DetectDuplicateConstraintsWithDifferentEnforcements] 
  1.73e-02s  1.51e-02d  [Probe] #probed=3'728 #new_bounds=3 #new_binary_clauses=1'512 
  2.53e-03s  9.85e-03d  [MaxClique] 
  8.08e-04s  0.00e+00d  [DetectDominanceRelations] 
  2.76e-03s  0.00e+00d  [PresolveToFixPoint] #num_loops=2 #num_dual_strengthening=1 
  6.54e-04s  0.00e+00d  [ProcessAtMostOneAndLinear] 
  8.56e-05s  0.00e+00d  [DetectDuplicateConstraints] 
  4.82e-05s  0.00e+00d  [DetectDuplicateConstraintsWithDifferentEnforcements] 
  4.55e-05s  5.16e-06d  [DetectDominatedLinearConstraints] #relevant_constraints=13 #num_inclusions=3 
  2.31e-05s  0.00e+00d  [DetectDifferentVariables] 
  1.37e-03s  1.29e-04d  [ProcessSetPPC] #relevant_constraints=2'222 
  8.92e-04s  4.59e-05d  [TransformClausesToExactlyOne] #num_amos=1'162 #num_clauses=1'049 #num_checked=1'049 
  1.35e-04s  0.00e+00d  [DetectEncodedComplexDomains] 
  2.12e-05s  0.00e+00d  [FindAlmostIdenticalLinearConstraints] 
  2.09e-03s  4.95e-03d  [FindBigAtMostOneAndLinearOverlap] 
  2.75e-04s  2.08e-03d  [FindBigVerticalLinearOverlap] 
  1.11e-04s  5.80e-05d  [FindBigHorizontalLinearOverlap] #linears=10 
  3.41e-04s  2.96e-05d  [MergeClauses] #num_collisions=445 #num_merges=445 #num_saved_literals=2'031 
  8.49e-04s  0.00e+00d  [DetectDominanceRelations] 
  2.56e-03s  0.00e+00d  [PresolveToFixPoint] #num_loops=1 #num_dual_strengthening=1 
  1.45e-05s  0.00e+00d  [MergeNoOverlap] 
  1.15e-05s  0.00e+00d  [MergeNoOverlap2D] 

Presolve summary:
  - 39 affine relations were detected.
  - rule 'TODO dual: only one blocking constraint?' was applied 7'819 times.
  - rule 'TODO dual: tighten at most one' was applied 10'333 times.
  - rule 'affine: new relation' was applied 39 times.
  - rule 'at_most_one: removed literals' was applied 4 times.
  - rule 'at_most_one: resolved two constraints with opposite literal' was applied 79 times.
  - rule 'at_most_one: singleton' was applied 2 times.
  - rule 'at_most_one: transformed into max clique' was applied 2 times.
  - rule 'bool_and: x => x' was applied 39 times.
  - rule 'bool_or: always true' was applied 7 times.
  - rule 'bool_or: implications' was applied 48 times.
  - rule 'bool_or: removed enforcement literal' was applied 3 times.
  - rule 'deductions: 10 stored' was applied 1 time.
  - rule 'domination: in exactly one' was applied 1 time.
  - rule 'dual: enforced equivalence' was applied 37 times.
  - rule 'dual: fix variable' was applied 185 times.
  - rule 'duplicate: removed constraint' was applied 126 times.
  - rule 'exactly_one: removed literals' was applied 2 times.
  - rule 'exactly_one: size two' was applied 1 time.
  - rule 'linear + amo: trivial linear constraint' was applied 2 times.
  - rule 'linear matrix: common amo rectangle' was applied 1 time.
  - rule 'linear matrix: common horizontal rectangle' was applied 3 times.
  - rule 'linear2: contains a boolean' was applied 1 time.
  - rule 'linear2: convert ax + by != cte to clauses' was applied 17 times.
  - rule 'linear: all booleans and trivially true' was applied 1 time.
  - rule 'linear: always true' was applied 20 times.
  - rule 'linear: empty' was applied 75 times.
  - rule 'linear: fixed or dup variables' was applied 94 times.
  - rule 'linear: positive at most one' was applied 1'225 times.
  - rule 'linear: positive clause' was applied 3 times.
  - rule 'linear: reduced variable domains' was applied 4 times.
  - rule 'linear: remapped using affine relations' was applied 18 times.
  - rule 'linear: singleton column' was applied 3 times.
  - rule 'new_bool: var with 2 values' was applied 1 time.
  - rule 'new_bool: with clause' was applied 1 time.
  - rule 'presolve: 232 unused variables removed.' was applied 1 time.
  - rule 'presolve: iteration' was applied 3 times.
  - rule 'probing: bool_or reduced to implication' was applied 19 times.
  - rule 'setppc: removed dominated constraints' was applied 79 times.
  - rule 'symmetry: fixed to false in general orbit' was applied 44 times.
  - rule 'variables with 2 values: create encoding literal' was applied 1 time.
  - rule 'variables with 2 values: new affine relation' was applied 1 time.

Presolved satisfaction model '': (model_fingerprint: 0xc4ed68b7df83d13)
#Variables: 1'746 (1'742 primary variables)
  - 1'742 Booleans in [0,1]
  - 1 in [-65,-49]
  - 1 in [0,4]
  - 1 in [70,85]
  - 1 in [74,89]
#kAtMostOne: 1'092 (#literals: 18'108)
#kBoolAnd: 70 (#enforced: 70) (#literals: 140)
#kBoolAndClauses: 437 (#enforced: 437 #multi: 437) (#literals: 2'893)
#kBoolOr: 167 (#literals: 987)
#kExactlyOne: 1 (#literals: 46)
#kLinear1: 2 (#enforced: 2)
#kLinear3: 2 (#enforced: 2)
#kLinearN: 11 (#enforced: 2) (#terms: 1'407)
[Symmetry] Graph for symmetry has 5'944 nodes and 26'081 arcs.
[Symmetry] Symmetry computation done. time: 0.000894423 dtime: 0.00300486
[Symmetry] #generators: 30, average support size: 2
[Symmetry] 30 orbits on 60 variables with sizes: 2,2,2,2,2,2,2,2,2,2,...
[Symmetry] Found orbitope of size 1 x 2

Preloading model.
#Model   0.16s var:1746/1746 constraints:1782/1782

Starting search at 0.16s with 2 workers.
1 full problem subsolver: [default_lp]
1 first solution subsolver: [fj]
2 interleaved subsolvers: [feasibility_pump, rins/rens]
2 helper subsolvers: [neighborhood_helper, synchronization_agent]

#Model   1.31s var:1743/1746 constraints:1781/1782

Task timing                   n [     min,      max]      avg      dev     time         n [     min,      max]      avg      dev    dtime
        'default_lp':         1 [  29.84s,   29.84s]   29.84s   0.00ns   29.84s         2 [ 17.12ms,   29.45s]   14.73s   14.72s   29.47s
  'feasibility_pump':       740 [  7.56us,   6.44ms] 943.08us 553.72us 697.88ms       650 [235.53us,   2.45ms] 262.65us  88.44us 170.72ms
                'fj':       652 [ 31.54ms,  84.11ms]  44.62ms   9.75ms   29.09s       652 [ 48.07ms, 100.18ms]  99.97ms   2.03ms    1.09m
         'rins/rens':         0 [  0.00ns,   0.00ns]   0.00ns   0.00ns   0.00ns         0 [  0.00ns,   0.00ns]   0.00ns   0.00ns   0.00ns

Search stats     Bools  Conflicts  Branches  Restarts  BacktrackToRoot  Backtrack  BoolPropag  IntegerPropag
  'default_lp':  1'747     25'140   361'950        92           86'484    151'115   6'909'302      5'656'834

SAT formula      Fixed  Equiv  Total  VarLeft  BinaryClauses  PermanentClauses  TemporaryClauses
  'default_lp':      4      3  1'747    1'740         17'294             1'058             9'340

SAT stats        ClassicMinim  LitRemoved  LitRemovedBinary  LitLearned  LitForgotten  Subsumed
  'default_lp':        14'509     154'699           713'017   3'082'081     1'046'476     6'452

Vivification     Clauses  Decisions  LitTrue  Subsumed  LitRemoved  DecisionReused  Conflicts
  'default_lp':   46'281    198'771        0         1           6          19'686          0

Clause deletion    at_true  l_and_not(l)  to_binary  sub_conflict  sub_extra  sub_decisions  sub_eager  sub_vivify  sub_probing  sub_inpro  blocked  eliminated  forgotten  promoted  conflicts
    'default_lp':        0            45          0         6'115        189              5        337           1            0          0        0           0      9'097    51'277     25'140

Lp stats         Component  Iterations  AddedCuts  OPTIMAL  DUAL_F.  DUAL_U.
  'default_lp':          1     247'670      2'990   19'704        0   22'648

Lp dimension      Final dimension of first component
  'default_lp':  161 rows, 795 columns, 3918 entries

Lp debug         CutPropag  CutEqPropag  Adjust  Overflow     Bad  BadScaling
  'default_lp':          3          152  22'621         0  12'021           0

Lp pool          Constraints  Updates  Simplif  Merged  Shortened  Split  Strengthened    Cuts/Call
  'default_lp':        3'764    1'653      280       1        230     33            32  2'990/4'334

Lp Cut            default_lp
          CG_FF:         212
           CG_K:         206
          CG_KL:         119
           CG_R:         462
          CG_RB:         491
         CG_RBP:         154
             IB:          17
       MIR_1_FF:          40
        MIR_1_K:          28
       MIR_1_KL:          34
        MIR_1_R:          39
       MIR_1_RB:          41
      MIR_1_RBP:           3
       MIR_2_FF:          40
        MIR_2_K:          78
       MIR_2_KL:          34
        MIR_2_R:         106
       MIR_2_RB:         101
      MIR_2_RBP:          21
       MIR_3_FF:          30
        MIR_3_K:          44
       MIR_3_KL:          37
        MIR_3_R:          58
       MIR_3_RB:         119
      MIR_3_RBP:          36
       MIR_4_FF:          21
        MIR_4_K:          24
       MIR_4_KL:          29
        MIR_4_R:          40
       MIR_4_RB:          60
      MIR_4_RBP:          23
       MIR_5_FF:          16
        MIR_5_K:           5
       MIR_5_KL:          13
        MIR_5_R:          34
       MIR_5_RB:          23
      MIR_5_RBP:           6
       MIR_6_FF:           2
        MIR_6_R:          20
       MIR_6_RB:          13
      MIR_6_RBP:           2
   ZERO_HALF_FF:          73
    ZERO_HALF_R:          35
  ZERO_HALF_RBP:           1

LNS stats       Improv/Calls  Closed  Difficulty  TimeLimit
  'rins/rens':           0/0      0%    5.00e-01       0.10

LS stats                                    Batches  Restarts/Perturbs   LinMoves  GenMoves  CompoundMoves  Bactracks  WeightUpdates  ScoreComputed
                             'fj_restart':       39                 20  1'397'444         0              0          0        114'612        763'911
                    'fj_restart_compound':       35                  9          0   255'141         29'194    112'964            623      5'542'750
                'fj_restart_compound_obj':       36                 12          0   244'622         29'111    107'715            444      5'753'793
            'fj_restart_compound_perturb':       34                 15          0   249'508         32'584    108'422            635      5'738'544
        'fj_restart_compound_perturb_obj':       37                 16          0   253'167         28'462    112'290            470      5'956'146
                       'fj_restart_decay':       20                 11    519'887         0              0          0         14'373        245'081
              'fj_restart_decay_compound':       46                 17          0   304'101         52'903    125'549            350      7'304'220
          'fj_restart_decay_compound_obj':       69                 20          0   478'458         73'133    202'591            579     10'640'856
      'fj_restart_decay_compound_perturb':       56                 12          0   399'518         72'030    163'670            499      8'584'135
  'fj_restart_decay_compound_perturb_obj':       26                 12          0   170'694         28'387     71'075            222      4'139'247
                   'fj_restart_decay_obj':       18                 12    471'190         0              0          0         12'878        202'611
               'fj_restart_decay_perturb':       52                 13  1'378'191         0              0          0         38'067        702'677
           'fj_restart_decay_perturb_obj':       95                 16  2'503'246         0              0          0         68'509      1'202'225
                         'fj_restart_obj':       39                 15  1'353'714         0              0          0        101'049        706'450
                     'fj_restart_perturb':       21                  8    786'011         0              0          0         61'322        414'993
                 'fj_restart_perturb_obj':       29                 12    984'187         0              0          0         85'825        650'718

Solution repositories    Added  Queried  Synchro
    'alternative_path':      0        0        0
      'best_solutions':      0        0        0
   'fj solution hints':    212        0      212
        'lp solutions':      0        0        0
                'pump':      0        0

Improving bounds shared    Num  Sym
            'default_lp':    8    0

Clauses shared    #Exported  #Imported  #BinaryRead  #BinaryTotal
   'default_lp':      6'745          0        6'732         6'732

LRAT_status: NA
CpSolverResponse summary:
status: UNKNOWN
objective: NA
best_bound: NA
integers: 843
booleans: 1747
conflicts: 25140
branches: 361950
propagations: 6909302
integer_propagations: 5656834
restarts: 92
lp_iterations: 247670
walltime: 30.0052
usertime: 30.0052
deterministic_time: 94.936
gap_integral: 0

