
Starting CP-SAT solver v9.15.6755
Parameters: random_seed: 20260922 max_time_in_seconds: 30 log_search_progress: true num_search_workers: 2 log_to_stdout: false

Initial satisfaction model '': (model_fingerprint: 0xcea9b733fcdebb40)
#Variables: 2'016 (2'015 primary variables)
  - 2'014 Booleans in [0,1]
  - 1 in [0,6]
  - 1 constants in {10} 
#kBoolAnd: 2'870 (#enforced: 2'870) (#literals: 5'740)
#kBoolOr: 904 (#enforced: 904) (#literals: 4'010)
#kExactlyOne: 1 (#literals: 47)
#kLinear1: 6 (#enforced: 2)
#kLinear2: 12
#kLinear3: 12
#kLinearN: 1'332 (#enforced: 120) (#terms: 22'946)

Starting presolve at 0.00s
  2.06e-03s  0.00e+00d  [DetectDominanceRelations] 
  1.54e-03s  0.00e+00d  [DetectDominanceRelations] 
  1.68e-02s  0.00e+00d  [PresolveToFixPoint] #num_loops=5 #num_dual_strengthening=4 
  7.38e-05s  0.00e+00d  [ExtractEncodingFromLinear] #potential_supersets=1'218 
  4.33e-04s  0.00e+00d  [DetectDuplicateColumns] 
  1.65e-04s  0.00e+00d  [DetectDuplicateConstraints] #duplicates=135 
[Symmetry] Graph for symmetry has 6'770 nodes and 29'911 arcs.
[Symmetry] Symmetry computation done. time: 0.00202961 dtime: 0.00386119
[Symmetry] #generators: 97, average support size: 2
[Symmetry] 53 orbits on 150 variables with sizes: 45,3,2,2,2,2,2,2,2,2,...
[Symmetry] Num fixable by binary propagation in orbit: 44 / 45
[Symmetry] Found orbitope of size 1 x 2
[SAT presolve] num removable Booleans: 0 / 1'707
[SAT presolve] num trivial clauses: 0
[SAT presolve] [0s] clauses:1'579 literals:6'263 vars:1'554 one_side_vars:1552 simple_definition:0 singleton_clauses:0
[SAT presolve] [0.000118395s] clauses:1'579 literals:6'263 vars:1'554 one_side_vars:1552 simple_definition:0 singleton_clauses:0
[SAT presolve] [0.000222213s] clauses:1'579 literals:6'263 vars:1'554 one_side_vars:1552 simple_definition:0 singleton_clauses:0
  2.03e-04s  0.00e+00d  [DetectDuplicateConstraintsWithDifferentEnforcements] 
  1.46e-02s  1.43e-02d  [Probe] #probed=3'416 #fixed_bools=3 #new_binary_clauses=1'203 
  8.74e-03s  3.02e-02d  [MaxClique] Merged 1'801 constraints with 20'030 literals into 1'378 constraints with 18'480 literals
  1.77e-03s  0.00e+00d  [DetectDominanceRelations] 
  4.09e-03s  0.00e+00d  [PresolveToFixPoint] #num_loops=1 #num_dual_strengthening=1 
  9.36e-04s  0.00e+00d  [ProcessAtMostOneAndLinear] 
  1.00e-04s  0.00e+00d  [DetectDuplicateConstraints] 
  5.17e-05s  0.00e+00d  [DetectDuplicateConstraintsWithDifferentEnforcements] 
  9.16e-05s  9.37e-06d  [DetectDominatedLinearConstraints] #relevant_constraints=11 #num_inclusions=4 
  2.13e-05s  0.00e+00d  [DetectDifferentVariables] 
  1.61e-03s  1.42e-04d  [ProcessSetPPC] #relevant_constraints=2'181 #num_inclusions=90 
  1.36e-03s  3.89e-05d  [TransformClausesToExactlyOne] #num_amos=1'245 #num_clauses=884 #num_checked=884 
  7.45e-05s  0.00e+00d  [DetectEncodedComplexDomains] 
  1.66e-05s  0.00e+00d  [FindAlmostIdenticalLinearConstraints] 
  3.40e-03s  7.31e-03d  [FindBigAtMostOneAndLinearOverlap] #blocks=1 #saved_nz=223 
  5.46e-04s  2.98e-03d  [FindBigVerticalLinearOverlap] 
  3.37e-04s  1.64e-05d  [FindBigHorizontalLinearOverlap] #blocks=1 #saved_nz=386 #linears=11 
  4.90e-04s  2.42e-05d  [MergeClauses] #num_collisions=373 #num_merges=373 #num_saved_literals=1'643 
  1.09e-03s  0.00e+00d  [DetectDominanceRelations] 
  3.00e-03s  0.00e+00d  [PresolveToFixPoint] #num_loops=2 #num_dual_strengthening=1 
  1.06e-03s  0.00e+00d  [DetectDominanceRelations] 
  2.76e-03s  0.00e+00d  [PresolveToFixPoint] #num_loops=1 #num_dual_strengthening=1 
  3.34e-04s  0.00e+00d  [DetectDuplicateColumns] 
  8.67e-05s  0.00e+00d  [DetectDuplicateConstraints] #duplicates=20 
[Symmetry] Graph for symmetry has 5'760 nodes and 23'702 arcs.
[Symmetry] Symmetry computation done. time: 0.00178654 dtime: 0.00298562
[Symmetry] #generators: 53, average support size: 2
[Symmetry] 52 orbits on 105 variables with sizes: 3,2,2,2,2,2,2,2,2,2,...
[Symmetry] Found orbitope of size 1 x 2
[SAT presolve] num removable Booleans: 0 / 1'568
[SAT presolve] num trivial clauses: 0
[SAT presolve] [0s] clauses:1'043 literals:5'165 vars:1'422 one_side_vars:1420 simple_definition:2 singleton_clauses:0
[SAT presolve] [9.5604e-05s] clauses:1'043 literals:5'165 vars:1'422 one_side_vars:1420 simple_definition:2 singleton_clauses:0
[SAT presolve] [0.00018624s] clauses:1'043 literals:5'165 vars:1'422 one_side_vars:1420 simple_definition:2 singleton_clauses:0
  1.55e-04s  0.00e+00d  [DetectDuplicateConstraintsWithDifferentEnforcements] 
  2.09e-02s  1.44e-02d  [Probe] #probed=3'404 #new_binary_clauses=1'203 
  6.99e-03s  2.44e-02d  [MaxClique] Merged 1'235 constraints with 17'318 literals into 1'212 constraints with 17'288 literals
  1.02e-03s  0.00e+00d  [DetectDominanceRelations] 
  2.97e-03s  0.00e+00d  [PresolveToFixPoint] #num_loops=1 #num_dual_strengthening=1 
  7.23e-04s  0.00e+00d  [ProcessAtMostOneAndLinear] 
  7.64e-05s  0.00e+00d  [DetectDuplicateConstraints] 
  4.97e-05s  0.00e+00d  [DetectDuplicateConstraintsWithDifferentEnforcements] 
  5.21e-05s  3.82e-06d  [DetectDominatedLinearConstraints] #relevant_constraints=12 #num_inclusions=2 
  2.11e-05s  0.00e+00d  [DetectDifferentVariables] 
  1.48e-03s  1.15e-04d  [ProcessSetPPC] #relevant_constraints=2'109 
  1.24e-03s  3.92e-05d  [TransformClausesToExactlyOne] #num_amos=1'222 #num_clauses=884 #num_checked=884 
  1.01e-04s  0.00e+00d  [DetectEncodedComplexDomains] 
  1.87e-05s  0.00e+00d  [FindAlmostIdenticalLinearConstraints] 
  2.02e-03s  3.43e-03d  [FindBigAtMostOneAndLinearOverlap] 
  3.56e-04s  1.36e-03d  [FindBigVerticalLinearOverlap] 
  2.17e-04s  2.64e-05d  [FindBigHorizontalLinearOverlap] #blocks=1 #saved_nz=209 #linears=12 
  4.25e-04s  2.42e-05d  [MergeClauses] #num_collisions=373 #num_merges=373 #num_saved_literals=1'643 
  1.11e-03s  0.00e+00d  [DetectDominanceRelations] 
  2.97e-03s  0.00e+00d  [PresolveToFixPoint] #num_loops=2 #num_dual_strengthening=1 
  1.04e-03s  0.00e+00d  [DetectDominanceRelations] 
  2.82e-03s  0.00e+00d  [PresolveToFixPoint] #num_loops=1 #num_dual_strengthening=1 
  3.34e-04s  0.00e+00d  [DetectDuplicateColumns] 
  7.57e-05s  0.00e+00d  [DetectDuplicateConstraints] #duplicates=20 
[Symmetry] Graph for symmetry has 5'735 nodes and 23'420 arcs.
[Symmetry] Symmetry computation done. time: 0.00160744 dtime: 0.00294816
[Symmetry] #generators: 53, average support size: 2
[Symmetry] 52 orbits on 105 variables with sizes: 3,2,2,2,2,2,2,2,2,2,...
[Symmetry] Found orbitope of size 1 x 2
[SAT presolve] num removable Booleans: 0 / 1'568
[SAT presolve] num trivial clauses: 0
[SAT presolve] [0s] clauses:1'004 literals:5'087 vars:1'387 one_side_vars:1385 simple_definition:2 singleton_clauses:0
[SAT presolve] [8.5737e-05s] clauses:1'004 literals:5'087 vars:1'387 one_side_vars:1385 simple_definition:2 singleton_clauses:0
[SAT presolve] [0.000176401s] clauses:1'004 literals:5'087 vars:1'387 one_side_vars:1385 simple_definition:2 singleton_clauses:0
  2.06e-04s  0.00e+00d  [DetectDuplicateConstraintsWithDifferentEnforcements] 
  2.10e-02s  1.45e-02d  [Probe] #probed=3'404 #new_bounds=2 #new_binary_clauses=1'203 
  7.04e-03s  2.44e-02d  [MaxClique] 
  9.99e-04s  0.00e+00d  [DetectDominanceRelations] 
  3.01e-03s  0.00e+00d  [PresolveToFixPoint] #num_loops=2 #num_dual_strengthening=1 
  6.90e-04s  0.00e+00d  [ProcessAtMostOneAndLinear] 
  7.61e-05s  0.00e+00d  [DetectDuplicateConstraints] 
  5.06e-05s  0.00e+00d  [DetectDuplicateConstraintsWithDifferentEnforcements] 
  5.59e-05s  2.38e-06d  [DetectDominatedLinearConstraints] #relevant_constraints=13 #num_inclusions=2 
  3.07e-05s  0.00e+00d  [DetectDifferentVariables] 
  1.52e-03s  1.10e-04d  [ProcessSetPPC] #relevant_constraints=2'110 
  1.29e-03s  3.92e-05d  [TransformClausesToExactlyOne] #num_amos=1'222 #num_clauses=884 #num_checked=884 
  1.13e-04s  0.00e+00d  [DetectEncodedComplexDomains] 
  2.28e-05s  0.00e+00d  [FindAlmostIdenticalLinearConstraints] 
  1.78e-03s  2.94e-03d  [FindBigAtMostOneAndLinearOverlap] 
  3.40e-04s  1.12e-03d  [FindBigVerticalLinearOverlap] 
  1.34e-04s  3.99e-05d  [FindBigHorizontalLinearOverlap] #linears=13 
  4.34e-04s  2.42e-05d  [MergeClauses] #num_collisions=373 #num_merges=373 #num_saved_literals=1'643 
  1.03e-03s  0.00e+00d  [DetectDominanceRelations] 
  3.01e-03s  0.00e+00d  [PresolveToFixPoint] #num_loops=2 #num_dual_strengthening=1 
  1.58e-05s  0.00e+00d  [MergeNoOverlap] 
  1.53e-05s  0.00e+00d  [MergeNoOverlap2D] 

Presolve summary:
  - 44 affine relations were detected.
  - rule 'TODO dual: only one blocking constraint?' was applied 8'673 times.
  - rule 'TODO dual: tighten at most one' was applied 10'874 times.
  - rule 'affine: new relation' was applied 44 times.
  - rule 'at_most_one: dominated singleton' was applied 2 times.
  - rule 'at_most_one: empty or all false' was applied 1 time.
  - rule 'at_most_one: removed literals' was applied 144 times.
  - rule 'at_most_one: resolved two constraints with opposite literal' was applied 88 times.
  - rule 'at_most_one: singleton' was applied 2 times.
  - rule 'at_most_one: size one' was applied 5 times.
  - rule 'at_most_one: transformed into max clique' was applied 2 times.
  - rule 'bool_and: x => x' was applied 44 times.
  - rule 'bool_or: always true' was applied 8 times.
  - rule 'bool_or: implications' was applied 28 times.
  - rule 'bool_or: only one literal' was applied 1 time.
  - rule 'bool_or: removed enforcement literal' was applied 5 times.
  - rule 'domination: added implications' was applied 32 times.
  - rule 'domination: fixed to lb.' was applied 62 times.
  - rule 'dual: add implication' was applied 120 times.
  - rule 'dual: enforced equivalence' was applied 44 times.
  - rule 'dual: fix variable' was applied 200 times.
  - rule 'duplicate: removed constraint' was applied 175 times.
  - rule 'enforcement: true literal' was applied 2 times.
  - rule 'exactly_one: removed literals' was applied 1 time.
  - rule 'exactly_one: singleton' was applied 1 time.
  - rule 'linear + amo: trivial linear constraint' was applied 3 times.
  - rule 'linear matrix: common amo rectangle' was applied 1 time.
  - rule 'linear matrix: common horizontal rectangle' was applied 2 times.
  - rule 'linear with partial amo: constant coeff' was applied 1 time.
  - rule 'linear1: x in domain' was applied 1 time.
  - rule 'linear2: convert ax + by != cte to clauses' was applied 11 times.
  - rule 'linear: always true' was applied 35 times.
  - rule 'linear: divide by GCD' was applied 1 time.
  - rule 'linear: empty' was applied 78 times.
  - rule 'linear: fixed or dup variables' was applied 120 times.
  - rule 'linear: positive at most one' was applied 1'217 times.
  - rule 'linear: positive clause' was applied 5 times.
  - rule 'linear: reduced variable domains' was applied 3 times.
  - rule 'linear: reduced variable domains in derived constraint' was applied 1 time.
  - rule 'linear: remapped using affine relations' was applied 7 times.
  - rule 'linear: singleton column' was applied 1 time.
  - rule 'new_bool: with clause' was applied 1 time.
  - rule 'presolve: 315 unused variables removed.' was applied 1 time.
  - rule 'presolve: iteration' was applied 3 times.
  - rule 'probing: bool_or reduced to implication' was applied 8 times.
  - rule 'setppc: removed dominated constraints' was applied 89 times.
  - rule 'symmetry: fixed to false in general orbit' was applied 44 times.

Presolved satisfaction model '': (model_fingerprint: 0x70bcdb97500b5d27)
#Variables: 1'570 (1'567 primary variables)
  - 1'568 Booleans in [0,1]
  - 1 in [56,66]
  - 1 in [75,85]
#kAtMostOne: 1'092 (#literals: 17'048)
#kBoolAnd: 132 (#enforced: 132) (#literals: 272)
#kBoolAndClauses: 367 (#enforced: 367 #multi: 367) (#literals: 2'368)
#kBoolOr: 144 (#literals: 836)
#kExactlyOne: 1 (#literals: 77)
#kLinearN: 13 (#enforced: 6) (#terms: 746)
[Symmetry] Graph for symmetry has 5'286 nodes and 23'420 arcs.
[Symmetry] Symmetry computation done. time: 0.0015831 dtime: 0.00292122
[Symmetry] #generators: 53, average support size: 2
[Symmetry] 52 orbits on 105 variables with sizes: 3,2,2,2,2,2,2,2,2,2,...
[Symmetry] Found orbitope of size 1 x 2

Preloading model.
#Model   0.18s var:1570/1570 constraints:1749/1749

Starting search at 0.18s with 2 workers.
1 full problem subsolver: [default_lp]
1 first solution subsolver: [fj]
2 interleaved subsolvers: [feasibility_pump, rins/rens]
2 helper subsolvers: [neighborhood_helper, synchronization_agent]

#Model   0.41s var:1569/1570 constraints:1749/1749
#Model   0.52s var:1567/1570 constraints:1745/1749
#Model   0.58s var:1566/1570 constraints:1745/1749
#Model   0.69s var:1541/1570 constraints:1726/1749 compo:1540,1
#Model   0.75s var:1535/1570 constraints:1720/1749 compo:1534,1
#Model   0.80s var:1531/1570 constraints:1718/1749 compo:1530,1
#Done    0.81s default_lp

Task timing                   n [     min,      max]      avg      dev     time         n [     min,      max]      avg      dev    dtime
        'default_lp':         1 [620.90ms, 620.90ms] 620.90ms   0.00ns 620.90ms         2 [ 16.59ms, 316.32ms] 166.45ms 149.86ms 332.91ms
  'feasibility_pump':        12 [879.21us,   8.05ms]   2.15ms   2.29ms  25.82ms        11 [203.36us,   6.79ms] 826.55us   1.88ms   9.09ms
                'fj':        12 [  3.01ms,  57.61ms]  49.11ms  14.12ms 589.29ms        12 [  3.47ms, 100.06ms]  91.99ms  26.69ms    1.10s
         'rins/rens':         0 [  0.00ns,   0.00ns]   0.00ns   0.00ns   0.00ns         0 [  0.00ns,   0.00ns]   0.00ns   0.00ns   0.00ns

Search stats     Bools  Conflicts  Branches  Restarts  BacktrackToRoot  Backtrack  BoolPropag  IntegerPropag
  'default_lp':  1'568        519    26'386         1            9'624     13'324     503'712        429'020

SAT formula      Fixed  Equiv  Total  VarLeft  BinaryClauses  PermanentClauses  TemporaryClauses
  'default_lp':     65      0  1'568    1'503          3'464               871                10

SAT stats        ClassicMinim  LitRemoved  LitRemovedBinary  LitLearned  LitForgotten  Subsumed
  'default_lp':           260       1'176             4'829       8'810             0       146

Vivification     Clauses  Decisions  LitTrue  Subsumed  LitRemoved  DecisionReused  Conflicts
  'default_lp':    3'491     14'502        0         2           8           1'568          0

Clause deletion    at_true  l_and_not(l)  to_binary  sub_conflict  sub_extra  sub_decisions  sub_eager  sub_vivify  sub_probing  sub_inpro  blocked  eliminated  forgotten  promoted  conflicts
    'default_lp':      201           115          2           125          6              8         21           2            0          0        0           0          0       625        519

Lp stats         Component  Iterations  AddedCuts  OPTIMAL  DUAL_F.  DUAL_U.
  'default_lp':          1       4'448        226      431        0      465

Lp dimension      Final dimension of first component
  'default_lp':  214 rows, 666 columns, 9494 entries

Lp debug         CutPropag  CutEqPropag  Adjust  Overflow    Bad  BadScaling
  'default_lp':          4            4     464         0  1'350           0

Lp pool          Constraints  Updates  Simplif  Merged  Shortened  Split  Strengthened  Cuts/Call
  'default_lp':          962       97    1'053       0        988      3             0    226/340

Lp Cut          default_lp
        CG_FF:          16
         CG_K:          13
        CG_KL:           7
         CG_R:          40
        CG_RB:          25
       CG_RBP:          13
           IB:           7
      MIR_1_K:           4
     MIR_1_KL:           4
      MIR_1_R:           2
     MIR_1_RB:           8
     MIR_2_FF:           6
      MIR_2_K:           3
     MIR_2_KL:           5
      MIR_2_R:           9
     MIR_2_RB:          16
     MIR_3_FF:           4
      MIR_3_K:           5
     MIR_3_KL:           6
      MIR_3_R:           7
     MIR_3_RB:           9
      MIR_4_R:           3
     MIR_4_RB:           3
      MIR_5_R:           3
     MIR_5_RB:           3
     MIR_6_FF:           1
     MIR_6_KL:           1
      MIR_6_R:           2
  ZERO_HALF_R:           1

LNS stats       Improv/Calls  Closed  Difficulty  TimeLimit
  'rins/rens':           0/0      0%    5.00e-01       0.10

LS stats                           Batches  Restarts/Perturbs  LinMoves  GenMoves  CompoundMoves  Bactracks  WeightUpdates  ScoreComputed
           'fj_restart_compound':        2                  2         0    14'084          2'537      5'763             28        318'227
              'fj_restart_decay':        1                  1       716         0              0          0             18          1'273
          'fj_restart_decay_obj':        1                  1    28'179         0              0          0            659          8'440
      'fj_restart_decay_perturb':        1                  1    27'577         0              0          0            551          8'440
  'fj_restart_decay_perturb_obj':        3                  2    79'966         0              0          0          1'721         25'231
                'fj_restart_obj':        2                  2    73'928         0              0          0          4'627         22'935
            'fj_restart_perturb':        2                  2    78'664         0              0          0          4'309         23'170

Solution repositories    Added  Queried  Synchro
    'alternative_path':      0        0        0
      'best_solutions':      0        0        0
   'fj solution hints':      3        0        3
        'lp solutions':      0        0        0
                'pump':      0        0

Improving bounds shared    Num  Sym
            'default_lp':   46    0

Clauses shared    #Exported  #Imported  #BinaryRead  #BinaryTotal
   'default_lp':         30          0           30            30

LRAT_status: NA
CpSolverResponse summary:
status: INFEASIBLE
objective: NA
best_bound: NA
integers: 709
booleans: 1568
conflicts: 519
branches: 26386
propagations: 503712
integer_propagations: 429020
restarts: 1
lp_iterations: 4448
walltime: 0.8091
usertime: 0.8091
deterministic_time: 1.58786
gap_integral: 0

