
Starting CP-SAT solver v9.15.6755
Parameters: random_seed: 20260922 max_time_in_seconds: 30 log_search_progress: true num_search_workers: 8 cp_model_probing_level: 0 log_to_stdout: false

Initial satisfaction model '': (model_fingerprint: 0xe333943e9ae0250d)
#Variables: 38'105 (30'628 primary variables)
  - 33'342 Booleans in [0,1]
  - 1 in [0,6]
  - 4'761 in [0,12]
  - 1 in [10,11]
#kBoolAnd: 28'076 (#enforced: 28'076) (#literals: 56'152)
#kBoolOr: 35'855 (#enforced: 35'855) (#literals: 165'189)
#kExactlyOne: 1 (#literals: 47)
#kLinear1: 141
#kLinear2: 3'791
#kLinearN: 30'692 (#enforced: 4'366) (#terms: 1'094'247)

Starting presolve at 0.08s
  2.69e-02s  0.00e+00d  [DetectDominanceRelations] 
  2.92e-01s  0.00e+00d  [PresolveToFixPoint] #num_loops=3 #num_dual_strengthening=2 
  2.76e-03s  0.00e+00d  [ExtractEncodingFromLinear] #potential_supersets=3'783 #potential_subsets=3 #exo_encodings=2 #literals=4 
  1.52e-02s  0.00e+00d  [DetectDuplicateColumns] 
  1.69e-03s  0.00e+00d  [DetectDuplicateConstraints] 
[Symmetry] Graph for symmetry has 146'346 nodes and 1'387'998 arcs.
[Symmetry] Symmetry computation done. time: 0.0377244 dtime: 0.154965
[Symmetry] #generators: 91, average support size: 2
[Symmetry] 1 orbits on 92 variables with sizes: 92
[Symmetry] Found orbitope of size 1 x 92
[SAT presolve] num removable Booleans: 0 / 29'552
[SAT presolve] num trivial clauses: 0
[SAT presolve] [0s] clauses:63'931 literals:257'196 vars:25'926 one_side_vars:25891 simple_definition:4 singleton_clauses:0
[SAT presolve] [0.00216212s] clauses:63'931 literals:257'196 vars:25'926 one_side_vars:25891 simple_definition:4 singleton_clauses:0
[SAT presolve] [0.00311758s] clauses:63'931 literals:257'196 vars:25'926 one_side_vars:25891 simple_definition:4 singleton_clauses:0
[MaxClique] Merged 28229 with 62807 literals) into 26158(60736 literals) at_most_ones.
  6.31e-02s  0.00e+00d  [ProcessAtMostOneAndLinear] #num_changes=299 
  1.97e-03s  0.00e+00d  [DetectDuplicateConstraints] 
  1.77e-03s  0.00e+00d  [DetectDuplicateConstraintsWithDifferentEnforcements] #without_enforcements=184 
  5.29e-01s  1.00e-01d  [DetectDominatedLinearConstraints] #relevant_constraints=26'655 #num_inclusions=26'434 
  2.05e-03s  0.00e+00d  [DetectDifferentVariables] 
  3.67e-02s  9.07e-03d  [ProcessSetPPC] #relevant_constraints=70'022 #num_inclusions=3 
  6.13e-03s  1.30e-03d  [TransformClausesToExactlyOne] #num_amos=26'155 #num_clauses=35'843 #num_checked=35'843 
  8.20e-03s  0.00e+00d  [DetectEncodedComplexDomains] 
  1.49e-03s  8.56e-05d  [FindAlmostIdenticalLinearConstraints] #num_tested_pairs=3'637 
  1.36e-01s  1.00e+00d *[FindBigAtMostOneAndLinearOverlap] 
  1.09e-01s  7.68e-01d  [FindBigVerticalLinearOverlap] #blocks=50 #saved_nz=175'559 
  1.34e-01s  1.00e+00d *[FindBigHorizontalLinearOverlap] #blocks=2 #saved_nz=380 #linears=21'098 
  7.15e-03s  1.01e-03d  [MergeClauses] #num_collisions=15'899 #num_merges=15'899 #num_saved_literals=73'064 
  2.03e-02s  0.00e+00d  [DetectDominanceRelations] 
  7.76e-02s  0.00e+00d  [PresolveToFixPoint] #num_loops=5 #num_dual_strengthening=1 
  2.04e-02s  0.00e+00d  [DetectDominanceRelations] 
  7.53e-02s  0.00e+00d  [PresolveToFixPoint] #num_loops=1 #num_dual_strengthening=1 
  1.40e-02s  0.00e+00d  [DetectDuplicateColumns] 
  1.48e-03s  0.00e+00d  [DetectDuplicateConstraints] 
[Symmetry] Graph for symmetry has 127'649 nodes and 1'131'591 arcs.
[Symmetry] Symmetry computation done. time: 0.0256898 dtime: 0.11201
[Symmetry] #generators: 88, average support size: 2
[Symmetry] 2 orbits on 90 variables with sizes: 59,31
[Symmetry] Found orbitope of size 1 x 59
[SAT presolve] num removable Booleans: 0 / 29'551
[SAT presolve] num trivial clauses: 0
[SAT presolve] [0s] clauses:61'771 literals:252'876 vars:25'916 one_side_vars:25916 simple_definition:0 singleton_clauses:0
[SAT presolve] [0.00196043s] clauses:61'771 literals:252'876 vars:25'916 one_side_vars:25916 simple_definition:0 singleton_clauses:0
[SAT presolve] [0.00288517s] clauses:61'771 literals:252'876 vars:25'916 one_side_vars:25916 simple_definition:0 singleton_clauses:0
  2.99e-02s  0.00e+00d  [ProcessAtMostOneAndLinear] #num_changes=30 
  2.08e-03s  0.00e+00d  [DetectDuplicateConstraints] 
  1.92e-03s  0.00e+00d  [DetectDuplicateConstraintsWithDifferentEnforcements] #without_enforcements=184 
  7.72e-02s  1.42e-02d  [DetectDominatedLinearConstraints] #relevant_constraints=26'694 #num_inclusions=4'018 
  2.00e-03s  0.00e+00d  [DetectDifferentVariables] 
  3.52e-02s  8.16e-03d  [ProcessSetPPC] #relevant_constraints=69'999 #num_inclusions=1 
  6.01e-03s  1.30e-03d  [TransformClausesToExactlyOne] #num_amos=26'154 #num_clauses=35'843 #num_checked=35'843 
  7.87e-03s  0.00e+00d  [DetectEncodedComplexDomains] 
  1.55e-03s  8.58e-05d  [FindAlmostIdenticalLinearConstraints] #num_tested_pairs=3'645 
  2.55e-01s  1.00e+00d *[FindBigAtMostOneAndLinearOverlap] 
  6.76e-02s  7.16e-01d  [FindBigVerticalLinearOverlap] 
  1.36e-01s  1.00e+00d *[FindBigHorizontalLinearOverlap] #linears=21'101 
  7.29e-03s  1.01e-03d  [MergeClauses] #num_collisions=15'899 #num_merges=15'899 #num_saved_literals=73'064 
  2.10e-02s  0.00e+00d  [DetectDominanceRelations] 
  7.70e-02s  0.00e+00d  [PresolveToFixPoint] #num_loops=5 #num_dual_strengthening=1 
  2.10e-02s  0.00e+00d  [DetectDominanceRelations] 
  7.66e-02s  0.00e+00d  [PresolveToFixPoint] #num_loops=1 #num_dual_strengthening=1 
  1.39e-02s  0.00e+00d  [DetectDuplicateColumns] 
  1.76e-03s  0.00e+00d  [DetectDuplicateConstraints] 
[Symmetry] Graph for symmetry has 127'648 nodes and 1'131'512 arcs.
[Symmetry] Symmetry computation done. time: 0.0252776 dtime: 0.111992
[Symmetry] #generators: 88, average support size: 2
[Symmetry] 2 orbits on 90 variables with sizes: 59,31
[Symmetry] Found orbitope of size 1 x 59
[SAT presolve] num removable Booleans: 0 / 29'550
[SAT presolve] num trivial clauses: 0
[SAT presolve] [0s] clauses:61'771 literals:252'876 vars:25'916 one_side_vars:25916 simple_definition:0 singleton_clauses:0
[SAT presolve] [0.00188526s] clauses:61'771 literals:252'876 vars:25'916 one_side_vars:25916 simple_definition:0 singleton_clauses:0
[SAT presolve] [0.00281822s] clauses:61'771 literals:252'876 vars:25'916 one_side_vars:25916 simple_definition:0 singleton_clauses:0
  2.92e-02s  0.00e+00d  [ProcessAtMostOneAndLinear] 
  2.37e-03s  0.00e+00d  [DetectDuplicateConstraints] 
  2.11e-03s  0.00e+00d  [DetectDuplicateConstraintsWithDifferentEnforcements] #without_enforcements=184 
  7.76e-02s  1.42e-02d  [DetectDominatedLinearConstraints] #relevant_constraints=26'694 #num_inclusions=4'018 
  2.23e-03s  0.00e+00d  [DetectDifferentVariables] 
  3.54e-02s  8.16e-03d  [ProcessSetPPC] #relevant_constraints=69'998 #num_inclusions=1 
  6.26e-03s  1.30e-03d  [TransformClausesToExactlyOne] #num_amos=26'153 #num_clauses=35'843 #num_checked=35'843 
  8.19e-03s  0.00e+00d  [DetectEncodedComplexDomains] 
  1.79e-03s  8.45e-05d  [FindAlmostIdenticalLinearConstraints] #num_tested_pairs=3'593 
  2.55e-01s  1.00e+00d *[FindBigAtMostOneAndLinearOverlap] 
  6.75e-02s  7.16e-01d  [FindBigVerticalLinearOverlap] 
  1.36e-01s  1.00e+00d *[FindBigHorizontalLinearOverlap] #linears=21'101 
  7.56e-03s  1.01e-03d  [MergeClauses] #num_collisions=15'899 #num_merges=15'899 #num_saved_literals=73'064 
  2.17e-02s  0.00e+00d  [DetectDominanceRelations] 
  7.87e-02s  0.00e+00d  [PresolveToFixPoint] #num_loops=5 #num_dual_strengthening=1 
  8.86e-04s  0.00e+00d  [MergeNoOverlap] 
  8.89e-04s  0.00e+00d  [MergeNoOverlap2D] 

Presolve summary:
  - 3656 affine relations were detected.
  - rule 'TODO dual: only one blocking constraint?' was applied 4'115 times.
  - rule 'TODO dual: tighten at most one' was applied 519 times.
  - rule 'TODO linear2: convert ax + by != cte to clauses for large domains' was applied 1'008 times.
  - rule 'affine: new relation' was applied 3'656 times.
  - rule 'at_most_one: transformed into max clique' was applied 1 time.
  - rule 'bool_and: x => x' was applied 3'648 times.
  - rule 'bool_or: implications' was applied 3'660 times.
  - rule 'deductions: 300 stored' was applied 1 time.
  - rule 'dual: enforced equivalence' was applied 3'648 times.
  - rule 'encoding: candidate linear is all boolean now' was applied 2 times.
  - rule 'encoding: extracted from linear' was applied 2 times.
  - rule 'encoding: reduced target domain' was applied 2 times.
  - rule 'exactly_one: removed literals' was applied 3 times.
  - rule 'linear + amo: empty after processing' was applied 2 times.
  - rule 'linear + amo: extracted enforcement literal' was applied 258 times.
  - rule 'linear + amo: fixed literal implied by enforcement' was applied 77 times.
  - rule 'linear matrix: common horizontal rectangle' was applied 2 times.
  - rule 'linear matrix: common vertical rectangle' was applied 50 times.
  - rule 'linear matrix: defining equation for common rectangle' was applied 1 time.
  - rule 'linear1: x in domain' was applied 276 times.
  - rule 'linear2: contains a boolean' was applied 1 time.
  - rule 'linear2: convert ax + by != cte to clauses' was applied 3'648 times.
  - rule 'linear: always true' was applied 1 time.
  - rule 'linear: extracted at most one (min)' was applied 2 times.
  - rule 'linear: fixed or dup variables' was applied 3 times.
  - rule 'linear: never in domain' was applied 2 times.
  - rule 'linear: positive at most one' was applied 139 times.
  - rule 'linear: positive equal one' was applied 3'643 times.
  - rule 'linear: reduced variable domains' was applied 41 times.
  - rule 'linear: reduced variable domains in derived constraint' was applied 25 times.
  - rule 'linear: remapped using affine relations' was applied 37 times.
  - rule 'linear: variable substitution 2' was applied 3 times.
  - rule 'linear: variable substitution 3' was applied 9 times.
  - rule 'new_bool: var with 2 values' was applied 1 time.
  - rule 'presolve: 279 unused variables removed.' was applied 1 time.
  - rule 'presolve: iteration' was applied 3 times.
  - rule 'setppc: bool_or in at_most_one' was applied 5 times.
  - rule 'setppc: fixed variables' was applied 3 times.
  - rule 'variables with 2 values: create encoding literal' was applied 1 time.
  - rule 'variables with 2 values: new affine relation' was applied 1 time.
  - rule 'variables: detect half reified value encoding' was applied 252 times.

Presolved satisfaction model '': (model_fingerprint: 0x278ec225533e21cb)
#Variables: 34'210 (26'977 primary variables)
  - 29'549 Booleans in [0,1]
  - 2 in [-12,12]
  - 22 in [0,2]
  - 5 in [0,3]
  - 7 in [0,4]
  - 3 in [0,5]
  - 6 in [0,6]
  - 2 in [0,7]
  - 4 in [0,8]
  - 2 in [0,9]
  - 4 in [0,10]
  - 2 in [0,11]
  - 4'597 in [0,12]
  - 1 in [0,35]
  - 1 in [131,3568]
  - 1 in [133,3570]
  - 1 in [135,3572]
  - 1 in [143,3580]
#kAtMostOne: 225 (#literals: 8'730)
#kBoolAnd: 3'084 (#enforced: 3'084) (#literals: 29'012)
#kBoolAndClauses: 15'883 (#enforced: 15'883 #multi: 15'883) (#literals: 104'794)
#kBoolOr: 4'061 (#literals: 23'162)
#kExactlyOne: 3'646 (#literals: 711'975)
#kLinear1: 253 (#enforced: 253)
#kLinear3: 4'375 (#enforced: 17)
#kLinearN: 22'319 (#enforced: 4'349) (#terms: 174'221)
[Symmetry] Graph for symmetry has 123'700 nodes and 1'131'463 arcs.
[Symmetry] Symmetry computation done. time: 0.0263125 dtime: 0.111748
[Symmetry] #generators: 87, average support size: 2
[Symmetry] 2 orbits on 89 variables with sizes: 59,30
[Symmetry] Found orbitope of size 1 x 59

Preloading model.
#Model   3.83s var:34210/34210 constraints:53846/53846

Starting search at 3.84s with 8 workers.
6 full problem subsolvers: [default_lp, max_lp_sym, no_lp, probing, quick_restart, quick_restart_no_lp]
2 first solution subsolvers: [fj, fs_random_no_lp]
2 interleaved subsolvers: [feasibility_pump, rins/rens]
2 helper subsolvers: [neighborhood_helper, synchronization_agent]

#Model   4.77s var:34102/34210 constraints:53793/53846
#Model   4.82s var:34091/34210 constraints:53786/53846
#Model   5.23s var:34090/34210 constraints:53785/53846
#Model   5.37s var:34084/34210 constraints:53782/53846
#Model   5.51s var:33987/34210 constraints:53727/53846
#Model   5.65s var:33922/34210 constraints:53725/53846
#Model   5.78s var:33916/34210 constraints:53725/53846
#Model   5.92s var:33911/34210 constraints:53725/53846
#Model   6.06s var:33897/34210 constraints:53716/53846
#Model   6.20s var:33894/34210 constraints:53716/53846
#Model   6.34s var:33892/34210 constraints:53715/53846
#Model   6.58s var:33891/34210 constraints:53713/53846
#Model   6.72s var:33889/34210 constraints:53711/53846
#Model   6.86s var:33888/34210 constraints:53711/53846
#Model   6.99s var:33882/34210 constraints:53706/53846
#Model   7.13s var:33837/34210 constraints:53646/53846
#Model   7.27s var:33836/34210 constraints:53646/53846
#Model   7.94s var:33835/34210 constraints:53644/53846
#Model   8.03s var:33834/34210 constraints:53643/53846
#Model   8.36s var:33833/34210 constraints:53642/53846
#Model   8.46s var:33830/34210 constraints:53641/53846
#Model   8.69s var:33829/34210 constraints:53638/53846
#Model   9.09s var:33828/34210 constraints:53636/53846
#Model   9.23s var:33827/34210 constraints:53633/53846
#Model   9.47s var:33826/34210 constraints:53631/53846
#Model   9.71s var:33825/34210 constraints:53629/53846
#Model   9.84s var:33824/34210 constraints:53628/53846
#Model   9.98s var:33823/34210 constraints:53625/53846
#Model  10.32s var:33821/34210 constraints:53623/53846
#Model  10.96s var:33820/34210 constraints:53621/53846
#Model  11.10s var:33819/34210 constraints:53619/53846
#Model  11.96s var:33813/34210 constraints:53611/53846 [skipped_logs=3]
#Model  12.53s var:33808/34210 constraints:53602/53846 [skipped_logs=3]
#Model  14.03s var:33800/34210 constraints:53591/53846 [skipped_logs=5]
#Model  14.96s var:33798/34210 constraints:53587/53846 [skipped_logs=1]
#Model  15.59s var:33796/34210 constraints:53585/53846 [skipped_logs=0]
#Model  16.56s var:33793/34210 constraints:53581/53846 [skipped_logs=2]
#Model  17.93s var:33783/34210 constraints:53563/53846 [skipped_logs=3]
#Model  18.78s var:33777/34210 constraints:53557/53846 [skipped_logs=3]
#Model  19.74s var:33767/34210 constraints:53545/53846 [skipped_logs=3]
#Model  21.02s var:33749/34210 constraints:53511/53846 [skipped_logs=1]
#Model  23.36s var:33748/34210 constraints:53509/53846
#Model  23.50s var:33746/34210 constraints:53506/53846
#Model  23.78s var:33743/34210 constraints:53500/53846 [skipped_logs=1]
#Model  25.68s var:33742/34210 constraints:53498/53846
#Model  26.33s var:33741/34210 constraints:53496/53846
#Model  27.62s var:33740/34210 constraints:53494/53846

Task timing                      n [     min,      max]      avg      dev     time         n [     min,      max]      avg      dev    dtime
           'default_lp':         1 [  26.22s,   26.22s]   26.22s   0.00ns   26.22s         2 [715.80ms,   31.32s]   16.02s   15.30s   32.03s
     'feasibility_pump':       174 [261.79us,    8.08s]  89.52ms 714.49ms   15.58s         4 [   1.30s,   10.12s]    4.94s    3.31s   19.78s
                   'fj':       161 [  2.09ms,  84.46ms]  60.87ms   9.50ms    9.80s       161 [  4.33ms, 122.40ms] 110.57ms  11.82ms   17.80s
      'fs_random_no_lp':         1 [  26.16s,   26.16s]   26.16s   0.00ns   26.16s         2 [144.95us,    1.08m]   32.25s   32.25s    1.08m
           'max_lp_sym':         1 [  26.15s,   26.15s]   26.15s   0.00ns   26.15s         2 [   3.12s,   42.43s]   22.78s   19.66s   45.55s
                'no_lp':         1 [  26.16s,   26.16s]   26.16s   0.00ns   26.16s         2 [144.95us,   52.53s]   26.27s   26.27s   52.53s
              'probing':         1 [  26.22s,   26.22s]   26.22s   0.00ns   26.22s         2 [768.76ms,   18.39s]    9.58s    8.81s   19.16s
        'quick_restart':         1 [  26.16s,   26.16s]   26.16s   0.00ns   26.16s         2 [583.92ms,   30.42s]   15.50s   14.92s   31.00s
  'quick_restart_no_lp':         1 [  26.22s,   26.22s]   26.22s   0.00ns   26.22s         2 [144.95us,   25.97s]   12.98s   12.98s   25.97s
            'rins/rens':         0 [  0.00ns,   0.00ns]   0.00ns   0.00ns   0.00ns         0 [  0.00ns,   0.00ns]   0.00ns   0.00ns   0.00ns

Search stats               Bools  Conflicts   Branches  Restarts  BacktrackToRoot  Backtrack   BoolPropag  IntegerPropag
           'default_lp':  29'634        258    459'163         1            5'816     13'321    9'610'143      4'107'475
      'fs_random_no_lp':  29'636    147'659  1'099'581        35           32'664    212'340  271'782'121    126'603'009
           'max_lp_sym':  29'634        162    730'380         1           10'713     24'931   17'355'515     18'731'105
                'no_lp':  29'634    157'429  1'158'338       266           33'981    220'546  222'888'717    123'589'319
              'probing':  29'675          1         83         0               82         82        2'828         21'894
        'quick_restart':  29'635        234    451'794         1            5'816     13'297    9'591'092      4'059'915
  'quick_restart_no_lp':  29'919     30'174  4'388'356     2'737           17'610     62'828   66'189'022     80'854'225

SAT formula               Fixed  Equiv   Total  VarLeft  BinaryClauses  PermanentClauses  TemporaryClauses
           'default_lp':    322      0  29'634   29'312        250'018            39'462                25
      'fs_random_no_lp':    467      4  29'636   29'165        220'636            41'086            14'341
           'max_lp_sym':    406      4  29'634   29'224        216'052            39'237                 0
                'no_lp':    470      4  29'634   29'160        222'500            42'160             7'925
              'probing':    372      0  29'675   29'303        215'474            39'786                 0
        'quick_restart':    370      0  29'635   29'265        250'046            39'466                 2
  'quick_restart_no_lp':    470      4  29'919   29'445        237'796            43'547            11'132

SAT stats                 ClassicMinim  LitRemoved  LitRemovedBinary  LitLearned  LitForgotten  Subsumed
           'default_lp':            33         313               843      13'475             0        26
      'fs_random_no_lp':       132'077     983'696         1'132'295   6'453'360     4'836'771    11'701
           'max_lp_sym':            11          16               832       1'414             0        30
                'no_lp':       141'379   1'532'849         1'470'900   4'611'450     2'779'857    48'544
              'probing':             0           0                 0           1             0         0
        'quick_restart':            15         101               582       1'554             0        27
  'quick_restart_no_lp':        18'258     126'147           223'366   1'843'638       699'811     2'954

Vivification              Clauses  Decisions  LitTrue  Subsumed  LitRemoved  DecisionReused  Conflicts
           'default_lp':    2'799    441'404        0        47       1'688             280        163
      'fs_random_no_lp':   22'339    784'886       19     1'735      20'222           4'071        216
           'max_lp_sym':    6'107    711'630       24       451       3'207             735         89
                'no_lp':   23'496    801'414        0     2'000      23'263           4'470        228
              'probing':        1          2        0         0           0               0          0
        'quick_restart':    2'799    441'404        0        47       1'688             280        163
  'quick_restart_no_lp':    7'361    577'388        0     1'044      11'712             923        207

Clause deletion           at_true  l_and_not(l)  to_binary  sub_conflict  sub_extra  sub_decisions  sub_eager  sub_vivify  sub_probing  sub_inpro  blocked  eliminated  forgotten  promoted  conflicts
           'default_lp':      235             0          4            25          0              8          1          47           44         62        0           0          0        52        258
      'fs_random_no_lp':      661             0          6        11'040        645             11        661       1'735          148        219        0           0    118'018   320'525    147'659
           'max_lp_sym':      542             8          0            30          0              2          0         451          129        135        0           0          0         1        162
                'no_lp':      669             0          6        44'256        812          3'081      4'288       2'000          166        302        0           0     92'732   384'262    157'429
              'probing':        0             0          0             0          0              0          0           0            0          0        0           0          0         0          1
        'quick_restart':      237             0          4            24          0              8          3          47           44         55        0           0          0        12        234
  'quick_restart_no_lp':      667             0          6         2'559        168             28        395       1'044          198        167        0           0     10'994    57'957     30'174

Lp stats            Component  Iterations  AddedCuts  OPTIMAL  DUAL_F.  DUAL_U.
     'default_lp':          1      77'934         61      105      119        6
     'max_lp_sym':          1      11'602          0        0        9        0
        'probing':          1      35'916        452       41       35        0
  'quick_restart':          1      46'888         38       90       59        0

Lp dimension                Final dimension of first component
     'default_lp':     3364 rows, 29844 columns, 68474 entries
     'max_lp_sym':  89888 rows, 34123 columns, 1158875 entries
        'probing':     1519 rows, 29844 columns, 51158 entries
  'quick_restart':     3214 rows, 29844 columns, 57461 entries

Lp debug            CutPropag  CutEqPropag  Adjust  Overflow     Bad  BadScaling
     'default_lp':          0            0       6         0     954           0
     'max_lp_sym':          0            0       0         0       0           0
        'probing':          9            2       0         0  21'211           0
  'quick_restart':          0            0       0         0       0           0

Lp pool             Constraints  Updates  Simplif  Merged  Shortened  Split  Strengthened  Cuts/Call
     'default_lp':       26'034        0    1'655       0      1'654      0             0      61/82
     'max_lp_sym':       89'888        0        0       0          0      0             0        0/0
        'probing':       26'425       40    1'095       0      1'093      2            62    452/891
  'quick_restart':       26'011        0    1'771       0      1'770      0             0     38/145

Lp Cut           quick_restart  default_lp  probing
         CG_FF:              -          12       56
          CG_K:              -          12       30
         CG_KL:              -           -        7
          CG_R:              -          12       54
            IB:             38          20       43
      MIR_1_FF:              -           -        7
       MIR_1_K:              -           -        1
      MIR_1_KL:              -           -        6
       MIR_1_R:              -           1        2
      MIR_1_RB:              -           -        2
     MIR_1_RBP:              -           -        1
      MIR_2_FF:              -           1        6
       MIR_2_K:              -           -        2
      MIR_2_KL:              -           -        3
       MIR_2_R:              -           -        4
      MIR_2_RB:              -           -        2
     MIR_2_RBP:              -           -        1
      MIR_3_FF:              -           -       11
      MIR_3_KL:              -           -        6
       MIR_3_R:              -           -        6
      MIR_3_RB:              -           -        1
     MIR_3_RBP:              -           -        3
      MIR_4_FF:              -           1       17
       MIR_4_K:              -           -        9
      MIR_4_KL:              -           -        5
       MIR_4_R:              -           2       14
      MIR_4_RB:              -           -        1
     MIR_4_RBP:              -           -        8
      MIR_5_FF:              -           -       12
       MIR_5_K:              -           -        5
      MIR_5_KL:              -           -        6
       MIR_5_R:              -           -       11
     MIR_5_RBP:              -           -        3
      MIR_6_FF:              -           -       10
       MIR_6_K:              -           -        6
      MIR_6_KL:              -           -        5
       MIR_6_R:              -           -       12
     MIR_6_RBP:              -           -        1
  ZERO_HALF_FF:              -           -       29
   ZERO_HALF_R:              -           -       44

LNS stats       Improv/Calls  Closed  Difficulty  TimeLimit
  'rins/rens':           0/0      0%    5.00e-01       0.10

LS stats                                    Batches  Restarts/Perturbs  LinMoves  GenMoves  CompoundMoves  Bactracks  WeightUpdates  ScoreComputed
                             'fj_restart':        6                  5     6'303         0              0          0             18        196'400
                    'fj_restart_compound':        6                  4         0     4'835          4'470        131              0        552'044
                'fj_restart_compound_obj':        6                  4         0     5'254          4'453        365              0        533'563
            'fj_restart_compound_perturb':        6                  2         0     5'569          4'985        266              0        625'288
        'fj_restart_compound_perturb_obj':       12                  5         0    12'687         10'018      1'294              0      1'254'088
                       'fj_restart_decay':       10                  3    10'404         0              0          0             25        333'890
              'fj_restart_decay_compound':       19                  3         0    11'801          6'042      2'859              0      1'904'345
          'fj_restart_decay_compound_obj':        8                  5         0     6'624          5'443        446              0        772'679
      'fj_restart_decay_compound_perturb':       13                  5         0    13'779         10'062      1'819              0      1'327'945
  'fj_restart_decay_compound_perturb_obj':       13                  7         0    15'420         13'326        974              0      1'325'698
                   'fj_restart_decay_obj':       12                  6    13'375         0              0          0             30        396'553
               'fj_restart_decay_perturb':       21                  6    24'123         0              0          0             50        735'424
           'fj_restart_decay_perturb_obj':        4                  3     4'818         0              0          0              8        135'584
                         'fj_restart_obj':        5                  4     5'267         0              0          0             15        164'842
                     'fj_restart_perturb':        5                  2     4'943         0              0          0             14        171'556
                 'fj_restart_perturb_obj':       15                  8    16'459         0              0          0             38        515'838

Solution repositories    Added  Queried  Synchro
    'alternative_path':      0        0        0
      'best_solutions':      0        0        0
   'fj solution hints':     64        0       64
        'lp solutions':      0        0        0
                'pump':      0        0

Improving bounds shared    Num  Sym
       'fs_random_no_lp':  154    0
            'max_lp_sym':   52    0
                 'no_lp':   90    0
               'probing':   99    0
         'quick_restart':   63    0
   'quick_restart_no_lp':  104   58

Clauses shared            #Exported  #Imported  #BinaryRead  #BinaryTotal
           'default_lp':         25        296       80'904        84'322
      'fs_random_no_lp':     62'987      1'803       83'635        84'322
           'max_lp_sym':      1'634        977       81'058        84'322
                'no_lp':      3'429      1'784       84'316        84'322
              'probing':          0        297       80'919        84'322
        'quick_restart':     17'920        296       80'918        84'322
  'quick_restart_no_lp':      2'729      2'144       84'322        84'322

LRAT_status: NA
CpSolverResponse summary:
status: UNKNOWN
objective: NA
best_bound: NA
integers: 29992
booleans: 29634
conflicts: 157429
branches: 1158338
propagations: 222888717
integer_propagations: 123589319
restarts: 266
lp_iterations: 0
walltime: 30.0799
usertime: 30.0799
deterministic_time: 316.691
gap_integral: 0

