
Starting CP-SAT solver v9.15.6755
Parameters: random_seed: 20260922 max_time_in_seconds: 30 log_search_progress: true num_search_workers: 2 log_to_stdout: false

Initial satisfaction model '': (model_fingerprint: 0x1d57e650d8b90df8)
#Variables: 2'182 (2'181 primary variables)
  - 2'180 Booleans in [0,1]
  - 1 in [0,6]
  - 1 in [10,11]
#kBoolAnd: 2'996 (#enforced: 2'996) (#literals: 5'992)
#kBoolOr: 1'084 (#enforced: 1'084) (#literals: 4'976)
#kExactlyOne: 1 (#literals: 47)
#kLinear1: 9 (#enforced: 4)
#kLinear2: 15
#kLinear3: 11
#kLinearN: 1'417 (#enforced: 143) (#terms: 28'275)

Starting presolve at 0.00s
  1.11e-03s  0.00e+00d  [DetectDominanceRelations] 
  7.63e-03s  0.00e+00d  [PresolveToFixPoint] #num_loops=3 #num_dual_strengthening=2 
  4.33e-05s  0.00e+00d  [ExtractEncodingFromLinear] #potential_supersets=1'278 
  3.25e-04s  0.00e+00d  [DetectDuplicateColumns] 
  1.50e-04s  0.00e+00d  [DetectDuplicateConstraints] #duplicates=109 
[Symmetry] Graph for symmetry has 7'453 nodes and 38'345 arcs.
[Symmetry] Symmetry computation done. time: 0.00116351 dtime: 0.00429881
[Symmetry] #generators: 64, average support size: 2
[Symmetry] 28 orbits on 92 variables with sizes: 38,2,2,2,2,2,2,2,2,2,...
[Symmetry] Num fixable by binary propagation in orbit: 37 / 38
[Symmetry] Found orbitope of size 1 x 2
[SAT presolve] num removable Booleans: 0 / 1'980
[SAT presolve] num trivial clauses: 0
[SAT presolve] [0s] clauses:1'981 literals:7'851 vars:1'772 one_side_vars:1770 simple_definition:2 singleton_clauses:0
[SAT presolve] [7.1987e-05s] clauses:1'981 literals:7'851 vars:1'772 one_side_vars:1770 simple_definition:2 singleton_clauses:0
[SAT presolve] [0.000147758s] clauses:1'981 literals:7'851 vars:1'772 one_side_vars:1770 simple_definition:2 singleton_clauses:0
  1.47e-04s  0.00e+00d  [DetectDuplicateConstraintsWithDifferentEnforcements] #without_enforcements=1 
  1.67e-02s  1.96e-02d  [Probe] #probed=3'934 #fixed_bools=20 #new_binary_clauses=1'458 
  8.15e-03s  5.63e-02d  [MaxClique] Merged 2'086 constraints with 24'699 literals into 1'572 constraints with 23'413 literals
  1.33e-03s  0.00e+00d  [DetectDominanceRelations] 
  1.27e-03s  0.00e+00d  [DetectDominanceRelations] 
  5.06e-03s  0.00e+00d  [PresolveToFixPoint] #num_loops=5 #num_dual_strengthening=4 
  1.08e-03s  0.00e+00d  [ProcessAtMostOneAndLinear] 
  9.64e-05s  0.00e+00d  [DetectDuplicateConstraints] #duplicates=7 
  4.71e-05s  0.00e+00d  [DetectDuplicateConstraintsWithDifferentEnforcements] 
  1.24e-04s  2.51e-05d  [DetectDominatedLinearConstraints] #relevant_constraints=53 #num_inclusions=10 
  2.56e-05s  0.00e+00d  [DetectDifferentVariables] 
  1.12e-03s  2.04e-04d  [ProcessSetPPC] #relevant_constraints=2'516 #num_inclusions=88 
  8.85e-04s  4.93e-05d  [TransformClausesToExactlyOne] #num_amos=1'391 #num_clauses=1'005 #num_checked=1'005 
  4.63e-05s  0.00e+00d  [DetectEncodedComplexDomains] 
  1.08e-05s  0.00e+00d  [FindAlmostIdenticalLinearConstraints] 
  3.46e-03s  1.48e-02d  [FindBigAtMostOneAndLinearOverlap] #blocks=1 #saved_nz=166 
  5.19e-04s  6.59e-03d  [FindBigVerticalLinearOverlap] 
  3.25e-04s  6.13e-05d  [FindBigHorizontalLinearOverlap] #blocks=2 #saved_nz=1'121 #linears=53 
  2.57e-04s  2.81e-05d  [MergeClauses] #num_collisions=431 #num_merges=431 #num_saved_literals=1'944 
  1.06e-03s  0.00e+00d  [DetectDominanceRelations] 
  7.97e-04s  0.00e+00d  [DetectDominanceRelations] 
  3.52e-03s  0.00e+00d  [PresolveToFixPoint] #num_loops=3 #num_dual_strengthening=2 
  8.20e-04s  0.00e+00d  [DetectDominanceRelations] 
  2.10e-03s  0.00e+00d  [PresolveToFixPoint] #num_loops=1 #num_dual_strengthening=1 
  2.33e-04s  0.00e+00d  [DetectDuplicateColumns] 
  9.93e-05s  0.00e+00d  [DetectDuplicateConstraints] #duplicates=8 
[Symmetry] Graph for symmetry has 6'728 nodes and 30'176 arcs.
[Symmetry] Symmetry computation done. time: 0.000950859 dtime: 0.00325613
[Symmetry] #generators: 27, average support size: 2
[Symmetry] 27 orbits on 54 variables with sizes: 2,2,2,2,2,2,2,2,2,2,...
[Symmetry] Found orbitope of size 1 x 2
[SAT presolve] num removable Booleans: 0 / 1'812
[SAT presolve] num trivial clauses: 0
[SAT presolve] [0s] clauses:1'161 literals:5'922 vars:1'550 one_side_vars:1548 simple_definition:2 singleton_clauses:0
[SAT presolve] [5.0221e-05s] clauses:1'161 literals:5'922 vars:1'550 one_side_vars:1548 simple_definition:2 singleton_clauses:0
[SAT presolve] [0.000117121s] clauses:1'161 literals:5'922 vars:1'550 one_side_vars:1548 simple_definition:2 singleton_clauses:0
  1.62e-04s  0.00e+00d  [DetectDuplicateConstraintsWithDifferentEnforcements] 
  1.80e-02s  2.02e-02d  [Probe] #probed=3'856 #new_bounds=2 #new_binary_clauses=1'456 
  7.18e-03s  5.00e-02d  [MaxClique] Merged 1'388 constraints with 21'726 literals into 1'368 constraints with 21'686 literals
  8.30e-04s  0.00e+00d  [DetectDominanceRelations] 
  2.34e-03s  0.00e+00d  [PresolveToFixPoint] #num_loops=2 #num_dual_strengthening=1 
  6.77e-04s  0.00e+00d  [ProcessAtMostOneAndLinear] 
  7.24e-05s  0.00e+00d  [DetectDuplicateConstraints] 
  4.41e-05s  0.00e+00d  [DetectDuplicateConstraintsWithDifferentEnforcements] 
  6.31e-05s  8.81e-06d  [DetectDominatedLinearConstraints] #relevant_constraints=53 #num_inclusions=4 
  2.57e-05s  0.00e+00d  [DetectDifferentVariables] 
  1.02e-03s  1.60e-04d  [ProcessSetPPC] #relevant_constraints=2'425 
  8.98e-04s  4.94e-05d  [TransformClausesToExactlyOne] #num_amos=1'370 #num_clauses=1'005 #num_checked=1'005 
  1.15e-04s  0.00e+00d  [DetectEncodedComplexDomains] 
  1.79e-05s  0.00e+00d  [FindAlmostIdenticalLinearConstraints] 
  1.94e-03s  6.68e-03d  [FindBigAtMostOneAndLinearOverlap] 
  3.24e-04s  2.92e-03d  [FindBigVerticalLinearOverlap] 
  2.07e-04s  1.38e-04d  [FindBigHorizontalLinearOverlap] #blocks=1 #saved_nz=427 #linears=51 
  2.65e-04s  2.81e-05d  [MergeClauses] #num_collisions=431 #num_merges=431 #num_saved_literals=1'944 
  9.31e-04s  0.00e+00d  [DetectDominanceRelations] 
  2.31e-03s  0.00e+00d  [PresolveToFixPoint] #num_loops=3 #num_dual_strengthening=1 
  8.68e-04s  0.00e+00d  [DetectDominanceRelations] 
  2.21e-03s  0.00e+00d  [PresolveToFixPoint] #num_loops=1 #num_dual_strengthening=1 
  2.86e-04s  0.00e+00d  [DetectDuplicateColumns] 
  1.01e-04s  0.00e+00d  [DetectDuplicateConstraints] #duplicates=6 
[Symmetry] Graph for symmetry has 6'702 nodes and 29'680 arcs.
[Symmetry] Symmetry computation done. time: 0.000981904 dtime: 0.00324987
[Symmetry] #generators: 27, average support size: 2
[Symmetry] 27 orbits on 54 variables with sizes: 2,2,2,2,2,2,2,2,2,2,...
[Symmetry] Found orbitope of size 1 x 2
[SAT presolve] num removable Booleans: 0 / 1'812
[SAT presolve] num trivial clauses: 0
[SAT presolve] [0s] clauses:1'142 literals:5'884 vars:1'547 one_side_vars:1545 simple_definition:2 singleton_clauses:0
[SAT presolve] [5.4257e-05s] clauses:1'142 literals:5'884 vars:1'547 one_side_vars:1545 simple_definition:2 singleton_clauses:0
[SAT presolve] [0.000120558s] clauses:1'142 literals:5'884 vars:1'547 one_side_vars:1545 simple_definition:2 singleton_clauses:0
  1.59e-04s  0.00e+00d  [DetectDuplicateConstraintsWithDifferentEnforcements] 
  1.56e-02s  1.88e-02d  [Probe] #probed=3'856 #new_bounds=3 #new_binary_clauses=1'456 
  7.15e-03s  5.00e-02d  [MaxClique] 
  8.52e-04s  0.00e+00d  [DetectDominanceRelations] 
  2.40e-03s  0.00e+00d  [PresolveToFixPoint] #num_loops=2 #num_dual_strengthening=1 
  5.97e-04s  0.00e+00d  [ProcessAtMostOneAndLinear] 
  8.00e-05s  0.00e+00d  [DetectDuplicateConstraints] 
  4.91e-05s  0.00e+00d  [DetectDuplicateConstraintsWithDifferentEnforcements] 
  5.44e-05s  5.61e-06d  [DetectDominatedLinearConstraints] #relevant_constraints=54 #num_inclusions=3 
  2.95e-05s  0.00e+00d  [DetectDifferentVariables] 
  9.82e-04s  1.51e-04d  [ProcessSetPPC] #relevant_constraints=2'425 
  8.20e-04s  4.94e-05d  [TransformClausesToExactlyOne] #num_amos=1'370 #num_clauses=1'005 #num_checked=1'005 
  1.27e-04s  0.00e+00d  [DetectEncodedComplexDomains] 
  2.29e-05s  0.00e+00d  [FindAlmostIdenticalLinearConstraints] 
  1.65e-03s  4.80e-03d  [FindBigAtMostOneAndLinearOverlap] 
  3.11e-04s  1.96e-03d  [FindBigVerticalLinearOverlap] 
  1.42e-04s  2.47e-04d  [FindBigHorizontalLinearOverlap] #linears=51 
  3.49e-04s  2.81e-05d  [MergeClauses] #num_collisions=431 #num_merges=431 #num_saved_literals=1'944 
  9.24e-04s  0.00e+00d  [DetectDominanceRelations] 
  2.29e-03s  0.00e+00d  [PresolveToFixPoint] #num_loops=1 #num_dual_strengthening=1 
  1.37e-05s  0.00e+00d  [MergeNoOverlap] 
  1.20e-05s  0.00e+00d  [MergeNoOverlap2D] 

Presolve summary:
  - 33 affine relations were detected.
  - rule 'TODO dual: only one blocking constraint?' was applied 10'318 times.
  - rule 'TODO dual: tighten at most one' was applied 13'813 times.
  - rule 'affine: new relation' was applied 33 times.
  - rule 'at_most_one: removed literals' was applied 192 times.
  - rule 'at_most_one: resolved two constraints with opposite literal' was applied 80 times.
  - rule 'at_most_one: singleton' was applied 11 times.
  - rule 'at_most_one: size one' was applied 35 times.
  - rule 'at_most_one: transformed into max clique' was applied 2 times.
  - rule 'bool_and: x => x' was applied 33 times.
  - rule 'bool_or: always true' was applied 44 times.
  - rule 'bool_or: implications' was applied 47 times.
  - rule 'bool_or: removed enforcement literal' was applied 4 times.
  - rule 'bool_or: singleton' was applied 5 times.
  - rule 'deductions: 10 stored' was applied 1 time.
  - rule 'domination: in exactly one' was applied 8 times.
  - rule 'dual: add implication' was applied 28 times.
  - rule 'dual: enforced equivalence' was applied 31 times.
  - rule 'dual: fix variable' was applied 175 times.
  - rule 'duplicate: removed constraint' was applied 130 times.
  - rule 'duplicate: removed enforced constraint' was applied 1 time.
  - rule 'exactly_one: removed literals' was applied 4 times.
  - rule 'exactly_one: size two' was applied 1 time.
  - rule 'linear + amo: trivial linear constraint' was applied 3 times.
  - rule 'linear matrix: common amo rectangle' was applied 1 time.
  - rule 'linear matrix: common horizontal rectangle' was applied 3 times.
  - rule 'linear2: contains a boolean' was applied 1 time.
  - rule 'linear2: convert ax + by != cte to clauses' was applied 14 times.
  - rule 'linear: always true' was applied 20 times.
  - rule 'linear: empty' was applied 77 times.
  - rule 'linear: fixed or dup variables' was applied 97 times.
  - rule 'linear: positive at most one' was applied 1'277 times.
  - rule 'linear: positive clause' was applied 4 times.
  - rule 'linear: reduced variable domains' was applied 4 times.
  - rule 'linear: remapped using affine relations' was applied 19 times.
  - rule 'linear: singleton column' was applied 2 times.
  - rule 'new_bool: var with 2 values' was applied 1 time.
  - rule 'new_bool: with clause' was applied 1 time.
  - rule 'presolve: 256 unused variables removed.' was applied 1 time.
  - rule 'presolve: iteration' was applied 3 times.
  - rule 'probing: bool_or reduced to implication' was applied 32 times.
  - rule 'setppc: removed dominated constraints' was applied 88 times.
  - rule 'symmetry: fixed to false in general orbit' was applied 37 times.
  - rule 'variables with 2 values: create encoding literal' was applied 1 time.
  - rule 'variables with 2 values: new affine relation' was applied 1 time.

Presolved satisfaction model '': (model_fingerprint: 0xb1b8c24abcbfa6e1)
#Variables: 1'816 (1'812 primary variables)
  - 1'812 Booleans in [0,1]
  - 1 in [-65,-49]
  - 1 in [0,4]
  - 1 in [66,81]
  - 1 in [70,85]
#kAtMostOne: 1'231 (#literals: 21'412)
#kBoolAnd: 141 (#enforced: 141) (#literals: 282)
#kBoolAndClauses: 423 (#enforced: 423 #multi: 423) (#literals: 2'778)
#kBoolOr: 151 (#literals: 888)
#kExactlyOne: 1 (#literals: 58)
#kLinear1: 2 (#enforced: 2)
#kLinear3: 2 (#enforced: 2)
#kLinearN: 52 (#enforced: 44) (#terms: 1'561)
[Symmetry] Graph for symmetry has 6'331 nodes and 29'680 arcs.
[Symmetry] Symmetry computation done. time: 0.000967061 dtime: 0.00321485
[Symmetry] #generators: 27, average support size: 2
[Symmetry] 27 orbits on 54 variables with sizes: 2,2,2,2,2,2,2,2,2,2,...
[Symmetry] Found orbitope of size 1 x 2

Preloading model.
#Model   0.14s var:1816/1816 constraints:2003/2003

Starting search at 0.14s with 2 workers.
1 full problem subsolver: [default_lp]
1 first solution subsolver: [fj]
2 interleaved subsolvers: [feasibility_pump, rins/rens]
2 helper subsolvers: [neighborhood_helper, synchronization_agent]

#Model   0.68s var:1813/1816 constraints:2002/2003

Task timing                   n [     min,      max]      avg      dev     time         n [     min,      max]      avg      dev    dtime
        'default_lp':         1 [  29.85s,   29.85s]   29.85s   0.00ns   29.85s         2 [ 21.54ms,   35.15s]   17.59s   17.57s   35.17s
  'feasibility_pump':       614 [ 47.54us,   9.04ms]   1.15ms 487.80us 704.87ms       612 [219.00us,   2.49ms] 274.60us  91.20us 168.05ms
                'fj':       614 [ 27.36ms,  68.89ms]  47.41ms   9.93ms   29.11s       614 [ 81.17ms, 100.14ms] 100.01ms 761.28us    1.02m
         'rins/rens':         0 [  0.00ns,   0.00ns]   0.00ns   0.00ns   0.00ns         0 [  0.00ns,   0.00ns]   0.00ns   0.00ns   0.00ns

Search stats     Bools  Conflicts  Branches  Restarts  BacktrackToRoot  Backtrack  BoolPropag  IntegerPropag
  'default_lp':  1'817     47'232   457'412        70           98'381    196'789   9'878'759      8'125'962

SAT formula      Fixed  Equiv  Total  VarLeft  BinaryClauses  PermanentClauses  TemporaryClauses
  'default_lp':      4      3  1'817    1'810         17'636             1'007            12'257

SAT stats        ClassicMinim  LitRemoved  LitRemovedBinary  LitLearned  LitForgotten  Subsumed
  'default_lp':        33'539     490'057           767'068   7'402'449     3'455'667    11'951

Vivification     Clauses  Decisions  LitTrue  Subsumed  LitRemoved  DecisionReused  Conflicts
  'default_lp':   52'363    219'494        0         6          24          23'104          0

Clause deletion    at_true  l_and_not(l)  to_binary  sub_conflict  sub_extra  sub_decisions  sub_eager  sub_vivify  sub_probing  sub_inpro  blocked  eliminated  forgotten  promoted  conflicts
    'default_lp':       55           743          0        11'185        330              6        766           6            1          0        0           0     21'878   101'194     47'232

Lp stats         Component  Iterations  AddedCuts  OPTIMAL  DUAL_F.  DUAL_U.
  'default_lp':          1     462'892      1'558   39'444        0   41'792

Lp dimension      Final dimension of first component
  'default_lp':  209 rows, 874 columns, 5033 entries

Lp debug         CutPropag  CutEqPropag  Adjust  Overflow    Bad  BadScaling
  'default_lp':          2          215  41'788         0  7'701           0

Lp pool          Constraints  Updates  Simplif  Merged  Shortened  Split  Strengthened    Cuts/Call
  'default_lp':        2'420      646       97       0         87      6            13  1'558/2'524

Lp Cut           default_lp
         CG_FF:         109
          CG_K:         102
         CG_KL:          42
          CG_R:         232
         CG_RB:         268
        CG_RBP:          56
            IB:          14
      MIR_1_FF:          16
       MIR_1_K:          11
      MIR_1_KL:          13
       MIR_1_R:          12
      MIR_1_RB:          22
     MIR_1_RBP:           2
      MIR_2_FF:          24
       MIR_2_K:          15
      MIR_2_KL:          23
       MIR_2_R:          33
      MIR_2_RB:          47
     MIR_2_RBP:           4
      MIR_3_FF:          16
       MIR_3_K:          22
      MIR_3_KL:          29
       MIR_3_R:          24
      MIR_3_RB:          55
     MIR_3_RBP:          27
      MIR_4_FF:          21
       MIR_4_K:          23
      MIR_4_KL:          27
       MIR_4_R:          32
      MIR_4_RB:          45
     MIR_4_RBP:          30
      MIR_5_FF:           8
       MIR_5_K:           5
      MIR_5_KL:           5
       MIR_5_R:          13
      MIR_5_RB:          18
     MIR_5_RBP:          14
      MIR_6_FF:           2
       MIR_6_K:           6
      MIR_6_KL:           4
       MIR_6_R:          16
      MIR_6_RB:          12
     MIR_6_RBP:           8
  ZERO_HALF_FF:          19
   ZERO_HALF_R:          32

LNS stats       Improv/Calls  Closed  Difficulty  TimeLimit
  'rins/rens':           0/0      0%    5.00e-01       0.10

LS stats                                    Batches  Restarts/Perturbs   LinMoves  GenMoves  CompoundMoves  Bactracks  WeightUpdates  ScoreComputed
                             'fj_restart':       31                 12  1'122'472         0              0          0        121'761        499'952
                    'fj_restart_compound':       33                 16          0   199'452         27'027     86'161            424      5'254'548
                'fj_restart_compound_obj':       63                 17          0   452'560         47'345    202'531          1'358      9'602'099
            'fj_restart_compound_perturb':      101                 18          0   744'727         58'703    342'962          1'936     14'609'321
        'fj_restart_compound_perturb_obj':       32                 11          0   223'490         19'994    101'719            424      4'673'579
                       'fj_restart_decay':       40                 11  1'026'363         0              0          0         29'413        515'896
              'fj_restart_decay_compound':       21                  7          0   141'400         25'964     57'696            248      3'200'316
          'fj_restart_decay_compound_obj':       16                  9          0    97'081         15'760     40'622            123      2'501'759
      'fj_restart_decay_compound_perturb':       33                 17          0   201'371         31'332     84'975            229      5'197'655
  'fj_restart_decay_compound_perturb_obj':       44                 21          0   275'216         43'734    115'656            341      6'803'163
                   'fj_restart_decay_obj':       36                 13    934'672         0              0          0         25'922        435'762
               'fj_restart_decay_perturb':       15                 10    371'085         0              0          0         10'910        177'790
           'fj_restart_decay_perturb_obj':       19                  7    493'995         0              0          0         14'213        257'720
                         'fj_restart_obj':       58                 20  1'995'947         0              0          0        194'173      1'185'342
                     'fj_restart_perturb':       32                  7  1'094'904         0              0          0        122'395        582'778
                 'fj_restart_perturb_obj':       40                 14  1'441'086         0              0          0        131'642        810'028

Solution repositories    Added  Queried  Synchro
    'alternative_path':      0        0        0
      'best_solutions':      0        0        0
   'fj solution hints':    202        0      202
        'lp solutions':      0        0        0
                'pump':      0        0

Improving bounds shared    Num  Sym
            'default_lp':    6    0

Clauses shared    #Exported  #Imported  #BinaryRead  #BinaryTotal
   'default_lp':      6'733          0        6'731         6'731

LRAT_status: NA
CpSolverResponse summary:
status: UNKNOWN
objective: NA
best_bound: NA
integers: 924
booleans: 1817
conflicts: 47232
branches: 457412
propagations: 9878759
integer_propagations: 8125962
restarts: 70
lp_iterations: 462892
walltime: 30.0032
usertime: 30.0032
deterministic_time: 97.004
gap_integral: 0

