
Starting CP-SAT solver v9.15.6755
Parameters: random_seed: 20260922 max_time_in_seconds: 30 log_search_progress: true num_search_workers: 2 log_to_stdout: false

Initial satisfaction model '': (model_fingerprint: 0xe6b4d5f93cb94e4)
#Variables: 2'160 (2'159 primary variables)
  - 2'158 Booleans in [0,1]
  - 1 in [0,6]
  - 1 in [10,11]
#kBoolAnd: 2'996 (#enforced: 2'996) (#literals: 5'992)
#kBoolOr: 1'038 (#enforced: 1'038) (#literals: 4'716)
#kExactlyOne: 1 (#literals: 47)
#kLinear1: 8 (#enforced: 4)
#kLinear2: 14
#kLinear3: 10
#kLinearN: 1'421 (#enforced: 143) (#terms: 27'632)

Starting presolve at 0.00s
  1.89e-03s  0.00e+00d  [DetectDominanceRelations] 
  1.90e-02s  0.00e+00d  [PresolveToFixPoint] #num_loops=4 #num_dual_strengthening=2 
  6.89e-05s  0.00e+00d  [ExtractEncodingFromLinear] #potential_supersets=1'281 
  2.25e-03s  0.00e+00d  [DetectDuplicateColumns] 
  2.68e-04s  0.00e+00d  [DetectDuplicateConstraints] #duplicates=109 
[Symmetry] Graph for symmetry has 7'792 nodes and 37'779 arcs.
[Symmetry] Symmetry computation done. time: 0.00221146 dtime: 0.00436482
[Symmetry] #generators: 59, average support size: 2
[Symmetry] 23 orbits on 82 variables with sizes: 38,2,2,2,2,2,2,2,2,2,...
[Symmetry] Num fixable by binary propagation in orbit: 37 / 38
[Symmetry] Found orbitope of size 1 x 2
[SAT presolve] num removable Booleans: 0 / 1'956
[SAT presolve] num trivial clauses: 0
[SAT presolve] [0s] clauses:1'931 literals:7'516 vars:1'748 one_side_vars:1746 simple_definition:2 singleton_clauses:0
[SAT presolve] [0.000126822s] clauses:1'931 literals:7'516 vars:1'748 one_side_vars:1746 simple_definition:2 singleton_clauses:0
[SAT presolve] [0.000235899s] clauses:1'931 literals:7'516 vars:1'748 one_side_vars:1746 simple_definition:2 singleton_clauses:0
  1.26e-03s  0.00e+00d  [DetectDuplicateConstraintsWithDifferentEnforcements] 
  3.52e-02s  1.87e-02d  [Probe] #probed=3'886 #fixed_bools=21 #new_binary_clauses=1'383 
  1.62e-02s  5.01e-02d  [MaxClique] Merged 2'087 constraints with 24'143 literals into 1'562 constraints with 22'799 literals
  2.09e-03s  0.00e+00d  [DetectDominanceRelations] 
  2.28e-03s  0.00e+00d  [DetectDominanceRelations] 
  1.22e-02s  0.00e+00d  [PresolveToFixPoint] #num_loops=5 #num_dual_strengthening=4 
  3.25e-03s  0.00e+00d  [ProcessAtMostOneAndLinear] 
  2.25e-04s  0.00e+00d  [DetectDuplicateConstraints] #duplicates=9 
  6.37e-05s  0.00e+00d  [DetectDuplicateConstraintsWithDifferentEnforcements] 
  2.14e-04s  2.45e-05d  [DetectDominatedLinearConstraints] #relevant_constraints=54 #num_inclusions=10 
  4.29e-05s  0.00e+00d  [DetectDifferentVariables] 
  1.83e-03s  1.88e-04d  [ProcessSetPPC] #relevant_constraints=2'451 #num_inclusions=90 
  1.42e-03s  4.66e-05d  [TransformClausesToExactlyOne] #num_amos=1'364 #num_clauses=960 #num_checked=960 
  9.80e-05s  0.00e+00d  [DetectEncodedComplexDomains] 
  2.23e-05s  0.00e+00d  [FindAlmostIdenticalLinearConstraints] 
  9.41e-03s  1.45e-02d  [FindBigAtMostOneAndLinearOverlap] #blocks=1 #saved_nz=175 
  9.29e-04s  6.28e-03d  [FindBigVerticalLinearOverlap] 
  5.62e-04s  6.21e-05d  [FindBigHorizontalLinearOverlap] #blocks=2 #saved_nz=1'037 #linears=54 
  4.91e-04s  2.67e-05d  [MergeClauses] #num_collisions=415 #num_merges=415 #num_saved_literals=1'869 
  1.61e-03s  0.00e+00d  [DetectDominanceRelations] 
  1.20e-03s  0.00e+00d  [DetectDominanceRelations] 
  7.39e-03s  0.00e+00d  [PresolveToFixPoint] #num_loops=3 #num_dual_strengthening=2 
  1.21e-03s  0.00e+00d  [DetectDominanceRelations] 
  4.98e-03s  0.00e+00d  [PresolveToFixPoint] #num_loops=1 #num_dual_strengthening=1 
  3.89e-04s  0.00e+00d  [DetectDuplicateColumns] 
  8.70e-05s  0.00e+00d  [DetectDuplicateConstraints] #duplicates=8 
[Symmetry] Graph for symmetry has 6'606 nodes and 29'256 arcs.
[Symmetry] Symmetry computation done. time: 0.00164803 dtime: 0.00323657
[Symmetry] #generators: 17, average support size: 2
[Symmetry] 17 orbits on 34 variables with sizes: 2,2,2,2,2,2,2,2,2,2,...
[Symmetry] Found orbitope of size 1 x 2
[SAT presolve] num removable Booleans: 0 / 1'766
[SAT presolve] num trivial clauses: 0
[SAT presolve] [0s] clauses:1'113 literals:5'641 vars:1'505 one_side_vars:1504 simple_definition:1 singleton_clauses:0
[SAT presolve] [9.7465e-05s] clauses:1'113 literals:5'641 vars:1'505 one_side_vars:1504 simple_definition:1 singleton_clauses:0
[SAT presolve] [0.000195711s] clauses:1'113 literals:5'641 vars:1'505 one_side_vars:1504 simple_definition:1 singleton_clauses:0
  1.81e-04s  0.00e+00d  [DetectDuplicateConstraintsWithDifferentEnforcements] 
  3.81e-02s  1.93e-02d  [Probe] #probed=3'776 #new_bounds=2 #new_binary_clauses=1'381 
  1.38e-02s  4.35e-02d  [MaxClique] Merged 1'361 constraints with 21'040 literals into 1'345 constraints with 21'008 literals
  1.22e-03s  0.00e+00d  [DetectDominanceRelations] 
  5.38e-03s  0.00e+00d  [PresolveToFixPoint] #num_loops=2 #num_dual_strengthening=1 
  9.10e-04s  0.00e+00d  [ProcessAtMostOneAndLinear] 
  1.07e-04s  0.00e+00d  [DetectDuplicateConstraints] 
  5.62e-05s  0.00e+00d  [DetectDuplicateConstraintsWithDifferentEnforcements] 
  9.43e-05s  8.95e-06d  [DetectDominatedLinearConstraints] #relevant_constraints=54 #num_inclusions=4 
  2.86e-05s  0.00e+00d  [DetectDifferentVariables] 
  2.82e-03s  1.45e-04d  [ProcessSetPPC] #relevant_constraints=2'358 
  1.48e-03s  4.67e-05d  [TransformClausesToExactlyOne] #num_amos=1'347 #num_clauses=960 #num_checked=960 
  9.25e-04s  0.00e+00d  [DetectEncodedComplexDomains] 
  6.01e-05s  0.00e+00d  [FindAlmostIdenticalLinearConstraints] 
  4.89e-03s  6.37e-03d  [FindBigAtMostOneAndLinearOverlap] #blocks=1 #saved_nz=110 
  5.79e-04s  2.51e-03d  [FindBigVerticalLinearOverlap] 
  3.57e-04s  1.26e-04d  [FindBigHorizontalLinearOverlap] #blocks=1 #saved_nz=401 #linears=52 
  4.63e-04s  2.67e-05d  [MergeClauses] #num_collisions=415 #num_merges=415 #num_saved_literals=1'869 
  1.24e-03s  0.00e+00d  [DetectDominanceRelations] 
  4.62e-03s  0.00e+00d  [PresolveToFixPoint] #num_loops=3 #num_dual_strengthening=1 
  2.94e-03s  0.00e+00d  [DetectDominanceRelations] 
  5.67e-03s  0.00e+00d  [PresolveToFixPoint] #num_loops=1 #num_dual_strengthening=1 
  3.58e-04s  0.00e+00d  [DetectDuplicateColumns] 
  8.91e-05s  0.00e+00d  [DetectDuplicateConstraints] #duplicates=6 
[Symmetry] Graph for symmetry has 6'531 nodes and 28'633 arcs.
[Symmetry] Symmetry computation done. time: 0.00161944 dtime: 0.00318395
[Symmetry] #generators: 17, average support size: 2
[Symmetry] 17 orbits on 34 variables with sizes: 2,2,2,2,2,2,2,2,2,2,...
[Symmetry] Found orbitope of size 1 x 2
[SAT presolve] num removable Booleans: 0 / 1'767
[SAT presolve] num trivial clauses: 0
[SAT presolve] [0s] clauses:1'098 literals:5'611 vars:1'502 one_side_vars:1501 simple_definition:1 singleton_clauses:0
[SAT presolve] [9.1126e-05s] clauses:1'098 literals:5'611 vars:1'502 one_side_vars:1501 simple_definition:1 singleton_clauses:0
[SAT presolve] [0.000183687s] clauses:1'098 literals:5'611 vars:1'502 one_side_vars:1501 simple_definition:1 singleton_clauses:0
  2.37e-04s  0.00e+00d  [DetectDuplicateConstraintsWithDifferentEnforcements] 
  3.28e-02s  1.75e-02d  [Probe] #probed=3'778 #new_bounds=3 #new_binary_clauses=1'381 
  1.15e-02s  4.25e-02d  [MaxClique] 
  1.23e-03s  0.00e+00d  [DetectDominanceRelations] 
  3.69e-03s  0.00e+00d  [PresolveToFixPoint] #num_loops=2 #num_dual_strengthening=1 
  7.78e-04s  0.00e+00d  [ProcessAtMostOneAndLinear] 
  7.61e-05s  0.00e+00d  [DetectDuplicateConstraints] 
  5.76e-05s  0.00e+00d  [DetectDuplicateConstraintsWithDifferentEnforcements] 
  6.95e-05s  5.38e-06d  [DetectDominatedLinearConstraints] #relevant_constraints=55 #num_inclusions=3 
  3.13e-05s  0.00e+00d  [DetectDifferentVariables] 
  1.62e-03s  1.34e-04d  [ProcessSetPPC] #relevant_constraints=2'359 
  1.35e-03s  4.67e-05d  [TransformClausesToExactlyOne] #num_amos=1'347 #num_clauses=960 #num_checked=960 
  2.62e-04s  0.00e+00d  [DetectEncodedComplexDomains] 
  4.47e-05s  0.00e+00d  [FindAlmostIdenticalLinearConstraints] 
  2.35e-03s  4.16e-03d  [FindBigAtMostOneAndLinearOverlap] 
  4.63e-04s  1.66e-03d  [FindBigVerticalLinearOverlap] 
  1.76e-04s  2.30e-04d  [FindBigHorizontalLinearOverlap] #linears=52 
  5.02e-04s  2.67e-05d  [MergeClauses] #num_collisions=415 #num_merges=415 #num_saved_literals=1'869 
  1.32e-03s  0.00e+00d  [DetectDominanceRelations] 
  3.35e-03s  0.00e+00d  [PresolveToFixPoint] #num_loops=1 #num_dual_strengthening=1 
  1.74e-05s  0.00e+00d  [MergeNoOverlap] 
  1.82e-05s  0.00e+00d  [MergeNoOverlap2D] 

Presolve summary:
  - 34 affine relations were detected.
  - rule 'TODO dual: only one blocking constraint?' was applied 9'886 times.
  - rule 'TODO dual: tighten at most one' was applied 13'549 times.
  - rule 'affine: new relation' was applied 34 times.
  - rule 'at_most_one: removed literals' was applied 182 times.
  - rule 'at_most_one: resolved two constraints with opposite literal' was applied 80 times.
  - rule 'at_most_one: singleton' was applied 18 times.
  - rule 'at_most_one: size one' was applied 44 times.
  - rule 'at_most_one: transformed into max clique' was applied 2 times.
  - rule 'bool_and: x => x' was applied 34 times.
  - rule 'bool_or: always true' was applied 39 times.
  - rule 'bool_or: implications' was applied 41 times.
  - rule 'bool_or: removed enforcement literal' was applied 3 times.
  - rule 'bool_or: singleton' was applied 14 times.
  - rule 'deductions: 10 stored' was applied 1 time.
  - rule 'domination: in exactly one' was applied 8 times.
  - rule 'dual: add implication' was applied 28 times.
  - rule 'dual: enforced equivalence' was applied 32 times.
  - rule 'dual: fix variable' was applied 176 times.
  - rule 'duplicate: removed constraint' was applied 132 times.
  - rule 'exactly_one: removed literals' was applied 4 times.
  - rule 'exactly_one: size two' was applied 1 time.
  - rule 'linear + amo: trivial linear constraint' was applied 3 times.
  - rule 'linear matrix: common amo rectangle' was applied 2 times.
  - rule 'linear matrix: common horizontal rectangle' was applied 3 times.
  - rule 'linear2: contains a boolean' was applied 1 time.
  - rule 'linear2: convert ax + by != cte to clauses' was applied 13 times.
  - rule 'linear: always true' was applied 19 times.
  - rule 'linear: empty' was applied 77 times.
  - rule 'linear: fixed or dup variables' was applied 97 times.
  - rule 'linear: positive at most one' was applied 1'280 times.
  - rule 'linear: positive clause' was applied 3 times.
  - rule 'linear: reduced variable domains' was applied 4 times.
  - rule 'linear: remapped using affine relations' was applied 18 times.
  - rule 'linear: singleton column' was applied 2 times.
  - rule 'new_bool: var with 2 values' was applied 1 time.
  - rule 'new_bool: with clause' was applied 2 times.
  - rule 'presolve: 279 unused variables removed.' was applied 1 time.
  - rule 'presolve: iteration' was applied 3 times.
  - rule 'probing: bool_or reduced to implication' was applied 37 times.
  - rule 'setppc: removed dominated constraints' was applied 90 times.
  - rule 'symmetry: fixed to false in general orbit' was applied 37 times.
  - rule 'variables with 2 values: create encoding literal' was applied 1 time.
  - rule 'variables with 2 values: new affine relation' was applied 1 time.

Presolved satisfaction model '': (model_fingerprint: 0x35feb6968f24ff9d)
#Variables: 1'771 (1'766 primary variables)
  - 1'767 Booleans in [0,1]
  - 1 in [-65,-49]
  - 1 in [0,4]
  - 1 in [65,80]
  - 1 in [69,84]
#kAtMostOne: 1'207 (#literals: 20'676)
#kBoolAnd: 142 (#enforced: 142) (#literals: 284)
#kBoolAndClauses: 409 (#enforced: 409 #multi: 409) (#literals: 2'678)
#kBoolOr: 136 (#literals: 788)
#kExactlyOne: 2 (#literals: 119)
#kLinear1: 2 (#enforced: 2)
#kLinear3: 2 (#enforced: 2)
#kLinearN: 53 (#enforced: 45) (#terms: 1'485)
[Symmetry] Graph for symmetry has 6'136 nodes and 28'633 arcs.
[Symmetry] Symmetry computation done. time: 0.00162582 dtime: 0.00316567
[Symmetry] #generators: 17, average support size: 2
[Symmetry] 17 orbits on 34 variables with sizes: 2,2,2,2,2,2,2,2,2,2,...
[Symmetry] Found orbitope of size 1 x 2

Preloading model.
#Model   0.30s var:1771/1771 constraints:1953/1953

Starting search at 0.30s with 2 workers.
1 full problem subsolver: [default_lp]
1 first solution subsolver: [fj]
2 interleaved subsolvers: [feasibility_pump, rins/rens]
2 helper subsolvers: [neighborhood_helper, synchronization_agent]

#Model   0.72s var:1768/1771 constraints:1952/1953

Task timing                   n [     min,      max]      avg      dev     time         n [     min,      max]      avg      dev    dtime
        'default_lp':         1 [  29.70s,   29.70s]   29.70s   0.00ns   29.70s         2 [ 20.16ms,   42.38s]   21.20s   21.18s   42.40s
  'feasibility_pump':       535 [  7.84us,  17.00ms] 926.35us 752.70us 495.60ms       531 [169.06us,   1.18ms] 192.86us  45.61us 102.41ms
                'fj':       533 [ 28.66ms, 123.48ms]  54.67ms  11.10ms   29.14s       533 [ 83.84ms, 100.17ms] 100.02ms 701.68us   53.31s
         'rins/rens':         0 [  0.00ns,   0.00ns]   0.00ns   0.00ns   0.00ns         0 [  0.00ns,   0.00ns]   0.00ns   0.00ns   0.00ns

Search stats     Bools  Conflicts  Branches  Restarts  BacktrackToRoot  Backtrack  BoolPropag  IntegerPropag
  'default_lp':  1'772     67'693   432'741        56           84'663    195'700  10'791'370      6'903'330

SAT formula      Fixed  Equiv  Total  VarLeft  BinaryClauses  PermanentClauses  TemporaryClauses
  'default_lp':      4      3  1'772    1'765         17'464               982            12'314

SAT stats        ClassicMinim  LitRemoved  LitRemovedBinary  LitLearned  LitForgotten  Subsumed
  'default_lp':        43'118     337'227         1'341'017  11'814'850     6'430'411    18'239

Vivification     Clauses  Decisions  LitTrue  Subsumed  LitRemoved  DecisionReused  Conflicts
  'default_lp':   44'314    189'686        0        43       1'844          19'518          0

Clause deletion    at_true  l_and_not(l)  to_binary  sub_conflict  sub_extra  sub_decisions  sub_eager  sub_vivify  sub_probing  sub_inpro  blocked  eliminated  forgotten  promoted  conflicts
    'default_lp':        0            70          0        17'198        789              9      1'041          43            0          0        0           0     36'206   147'224     67'693

Lp stats         Component  Iterations  AddedCuts  OPTIMAL  DUAL_F.  DUAL_U.
  'default_lp':          1     484'849      1'611   47'349        0   58'120

Lp dimension      Final dimension of first component
  'default_lp':  151 rows, 796 columns, 2824 entries

Lp debug         CutPropag  CutEqPropag  Adjust  Overflow    Bad  BadScaling
  'default_lp':          3           77  58'101         0  3'019           0

Lp pool          Constraints  Updates  Simplif  Merged  Shortened  Split  Strengthened    Cuts/Call
  'default_lp':        2'388      329      338       0        231     13           529  1'611/2'596

Lp Cut           default_lp
         CG_FF:         114
          CG_K:          97
         CG_KL:          45
          CG_R:         216
         CG_RB:         231
        CG_RBP:          52
            IB:          20
      MIR_1_FF:          40
       MIR_1_K:          28
      MIR_1_KL:          44
       MIR_1_R:          41
      MIR_1_RB:          49
     MIR_1_RBP:           1
      MIR_2_FF:          38
       MIR_2_K:          31
      MIR_2_KL:          43
       MIR_2_R:          54
      MIR_2_RB:          54
     MIR_2_RBP:           2
      MIR_3_FF:          25
       MIR_3_K:          20
      MIR_3_KL:          17
       MIR_3_R:          45
      MIR_3_RB:          53
     MIR_3_RBP:          25
      MIR_4_FF:          24
       MIR_4_K:          11
      MIR_4_KL:           9
       MIR_4_R:          25
      MIR_4_RB:          21
     MIR_4_RBP:          10
      MIR_5_FF:          13
       MIR_5_K:           3
      MIR_5_KL:           3
       MIR_5_R:          13
      MIR_5_RB:          14
     MIR_5_RBP:           4
      MIR_6_FF:           3
       MIR_6_K:           3
      MIR_6_KL:           1
       MIR_6_R:           6
      MIR_6_RB:           5
     MIR_6_RBP:           2
  ZERO_HALF_FF:          15
   ZERO_HALF_R:          37
  ZERO_HALF_RB:           4

LNS stats       Improv/Calls  Closed  Difficulty  TimeLimit
  'rins/rens':           0/0      0%    5.00e-01       0.10

LS stats                                    Batches  Restarts/Perturbs   LinMoves  GenMoves  CompoundMoves  Bactracks  WeightUpdates  ScoreComputed
                             'fj_restart':       27                  7    920'950         0              0          0        125'729        435'410
                    'fj_restart_compound':       41                 13          0   305'963         29'344    138'248            592      6'364'701
                'fj_restart_compound_obj':       26                 14          0   170'780         18'722     75'990            239      4'203'748
            'fj_restart_compound_perturb':       26                 11          0   179'994         17'304     81'309            274      4'038'082
        'fj_restart_compound_perturb_obj':       39                 12          0   291'404         30'981    130'184            626      6'028'051
                       'fj_restart_decay':       18                  9    480'067         0              0          0         13'910        214'165
              'fj_restart_decay_compound':       86                 13          0   664'524         98'897    282'764            671     12'651'169
          'fj_restart_decay_compound_obj':       33                  9          0   245'981         37'886    104'029            366      4'877'232
      'fj_restart_decay_compound_perturb':       25                 13          0   180'606         26'552     76'985            247      3'853'909
  'fj_restart_decay_compound_perturb_obj':       26                 17          0   171'657         24'185     73'655            183      4'212'588
                   'fj_restart_decay_obj':       40                 12    985'492         0              0          0         32'820        565'566
               'fj_restart_decay_perturb':       38                 12    993'179         0              0          0         29'621        478'295
           'fj_restart_decay_perturb_obj':       16                 10    418'550         0              0          0         12'310        185'201
                         'fj_restart_obj':       30                 11  1'087'977         0              0          0         80'455        397'228
                     'fj_restart_perturb':       11                  9    360'498         0              0          0         30'825        204'910
                 'fj_restart_perturb_obj':       51                 15  1'837'981         0              0          0        152'753        862'607

Solution repositories    Added  Queried  Synchro
    'alternative_path':      0        0        0
      'best_solutions':      0        0        0
   'fj solution hints':    179        0      179
        'lp solutions':      0        0        0
                'pump':      0        0

Improving bounds shared    Num  Sym
            'default_lp':    8    0

Clauses shared    #Exported  #Imported  #BinaryRead  #BinaryTotal
   'default_lp':      6'735          0        6'732         6'732

LRAT_status: NA
CpSolverResponse summary:
status: UNKNOWN
objective: NA
best_bound: NA
integers: 841
booleans: 1772
conflicts: 67693
branches: 432741
propagations: 10791370
integer_propagations: 6903330
restarts: 56
lp_iterations: 484849
walltime: 30.0026
usertime: 30.0026
deterministic_time: 96.0446
gap_integral: 0

