
Starting CP-SAT solver v9.15.6755
Parameters: random_seed: 20260922 max_time_in_seconds: 5 log_search_progress: true num_search_workers: 8 log_to_stdout: false

Initial satisfaction model '': (model_fingerprint: 0x835428a8192865b)
#Variables: 38'112 (30'638 primary variables)
  - 33'349 Booleans in [0,1]
  - 1 in [0,6]
  - 4'761 in [0,12]
  - 1 in [10,11]
#kBoolAnd: 28'118 (#enforced: 28'118) (#literals: 56'236)
#kBoolOr: 35'862 (#enforced: 35'862) (#literals: 165'210)
#kExactlyOne: 1 (#literals: 47)
#kLinear1: 141
#kLinear2: 3'791
#kLinearN: 30'699 (#enforced: 4'373) (#terms: 1'094'879)

Starting presolve at 0.09s
  2.71e-02s  0.00e+00d  [DetectDominanceRelations] 
  2.92e-01s  0.00e+00d  [PresolveToFixPoint] #num_loops=3 #num_dual_strengthening=2 
  2.81e-03s  0.00e+00d  [ExtractEncodingFromLinear] #potential_supersets=3'783 #potential_subsets=3 #exo_encodings=2 #literals=4 
  1.94e-02s  0.00e+00d  [DetectDuplicateColumns] 
  1.78e-03s  0.00e+00d  [DetectDuplicateConstraints] 
[Symmetry] Graph for symmetry has 146'427 nodes and 1'388'361 arcs.
[Symmetry] Symmetry computation done. time: 0.0348793 dtime: 0.155112
[Symmetry] #generators: 91, average support size: 2
[Symmetry] 1 orbits on 92 variables with sizes: 92
[Symmetry] Found orbitope of size 1 x 92
[SAT presolve] num removable Booleans: 0 / 29'559
[SAT presolve] num trivial clauses: 0
[SAT presolve] [0s] clauses:63'980 literals:257'308 vars:25'933 one_side_vars:25891 simple_definition:4 singleton_clauses:0
[SAT presolve] [0.00222734s] clauses:63'980 literals:257'308 vars:25'933 one_side_vars:25891 simple_definition:4 singleton_clauses:0
[SAT presolve] [0.00318899s] clauses:63'980 literals:257'308 vars:25'933 one_side_vars:25891 simple_definition:4 singleton_clauses:0
  1.83e-03s  0.00e+00d  [DetectDuplicateConstraintsWithDifferentEnforcements] #without_enforcements=2 
  3.91e-01s  1.02e+00d *[Probe] #probed=23'391 #fixed_bools=260 #new_bounds=25 #equiv=2 #new_binary_clauses=46'528 
  8.35e-02s  1.00e+00d *[MaxClique] Merged 28'271 constraints with 62'891 literals into 25'556 constraints with 60'102 literals
  2.72e-02s  0.00e+00d  [DetectDominanceRelations] 
  1.01e-01s  0.00e+00d  [PresolveToFixPoint] #num_loops=2 #num_dual_strengthening=1 
  6.38e-02s  0.00e+00d  [ProcessAtMostOneAndLinear] #num_changes=279 
  2.09e-03s  0.00e+00d  [DetectDuplicateConstraints] #duplicates=91 
  1.89e-03s  0.00e+00d  [DetectDuplicateConstraintsWithDifferentEnforcements] #without_enforcements=172 
  5.55e-01s  1.00e-01d  [DetectDominatedLinearConstraints] #relevant_constraints=26'660 #num_inclusions=27'149 #num_redundant=9 
  2.11e-03s  0.00e+00d  [DetectDifferentVariables] 
  3.66e-02s  8.85e-03d  [ProcessSetPPC] #relevant_constraints=68'456 #num_inclusions=2 
  5.96e-03s  1.12e-03d  [TransformClausesToExactlyOne] #num_amos=25'920 #num_clauses=35'011 #num_checked=35'011 
  8.33e-03s  0.00e+00d  [DetectEncodedComplexDomains] 
  1.43e-03s  8.52e-05d  [FindAlmostIdenticalLinearConstraints] #num_tested_pairs=3'624 
  1.51e-01s  1.00e+00d *[FindBigAtMostOneAndLinearOverlap] 
  1.10e-01s  7.54e-01d  [FindBigVerticalLinearOverlap] #blocks=48 #saved_nz=172'583 
  1.35e-01s  1.00e+00d *[FindBigHorizontalLinearOverlap] #blocks=2 #saved_nz=375 #linears=20'948 
  7.17e-03s  9.83e-04d  [MergeClauses] #num_collisions=15'745 #num_merges=15'745 #num_saved_literals=72'206 
  2.05e-02s  0.00e+00d  [DetectDominanceRelations] 
  7.85e-02s  0.00e+00d  [PresolveToFixPoint] #num_loops=5 #num_dual_strengthening=1 
  2.05e-02s  0.00e+00d  [DetectDominanceRelations] 
  7.56e-02s  0.00e+00d  [PresolveToFixPoint] #num_loops=1 #num_dual_strengthening=1 
  1.62e-02s  0.00e+00d  [DetectDuplicateColumns] 
  1.98e-03s  0.00e+00d  [DetectDuplicateConstraints] 
[Symmetry] Graph for symmetry has 127'357 nodes and 1'121'148 arcs.
[Symmetry] Symmetry computation done. time: 0.0230881 dtime: 0.0996682
[SAT presolve] num removable Booleans: 0 / 29'298
[SAT presolve] num trivial clauses: 0
[SAT presolve] [0s] clauses:60'551 literals:247'657 vars:25'764 one_side_vars:25722 simple_definition:4 singleton_clauses:0
[SAT presolve] [0.002134s] clauses:60'551 literals:247'657 vars:25'764 one_side_vars:25722 simple_definition:4 singleton_clauses:0
[SAT presolve] [0.0031208s] clauses:60'551 literals:247'657 vars:25'764 one_side_vars:25722 simple_definition:4 singleton_clauses:0
  3.78e-03s  0.00e+00d  [DetectDuplicateConstraintsWithDifferentEnforcements] #without_enforcements=172 
  4.62e-01s  1.01e+00d *[Probe] #probed=23'977 #fixed_bools=3 #new_bounds=19 #new_binary_clauses=52'293 
  8.48e-02s  1.00e+00d *[MaxClique] Merged 25'920 constraints with 56'596 literals into 23'227 constraints with 53'901 literals
  1.71e-02s  0.00e+00d  [DetectDominanceRelations] 
  7.62e-02s  0.00e+00d  [PresolveToFixPoint] #num_loops=2 #num_dual_strengthening=1 
  3.02e-02s  0.00e+00d  [ProcessAtMostOneAndLinear] #num_changes=30 
  1.96e-03s  0.00e+00d  [DetectDuplicateConstraints] 
  1.80e-03s  0.00e+00d  [DetectDuplicateConstraintsWithDifferentEnforcements] #without_enforcements=192 
  7.65e-02s  1.39e-02d  [DetectDominatedLinearConstraints] #relevant_constraints=26'683 #num_inclusions=4'310 
  2.15e-03s  0.00e+00d  [DetectDifferentVariables] 
  3.54e-02s  8.03e-03d  [ProcessSetPPC] #relevant_constraints=66'220 #num_inclusions=12 
  6.30e-03s  1.13e-03d  [TransformClausesToExactlyOne] #num_amos=23'221 #num_clauses=34'999 #num_checked=34'999 
  6.43e-03s  0.00e+00d  [DetectEncodedComplexDomains] 
  1.60e-03s  8.63e-05d  [FindAlmostIdenticalLinearConstraints] #num_tested_pairs=3'663 
  2.59e-01s  1.00e+00d *[FindBigAtMostOneAndLinearOverlap] 
  6.72e-02s  7.03e-01d  [FindBigVerticalLinearOverlap] 
  1.36e-01s  1.00e+00d *[FindBigHorizontalLinearOverlap] #linears=20'928 
  7.60e-03s  9.83e-04d  [MergeClauses] #num_collisions=15'742 #num_merges=15'742 #num_saved_literals=72'193 
  2.11e-02s  0.00e+00d  [DetectDominanceRelations] 
  7.73e-02s  0.00e+00d  [PresolveToFixPoint] #num_loops=1 #num_dual_strengthening=1 
  2.09e-02s  0.00e+00d  [DetectDominanceRelations] 
  7.71e-02s  0.00e+00d  [PresolveToFixPoint] #num_loops=1 #num_dual_strengthening=1 
  1.65e-02s  0.00e+00d  [DetectDuplicateColumns] 
  1.80e-03s  0.00e+00d  [DetectDuplicateConstraints] 
[Symmetry] Graph for symmetry has 127'323 nodes and 1'117'861 arcs.
[Symmetry] Symmetry computation done. time: 0.0225794 dtime: 0.0985766
[SAT presolve] num removable Booleans: 0 / 29'298
[SAT presolve] num trivial clauses: 0
[SAT presolve] [0s] clauses:57'492 literals:241'494 vars:25'751 one_side_vars:25709 simple_definition:4 singleton_clauses:0
[SAT presolve] [0.00198444s] clauses:57'492 literals:241'494 vars:25'751 one_side_vars:25709 simple_definition:4 singleton_clauses:0
[SAT presolve] [0.00298711s] clauses:57'492 literals:241'494 vars:25'751 one_side_vars:25709 simple_definition:4 singleton_clauses:0
  4.36e-03s  0.00e+00d  [DetectDuplicateConstraintsWithDifferentEnforcements] #without_enforcements=192 
  4.69e-01s  1.01e+00d *[Probe] #probed=23'976 #new_binary_clauses=52'603 
  8.49e-02s  1.00e+00d *[MaxClique] Merged 23'221 constraints with 53'885 literals into 21'038 constraints with 51'703 literals
  7.23e-03s  1.13e-03d  [TransformClausesToExactlyOne] #num_amos=21'038 #num_clauses=34'999 #num_checked=34'999 
  8.45e-07s  0.00e+00d  [MergeNoOverlap] 
  2.55e-07s  0.00e+00d  [MergeNoOverlap2D] 

Presolve summary:
  - 3662 affine relations were detected.
  - rule 'TODO dual: only one blocking constraint?' was applied 7'146 times.
  - rule 'TODO dual: tighten at most one' was applied 410 times.
  - rule 'TODO linear2: convert ax + by != cte to clauses for large domains' was applied 1'472 times.
  - rule 'affine: new relation' was applied 3'662 times.
  - rule 'at_most_one: removed literals' was applied 140 times.
  - rule 'at_most_one: size one' was applied 46 times.
  - rule 'at_most_one: transformed into max clique' was applied 3 times.
  - rule 'bool_and: x => x' was applied 3'648 times.
  - rule 'bool_or: always true' was applied 338 times.
  - rule 'bool_or: implications' was applied 4'171 times.
  - rule 'deductions: 280 stored' was applied 1 time.
  - rule 'dual: enforced equivalence' was applied 3'648 times.
  - rule 'duplicate: removed constraint' was applied 91 times.
  - rule 'duplicate: removed enforced constraint' was applied 2 times.
  - rule 'encoding: candidate linear is all boolean now' was applied 2 times.
  - rule 'encoding: extracted from linear' was applied 2 times.
  - rule 'encoding: reduced target domain' was applied 2 times.
  - rule 'exactly_one: removed literals' was applied 605 times.
  - rule 'exactly_one: x and not(x)' was applied 8 times.
  - rule 'linear + amo: extracted enforcement literal' was applied 232 times.
  - rule 'linear + amo: fixed literal implied by enforcement' was applied 77 times.
  - rule 'linear inclusion: redundant included constraint' was applied 9 times.
  - rule 'linear matrix: common horizontal rectangle' was applied 2 times.
  - rule 'linear matrix: common vertical rectangle' was applied 48 times.
  - rule 'linear matrix: defining equation for common rectangle' was applied 1 time.
  - rule 'linear1: x in domain' was applied 276 times.
  - rule 'linear2: contains a boolean' was applied 1 time.
  - rule 'linear2: convert ax + by != cte to clauses' was applied 3'648 times.
  - rule 'linear: always true' was applied 21 times.
  - rule 'linear: extracted at most one (min)' was applied 2 times.
  - rule 'linear: fixed or dup variables' was applied 236 times.
  - rule 'linear: positive at most one' was applied 139 times.
  - rule 'linear: positive equal one' was applied 3'649 times.
  - rule 'linear: reduced variable domains' was applied 33 times.
  - rule 'linear: reduced variable domains in derived constraint' was applied 30 times.
  - rule 'linear: remapped using affine relations' was applied 119 times.
  - rule 'linear: variable substitution 2' was applied 5 times.
  - rule 'linear: variable substitution 3' was applied 6 times.
  - rule 'new_bool: var with 2 values' was applied 1 time.
  - rule 'presolve: 539 unused variables removed.' was applied 1 time.
  - rule 'presolve: iteration' was applied 3 times.
  - rule 'probing: bool_or reduced to implication' was applied 528 times.
  - rule 'probing: simplified clauses' was applied 726 times.
  - rule 'setppc: bool_or in at_most_one' was applied 1 time.
  - rule 'setppc: removed dominated constraints' was applied 13 times.
  - rule 'variables with 2 values: create encoding literal' was applied 1 time.
  - rule 'variables with 2 values: new affine relation' was applied 1 time.
  - rule 'variables: detect half reified value encoding' was applied 232 times.

Presolved satisfaction model '': (model_fingerprint: 0x8c7f39c2c65ef184)
#Variables: 33'950 (26'726 primary variables)
  - 29'298 Booleans in [0,1]
  - 23 in [0,2]
  - 8 in [0,3]
  - 5 in [0,4]
  - 4 in [0,5]
  - 4 in [0,6]
  - 3 in [0,7]
  - 3 in [0,8]
  - 2 in [0,9]
  - 4 in [0,10]
  - 2 in [0,11]
  - 4'589 in [0,12]
  - 1 in [0,33]
  - 1 in [171,3509]
  - 1 in [173,3511]
  - 1 in [175,3513]
  - 1 in [179,3517]
#kAtMostOne: 996 (#literals: 11'619)
#kBoolAnd: 2'344 (#enforced: 2'344) (#literals: 22'386)
#kBoolOr: 34'999 (#literals: 196'508)
#kExactlyOne: 3'648 (#literals: 709'725)
#kLinear1: 233 (#enforced: 233)
#kLinear2: 139
#kLinear3: 4'452 (#enforced: 23)
#kLinearN: 22'092 (#enforced: 4'350) (#terms: 172'851)
Stopped after presolve.
PresolvedNumVariables: 33950
PresolvedNumConstraints: 68903
PresolvedNumTerms: 1131562
CpSolverResponse summary:
status: UNKNOWN
objective: NA
best_bound: NA
integers: 0
booleans: 0
conflicts: 0
branches: 0
propagations: 0
integer_propagations: 0
restarts: 0
lp_iterations: 0
walltime: 4.69671
usertime: 4.69671
deterministic_time: 11.643
gap_integral: 0

