
Starting CP-SAT solver v9.15.6755
Parameters: random_seed: 20260922 max_time_in_seconds: 5 log_search_progress: true num_search_workers: 8 log_to_stdout: false

Initial satisfaction model '': (model_fingerprint: 0x3977f01869e17285)
#Variables: 38'306 (30'855 primary variables)
  - 33'543 Booleans in [0,1]
  - 1 in [0,6]
  - 4'761 in [0,12]
  - 1 constants in {10} 
#kBoolAnd: 28'838 (#enforced: 28'838) (#literals: 57'676)
#kBoolOr: 36'003 (#enforced: 36'003) (#literals: 166'027)
#kExactlyOne: 1 (#literals: 47)
#kLinear1: 141
#kLinear2: 3'791
#kLinear3: 2
#kLinearN: 30'891 (#enforced: 4'493) (#terms: 1'108'413)

Starting presolve at 0.08s
  2.80e-02s  0.00e+00d  [DetectDominanceRelations] 
  3.08e-01s  0.00e+00d  [PresolveToFixPoint] #num_loops=4 #num_dual_strengthening=2 
  2.93e-03s  0.00e+00d  [ExtractEncodingFromLinear] #potential_supersets=3'783 #potential_subsets=3 #exo_encodings=3 #literals=7 
  2.22e-02s  0.00e+00d  [DetectDuplicateColumns] 
  1.72e-03s  0.00e+00d  [DetectDuplicateConstraints] 
[Symmetry] Graph for symmetry has 147'640 nodes and 1'405'981 arcs.
[Symmetry] Symmetry computation done. time: 0.0374986 dtime: 0.156228
[Symmetry] #generators: 91, average support size: 2
[Symmetry] 1 orbits on 92 variables with sizes: 92
[Symmetry] Found orbitope of size 1 x 92
[SAT presolve] num removable Booleans: 0 / 29'758
[SAT presolve] num trivial clauses: 0
[SAT presolve] [0s] clauses:64'776 literals:259'508 vars:26'123 one_side_vars:26088 simple_definition:4 singleton_clauses:0
[SAT presolve] [0.00209861s] clauses:64'776 literals:259'508 vars:26'123 one_side_vars:26088 simple_definition:4 singleton_clauses:0
[SAT presolve] [0.00304627s] clauses:64'776 literals:259'508 vars:26'123 one_side_vars:26088 simple_definition:4 singleton_clauses:0
  1.78e-03s  0.00e+00d  [DetectDuplicateConstraintsWithDifferentEnforcements] #without_enforcements=2 
  3.85e-01s  1.02e+00d *[Probe] #probed=23'334 #fixed_bools=258 #new_bounds=27 #new_binary_clauses=45'461 
  8.39e-02s  1.00e+00d *[MaxClique] Merged 28'945 constraints with 64'625 literals into 26'307 constraints with 61'988 literals
  2.74e-02s  0.00e+00d  [DetectDominanceRelations] 
  9.76e-02s  0.00e+00d  [PresolveToFixPoint] #num_loops=2 #num_dual_strengthening=1 
  6.26e-02s  0.00e+00d  [ProcessAtMostOneAndLinear] #num_changes=279 
  1.99e-03s  0.00e+00d  [DetectDuplicateConstraints] #duplicates=91 
  1.73e-03s  0.00e+00d  [DetectDuplicateConstraintsWithDifferentEnforcements] #without_enforcements=172 
  5.25e-01s  1.00e-01d  [DetectDominatedLinearConstraints] #relevant_constraints=26'848 #num_inclusions=27'169 #num_redundant=7 
  2.05e-03s  0.00e+00d  [DetectDifferentVariables] 
  3.71e-02s  9.03e-03d  [ProcessSetPPC] #relevant_constraints=69'473 #num_inclusions=5 
  5.80e-03s  1.11e-03d  [TransformClausesToExactlyOne] #num_amos=26'567 #num_clauses=35'202 #num_checked=35'202 
  8.36e-03s  0.00e+00d  [DetectEncodedComplexDomains] 
  1.44e-03s  8.51e-05d  [FindAlmostIdenticalLinearConstraints] #num_tested_pairs=3'617 
  1.51e-01s  1.00e+00d *[FindBigAtMostOneAndLinearOverlap] 
  1.12e-01s  7.61e-01d  [FindBigVerticalLinearOverlap] #blocks=53 #saved_nz=172'595 
  1.35e-01s  1.00e+00d *[FindBigHorizontalLinearOverlap] #blocks=1 #saved_nz=168 #linears=21'636 
  7.03e-03s  9.89e-04d  [MergeClauses] #num_collisions=15'849 #num_merges=15'849 #num_saved_literals=72'742 
  2.05e-02s  0.00e+00d  [DetectDominanceRelations] 
  7.87e-02s  0.00e+00d  [PresolveToFixPoint] #num_loops=6 #num_dual_strengthening=1 
  2.07e-02s  0.00e+00d  [DetectDominanceRelations] 
  7.62e-02s  0.00e+00d  [PresolveToFixPoint] #num_loops=1 #num_dual_strengthening=1 
  1.94e-02s  0.00e+00d  [DetectDuplicateColumns] 
  1.69e-03s  0.00e+00d  [DetectDuplicateConstraints] 
[Symmetry] Graph for symmetry has 131'494 nodes and 1'142'232 arcs.
[Symmetry] Symmetry computation done. time: 0.0241967 dtime: 0.10231
[SAT presolve] num removable Booleans: 0 / 29'500
[SAT presolve] num trivial clauses: 0
[SAT presolve] [0s] clauses:61'377 literals:250'167 vars:25'941 one_side_vars:25906 simple_definition:4 singleton_clauses:0
[SAT presolve] [0.00215735s] clauses:61'377 literals:250'167 vars:25'941 one_side_vars:25906 simple_definition:4 singleton_clauses:0
[SAT presolve] [0.00315057s] clauses:61'377 literals:250'167 vars:25'941 one_side_vars:25906 simple_definition:4 singleton_clauses:0
  3.84e-03s  0.00e+00d  [DetectDuplicateConstraintsWithDifferentEnforcements] #without_enforcements=172 
  4.51e-01s  1.01e+00d *[Probe] #probed=23'864 #fixed_bools=4 #new_bounds=19 #new_binary_clauses=50'868 
  8.56e-02s  1.00e+00d *[MaxClique] Merged 26'567 constraints with 58'270 literals into 24'034 constraints with 55'738 literals
  2.10e-02s  0.00e+00d  [DetectDominanceRelations] 
  8.00e-02s  0.00e+00d  [PresolveToFixPoint] #num_loops=2 #num_dual_strengthening=1 
  3.01e-02s  0.00e+00d  [ProcessAtMostOneAndLinear] #num_changes=30 
  2.07e-03s  0.00e+00d  [DetectDuplicateConstraints] 
  1.86e-03s  0.00e+00d  [DetectDuplicateConstraintsWithDifferentEnforcements] #without_enforcements=191 
  7.97e-02s  1.42e-02d  [DetectDominatedLinearConstraints] #relevant_constraints=26'880 #num_inclusions=4'381 
  2.13e-03s  0.00e+00d  [DetectDifferentVariables] 
  3.57e-02s  8.21e-03d  [ProcessSetPPC] #relevant_constraints=67'334 #num_inclusions=8 
  5.76e-03s  1.11e-03d  [TransformClausesToExactlyOne] #num_amos=24'033 #num_clauses=35'187 #num_checked=35'187 
  7.22e-03s  0.00e+00d  [DetectEncodedComplexDomains] 
  1.66e-03s  8.52e-05d  [FindAlmostIdenticalLinearConstraints] #num_tested_pairs=3'621 
  2.59e-01s  1.00e+00d *[FindBigAtMostOneAndLinearOverlap] 
  6.83e-02s  7.15e-01d  [FindBigVerticalLinearOverlap] 
  1.37e-01s  1.00e+00d *[FindBigHorizontalLinearOverlap] #linears=21'620 
  7.22e-03s  9.89e-04d  [MergeClauses] #num_collisions=15'845 #num_merges=15'845 #num_saved_literals=72'724 
  2.13e-02s  0.00e+00d  [DetectDominanceRelations] 
  7.79e-02s  0.00e+00d  [PresolveToFixPoint] #num_loops=1 #num_dual_strengthening=1 
  2.12e-02s  0.00e+00d  [DetectDominanceRelations] 
  7.75e-02s  0.00e+00d  [PresolveToFixPoint] #num_loops=1 #num_dual_strengthening=1 
  1.80e-02s  0.00e+00d  [DetectDuplicateColumns] 
  1.87e-03s  0.00e+00d  [DetectDuplicateConstraints] 
[Symmetry] Graph for symmetry has 131'483 nodes and 1'139'112 arcs.
[Symmetry] Symmetry computation done. time: 0.0238188 dtime: 0.100222
[SAT presolve] num removable Booleans: 0 / 29'500
[SAT presolve] num trivial clauses: 0
[SAT presolve] [0s] clauses:58'484 literals:244'323 vars:25'934 one_side_vars:25899 simple_definition:4 singleton_clauses:0
[SAT presolve] [0.00192758s] clauses:58'484 literals:244'323 vars:25'934 one_side_vars:25899 simple_definition:4 singleton_clauses:0
[SAT presolve] [0.00291885s] clauses:58'484 literals:244'323 vars:25'934 one_side_vars:25899 simple_definition:4 singleton_clauses:0
  4.20e-03s  0.00e+00d  [DetectDuplicateConstraintsWithDifferentEnforcements] #without_enforcements=191 
  4.49e-01s  1.01e+00d *[Probe] #probed=23'888 #new_binary_clauses=51'457 
  8.52e-02s  1.00e+00d *[MaxClique] Merged 24'033 constraints with 55'736 literals into 21'812 constraints with 53'516 literals
  6.45e-03s  1.12e-03d  [TransformClausesToExactlyOne] #num_amos=21'812 #num_clauses=35'187 #num_checked=35'187 
  9.89e-07s  0.00e+00d  [MergeNoOverlap] 
  2.48e-07s  0.00e+00d  [MergeNoOverlap2D] 

Presolve summary:
  - 3658 affine relations were detected.
  - rule 'TODO dual: only one blocking constraint?' was applied 7'225 times.
  - rule 'TODO dual: tighten at most one' was applied 410 times.
  - rule 'TODO linear2: convert ax + by != cte to clauses for large domains' was applied 1'472 times.
  - rule 'affine: new relation' was applied 3'658 times.
  - rule 'at_most_one: removed literals' was applied 185 times.
  - rule 'at_most_one: size one' was applied 92 times.
  - rule 'at_most_one: transformed into max clique' was applied 3 times.
  - rule 'bool_and: x => x' was applied 3'644 times.
  - rule 'bool_or: always true' was applied 353 times.
  - rule 'bool_or: implications' was applied 4'109 times.
  - rule 'deductions: 279 stored' was applied 1 time.
  - rule 'dual: enforced equivalence' was applied 3'644 times.
  - rule 'dual: fix variable' was applied 4 times.
  - rule 'duplicate: removed constraint' was applied 91 times.
  - rule 'duplicate: removed enforced constraint' was applied 2 times.
  - rule 'encoding: candidate linear is all boolean now' was applied 3 times.
  - rule 'encoding: extracted from linear' was applied 3 times.
  - rule 'encoding: reduced target domain' was applied 3 times.
  - rule 'exactly_one: removed literals' was applied 608 times.
  - rule 'exactly_one: satisfied' was applied 2 times.
  - rule 'exactly_one: size two' was applied 1 time.
  - rule 'linear + amo: extracted enforcement literal' was applied 232 times.
  - rule 'linear + amo: fixed literal implied by enforcement' was applied 77 times.
  - rule 'linear inclusion: redundant included constraint' was applied 7 times.
  - rule 'linear matrix: common horizontal rectangle' was applied 1 time.
  - rule 'linear matrix: common vertical rectangle' was applied 53 times.
  - rule 'linear1: x in domain' was applied 277 times.
  - rule 'linear2: convert ax + by != cte to clauses' was applied 3'648 times.
  - rule 'linear: always true' was applied 21 times.
  - rule 'linear: extracted at most one (max)' was applied 3 times.
  - rule 'linear: extracted at most one (min)' was applied 1 time.
  - rule 'linear: fixed or dup variables' was applied 289 times.
  - rule 'linear: positive at most one' was applied 139 times.
  - rule 'linear: positive equal one' was applied 3'651 times.
  - rule 'linear: reduced variable domains' was applied 62 times.
  - rule 'linear: remapped using affine relations' was applied 128 times.
  - rule 'linear: variable substitution 2' was applied 3 times.
  - rule 'linear: variable substitution 3' was applied 8 times.
  - rule 'presolve: 552 unused variables removed.' was applied 1 time.
  - rule 'presolve: iteration' was applied 3 times.
  - rule 'probing: bool_or reduced to implication' was applied 466 times.
  - rule 'probing: simplified clauses' was applied 672 times.
  - rule 'setppc: bool_or in at_most_one' was applied 1 time.
  - rule 'setppc: removed dominated constraints' was applied 12 times.
  - rule 'variables: detect half reified value encoding' was applied 232 times.

Presolved satisfaction model '': (model_fingerprint: 0xac9738564876cbf2)
#Variables: 34'144 (26'943 primary variables)
  - 29'491 Booleans in [0,1]
  - 4 in [-12,12]
  - 22 in [0,2]
  - 8 in [0,3]
  - 3 in [0,4]
  - 3 in [0,5]
  - 7 in [0,6]
  - 3 in [0,7]
  - 2 in [0,8]
  - 2 in [0,9]
  - 4 in [0,10]
  - 2 in [0,11]
  - 4'587 in [0,12]
  - 1 in [1,23]
  - 1 in [167,3493]
  - 1 in [168,3494]
  - 1 in [169,3495]
  - 1 in [170,3496]
  - 1 in [174,3500]
#kAtMostOne: 1'016 (#literals: 11'924)
#kBoolAnd: 2'501 (#enforced: 2'501) (#literals: 23'297)
#kBoolOr: 35'187 (#literals: 197'729)
#kExactlyOne: 3'649 (#literals: 721'631)
#kLinear1: 232 (#enforced: 232)
#kLinear2: 139
#kLinear3: 3'811 (#enforced: 29)
#kLinearN: 22'930 (#enforced: 4'464) (#terms: 177'788)
Stopped after presolve.
PresolvedNumVariables: 34144
PresolvedNumConstraints: 69465
PresolvedNumTerms: 1149037
CpSolverResponse summary:
status: UNKNOWN
objective: NA
best_bound: NA
integers: 0
booleans: 0
conflicts: 0
branches: 0
propagations: 0
integer_propagations: 0
restarts: 0
lp_iterations: 0
walltime: 4.67223
usertime: 4.67223
deterministic_time: 11.661
gap_integral: 0

