
Starting CP-SAT solver v9.15.6755
Parameters: random_seed: 20260922 max_time_in_seconds: 30 log_search_progress: true num_search_workers: 8 cp_model_probing_level: 0 log_to_stdout: false

Initial satisfaction model '': (model_fingerprint: 0x8454a61bb7913c4b)
#Variables: 38'229 (30'774 primary variables)
  - 33'466 Booleans in [0,1]
  - 1 in [0,6]
  - 4'761 in [0,12]
  - 1 constants in {10} 
#kBoolAnd: 28'376 (#enforced: 28'376) (#literals: 56'752)
#kBoolOr: 36'010 (#enforced: 36'010) (#literals: 166'048)
#kExactlyOne: 1 (#literals: 47)
#kLinear1: 141
#kLinear2: 3'791
#kLinear3: 2
#kLinearN: 30'814 (#enforced: 4'416) (#terms: 1'101'171)

Starting presolve at 0.18s
  4.13e-02s  0.00e+00d  [DetectDominanceRelations] 
  5.49e-01s  0.00e+00d  [PresolveToFixPoint] #num_loops=4 #num_dual_strengthening=2 
  5.37e-03s  0.00e+00d  [ExtractEncodingFromLinear] #potential_supersets=3'783 #potential_subsets=3 #exo_encodings=3 #literals=7 
  3.63e-02s  0.00e+00d  [DetectDuplicateColumns] 
  3.95e-03s  0.00e+00d  [DetectDuplicateConstraints] 
[Symmetry] Graph for symmetry has 147'160 nodes and 1'395'903 arcs.
[Symmetry] Symmetry computation done. time: 0.0792983 dtime: 0.156049
[Symmetry] #generators: 91, average support size: 2
[Symmetry] 1 orbits on 92 variables with sizes: 92
[Symmetry] Found orbitope of size 1 x 92
[SAT presolve] num removable Booleans: 0 / 29'681
[SAT presolve] num trivial clauses: 0
[SAT presolve] [0s] clauses:64'321 literals:258'612 vars:26'046 one_side_vars:26004 simple_definition:4 singleton_clauses:0
[SAT presolve] [0.00641193s] clauses:64'321 literals:258'612 vars:26'046 one_side_vars:26004 simple_definition:4 singleton_clauses:0
[SAT presolve] [0.00790903s] clauses:64'321 literals:258'612 vars:26'046 one_side_vars:26004 simple_definition:4 singleton_clauses:0
[MaxClique] Merged 28483 with 63701 literals) into 26457(61675 literals) at_most_ones.
  1.12e-01s  0.00e+00d  [ProcessAtMostOneAndLinear] #num_changes=299 
  3.99e-03s  0.00e+00d  [DetectDuplicateConstraints] 
  3.80e-03s  0.00e+00d  [DetectDuplicateConstraintsWithDifferentEnforcements] #without_enforcements=184 
  9.30e-01s  1.00e-01d  [DetectDominatedLinearConstraints] #relevant_constraints=26'773 #num_inclusions=26'463 
  4.36e-03s  0.00e+00d  [DetectDifferentVariables] 
  6.63e-02s  9.15e-03d  [ProcessSetPPC] #relevant_constraints=70'510 #num_inclusions=4 
  1.37e-02s  1.36e-03d  [TransformClausesToExactlyOne] #num_amos=26'453 #num_clauses=35'981 #num_checked=35'981 
  1.89e-02s  0.00e+00d  [DetectEncodedComplexDomains] 
  3.00e-03s  8.51e-05d  [FindAlmostIdenticalLinearConstraints] #num_tested_pairs=3'616 
  2.65e-01s  1.00e+00d *[FindBigAtMostOneAndLinearOverlap] 
  2.20e-01s  7.81e-01d  [FindBigVerticalLinearOverlap] #blocks=54 #saved_nz=175'381 
  2.50e-01s  1.00e+00d *[FindBigHorizontalLinearOverlap] #blocks=1 #saved_nz=163 #linears=20'951 
  1.73e-02s  1.01e-03d  [MergeClauses] #num_collisions=16'045 #num_merges=16'045 #num_saved_literals=73'708 
  3.32e-02s  0.00e+00d  [DetectDominanceRelations] 
  1.39e-01s  0.00e+00d  [PresolveToFixPoint] #num_loops=6 #num_dual_strengthening=1 
  3.34e-02s  0.00e+00d  [DetectDominanceRelations] 
  1.30e-01s  0.00e+00d  [PresolveToFixPoint] #num_loops=1 #num_dual_strengthening=1 
  1.99e-02s  0.00e+00d  [DetectDuplicateColumns] 
  3.66e-03s  0.00e+00d  [DetectDuplicateConstraints] 
[Symmetry] Graph for symmetry has 131'440 nodes and 1'142'791 arcs.
[Symmetry] Symmetry computation done. time: 0.06223 dtime: 0.107711
[Symmetry] #generators: 88, average support size: 2
[Symmetry] 2 orbits on 90 variables with sizes: 59,31
[Symmetry] Found orbitope of size 1 x 59
[SAT presolve] num removable Booleans: 0 / 29'680
[SAT presolve] num trivial clauses: 0
[SAT presolve] [0s] clauses:62'207 literals:254'384 vars:26'043 one_side_vars:26043 simple_definition:0 singleton_clauses:0
[SAT presolve] [0.00648523s] clauses:62'207 literals:254'384 vars:26'043 one_side_vars:26043 simple_definition:0 singleton_clauses:0
[SAT presolve] [0.0079971s] clauses:62'207 literals:254'384 vars:26'043 one_side_vars:26043 simple_definition:0 singleton_clauses:0
  5.89e-02s  0.00e+00d  [ProcessAtMostOneAndLinear] #num_changes=30 
  4.73e-03s  0.00e+00d  [DetectDuplicateConstraints] 
  5.10e-03s  0.00e+00d  [DetectDuplicateConstraintsWithDifferentEnforcements] #without_enforcements=184 
  1.30e-01s  1.36e-02d  [DetectDominatedLinearConstraints] #relevant_constraints=26'818 #num_inclusions=3'884 
  4.16e-03s  0.00e+00d  [DetectDifferentVariables] 
  6.14e-02s  8.24e-03d  [ProcessSetPPC] #relevant_constraints=70'478 #num_inclusions=1 
  1.49e-02s  1.36e-03d  [TransformClausesToExactlyOne] #num_amos=26'452 #num_clauses=35'981 #num_checked=35'981 
  1.83e-02s  0.00e+00d  [DetectEncodedComplexDomains] 
  3.42e-03s  8.50e-05d  [FindAlmostIdenticalLinearConstraints] #num_tested_pairs=3'610 
  4.26e-01s  1.00e+00d *[FindBigAtMostOneAndLinearOverlap] #blocks=1 #saved_nz=644 
  1.28e-01s  7.14e-01d  [FindBigVerticalLinearOverlap] 
  2.59e-01s  1.00e+00d *[FindBigHorizontalLinearOverlap] #linears=20'954 
  1.64e-02s  1.01e-03d  [MergeClauses] #num_collisions=16'045 #num_merges=16'045 #num_saved_literals=73'708 
  3.45e-02s  0.00e+00d  [DetectDominanceRelations] 
  1.37e-01s  0.00e+00d  [PresolveToFixPoint] #num_loops=6 #num_dual_strengthening=1 
  3.49e-02s  0.00e+00d  [DetectDominanceRelations] 
  1.33e-01s  0.00e+00d  [PresolveToFixPoint] #num_loops=1 #num_dual_strengthening=1 
  1.98e-02s  0.00e+00d  [DetectDuplicateColumns] 
  4.42e-03s  0.00e+00d  [DetectDuplicateConstraints] 
[Symmetry] Graph for symmetry has 127'640 nodes and 1'138'267 arcs.
[Symmetry] Symmetry computation done. time: 0.056297 dtime: 0.106576
[Symmetry] #generators: 88, average support size: 2
[Symmetry] 2 orbits on 90 variables with sizes: 59,31
[Symmetry] Found orbitope of size 1 x 59
[SAT presolve] num removable Booleans: 0 / 29'680
[SAT presolve] num trivial clauses: 0
[SAT presolve] [0s] clauses:62'207 literals:254'384 vars:26'043 one_side_vars:26043 simple_definition:0 singleton_clauses:0
[SAT presolve] [0.00633812s] clauses:62'207 literals:254'384 vars:26'043 one_side_vars:26043 simple_definition:0 singleton_clauses:0
[SAT presolve] [0.00787391s] clauses:62'207 literals:254'384 vars:26'043 one_side_vars:26043 simple_definition:0 singleton_clauses:0
  6.45e-02s  0.00e+00d  [ProcessAtMostOneAndLinear] 
  5.56e-03s  0.00e+00d  [DetectDuplicateConstraints] 
  5.45e-03s  0.00e+00d  [DetectDuplicateConstraintsWithDifferentEnforcements] #without_enforcements=184 
  1.32e-01s  1.36e-02d  [DetectDominatedLinearConstraints] #relevant_constraints=26'818 #num_inclusions=3'884 
  4.56e-03s  0.00e+00d  [DetectDifferentVariables] 
  6.25e-02s  8.24e-03d  [ProcessSetPPC] #relevant_constraints=70'478 #num_inclusions=3 
  1.48e-02s  1.36e-03d  [TransformClausesToExactlyOne] #num_amos=26'451 #num_clauses=35'981 #num_checked=35'981 
  2.00e-02s  0.00e+00d  [DetectEncodedComplexDomains] 
  4.16e-03s  8.52e-05d  [FindAlmostIdenticalLinearConstraints] #num_tested_pairs=3'621 
  4.37e-01s  1.00e+00d *[FindBigAtMostOneAndLinearOverlap] 
  1.28e-01s  7.14e-01d  [FindBigVerticalLinearOverlap] 
  2.57e-01s  1.00e+00d *[FindBigHorizontalLinearOverlap] #linears=20'954 
  1.82e-02s  1.01e-03d  [MergeClauses] #num_collisions=16'045 #num_merges=16'045 #num_saved_literals=73'708 
  3.72e-02s  0.00e+00d  [DetectDominanceRelations] 
  1.40e-01s  0.00e+00d  [PresolveToFixPoint] #num_loops=6 #num_dual_strengthening=1 
  2.18e-03s  0.00e+00d  [MergeNoOverlap] 
  2.54e-03s  0.00e+00d  [MergeNoOverlap2D] 

Presolve summary:
  - 3656 affine relations were detected.
  - rule 'TODO dual: only one blocking constraint?' was applied 4'068 times.
  - rule 'TODO dual: tighten at most one' was applied 519 times.
  - rule 'TODO linear2: convert ax + by != cte to clauses for large domains' was applied 1'008 times.
  - rule 'affine: new relation' was applied 3'656 times.
  - rule 'at_most_one: transformed into max clique' was applied 1 time.
  - rule 'bool_and: x => x' was applied 3'644 times.
  - rule 'bool_or: always true' was applied 23 times.
  - rule 'bool_or: implications' was applied 3'654 times.
  - rule 'deductions: 299 stored' was applied 1 time.
  - rule 'dual: enforced equivalence' was applied 3'644 times.
  - rule 'dual: fix variable' was applied 4 times.
  - rule 'encoding: candidate linear is all boolean now' was applied 3 times.
  - rule 'encoding: extracted from linear' was applied 3 times.
  - rule 'encoding: reduced target domain' was applied 3 times.
  - rule 'exactly_one: removed literals' was applied 16 times.
  - rule 'exactly_one: size two' was applied 1 time.
  - rule 'linear + amo: empty after processing' was applied 3 times.
  - rule 'linear + amo: extracted enforcement literal' was applied 262 times.
  - rule 'linear + amo: fixed literal implied by enforcement' was applied 77 times.
  - rule 'linear matrix: common amo rectangle' was applied 1 time.
  - rule 'linear matrix: common horizontal rectangle' was applied 1 time.
  - rule 'linear matrix: common vertical rectangle' was applied 54 times.
  - rule 'linear1: x in domain' was applied 277 times.
  - rule 'linear2: convert ax + by != cte to clauses' was applied 3'648 times.
  - rule 'linear: always true' was applied 1 time.
  - rule 'linear: extracted at most one (max)' was applied 3 times.
  - rule 'linear: extracted at most one (min)' was applied 1 time.
  - rule 'linear: fixed or dup variables' was applied 68 times.
  - rule 'linear: never in domain' was applied 3 times.
  - rule 'linear: positive at most one' was applied 139 times.
  - rule 'linear: positive equal one' was applied 3'644 times.
  - rule 'linear: reduced variable domains' was applied 74 times.
  - rule 'linear: reduced variable domains in derived constraint' was applied 31 times.
  - rule 'linear: remapped using affine relations' was applied 107 times.
  - rule 'linear: variable substitution 2' was applied 5 times.
  - rule 'linear: variable substitution 3' was applied 5 times.
  - rule 'new_bool: with clause' was applied 1 time.
  - rule 'presolve: 293 unused variables removed.' was applied 1 time.
  - rule 'presolve: iteration' was applied 3 times.
  - rule 'setppc: bool_or in at_most_one' was applied 6 times.
  - rule 'setppc: fixed variables' was applied 3 times.
  - rule 'variables: detect half reified value encoding' was applied 252 times.

Presolved satisfaction model '': (model_fingerprint: 0xb5ad33254e6ee7c2)
#Variables: 34'331 (27'119 primary variables)
  - 29'670 Booleans in [0,1]
  - 26 in [0,2]
  - 8 in [0,3]
  - 4 in [0,4]
  - 6 in [0,5]
  - 5 in [0,6]
  - 3 in [0,7]
  - 5 in [0,8]
  - 3 in [0,9]
  - 4 in [0,10]
  - 2 in [0,11]
  - 4'589 in [0,12]
  - 1 in [0,23]
  - 1 in [127,3559]
  - 1 in [129,3561]
  - 1 in [131,3563]
  - 1 in [136,3568]
  - 1 in [140,3572]
#kAtMostOne: 225 (#literals: 8'746)
#kBoolAnd: 3'242 (#enforced: 3'242) (#literals: 29'468)
#kBoolAndClauses: 16'034 (#enforced: 16'034 #multi: 16'034) (#literals: 105'753)
#kBoolOr: 3'902 (#literals: 22'471)
#kExactlyOne: 3'648 (#literals: 718'415)
#kLinear1: 252 (#enforced: 252)
#kLinear3: 4'717 (#enforced: 20)
#kLinearN: 22'101 (#enforced: 4'396) (#terms: 172'835)
[Symmetry] Graph for symmetry has 123'685 nodes and 1'138'218 arcs.
[Symmetry] Symmetry computation done. time: 0.0584756 dtime: 0.106331
[Symmetry] #generators: 87, average support size: 2
[Symmetry] 2 orbits on 89 variables with sizes: 59,30
[Symmetry] Found orbitope of size 1 x 59

Preloading model.
#Model   7.21s var:34331/34331 constraints:54121/54121

Starting search at 7.22s with 8 workers.
6 full problem subsolvers: [default_lp, max_lp_sym, no_lp, probing, quick_restart, quick_restart_no_lp]
2 first solution subsolvers: [fj, fs_random_no_lp]
2 interleaved subsolvers: [feasibility_pump, rins/rens]
2 helper subsolvers: [neighborhood_helper, synchronization_agent]

#Model   7.99s var:34330/34331 constraints:54121/54121
#Model   8.13s var:34329/34331 constraints:54121/54121
#Model   8.94s var:34257/34331 constraints:54082/54121
#Model   9.12s var:34223/34331 constraints:54068/54121
#Model   9.31s var:34222/34331 constraints:54067/54121
#Model   9.59s var:34196/34331 constraints:54046/54121
#Model   9.78s var:34136/34331 constraints:54002/54121
#Model   9.97s var:34122/34331 constraints:53988/54121
#Model  10.15s var:34121/34331 constraints:53987/54121
#Model  10.32s var:34061/34331 constraints:53986/54121
#Model  10.59s var:34031/34331 constraints:53986/54121
#Model  10.76s var:34030/34331 constraints:53985/54121
#Model  11.08s var:34029/34331 constraints:53985/54121
#Model  11.21s var:34027/34331 constraints:53983/54121
#Model  11.43s var:34025/34331 constraints:53980/54121
#Model  11.56s var:34024/34331 constraints:53979/54121
#Model  12.01s var:33970/34331 constraints:53917/54121
#Model  12.07s var:33963/34331 constraints:53908/54121
#Model  12.22s var:33958/34331 constraints:53906/54121
#Model  12.46s var:33957/34331 constraints:53906/54121
#Model  12.59s var:33956/34331 constraints:53904/54121
#Model  12.71s var:33955/34331 constraints:53903/54121
#Model  12.92s var:33954/34331 constraints:53901/54121
#Model  13.08s var:33953/34331 constraints:53899/54121
#Model  13.40s var:33952/34331 constraints:53898/54121
#Model  13.57s var:33928/34331 constraints:53880/54121
#Model  13.63s var:33927/34331 constraints:53879/54121
#Model  13.86s var:33926/34331 constraints:53878/54121
#Model  14.05s var:33924/34331 constraints:53876/54121
#Model  14.25s var:33923/34331 constraints:53873/54121
#Model  14.43s var:33922/34331 constraints:53872/54121
#Model  14.61s var:33921/34331 constraints:53871/54121
#Model  14.80s var:33919/34331 constraints:53869/54121
#Model  14.98s var:33918/34331 constraints:53869/54121
#Model  15.87s var:33917/34331 constraints:53867/54121
#Model  16.55s var:33916/34331 constraints:53866/54121
#Model  17.10s var:33915/34331 constraints:53866/54121
#Model  17.61s var:33913/34331 constraints:53864/54121 [skipped_logs=1]
#Model  18.70s var:33909/34331 constraints:53860/54121 [skipped_logs=3]
#Model  19.39s var:33904/34331 constraints:53855/54121 [skipped_logs=2]
#Model  20.93s var:33899/34331 constraints:53849/54121 [skipped_logs=3]
#Model  21.86s var:33709/34331 constraints:53833/54121 [skipped_logs=5]
#Model  22.94s var:33703/34331 constraints:53829/54121 [skipped_logs=4]
#Model  24.01s var:33678/34331 constraints:53819/54121 [skipped_logs=7]
#Done   24.64s fs_random_no_lp
#Model  24.70s var:33676/34331 constraints:53819/54121 [skipped_logs=1]

Task timing                      n [     min,      max]      avg      dev     time         n [     min,      max]      avg      dev    dtime
           'default_lp':         1 [  17.52s,   17.52s]   17.52s   0.00ns   17.52s         2 [147.30ms,    9.56s]    4.86s    4.71s    9.71s
     'feasibility_pump':         3 [415.13ms,    5.61s]    2.78s    2.15s    8.34s         2 [   1.70s,    3.90s]    2.80s    1.10s    5.59s
                   'fj':        74 [ 60.68ms, 199.48ms]  89.44ms  22.43ms    6.62s        74 [103.27ms, 122.56ms] 113.17ms   8.55ms    8.37s
      'fs_random_no_lp':         1 [  17.42s,   17.42s]   17.42s   0.00ns   17.42s         2 [133.99us,   14.82s]    7.41s    7.41s   14.82s
           'max_lp_sym':         1 [  17.60s,   17.60s]   17.60s   0.00ns   17.60s         2 [   3.03s,   18.22s]   10.63s    7.60s   21.25s
                'no_lp':         1 [  17.52s,   17.52s]   17.52s   0.00ns   17.52s         2 [133.99us,   10.99s]    5.49s    5.49s   10.99s
              'probing':         1 [  17.52s,   17.52s]   17.52s   0.00ns   17.52s         2 [137.80ms,    2.71s]    1.42s    1.29s    2.85s
        'quick_restart':         1 [  17.52s,   17.52s]   17.52s   0.00ns   17.52s         2 [133.70ms,    8.23s]    4.18s    4.05s    8.36s
  'quick_restart_no_lp':         1 [  17.60s,   17.60s]   17.60s   0.00ns   17.60s         2 [133.99us,    7.89s]    3.94s    3.94s    7.89s
            'rins/rens':         0 [  0.00ns,   0.00ns]   0.00ns   0.00ns   0.00ns         0 [  0.00ns,   0.00ns]   0.00ns   0.00ns   0.00ns

Search stats               Bools  Conflicts   Branches  Restarts  BacktrackToRoot  Backtrack  BoolPropag  IntegerPropag
           'default_lp':  29'754        202    419'613         1            6'750     14'578   9'855'571      4'177'207
      'fs_random_no_lp':  29'781    106'258    610'089        59            8'114    121'684  44'435'452     40'716'111
           'max_lp_sym':  29'754        112    406'007         1            5'157     12'057   9'060'554      9'755'152
                'no_lp':  29'754     15'744  1'349'878       158            8'442     32'060  17'174'223      7'234'206
              'probing':  29'796         21         63         0               63         63      12'844         24'544
        'quick_restart':  29'755        188    437'853         1            6'873     14'716   9'760'311      4'169'885
  'quick_restart_no_lp':  29'863      8'279  1'161'475       738            8'898     24'996  22'330'842     22'292'252

SAT formula               Fixed  Equiv   Total  VarLeft  BinaryClauses  PermanentClauses  TemporaryClauses
           'default_lp':    375      0  29'754   29'379        279'026            39'377                 1
      'fs_random_no_lp':  1'253      0  29'781   28'528        219'252            45'937            11'112
           'max_lp_sym':    416      0  29'754   29'338        211'590            39'425                 0
                'no_lp':    655      0  29'754   29'099        332'352            39'647             2'798
              'probing':     27      0  29'796   29'769         86'024            39'629                 0
        'quick_restart':    613      0  29'755   29'142        287'554            39'917                 1
  'quick_restart_no_lp':    656      0  29'863   29'207        333'466            40'839             5'558

SAT stats                 ClassicMinim  LitRemoved  LitRemovedBinary  LitLearned  LitForgotten  Subsumed
           'default_lp':             6          33               339       1'476             0        23
      'fs_random_no_lp':        97'426     738'144           397'209   2'359'831     1'160'469    31'489
           'max_lp_sym':             1           4               228         742             0         6
                'no_lp':        15'041     203'377           406'181  86'259'620     5'782'365    11'587
              'probing':             0           0                 0          21             0         0
        'quick_restart':             7          33               372       1'586             0        26
  'quick_restart_no_lp':         4'997      16'395            55'469     754'536             0       777

Vivification              Clauses  Decisions  LitTrue  Subsumed  LitRemoved  DecisionReused  Conflicts
           'default_lp':    2'615    398'447        1        43       1'503             250        137
      'fs_random_no_lp':    2'882    427'964        2        94       2'285             321        132
           'max_lp_sym':    2'586    396'638        0        18         955              75         94
                'no_lp':    3'157    427'740        2       135       1'819             342        129
              'probing':        0          0        0         0           0               0          0
        'quick_restart':    2'717    425'964        2        36       1'303             390        124
  'quick_restart_no_lp':    2'947    428'615        6        91       2'560             354        144

Clause deletion           at_true  l_and_not(l)  to_binary  sub_conflict  sub_extra  sub_decisions  sub_eager  sub_vivify  sub_probing  sub_inpro  blocked  eliminated  forgotten  promoted  conflicts
           'default_lp':      197             1          0            23          0              8          0          43           26         46        0           0          0        13        202
      'fs_random_no_lp':    9'210             0         29        29'784        575             46      1'705          94            5         69        0           0     47'177   215'178    106'258
           'max_lp_sym':      562             1          0             6          0              1          0          18           51        101        0           0          0         1        112
                'no_lp':      663             0         27        11'004         12             48        583         135            5         67        0           0      1'123    36'161     15'744
              'probing':        0             0          0             0          0              0          0           0            0          0        0           0          0         0         21
        'quick_restart':      180             1          0            26          0              5          0          36           23         42        0           0          0         6        188
  'quick_restart_no_lp':      830             0          1           686         40             11         91          91            5         69        0           0          0    12'179      8'279

Lp stats            Component  Iterations  AddedCuts  OPTIMAL  DUAL_F.  DUAL_U.
     'default_lp':          1      14'342         19       63        9        2
     'max_lp_sym':          1       7'736          0        0        6        0
        'probing':          1       6'114        346       48        1        0
  'quick_restart':          1      11'307         99       67        3        6

Lp dimension                Final dimension of first component
     'default_lp':     1891 rows, 29913 columns, 42760 entries
     'max_lp_sym':  90458 rows, 34244 columns, 1166548 entries
        'probing':     1393 rows, 29913 columns, 34247 entries
  'quick_restart':     1940 rows, 29913 columns, 36880 entries

Lp debug            CutPropag  CutEqPropag  Adjust  Overflow     Bad  BadScaling
     'default_lp':          0            0       2         0       0           0
     'max_lp_sym':          0            0       0         0       0           0
        'probing':          0            0       0         0  23'534           0
  'quick_restart':          4            0       6         0  16'681           0

Lp pool             Constraints  Updates  Simplif  Merged  Shortened  Split  Strengthened  Cuts/Call
     'default_lp':       26'068        0    1'751       0      1'749      0             0      19/36
     'max_lp_sym':       90'458        0        0       0          0      0             0        0/0
        'probing':       26'395       31       28       0         28      0             0    346/725
  'quick_restart':       26'148       16    3'042       0      3'043      0             0     99/153

Lp Cut           default_lp  quick_restart  probing
         CG_FF:           -              9       42
          CG_K:           -              9       20
         CG_KL:           -              -        2
          CG_R:           -             11       43
            IB:          19              5        3
      MIR_3_FF:           -              -        2
      MIR_4_FF:           -              -        2
       MIR_4_R:           -              -        1
      MIR_5_FF:           -              -        6
      MIR_5_KL:           -              -        1
      MIR_6_FF:           -              -        1
      MIR_6_KL:           -              -        1
       MIR_6_R:           -              -        1
  ZERO_HALF_FF:           -             11       27
  ZERO_HALF_KL:           -              -        1
   ZERO_HALF_R:           -             54      193

LNS stats       Improv/Calls  Closed  Difficulty  TimeLimit
  'rins/rens':           0/0      0%    5.00e-01       0.10

LS stats                                    Batches  Restarts/Perturbs  LinMoves  GenMoves  CompoundMoves  Bactracks  WeightUpdates  ScoreComputed
                             'fj_restart':        3                  2     3'253         0              0          0             10        100'876
                    'fj_restart_compound':        4                  1         0     2'834          1'877        446              0        402'235
                'fj_restart_compound_obj':        7                  3         0     5'054          3'879        524              0        706'194
            'fj_restart_compound_perturb':        2                  2         0     3'397          3'224         57              0        191'189
        'fj_restart_compound_perturb_obj':        3                  2         0     3'855          3'502        145              0        307'545
                       'fj_restart_decay':        7                  4     7'659         0              0          0             16        231'015
              'fj_restart_decay_compound':       13                  5         0     9'938          7'480      1'149              0      1'245'410
          'fj_restart_decay_compound_obj':        2                  2         0     1'719          1'537         12              0        184'556
      'fj_restart_decay_compound_perturb':        3                  3         0     4'661          4'547         45              0        290'753
  'fj_restart_decay_compound_perturb_obj':        9                  2         0     8'288          5'730      1'224              0      1'000'839
                   'fj_restart_decay_obj':        7                  6     8'456         0              0          0             17        229'947
               'fj_restart_decay_perturb':        2                  1     2'337         0              0          0              4         68'056
           'fj_restart_decay_perturb_obj':        5                  3     5'923         0              0          0             10        170'505
                         'fj_restart_obj':        1                  1     1'075         0              0          0              3         33'132
                     'fj_restart_perturb':        1                  1     1'349         0              0          0              2         35'379
                 'fj_restart_perturb_obj':        5                  2     5'114         0              0          0             13        174'030

Solution repositories    Added  Queried  Synchro
    'alternative_path':      0        0        0
      'best_solutions':      0        0        0
   'fj solution hints':     32        0       32
        'lp solutions':      0        0        0
                'pump':      0        0

Improving bounds shared    Num  Sym
            'default_lp':   40    0
       'fs_random_no_lp':  332    0
            'max_lp_sym':   72    0
                 'no_lp':   30    0
               'probing':  183    0
         'quick_restart':   75    0
   'quick_restart_no_lp':  125   58

Clauses shared            #Exported  #Imported  #BinaryRead  #BinaryTotal
           'default_lp':        790          0       79'797        80'048
      'fs_random_no_lp':     62'299        199       80'021        80'048
           'max_lp_sym':      6'734        544       79'879        80'048
                'no_lp':         41        966       80'048        80'048
              'probing':          0          0       16'294        80'048
        'quick_restart':     11'274        544       79'902        80'048
  'quick_restart_no_lp':        494        767       80'048        80'048

LRAT_status: NA
CpSolverResponse summary:
status: INFEASIBLE
objective: NA
best_bound: NA
integers: 29987
booleans: 29781
conflicts: 106258
branches: 610089
propagations: 44435452
integer_propagations: 40716111
restarts: 59
lp_iterations: 0
walltime: 24.8854
usertime: 24.8854
deterministic_time: 98.2132
gap_integral: 0

