
Starting CP-SAT solver v9.15.6755
Parameters: random_seed: 20260922 max_time_in_seconds: 5 log_search_progress: true num_search_workers: 8 log_to_stdout: false

Initial satisfaction model '': (model_fingerprint: 0xbb88d1104d2c50da)
#Variables: 38'229 (30'662 primary variables)
  - 33'466 Booleans in [0,1]
  - 1 in [0,6]
  - 4'761 in [0,12]
  - 1 constants in {10} 
#kBoolAnd: 28'376 (#enforced: 28'376) (#literals: 56'752)
#kBoolOr: 36'010 (#enforced: 36'010) (#literals: 166'048)
#kExactlyOne: 1 (#literals: 47)
#kLinear1: 141
#kLinear2: 3'791
#kLinear3: 2
#kLinearN: 30'814 (#enforced: 4'416) (#terms: 1'101'171)

Starting presolve at 0.08s
  2.72e-02s  0.00e+00d  [DetectDominanceRelations] 
  3.05e-01s  0.00e+00d  [PresolveToFixPoint] #num_loops=4 #num_dual_strengthening=2 
  2.83e-03s  0.00e+00d  [ExtractEncodingFromLinear] #potential_supersets=3'783 #potential_subsets=3 #exo_encodings=3 #literals=7 
  2.17e-02s  0.00e+00d  [DetectDuplicateColumns] 
  1.73e-03s  0.00e+00d  [DetectDuplicateConstraints] 
[Symmetry] Graph for symmetry has 147'160 nodes and 1'395'903 arcs.
[Symmetry] Symmetry computation done. time: 0.0361976 dtime: 0.156238
[Symmetry] #generators: 91, average support size: 2
[Symmetry] 1 orbits on 92 variables with sizes: 92
[Symmetry] Found orbitope of size 1 x 92
[SAT presolve] num removable Booleans: 0 / 29'681
[SAT presolve] num trivial clauses: 0
[SAT presolve] [0s] clauses:64'321 literals:258'612 vars:26'046 one_side_vars:26004 simple_definition:4 singleton_clauses:0
[SAT presolve] [0.00217644s] clauses:64'321 literals:258'612 vars:26'046 one_side_vars:26004 simple_definition:4 singleton_clauses:0
[SAT presolve] [0.00312047s] clauses:64'321 literals:258'612 vars:26'046 one_side_vars:26004 simple_definition:4 singleton_clauses:0
  1.70e-03s  0.00e+00d  [DetectDuplicateConstraintsWithDifferentEnforcements] #without_enforcements=5 
  3.93e-01s  1.02e+00d *[Probe] #probed=23'510 #fixed_bools=264 #new_bounds=27 #new_binary_clauses=47'155 
  8.38e-02s  1.00e+00d *[MaxClique] Merged 28'483 constraints with 63'701 literals into 25'821 constraints with 61'040 literals
  2.76e-02s  0.00e+00d  [DetectDominanceRelations] 
  9.79e-02s  0.00e+00d  [PresolveToFixPoint] #num_loops=2 #num_dual_strengthening=1 
  6.37e-02s  0.00e+00d  [ProcessAtMostOneAndLinear] #num_changes=279 
  2.07e-03s  0.00e+00d  [DetectDuplicateConstraints] #duplicates=91 
  1.84e-03s  0.00e+00d  [DetectDuplicateConstraintsWithDifferentEnforcements] #without_enforcements=172 
  5.28e-01s  1.00e-01d  [DetectDominatedLinearConstraints] #relevant_constraints=26'771 #num_inclusions=27'148 #num_redundant=9 
  2.05e-03s  0.00e+00d  [DetectDifferentVariables] 
  3.73e-02s  8.90e-03d  [ProcessSetPPC] #relevant_constraints=68'878 #num_inclusions=5 
  6.17e-03s  1.12e-03d  [TransformClausesToExactlyOne] #num_amos=26'105 #num_clauses=35'170 #num_checked=35'170 
  5.22e-03s  0.00e+00d  [DetectEncodedComplexDomains] 
  1.48e-03s  8.51e-05d  [FindAlmostIdenticalLinearConstraints] #num_tested_pairs=3'615 
  1.50e-01s  1.00e+00d *[FindBigAtMostOneAndLinearOverlap] 
  9.16e-02s  7.40e-01d  [FindBigVerticalLinearOverlap] #blocks=38 #saved_nz=172'382 
  1.35e-01s  1.00e+00d *[FindBigHorizontalLinearOverlap] #blocks=1 #saved_nz=169 #linears=20'946 
  7.12e-03s  9.88e-04d  [MergeClauses] #num_collisions=15'845 #num_merges=15'845 #num_saved_literals=72'734 
  2.03e-02s  0.00e+00d  [DetectDominanceRelations] 
  7.85e-02s  0.00e+00d  [PresolveToFixPoint] #num_loops=5 #num_dual_strengthening=1 
  2.05e-02s  0.00e+00d  [DetectDominanceRelations] 
  7.59e-02s  0.00e+00d  [PresolveToFixPoint] #num_loops=1 #num_dual_strengthening=1 
  1.34e-02s  0.00e+00d  [DetectDuplicateColumns] 
  1.67e-03s  0.00e+00d  [DetectDuplicateConstraints] 
[Symmetry] Graph for symmetry has 131'052 nodes and 1'132'127 arcs.
[Symmetry] Symmetry computation done. time: 0.0243369 dtime: 0.102334
[SAT presolve] num removable Booleans: 0 / 29'417
[SAT presolve] num trivial clauses: 0
[SAT presolve] [0s] clauses:60'880 literals:249'054 vars:25'873 one_side_vars:25831 simple_definition:4 singleton_clauses:0
[SAT presolve] [0.00205423s] clauses:60'880 literals:249'054 vars:25'873 one_side_vars:25831 simple_definition:4 singleton_clauses:0
[SAT presolve] [0.0030216s] clauses:60'880 literals:249'054 vars:25'873 one_side_vars:25831 simple_definition:4 singleton_clauses:0
  3.69e-03s  0.00e+00d  [DetectDuplicateConstraintsWithDifferentEnforcements] #without_enforcements=172 
  4.51e-01s  1.01e+00d *[Probe] #probed=24'089 #fixed_bools=5 #new_bounds=17 #new_binary_clauses=52'871 
  8.45e-02s  1.00e+00d *[MaxClique] Merged 26'105 constraints with 57'370 literals into 23'595 constraints with 54'861 literals
  1.71e-02s  0.00e+00d  [DetectDominanceRelations] 
  7.55e-02s  0.00e+00d  [PresolveToFixPoint] #num_loops=2 #num_dual_strengthening=1 
  3.02e-02s  0.00e+00d  [ProcessAtMostOneAndLinear] #num_changes=30 
  2.00e-03s  0.00e+00d  [DetectDuplicateConstraints] 
  1.82e-03s  0.00e+00d  [DetectDuplicateConstraintsWithDifferentEnforcements] #without_enforcements=193 
  7.89e-02s  1.47e-02d  [DetectDominatedLinearConstraints] #relevant_constraints=26'786 #num_inclusions=4'513 
  2.02e-03s  0.00e+00d  [DetectDifferentVariables] 
  3.62e-02s  8.08e-03d  [ProcessSetPPC] #relevant_constraints=66'780 #num_inclusions=3 
  6.40e-03s  1.13e-03d  [TransformClausesToExactlyOne] #num_amos=23'602 #num_clauses=35'150 #num_checked=35'150 
  5.96e-03s  0.00e+00d  [DetectEncodedComplexDomains] 
  1.60e-03s  8.60e-05d  [FindAlmostIdenticalLinearConstraints] #num_tested_pairs=3'651 
  2.62e-01s  1.00e+00d *[FindBigAtMostOneAndLinearOverlap] #blocks=1 #saved_nz=412 
  6.70e-02s  7.06e-01d  [FindBigVerticalLinearOverlap] 
  1.37e-01s  1.00e+00d *[FindBigHorizontalLinearOverlap] #linears=20'926 
  7.34e-03s  9.88e-04d  [MergeClauses] #num_collisions=15'840 #num_merges=15'840 #num_saved_literals=72'711 
  2.29e-02s  0.00e+00d  [DetectDominanceRelations] 
  7.97e-02s  0.00e+00d  [PresolveToFixPoint] #num_loops=1 #num_dual_strengthening=1 
  2.11e-02s  0.00e+00d  [DetectDominanceRelations] 
  7.70e-02s  0.00e+00d  [PresolveToFixPoint] #num_loops=1 #num_dual_strengthening=1 
  1.63e-02s  0.00e+00d  [DetectDuplicateColumns] 
  1.79e-03s  0.00e+00d  [DetectDuplicateConstraints] 
[Symmetry] Graph for symmetry has 127'349 nodes and 1'124'884 arcs.
[Symmetry] Symmetry computation done. time: 0.0236524 dtime: 0.099381
[SAT presolve] num removable Booleans: 0 / 29'414
[SAT presolve] num trivial clauses: 0
[SAT presolve] [0s] clauses:58'024 literals:243'263 vars:25'865 one_side_vars:25823 simple_definition:4 singleton_clauses:0
[SAT presolve] [0.00198584s] clauses:58'024 literals:243'263 vars:25'865 one_side_vars:25823 simple_definition:4 singleton_clauses:0
[SAT presolve] [0.00298375s] clauses:58'024 literals:243'263 vars:25'865 one_side_vars:25823 simple_definition:4 singleton_clauses:0
  4.20e-03s  0.00e+00d  [DetectDuplicateConstraintsWithDifferentEnforcements] #without_enforcements=193 
  4.49e-01s  1.01e+00d *[Probe] #probed=24'108 #new_binary_clauses=53'230 
  8.45e-02s  1.00e+00d *[MaxClique] Merged 23'602 constraints with 54'870 literals into 21'370 constraints with 52'639 literals
  2.14e-02s  0.00e+00d  [DetectDominanceRelations] 
  8.00e-02s  0.00e+00d  [PresolveToFixPoint] #num_loops=1 #num_dual_strengthening=1 
  3.13e-02s  0.00e+00d  [ProcessAtMostOneAndLinear] 
  2.43e-03s  0.00e+00d  [DetectDuplicateConstraints] 
  2.24e-03s  0.00e+00d  [DetectDuplicateConstraintsWithDifferentEnforcements] #without_enforcements=193 
  7.97e-02s  1.47e-02d  [DetectDominatedLinearConstraints] #relevant_constraints=26'786 #num_inclusions=4'513 
  2.30e-03s  0.00e+00d  [DetectDifferentVariables] 
  3.64e-02s  7.96e-03d  [ProcessSetPPC] #relevant_constraints=64'555 #num_inclusions=1 
  6.95e-03s  1.13e-03d  [TransformClausesToExactlyOne] #num_amos=21'369 #num_clauses=35'150 #num_checked=35'150 
  6.44e-03s  0.00e+00d  [DetectEncodedComplexDomains] 
  1.89e-03s  8.52e-05d  [FindAlmostIdenticalLinearConstraints] #num_tested_pairs=3'618 
  2.08e-01s  7.98e-01d  [FindBigAtMostOneAndLinearOverlap] 
  9.22e-07s  0.00e+00d  [MergeNoOverlap] 
  2.10e-07s  0.00e+00d  [MergeNoOverlap2D] 

Presolve summary:
  - 3659 affine relations were detected.
  - rule 'TODO dual: only one blocking constraint?' was applied 7'208 times.
  - rule 'TODO dual: tighten at most one' was applied 427 times.
  - rule 'TODO linear matrix: reuse exo constraint' was applied 1 time.
  - rule 'TODO linear2: convert ax + by != cte to clauses for large domains' was applied 1'472 times.
  - rule 'affine: new relation' was applied 3'659 times.
  - rule 'at_most_one: removed literals' was applied 185 times.
  - rule 'at_most_one: size one' was applied 92 times.
  - rule 'at_most_one: transformed into max clique' was applied 3 times.
  - rule 'bool_and: x => x' was applied 3'644 times.
  - rule 'bool_or: always true' was applied 367 times.
  - rule 'bool_or: implications' was applied 4'136 times.
  - rule 'deductions: 279 stored' was applied 1 time.
  - rule 'dual: enforced equivalence' was applied 3'644 times.
  - rule 'dual: fix variable' was applied 4 times.
  - rule 'duplicate: removed constraint' was applied 91 times.
  - rule 'duplicate: removed enforced constraint' was applied 5 times.
  - rule 'encoding: candidate linear is all boolean now' was applied 3 times.
  - rule 'encoding: extracted from linear' was applied 3 times.
  - rule 'encoding: reduced target domain' was applied 3 times.
  - rule 'exactly_one: removed literals' was applied 635 times.
  - rule 'exactly_one: satisfied' was applied 2 times.
  - rule 'exactly_one: size two' was applied 2 times.
  - rule 'linear + amo: extracted enforcement literal' was applied 232 times.
  - rule 'linear + amo: fixed literal implied by enforcement' was applied 77 times.
  - rule 'linear inclusion: redundant included constraint' was applied 9 times.
  - rule 'linear matrix: common amo rectangle' was applied 1 time.
  - rule 'linear matrix: common horizontal rectangle' was applied 1 time.
  - rule 'linear matrix: common vertical rectangle' was applied 38 times.
  - rule 'linear1: x in domain' was applied 277 times.
  - rule 'linear2: convert ax + by != cte to clauses' was applied 3'648 times.
  - rule 'linear: always true' was applied 21 times.
  - rule 'linear: extracted at most one (max)' was applied 3 times.
  - rule 'linear: extracted at most one (min)' was applied 1 time.
  - rule 'linear: fixed or dup variables' was applied 296 times.
  - rule 'linear: positive at most one' was applied 139 times.
  - rule 'linear: positive equal one' was applied 3'649 times.
  - rule 'linear: reduced variable domains' was applied 60 times.
  - rule 'linear: remapped using affine relations' was applied 186 times.
  - rule 'linear: variable substitution 2' was applied 2 times.
  - rule 'linear: variable substitution 3' was applied 11 times.
  - rule 'new_bool: with clause' was applied 1 time.
  - rule 'presolve: 559 unused variables removed.' was applied 1 time.
  - rule 'presolve: iteration' was applied 3 times.
  - rule 'probing: bool_or reduced to implication' was applied 500 times.
  - rule 'probing: simplified clauses' was applied 648 times.
  - rule 'setppc: bool_or in at_most_one' was applied 1 time.
  - rule 'setppc: removed dominated constraints' was applied 8 times.
  - rule 'variables: detect half reified value encoding' was applied 232 times.

Presolved satisfaction model '': (model_fingerprint: 0x9f931a58a147ed9a)
#Variables: 34'043 (26'741 primary variables)
  - 29'405 Booleans in [0,1]
  - 9 in [0,2]
  - 11 in [0,3]
  - 3 in [0,4]
  - 2 in [0,5]
  - 7 in [0,6]
  - 3 in [0,7]
  - 2 in [0,8]
  - 2 in [0,9]
  - 4 in [0,10]
  - 2 in [0,11]
  - 4'588 in [0,12]
  - 1 in [1,23]
  - 1 in [165,3493]
  - 1 in [167,3495]
  - 1 in [168,3496]
  - 1 in [174,3502]
#kAtMostOne: 1'002 (#literals: 11'903)
#kBoolAnd: 2'442 (#enforced: 2'442) (#literals: 22'809)
#kBoolOr: 35'150 (#literals: 197'515)
#kExactlyOne: 3'647 (#literals: 715'137)
#kLinear1: 232 (#enforced: 232)
#kLinear2: 144
#kLinear3: 4'555 (#enforced: 30)
#kLinearN: 22'087 (#enforced: 4'386) (#terms: 172'863)
Stopped after presolve.
PresolvedNumVariables: 34043
PresolvedNumConstraints: 69259
PresolvedNumTerms: 1139060
CpSolverResponse summary:
status: UNKNOWN
objective: NA
best_bound: NA
integers: 0
booleans: 0
conflicts: 0
branches: 0
propagations: 0
integer_propagations: 0
restarts: 0
lp_iterations: 0
walltime: 5.08487
usertime: 5.08487
deterministic_time: 12.4528
gap_integral: 0

