
Starting CP-SAT solver v9.15.6755
Parameters: random_seed: 20260922 max_time_in_seconds: 5 log_search_progress: true num_search_workers: 8 log_to_stdout: false

Initial satisfaction model '': (model_fingerprint: 0xfc6eb33d36266ffa)
#Variables: 38'105 (30'573 primary variables)
  - 33'342 Booleans in [0,1]
  - 1 in [0,6]
  - 4'761 in [0,12]
  - 1 in [10,11]
#kBoolAnd: 28'076 (#enforced: 28'076) (#literals: 56'152)
#kBoolOr: 35'855 (#enforced: 35'855) (#literals: 165'189)
#kExactlyOne: 1 (#literals: 47)
#kLinear1: 141
#kLinear2: 3'791
#kLinearN: 30'692 (#enforced: 4'366) (#terms: 1'094'247)

Starting presolve at 0.09s
  2.71e-02s  0.00e+00d  [DetectDominanceRelations] 
  2.96e-01s  0.00e+00d  [PresolveToFixPoint] #num_loops=3 #num_dual_strengthening=2 
  2.94e-03s  0.00e+00d  [ExtractEncodingFromLinear] #potential_supersets=3'783 #potential_subsets=3 #exo_encodings=2 #literals=4 
  1.62e-02s  0.00e+00d  [DetectDuplicateColumns] 
  1.88e-03s  0.00e+00d  [DetectDuplicateConstraints] 
[Symmetry] Graph for symmetry has 146'346 nodes and 1'387'998 arcs.
[Symmetry] Symmetry computation done. time: 0.0341515 dtime: 0.154856
[Symmetry] #generators: 91, average support size: 2
[Symmetry] 1 orbits on 92 variables with sizes: 92
[Symmetry] Found orbitope of size 1 x 92
[SAT presolve] num removable Booleans: 0 / 29'552
[SAT presolve] num trivial clauses: 0
[SAT presolve] [0s] clauses:63'931 literals:257'196 vars:25'926 one_side_vars:25891 simple_definition:4 singleton_clauses:0
[SAT presolve] [0.00216853s] clauses:63'931 literals:257'196 vars:25'926 one_side_vars:25891 simple_definition:4 singleton_clauses:0
[SAT presolve] [0.00312765s] clauses:63'931 literals:257'196 vars:25'926 one_side_vars:25891 simple_definition:4 singleton_clauses:0
  1.74e-03s  0.00e+00d  [DetectDuplicateConstraintsWithDifferentEnforcements] #without_enforcements=2 
  3.89e-01s  1.02e+00d *[Probe] #probed=23'464 #fixed_bools=265 #new_bounds=25 #equiv=2 #new_binary_clauses=45'823 
  8.36e-02s  1.00e+00d *[MaxClique] Merged 28'229 constraints with 62'807 literals into 25'485 constraints with 59'989 literals
  2.73e-02s  0.00e+00d  [DetectDominanceRelations] 
  1.01e-01s  0.00e+00d  [PresolveToFixPoint] #num_loops=2 #num_dual_strengthening=1 
  6.43e-02s  0.00e+00d  [ProcessAtMostOneAndLinear] #num_changes=279 
  2.13e-03s  0.00e+00d  [DetectDuplicateConstraints] #duplicates=91 
  1.81e-03s  0.00e+00d  [DetectDuplicateConstraintsWithDifferentEnforcements] #without_enforcements=172 
  5.26e-01s  1.00e-01d  [DetectDominatedLinearConstraints] #relevant_constraints=26'653 #num_inclusions=27'129 #num_redundant=9 
  2.09e-03s  0.00e+00d  [DetectDifferentVariables] 
  3.69e-02s  8.86e-03d  [ProcessSetPPC] #relevant_constraints=68'332 #num_inclusions=2 
  6.28e-03s  1.10e-03d  [TransformClausesToExactlyOne] #num_amos=25'878 #num_clauses=34'965 #num_checked=34'965 
  5.09e-03s  0.00e+00d  [DetectEncodedComplexDomains] 
  1.52e-03s  8.52e-05d  [FindAlmostIdenticalLinearConstraints] #num_tested_pairs=3'623 
  1.50e-01s  1.00e+00d *[FindBigAtMostOneAndLinearOverlap] 
  9.40e-02s  7.37e-01d  [FindBigVerticalLinearOverlap] #blocks=40 #saved_nz=172'588 
  1.35e-01s  1.00e+00d *[FindBigHorizontalLinearOverlap] #blocks=2 #saved_nz=374 #linears=21'085 
  7.75e-03s  9.82e-04d  [MergeClauses] #num_collisions=15'697 #num_merges=15'697 #num_saved_literals=72'052 
  2.06e-02s  0.00e+00d  [DetectDominanceRelations] 
  7.91e-02s  0.00e+00d  [PresolveToFixPoint] #num_loops=4 #num_dual_strengthening=1 
  2.11e-02s  0.00e+00d  [DetectDominanceRelations] 
  7.78e-02s  0.00e+00d  [PresolveToFixPoint] #num_loops=1 #num_dual_strengthening=1 
  1.26e-02s  0.00e+00d  [DetectDuplicateColumns] 
  1.74e-03s  0.00e+00d  [DetectDuplicateConstraints] 
[Symmetry] Graph for symmetry has 127'307 nodes and 1'120'640 arcs.
[Symmetry] Symmetry computation done. time: 0.0244461 dtime: 0.101175
[SAT presolve] num removable Booleans: 0 / 29'286
[SAT presolve] num trivial clauses: 0
[SAT presolve] [0s] clauses:60'454 literals:247'312 vars:25'753 one_side_vars:25718 simple_definition:4 singleton_clauses:0
[SAT presolve] [0.00214593s] clauses:60'454 literals:247'312 vars:25'753 one_side_vars:25718 simple_definition:4 singleton_clauses:0
[SAT presolve] [0.00313632s] clauses:60'454 literals:247'312 vars:25'753 one_side_vars:25718 simple_definition:4 singleton_clauses:0
  4.03e-03s  0.00e+00d  [DetectDuplicateConstraintsWithDifferentEnforcements] #without_enforcements=172 
  4.72e-01s  1.01e+00d *[Probe] #probed=24'073 #fixed_bools=5 #new_bounds=21 #new_binary_clauses=51'694 
  8.58e-02s  1.00e+00d *[MaxClique] Merged 25'878 constraints with 56'541 literals into 23'213 constraints with 53'874 literals
  2.10e-02s  0.00e+00d  [DetectDominanceRelations] 
  8.05e-02s  0.00e+00d  [PresolveToFixPoint] #num_loops=2 #num_dual_strengthening=1 
  3.06e-02s  0.00e+00d  [ProcessAtMostOneAndLinear] #num_changes=30 
  2.14e-03s  0.00e+00d  [DetectDuplicateConstraints] 
  1.93e-03s  0.00e+00d  [DetectDuplicateConstraintsWithDifferentEnforcements] #without_enforcements=190 
  7.86e-02s  1.46e-02d  [DetectDominatedLinearConstraints] #relevant_constraints=26'668 #num_inclusions=4'459 
  2.16e-03s  0.00e+00d  [DetectDifferentVariables] 
  3.57e-02s  8.03e-03d  [ProcessSetPPC] #relevant_constraints=66'145 #num_inclusions=19 
  6.24e-03s  1.11e-03d  [TransformClausesToExactlyOne] #num_amos=23'204 #num_clauses=34'945 #num_checked=34'945 
  5.64e-03s  0.00e+00d  [DetectEncodedComplexDomains] 
  1.55e-03s  8.58e-05d  [FindAlmostIdenticalLinearConstraints] #num_tested_pairs=3'644 
  2.66e-01s  1.00e+00d *[FindBigAtMostOneAndLinearOverlap] 
  6.79e-02s  7.03e-01d  [FindBigVerticalLinearOverlap] 
  1.36e-01s  1.00e+00d *[FindBigHorizontalLinearOverlap] #linears=21'066 
  7.99e-03s  9.81e-04d  [MergeClauses] #num_collisions=15'692 #num_merges=15'692 #num_saved_literals=72'028 
  2.13e-02s  0.00e+00d  [DetectDominanceRelations] 
  7.83e-02s  0.00e+00d  [PresolveToFixPoint] #num_loops=1 #num_dual_strengthening=1 
  2.12e-02s  0.00e+00d  [DetectDominanceRelations] 
  7.80e-02s  0.00e+00d  [PresolveToFixPoint] #num_loops=1 #num_dual_strengthening=1 
  1.53e-02s  0.00e+00d  [DetectDuplicateColumns] 
  1.92e-03s  0.00e+00d  [DetectDuplicateConstraints] 
[Symmetry] Graph for symmetry has 127'261 nodes and 1'117'298 arcs.
[Symmetry] Symmetry computation done. time: 0.023241 dtime: 0.0986976
[SAT presolve] num removable Booleans: 0 / 29'286
[SAT presolve] num trivial clauses: 0
[SAT presolve] [0s] clauses:57'417 literals:241'160 vars:25'739 one_side_vars:25704 simple_definition:4 singleton_clauses:0
[SAT presolve] [0.00197373s] clauses:57'417 literals:241'160 vars:25'739 one_side_vars:25704 simple_definition:4 singleton_clauses:0
[SAT presolve] [0.00298225s] clauses:57'417 literals:241'160 vars:25'739 one_side_vars:25704 simple_definition:4 singleton_clauses:0
  4.37e-03s  0.00e+00d  [DetectDuplicateConstraintsWithDifferentEnforcements] #without_enforcements=190 
  4.75e-01s  1.01e+00d *[Probe] #probed=24'072 #new_binary_clauses=52'202 
  8.56e-02s  1.00e+00d *[MaxClique] Merged 23'204 constraints with 53'856 literals into 21'004 constraints with 51'657 literals
  7.34e-03s  1.11e-03d  [TransformClausesToExactlyOne] #num_amos=21'004 #num_clauses=34'945 #num_checked=34'945 
  9.29e-07s  0.00e+00d  [MergeNoOverlap] 
  2.56e-07s  0.00e+00d  [MergeNoOverlap2D] 

Presolve summary:
  - 3662 affine relations were detected.
  - rule 'TODO dual: only one blocking constraint?' was applied 7'207 times.
  - rule 'TODO dual: tighten at most one' was applied 410 times.
  - rule 'TODO linear2: convert ax + by != cte to clauses for large domains' was applied 1'472 times.
  - rule 'affine: new relation' was applied 3'662 times.
  - rule 'at_most_one: removed literals' was applied 140 times.
  - rule 'at_most_one: size one' was applied 46 times.
  - rule 'at_most_one: transformed into max clique' was applied 3 times.
  - rule 'bool_and: x => x' was applied 3'648 times.
  - rule 'bool_or: always true' was applied 352 times.
  - rule 'bool_or: implications' was applied 4'204 times.
  - rule 'deductions: 280 stored' was applied 1 time.
  - rule 'dual: enforced equivalence' was applied 3'648 times.
  - rule 'duplicate: removed constraint' was applied 91 times.
  - rule 'duplicate: removed enforced constraint' was applied 2 times.
  - rule 'encoding: candidate linear is all boolean now' was applied 2 times.
  - rule 'encoding: extracted from linear' was applied 2 times.
  - rule 'encoding: reduced target domain' was applied 2 times.
  - rule 'exactly_one: removed literals' was applied 625 times.
  - rule 'exactly_one: x and not(x)' was applied 8 times.
  - rule 'linear + amo: extracted enforcement literal' was applied 232 times.
  - rule 'linear + amo: fixed literal implied by enforcement' was applied 77 times.
  - rule 'linear inclusion: redundant included constraint' was applied 9 times.
  - rule 'linear matrix: common horizontal rectangle' was applied 2 times.
  - rule 'linear matrix: common vertical rectangle' was applied 40 times.
  - rule 'linear matrix: defining equation for common rectangle' was applied 1 time.
  - rule 'linear1: x in domain' was applied 276 times.
  - rule 'linear2: contains a boolean' was applied 1 time.
  - rule 'linear2: convert ax + by != cte to clauses' was applied 3'648 times.
  - rule 'linear: always true' was applied 21 times.
  - rule 'linear: extracted at most one (min)' was applied 2 times.
  - rule 'linear: fixed or dup variables' was applied 243 times.
  - rule 'linear: positive at most one' was applied 139 times.
  - rule 'linear: positive equal one' was applied 3'651 times.
  - rule 'linear: reduced variable domains' was applied 33 times.
  - rule 'linear: reduced variable domains in derived constraint' was applied 30 times.
  - rule 'linear: remapped using affine relations' was applied 118 times.
  - rule 'linear: variable substitution 2' was applied 5 times.
  - rule 'linear: variable substitution 3' was applied 4 times.
  - rule 'new_bool: var with 2 values' was applied 1 time.
  - rule 'presolve: 546 unused variables removed.' was applied 1 time.
  - rule 'presolve: iteration' was applied 3 times.
  - rule 'probing: bool_or reduced to implication' was applied 561 times.
  - rule 'probing: simplified clauses' was applied 703 times.
  - rule 'setppc: bool_or in at_most_one' was applied 1 time.
  - rule 'setppc: removed dominated constraints' was applied 20 times.
  - rule 'variables with 2 values: create encoding literal' was applied 1 time.
  - rule 'variables with 2 values: new affine relation' was applied 1 time.
  - rule 'variables: detect half reified value encoding' was applied 232 times.

Presolved satisfaction model '': (model_fingerprint: 0x1b9778be0ea82ea3)
#Variables: 33'930 (26'654 primary variables)
  - 29'286 Booleans in [0,1]
  - 2 in [-12,12]
  - 12 in [0,2]
  - 8 in [0,3]
  - 6 in [0,4]
  - 2 in [0,5]
  - 4 in [0,6]
  - 4 in [0,7]
  - 3 in [0,8]
  - 2 in [0,9]
  - 4 in [0,10]
  - 2 in [0,11]
  - 4'590 in [0,12]
  - 1 in [0,33]
  - 1 in [173,3511]
  - 1 in [174,3512]
  - 1 in [175,3513]
  - 1 in [176,3514]
#kAtMostOne: 1'009 (#literals: 11'667)
#kBoolAnd: 2'299 (#enforced: 2'299) (#literals: 22'294)
#kBoolOr: 34'945 (#literals: 196'216)
#kExactlyOne: 3'650 (#literals: 708'982)
#kLinear1: 233 (#enforced: 233)
#kLinear2: 146
#kLinear3: 4'208 (#enforced: 21)
#kLinearN: 22'314 (#enforced: 4'345) (#terms: 173'946)
Stopped after presolve.
PresolvedNumVariables: 33930
PresolvedNumConstraints: 68804
PresolvedNumTerms: 1130853
CpSolverResponse summary:
status: UNKNOWN
objective: NA
best_bound: NA
integers: 0
booleans: 0
conflicts: 0
branches: 0
propagations: 0
integer_propagations: 0
restarts: 0
lp_iterations: 0
walltime: 4.69392
usertime: 4.69392
deterministic_time: 11.6256
gap_integral: 0

