
Starting CP-SAT solver v9.15.6755
Parameters: random_seed: 20260922 max_time_in_seconds: 5 log_search_progress: true num_search_workers: 8 log_to_stdout: false

Initial satisfaction model '': (model_fingerprint: 0xbf15950b6a6fefb7)
#Variables: 38'112 (30'563 primary variables)
  - 33'349 Booleans in [0,1]
  - 1 in [0,6]
  - 4'761 in [0,12]
  - 1 in [10,11]
#kBoolAnd: 28'118 (#enforced: 28'118) (#literals: 56'236)
#kBoolOr: 35'862 (#enforced: 35'862) (#literals: 165'210)
#kExactlyOne: 1 (#literals: 47)
#kLinear1: 141
#kLinear2: 3'791
#kLinearN: 30'699 (#enforced: 4'373) (#terms: 1'094'879)

Starting presolve at 0.08s
  2.70e-02s  0.00e+00d  [DetectDominanceRelations] 
  2.89e-01s  0.00e+00d  [PresolveToFixPoint] #num_loops=3 #num_dual_strengthening=2 
  2.78e-03s  0.00e+00d  [ExtractEncodingFromLinear] #potential_supersets=3'783 #potential_subsets=3 #exo_encodings=2 #literals=4 
  1.88e-02s  0.00e+00d  [DetectDuplicateColumns] 
  1.87e-03s  0.00e+00d  [DetectDuplicateConstraints] 
[Symmetry] Graph for symmetry has 146'427 nodes and 1'388'361 arcs.
[Symmetry] Symmetry computation done. time: 0.0343761 dtime: 0.155041
[Symmetry] #generators: 91, average support size: 2
[Symmetry] 1 orbits on 92 variables with sizes: 92
[Symmetry] Found orbitope of size 1 x 92
[SAT presolve] num removable Booleans: 0 / 29'559
[SAT presolve] num trivial clauses: 0
[SAT presolve] [0s] clauses:63'980 literals:257'308 vars:25'933 one_side_vars:25891 simple_definition:4 singleton_clauses:0
[SAT presolve] [0.0021729s] clauses:63'980 literals:257'308 vars:25'933 one_side_vars:25891 simple_definition:4 singleton_clauses:0
[SAT presolve] [0.00311314s] clauses:63'980 literals:257'308 vars:25'933 one_side_vars:25891 simple_definition:4 singleton_clauses:0
  1.79e-03s  0.00e+00d  [DetectDuplicateConstraintsWithDifferentEnforcements] #without_enforcements=2 
  3.89e-01s  1.02e+00d *[Probe] #probed=23'513 #fixed_bools=264 #new_bounds=25 #equiv=2 #new_binary_clauses=46'898 
  8.28e-02s  1.00e+00d *[MaxClique] Merged 28'271 constraints with 62'891 literals into 25'527 constraints with 60'073 literals
  2.74e-02s  0.00e+00d  [DetectDominanceRelations] 
  9.98e-02s  0.00e+00d  [PresolveToFixPoint] #num_loops=2 #num_dual_strengthening=1 
  6.29e-02s  0.00e+00d  [ProcessAtMostOneAndLinear] #num_changes=279 
  2.03e-03s  0.00e+00d  [DetectDuplicateConstraints] #duplicates=91 
  1.77e-03s  0.00e+00d  [DetectDuplicateConstraintsWithDifferentEnforcements] #without_enforcements=172 
  5.35e-01s  1.00e-01d  [DetectDominatedLinearConstraints] #relevant_constraints=26'660 #num_inclusions=27'128 #num_redundant=9 
  2.14e-03s  0.00e+00d  [DetectDifferentVariables] 
  3.68e-02s  8.86e-03d  [ProcessSetPPC] #relevant_constraints=68'395 #num_inclusions=2 
  5.92e-03s  1.12e-03d  [TransformClausesToExactlyOne] #num_amos=25'915 #num_clauses=34'979 #num_checked=34'979 
  6.44e-03s  0.00e+00d  [DetectEncodedComplexDomains] 
  1.52e-03s  8.52e-05d  [FindAlmostIdenticalLinearConstraints] #num_tested_pairs=3'624 
  1.51e-01s  1.00e+00d *[FindBigAtMostOneAndLinearOverlap] 
  9.18e-02s  7.30e-01d  [FindBigVerticalLinearOverlap] #blocks=39 #saved_nz=172'684 
  1.36e-01s  1.00e+00d *[FindBigHorizontalLinearOverlap] #blocks=1 #saved_nz=208 #linears=20'947 
  7.40e-03s  9.82e-04d  [MergeClauses] #num_collisions=15'743 #num_merges=15'743 #num_saved_literals=72'205 
  1.68e-02s  0.00e+00d  [DetectDominanceRelations] 
  7.49e-02s  0.00e+00d  [PresolveToFixPoint] #num_loops=4 #num_dual_strengthening=1 
  1.68e-02s  0.00e+00d  [DetectDominanceRelations] 
  7.24e-02s  0.00e+00d  [PresolveToFixPoint] #num_loops=1 #num_dual_strengthening=1 
  1.24e-02s  0.00e+00d  [DetectDuplicateColumns] 
  1.66e-03s  0.00e+00d  [DetectDuplicateConstraints] 
[Symmetry] Graph for symmetry has 127'314 nodes and 1'120'951 arcs.
[Symmetry] Symmetry computation done. time: 0.0237853 dtime: 0.101284
[SAT presolve] num removable Booleans: 0 / 29'294
[SAT presolve] num trivial clauses: 0
[SAT presolve] [0s] clauses:60'505 literals:247'454 vars:25'760 one_side_vars:25718 simple_definition:4 singleton_clauses:0
[SAT presolve] [0.00212298s] clauses:60'505 literals:247'454 vars:25'760 one_side_vars:25718 simple_definition:4 singleton_clauses:0
[SAT presolve] [0.00309859s] clauses:60'505 literals:247'454 vars:25'760 one_side_vars:25718 simple_definition:4 singleton_clauses:0
  3.88e-03s  0.00e+00d  [DetectDuplicateConstraintsWithDifferentEnforcements] #without_enforcements=172 
  4.67e-01s  1.01e+00d *[Probe] #probed=24'137 #fixed_bools=5 #new_bounds=17 #new_binary_clauses=52'869 
  8.45e-02s  1.00e+00d *[MaxClique] Merged 25'915 constraints with 56'615 literals into 23'252 constraints with 53'950 literals
  1.71e-02s  0.00e+00d  [DetectDominanceRelations] 
  7.57e-02s  0.00e+00d  [PresolveToFixPoint] #num_loops=2 #num_dual_strengthening=1 
  2.99e-02s  0.00e+00d  [ProcessAtMostOneAndLinear] #num_changes=30 
  2.13e-03s  0.00e+00d  [DetectDuplicateConstraints] 
  1.94e-03s  0.00e+00d  [DetectDuplicateConstraintsWithDifferentEnforcements] #without_enforcements=193 
  8.22e-02s  1.46e-02d  [DetectDominatedLinearConstraints] #relevant_constraints=26'673 #num_inclusions=4'473 
  2.11e-03s  0.00e+00d  [DetectDifferentVariables] 
  3.53e-02s  8.04e-03d  [ProcessSetPPC] #relevant_constraints=66'204 #num_inclusions=16 
  5.82e-03s  1.13e-03d  [TransformClausesToExactlyOne] #num_amos=23'246 #num_clauses=34'959 #num_checked=34'959 
  6.55e-03s  0.00e+00d  [DetectEncodedComplexDomains] 
  1.54e-03s  8.61e-05d  [FindAlmostIdenticalLinearConstraints] #num_tested_pairs=3'654 
  2.66e-01s  1.00e+00d *[FindBigAtMostOneAndLinearOverlap] 
  6.76e-02s  7.03e-01d  [FindBigVerticalLinearOverlap] 
  1.36e-01s  1.00e+00d *[FindBigHorizontalLinearOverlap] #linears=20'929 
  7.31e-03s  9.81e-04d  [MergeClauses] #num_collisions=15'738 #num_merges=15'738 #num_saved_literals=72'182 
  2.11e-02s  0.00e+00d  [DetectDominanceRelations] 
  7.93e-02s  0.00e+00d  [PresolveToFixPoint] #num_loops=1 #num_dual_strengthening=1 
  2.11e-02s  0.00e+00d  [DetectDominanceRelations] 
  7.73e-02s  0.00e+00d  [PresolveToFixPoint] #num_loops=1 #num_dual_strengthening=1 
  1.61e-02s  0.00e+00d  [DetectDuplicateColumns] 
  1.88e-03s  0.00e+00d  [DetectDuplicateConstraints] 
[Symmetry] Graph for symmetry has 127'273 nodes and 1'117'604 arcs.
[Symmetry] Symmetry computation done. time: 0.0237636 dtime: 0.0997898
[SAT presolve] num removable Booleans: 0 / 29'290
[SAT presolve] num trivial clauses: 0
[SAT presolve] [0s] clauses:57'474 literals:241'316 vars:25'745 one_side_vars:25703 simple_definition:4 singleton_clauses:0
[SAT presolve] [0.00194606s] clauses:57'474 literals:241'316 vars:25'745 one_side_vars:25703 simple_definition:4 singleton_clauses:0
[SAT presolve] [0.00293768s] clauses:57'474 literals:241'316 vars:25'745 one_side_vars:25703 simple_definition:4 singleton_clauses:0
  4.31e-03s  0.00e+00d  [DetectDuplicateConstraintsWithDifferentEnforcements] #without_enforcements=193 
  4.68e-01s  1.01e+00d *[Probe] #probed=24'138 #new_binary_clauses=52'997 
  8.52e-02s  1.00e+00d *[MaxClique] Merged 23'246 constraints with 53'938 literals into 21'050 constraints with 51'743 literals
  6.89e-03s  1.13e-03d  [TransformClausesToExactlyOne] #num_amos=21'050 #num_clauses=34'959 #num_checked=34'959 
  9.57e-07s  0.00e+00d  [MergeNoOverlap] 
  2.66e-07s  0.00e+00d  [MergeNoOverlap2D] 

Presolve summary:
  - 3662 affine relations were detected.
  - rule 'TODO dual: only one blocking constraint?' was applied 7'146 times.
  - rule 'TODO dual: tighten at most one' was applied 410 times.
  - rule 'TODO linear2: convert ax + by != cte to clauses for large domains' was applied 1'472 times.
  - rule 'affine: new relation' was applied 3'662 times.
  - rule 'at_most_one: removed literals' was applied 140 times.
  - rule 'at_most_one: size one' was applied 46 times.
  - rule 'at_most_one: transformed into max clique' was applied 3 times.
  - rule 'bool_and: x => x' was applied 3'648 times.
  - rule 'bool_or: always true' was applied 350 times.
  - rule 'bool_or: implications' was applied 4'199 times.
  - rule 'deductions: 280 stored' was applied 1 time.
  - rule 'dual: enforced equivalence' was applied 3'648 times.
  - rule 'duplicate: removed constraint' was applied 91 times.
  - rule 'duplicate: removed enforced constraint' was applied 2 times.
  - rule 'encoding: candidate linear is all boolean now' was applied 2 times.
  - rule 'encoding: extracted from linear' was applied 2 times.
  - rule 'encoding: reduced target domain' was applied 2 times.
  - rule 'exactly_one: removed literals' was applied 623 times.
  - rule 'exactly_one: x and not(x)' was applied 8 times.
  - rule 'linear + amo: extracted enforcement literal' was applied 232 times.
  - rule 'linear + amo: fixed literal implied by enforcement' was applied 77 times.
  - rule 'linear inclusion: redundant included constraint' was applied 9 times.
  - rule 'linear matrix: common horizontal rectangle' was applied 1 time.
  - rule 'linear matrix: common vertical rectangle' was applied 39 times.
  - rule 'linear matrix: defining equation for common rectangle' was applied 1 time.
  - rule 'linear1: x in domain' was applied 276 times.
  - rule 'linear2: contains a boolean' was applied 1 time.
  - rule 'linear2: convert ax + by != cte to clauses' was applied 3'648 times.
  - rule 'linear: always true' was applied 21 times.
  - rule 'linear: extracted at most one (min)' was applied 2 times.
  - rule 'linear: fixed or dup variables' was applied 242 times.
  - rule 'linear: positive at most one' was applied 139 times.
  - rule 'linear: positive equal one' was applied 3'647 times.
  - rule 'linear: reduced variable domains' was applied 31 times.
  - rule 'linear: reduced variable domains in derived constraint' was applied 30 times.
  - rule 'linear: remapped using affine relations' was applied 119 times.
  - rule 'linear: variable substitution 2' was applied 5 times.
  - rule 'linear: variable substitution 3' was applied 8 times.
  - rule 'new_bool: var with 2 values' was applied 1 time.
  - rule 'presolve: 545 unused variables removed.' was applied 1 time.
  - rule 'presolve: iteration' was applied 3 times.
  - rule 'probing: bool_or reduced to implication' was applied 556 times.
  - rule 'probing: simplified clauses' was applied 704 times.
  - rule 'setppc: bool_or in at_most_one' was applied 1 time.
  - rule 'setppc: removed dominated constraints' was applied 17 times.
  - rule 'variables with 2 values: create encoding literal' was applied 1 time.
  - rule 'variables with 2 values: new affine relation' was applied 1 time.
  - rule 'variables: detect half reified value encoding' was applied 232 times.

Presolved satisfaction model '': (model_fingerprint: 0x649091b02770ab50)
#Variables: 33'932 (26'645 primary variables)
  - 29'290 Booleans in [0,1]
  - 11 in [0,2]
  - 11 in [0,3]
  - 3 in [0,4]
  - 3 in [0,5]
  - 5 in [0,6]
  - 3 in [0,7]
  - 3 in [0,8]
  - 3 in [0,9]
  - 4 in [0,10]
  - 2 in [0,11]
  - 4'590 in [0,12]
  - 1 in [0,33]
  - 1 in [170,3509]
  - 1 in [172,3511]
  - 1 in [174,3513]
#kAtMostOne: 1'008 (#literals: 11'659)
#kBoolAnd: 2'333 (#enforced: 2'333) (#literals: 22'375)
#kBoolOr: 34'959 (#literals: 196'286)
#kExactlyOne: 3'646 (#literals: 709'569)
#kLinear1: 233 (#enforced: 233)
#kLinear2: 145
#kLinear3: 4'440 (#enforced: 30)
#kLinearN: 22'088 (#enforced: 4'343) (#terms: 172'927)
Stopped after presolve.
PresolvedNumVariables: 33932
PresolvedNumConstraints: 68852
PresolvedNumTerms: 1131265
CpSolverResponse summary:
status: UNKNOWN
objective: NA
best_bound: NA
integers: 0
booleans: 0
conflicts: 0
branches: 0
propagations: 0
integer_propagations: 0
restarts: 0
lp_iterations: 0
walltime: 4.64017
usertime: 4.64017
deterministic_time: 11.6196
gap_integral: 0

