
Starting CP-SAT solver v9.15.6755
Parameters: random_seed: 20260922 max_time_in_seconds: 5 log_search_progress: true num_search_workers: 8 log_to_stdout: false

Initial satisfaction model '': (model_fingerprint: 0xc38e9bbe04b1b059)
#Variables: 38'306 (30'784 primary variables)
  - 33'543 Booleans in [0,1]
  - 1 in [0,6]
  - 4'761 in [0,12]
  - 1 constants in {10} 
#kBoolAnd: 28'838 (#enforced: 28'838) (#literals: 57'676)
#kBoolOr: 36'003 (#enforced: 36'003) (#literals: 166'027)
#kExactlyOne: 1 (#literals: 47)
#kLinear1: 141
#kLinear2: 3'791
#kLinear3: 2
#kLinearN: 30'891 (#enforced: 4'493) (#terms: 1'108'413)

Starting presolve at 0.09s
  2.74e-02s  0.00e+00d  [DetectDominanceRelations] 
  3.06e-01s  0.00e+00d  [PresolveToFixPoint] #num_loops=4 #num_dual_strengthening=2 
  2.96e-03s  0.00e+00d  [ExtractEncodingFromLinear] #potential_supersets=3'783 #potential_subsets=3 #exo_encodings=3 #literals=7 
  1.62e-02s  0.00e+00d  [DetectDuplicateColumns] 
  1.86e-03s  0.00e+00d  [DetectDuplicateConstraints] 
[Symmetry] Graph for symmetry has 147'640 nodes and 1'405'981 arcs.
[Symmetry] Symmetry computation done. time: 0.0352634 dtime: 0.156229
[Symmetry] #generators: 91, average support size: 2
[Symmetry] 1 orbits on 92 variables with sizes: 92
[Symmetry] Found orbitope of size 1 x 92
[SAT presolve] num removable Booleans: 0 / 29'758
[SAT presolve] num trivial clauses: 0
[SAT presolve] [0s] clauses:64'776 literals:259'508 vars:26'123 one_side_vars:26088 simple_definition:4 singleton_clauses:0
[SAT presolve] [0.00215982s] clauses:64'776 literals:259'508 vars:26'123 one_side_vars:26088 simple_definition:4 singleton_clauses:0
[SAT presolve] [0.00312822s] clauses:64'776 literals:259'508 vars:26'123 one_side_vars:26088 simple_definition:4 singleton_clauses:0
  1.78e-03s  0.00e+00d  [DetectDuplicateConstraintsWithDifferentEnforcements] #without_enforcements=3 
  3.78e-01s  1.02e+00d *[Probe] #probed=23'259 #fixed_bools=245 #new_bounds=27 #new_binary_clauses=45'074 
  8.42e-02s  1.00e+00d *[MaxClique] Merged 28'945 constraints with 64'625 literals into 26'282 constraints with 61'963 literals
  2.76e-02s  0.00e+00d  [DetectDominanceRelations] 
  9.92e-02s  0.00e+00d  [PresolveToFixPoint] #num_loops=2 #num_dual_strengthening=1 
  6.34e-02s  0.00e+00d  [ProcessAtMostOneAndLinear] #num_changes=279 
  2.01e-03s  0.00e+00d  [DetectDuplicateConstraints] #duplicates=91 
  1.72e-03s  0.00e+00d  [DetectDuplicateConstraintsWithDifferentEnforcements] #without_enforcements=172 
  5.26e-01s  1.00e-01d  [DetectDominatedLinearConstraints] #relevant_constraints=26'848 #num_inclusions=27'149 #num_redundant=2 
  2.16e-03s  0.00e+00d  [DetectDifferentVariables] 
  3.75e-02s  9.01e-03d  [ProcessSetPPC] #relevant_constraints=69'483 #num_inclusions=5 
  6.01e-03s  1.11e-03d  [TransformClausesToExactlyOne] #num_amos=26'532 #num_clauses=35'237 #num_checked=35'237 
  8.34e-03s  0.00e+00d  [DetectEncodedComplexDomains] 
  1.41e-03s  8.49e-05d  [FindAlmostIdenticalLinearConstraints] #num_tested_pairs=3'609 
  1.51e-01s  1.00e+00d *[FindBigAtMostOneAndLinearOverlap] 
  9.47e-02s  7.43e-01d  [FindBigVerticalLinearOverlap] #blocks=42 #saved_nz=172'519 
  1.35e-01s  1.00e+00d *[FindBigHorizontalLinearOverlap] #blocks=1 #saved_nz=164 #linears=21'634 
  7.58e-03s  9.90e-04d  [MergeClauses] #num_collisions=15'861 #num_merges=15'861 #num_saved_literals=72'808 
  2.10e-02s  0.00e+00d  [DetectDominanceRelations] 
  8.01e-02s  0.00e+00d  [PresolveToFixPoint] #num_loops=5 #num_dual_strengthening=1 
  2.08e-02s  0.00e+00d  [DetectDominanceRelations] 
  7.72e-02s  0.00e+00d  [PresolveToFixPoint] #num_loops=1 #num_dual_strengthening=1 
  9.58e-03s  0.00e+00d  [DetectDuplicateColumns] 
  1.63e-03s  0.00e+00d  [DetectDuplicateConstraints] 
[Symmetry] Graph for symmetry has 131'492 nodes and 1'142'759 arcs.
[Symmetry] Symmetry computation done. time: 0.0239241 dtime: 0.103023
[SAT presolve] num removable Booleans: 0 / 29'513
[SAT presolve] num trivial clauses: 0
[SAT presolve] [0s] clauses:61'367 literals:250'295 vars:25'950 one_side_vars:25915 simple_definition:4 singleton_clauses:0
[SAT presolve] [0.00211843s] clauses:61'367 literals:250'295 vars:25'950 one_side_vars:25915 simple_definition:4 singleton_clauses:0
[SAT presolve] [0.0031327s] clauses:61'367 literals:250'295 vars:25'950 one_side_vars:25915 simple_definition:4 singleton_clauses:0
  3.86e-03s  0.00e+00d  [DetectDuplicateConstraintsWithDifferentEnforcements] #without_enforcements=172 
  4.45e-01s  1.01e+00d *[Probe] #probed=23'815 #fixed_bools=5 #new_bounds=21 #new_binary_clauses=50'524 
  8.60e-02s  1.00e+00d *[MaxClique] Merged 26'532 constraints with 58'225 literals into 24'033 constraints with 55'727 literals
  2.14e-02s  0.00e+00d  [DetectDominanceRelations] 
  8.10e-02s  0.00e+00d  [PresolveToFixPoint] #num_loops=2 #num_dual_strengthening=1 
  3.13e-02s  0.00e+00d  [ProcessAtMostOneAndLinear] #num_changes=30 
  2.15e-03s  0.00e+00d  [DetectDuplicateConstraints] 
  1.88e-03s  0.00e+00d  [DetectDuplicateConstraintsWithDifferentEnforcements] #without_enforcements=191 
  8.54e-02s  1.51e-02d  [DetectDominatedLinearConstraints] #relevant_constraints=26'875 #num_inclusions=4'622 
  2.28e-03s  0.00e+00d  [DetectDifferentVariables] 
  3.61e-02s  8.19e-03d  [ProcessSetPPC] #relevant_constraints=67'366 #num_inclusions=8 
  6.20e-03s  1.11e-03d  [TransformClausesToExactlyOne] #num_amos=24'035 #num_clauses=35'217 #num_checked=35'217 
  8.17e-03s  0.00e+00d  [DetectEncodedComplexDomains] 
  1.64e-03s  8.53e-05d  [FindAlmostIdenticalLinearConstraints] #num_tested_pairs=3'625 
  2.66e-01s  1.00e+00d *[FindBigAtMostOneAndLinearOverlap] #blocks=1 #saved_nz=412 
  6.84e-02s  7.09e-01d  [FindBigVerticalLinearOverlap] 
  1.36e-01s  1.00e+00d *[FindBigHorizontalLinearOverlap] #linears=21'611 
  8.37e-03s  9.90e-04d  [MergeClauses] #num_collisions=15'856 #num_merges=15'856 #num_saved_literals=72'784 
  2.16e-02s  0.00e+00d  [DetectDominanceRelations] 
  7.90e-02s  0.00e+00d  [PresolveToFixPoint] #num_loops=1 #num_dual_strengthening=1 
  2.16e-02s  0.00e+00d  [DetectDominanceRelations] 
  7.92e-02s  0.00e+00d  [PresolveToFixPoint] #num_loops=1 #num_dual_strengthening=1 
  1.15e-02s  0.00e+00d  [DetectDuplicateColumns] 
  1.94e-03s  0.00e+00d  [DetectDuplicateConstraints] 
[Symmetry] Graph for symmetry has 127'796 nodes and 1'135'545 arcs.
[Symmetry] Symmetry computation done. time: 0.0238173 dtime: 0.0998165
[SAT presolve] num removable Booleans: 0 / 29'513
[SAT presolve] num trivial clauses: 0
[SAT presolve] [0s] clauses:58'512 literals:244'508 vars:25'942 one_side_vars:25907 simple_definition:4 singleton_clauses:0
[SAT presolve] [0.00206543s] clauses:58'512 literals:244'508 vars:25'942 one_side_vars:25907 simple_definition:4 singleton_clauses:0
[SAT presolve] [0.00308154s] clauses:58'512 literals:244'508 vars:25'942 one_side_vars:25907 simple_definition:4 singleton_clauses:0
  4.29e-03s  0.00e+00d  [DetectDuplicateConstraintsWithDifferentEnforcements] #without_enforcements=191 
  4.52e-01s  1.01e+00d *[Probe] #probed=23'832 #new_binary_clauses=51'155 
  8.63e-02s  1.00e+00d *[MaxClique] Merged 24'035 constraints with 55'731 literals into 21'823 constraints with 53'520 literals
  4.33e-03s  0.00e+00d  [PresolveToFixPoint] 
  7.37e-03s  1.12e-03d  [TransformClausesToExactlyOne] #num_amos=21'823 #num_clauses=35'217 #num_checked=35'217 
  7.67e-07s  0.00e+00d  [MergeNoOverlap] 
  2.13e-07s  0.00e+00d  [MergeNoOverlap2D] 

Presolve summary:
  - 3659 affine relations were detected.
  - rule 'TODO dual: only one blocking constraint?' was applied 7'223 times.
  - rule 'TODO dual: tighten at most one' was applied 410 times.
  - rule 'TODO linear matrix: reuse exo constraint' was applied 1 time.
  - rule 'TODO linear2: convert ax + by != cte to clauses for large domains' was applied 1'472 times.
  - rule 'affine: new relation' was applied 3'659 times.
  - rule 'at_most_one: removed literals' was applied 185 times.
  - rule 'at_most_one: size one' was applied 92 times.
  - rule 'at_most_one: transformed into max clique' was applied 3 times.
  - rule 'bool_and: x => x' was applied 3'644 times.
  - rule 'bool_or: always true' was applied 329 times.
  - rule 'bool_or: implications' was applied 4'102 times.
  - rule 'deductions: 279 stored' was applied 1 time.
  - rule 'dual: enforced equivalence' was applied 3'644 times.
  - rule 'dual: fix variable' was applied 4 times.
  - rule 'duplicate: removed constraint' was applied 91 times.
  - rule 'duplicate: removed enforced constraint' was applied 3 times.
  - rule 'encoding: candidate linear is all boolean now' was applied 3 times.
  - rule 'encoding: extracted from linear' was applied 3 times.
  - rule 'encoding: reduced target domain' was applied 3 times.
  - rule 'exactly_one: removed literals' was applied 595 times.
  - rule 'exactly_one: satisfied' was applied 2 times.
  - rule 'exactly_one: size two' was applied 2 times.
  - rule 'linear + amo: extracted enforcement literal' was applied 232 times.
  - rule 'linear + amo: fixed literal implied by enforcement' was applied 77 times.
  - rule 'linear inclusion: redundant included constraint' was applied 2 times.
  - rule 'linear matrix: common amo rectangle' was applied 1 time.
  - rule 'linear matrix: common horizontal rectangle' was applied 1 time.
  - rule 'linear matrix: common vertical rectangle' was applied 42 times.
  - rule 'linear1: x in domain' was applied 277 times.
  - rule 'linear2: convert ax + by != cte to clauses' was applied 3'648 times.
  - rule 'linear: always true' was applied 21 times.
  - rule 'linear: extracted at most one (max)' was applied 3 times.
  - rule 'linear: extracted at most one (min)' was applied 1 time.
  - rule 'linear: fixed or dup variables' was applied 277 times.
  - rule 'linear: positive at most one' was applied 139 times.
  - rule 'linear: positive equal one' was applied 3'652 times.
  - rule 'linear: reduced variable domains' was applied 60 times.
  - rule 'linear: remapped using affine relations' was applied 130 times.
  - rule 'linear: variable substitution 2' was applied 4 times.
  - rule 'linear: variable substitution 3' was applied 5 times.
  - rule 'new_bool: with clause' was applied 1 time.
  - rule 'presolve: 540 unused variables removed.' was applied 1 time.
  - rule 'presolve: iteration' was applied 3 times.
  - rule 'probing: bool_or reduced to implication' was applied 459 times.
  - rule 'probing: simplified clauses' was applied 657 times.
  - rule 'setppc: bool_or in at_most_one' was applied 1 time.
  - rule 'setppc: removed dominated constraints' was applied 12 times.
  - rule 'variables: detect half reified value encoding' was applied 232 times.

Presolved satisfaction model '': (model_fingerprint: 0xe1a6a8dc72f2f650)
#Variables: 34'147 (26'884 primary variables)
  - 29'504 Booleans in [0,1]
  - 4 in [-12,12]
  - 11 in [0,2]
  - 10 in [0,3]
  - 4 in [0,4]
  - 2 in [0,5]
  - 6 in [0,6]
  - 3 in [0,7]
  - 3 in [0,8]
  - 2 in [0,9]
  - 4 in [0,10]
  - 2 in [0,11]
  - 4'587 in [0,12]
  - 1 in [1,23]
  - 1 in [167,3493]
  - 1 in [169,3495]
  - 1 in [170,3496]
  - 1 in [172,3498]
#kAtMostOne: 1'007 (#literals: 11'888)
#kBoolAnd: 2'510 (#enforced: 2'510) (#literals: 23'326)
#kBoolOr: 35'217 (#literals: 197'918)
#kExactlyOne: 3'650 (#literals: 721'934)
#kLinear1: 232 (#enforced: 232)
#kLinear2: 132
#kLinear3: 3'805 (#enforced: 20)
#kLinearN: 22'938 (#enforced: 4'473) (#terms: 177'522)
Stopped after presolve.
PresolvedNumVariables: 34147
PresolvedNumConstraints: 69491
PresolvedNumTerms: 1149224
CpSolverResponse summary:
status: UNKNOWN
objective: NA
best_bound: NA
integers: 0
booleans: 0
conflicts: 0
branches: 0
propagations: 0
integer_propagations: 0
restarts: 0
lp_iterations: 0
walltime: 4.6533
usertime: 4.6533
deterministic_time: 11.6378
gap_integral: 0

