
Starting CP-SAT solver v9.15.6755
Parameters: random_seed: 20260922 max_time_in_seconds: 30 log_search_progress: true num_search_workers: 2 log_to_stdout: false

Initial satisfaction model '': (model_fingerprint: 0x6f0026a498ef1b91)
#Variables: 2'136 (2'135 primary variables)
  - 2'134 Booleans in [0,1]
  - 1 in [0,6]
  - 1 in [10,11]
#kBoolAnd: 2'792 (#enforced: 2'792) (#literals: 5'584)
#kBoolOr: 1'084 (#enforced: 1'084) (#literals: 4'976)
#kExactlyOne: 1 (#literals: 47)
#kLinear1: 9 (#enforced: 4)
#kLinear2: 18 (#enforced: 1)
#kLinear3: 10 (#enforced: 1)
#kLinearN: 1'359 (#enforced: 107) (#terms: 25'084)

Starting presolve at 0.00s
  1.12e-03s  0.00e+00d  [DetectDominanceRelations] 
  1.66e-02s  0.00e+00d  [PresolveToFixPoint] #num_loops=3 #num_dual_strengthening=2 
  4.06e-05s  0.00e+00d  [ExtractEncodingFromLinear] #potential_supersets=1'254 
  4.52e-04s  0.00e+00d  [DetectDuplicateColumns] 
  1.71e-04s  0.00e+00d  [DetectDuplicateConstraints] #duplicates=111 
[Symmetry] Graph for symmetry has 6'983 nodes and 33'686 arcs.
[Symmetry] Symmetry computation done. time: 0.00283563 dtime: 0.00390721
[Symmetry] #generators: 87, average support size: 2
[Symmetry] 44 orbits on 131 variables with sizes: 45,2,2,2,2,2,2,2,2,2,...
[Symmetry] Num fixable by binary propagation in orbit: 44 / 45
[Symmetry] Found orbitope of size 1 x 2
[SAT presolve] num removable Booleans: 0 / 1'919
[SAT presolve] num trivial clauses: 0
[SAT presolve] [0s] clauses:1'697 literals:7'288 vars:1'704 one_side_vars:1700 simple_definition:4 singleton_clauses:0
[SAT presolve] [8.3861e-05s] clauses:1'696 literals:7'281 vars:1'704 one_side_vars:1703 simple_definition:1 singleton_clauses:0
[SAT presolve] [0.000155399s] clauses:1'696 literals:7'281 vars:1'704 one_side_vars:1703 simple_definition:1 singleton_clauses:0
  1.47e-04s  0.00e+00d  [DetectDuplicateConstraintsWithDifferentEnforcements] 
  3.06e-02s  1.57e-02d  [Probe] #probed=3'818 #new_binary_clauses=1'532 
  1.18e-02s  3.37e-02d  [MaxClique] Merged 1'774 constraints with 21'297 literals into 1'398 constraints with 20'116 literals
  3.68e-03s  0.00e+00d  [DetectDominanceRelations] 
  2.62e-03s  0.00e+00d  [DetectDominanceRelations] 
  9.64e-03s  0.00e+00d  [PresolveToFixPoint] #num_loops=2 #num_dual_strengthening=2 
  1.07e-03s  0.00e+00d  [ProcessAtMostOneAndLinear] 
  1.33e-04s  0.00e+00d  [DetectDuplicateConstraints] #duplicates=1 
  5.58e-05s  0.00e+00d  [DetectDuplicateConstraintsWithDifferentEnforcements] 
  1.31e-04s  2.59e-05d  [DetectDominatedLinearConstraints] #relevant_constraints=18 #num_inclusions=17 
  2.10e-05s  0.00e+00d  [DetectDifferentVariables] 
  1.25e-03s  1.81e-04d  [ProcessSetPPC] #relevant_constraints=2'387 #num_inclusions=80 
  8.88e-04s  4.98e-05d  [TransformClausesToExactlyOne] #num_amos=1'259 #num_clauses=1'051 #num_checked=1'051 
  6.14e-05s  0.00e+00d  [DetectEncodedComplexDomains] 
  9.84e-06s  0.00e+00d  [FindAlmostIdenticalLinearConstraints] 
  6.66e-03s  1.49e-02d  [FindBigAtMostOneAndLinearOverlap] #blocks=2 #saved_nz=242 
  2.17e-03s  6.25e-03d  [FindBigVerticalLinearOverlap] 
  3.90e-04s  3.92e-05d  [FindBigHorizontalLinearOverlap] #blocks=2 #saved_nz=1'175 #linears=17 
  3.95e-04s  2.96e-05d  [MergeClauses] #num_collisions=446 #num_merges=446 #num_saved_literals=2'033 
  2.50e-03s  0.00e+00d  [DetectDominanceRelations] 
  5.60e-03s  0.00e+00d  [PresolveToFixPoint] #num_loops=2 #num_dual_strengthening=1 
  8.12e-04s  0.00e+00d  [DetectDominanceRelations] 
  3.75e-03s  0.00e+00d  [PresolveToFixPoint] #num_loops=1 #num_dual_strengthening=1 
  2.13e-04s  0.00e+00d  [DetectDuplicateColumns] 
  8.14e-05s  0.00e+00d  [DetectDuplicateConstraints] #duplicates=3 
[Symmetry] Graph for symmetry has 6'479 nodes and 27'285 arcs.
[Symmetry] Symmetry computation done. time: 0.00269599 dtime: 0.00313414
[Symmetry] #generators: 43, average support size: 2
[Symmetry] 43 orbits on 86 variables with sizes: 2,2,2,2,2,2,2,2,2,2,...
[Symmetry] Found orbitope of size 1 x 2
[SAT presolve] num removable Booleans: 0 / 1'794
[SAT presolve] num trivial clauses: 0
[SAT presolve] [0s] clauses:1'158 literals:6'130 vars:1'553 one_side_vars:1552 simple_definition:1 singleton_clauses:0
[SAT presolve] [0.000151388s] clauses:1'158 literals:6'130 vars:1'553 one_side_vars:1552 simple_definition:1 singleton_clauses:0
[SAT presolve] [0.000218693s] clauses:1'158 literals:6'130 vars:1'553 one_side_vars:1552 simple_definition:1 singleton_clauses:0
  1.45e-04s  0.00e+00d  [DetectDuplicateConstraintsWithDifferentEnforcements] 
  3.30e-02s  1.60e-02d  [Probe] #probed=3'820 #new_bounds=2 #new_binary_clauses=1'530 
  9.86e-03s  2.82e-02d  [MaxClique] Merged 1'258 constraints with 19'009 literals into 1'238 constraints with 18'969 literals
  7.93e-04s  0.00e+00d  [DetectDominanceRelations] 
  4.10e-03s  0.00e+00d  [PresolveToFixPoint] #num_loops=2 #num_dual_strengthening=1 
  2.43e-03s  0.00e+00d  [ProcessAtMostOneAndLinear] 
  1.40e-04s  0.00e+00d  [DetectDuplicateConstraints] 
  5.21e-05s  0.00e+00d  [DetectDuplicateConstraintsWithDifferentEnforcements] 
  5.74e-05s  7.99e-06d  [DetectDominatedLinearConstraints] #relevant_constraints=18 #num_inclusions=10 
  2.01e-05s  0.00e+00d  [DetectDifferentVariables] 
  2.82e-03s  1.38e-04d  [ProcessSetPPC] #relevant_constraints=2'309 
  1.06e-03s  4.98e-05d  [TransformClausesToExactlyOne] #num_amos=1'239 #num_clauses=1'051 #num_checked=1'051 
  1.45e-04s  0.00e+00d  [DetectEncodedComplexDomains] 
  1.96e-05s  0.00e+00d  [FindAlmostIdenticalLinearConstraints] 
  3.41e-03s  5.70e-03d  [FindBigAtMostOneAndLinearOverlap] 
  3.18e-04s  2.45e-03d  [FindBigVerticalLinearOverlap] 
  2.31e-04s  7.20e-05d  [FindBigHorizontalLinearOverlap] #blocks=1 #saved_nz=287 #linears=17 
  3.97e-04s  2.96e-05d  [MergeClauses] #num_collisions=446 #num_merges=446 #num_saved_literals=2'033 
  8.70e-04s  0.00e+00d  [DetectDominanceRelations] 
  2.20e-03s  0.00e+00d  [PresolveToFixPoint] #num_loops=2 #num_dual_strengthening=1 
  8.36e-04s  0.00e+00d  [DetectDominanceRelations] 
  2.12e-03s  0.00e+00d  [PresolveToFixPoint] #num_loops=1 #num_dual_strengthening=1 
  2.96e-04s  0.00e+00d  [DetectDuplicateColumns] 
  9.05e-05s  0.00e+00d  [DetectDuplicateConstraints] #duplicates=3 
[Symmetry] Graph for symmetry has 6'456 nodes and 26'932 arcs.
[Symmetry] Symmetry computation done. time: 0.000996477 dtime: 0.00313261
[Symmetry] #generators: 43, average support size: 2
[Symmetry] 43 orbits on 86 variables with sizes: 2,2,2,2,2,2,2,2,2,2,...
[Symmetry] Found orbitope of size 1 x 2
[SAT presolve] num removable Booleans: 0 / 1'794
[SAT presolve] num trivial clauses: 0
[SAT presolve] [0s] clauses:1'138 literals:6'090 vars:1'548 one_side_vars:1547 simple_definition:1 singleton_clauses:0
[SAT presolve] [6.0416e-05s] clauses:1'138 literals:6'090 vars:1'548 one_side_vars:1547 simple_definition:1 singleton_clauses:0
[SAT presolve] [0.00012708s] clauses:1'138 literals:6'090 vars:1'548 one_side_vars:1547 simple_definition:1 singleton_clauses:0
  1.50e-04s  0.00e+00d  [DetectDuplicateConstraintsWithDifferentEnforcements] 
  1.46e-02s  1.55e-02d  [Probe] #probed=3'820 #new_bounds=1 #new_binary_clauses=1'530 
  4.78e-03s  2.82e-02d  [MaxClique] 
  8.02e-04s  0.00e+00d  [DetectDominanceRelations] 
  2.38e-03s  0.00e+00d  [PresolveToFixPoint] #num_loops=2 #num_dual_strengthening=1 
  7.42e-04s  0.00e+00d  [ProcessAtMostOneAndLinear] 
  1.08e-04s  0.00e+00d  [DetectDuplicateConstraints] 
  6.63e-05s  0.00e+00d  [DetectDuplicateConstraintsWithDifferentEnforcements] 
  6.67e-05s  5.53e-06d  [DetectDominatedLinearConstraints] #relevant_constraints=19 #num_inclusions=9 
  2.92e-05s  0.00e+00d  [DetectDifferentVariables] 
  1.10e-03s  1.32e-04d  [ProcessSetPPC] #relevant_constraints=2'310 
  9.51e-04s  4.98e-05d  [TransformClausesToExactlyOne] #num_amos=1'239 #num_clauses=1'051 #num_checked=1'051 
  1.29e-04s  0.00e+00d  [DetectEncodedComplexDomains] 
  2.19e-05s  0.00e+00d  [FindAlmostIdenticalLinearConstraints] 
  1.49e-03s  4.75e-03d  [FindBigAtMostOneAndLinearOverlap] 
  2.75e-04s  1.97e-03d  [FindBigVerticalLinearOverlap] 
  1.05e-04s  1.00e-04d  [FindBigHorizontalLinearOverlap] #linears=18 
  4.55e-04s  2.96e-05d  [MergeClauses] #num_collisions=446 #num_merges=446 #num_saved_literals=2'033 
  8.06e-04s  0.00e+00d  [DetectDominanceRelations] 
  2.24e-03s  0.00e+00d  [PresolveToFixPoint] #num_loops=2 #num_dual_strengthening=1 
  1.71e-05s  0.00e+00d  [MergeNoOverlap] 
  1.28e-05s  0.00e+00d  [MergeNoOverlap2D] 

Presolve summary:
  - 33 affine relations were detected.
  - rule 'TODO dual: only one blocking constraint?' was applied 8'269 times.
  - rule 'TODO dual: tighten at most one' was applied 10'802 times.
  - rule 'affine: new relation' was applied 33 times.
  - rule 'at_most_one: removed literals' was applied 3 times.
  - rule 'at_most_one: resolved two constraints with opposite literal' was applied 80 times.
  - rule 'at_most_one: singleton' was applied 1 time.
  - rule 'at_most_one: transformed into max clique' was applied 2 times.
  - rule 'bool_and: x => x' was applied 33 times.
  - rule 'bool_or: always true' was applied 8 times.
  - rule 'bool_or: implications' was applied 48 times.
  - rule 'bool_or: removed enforcement literal' was applied 8 times.
  - rule 'deductions: 12 stored' was applied 1 time.
  - rule 'domination: in exactly one' was applied 1 time.
  - rule 'dual: add implication' was applied 11 times.
  - rule 'dual: enforced equivalence' was applied 31 times.
  - rule 'dual: fix variable' was applied 183 times.
  - rule 'duplicate: removed constraint' was applied 118 times.
  - rule 'exactly_one: removed literals' was applied 2 times.
  - rule 'exactly_one: size two' was applied 1 time.
  - rule 'linear + amo: trivial linear constraint' was applied 2 times.
  - rule 'linear matrix: common amo rectangle' was applied 2 times.
  - rule 'linear matrix: common horizontal rectangle' was applied 3 times.
  - rule 'linear2: contains a boolean' was applied 1 time.
  - rule 'linear2: convert ax + by != cte to clauses' was applied 16 times.
  - rule 'linear2: implied ax + by = cte has only one solution' was applied 1 time.
  - rule 'linear: always true' was applied 20 times.
  - rule 'linear: empty' was applied 77 times.
  - rule 'linear: fixed or dup variables' was applied 93 times.
  - rule 'linear: positive at most one' was applied 1'253 times.
  - rule 'linear: positive clause' was applied 4 times.
  - rule 'linear: reduced variable domains' was applied 2 times.
  - rule 'linear: reduced variable domains in derived constraint' was applied 2 times.
  - rule 'linear: remapped using affine relations' was applied 18 times.
  - rule 'linear: singleton column' was applied 2 times.
  - rule 'linear: small Boolean expression' was applied 1 time.
  - rule 'new_bool: var with 2 values' was applied 1 time.
  - rule 'new_bool: with clause' was applied 2 times.
  - rule 'presolve: 229 unused variables removed.' was applied 1 time.
  - rule 'presolve: iteration' was applied 3 times.
  - rule 'probing: bool_or reduced to implication' was applied 20 times.
  - rule 'setppc: removed dominated constraints' was applied 80 times.
  - rule 'symmetry: fixed to false in general orbit' was applied 44 times.
  - rule 'variables with 2 values: create encoding literal' was applied 1 time.
  - rule 'variables with 2 values: new affine relation' was applied 1 time.

Presolved satisfaction model '': (model_fingerprint: 0xf583a9c1684be02c)
#Variables: 1'798 (1'793 primary variables)
  - 1'794 Booleans in [0,1]
  - 1 in [-86,-46]
  - 1 in [-65,-25]
  - 1 in [-61,-21]
  - 1 in [0,4]
#kAtMostOne: 1'151 (#literals: 18'795)
#kBoolAnd: 89 (#enforced: 89) (#literals: 178)
#kBoolAndClauses: 437 (#enforced: 437 #multi: 437) (#literals: 2'894)
#kBoolOr: 168 (#literals: 989)
#kExactlyOne: 2 (#literals: 86)
#kLinear1: 2 (#enforced: 2)
#kLinearN: 19 (#enforced: 10) (#terms: 1'445)
[Symmetry] Graph for symmetry has 6'112 nodes and 26'932 arcs.
[Symmetry] Symmetry computation done. time: 0.00100003 dtime: 0.00311197
[Symmetry] #generators: 43, average support size: 2
[Symmetry] 43 orbits on 86 variables with sizes: 2,2,2,2,2,2,2,2,2,2,...
[Symmetry] Found orbitope of size 1 x 2

Preloading model.
#Model   0.23s var:1798/1798 constraints:1868/1868

Starting search at 0.23s with 2 workers.
1 full problem subsolver: [default_lp]
1 first solution subsolver: [fj]
2 interleaved subsolvers: [feasibility_pump, rins/rens]
2 helper subsolvers: [neighborhood_helper, synchronization_agent]

#Model   0.36s var:1797/1798 constraints:1868/1868
#Model   0.55s var:1795/1798 constraints:1867/1868

Task timing                   n [     min,      max]      avg      dev     time         n [     min,      max]      avg      dev    dtime
        'default_lp':         1 [  29.85s,   29.85s]   29.85s   0.00ns   29.85s         2 [ 17.41ms,   26.74s]   13.38s   13.36s   26.76s
  'feasibility_pump':       619 [ 17.13us,   9.15ms] 954.62us 536.68us 590.91ms       617 [213.07us,   3.68ms] 246.78us 140.73us 152.26ms
                'fj':       619 [ 23.98ms, 120.19ms]  46.89ms  14.87ms   29.03s       619 [ 39.89ms, 100.18ms]  99.95ms   2.42ms    1.03m
         'rins/rens':         0 [  0.00ns,   0.00ns]   0.00ns   0.00ns   0.00ns         0 [  0.00ns,   0.00ns]   0.00ns   0.00ns   0.00ns

Search stats     Bools  Conflicts  Branches  Restarts  BacktrackToRoot  Backtrack  BoolPropag  IntegerPropag
  'default_lp':  1'807     24'866   387'705       106           93'555    163'555   7'225'576      5'347'560

SAT formula      Fixed  Equiv  Total  VarLeft  BinaryClauses  PermanentClauses  TemporaryClauses
  'default_lp':      5      3  1'807    1'799         17'696             1'069             8'887

SAT stats        ClassicMinim  LitRemoved  LitRemovedBinary  LitLearned  LitForgotten  Subsumed
  'default_lp':        14'971     120'128           786'667   4'007'559     1'118'042     6'580

Vivification     Clauses  Decisions  LitTrue  Subsumed  LitRemoved  DecisionReused  Conflicts
  'default_lp':   49'081    219'341        0       356       8'531          22'011          0

Clause deletion    at_true  l_and_not(l)  to_binary  sub_conflict  sub_extra  sub_decisions  sub_eager  sub_vivify  sub_probing  sub_inpro  blocked  eliminated  forgotten  promoted  conflicts
    'default_lp':       22             1          0         6'184        195              1        396         356            1          3        0           0      8'796    50'770     24'866

Lp stats         Component  Iterations  AddedCuts  OPTIMAL  DUAL_F.  DUAL_U.
  'default_lp':          1     207'283      2'885   19'646        0   21'694

Lp dimension       Final dimension of first component
  'default_lp':  320 rows, 779 columns, 17990 entries

Lp debug         CutPropag  CutEqPropag  Adjust  Overflow     Bad  BadScaling
  'default_lp':         10          287  21'665         0  10'211           0

Lp pool          Constraints  Updates  Simplif  Merged  Shortened  Split  Strengthened    Cuts/Call
  'default_lp':        3'647    1'281      221       0        113     73            73  2'885/4'139

Lp Cut            default_lp
          CG_FF:         270
           CG_K:         245
          CG_KL:         103
           CG_R:         524
          CG_RB:         320
         CG_RBP:         194
             IB:          27
       MIR_1_FF:          59
        MIR_1_K:          30
       MIR_1_KL:          41
        MIR_1_R:          57
       MIR_1_RB:          48
      MIR_1_RBP:           4
       MIR_2_FF:          88
        MIR_2_K:          39
       MIR_2_KL:          41
        MIR_2_R:          80
       MIR_2_RB:          58
      MIR_2_RBP:          28
       MIR_3_FF:          41
        MIR_3_K:          27
       MIR_3_KL:          37
        MIR_3_R:          81
       MIR_3_RB:          40
      MIR_3_RBP:          27
       MIR_4_FF:          30
        MIR_4_K:          15
       MIR_4_KL:          24
        MIR_4_R:          54
       MIR_4_RB:          14
      MIR_4_RBP:          14
       MIR_5_FF:          16
        MIR_5_K:           5
       MIR_5_KL:           1
        MIR_5_R:          28
       MIR_5_RB:          10
      MIR_5_RBP:           9
       MIR_6_FF:           4
        MIR_6_K:           2
       MIR_6_KL:           1
        MIR_6_R:          15
       MIR_6_RB:           3
      MIR_6_RBP:           3
   ZERO_HALF_FF:          45
    ZERO_HALF_K:          12
   ZERO_HALF_KL:           1
    ZERO_HALF_R:          58
   ZERO_HALF_RB:           6
  ZERO_HALF_RBP:           6

LNS stats       Improv/Calls  Closed  Difficulty  TimeLimit
  'rins/rens':           0/0      0%    5.00e-01       0.10

LS stats                                    Batches  Restarts/Perturbs   LinMoves  GenMoves  CompoundMoves  Bactracks  WeightUpdates  ScoreComputed
                             'fj_restart':       43                 16  1'538'089         0              0          0        151'766        831'866
                    'fj_restart_compound':       27                 14          0   186'622         22'406     82'052            332      4'357'569
                'fj_restart_compound_obj':       32                 13          0   219'925         26'947     96'422            421      5'232'494
            'fj_restart_compound_perturb':       19                 11          0   127'168         16'706     55'174            230      3'117'845
        'fj_restart_compound_perturb_obj':       36                 14          0   271'587         31'313    120'105            659      5'918'322
                       'fj_restart_decay':       67                 15  1'764'234         0              0          0         54'472        981'383
              'fj_restart_decay_compound':       32                 14          0   223'510         33'708     94'859            237      5'009'823
          'fj_restart_decay_compound_obj':       39                 11          0   278'110         46'418    115'817            313      6'029'209
      'fj_restart_decay_compound_perturb':       42                  9          0   318'252         50'842    133'672            342      6'195'212
  'fj_restart_decay_compound_perturb_obj':       32                 11          0   227'334         36'398     95'418            234      4'854'665
                   'fj_restart_decay_obj':       55                 16  1'414'298         0              0          0         39'209        652'404
               'fj_restart_decay_perturb':       25                 14    630'778         0              0          0         17'535        282'950
           'fj_restart_decay_perturb_obj':       81                 19  2'094'339         0              0          0         61'028      1'078'329
                         'fj_restart_obj':       52                 10  1'774'957         0              0          0        179'725      1'203'456
                     'fj_restart_perturb':       13                 11    486'171         0              0          0         41'659        233'692
                 'fj_restart_perturb_obj':       24                 13    993'160         0              0          0         84'065        329'522

Solution repositories    Added  Queried  Synchro
    'alternative_path':      0        0        0
      'best_solutions':      0        0        0
   'fj solution hints':    203        0      203
        'lp solutions':      0        0        0
                'pump':      0        0

Improving bounds shared    Num  Sym
            'default_lp':   13    0

Clauses shared    #Exported  #Imported  #BinaryRead  #BinaryTotal
   'default_lp':      6'800          0        6'731         6'731

LRAT_status: NA
CpSolverResponse summary:
status: UNKNOWN
objective: NA
best_bound: NA
integers: 828
booleans: 1807
conflicts: 24866
branches: 387705
propagations: 7225576
integer_propagations: 5347560
restarts: 106
lp_iterations: 207283
walltime: 30.0886
usertime: 30.0886
deterministic_time: 88.9487
gap_integral: 0

