
Starting CP-SAT solver v9.15.6755
Parameters: random_seed: 20260922 max_time_in_seconds: 30 log_search_progress: true num_search_workers: 8 cp_model_probing_level: 0 log_to_stdout: false

Initial satisfaction model '': (model_fingerprint: 0xaa7917f07bda7e7a)
#Variables: 38'104 (30'572 primary variables)
  - 33'341 Booleans in [0,1]
  - 1 in [0,6]
  - 4'761 in [0,12]
  - 1 in [10,11]
#kBoolAnd: 28'070 (#enforced: 28'070) (#literals: 56'140)
#kBoolOr: 35'855 (#enforced: 35'855) (#literals: 165'189)
#kExactlyOne: 1 (#literals: 47)
#kLinear1: 141
#kLinear2: 3'791
#kLinearN: 30'691 (#enforced: 4'365) (#terms: 1'094'157)

Starting presolve at 0.30s
  5.56e-02s  0.00e+00d  [DetectDominanceRelations] 
  6.71e-01s  0.00e+00d  [PresolveToFixPoint] #num_loops=3 #num_dual_strengthening=2 
  8.86e-03s  0.00e+00d  [ExtractEncodingFromLinear] #potential_supersets=3'783 #potential_subsets=3 #exo_encodings=2 #literals=4 
  4.70e-02s  0.00e+00d  [DetectDuplicateColumns] 
  6.70e-03s  0.00e+00d  [DetectDuplicateConstraints] 
[Symmetry] Graph for symmetry has 146'328 nodes and 1'387'633 arcs.
[Symmetry] Symmetry computation done. time: 0.120312 dtime: 0.15487
[Symmetry] #generators: 91, average support size: 2
[Symmetry] 1 orbits on 92 variables with sizes: 92
[Symmetry] Found orbitope of size 1 x 92
[SAT presolve] num removable Booleans: 0 / 29'551
[SAT presolve] num trivial clauses: 0
[SAT presolve] [0s] clauses:63'925 literals:257'184 vars:25'925 one_side_vars:25890 simple_definition:4 singleton_clauses:0
[SAT presolve] [0.00992013s] clauses:63'925 literals:257'184 vars:25'925 one_side_vars:25890 simple_definition:4 singleton_clauses:0
[SAT presolve] [0.0117583s] clauses:63'925 literals:257'184 vars:25'925 one_side_vars:25890 simple_definition:4 singleton_clauses:0
[MaxClique] Merged 28223 with 62795 literals) into 26152(60724 literals) at_most_ones.
  1.49e-01s  0.00e+00d  [ProcessAtMostOneAndLinear] #num_changes=299 
  8.42e-03s  0.00e+00d  [DetectDuplicateConstraints] 
  7.75e-03s  0.00e+00d  [DetectDuplicateConstraintsWithDifferentEnforcements] #without_enforcements=184 
  8.65e-01s  1.00e-01d  [DetectDominatedLinearConstraints] #relevant_constraints=26'654 #num_inclusions=26'434 
  4.38e-03s  0.00e+00d  [DetectDifferentVariables] 
  5.56e-02s  9.08e-03d  [ProcessSetPPC] #relevant_constraints=70'015 #num_inclusions=3 
  1.34e-02s  1.30e-03d  [TransformClausesToExactlyOne] #num_amos=26'149 #num_clauses=35'843 #num_checked=35'843 
  1.01e-02s  0.00e+00d  [DetectEncodedComplexDomains] 
  3.77e-03s  8.53e-05d  [FindAlmostIdenticalLinearConstraints] #num_tested_pairs=3'624 
  1.58e-01s  1.00e+00d *[FindBigAtMostOneAndLinearOverlap] 
  1.79e-01s  7.50e-01d  [FindBigVerticalLinearOverlap] #blocks=39 #saved_nz=175'474 
  2.75e-01s  1.00e+00d *[FindBigHorizontalLinearOverlap] #blocks=2 #saved_nz=380 #linears=21'012 
  2.52e-02s  1.01e-03d  [MergeClauses] #num_collisions=15'918 #num_merges=15'918 #num_saved_literals=73'121 
  4.99e-02s  0.00e+00d  [DetectDominanceRelations] 
  1.81e-01s  0.00e+00d  [PresolveToFixPoint] #num_loops=5 #num_dual_strengthening=1 
  4.52e-02s  0.00e+00d  [DetectDominanceRelations] 
  2.14e-01s  0.00e+00d  [PresolveToFixPoint] #num_loops=1 #num_dual_strengthening=1 
  2.74e-02s  0.00e+00d  [DetectDuplicateColumns] 
  5.63e-03s  0.00e+00d  [DetectDuplicateConstraints] 
[Symmetry] Graph for symmetry has 127'591 nodes and 1'131'259 arcs.
[Symmetry] Symmetry computation done. time: 0.087595 dtime: 0.117157
[Symmetry] #generators: 88, average support size: 2
[Symmetry] 2 orbits on 90 variables with sizes: 59,31
[Symmetry] Found orbitope of size 1 x 59
[SAT presolve] num removable Booleans: 0 / 29'550
[SAT presolve] num trivial clauses: 0
[SAT presolve] [0s] clauses:61'765 literals:252'864 vars:25'915 one_side_vars:25915 simple_definition:0 singleton_clauses:0
[SAT presolve] [0.00896345s] clauses:61'765 literals:252'864 vars:25'915 one_side_vars:25915 simple_definition:0 singleton_clauses:0
[SAT presolve] [0.0106607s] clauses:61'765 literals:252'864 vars:25'915 one_side_vars:25915 simple_definition:0 singleton_clauses:0
  7.50e-02s  0.00e+00d  [ProcessAtMostOneAndLinear] #num_changes=30 
  7.87e-03s  0.00e+00d  [DetectDuplicateConstraints] 
  7.04e-03s  0.00e+00d  [DetectDuplicateConstraintsWithDifferentEnforcements] #without_enforcements=184 
  1.53e-01s  1.47e-02d  [DetectDominatedLinearConstraints] #relevant_constraints=26'680 #num_inclusions=4'166 
  6.79e-03s  0.00e+00d  [DetectDifferentVariables] 
  8.40e-02s  8.17e-03d  [ProcessSetPPC] #relevant_constraints=70'000 #num_inclusions=1 
  2.25e-02s  1.30e-03d  [TransformClausesToExactlyOne] #num_amos=26'148 #num_clauses=35'843 #num_checked=35'843 
  2.36e-02s  0.00e+00d  [DetectEncodedComplexDomains] 
  5.62e-03s  8.58e-05d  [FindAlmostIdenticalLinearConstraints] #num_tested_pairs=3'644 
  4.62e-01s  1.00e+00d *[FindBigAtMostOneAndLinearOverlap] 
  1.46e-01s  7.17e-01d  [FindBigVerticalLinearOverlap] 
  2.84e-01s  1.00e+00d *[FindBigHorizontalLinearOverlap] #linears=21'019 
  2.56e-02s  1.01e-03d  [MergeClauses] #num_collisions=15'918 #num_merges=15'918 #num_saved_literals=73'121 
  4.88e-02s  0.00e+00d  [DetectDominanceRelations] 
  1.82e-01s  0.00e+00d  [PresolveToFixPoint] #num_loops=5 #num_dual_strengthening=1 
  4.91e-02s  0.00e+00d  [DetectDominanceRelations] 
  1.75e-01s  0.00e+00d  [PresolveToFixPoint] #num_loops=1 #num_dual_strengthening=1 
  3.00e-02s  0.00e+00d  [DetectDuplicateColumns] 
  7.32e-03s  0.00e+00d  [DetectDuplicateConstraints] 
[Symmetry] Graph for symmetry has 127'590 nodes and 1'131'180 arcs.
[Symmetry] Symmetry computation done. time: 0.0893571 dtime: 0.117139
[Symmetry] #generators: 88, average support size: 2
[Symmetry] 2 orbits on 90 variables with sizes: 59,31
[Symmetry] Found orbitope of size 1 x 59
[SAT presolve] num removable Booleans: 0 / 29'549
[SAT presolve] num trivial clauses: 0
[SAT presolve] [0s] clauses:61'765 literals:252'864 vars:25'915 one_side_vars:25915 simple_definition:0 singleton_clauses:0
[SAT presolve] [0.0089001s] clauses:61'765 literals:252'864 vars:25'915 one_side_vars:25915 simple_definition:0 singleton_clauses:0
[SAT presolve] [0.0107268s] clauses:61'765 literals:252'864 vars:25'915 one_side_vars:25915 simple_definition:0 singleton_clauses:0
  7.83e-02s  0.00e+00d  [ProcessAtMostOneAndLinear] 
  8.97e-03s  0.00e+00d  [DetectDuplicateConstraints] 
  1.06e-02s  0.00e+00d  [DetectDuplicateConstraintsWithDifferentEnforcements] #without_enforcements=184 
  1.54e-01s  1.47e-02d  [DetectDominatedLinearConstraints] #relevant_constraints=26'680 #num_inclusions=4'166 
  6.72e-03s  0.00e+00d  [DetectDifferentVariables] 
  8.02e-02s  8.17e-03d  [ProcessSetPPC] #relevant_constraints=69'999 #num_inclusions=1 
  2.13e-02s  1.30e-03d  [TransformClausesToExactlyOne] #num_amos=26'147 #num_clauses=35'843 #num_checked=35'843 
  2.24e-02s  0.00e+00d  [DetectEncodedComplexDomains] 
  5.25e-03s  8.51e-05d  [FindAlmostIdenticalLinearConstraints] #num_tested_pairs=3'618 
  4.58e-01s  1.00e+00d *[FindBigAtMostOneAndLinearOverlap] 
  1.43e-01s  7.16e-01d  [FindBigVerticalLinearOverlap] 
  2.85e-01s  1.00e+00d *[FindBigHorizontalLinearOverlap] #linears=21'019 
  2.80e-02s  1.01e-03d  [MergeClauses] #num_collisions=15'918 #num_merges=15'918 #num_saved_literals=73'121 
  4.70e-02s  0.00e+00d  [DetectDominanceRelations] 
  1.78e-01s  0.00e+00d  [PresolveToFixPoint] #num_loops=5 #num_dual_strengthening=1 
  3.31e-03s  0.00e+00d  [MergeNoOverlap] 
  3.22e-03s  0.00e+00d  [MergeNoOverlap2D] 

Presolve summary:
  - 3656 affine relations were detected.
  - rule 'TODO dual: only one blocking constraint?' was applied 4'110 times.
  - rule 'TODO dual: tighten at most one' was applied 519 times.
  - rule 'TODO linear2: convert ax + by != cte to clauses for large domains' was applied 1'008 times.
  - rule 'affine: new relation' was applied 3'656 times.
  - rule 'at_most_one: transformed into max clique' was applied 1 time.
  - rule 'bool_and: x => x' was applied 3'648 times.
  - rule 'bool_or: implications' was applied 3'660 times.
  - rule 'deductions: 300 stored' was applied 1 time.
  - rule 'dual: enforced equivalence' was applied 3'648 times.
  - rule 'encoding: candidate linear is all boolean now' was applied 2 times.
  - rule 'encoding: extracted from linear' was applied 2 times.
  - rule 'encoding: reduced target domain' was applied 2 times.
  - rule 'exactly_one: removed literals' was applied 3 times.
  - rule 'linear + amo: empty after processing' was applied 2 times.
  - rule 'linear + amo: extracted enforcement literal' was applied 258 times.
  - rule 'linear + amo: fixed literal implied by enforcement' was applied 77 times.
  - rule 'linear matrix: common horizontal rectangle' was applied 2 times.
  - rule 'linear matrix: common vertical rectangle' was applied 39 times.
  - rule 'linear matrix: defining equation for common rectangle' was applied 1 time.
  - rule 'linear1: x in domain' was applied 276 times.
  - rule 'linear2: contains a boolean' was applied 1 time.
  - rule 'linear2: convert ax + by != cte to clauses' was applied 3'648 times.
  - rule 'linear: always true' was applied 1 time.
  - rule 'linear: extracted at most one (min)' was applied 2 times.
  - rule 'linear: fixed or dup variables' was applied 3 times.
  - rule 'linear: never in domain' was applied 2 times.
  - rule 'linear: positive at most one' was applied 139 times.
  - rule 'linear: positive equal one' was applied 3'643 times.
  - rule 'linear: reduced variable domains' was applied 41 times.
  - rule 'linear: reduced variable domains in derived constraint' was applied 25 times.
  - rule 'linear: remapped using affine relations' was applied 37 times.
  - rule 'linear: variable substitution 2' was applied 1 time.
  - rule 'linear: variable substitution 3' was applied 13 times.
  - rule 'new_bool: var with 2 values' was applied 1 time.
  - rule 'presolve: 279 unused variables removed.' was applied 1 time.
  - rule 'presolve: iteration' was applied 3 times.
  - rule 'setppc: bool_or in at_most_one' was applied 5 times.
  - rule 'setppc: fixed variables' was applied 3 times.
  - rule 'variables with 2 values: create encoding literal' was applied 1 time.
  - rule 'variables with 2 values: new affine relation' was applied 1 time.
  - rule 'variables: detect half reified value encoding' was applied 252 times.

Presolved satisfaction model '': (model_fingerprint: 0x640955337bacd307)
#Variables: 34'196 (26'921 primary variables)
  - 29'548 Booleans in [0,1]
  - 1 in [-12,12]
  - 9 in [0,2]
  - 4 in [0,3]
  - 9 in [0,4]
  - 2 in [0,5]
  - 6 in [0,6]
  - 2 in [0,7]
  - 4 in [0,8]
  - 2 in [0,9]
  - 4 in [0,10]
  - 2 in [0,11]
  - 4'597 in [0,12]
  - 1 in [0,14]
  - 1 in [0,35]
  - 1 in [131,3570]
  - 1 in [133,3572]
  - 1 in [135,3574]
  - 1 in [139,3578]
#kAtMostOne: 225 (#literals: 8'730)
#kBoolAnd: 3'082 (#enforced: 3'082) (#literals: 29'004)
#kBoolAndClauses: 15'902 (#enforced: 15'902 #multi: 15'902) (#literals: 104'889)
#kBoolOr: 4'023 (#literals: 23'010)
#kExactlyOne: 3'646 (#literals: 711'893)
#kLinear1: 253 (#enforced: 253)
#kLinear3: 4'485 (#enforced: 19)
#kLinearN: 22'195 (#enforced: 4'346) (#terms: 173'724)
[Symmetry] Graph for symmetry has 123'640 nodes and 1'131'131 arcs.
[Symmetry] Symmetry computation done. time: 0.0847851 dtime: 0.116895
[Symmetry] #generators: 87, average support size: 2
[Symmetry] 2 orbits on 89 variables with sizes: 59,30
[Symmetry] Found orbitope of size 1 x 59

Preloading model.
#Model   8.57s var:34196/34196 constraints:53811/53811

Starting search at 8.58s with 8 workers.
6 full problem subsolvers: [default_lp, max_lp_sym, no_lp, probing, quick_restart, quick_restart_no_lp]
2 first solution subsolvers: [fj, fs_random_no_lp]
2 interleaved subsolvers: [feasibility_pump, rins/rens]
2 helper subsolvers: [neighborhood_helper, synchronization_agent]

#Model  10.66s var:34088/34196 constraints:53754/53811
#Model  10.90s var:34077/34196 constraints:53742/53811
#Model  11.14s var:34041/34196 constraints:53720/53811
#Model  11.39s var:34023/34196 constraints:53703/53811
#Model  11.56s var:34021/34196 constraints:53700/53811
#Model  11.80s var:33985/34196 constraints:53661/53811
#Model  11.93s var:33972/34196 constraints:53653/53811
#Model  12.17s var:33971/34196 constraints:53652/53811
#Model  12.27s var:33969/34196 constraints:53650/53811
#Model  12.51s var:33939/34196 constraints:53650/53811
#Model  12.83s var:33880/34196 constraints:53650/53811
#Model  13.07s var:33879/34196 constraints:53649/53811
#Model  13.16s var:33878/34196 constraints:53649/53811
#Model  13.51s var:33875/34196 constraints:53649/53811
#Model  13.75s var:33830/34196 constraints:53588/53811
#Model  13.83s var:33825/34196 constraints:53581/53811
#Model  14.08s var:33824/34196 constraints:53580/53811
#Model  14.66s var:33823/34196 constraints:53580/53811
#Model  15.84s var:33821/34196 constraints:53576/53811
#Model  16.17s var:33819/34196 constraints:53574/53811
#Model  16.72s var:33818/34196 constraints:53574/53811
#Model  16.89s var:33817/34196 constraints:53574/53811
#Model  17.83s var:33816/34196 constraints:53574/53811
#Model  18.05s var:33815/34196 constraints:53573/53811
#Model  18.25s var:33814/34196 constraints:53573/53811
#Model  18.32s var:33813/34196 constraints:53573/53811
#Model  18.50s var:33812/34196 constraints:53572/53811
#Model  18.75s var:33811/34196 constraints:53571/53811
#Model  19.26s var:33810/34196 constraints:53569/53811
#Model  19.37s var:33809/34196 constraints:53567/53811
#Model  19.50s var:33808/34196 constraints:53567/53811
#Model  20.81s var:33807/34196 constraints:53564/53811
#Model  21.55s var:33806/34196 constraints:53564/53811
#Model  21.93s var:33805/34196 constraints:53562/53811
#Model  22.11s var:33804/34196 constraints:53562/53811
#Model  22.39s var:33803/34196 constraints:53560/53811
#Model  23.07s var:33801/34196 constraints:53559/53811
#Model  23.24s var:33799/34196 constraints:53557/53811
#Model  23.41s var:33798/34196 constraints:53557/53811
#Model  24.69s var:33797/34196 constraints:53555/53811
#Model  26.53s var:33796/34196 constraints:53553/53811
#Model  26.70s var:33795/34196 constraints:53551/53811
#Model  27.42s var:33794/34196 constraints:53550/53811
#Model  28.10s var:33793/34196 constraints:53550/53811
#Model  28.20s var:33792/34196 constraints:53550/53811
#Model  28.35s var:33791/34196 constraints:53548/53811
#Model  28.56s var:33790/34196 constraints:53548/53811
#Model  29.34s var:33789/34196 constraints:53547/53811
#Model  29.46s var:33787/34196 constraints:53546/53811
#Model  29.74s var:33786/34196 constraints:53545/53811 [skipped_logs=0]

Task timing                      n [     min,      max]      avg      dev     time         n [     min,      max]      avg      dev    dtime
           'default_lp':         1 [  21.42s,   21.42s]   21.42s   0.00ns   21.42s         2 [348.26ms,   13.73s]    7.04s    6.69s   14.08s
     'feasibility_pump':       121 [251.64us,    4.11s]  80.05ms 492.77ms    9.69s         3 [   1.61s,    4.19s]    3.12s    1.10s    9.36s
                   'fj':        97 [ 52.64ms, 192.99ms]  97.36ms  32.34ms    9.44s        97 [ 10.65ms, 123.06ms] 111.30ms  13.29ms   10.80s
      'fs_random_no_lp':         1 [  21.42s,   21.42s]   21.42s   0.00ns   21.42s         2 [143.36us,   16.21s]    8.11s    8.11s   16.21s
           'max_lp_sym':         1 [  21.55s,   21.55s]   21.55s   0.00ns   21.55s         2 [   2.62s,   12.90s]    7.76s    5.14s   15.52s
                'no_lp':         1 [  21.40s,   21.40s]   21.40s   0.00ns   21.40s         2 [143.36us,    5.85s]    2.93s    2.93s    5.85s
              'probing':         1 [  21.41s,   21.41s]   21.41s   0.00ns   21.41s         2 [329.32ms,    7.58s]    3.95s    3.63s    7.91s
        'quick_restart':         1 [  21.55s,   21.55s]   21.55s   0.00ns   21.55s         2 [300.68ms,   13.45s]    6.88s    6.57s   13.75s
  'quick_restart_no_lp':         1 [  21.42s,   21.42s]   21.42s   0.00ns   21.42s         2 [143.36us,    8.12s]    4.06s    4.06s    8.12s
            'rins/rens':         0 [  0.00ns,   0.00ns]   0.00ns   0.00ns   0.00ns         0 [  0.00ns,   0.00ns]   0.00ns   0.00ns   0.00ns

Search stats               Bools  Conflicts   Branches  Restarts  BacktrackToRoot  Backtrack  BoolPropag  IntegerPropag
           'default_lp':  29'633        253    347'616         1            8'230     17'016  10'139'170      4'143'858
      'fs_random_no_lp':  29'636     77'453    559'293        50            8'872     94'669  47'956'426     40'520'137
           'max_lp_sym':  29'633        104    319'472         1            5'390     12'905   9'216'513      9'800'459
                'no_lp':  29'633      2'620    353'597         2            8'674     19'962  11'374'208     18'496'625
              'probing':  29'674          3         79         0               79         79       2'692         19'957
        'quick_restart':  29'633        229    341'823         1            6'808     15'317  10'004'027      4'088'045
  'quick_restart_no_lp':  29'681      5'908  1'044'556       531            9'415     23'956  21'427'772     19'232'396

SAT formula               Fixed  Equiv   Total  VarLeft  BinaryClauses  PermanentClauses  TemporaryClauses
           'default_lp':    371      0  29'633   29'262        324'704            39'186                38
      'fs_random_no_lp':    406      0  29'636   29'230        353'390            40'687            12'802
           'max_lp_sym':    399      4  29'633   29'230        232'454            39'352                 0
                'no_lp':    227      0  29'633   29'406        346'482            39'181             1'165
              'probing':    377      0  29'674   29'297        226'914            39'489                 0
        'quick_restart':    375      0  29'633   29'258        278'088            39'169                 7
  'quick_restart_no_lp':    410      0  29'681   29'271        270'930            40'097             4'099

SAT stats                 ClassicMinim  LitRemoved  LitRemovedBinary  LitLearned  LitForgotten  Subsumed
           'default_lp':            23         256             1'100      15'837             0        19
      'fs_random_no_lp':        68'261     607'404         1'380'674   4'534'551     3'357'817     6'190
           'max_lp_sym':             3          12               293       1'035             0        14
                'no_lp':         2'411      32'376           154'544     665'450             0     1'258
              'probing':             0           0                 0           3             0         0
        'quick_restart':            10          53               688       1'990             0        20
  'quick_restart_no_lp':         3'637      19'360            69'635     940'287             0       623

Vivification              Clauses  Decisions  LitTrue  Subsumed  LitRemoved  DecisionReused  Conflicts
           'default_lp':    2'388    328'870        0        39       1'428             179        148
      'fs_random_no_lp':    2'547    333'630        0        97       2'102             284        163
           'max_lp_sym':    2'307    308'961        0        16         890             240         83
                'no_lp':    2'405    332'444        0        53       1'721             267        152
              'probing':        0          0        0         0           0               0          0
        'quick_restart':    2'398    329'035        0        49       1'620             400        156
  'quick_restart_no_lp':    2'599    333'635        0        88       2'183             297        161

Clause deletion           at_true  l_and_not(l)  to_binary  sub_conflict  sub_extra  sub_decisions  sub_eager  sub_vivify  sub_probing  sub_inpro  blocked  eliminated  forgotten  promoted  conflicts
           'default_lp':      221             0          2            18          0             10          1          39           19         88        0           0          0        83        253
      'fs_random_no_lp':      545             0          4         5'696        320              6        494          97            4         91        0           0     55'980   173'939     77'453
           'max_lp_sym':      498             9          0            14          0              1          0          16           81         65        0           0          0         0        104
                'no_lp':      217             0          2         1'253          0              6          5          53            4        102        0           0          0     4'965      2'620
              'probing':        0             0          0             0          0              0          0           0            0          0        0           0          0         0          3
        'quick_restart':      219             0          4            20          0              8          0          49           62         56        0           0          0        25        229
  'quick_restart_no_lp':      553             0          4           546         15              6         77          88            4        101        0           0          0     8'545      5'908

Lp stats            Component  Iterations  AddedCuts  OPTIMAL  DUAL_F.  DUAL_U.
     'default_lp':          1      21'299         80       84       11        2
     'max_lp_sym':          1       5'990          0        0        4        0
        'probing':          1      15'609        204       31       12        0
  'quick_restart':          1      21'130         57       67        8        2

Lp dimension                Final dimension of first component
     'default_lp':     2614 rows, 29831 columns, 54923 entries
     'max_lp_sym':  89863 rows, 34109 columns, 1158608 entries
        'probing':     1215 rows, 29831 columns, 45925 entries
  'quick_restart':     2262 rows, 29831 columns, 50497 entries

Lp debug            CutPropag  CutEqPropag  Adjust  Overflow     Bad  BadScaling
     'default_lp':          0            0       2         0   1'974           0
     'max_lp_sym':          0            0       0         0       0           0
        'probing':          0            0       0         0  15'982           0
  'quick_restart':          0            0       2         0     504           0

Lp pool             Constraints  Updates  Simplif  Merged  Shortened  Split  Strengthened  Cuts/Call
     'default_lp':       26'040        0    1'852       0      1'852      0             0     80/132
     'max_lp_sym':       89'863        0        0       0          0      0             0        0/0
        'probing':       26'164       16    1'118       0      1'113      0             0    204/424
  'quick_restart':       26'017        0    1'833       0      1'833      0             0      57/95

Lp Cut          default_lp  probing  quick_restart
        CG_FF:          12       25              7
         CG_K:          12       18              7
         CG_R:          12       37             12
        CG_RB:           -        1              -
           IB:          19       29             17
     MIR_1_FF:           -        1              1
      MIR_1_K:           -        1              -
     MIR_1_KL:           -        1              1
      MIR_1_R:           1        1              -
     MIR_2_FF:           -        -              1
     MIR_2_KL:           -        -              1
      MIR_2_R:           2        -              -
     MIR_3_FF:           -        4              4
      MIR_3_K:           -        2              1
     MIR_3_KL:           -        2              2
      MIR_3_R:           1        3              -
     MIR_4_FF:           2       15              1
      MIR_4_K:           -        2              -
     MIR_4_KL:           -        9              1
      MIR_4_R:           6        2              -
     MIR_5_FF:           -        9              -
      MIR_5_K:           -        2              -
     MIR_5_KL:           -        7              -
      MIR_5_R:           3        4              1
     MIR_6_FF:           -        2              -
      MIR_6_R:           1        -              -
  ZERO_HALF_R:           9       27              -

LNS stats       Improv/Calls  Closed  Difficulty  TimeLimit
  'rins/rens':           0/0      0%    5.00e-01       0.10

LS stats                                    Batches  Restarts/Perturbs  LinMoves  GenMoves  CompoundMoves  Bactracks  WeightUpdates  ScoreComputed
                             'fj_restart':        2                  2     2'170         0              0          0              6         64'947
                    'fj_restart_compound':        9                  4         0     6'774          4'964        835              0        901'267
                'fj_restart_compound_obj':        3                  2         0     2'583          2'234        138              0        274'590
            'fj_restart_compound_perturb':        1                  1         0     1'799          1'649         71              0         96'117
        'fj_restart_compound_perturb_obj':        8                  1         0     5'623          3'173      1'191              0        849'866
                       'fj_restart_decay':        5                  4     6'089         0              0          0             12        161'466
              'fj_restart_decay_compound':        5                  4         0     4'351          3'722        219              0        451'415
          'fj_restart_decay_compound_obj':       12                  3         0     7'510          4'851      1'259              0      1'146'189
      'fj_restart_decay_compound_perturb':       14                  5         0    14'002         10'651      1'631              0      1'504'137
  'fj_restart_decay_compound_perturb_obj':        7                  4         0     8'543          7'550        479              0        748'417
                   'fj_restart_decay_obj':        8                  4     8'586         0              0          0             19        260'449
           'fj_restart_decay_perturb_obj':        7                  5     8'535         0              0          0             14        235'181
                         'fj_restart_obj':        5                  3     5'142         0              0          0             16        164'045
                     'fj_restart_perturb':        5                  3     5'669         0              0          0             14        171'291
                 'fj_restart_perturb_obj':        6                  4     6'973         0              0          0             15        206'496

Solution repositories    Added  Queried  Synchro
    'alternative_path':      0        0        0
      'best_solutions':      0        0        0
   'fj solution hints':     41        0       41
        'lp solutions':      0        0        0
                'pump':      0        0

Improving bounds shared    Num  Sym
            'default_lp':   60    0
       'fs_random_no_lp':   22    0
            'max_lp_sym':   52    0
               'probing':   83    0
         'quick_restart':   63    0
   'quick_restart_no_lp':  213   87

Clauses shared            #Exported  #Imported  #BinaryRead  #BinaryTotal
           'default_lp':      3'627          0       86'720        87'053
      'fs_random_no_lp':      1'115        159       87'042        87'053
           'max_lp_sym':      3'042        494       87'023        87'053
                'no_lp':         23          0       83'628        87'053
              'probing':          0          0       86'729        87'053
        'quick_restart':     17'331          0       86'756        87'053
  'quick_restart_no_lp':     63'130        523       87'053        87'053

LRAT_status: NA
CpSolverResponse summary:
status: UNKNOWN
objective: NA
best_bound: NA
integers: 29979
booleans: 29633
conflicts: 253
branches: 347616
propagations: 10139170
integer_propagations: 4143858
restarts: 1
lp_iterations: 21299
walltime: 30.224
usertime: 30.224
deterministic_time: 109.956
gap_integral: 0

