
Starting CP-SAT solver v9.15.6755
Parameters: random_seed: 20260922 max_time_in_seconds: 5 log_search_progress: true num_search_workers: 8 log_to_stdout: false

Initial satisfaction model '': (model_fingerprint: 0xaa7917f07bda7e7a)
#Variables: 38'104 (30'572 primary variables)
  - 33'341 Booleans in [0,1]
  - 1 in [0,6]
  - 4'761 in [0,12]
  - 1 in [10,11]
#kBoolAnd: 28'070 (#enforced: 28'070) (#literals: 56'140)
#kBoolOr: 35'855 (#enforced: 35'855) (#literals: 165'189)
#kExactlyOne: 1 (#literals: 47)
#kLinear1: 141
#kLinear2: 3'791
#kLinearN: 30'691 (#enforced: 4'365) (#terms: 1'094'157)

Starting presolve at 0.09s
  2.74e-02s  0.00e+00d  [DetectDominanceRelations] 
  2.95e-01s  0.00e+00d  [PresolveToFixPoint] #num_loops=3 #num_dual_strengthening=2 
  3.11e-03s  0.00e+00d  [ExtractEncodingFromLinear] #potential_supersets=3'783 #potential_subsets=3 #exo_encodings=2 #literals=4 
  1.97e-02s  0.00e+00d  [DetectDuplicateColumns] 
  1.89e-03s  0.00e+00d  [DetectDuplicateConstraints] 
[Symmetry] Graph for symmetry has 146'328 nodes and 1'387'633 arcs.
[Symmetry] Symmetry computation done. time: 0.0359045 dtime: 0.15487
[Symmetry] #generators: 91, average support size: 2
[Symmetry] 1 orbits on 92 variables with sizes: 92
[Symmetry] Found orbitope of size 1 x 92
[SAT presolve] num removable Booleans: 0 / 29'551
[SAT presolve] num trivial clauses: 0
[SAT presolve] [0s] clauses:63'925 literals:257'184 vars:25'925 one_side_vars:25890 simple_definition:4 singleton_clauses:0
[SAT presolve] [0.00224782s] clauses:63'925 literals:257'184 vars:25'925 one_side_vars:25890 simple_definition:4 singleton_clauses:0
[SAT presolve] [0.00321747s] clauses:63'925 literals:257'184 vars:25'925 one_side_vars:25890 simple_definition:4 singleton_clauses:0
  1.79e-03s  0.00e+00d  [DetectDuplicateConstraintsWithDifferentEnforcements] #without_enforcements=2 
  4.00e-01s  1.02e+00d *[Probe] #probed=23'491 #fixed_bools=264 #new_bounds=25 #equiv=2 #new_binary_clauses=45'829 
  8.32e-02s  1.00e+00d *[MaxClique] Merged 28'223 constraints with 62'795 literals into 25'479 constraints with 59'977 literals
  2.72e-02s  0.00e+00d  [DetectDominanceRelations] 
  1.01e-01s  0.00e+00d  [PresolveToFixPoint] #num_loops=2 #num_dual_strengthening=1 
  6.29e-02s  0.00e+00d  [ProcessAtMostOneAndLinear] #num_changes=279 
  2.09e-03s  0.00e+00d  [DetectDuplicateConstraints] #duplicates=91 
  1.84e-03s  0.00e+00d  [DetectDuplicateConstraintsWithDifferentEnforcements] #without_enforcements=172 
  5.39e-01s  1.00e-01d  [DetectDominatedLinearConstraints] #relevant_constraints=26'652 #num_inclusions=27'128 #num_redundant=9 
  2.08e-03s  0.00e+00d  [DetectDifferentVariables] 
  3.68e-02s  8.84e-03d  [ProcessSetPPC] #relevant_constraints=68'323 #num_inclusions=2 
  5.84e-03s  1.10e-03d  [TransformClausesToExactlyOne] #num_amos=25'876 #num_clauses=34'963 #num_checked=34'963 
  5.44e-03s  0.00e+00d  [DetectEncodedComplexDomains] 
  1.53e-03s  8.51e-05d  [FindAlmostIdenticalLinearConstraints] #num_tested_pairs=3'619 
  1.51e-01s  1.00e+00d *[FindBigAtMostOneAndLinearOverlap] 
  9.19e-02s  7.37e-01d  [FindBigVerticalLinearOverlap] #blocks=39 #saved_nz=172'553 
  1.35e-01s  1.00e+00d *[FindBigHorizontalLinearOverlap] #blocks=2 #saved_nz=375 #linears=21'000 
  7.55e-03s  9.81e-04d  [MergeClauses] #num_collisions=15'713 #num_merges=15'713 #num_saved_literals=72'073 
  2.05e-02s  0.00e+00d  [DetectDominanceRelations] 
  7.84e-02s  0.00e+00d  [PresolveToFixPoint] #num_loops=6 #num_dual_strengthening=1 
  2.04e-02s  0.00e+00d  [DetectDominanceRelations] 
  7.53e-02s  0.00e+00d  [PresolveToFixPoint] #num_loops=1 #num_dual_strengthening=1 
  1.13e-02s  0.00e+00d  [DetectDuplicateColumns] 
  1.67e-03s  0.00e+00d  [DetectDuplicateConstraints] 
[Symmetry] Graph for symmetry has 127'283 nodes and 1'120'284 arcs.
[Symmetry] Symmetry computation done. time: 0.0240958 dtime: 0.101064
[SAT presolve] num removable Booleans: 0 / 29'286
[SAT presolve] num trivial clauses: 0
[SAT presolve] [0s] clauses:60'450 literals:247'254 vars:25'753 one_side_vars:25718 simple_definition:4 singleton_clauses:0
[SAT presolve] [0.00219244s] clauses:60'450 literals:247'254 vars:25'753 one_side_vars:25718 simple_definition:4 singleton_clauses:0
[SAT presolve] [0.00317972s] clauses:60'450 literals:247'254 vars:25'753 one_side_vars:25718 simple_definition:4 singleton_clauses:0
  3.91e-03s  0.00e+00d  [DetectDuplicateConstraintsWithDifferentEnforcements] #without_enforcements=172 
  4.76e-01s  1.01e+00d *[Probe] #probed=24'081 #fixed_bools=5 #new_bounds=20 #new_binary_clauses=51'559 
  8.48e-02s  1.00e+00d *[MaxClique] Merged 25'876 constraints with 56'537 literals into 23'211 constraints with 53'870 literals
  1.72e-02s  0.00e+00d  [DetectDominanceRelations] 
  7.59e-02s  0.00e+00d  [PresolveToFixPoint] #num_loops=2 #num_dual_strengthening=1 
  3.03e-02s  0.00e+00d  [ProcessAtMostOneAndLinear] #num_changes=30 
  2.10e-03s  0.00e+00d  [DetectDuplicateConstraints] 
  1.89e-03s  0.00e+00d  [DetectDuplicateConstraintsWithDifferentEnforcements] #without_enforcements=191 
  8.09e-02s  1.45e-02d  [DetectDominatedLinearConstraints] #relevant_constraints=26'667 #num_inclusions=4'460 
  2.20e-03s  0.00e+00d  [DetectDifferentVariables] 
  3.55e-02s  8.02e-03d  [ProcessSetPPC] #relevant_constraints=66'139 #num_inclusions=19 
  6.01e-03s  1.11e-03d  [TransformClausesToExactlyOne] #num_amos=23'202 #num_clauses=34'943 #num_checked=34'943 
  8.66e-03s  0.00e+00d  [DetectEncodedComplexDomains] 
  1.59e-03s  8.60e-05d  [FindAlmostIdenticalLinearConstraints] #num_tested_pairs=3'651 
  2.63e-01s  1.00e+00d *[FindBigAtMostOneAndLinearOverlap] 
  6.72e-02s  7.03e-01d  [FindBigVerticalLinearOverlap] 
  1.36e-01s  1.00e+00d *[FindBigHorizontalLinearOverlap] #linears=20'979 
  8.00e-03s  9.81e-04d  [MergeClauses] #num_collisions=15'708 #num_merges=15'708 #num_saved_literals=72'050 
  1.72e-02s  0.00e+00d  [DetectDominanceRelations] 
  7.49e-02s  0.00e+00d  [PresolveToFixPoint] #num_loops=1 #num_dual_strengthening=1 
  1.73e-02s  0.00e+00d  [DetectDominanceRelations] 
  7.35e-02s  0.00e+00d  [PresolveToFixPoint] #num_loops=1 #num_dual_strengthening=1 
  1.49e-02s  0.00e+00d  [DetectDuplicateColumns] 
  1.88e-03s  0.00e+00d  [DetectDuplicateConstraints] 
[Symmetry] Graph for symmetry has 127'238 nodes and 1'116'936 arcs.
[Symmetry] Symmetry computation done. time: 0.0248426 dtime: 0.0995659
[SAT presolve] num removable Booleans: 0 / 29'284
[SAT presolve] num trivial clauses: 0
[SAT presolve] [0s] clauses:57'413 literals:241'104 vars:25'738 one_side_vars:25703 simple_definition:4 singleton_clauses:0
[SAT presolve] [0.00203233s] clauses:57'413 literals:241'104 vars:25'738 one_side_vars:25703 simple_definition:4 singleton_clauses:0
[SAT presolve] [0.0030391s] clauses:57'413 literals:241'104 vars:25'738 one_side_vars:25703 simple_definition:4 singleton_clauses:0
  4.30e-03s  0.00e+00d  [DetectDuplicateConstraintsWithDifferentEnforcements] #without_enforcements=191 
  4.68e-01s  1.01e+00d *[Probe] #probed=24'103 #fixed_bools=1 #new_binary_clauses=52'009 
  8.47e-02s  1.00e+00d *[MaxClique] Merged 23'202 constraints with 53'852 literals into 21'005 constraints with 51'656 literals
  6.81e-03s  1.11e-03d  [TransformClausesToExactlyOne] #num_amos=21'005 #num_clauses=34'943 #num_checked=34'943 
  9.19e-07s  0.00e+00d  [MergeNoOverlap] 
  2.25e-07s  0.00e+00d  [MergeNoOverlap2D] 

Presolve summary:
  - 3662 affine relations were detected.
  - rule 'TODO dual: only one blocking constraint?' was applied 7'202 times.
  - rule 'TODO dual: tighten at most one' was applied 410 times.
  - rule 'TODO linear2: convert ax + by != cte to clauses for large domains' was applied 1'472 times.
  - rule 'affine: new relation' was applied 3'662 times.
  - rule 'at_most_one: removed literals' was applied 140 times.
  - rule 'at_most_one: size one' was applied 46 times.
  - rule 'at_most_one: transformed into max clique' was applied 3 times.
  - rule 'bool_and: x => x' was applied 3'648 times.
  - rule 'bool_or: always true' was applied 350 times.
  - rule 'bool_or: implications' was applied 4'208 times.
  - rule 'deductions: 280 stored' was applied 1 time.
  - rule 'dual: enforced equivalence' was applied 3'648 times.
  - rule 'duplicate: removed constraint' was applied 91 times.
  - rule 'duplicate: removed enforced constraint' was applied 2 times.
  - rule 'encoding: candidate linear is all boolean now' was applied 2 times.
  - rule 'encoding: extracted from linear' was applied 2 times.
  - rule 'encoding: reduced target domain' was applied 2 times.
  - rule 'exactly_one: removed literals' was applied 623 times.
  - rule 'exactly_one: x and not(x)' was applied 8 times.
  - rule 'linear + amo: extracted enforcement literal' was applied 232 times.
  - rule 'linear + amo: fixed literal implied by enforcement' was applied 77 times.
  - rule 'linear inclusion: redundant included constraint' was applied 9 times.
  - rule 'linear matrix: common horizontal rectangle' was applied 2 times.
  - rule 'linear matrix: common vertical rectangle' was applied 39 times.
  - rule 'linear matrix: defining equation for common rectangle' was applied 1 time.
  - rule 'linear1: x in domain' was applied 276 times.
  - rule 'linear2: contains a boolean' was applied 1 time.
  - rule 'linear2: convert ax + by != cte to clauses' was applied 3'648 times.
  - rule 'linear: always true' was applied 21 times.
  - rule 'linear: extracted at most one (min)' was applied 2 times.
  - rule 'linear: fixed or dup variables' was applied 244 times.
  - rule 'linear: positive at most one' was applied 139 times.
  - rule 'linear: positive equal one' was applied 3'649 times.
  - rule 'linear: reduced variable domains' was applied 35 times.
  - rule 'linear: reduced variable domains in derived constraint' was applied 30 times.
  - rule 'linear: remapped using affine relations' was applied 118 times.
  - rule 'linear: variable substitution 2' was applied 5 times.
  - rule 'linear: variable substitution 3' was applied 5 times.
  - rule 'new_bool: var with 2 values' was applied 1 time.
  - rule 'presolve: 545 unused variables removed.' was applied 1 time.
  - rule 'presolve: iteration' was applied 3 times.
  - rule 'probing: bool_or reduced to implication' was applied 567 times.
  - rule 'probing: simplified clauses' was applied 761 times.
  - rule 'setppc: bool_or in at_most_one' was applied 1 time.
  - rule 'setppc: removed dominated constraints' was applied 20 times.
  - rule 'variables with 2 values: create encoding literal' was applied 1 time.
  - rule 'variables with 2 values: new affine relation' was applied 1 time.
  - rule 'variables: detect half reified value encoding' was applied 232 times.

Presolved satisfaction model '': (model_fingerprint: 0x2ee478bd9c82dacc)
#Variables: 33'928 (26'654 primary variables)
  - 29'283 Booleans in [0,1]
  - 1 in [-12,12]
  - 12 in [0,2]
  - 10 in [0,3]
  - 5 in [0,4]
  - 2 in [0,5]
  - 5 in [0,6]
  - 3 in [0,7]
  - 2 in [0,8]
  - 2 in [0,9]
  - 4 in [0,10]
  - 2 in [0,11]
  - 4'590 in [0,12]
  - 1 in [0,33]
  - 1 in [172,3510]
  - 1 in [173,3511]
  - 1 in [174,3512]
  - 1 in [177,3515]
  - 1 in [181,3519]
  - 1 constants in {0} 
#kAtMostOne: 1'008 (#literals: 11'662)
#kBoolAnd: 2'298 (#enforced: 2'298) (#literals: 22'297)
#kBoolOr: 34'941 (#literals: 196'152)
#kExactlyOne: 3'648 (#literals: 708'919)
#kLinear1: 233 (#enforced: 233)
#kLinear2: 146
#kLinear3: 4'335 (#enforced: 25)
#kLinearN: 22'186 (#enforced: 4'340) (#terms: 173'343)
Stopped after presolve.
PresolvedNumVariables: 33928
PresolvedNumConstraints: 68795
PresolvedNumTerms: 1130501
CpSolverResponse summary:
status: UNKNOWN
objective: NA
best_bound: NA
integers: 0
booleans: 0
conflicts: 0
branches: 0
propagations: 0
integer_propagations: 0
restarts: 0
lp_iterations: 0
walltime: 4.68905
usertime: 4.68905
deterministic_time: 11.6256
gap_integral: 0

