
Starting CP-SAT solver v9.15.6755
Parameters: random_seed: 20260922 max_time_in_seconds: 30 log_search_progress: true num_search_workers: 2 log_to_stdout: false

Initial satisfaction model '': (model_fingerprint: 0x18bee85030d3750a)
#Variables: 2'094 (2'093 primary variables)
  - 2'092 Booleans in [0,1]
  - 1 in [0,6]
  - 1 in [10,11]
#kBoolAnd: 2'750 (#enforced: 2'750) (#literals: 5'500)
#kBoolOr: 1'084 (#enforced: 1'084) (#literals: 4'976)
#kExactlyOne: 1 (#literals: 47)
#kLinear1: 6 (#enforced: 4)
#kLinear2: 18
#kLinear3: 16
#kLinearN: 1'319 (#enforced: 102) (#terms: 24'390)

Starting presolve at 0.00s
  1.60e-03s  0.00e+00d  [DetectDominanceRelations] 
  1.17e-02s  0.00e+00d  [PresolveToFixPoint] #num_loops=3 #num_dual_strengthening=2 
  6.50e-05s  0.00e+00d  [ExtractEncodingFromLinear] #potential_supersets=1'226 
  4.95e-04s  0.00e+00d  [DetectDuplicateColumns] 
  1.58e-04s  0.00e+00d  [DetectDuplicateConstraints] #duplicates=126 
[Symmetry] Graph for symmetry has 6'789 nodes and 32'680 arcs.
[Symmetry] Symmetry computation done. time: 0.00187197 dtime: 0.00386398
[Symmetry] #generators: 74, average support size: 2
[Symmetry] 31 orbits on 105 variables with sizes: 45,2,2,2,2,2,2,2,2,2,...
[Symmetry] Num fixable by binary propagation in orbit: 44 / 45
[Symmetry] Found orbitope of size 1 x 2
[SAT presolve] num removable Booleans: 0 / 1'867
[SAT presolve] num trivial clauses: 0
[SAT presolve] [0s] clauses:1'638 literals:7'160 vars:1'652 one_side_vars:1652 simple_definition:0 singleton_clauses:0
[SAT presolve] [0.000105795s] clauses:1'638 literals:7'160 vars:1'652 one_side_vars:1652 simple_definition:0 singleton_clauses:0
[SAT presolve] [0.000227594s] clauses:1'638 literals:7'160 vars:1'652 one_side_vars:1652 simple_definition:0 singleton_clauses:0
  1.57e-04s  0.00e+00d  [DetectDuplicateConstraintsWithDifferentEnforcements] 
  2.10e-02s  1.51e-02d  [Probe] #probed=3'728 #new_binary_clauses=1'514 
  4.39e-03s  1.27e-02d  [MaxClique] Merged 1'676 constraints with 20'492 literals into 1'320 constraints with 19'324 literals
  1.84e-03s  0.00e+00d  [DetectDominanceRelations] 
  1.51e-03s  0.00e+00d  [DetectDominanceRelations] 
  5.84e-03s  0.00e+00d  [PresolveToFixPoint] #num_loops=2 #num_dual_strengthening=2 
  1.24e-03s  0.00e+00d  [ProcessAtMostOneAndLinear] 
  6.90e-05s  0.00e+00d  [DetectDuplicateConstraints] 
  4.97e-05s  0.00e+00d  [DetectDuplicateConstraintsWithDifferentEnforcements] 
  1.77e-04s  2.54e-05d  [DetectDominatedLinearConstraints] #relevant_constraints=12 #num_inclusions=11 
  2.71e-05s  0.00e+00d  [DetectDifferentVariables] 
  1.59e-03s  1.79e-04d  [ProcessSetPPC] #relevant_constraints=2'302 #num_inclusions=80 
  1.12e-03s  4.60e-05d  [TransformClausesToExactlyOne] #num_amos=1'181 #num_clauses=1'049 #num_checked=1'049 
  6.21e-05s  0.00e+00d  [DetectEncodedComplexDomains] 
  1.75e-05s  0.00e+00d  [FindAlmostIdenticalLinearConstraints] 
  5.67e-03s  1.51e-02d  [FindBigAtMostOneAndLinearOverlap] #blocks=1 #saved_nz=109 
  8.58e-04s  6.86e-03d  [FindBigVerticalLinearOverlap] 
  4.28e-04s  2.75e-05d  [FindBigHorizontalLinearOverlap] #blocks=2 #saved_nz=1'257 #linears=12 
  4.56e-04s  2.96e-05d  [MergeClauses] #num_collisions=445 #num_merges=445 #num_saved_literals=2'031 
  1.09e-03s  0.00e+00d  [DetectDominanceRelations] 
  2.80e-03s  0.00e+00d  [PresolveToFixPoint] #num_loops=2 #num_dual_strengthening=1 
  1.14e-03s  0.00e+00d  [DetectDominanceRelations] 
  2.79e-03s  0.00e+00d  [PresolveToFixPoint] #num_loops=1 #num_dual_strengthening=1 
  3.02e-04s  0.00e+00d  [DetectDuplicateColumns] 
  9.23e-05s  0.00e+00d  [DetectDuplicateConstraints] 
[Symmetry] Graph for symmetry has 6'325 nodes and 26'444 arcs.
[Symmetry] Symmetry computation done. time: 0.00146798 dtime: 0.00308454
[Symmetry] #generators: 30, average support size: 2
[Symmetry] 30 orbits on 60 variables with sizes: 2,2,2,2,2,2,2,2,2,2,...
[Symmetry] Found orbitope of size 1 x 2
[SAT presolve] num removable Booleans: 0 / 1'742
[SAT presolve] num trivial clauses: 0
[SAT presolve] [0s] clauses:1'138 literals:6'089 vars:1'505 one_side_vars:1505 simple_definition:0 singleton_clauses:0
[SAT presolve] [7.9949e-05s] clauses:1'138 literals:6'089 vars:1'505 one_side_vars:1505 simple_definition:0 singleton_clauses:0
[SAT presolve] [0.000179082s] clauses:1'138 literals:6'089 vars:1'505 one_side_vars:1505 simple_definition:0 singleton_clauses:0
  1.33e-04s  0.00e+00d  [DetectDuplicateConstraintsWithDifferentEnforcements] 
  2.33e-02s  1.56e-02d  [Probe] #probed=3'728 #new_bounds=2 #new_binary_clauses=1'512 
  4.03e-03s  1.00e-02d  [MaxClique] Merged 1'181 constraints with 18'293 literals into 1'162 constraints with 18'255 literals
  1.04e-03s  0.00e+00d  [DetectDominanceRelations] 
  3.14e-03s  0.00e+00d  [PresolveToFixPoint] #num_loops=2 #num_dual_strengthening=1 
  8.00e-04s  0.00e+00d  [ProcessAtMostOneAndLinear] 
  7.33e-05s  0.00e+00d  [DetectDuplicateConstraints] 
  5.24e-05s  0.00e+00d  [DetectDuplicateConstraintsWithDifferentEnforcements] 
  5.99e-05s  7.69e-06d  [DetectDominatedLinearConstraints] #relevant_constraints=12 #num_inclusions=4 
  2.47e-05s  0.00e+00d  [DetectDifferentVariables] 
  1.53e-03s  1.36e-04d  [ProcessSetPPC] #relevant_constraints=2'222 
  1.16e-03s  4.60e-05d  [TransformClausesToExactlyOne] #num_amos=1'162 #num_clauses=1'049 #num_checked=1'049 
  1.38e-04s  0.00e+00d  [DetectEncodedComplexDomains] 
  2.03e-05s  0.00e+00d  [FindAlmostIdenticalLinearConstraints] 
  2.93e-03s  6.01e-03d  [FindBigAtMostOneAndLinearOverlap] 
  4.89e-04s  2.61e-03d  [FindBigVerticalLinearOverlap] 
  2.26e-04s  4.54e-05d  [FindBigHorizontalLinearOverlap] #blocks=1 #saved_nz=287 #linears=10 
  4.80e-04s  2.96e-05d  [MergeClauses] #num_collisions=445 #num_merges=445 #num_saved_literals=2'031 
  1.15e-03s  0.00e+00d  [DetectDominanceRelations] 
  2.88e-03s  0.00e+00d  [PresolveToFixPoint] #num_loops=3 #num_dual_strengthening=1 
  1.06e-03s  0.00e+00d  [DetectDominanceRelations] 
  2.81e-03s  0.00e+00d  [PresolveToFixPoint] #num_loops=1 #num_dual_strengthening=1 
  3.37e-04s  0.00e+00d  [DetectDuplicateColumns] 
  6.68e-05s  0.00e+00d  [DetectDuplicateConstraints] 
[Symmetry] Graph for symmetry has 6'304 nodes and 26'095 arcs.
[Symmetry] Symmetry computation done. time: 0.00159616 dtime: 0.00305636
[Symmetry] #generators: 30, average support size: 2
[Symmetry] 30 orbits on 60 variables with sizes: 2,2,2,2,2,2,2,2,2,2,...
[Symmetry] Found orbitope of size 1 x 2
[SAT presolve] num removable Booleans: 0 / 1'742
[SAT presolve] num trivial clauses: 0
[SAT presolve] [0s] clauses:1'119 literals:6'051 vars:1'501 one_side_vars:1501 simple_definition:0 singleton_clauses:0
[SAT presolve] [8.8503e-05s] clauses:1'119 literals:6'051 vars:1'501 one_side_vars:1501 simple_definition:0 singleton_clauses:0
[SAT presolve] [0.000186594s] clauses:1'119 literals:6'051 vars:1'501 one_side_vars:1501 simple_definition:0 singleton_clauses:0
  1.59e-04s  0.00e+00d  [DetectDuplicateConstraintsWithDifferentEnforcements] 
  2.14e-02s  1.47e-02d  [Probe] #probed=3'728 #new_bounds=3 #new_binary_clauses=1'512 
  3.93e-03s  9.99e-03d  [MaxClique] 
  1.16e-03s  0.00e+00d  [DetectDominanceRelations] 
  3.13e-03s  0.00e+00d  [PresolveToFixPoint] #num_loops=2 #num_dual_strengthening=1 
  9.20e-04s  0.00e+00d  [ProcessAtMostOneAndLinear] 
  1.19e-04s  0.00e+00d  [DetectDuplicateConstraints] 
  6.81e-05s  0.00e+00d  [DetectDuplicateConstraintsWithDifferentEnforcements] 
  7.12e-05s  5.26e-06d  [DetectDominatedLinearConstraints] #relevant_constraints=13 #num_inclusions=3 
  4.15e-05s  0.00e+00d  [DetectDifferentVariables] 
  1.55e-03s  1.31e-04d  [ProcessSetPPC] #relevant_constraints=2'222 
  1.20e-03s  4.60e-05d  [TransformClausesToExactlyOne] #num_amos=1'162 #num_clauses=1'049 #num_checked=1'049 
  1.59e-04s  0.00e+00d  [DetectEncodedComplexDomains] 
  3.28e-05s  0.00e+00d  [FindAlmostIdenticalLinearConstraints] 
  2.55e-03s  5.13e-03d  [FindBigAtMostOneAndLinearOverlap] 
  4.13e-04s  2.17e-03d  [FindBigVerticalLinearOverlap] 
  1.21e-04s  5.83e-05d  [FindBigHorizontalLinearOverlap] #linears=10 
  5.70e-04s  2.96e-05d  [MergeClauses] #num_collisions=445 #num_merges=445 #num_saved_literals=2'031 
  1.20e-03s  0.00e+00d  [DetectDominanceRelations] 
  3.04e-03s  0.00e+00d  [PresolveToFixPoint] #num_loops=1 #num_dual_strengthening=1 
  2.56e-05s  0.00e+00d  [MergeNoOverlap] 
  2.39e-05s  0.00e+00d  [MergeNoOverlap2D] 

Presolve summary:
  - 39 affine relations were detected.
  - rule 'TODO dual: only one blocking constraint?' was applied 8'275 times.
  - rule 'TODO dual: tighten at most one' was applied 10'333 times.
  - rule 'affine: new relation' was applied 39 times.
  - rule 'at_most_one: removed literals' was applied 4 times.
  - rule 'at_most_one: resolved two constraints with opposite literal' was applied 79 times.
  - rule 'at_most_one: singleton' was applied 2 times.
  - rule 'at_most_one: transformed into max clique' was applied 2 times.
  - rule 'bool_and: x => x' was applied 39 times.
  - rule 'bool_or: always true' was applied 7 times.
  - rule 'bool_or: implications' was applied 48 times.
  - rule 'bool_or: removed enforcement literal' was applied 3 times.
  - rule 'deductions: 10 stored' was applied 1 time.
  - rule 'domination: in exactly one' was applied 1 time.
  - rule 'dual: enforced equivalence' was applied 37 times.
  - rule 'dual: fix variable' was applied 185 times.
  - rule 'duplicate: removed constraint' was applied 126 times.
  - rule 'exactly_one: removed literals' was applied 2 times.
  - rule 'exactly_one: size two' was applied 1 time.
  - rule 'linear + amo: trivial linear constraint' was applied 2 times.
  - rule 'linear matrix: common amo rectangle' was applied 1 time.
  - rule 'linear matrix: common horizontal rectangle' was applied 3 times.
  - rule 'linear2: contains a boolean' was applied 1 time.
  - rule 'linear2: convert ax + by != cte to clauses' was applied 17 times.
  - rule 'linear: all booleans and trivially true' was applied 1 time.
  - rule 'linear: always true' was applied 20 times.
  - rule 'linear: empty' was applied 75 times.
  - rule 'linear: fixed or dup variables' was applied 94 times.
  - rule 'linear: positive at most one' was applied 1'225 times.
  - rule 'linear: positive clause' was applied 3 times.
  - rule 'linear: reduced variable domains' was applied 4 times.
  - rule 'linear: remapped using affine relations' was applied 18 times.
  - rule 'linear: singleton column' was applied 3 times.
  - rule 'new_bool: var with 2 values' was applied 1 time.
  - rule 'new_bool: with clause' was applied 1 time.
  - rule 'presolve: 232 unused variables removed.' was applied 1 time.
  - rule 'presolve: iteration' was applied 3 times.
  - rule 'probing: bool_or reduced to implication' was applied 19 times.
  - rule 'setppc: removed dominated constraints' was applied 79 times.
  - rule 'symmetry: fixed to false in general orbit' was applied 44 times.
  - rule 'variables with 2 values: create encoding literal' was applied 1 time.
  - rule 'variables with 2 values: new affine relation' was applied 1 time.

Presolved satisfaction model '': (model_fingerprint: 0x8516f987daf1e5ee)
#Variables: 1'746 (1'742 primary variables)
  - 1'742 Booleans in [0,1]
  - 1 in [-89,-74]
  - 1 in [-65,-49]
  - 1 in [-61,-45]
  - 1 in [0,4]
#kAtMostOne: 1'092 (#literals: 18'115)
#kBoolAnd: 70 (#enforced: 70) (#literals: 140)
#kBoolAndClauses: 437 (#enforced: 437 #multi: 437) (#literals: 2'893)
#kBoolOr: 167 (#literals: 987)
#kExactlyOne: 1 (#literals: 39)
#kLinear1: 2 (#enforced: 2)
#kLinear3: 2 (#enforced: 2)
#kLinearN: 11 (#enforced: 2) (#terms: 1'414)
[Symmetry] Graph for symmetry has 5'951 nodes and 26'095 arcs.
[Symmetry] Symmetry computation done. time: 0.00148312 dtime: 0.00301611
[Symmetry] #generators: 30, average support size: 2
[Symmetry] 30 orbits on 60 variables with sizes: 2,2,2,2,2,2,2,2,2,2,...
[Symmetry] Found orbitope of size 1 x 2

Preloading model.
#Model   0.18s var:1746/1746 constraints:1782/1782

Starting search at 0.18s with 2 workers.
1 full problem subsolver: [default_lp]
1 first solution subsolver: [fj]
2 interleaved subsolvers: [feasibility_pump, rins/rens]
2 helper subsolvers: [neighborhood_helper, synchronization_agent]

#Model   1.64s var:1743/1746 constraints:1781/1782

Task timing                   n [     min,      max]      avg      dev     time         n [     min,      max]      avg      dev    dtime
        'default_lp':         1 [  29.82s,   29.82s]   29.82s   0.00ns   29.82s         2 [ 16.76ms,   40.22s]   20.12s   20.10s   40.24s
  'feasibility_pump':       592 [ 18.03us,   4.73ms]   1.06ms 318.33us 625.32ms       590 [243.20us,   2.44ms] 259.66us  90.02us 153.20ms
                'fj':       592 [ 18.82ms,  94.01ms]  49.24ms   9.19ms   29.15s       592 [ 40.57ms, 100.17ms]  99.94ms   2.44ms   59.17s
         'rins/rens':         0 [  0.00ns,   0.00ns]   0.00ns   0.00ns   0.00ns         0 [  0.00ns,   0.00ns]   0.00ns   0.00ns   0.00ns

Search stats     Bools  Conflicts  Branches  Restarts  BacktrackToRoot  Backtrack  BoolPropag  IntegerPropag
  'default_lp':  1'748     39'837   504'668       122          115'445    210'809  10'158'364      8'040'576

SAT formula      Fixed  Equiv  Total  VarLeft  BinaryClauses  PermanentClauses  TemporaryClauses
  'default_lp':      5      3  1'748    1'740         17'294             1'055            12'278

SAT stats        ClassicMinim  LitRemoved  LitRemovedBinary  LitLearned  LitForgotten  Subsumed
  'default_lp':        23'126     148'720           948'579   5'978'689     2'075'741    12'148

Vivification     Clauses  Decisions  LitTrue  Subsumed  LitRemoved  DecisionReused  Conflicts
  'default_lp':   63'663    278'914        0       361       9'280          28'700          0

Clause deletion    at_true  l_and_not(l)  to_binary  sub_conflict  sub_extra  sub_decisions  sub_eager  sub_vivify  sub_probing  sub_inpro  blocked  eliminated  forgotten  promoted  conflicts
    'default_lp':        0           199          0        11'577        344              7        571         361            0          3        0           0     14'489    83'796     39'837

Lp stats         Component  Iterations  AddedCuts  OPTIMAL  DUAL_F.  DUAL_U.
  'default_lp':          1     322'263      2'812   28'771        0   34'840

Lp dimension      Final dimension of first component
  'default_lp':  141 rows, 799 columns, 4684 entries

Lp debug         CutPropag  CutEqPropag  Adjust  Overflow     Bad  BadScaling
  'default_lp':          1          385  34'831         0  11'047           0

Lp pool          Constraints  Updates  Simplif  Merged  Shortened  Split  Strengthened    Cuts/Call
  'default_lp':        3'596    1'190      112       0        104     17             4  2'812/4'523

Lp Cut           default_lp
         CG_FF:         160
          CG_K:         141
         CG_KL:          77
          CG_R:         372
         CG_RB:         471
        CG_RBP:         117
            IB:          14
      MIR_1_FF:          32
       MIR_1_K:          21
      MIR_1_KL:          40
       MIR_1_R:          39
      MIR_1_RB:          71
     MIR_1_RBP:           2
      MIR_2_FF:          65
       MIR_2_K:          37
      MIR_2_KL:          59
       MIR_2_R:          74
      MIR_2_RB:         150
     MIR_2_RBP:          22
      MIR_3_FF:          22
       MIR_3_K:          48
      MIR_3_KL:          55
       MIR_3_R:          45
      MIR_3_RB:          82
     MIR_3_RBP:          45
      MIR_4_FF:          30
       MIR_4_K:          37
      MIR_4_KL:          40
       MIR_4_R:          48
      MIR_4_RB:          60
     MIR_4_RBP:          35
      MIR_5_FF:          11
       MIR_5_K:          15
      MIR_5_KL:          17
       MIR_5_R:          27
      MIR_5_RB:          35
     MIR_5_RBP:          23
      MIR_6_FF:           5
       MIR_6_K:           7
      MIR_6_KL:           8
       MIR_6_R:          18
      MIR_6_RB:          15
     MIR_6_RBP:          11
  ZERO_HALF_FF:          37
  ZERO_HALF_KL:           1
   ZERO_HALF_R:          71

LNS stats       Improv/Calls  Closed  Difficulty  TimeLimit
  'rins/rens':           0/0      0%    5.00e-01       0.10

LS stats                                    Batches  Restarts/Perturbs   LinMoves  GenMoves  CompoundMoves  Bactracks  WeightUpdates  ScoreComputed
                             'fj_restart':       52                 11  2'096'820         0              0          0        178'845        717'137
                    'fj_restart_compound':       59                 11          0   455'980         47'253    204'319          1'295      9'125'673
                'fj_restart_compound_obj':       54                 14          0   440'348         41'283    199'500          1'135      8'294'460
            'fj_restart_compound_perturb':       40                 15          0   310'334         31'922    139'167            674      6'458'108
        'fj_restart_compound_perturb_obj':       15                  9          0    93'657         14'185     39'723            190      2'388'335
                       'fj_restart_decay':       42                 15    950'796         0              0          0         25'482        473'882
              'fj_restart_decay_compound':       44                 19          0   298'527         51'574    123'422            331      6'697'331
          'fj_restart_decay_compound_obj':       22                  9          0   151'136         27'660     61'723            246      3'406'138
      'fj_restart_decay_compound_perturb':       15                 10          0    97'229         18'543     39'303            134      2'304'782
  'fj_restart_decay_compound_perturb_obj':       27                  8          0   193'217         35'978     78'583            231      4'110'088
                   'fj_restart_decay_obj':       41                 14    989'812         0              0          0         25'903        446'694
               'fj_restart_decay_perturb':       26                 14    621'936         0              0          0         16'574        279'296
           'fj_restart_decay_perturb_obj':       44                 11  1'023'750         0              0          0         27'916        499'518
                         'fj_restart_obj':       40                 15  1'272'204         0              0          0        122'745        726'816
                     'fj_restart_perturb':       36                 16  1'271'729         0              0          0        105'408        524'348
                 'fj_restart_perturb_obj':       35                 11  1'197'230         0              0          0         95'719        561'063

Solution repositories    Added  Queried  Synchro
    'alternative_path':      0        0        0
      'best_solutions':      0        0        0
   'fj solution hints':    194        0      194
        'lp solutions':      0        0        0
                'pump':      0        0

Improving bounds shared    Num  Sym
            'default_lp':    6    0

Clauses shared    #Exported  #Imported  #BinaryRead  #BinaryTotal
   'default_lp':      6'828          0        6'732         6'732

LRAT_status: NA
CpSolverResponse summary:
status: UNKNOWN
objective: NA
best_bound: NA
integers: 850
booleans: 1748
conflicts: 39837
branches: 504668
propagations: 10158364
integer_propagations: 8040576
restarts: 122
lp_iterations: 322263
walltime: 30.0027
usertime: 30.0027
deterministic_time: 99.672
gap_integral: 0

