records 传输拒收与暂停核验-运行记录-v3-kernel.json completed 1276000
records 分流器三路轮询-运行记录-checkpoint_delta-v3-kernel.json completed 1270726
records 分流器三路轮询-运行记录-v3-kernel.json completed 2104547
records 密集制造闭环序0核验-运行记录-v3-kernel.json completed 10871715
records 密集制造闭环序1核验-运行记录-v3-kernel.json completed 12319600
records 密集制造闭环序2核验-运行记录-v3-kernel.json completed 12305958
records 密集制造闭环序3核验-运行记录-v3-kernel.json completed 10857083
records 密集制造闭环序4核验-运行记录-v3-kernel.json completed 10856431
records 密集制造闭环序5核验-运行记录-v3-kernel.json completed 12306357
records 密集结点循环种子核验-运行记录-v3-kernel.json completed 60867771
records 密集结点核验-运行记录-v3-kernel.json completed 21765336
records 密集结点闭环核验-运行记录-v3-kernel.json completed 48004675
records 桥接器双通路-运行记录-v3-kernel.json completed 2960827
records 混做粉碎机两下游-运行记录-checkpoint_delta-v3-kernel.json completed 449855
records 混做粉碎机两下游-运行记录-v3-kernel.json completed 669243
records 生产循环环带-运行记录-v3-kernel.json completed 2936719
records 研磨混做核验-运行记录-v3-kernel.json completed 2113214
records 轮询均分序0核验-运行记录-v3-kernel.json completed 6252762
records 轮询均分序1核验-运行记录-v3-kernel.json completed 6252798
records 轮询均分序2核验-运行记录-v3-kernel.json completed 6252760
records 轮询均分序3核验-运行记录-v3-kernel.json completed 6252794
records 轮询均分序4核验-运行记录-v3-kernel.json completed 6252832
records 轮询均分序5核验-运行记录-v3-kernel.json completed 6252830
records 轮询均分核验-运行记录-v3-kernel.json completed 6252754
records 阻尼切支恢复核验-运行记录-v3-kernel.json completed 2488782
records 阻尼连续带核验-运行记录-v3-kernel.json completed 2104213
