True 候选SHA-256 (长清单)
True 占格总数 4196 4196
True 重建通道数 470 470
True 声明通道与重建一致 true true
True 完成进路数 150 150
True S2期望进路数 325 325
True 缺路数 175 175
True 接法外进路 [] []
True 缺路清单（逐条） (长清单)
True 完成进路清单（起点、终点、格数、物品） (长清单)
True 进路上运输物品格数 320 320
True 不在进路上的运输节点 [] []
True 桥接器数 10 10
True 相邻桥对 [] []
True 两轴非两条不同进路的桥 [] []
True H6→F4格数 [3] [3]
True Q6→F4格数 [1] [1]
True 无供电制造单位 [] []
True 最大空矩形(面积,短边) [36, 6] [36, 6]
True 最优空矩形全部位置 [[64, 64, 69, 69]] [[64, 64, 69, 69]]
True 前缀和穷举中更优的空矩形数 0 0
全部一致 True 21
可走格 1014
连通块(编码一) 127
连通块(编码二) 127
缺路中布不出(同号) {'编码一': 135, '编码二': 135, '一致': True}
已布路中判为布不出(同号，应为0) [0, 0]
布不出清单(同号) 135
缺路中布不出(同物品) {'编码一': 135, '编码二': 135, '一致': True}
已布路中判为布不出(同物品，应为0) [0, 0]
缺路中布不出(任一取货口) {'编码一': 135, '编码二': 135, '一致': True}
已布路中判为布不出(任一取货口，应为0) [0, 0]
布不出清单(任一取货口) 135
与编号无关判法两套一致 True
存货边接不到任何取货端口的机器 ['RF1', 'RF3', 'RF12', 'KF19', 'RF20', 'RF26', 'RF33', 'B12', 'SB5', 'S9', 'QA1', 'QK5', 'R1', 'R3', 'P2']
取货边接不到任何存货端口的机器 ['KF10', 'KF13', 'KF14', 'KF26', 'KF28', 'RF31', 'KF33', 'KO3', 'KO4', 'B1', 'B12', 'Q3', 'Q4', 'QB5', 'R8', 'R15', 'H3', 'P4', 'F3']
存货边外侧全被非运输单位挡住的机器 []
取货边外侧全被挡住的机器 ['B1', 'B12', 'Q3', 'Q4', 'F3']
36 27 177
['RF3', 'RF19', 'KF19', 'RF21', 'KF21', 'RF25', 'KF25', 'RF30', 'RF31', 'KO17', 'B12', 'O1', 'O9', 'SB1', 'S1', 'SA3', 'SB4', 'SA8', 'SC10', 'SA10', 'SB10', 'SA12', 'SB13', 'QA6', 'QK6', 'R12', 'P6']
CORE {'来路应有': 7, '来路接通': 2, '来路布不出': 3, '去路应有': 0, '去路接通': 0, '去路布不出': 0}
原样
    {"主-问题类别": {"S2接法": 1, "等长": 1}, "主-完成进路": 150, "副-完成进路": 150, "主-缺路": 175, "副-缺路": 175, "主-接法外": 0, "副-接法外": 0, "主-不在进路上节点": 0, "副-不在进路上节点": 0, "主-断头分叉": 0, "副-倒追断开等": 0, "主-通道": 470, "副-通道": 470, "副-声明一致": true, "主-无电": [], "副-无电": [], "主-空矩形": {"area": 36, "short": 6, "bounds": [64, 64, 69, 69]}, "副-空矩形": {"area": 36, "short": 6, "bounds": [64, 64, 69, 69]}, "主-H6F4/Q6F4": [[3], [1]], "副-H6F4/Q6F4": [[3], [1]]}
M1去掉供电桩POWER0
    {"主-问题类别": {"供电": 1, "S2接法": 1, "等长": 1}, "主-完成进路": 150, "副-完成进路": 150, "主-缺路": 175, "副-缺路": 175, "主-接法外": 0, "副-接法外": 0, "主-不在进路上节点": 0, "副-不在进路上节点": 0, "主-断头分叉": 0, "副-倒追断开等": 0, "主-通道": 470, "副-通道": 470, "副-声明一致": true, "主-无电": ["RF10", "KF10", "RF33", "KF33", "KO3", "KO8", "KO13", "KO14", "O7", "SC4", "SA10"], "副-无电": ["RF10", "KF10", "RF33", "KF33", "KO3", "KO8", "KO13", "KO14", "O7", "SC4", "SA10"], "主-空矩形": {"area": 36, "short": 6, "bounds": [64, 64, 69, 69]}, "副-空矩形": {"area": 36, "short": 6, "bounds": [64, 64, 69, 69]}, "主-H6F4/Q6F4": [[3], [1]], "副-H6F4/Q6F4": [[3], [1]]}
M2对调(26,52)传送带方向(KF18→B9)
    {"主-问题类别": {"通道声明": 1, "进路断头/分叉": 3, "进路未达终点": 1, "多余运输单位": 1, "桥接器": 1, "S2接法": 1, "等长": 1}, "主-完成进路": 149, "副-完成进路": 149, "主-缺路": 176, "副-缺路": 176, "主-接法外": 0, "副-接法外": 0, "主-不在进路上节点": 6, "副-不在进路上节点": 3, "主-断头分叉": 3, "副-倒追断开等": 1, "主-通道": 468, "副-通道": 468, "副-声明一致": false, "主-无电": [], "副-无电": [], "主-空矩形": {"area": 36, "short": 6, "bounds": [64, 64, 69, 69]}, "副-空矩形": {"area": 36, "short": 6, "bounds": [64, 64, 69, 69]}, "主-H6F4/Q6F4": [[3], [1]], "副-H6F4/Q6F4": [[3], [1]]}
M3桥(11,29)换成水平传送带
    {"主-问题类别": {"通道声明": 1, "进路断头/分叉": 1, "进路未达终点": 1, "S2接法": 1, "等长": 1}, "主-完成进路": 149, "副-完成进路": 149, "主-缺路": 176, "副-缺路": 176, "主-接法外": 0, "副-接法外": 0, "主-不在进路上节点": 0, "副-不在进路上节点": 1, "主-断头分叉": 1, "副-倒追断开等": 0, "主-通道": 468, "副-通道": 468, "副-声明一致": false, "主-无电": [], "副-无电": [], "主-空矩形": {"area": 36, "short": 6, "bounds": [64, 64, 69, 69]}, "副-空矩形": {"area": 36, "short": 6, "bounds": [64, 64, 69, 69]}, "主-H6F4/Q6F4": [[3], [1]], "副-H6F4/Q6F4": [[3], [1]]}
M4空矩形内(66,66)加一格带
    {"主-问题类别": {"进路断头/分叉": 1, "多余运输单位": 1, "S2接法": 1, "等长": 1}, "主-完成进路": 150, "副-完成进路": 150, "主-缺路": 175, "副-缺路": 175, "主-接法外": 0, "副-接法外": 0, "主-不在进路上节点": 1, "副-不在进路上节点": 1, "主-断头分叉": 1, "副-倒追断开等": 0, "主-通道": 470, "副-通道": 470, "副-声明一致": true, "主-无电": [], "副-无电": [], "主-空矩形": null, "副-空矩形": {"area": 0, "short": 0, "bounds": null}, "主-H6F4/Q6F4": [[3], [1]], "副-H6F4/Q6F4": [[3], [1]]}
M5在RF1取货端口外(51,42)加断头带
    {"主-问题类别": {"通道声明": 1, "物品": 1, "S2接法": 2, "等长": 1}, "主-完成进路": 151, "副-完成进路": 151, "主-缺路": 175, "副-缺路": 175, "主-接法外": 1, "副-接法外": 1, "主-不在进路上节点": 0, "副-不在进路上节点": 0, "主-断头分叉": 0, "副-倒追断开等": 0, "主-通道": 472, "副-通道": 472, "副-声明一致": false, "主-无电": [], "副-无电": [], "主-空矩形": {"area": 36, "short": 6, "bounds": [64, 64, 69, 69]}, "副-空矩形": {"area": 36, "short": 6, "bounds": [64, 64, 69, 69]}, "主-H6F4/Q6F4": [[3], [1]], "副-H6F4/Q6F4": [[3], [1]]}
M6交换B1、B2身份
    {"主-问题类别": {"通道声明": 1, "S2接法": 2, "等长": 1}, "主-完成进路": 150, "副-完成进路": 150, "主-缺路": 178, "副-缺路": 178, "主-接法外": 3, "副-接法外": 3, "主-不在进路上节点": 0, "副-不在进路上节点": 0, "主-断头分叉": 0, "副-倒追断开等": 0, "主-通道": 470, "副-通道": 470, "副-声明一致": false, "主-无电": [], "副-无电": [], "主-空矩形": {"area": 36, "short": 6, "bounds": [64, 64, 69, 69]}, "副-空矩形": {"area": 36, "short": 6, "bounds": [64, 64, 69, 69]}, "主-H6F4/Q6F4": [[3], [1]], "副-H6F4/Q6F4": [[3], [1]]}
F1 H6/Q6局部改法（(30,15)改桥）
    {"主-问题类别": {"通道声明": 1, "S2接法": 1}, "主-完成进路": 150, "副-完成进路": 150, "主-缺路": 175, "副-缺路": 175, "主-接法外": 0, "副-接法外": 0, "主-不在进路上节点": 0, "副-不在进路上节点": 0, "主-断头分叉": 0, "副-倒追断开等": 0, "主-通道": 470, "副-通道": 470, "副-声明一致": false, "主-无电": [], "副-无电": [], "主-空矩形": {"area": 36, "short": 6, "bounds": [64, 64, 69, 69]}, "副-空矩形": {"area": 36, "short": 6, "bounds": [64, 64, 69, 69]}, "主-H6F4/Q6F4": [[2], [2]], "副-H6F4/Q6F4": [[2], [2]], "改前四格": {"(31, 15)": {"id": "T31_15", "x": 31, "y": 15, "type": "belt", "in_side": 0, "out_side": 1}, "(31, 16)": {"id": "T31_16", "x": 31, "y": 16, "type": "belt", "in_side": 3, "out_side": 2}, "(30, 16)": {"id": "T30_16", "x": 30, "y": 16, "type": "belt", "in_side": 0, "out_side": 2}, "(30, 15)": {"id": "T30_15", "x": 30, "y": 15, "type": "belt", "in_side": 3, "out_side": 2}}, "主-除通道声明与缺路外的问题": []}
e1d955e9569c420d9566cc4ad128d7cca491e7eeeaf197307dd9abc73d1723d9  ../构造A/未通过候选.json
7a0c7d6e495f4f6b5ed6caba24584261925479e06fcad9428760f8a687f2abba  ../../../候选约束轮次/第107-109轮/前提快照/不补的设定.txt
c8d3a17b8830baba18aea36c4c66f02f8873895188f8821176cc218aa6135f93  ../../../候选约束轮次/第107-109轮/前提快照/《明日方舟：终末地》游戏规则.txt
7bec7a1edf2f46644a6e6a75d588f5ff05202cc32d6b42430677ea39b878309b  ../../../候选约束轮次/第107-109轮/前提快照/求解任务.txt
aa633c7c927227ba4635f97bfb8948e9c3ba84ff1e489dd053b72db82e9ac435  ../../../候选约束轮次/第107-109轮/前提快照/求解充分条件.txt
dfea46c61f29be5a86659bce3642009d2558ace073d6dbd79f5dd3c6475226db  ../../../候选约束轮次/第107-109轮/前提快照/求解约束.txt
6807b9a5baf9be40020930ee186b67e4ed657069e1c6cd341af237dff20b986d  ../../../候选约束轮次/第107-109轮/临时规则.md
5d5d146fb200b34b8b1a7045c6584eac3349e48899cf8c71a7eec7d47f3685af  ../../../候选约束轮次/第98-100轮/推导98S2.md
a0686ba02fd1f7faa523a780cd82db8950e8563becf194080c22a5ff94c3cc5f  ../../../候选约束轮次/第107-109轮/推导107S2B.md
15f07c4a7d0d0960c9e9c876635ec7815d1c31cb8e0c4008eef64619a920edb2  check_main.py
5fac77c58b42ab5ee14c5e6beabf18511805c50a18de5dd6b20f456da50793ec  check_alt.py
38983b386d4dd779a0330aad2ed9c0a4b16447c32793d9064fa1587e41edcaa8  compare.py
0de672aabbe5cb6b36016babfc864705eec6df0ec55125918b3a8a62f74caf2d  reach.py
46a72593af8c66ddb5d11749016866d293140899af793aa4359d79294b155729  per_machine.py
d5b6d39a7a0ac75d53aea8aa1ed2db084c7a4c1ab72ec6594dda49cd97a6cfb2  mutations.py
