{
  "name": "checkpoint-top-conflict-seed",
  "command": [
    "/home/zhuran24/zmd-research-fresh/求解器/target/release/kernel",
    "seed",
    "/home/zhuran24/zmd-research-fresh/求解器/crates/kernel/复核/否证-r3-2-证据/checkpoint-top-conflict-seed-input.json",
    "--config",
    "/home/zhuran24/zmd-research-fresh/求解器/规格/内核配置-v1.json",
    "--out",
    "/home/zhuran24/zmd-research-fresh/求解器/crates/kernel/复核/否证-r3-2-证据/checkpoint-top-conflict-seed-result.json"
  ],
  "exit_code": 0,
  "stdout": "{\"out\":\"/home/zhuran24/zmd-research-fresh/求解器/crates/kernel/复核/否证-r3-2-证据/checkpoint-top-conflict-seed-result.json\",\"status\":null}\n",
  "stderr": "",
  "result_path": "/home/zhuran24/zmd-research-fresh/求解器/crates/kernel/复核/否证-r3-2-证据/checkpoint-top-conflict-seed-result.json",
  "status": null,
  "schema": "kernel-input-v3",
  "stop": null,
  "open_items": null
}
