bridge-fresh 0 completed
checkpoint-control-direct 0 completed
checkpoint-control-seed 0 None
checkpoint-control-resumed 0 completed
checkpoint-missing-direct 2 invalid_input
checkpoint-missing-seed 0 None
checkpoint-missing-resumed 0 completed
checkpoint-snapshot-conflict-direct 2 invalid_input
checkpoint-snapshot-conflict-seed 0 None
checkpoint-snapshot-conflict-resumed 0 completed
checkpoint-top-conflict-direct 2 invalid_input
checkpoint-top-conflict-seed 0 None
checkpoint-top-conflict-resumed 0 completed
crusher-control 0 completed
supply-conflict-direct 2 invalid_input
supply-conflict-seed 0 None
supply-conflict-resumed 0 completed
phase-valid0 0 completed
phase-valid4 0 completed
phase-negative 0 completed
phase-large 0 completed
phase-fraction 0 completed
phase-malformed 0 completed
ring-control 0 counterexample
ring-control-verify 0 input_checked
phase-cycle 0 counterexample
phase-cycle-verify 0 input_checked
splitter-control 0 completed
window-future-seed 0 None
window-future 0 completed
window-future-verify 0 input_checked
window-equal-seed 0 None
window-equal 0 completed
window-equal-verify 2 invalid_input
window-past-seed 2 invalid_input
window-past 2 invalid_input
tiny-control 0 completed
expired-cycle 0 counterexample
expired-cycle-verify 0 input_checked
expired-embedded-verify 2 invalid_input
zero-源矿-seed 0 None
zero-源矿-run 2 invalid_input
zero-蓝铁矿-seed 0 None
zero-蓝铁矿-run 2 invalid_input
slot-short 101 None
slot-unknown 2 invalid_input
seed-bool 101 None
overflow-run 2 inconclusive
overflow-cycle 2 stopped
bridge-fresh-verify 0 input_checked
