{
  "name": "tiny-control",
  "command": [
    "/home/zhuran24/zmd-research-fresh/求解器/target/release/kernel",
    "run",
    "/home/zhuran24/zmd-research-fresh/求解器/crates/kernel/复核/否证-r3-2-证据/tiny-control-input.json",
    "--config",
    "/home/zhuran24/zmd-research-fresh/求解器/规格/内核配置-v1.json",
    "--out",
    "/home/zhuran24/zmd-research-fresh/求解器/crates/kernel/复核/否证-r3-2-证据/tiny-control-result.json",
    "--ticks",
    "6"
  ],
  "exit_code": 0,
  "stdout": "{\"out\":\"/home/zhuran24/zmd-research-fresh/求解器/crates/kernel/复核/否证-r3-2-证据/tiny-control-result.json\",\"status\":\"completed\"}\n",
  "stderr": "",
  "result_path": "/home/zhuran24/zmd-research-fresh/求解器/crates/kernel/复核/否证-r3-2-证据/tiny-control-result.json",
  "status": "completed",
  "schema": "kernel-output-v3",
  "stop": null,
  "open_items": [
    "有限轨迹不证明全称参数、初态可达性、全部可达循环或目标。",
    "规格疑问见 求解器/规格/内核实现-对规格的疑问.md。"
  ]
}
