{
  "name": "window-past",
  "command": [
    "/home/zhuran24/zmd-research-fresh/求解器/target/release/kernel",
    "run",
    "/home/zhuran24/zmd-research-fresh/求解器/crates/kernel/复核/否证-r3-2-证据/window-past-input.json",
    "--config",
    "/home/zhuran24/zmd-research-fresh/求解器/规格/内核配置-v1.json",
    "--out",
    "/home/zhuran24/zmd-research-fresh/求解器/crates/kernel/复核/否证-r3-2-证据/window-past-result.json",
    "--ticks",
    "1"
  ],
  "exit_code": 2,
  "stdout": "{\"out\":\"/home/zhuran24/zmd-research-fresh/求解器/crates/kernel/复核/否证-r3-2-证据/window-past-result.json\",\"status\":\"invalid_input\"}\n",
  "stderr": "",
  "result_path": "/home/zhuran24/zmd-research-fresh/求解器/crates/kernel/复核/否证-r3-2-证据/window-past-result.json",
  "status": "invalid_input",
  "schema": "kernel-output-v3",
  "stop": null,
  "open_items": [
    "invalid_input input @ W|4|probe_gate_a: 待事件时刻与进度不符"
  ]
}
