{"iteration": 0, "elapsed": 2.8825847690022783, "source": "/home/zhuran24/zmd-research-fresh/求解器/构造/第四张全厂候选/实现/实验/逐路联合901-best.json", "source_routes": 211, "center": "QK6", "result": {"routes": 209, "power_distance": 0, "deficit": 56, "disconnected": 109, "focus_connected": false}}
{"iteration": 1, "elapsed": 23.114870473000337, "source": "/home/zhuran24/zmd-research-fresh/求解器/构造/第四张全厂候选/实现/实验/全条件连通循环/全局最好.json", "source_routes": 209, "center": "SB12", "result": {"routes": 207, "power_distance": 0, "deficit": 52, "disconnected": 110, "focus_connected": true}}
{"iteration": 2, "elapsed": 32.19666751800105, "source": "/home/zhuran24/zmd-research-fresh/求解器/构造/第四张全厂候选/实现/实验/全条件连通循环/全局最好.json", "source_routes": 207, "center": "R15", "result": {"routes": 206, "power_distance": 0, "deficit": 50, "disconnected": 109, "focus_connected": false}}
{"iteration": 3, "elapsed": 42.04237227699923, "source": "/home/zhuran24/zmd-research-fresh/求解器/构造/第四张全厂候选/实现/实验/全条件连通循环/全局最好.json", "source_routes": 206, "center": "KF33", "result": {"routes": 203, "power_distance": 0, "deficit": 47, "disconnected": 106, "focus_connected": false}}
{"iteration": 4, "elapsed": 71.47476497100433, "source": "/home/zhuran24/zmd-research-fresh/求解器/构造/第四张全厂候选/实现/实验/全条件连通循环/全局最好.json", "source_routes": 203, "center": "S11", "result": {"routes": 197, "power_distance": 0, "deficit": 40, "disconnected": 112, "focus_connected": true}}
{"iteration": 5, "elapsed": 80.61369896199903, "source": "/home/zhuran24/zmd-research-fresh/求解器/构造/第四张全厂候选/实现/实验/全条件连通循环/全局最好.json", "source_routes": 203, "center": "E3", "result": {"routes": 203, "power_distance": 0, "deficit": 47, "disconnected": 106, "focus_connected": false}}
{"iteration": 6, "elapsed": 97.73430760300107, "source": "/home/zhuran24/zmd-research-fresh/求解器/构造/第四张全厂候选/实现/实验/全条件连通循环/全局最好.json", "source_routes": 203, "center": "R10", "result": {"routes": 203, "power_distance": 0, "deficit": 46, "disconnected": 105, "focus_connected": true}}
{"iteration": 7, "elapsed": 127.57406720200379, "source": "/home/zhuran24/zmd-research-fresh/求解器/构造/第四张全厂候选/实现/实验/全条件连通循环/全局最好.json", "source_routes": 203, "center": "SC7", "result": {"routes": 198, "power_distance": 0, "deficit": 41, "disconnected": 108, "focus_connected": false}}
{"iteration": 8, "elapsed": 151.11354436200054, "source": "/home/zhuran24/zmd-research-fresh/求解器/构造/第四张全厂候选/实现/实验/全条件连通循环/全局最好.json", "source_routes": 203, "center": "SB7", "result": {"routes": 202, "power_distance": 0, "deficit": 42, "disconnected": 106, "focus_connected": false}}
{"iteration": 9, "elapsed": 180.69168493799953, "source": "/home/zhuran24/zmd-research-fresh/求解器/构造/第四张全厂候选/实现/实验/全条件连通循环/全局最好.json", "source_routes": 202, "center": "SC5", "result": {"routes": 198, "power_distance": 0, "deficit": 38, "disconnected": 111, "focus_connected": true}}
{"iteration": 10, "elapsed": 189.60886552600277, "source": "/home/zhuran24/zmd-research-fresh/求解器/构造/第四张全厂候选/实现/实验/全条件连通循环/全局最好.json", "source_routes": 202, "center": "S1", "result": {"routes": 202, "power_distance": 0, "deficit": 43, "disconnected": 105, "focus_connected": false}}
{"iteration": 11, "elapsed": 218.49004836800304, "source": "/home/zhuran24/zmd-research-fresh/求解器/构造/第四张全厂候选/实现/实验/全条件连通循环/全局最好.json", "source_routes": 202, "center": "SC5", "result": {"routes": 202, "power_distance": 0, "deficit": 42, "disconnected": 103, "focus_connected": false}}
{"iteration": 12, "elapsed": 228.51924461500312, "source": "/home/zhuran24/zmd-research-fresh/求解器/构造/第四张全厂候选/实现/实验/全条件连通循环/全局最好.json", "source_routes": 202, "center": "P6", "result": {"routes": 200, "power_distance": 0, "deficit": 40, "disconnected": 104, "focus_connected": false}}
{"iteration": 13, "elapsed": 237.422096727998, "source": "/home/zhuran24/zmd-research-fresh/求解器/构造/第四张全厂候选/实现/实验/全条件连通循环/全局最好.json", "source_routes": 202, "center": "QA5", "result": {"routes": 203, "power_distance": 0, "deficit": 42, "disconnected": 102, "focus_connected": false}}
{"iteration": 14, "elapsed": 268.5809855039988, "source": "/home/zhuran24/zmd-research-fresh/求解器/构造/第四张全厂候选/实现/实验/全条件连通循环/全局最好.json", "source_routes": 203, "center": "SC10", "result": {"routes": 204, "power_distance": 0, "deficit": 44, "disconnected": 102, "focus_connected": true}}
{"iteration": 15, "elapsed": 279.1581841060033, "source": "/home/zhuran24/zmd-research-fresh/求解器/构造/第四张全厂候选/实现/实验/全条件连通循环/全局最好.json", "source_routes": 203, "center": "QA5", "result": {"routes": 203, "power_distance": 0, "deficit": 42, "disconnected": 102, "focus_connected": false}}
{"iteration": 16, "elapsed": 288.34899851500086, "source": "/home/zhuran24/zmd-research-fresh/求解器/构造/第四张全厂候选/实现/实验/全条件连通循环/全局最好.json", "source_routes": 203, "center": "SB9", "result": {"routes": 203, "power_distance": 0, "deficit": 41, "disconnected": 103, "focus_connected": false}}
{"iteration": 17, "elapsed": 298.72237843600305, "source": "/home/zhuran24/zmd-research-fresh/求解器/构造/第四张全厂候选/实现/实验/全条件连通循环/全局最好.json", "source_routes": 203, "center": "E2", "result": {"routes": 203, "power_distance": 0, "deficit": 41, "disconnected": 103, "focus_connected": false}}
{"iteration": 18, "elapsed": 319.2124823740014, "source": "/home/zhuran24/zmd-research-fresh/求解器/构造/第四张全厂候选/实现/实验/全条件连通循环/全局最好.json", "source_routes": 203, "center": "RF4", "result": {"routes": 201, "power_distance": 0, "deficit": 42, "disconnected": 102, "focus_connected": true}}
{"iteration": 19, "elapsed": 341.6219420280031, "source": "/home/zhuran24/zmd-research-fresh/求解器/构造/第四张全厂候选/实现/实验/逐路联合901-best.json", "source_routes": 203, "center": "SC12", "result": {"routes": 202, "power_distance": 0, "deficit": 41, "disconnected": 102, "focus_connected": false}}
{"iteration": 20, "elapsed": 357.4929011990025, "source": "/home/zhuran24/zmd-research-fresh/求解器/构造/第四张全厂候选/实现/实验/逐路联合901-best.json", "source_routes": 202, "center": "E1", "result": {"routes": 201, "power_distance": 0, "deficit": 41, "disconnected": 103, "focus_connected": false}}
{"iteration": 21, "elapsed": 386.6464870999989, "source": "/home/zhuran24/zmd-research-fresh/求解器/构造/第四张全厂候选/实现/实验/全条件连通循环/全局最好.json", "source_routes": 202, "center": "R11", "result": {"routes": 202, "power_distance": 0, "deficit": 41, "disconnected": 102, "focus_connected": false}}
{"iteration": 22, "elapsed": 399.1350591579976, "source": "/home/zhuran24/zmd-research-fresh/求解器/构造/第四张全厂候选/实现/实验/逐路联合901-best.json", "source_routes": 202, "center": "RF4", "result": {"routes": 201, "power_distance": 0, "deficit": 41, "disconnected": 103, "focus_connected": true}}
{"iteration": 23, "elapsed": 428.2781764640022, "source": "/home/zhuran24/zmd-research-fresh/求解器/构造/第四张全厂候选/实现/实验/逐路联合943-best.json", "source_routes": 201, "center": "SA5", "result": {"routes": 202, "power_distance": 0, "deficit": 41, "disconnected": 102, "focus_connected": true}}
{"iteration": 24, "elapsed": 442.9845871389989, "source": "/home/zhuran24/zmd-research-fresh/求解器/构造/第四张全厂候选/实现/实验/逐路联合941-best.json", "source_routes": 202, "center": "S11", "result": {"routes": 201, "power_distance": 0, "deficit": 40, "disconnected": 103, "focus_connected": false}}
{"iteration": 25, "elapsed": 451.68929757200385, "source": "/home/zhuran24/zmd-research-fresh/求解器/构造/第四张全厂候选/实现/实验/逐路联合943-best.json", "source_routes": 202, "center": "QA5", "result": {"routes": 202, "power_distance": 0, "deficit": 41, "disconnected": 101, "focus_connected": false}}
{"iteration": 26, "elapsed": 466.97384336600226, "source": "/home/zhuran24/zmd-research-fresh/求解器/构造/第四张全厂候选/实现/实验/逐路联合941-best.json", "source_routes": 202, "center": "S1", "result": {"routes": 203, "power_distance": 0, "deficit": 41, "disconnected": 101, "focus_connected": false}}
{"iteration": 27, "elapsed": 475.694252330999, "source": "/home/zhuran24/zmd-research-fresh/求解器/构造/第四张全厂候选/实现/实验/逐路联合901-best.json", "source_routes": 203, "center": "QA5", "result": {"routes": 204, "power_distance": 0, "deficit": 40, "disconnected": 101, "focus_connected": false}}
{"iteration": 28, "elapsed": 487.1410776210032, "source": "/home/zhuran24/zmd-research-fresh/求解器/构造/第四张全厂候选/实现/实验/逐路联合941-best.json", "source_routes": 204, "center": "Q3", "result": {"routes": 203, "power_distance": 0, "deficit": 40, "disconnected": 102, "focus_connected": false}}
{"iteration": 29, "elapsed": 516.4726282710035, "source": "/home/zhuran24/zmd-research-fresh/求解器/构造/第四张全厂候选/实现/实验/逐路联合941-best.json", "source_routes": 203, "center": "QC1", "result": {"routes": 203, "power_distance": 0, "deficit": 41, "disconnected": 102, "focus_connected": true}}
{"iteration": 30, "elapsed": 545.1499868390019, "source": "/home/zhuran24/zmd-research-fresh/求解器/构造/第四张全厂候选/实现/实验/逐路联合941-best.json", "source_routes": 203, "center": "QA4", "result": {"routes": 204, "power_distance": 0, "deficit": 40, "disconnected": 103, "focus_connected": false}}
{"iteration": 31, "elapsed": 574.0976523210047, "source": "/home/zhuran24/zmd-research-fresh/求解器/构造/第四张全厂候选/实现/实验/逐路联合941-best.json", "source_routes": 203, "center": "B14", "result": {"routes": 204, "power_distance": 0, "deficit": 41, "disconnected": 101, "focus_connected": false}}
{"iteration": 32, "elapsed": 582.8148668010035, "source": "/home/zhuran24/zmd-research-fresh/求解器/构造/第四张全厂候选/实现/实验/逐路联合941-best.json", "source_routes": 204, "center": "RF20", "result": {"routes": 203, "power_distance": 0, "deficit": 39, "disconnected": 100, "focus_connected": false}}
{"iteration": 33, "elapsed": 591.9093947439978, "source": "/home/zhuran24/zmd-research-fresh/求解器/构造/第四张全厂候选/实现/实验/逐路联合941-best.json", "source_routes": 203, "center": "POWER12", "result": {"routes": 203, "power_distance": 0, "deficit": 38, "disconnected": 100, "focus_connected": false}}
{"iteration": 34, "elapsed": 620.7991825420031, "source": "/home/zhuran24/zmd-research-fresh/求解器/构造/第四张全厂候选/实现/实验/逐路联合941-best.json", "source_routes": 203, "center": "SB1", "result": {"routes": 202, "power_distance": 0, "deficit": 38, "disconnected": 99, "focus_connected": false}}
{"iteration": 35, "elapsed": 649.5448100310023, "source": "/home/zhuran24/zmd-research-fresh/求解器/构造/第四张全厂候选/实现/实验/逐路联合943-best.json", "source_routes": 202, "center": "QA5", "result": {"routes": 204, "power_distance": 0, "deficit": 38, "disconnected": 100, "focus_connected": false}}
{"iteration": 36, "elapsed": 678.2870457200042, "source": "/home/zhuran24/zmd-research-fresh/求解器/构造/第四张全厂候选/实现/实验/逐路联合941-best.json", "source_routes": 202, "center": "P4", "result": {"routes": 206, "power_distance": 0, "deficit": 41, "disconnected": 100, "focus_connected": true}}
{"iteration": 37, "elapsed": 691.4192725489993, "source": "/home/zhuran24/zmd-research-fresh/求解器/构造/第四张全厂候选/实现/实验/逐路联合941-best.json", "source_routes": 202, "center": "SA3", "result": {"routes": 205, "power_distance": 0, "deficit": 39, "disconnected": 100, "focus_connected": false}}
{"iteration": 38, "elapsed": 720.7515556040016, "source": "/home/zhuran24/zmd-research-fresh/求解器/构造/第四张全厂候选/实现/实验/逐路联合941-best.json", "source_routes": 202, "center": "RF26", "result": {"routes": 202, "power_distance": 0, "deficit": 38, "disconnected": 99, "focus_connected": false}}
{"iteration": 39, "elapsed": 730.3665326539995, "source": "/home/zhuran24/zmd-research-fresh/求解器/构造/第四张全厂候选/实现/实验/逐路联合941-best.json", "source_routes": 202, "center": "RF18", "result": {"routes": 202, "power_distance": 0, "deficit": 38, "disconnected": 99, "focus_connected": false}}
{"iteration": 40, "elapsed": 751.4148635149977, "source": "/home/zhuran24/zmd-research-fresh/求解器/构造/第四张全厂候选/实现/实验/逐路联合941-best.json", "source_routes": 202, "center": "S13", "result": {"routes": 204, "power_distance": 0, "deficit": 40, "disconnected": 100, "focus_connected": true}}
{"iteration": 41, "elapsed": 769.7378416420033, "source": "/home/zhuran24/zmd-research-fresh/求解器/构造/第四张全厂候选/实现/实验/逐路联合941-best.json", "source_routes": 202, "center": "R11", "result": {"routes": 203, "power_distance": 0, "deficit": 37, "disconnected": 100, "focus_connected": true}}
{"iteration": 42, "elapsed": 798.548026354998, "source": "/home/zhuran24/zmd-research-fresh/求解器/构造/第四张全厂候选/实现/实验/逐路联合941-best.json", "source_routes": 203, "center": "KF28", "result": {"routes": 206, "power_distance": 0, "deficit": 39, "disconnected": 98, "focus_connected": false}}
{"iteration": 43, "elapsed": 806.9678797390006, "source": "/home/zhuran24/zmd-research-fresh/求解器/构造/第四张全厂候选/实现/实验/逐路联合941-best.json", "source_routes": 206, "center": "QA5", "result": {"routes": 205, "power_distance": 0, "deficit": 38, "disconnected": 98, "focus_connected": false}}
{"iteration": 44, "elapsed": 815.7550783670013, "source": "/home/zhuran24/zmd-research-fresh/求解器/构造/第四张全厂候选/实现/实验/逐路联合941-best.json", "source_routes": 205, "center": "SB11", "result": {"routes": 205, "power_distance": 0, "deficit": 38, "disconnected": 98, "focus_connected": false}}
{"iteration": 45, "elapsed": 826.2124284620004, "source": "/home/zhuran24/zmd-research-fresh/求解器/构造/第四张全厂候选/实现/实验/逐路联合941-best.json", "source_routes": 205, "center": "POWER21", "result": {"routes": 203, "power_distance": 0, "deficit": 36, "disconnected": 99, "focus_connected": false}}
{"iteration": 46, "elapsed": 855.4297154610031, "source": "/home/zhuran24/zmd-research-fresh/求解器/构造/第四张全厂候选/实现/实验/逐路联合941-best.json", "source_routes": 205, "center": "B15", "result": {"routes": 206, "power_distance": 0, "deficit": 38, "disconnected": 100, "focus_connected": false}}
{"iteration": 47, "elapsed": 885.7380700360009, "source": "/home/zhuran24/zmd-research-fresh/求解器/构造/第四张全厂候选/实现/实验/逐路联合941-best.json", "source_routes": 205, "center": "P3", "result": {"routes": 200, "power_distance": 0, "deficit": 33, "disconnected": 102, "focus_connected": false}}
{"iteration": 48, "elapsed": 898.1745416949998, "source": "/home/zhuran24/zmd-research-fresh/求解器/构造/第四张全厂候选/实现/实验/逐路联合941-best.json", "source_routes": 205, "center": "QB3", "result": {"routes": 204, "power_distance": 0, "deficit": 37, "disconnected": 98, "focus_connected": false}}
{"iteration": 49, "elapsed": 907.1059714189978, "source": "/home/zhuran24/zmd-research-fresh/求解器/构造/第四张全厂候选/实现/实验/逐路联合941-best.json", "source_routes": 204, "center": "P6", "result": {"routes": 204, "power_distance": 0, "deficit": 37, "disconnected": 98, "focus_connected": false}}
