{"schema": "joint-cp-run-v1", "W": 70, "H": 70, "routes": 325, "machines": 230, "fixed_rectangle": [63, 14, 6, 6], "bridge_restriction": "two used axes; adjacent bridges allowed", "near_placement_radius": 5, "hinted_routes": 225, "no_lp": false, "power_poles": 26, "seed": 1109, "workers": 6, "build_seconds": 3.6609036970039597, "variables": 184026, "constraints": 456672, "validation": ""}

Starting CP-SAT solver v9.15.6755
Parameters: random_seed: 1109 max_time_in_seconds: 600 log_search_progress: true num_search_workers: 6

Initial optimization model '': (model_fingerprint: 0x969e1ffc9b52bc51)
#Variables: 184'026 (#bools: 4'900 #ints: 650 in objective) (174'511 primary variables)
  - 108'927 Booleans in [0,1]
  - 483 different domains in [-1,19599] with a largest complexity of 417.
  - 29 constants in {1,363,375,387,399,411,423,435 ... 10942,11486,12326,13166,14006,14389,14846,15503} 
#kAllDiff: 1
#kBoolAnd: 9'800 (#enforced: 9'800) (#literals: 29'400)
#kBoolOr: 10'056 (#enforced: 9'800) (#literals: 25'606)
#kElement: 650
#kInterval: 10'408 (#enforced: 9'800) (#fixed: 94)
#kLinMax: 650 (#expressions: 1'300)
#kLinear1: 168'612 (#enforced: 166'600)
#kLinear2: 139'134 (#enforced: 99'600) (#complex_domain: 4'900)
#kLinear3: 58'100 (#enforced: 12'800)
#kLinearN: 58'334 (#enforced: 28'560) (#terms: 360'810)
#kNoOverlap2D: 1 (#rectangles: 5'204, #optional: 4'900, #quadratic_areas: 230, #fixed_rectangles: 47)
#kTable: 926

Starting presolve at 0.55s
The solution hint is incomplete: 6632 out of 183997 non fixed variables hinted.
  3.10e-02s  0.00e+00d  [DetectDominanceRelations] 
  1.60e+00s  9.30e-04d  [PresolveToFixPoint] #num_loops=8 #num_dual_strengthening=2 
  3.41e-03s  0.00e+00d  [ExtractEncodingFromLinear] #potential_supersets=48'497 
  2.82e-02s  0.00e+00d  [DetectDuplicateColumns] 
  3.37e-02s  0.00e+00d  [DetectDuplicateConstraints] #duplicates=7'895 
[Symmetry] Graph for symmetry has 1'969'742 nodes and 3'070'292 arcs.
[Symmetry] Graph too large. Skipping. You can use symmetry_level:3 or more to force it.
[SAT presolve] num removable Booleans: 0 / 348'050
[SAT presolve] num trivial clauses: 0
[SAT presolve] [0s] clauses:59'749 literals:148'076 vars:42'238 one_side_vars:17952 simple_definition:16'167 singleton_clauses:0
[SAT presolve] [0.00234282s] clauses:57'137 literals:132'408 vars:42'238 one_side_vars:17958 simple_definition:17'409 singleton_clauses:0
[SAT presolve] [0.0106976s] clauses:57'137 literals:132'408 vars:42'238 one_side_vars:17958 simple_definition:17'409 singleton_clauses:0
  2.98e-02s  0.00e+00d  [DetectDuplicateConstraintsWithDifferentEnforcements] #without_enforcements=7'565 
  2.07e+00s  1.00e+00d *[Probe] #probed=4'779 #fixed_bools=299 #new_bounds=98 #equiv=68 #new_binary_clauses=5'424 
  4.09e-02s  8.81e-02d  [MaxClique] Merged 85'553 constraints with 230'372 literals into 27'772 constraints with 104'947 literals
  7.20e-02s  0.00e+00d  [DetectDominanceRelations] 
  4.14e+00s  9.12e-04d  [PresolveToFixPoint] #num_loops=4 #num_dual_strengthening=2 
  4.32e-02s  0.00e+00d  [ProcessAtMostOneAndLinear] 
  3.20e-02s  0.00e+00d  [DetectDuplicateConstraints] #duplicates=258 
  2.97e-02s  0.00e+00d  [DetectDuplicateConstraintsWithDifferentEnforcements] #without_enforcements=7'352 
  1.42e-02s  1.00e-03d  [DetectDominatedLinearConstraints] #relevant_constraints=30'524 #num_inclusions=7'070 
  1.32e-02s  0.00e+00d  [DetectDifferentVariables] 
  2.01e-02s  1.27e-03d  [ProcessSetPPC] #relevant_constraints=87'331 #num_inclusions=7'934 
  2.61e-02s  5.99e-04d  [TransformClausesToExactlyOne] #num_amos=31'670 #num_clauses=16'104 #num_checked=16'104 
  1.37e+00s  0.00e+00d  [DetectEncodedComplexDomains] 
  1.05e-02s  2.22e-04d  [FindAlmostIdenticalLinearConstraints] #num_tested_pairs=4'966 
  1.40e-01s  1.00e+00d *[FindBigAtMostOneAndLinearOverlap] 
  5.10e-02s  1.00e+00d *[FindBigVerticalLinearOverlap] 
  1.44e-01s  1.00e+00d *[FindBigHorizontalLinearOverlap] #linears=8'006 
  9.94e-03s  2.52e-04d  [MergeClauses] #num_collisions=2'760 #num_merges=2'760 #num_saved_literals=6'170 
  7.53e-02s  0.00e+00d  [DetectDominanceRelations] 
  6.43e+00s  9.12e-04d  [PresolveToFixPoint] #num_loops=1 #num_dual_strengthening=1 
  7.23e-02s  0.00e+00d  [DetectDominanceRelations] 
  6.16e+00s  9.12e-04d  [PresolveToFixPoint] #num_loops=1 #num_dual_strengthening=1 
  2.40e-02s  0.00e+00d  [DetectDuplicateColumns] 
  2.53e-02s  0.00e+00d  [DetectDuplicateConstraints] 
[Symmetry] Graph for symmetry has 1'921'340 nodes and 2'907'268 arcs.
[Symmetry] Graph too large. Skipping. You can use symmetry_level:3 or more to force it.
[SAT presolve] num removable Booleans: 0 / 347'002
[SAT presolve] num trivial clauses: 0
[SAT presolve] [0s] clauses:27'996 literals:74'091 vars:28'554 one_side_vars:8252 simple_definition:18'034 singleton_clauses:0
[SAT presolve] [0.00118586s] clauses:27'994 literals:74'081 vars:28'554 one_side_vars:8252 simple_definition:18'037 singleton_clauses:0
[SAT presolve] [0.00712748s] clauses:27'994 literals:74'081 vars:28'554 one_side_vars:8252 simple_definition:18'037 singleton_clauses:0
  6.38e-02s  0.00e+00d  [DetectDuplicateConstraintsWithDifferentEnforcements] #without_enforcements=7'349 
  2.60e+00s  1.00e+00d *[Probe] #probed=4'876 #fixed_bools=35 #new_bounds=7 #equiv=22 #new_binary_clauses=4'554 
  4.13e-02s  8.55e-02d  [MaxClique] Merged 31'656 constraints with 112'690 literals into 31'653 constraints with 112'685 literals
  7.27e-02s  0.00e+00d  [DetectDominanceRelations] 
  6.24e+00s  9.12e-04d  [PresolveToFixPoint] #num_loops=2 #num_dual_strengthening=1 
  4.89e-02s  0.00e+00d  [ProcessAtMostOneAndLinear] 
  2.65e-02s  0.00e+00d  [DetectDuplicateConstraints] #duplicates=22 
  6.45e-02s  0.00e+00d  [DetectDuplicateConstraintsWithDifferentEnforcements] #without_enforcements=7'349 
  1.58e-02s  1.00e-03d  [DetectDominatedLinearConstraints] #relevant_constraints=30'522 #num_inclusions=7'070 
  1.35e-02s  0.00e+00d  [DetectDifferentVariables] 
  2.32e-02s  1.32e-03d  [ProcessSetPPC] #relevant_constraints=91'211 #num_inclusions=11'855 
  2.64e-02s  5.99e-04d  [TransformClausesToExactlyOne] #num_amos=31'652 #num_clauses=16'104 #num_checked=16'104 
  1.26e+00s  0.00e+00d  [DetectEncodedComplexDomains] 
  1.03e-02s  2.19e-04d  [FindAlmostIdenticalLinearConstraints] #num_tested_pairs=4'939 
  1.41e-01s  1.00e+00d *[FindBigAtMostOneAndLinearOverlap] 
  5.38e-02s  1.00e+00d *[FindBigVerticalLinearOverlap] 
  1.44e-01s  1.00e+00d *[FindBigHorizontalLinearOverlap] #linears=8'006 
  1.06e-02s  2.51e-04d  [MergeClauses] #num_collisions=2'760 #num_merges=2'760 #num_saved_literals=6'170 
  7.26e-02s  0.00e+00d  [DetectDominanceRelations] 
  6.18e+00s  9.12e-04d  [PresolveToFixPoint] #num_loops=1 #num_dual_strengthening=1 
  7.23e-02s  0.00e+00d  [DetectDominanceRelations] 
  6.16e+00s  9.12e-04d  [PresolveToFixPoint] #num_loops=1 #num_dual_strengthening=1 
  2.18e-02s  0.00e+00d  [DetectDuplicateColumns] 
  2.55e-02s  0.00e+00d  [DetectDuplicateConstraints] 
[Symmetry] Graph for symmetry has 1'921'145 nodes and 2'906'710 arcs.
[Symmetry] Graph too large. Skipping. You can use symmetry_level:3 or more to force it.
[SAT presolve] num removable Booleans: 0 / 346'945
[SAT presolve] num trivial clauses: 0
[SAT presolve] [0s] clauses:28'005 literals:74'102 vars:28'550 one_side_vars:8251 simple_definition:18'034 singleton_clauses:0
[SAT presolve] [0.00163097s] clauses:28'003 literals:74'096 vars:28'550 one_side_vars:8251 simple_definition:18'034 singleton_clauses:0
[SAT presolve] [0.0073755s] clauses:28'003 literals:74'096 vars:28'550 one_side_vars:8251 simple_definition:18'034 singleton_clauses:0
  6.58e-02s  0.00e+00d  [DetectDuplicateConstraintsWithDifferentEnforcements] #without_enforcements=7'349 
  2.60e+00s  1.00e+00d *[Probe] #probed=4'876 #new_binary_clauses=4'281 
  4.24e-02s  8.54e-02d  [MaxClique] 
  9.84e-02s  0.00e+00d  [DetectDominanceRelations] 
  6.20e+00s  9.12e-04d  [PresolveToFixPoint] #num_loops=1 #num_dual_strengthening=1 
  5.26e-02s  0.00e+00d  [ProcessAtMostOneAndLinear] 
  2.63e-02s  0.00e+00d  [DetectDuplicateConstraints] 
  6.30e-02s  0.00e+00d  [DetectDuplicateConstraintsWithDifferentEnforcements] #without_enforcements=7'349 
  1.62e-02s  1.00e-03d  [DetectDominatedLinearConstraints] #relevant_constraints=30'522 #num_inclusions=7'070 
  1.37e-02s  0.00e+00d  [DetectDifferentVariables] 
  2.51e-02s  1.32e-03d  [ProcessSetPPC] #relevant_constraints=91'208 #num_inclusions=11'854 
  2.66e-02s  5.99e-04d  [TransformClausesToExactlyOne] #num_amos=31'652 #num_clauses=16'102 #num_checked=16'102 
  1.27e+00s  0.00e+00d  [DetectEncodedComplexDomains] 
  1.06e-02s  2.22e-04d  [FindAlmostIdenticalLinearConstraints] #num_tested_pairs=5'013 
  1.40e-01s  1.00e+00d *[FindBigAtMostOneAndLinearOverlap] 
  5.48e-02s  1.00e+00d *[FindBigVerticalLinearOverlap] 
  1.44e-01s  1.00e+00d *[FindBigHorizontalLinearOverlap] #linears=8'006 
  1.12e-02s  2.51e-04d  [MergeClauses] #num_collisions=2'760 #num_merges=2'760 #num_saved_literals=6'170 
  7.29e-02s  0.00e+00d  [DetectDominanceRelations] 
  6.18e+00s  9.12e-04d  [PresolveToFixPoint] #num_loops=1 #num_dual_strengthening=1 
  5.50e-03s  0.00e+00d  [MergeNoOverlap] 
  6.53e-02s  0.00e+00d  [MergeNoOverlap2D] 
  2.02e-02s  0.00e+00d  [ExpandObjective] #entries=377'284 #tight_variables=66'544 #tight_constraints=15'242 #expands=4'001 

Presolve summary:
  - 2003 affine relations were detected.
  - rule 'TODO dual: make linear1 equiv' was applied 1'189 times.
  - rule 'TODO dual: only one blocking constraint?' was applied 8'847 times.
  - rule 'TODO dual: only one blocking enforced constraint?' was applied 177 times.
  - rule 'TODO duplicate: skipped identical encoding constraints' was applied 7 times.
  - rule 'TODO interval: same interval with different enforcement?' was applied 44'214 times.
  - rule 'TODO linear1: appear in only one extra 2-var constraint' was applied 216 times.
  - rule 'TODO linear2: contains a boolean' was applied 1'062 times.
  - rule 'TODO linear2: convert ax + by != cte to clauses for large domains' was applied 78'866 times.
  - rule 'affine: new relation' was applied 2'003 times.
  - rule 'all_diff: permutation expanded' was applied 1 time.
  - rule 'all_diff: propagate fixed expressions' was applied 1 time.
  - rule 'all_diff: remove fixed expressions' was applied 1 time.
  - rule 'at_most_one: removed literals' was applied 176 times.
  - rule 'at_most_one: size one' was applied 46 times.
  - rule 'at_most_one: transformed into max clique' was applied 2 times.
  - rule 'bool_and: always false' was applied 1'928 times.
  - rule 'bool_and: fixed literals' was applied 2 times.
  - rule 'bool_and: non-reified' was applied 31 times.
  - rule 'bool_and: setting unused literal in rhs to true' was applied 3 times.
  - rule 'bool_and: x => x' was applied 48 times.
  - rule 'bool_or: always true' was applied 4'555 times.
  - rule 'bool_or: fixed literals' was applied 146 times.
  - rule 'bool_or: implications' was applied 32'863 times.
  - rule 'bool_or: only one literal' was applied 11'319 times.
  - rule 'bool_or: removed enforcement literal' was applied 10'925 times.
  - rule 'bool_or: singleton' was applied 57 times.
  - rule 'deductions: 907943 stored' was applied 1 time.
  - rule 'deductions: reduced variable domain' was applied 9 times.
  - rule 'dual: enforced equivalence' was applied 46 times.
  - rule 'dual: fix variable' was applied 10 times.
  - rule 'dual: make encoding equiv' was applied 2'226'459 times.
  - rule 'duplicate: false after merging' was applied 2 times.
  - rule 'duplicate: merged rhs of linear constraint' was applied 21 times.
  - rule 'duplicate: remapped duplicate intervals' was applied 2 times.
  - rule 'duplicate: removed constraint' was applied 8'173 times.
  - rule 'duplicate: removed enforced constraint' was applied 1 time.
  - rule 'element: expanded' was applied 622 times.
  - rule 'element: fixed index' was applied 28 times.
  - rule 'element: reduced index domain ' was applied 75 times.
  - rule 'enforcement: always false' was applied 9'216 times.
  - rule 'enforcement: false literal' was applied 30'754 times.
  - rule 'enforcement: literal not used' was applied 23 times.
  - rule 'enforcement: true literal' was applied 16'602 times.
  - rule 'exactly_one: removed literals' was applied 55 times.
  - rule 'exactly_one: size two' was applied 512 times.
  - rule 'incompatible linear: add implication' was applied 11'811 times.
  - rule 'intervals: change duplicate index inside constraint' was applied 39 times.
  - rule 'intervals: removed unused interval' was applied 475 times.
  - rule 'lin_max: affine_max target domain reduced' was applied 44 times.
  - rule 'lin_max: converted to equality' was applied 172 times.
  - rule 'lin_max: removed exprs' was applied 162 times.
  - rule 'lin_max: target domain reduced' was applied 1'098 times.
  - rule 'linear + amo: empty after processing' was applied 24 times.
  - rule 'linear + amo: extracted enforcement literal' was applied 96 times.
  - rule 'linear1: always true' was applied 179 times.
  - rule 'linear1: infeasible' was applied 131 times.
  - rule 'linear1: transformed to implication' was applied 13 times.
  - rule 'linear1: without enforcement' was applied 28 times.
  - rule 'linear1: x in domain' was applied 7'585 times.
  - rule 'linear2: boolean with one feasible value' was applied 11 times.
  - rule 'linear2: convert ax + by != cte to clauses' was applied 32'736 times.
  - rule 'linear2: convert implied ax + by == cte to clauses' was applied 540 times.
  - rule 'linear2: implied ax + by = cte has only one solution' was applied 9 times.
  - rule 'linear: always true' was applied 18'292 times.
  - rule 'linear: divide by GCD' was applied 206 times.
  - rule 'linear: empty' was applied 32'622 times.
  - rule 'linear: enforcement literal in expression' was applied 198 times.
  - rule 'linear: expanded complex rhs' was applied 3'937 times.
  - rule 'linear: extracted enforcement literal' was applied 8 times.
  - rule 'linear: fixed or dup variables' was applied 707'312 times.
  - rule 'linear: negative at most one' was applied 29'688 times.
  - rule 'linear: never in domain' was applied 4'030 times.
  - rule 'linear: positive at most one' was applied 14'844 times.
  - rule 'linear: positive equal one' was applied 3'993 times.
  - rule 'linear: reduced variable domains' was applied 23'412 times.
  - rule 'linear: remapped using affine relations' was applied 2'119 times.
  - rule 'linear: simplified rhs' was applied 26'530 times.
  - rule 'linear: small Boolean expression' was applied 1'969 times.
  - rule 'linear: variable substitution 1' was applied 88 times.
  - rule 'linear: variable substitution 2' was applied 127 times.
  - rule 'new_bool: complex linear expansion' was applied 7'874 times.
  - rule 'new_bool: integer encoding' was applied 257'103 times.
  - rule 'new_bool: table expansion' was applied 8'196 times.
  - rule 'new_bool: var with 2 values' was applied 122 times.
  - rule 'no_overlap_2d: presolved fixed rectangles' was applied 2 times.
  - rule 'no_overlap_2d: split into disjoint components' was applied 4 times.
  - rule 'objective: expanded via tight equality' was applied 4'001 times.
  - rule 'objective: shifted cost with exactly ones' was applied 3'962 times.
  - rule 'presolve: 42704 unused variables removed.' was applied 1 time.
  - rule 'presolve: iteration' was applied 3 times.
  - rule 'probing: bool_or reduced to implication' was applied 7 times.
  - rule 'probing: simplified clauses' was applied 21 times.
  - rule 'propagators: changed bounds' was applied 62 times.
  - rule 'setppc: bool_or in at_most_one' was applied 27 times.
  - rule 'setppc: fixed variables' was applied 16 times.
  - rule 'setppc: removed dominated constraints' was applied 7'875 times.
  - rule 'table: all constant' was applied 28 times.
  - rule 'table: all tuples!' was applied 357 times.
  - rule 'table: expanded positive constraint' was applied 519 times.
  - rule 'table: expanded positive constraint with two variables' was applied 22 times.
  - rule 'table: negative table without tuples' was applied 28 times.
  - rule 'table: reduce variable domain' was applied 2'060 times.
  - rule 'table: remove expressions' was applied 257 times.
  - rule 'table: remove tuples' was applied 257 times.
  - rule 'table: reused literals' was applied 49 times.
  - rule 'variables with 2 values: create encoding literal' was applied 122 times.
  - rule 'variables with 2 values: new affine relation' was applied 122 times.
  - rule 'variables: add encoding constraint' was applied 257'103 times.
  - rule 'variables: both boolean and its negation fix the same variable' was applied 64 times.
  - rule 'variables: canonicalize affine domain' was applied 128 times.
  - rule 'variables: canonicalize domain' was applied 211 times.
  - rule 'variables: detect fully reified value encoding' was applied 68'839 times.
  - rule 'variables: detect half reified value encoding' was applied 393'431 times.
  - rule 'variables: detected fully encoded domain' was applied 110 times.
  - rule 'variables: only used in value and order encodings' was applied 199 times.
  - rule 'variables: removable enforcement literal' was applied 14 times.

Presolved optimization model '': (model_fingerprint: 0x3975f453ee8a256e)
#Variables: 412'787 (#bools: 3'970 #ints: 765 in objective) (401'578 primary variables)
  - 354'690 Booleans in [0,1]
  - 570 different domains in [-1,19599] with a largest complexity of 417.
#kAtMostOne: 19'751 (#literals: 88'880)
#kBoolAnd: 11'876 (#enforced: 11'876) (#literals: 23'777)
#kBoolAndClauses: 2'760 (#enforced: 2'760 #multi: 2'760) (#literals: 11'690)
#kBoolOr: 14'519 (#literals: 44'245)
#kExactlyOne: 14'291 (#literals: 64'941)
#kInterval: 7'817 (#enforced: 7'400) (#fixed: 61)
#kLinMax: 478 (#expressions: 956)
#kLinear1: 891'265 (#enforced: 891'265 #multi: 6)
#kLinear2: 73'147 (#enforced: 73'147)
#kLinear3: 867
#kLinearN: 29'655 (#enforced: 21'257) (#terms: 220'219)
#kNoOverlap2D: 1 (#rectangles: 3'962, #optional: 3'734, #quadratic_areas: 27, #fixed_rectangles: 50)
[Symmetry] Graph for symmetry has 1'892'018 nodes and 2'930'326 arcs.
[Symmetry] Graph too large. Skipping. You can use symmetry_level:3 or more to force it.

Preloading model.
#Bound  67.75s best:inf   next:[281296,39663394] initial_domain
The solution hint is incomplete: 167047 out of 412787 non fixed variables hinted.
#Model  68.50s var:412787/412787 constraints:1066427/1066427

Starting search at 69.85s with 6 workers.
4 full problem subsolvers: [core, default_lp, max_lp, no_lp]
2 first solution subsolvers: [fj, fs_random_no_lp]
15 interleaved subsolvers: [feasibility_pump, graph_arc_lns, graph_cst_lns, graph_dec_lns, graph_var_lns, ls, packing_precedences_lns, packing_random_lns, packing_slice_lns, packing_square_lns, packing_swap_lns, rins/rens, rnd_cst_lns, rnd_var_lns, scheduling_precedences_lns]
3 helper subsolvers: [neighborhood_helper, synchronization_agent, update_gap_integral]

terminate called after throwing an instance of 'std::bad_alloc'
  what():  std::bad_alloc
