{"schema": "joint-cp-run-v1", "W": 70, "H": 70, "routes": 325, "machines": 230, "fixed_rectangle": [63, 14, 6, 6], "bridge_restriction": "two used axes; no adjacent bridges", "near_placement_radius": 2, "hinted_routes": 225, "no_lp": false, "power_poles": 26, "seed": 1109, "workers": 6, "build_seconds": 3.6066112979970057, "variables": 184026, "constraints": 456672, "validation": ""}

Starting CP-SAT solver v9.15.6755
Parameters: random_seed: 1109 max_time_in_seconds: 600 log_search_progress: true num_search_workers: 6

Initial optimization model '': (model_fingerprint: 0xf5abe18aa0eb5551)
#Variables: 184'026 (#bools: 4'900 #ints: 650 in objective) (174'511 primary variables)
  - 108'927 Booleans in [0,1]
  - 489 different domains in [-1,19599] with a largest complexity of 181.
  - 29 constants in {1,363,375,387,399,411,423,435 ... 10942,11486,12326,13166,14006,14389,14846,15503} 
#kAllDiff: 1
#kBoolAnd: 9'800 (#enforced: 9'800) (#literals: 29'400)
#kBoolOr: 10'056 (#enforced: 9'800) (#literals: 25'606)
#kElement: 650
#kInterval: 10'408 (#enforced: 9'800) (#fixed: 94)
#kLinMax: 650 (#expressions: 1'300)
#kLinear1: 168'612 (#enforced: 166'600)
#kLinear2: 139'134 (#enforced: 99'600) (#complex_domain: 4'900)
#kLinear3: 58'100 (#enforced: 12'800)
#kLinearN: 58'334 (#enforced: 28'560) (#terms: 360'810)
#kNoOverlap2D: 1 (#rectangles: 5'204, #optional: 4'900, #quadratic_areas: 230, #fixed_rectangles: 47)
#kTable: 926

Starting presolve at 0.56s
The solution hint is incomplete: 6632 out of 183997 non fixed variables hinted.
  2.86e-02s  0.00e+00d  [DetectDominanceRelations] 
  1.66e+00s  1.07e-02d  [PresolveToFixPoint] #num_loops=8 #num_dual_strengthening=2 
  3.45e-03s  0.00e+00d  [ExtractEncodingFromLinear] #potential_supersets=45'279 
  1.90e-02s  0.00e+00d  [DetectDuplicateColumns] 
  1.83e-02s  0.00e+00d  [DetectDuplicateConstraints] #duplicates=7'368 
[Symmetry] Graph for symmetry has 1'035'772 nodes and 1'736'882 arcs.
[Symmetry] Graph too large. Skipping. You can use symmetry_level:3 or more to force it.
[SAT presolve] num removable Booleans: 0 / 161'362
[SAT presolve] num trivial clauses: 0
[SAT presolve] [0s] clauses:62'897 literals:167'567 vars:40'822 one_side_vars:15151 simple_definition:15'176 singleton_clauses:0
[SAT presolve] [0.0023625s] clauses:58'445 literals:140'859 vars:40'822 one_side_vars:15157 simple_definition:17'655 singleton_clauses:0
[SAT presolve] [0.00814608s] clauses:58'445 literals:140'859 vars:40'822 one_side_vars:15157 simple_definition:17'655 singleton_clauses:0
  1.59e-02s  0.00e+00d  [DetectDuplicateConstraintsWithDifferentEnforcements] #without_enforcements=7'070 
  7.94e-01s  1.01e+00d *[Probe] #probed=1'236 #fixed_bools=5'016 #new_bounds=2'271 #equiv=69 #new_binary_clauses=5'522 
  4.61e-02s  1.28e-01d  [MaxClique] Merged 79'377 constraints with 212'164 literals into 27'641 constraints with 100'908 literals
  3.89e-02s  0.00e+00d  [DetectDominanceRelations] 
  1.19e+00s  5.58e-03d  [PresolveToFixPoint] #num_loops=7 #num_dual_strengthening=2 
  3.37e-02s  0.00e+00d  [ProcessAtMostOneAndLinear] 
  1.67e-02s  0.00e+00d  [DetectDuplicateConstraints] #duplicates=163 
  1.33e-02s  0.00e+00d  [DetectDuplicateConstraintsWithDifferentEnforcements] #without_enforcements=6'407 
  1.03e-02s  8.55e-04d  [DetectDominatedLinearConstraints] #relevant_constraints=25'758 #num_inclusions=5'773 
  9.19e-03s  0.00e+00d  [DetectDifferentVariables] 
  1.65e-02s  1.25e-03d  [ProcessSetPPC] #relevant_constraints=84'936 #num_inclusions=7'146 
  1.72e-02s  7.21e-04d  [TransformClausesToExactlyOne] #num_amos=28'860 #num_clauses=21'283 #num_checked=21'283 
  2.60e-01s  0.00e+00d  [DetectEncodedComplexDomains] 
  5.98e-03s  1.77e-04d  [FindAlmostIdenticalLinearConstraints] #num_tested_pairs=4'047 
  1.53e-01s  1.00e+00d *[FindBigAtMostOneAndLinearOverlap] 
  4.86e-02s  1.00e+00d *[FindBigVerticalLinearOverlap] 
  1.39e-01s  1.00e+00d *[FindBigHorizontalLinearOverlap] #linears=7'265 
  7.66e-03s  3.45e-04d  [MergeClauses] #num_collisions=4'247 #num_merges=4'247 #num_saved_literals=9'617 
  3.93e-02s  0.00e+00d  [DetectDominanceRelations] 
  9.37e-01s  3.72e-03d  [PresolveToFixPoint] #num_loops=3 #num_dual_strengthening=1 
  3.91e-02s  0.00e+00d  [DetectDominanceRelations] 
  8.83e-01s  3.72e-03d  [PresolveToFixPoint] #num_loops=1 #num_dual_strengthening=1 
  1.27e-02s  0.00e+00d  [DetectDuplicateColumns] 
  1.22e-02s  0.00e+00d  [DetectDuplicateConstraints] 
[Symmetry] Graph for symmetry has 963'209 nodes and 1'518'724 arcs.
[Symmetry] Symmetry computation done. time: 0.11063 dtime: 0.333328
[SAT presolve] num removable Booleans: 0 / 154'765
[SAT presolve] num trivial clauses: 0
[SAT presolve] [0s] clauses:32'498 literals:91'465 vars:28'859 one_side_vars:7358 simple_definition:17'348 singleton_clauses:0
[SAT presolve] [0.00118848s] clauses:31'897 literals:87'858 vars:28'859 one_side_vars:7358 simple_definition:17'596 singleton_clauses:0
[SAT presolve] [0.00514307s] clauses:31'897 literals:87'858 vars:28'859 one_side_vars:7358 simple_definition:17'596 singleton_clauses:0
  1.92e-02s  0.00e+00d  [DetectDuplicateConstraintsWithDifferentEnforcements] #without_enforcements=6'401 
  7.84e-01s  1.00e+00d *[Probe] #probed=1'283 #fixed_bools=92 #new_bounds=40 #equiv=22 #new_binary_clauses=4'316 
  2.79e-02s  4.75e-02d  [MaxClique] Merged 28'845 constraints with 100'696 literals into 28'476 constraints with 100'187 literals
  3.94e-02s  0.00e+00d  [DetectDominanceRelations] 
  1.02e+00s  3.72e-03d  [PresolveToFixPoint] #num_loops=4 #num_dual_strengthening=2 
  3.79e-02s  0.00e+00d  [ProcessAtMostOneAndLinear] 
  1.32e-02s  0.00e+00d  [DetectDuplicateConstraints] #duplicates=22 
  1.68e-02s  0.00e+00d  [DetectDuplicateConstraintsWithDifferentEnforcements] #without_enforcements=6'397 
  1.16e-02s  8.54e-04d  [DetectDominatedLinearConstraints] #relevant_constraints=25'722 #num_inclusions=5'763 
  9.52e-03s  0.00e+00d  [DetectDifferentVariables] 
  1.95e-02s  1.45e-03d  [ProcessSetPPC] #relevant_constraints=87'485 #num_inclusions=10'636 
  1.79e-02s  7.28e-04d  [TransformClausesToExactlyOne] #num_amos=28'514 #num_clauses=20'772 #num_checked=20'772 
  2.65e-01s  0.00e+00d  [DetectEncodedComplexDomains] 
  6.39e-03s  1.69e-04d  [FindAlmostIdenticalLinearConstraints] #num_tested_pairs=3'874 
  1.40e-01s  1.00e+00d *[FindBigAtMostOneAndLinearOverlap] 
  4.92e-02s  1.00e+00d *[FindBigVerticalLinearOverlap] 
  1.40e-01s  1.00e+00d *[FindBigHorizontalLinearOverlap] #linears=7'261 
  8.35e-03s  3.29e-04d  [MergeClauses] #num_collisions=4'670 #num_merges=4'670 #num_saved_literals=10'444 
  3.94e-02s  0.00e+00d  [DetectDominanceRelations] 
  9.25e-01s  3.72e-03d  [PresolveToFixPoint] #num_loops=1 #num_dual_strengthening=1 
  3.93e-02s  0.00e+00d  [DetectDominanceRelations] 
  8.74e-01s  3.72e-03d  [PresolveToFixPoint] #num_loops=1 #num_dual_strengthening=1 
  1.22e-02s  0.00e+00d  [DetectDuplicateColumns] 
  1.30e-02s  0.00e+00d  [DetectDuplicateConstraints] 
[Symmetry] Graph for symmetry has 961'276 nodes and 1'512'099 arcs.
[Symmetry] Symmetry computation done. time: 0.11082 dtime: 0.340536
[SAT presolve] num removable Booleans: 0 / 154'602
[SAT presolve] num trivial clauses: 0
[SAT presolve] [0s] clauses:31'483 literals:87'221 vars:28'712 one_side_vars:7183 simple_definition:17'727 singleton_clauses:0
[SAT presolve] [0.00129041s] clauses:31'452 literals:87'044 vars:28'712 one_side_vars:7183 simple_definition:17'748 singleton_clauses:0
[SAT presolve] [0.00522228s] clauses:31'452 literals:87'044 vars:28'712 one_side_vars:7183 simple_definition:17'748 singleton_clauses:0
  1.83e-02s  0.00e+00d  [DetectDuplicateConstraintsWithDifferentEnforcements] #without_enforcements=6'397 
  7.79e-01s  1.00e+00d *[Probe] #probed=1'290 #new_binary_clauses=4'085 
  2.61e-02s  4.78e-02d  [MaxClique] Merged 28'514 constraints with 100'225 literals into 28'460 constraints with 100'117 literals
  3.96e-02s  0.00e+00d  [DetectDominanceRelations] 
  8.77e-01s  3.72e-03d  [PresolveToFixPoint] #num_loops=1 #num_dual_strengthening=1 
  3.91e-02s  0.00e+00d  [ProcessAtMostOneAndLinear] 
  1.33e-02s  0.00e+00d  [DetectDuplicateConstraints] 
  1.78e-02s  0.00e+00d  [DetectDuplicateConstraintsWithDifferentEnforcements] #without_enforcements=6'397 
  1.19e-02s  8.54e-04d  [DetectDominatedLinearConstraints] #relevant_constraints=25'722 #num_inclusions=5'763 
  9.81e-03s  0.00e+00d  [DetectDifferentVariables] 
  2.00e-02s  1.45e-03d  [ProcessSetPPC] #relevant_constraints=87'454 #num_inclusions=10'636 
  1.82e-02s  7.28e-04d  [TransformClausesToExactlyOne] #num_amos=28'514 #num_clauses=20'741 #num_checked=20'741 
  2.65e-01s  0.00e+00d  [DetectEncodedComplexDomains] 
  6.55e-03s  1.75e-04d  [FindAlmostIdenticalLinearConstraints] #num_tested_pairs=3'998 
  1.53e-01s  1.00e+00d *[FindBigAtMostOneAndLinearOverlap] 
  4.94e-02s  1.00e+00d *[FindBigVerticalLinearOverlap] 
  1.40e-01s  1.00e+00d *[FindBigHorizontalLinearOverlap] #linears=7'261 
  8.44e-03s  3.28e-04d  [MergeClauses] #num_collisions=4'691 #num_merges=4'691 #num_saved_literals=10'486 
  3.99e-02s  0.00e+00d  [DetectDominanceRelations] 
  9.23e-01s  3.72e-03d  [PresolveToFixPoint] #num_loops=1 #num_dual_strengthening=1 
  3.44e-03s  0.00e+00d  [MergeNoOverlap] 
  4.03e-02s  0.00e+00d  [MergeNoOverlap2D] 
  1.46e-02s  0.00e+00d  [ExpandObjective] #entries=370'010 #tight_variables=64'723 #tight_constraints=14'720 #expands=3'614 

Presolve summary:
  - 2071 affine relations were detected.
  - rule 'TODO dual: make linear1 equiv' was applied 126 times.
  - rule 'TODO dual: only one blocking constraint?' was applied 5'847 times.
  - rule 'TODO dual: only one blocking enforced constraint?' was applied 106 times.
  - rule 'TODO duplicate: skipped identical encoding constraints' was applied 2 times.
  - rule 'TODO interval: same interval with different enforcement?' was applied 39'037 times.
  - rule 'TODO linear1: appear in only one extra 2-var constraint' was applied 240 times.
  - rule 'TODO linear2: contains a boolean' was applied 214 times.
  - rule 'TODO linear2: convert ax + by != cte to clauses for large domains' was applied 72'094 times.
  - rule 'affine: new relation' was applied 2'071 times.
  - rule 'all_diff: permutation expanded' was applied 1 time.
  - rule 'all_diff: propagate fixed expressions' was applied 1 time.
  - rule 'all_diff: remove fixed expressions' was applied 1 time.
  - rule 'at_most_one: empty or all false' was applied 1'560 times.
  - rule 'at_most_one: removed literals' was applied 3'672 times.
  - rule 'at_most_one: satisfied' was applied 3'719 times.
  - rule 'at_most_one: size one' was applied 33 times.
  - rule 'at_most_one: transformed into max clique' was applied 3 times.
  - rule 'bool_and: always false' was applied 2'425 times.
  - rule 'bool_and: fixed literals' was applied 3 times.
  - rule 'bool_and: non-reified' was applied 1'024 times.
  - rule 'bool_and: setting unused literal in rhs to true' was applied 8 times.
  - rule 'bool_and: x => x' was applied 37 times.
  - rule 'bool_or: always true' was applied 7'191 times.
  - rule 'bool_or: fixed literals' was applied 184 times.
  - rule 'bool_or: implications' was applied 32'860 times.
  - rule 'bool_or: only one literal' was applied 13'564 times.
  - rule 'bool_or: removed enforcement literal' was applied 20'300 times.
  - rule 'bool_or: singleton' was applied 118 times.
  - rule 'deductions: 359747 stored' was applied 1 time.
  - rule 'dual: enforced equivalence' was applied 28 times.
  - rule 'dual: fix variable' was applied 17 times.
  - rule 'dual: make encoding equiv' was applied 643'708 times.
  - rule 'duplicate: false after merging' was applied 1 time.
  - rule 'duplicate: merged rhs of linear constraint' was applied 9 times.
  - rule 'duplicate: remapped duplicate intervals' was applied 2 times.
  - rule 'duplicate: removed constraint' was applied 7'552 times.
  - rule 'element: expanded' was applied 622 times.
  - rule 'element: fixed index' was applied 28 times.
  - rule 'element: reduced index domain ' was applied 377 times.
  - rule 'enforcement: always false' was applied 9'216 times.
  - rule 'enforcement: false literal' was applied 52'425 times.
  - rule 'enforcement: literal not used' was applied 77 times.
  - rule 'enforcement: true literal' was applied 27'476 times.
  - rule 'exactly_one: removed literals' was applied 128 times.
  - rule 'exactly_one: satisfied' was applied 441 times.
  - rule 'exactly_one: size two' was applied 516 times.
  - rule 'incompatible linear: add implication' was applied 10'628 times.
  - rule 'intervals: change duplicate index inside constraint' was applied 15 times.
  - rule 'intervals: removed unused interval' was applied 1'187 times.
  - rule 'lin_max: affine_max target domain reduced' was applied 41 times.
  - rule 'lin_max: converted to equality' was applied 209 times.
  - rule 'lin_max: removed exprs' was applied 200 times.
  - rule 'lin_max: target domain reduced' was applied 1'112 times.
  - rule 'linear + amo: empty after processing' was applied 24 times.
  - rule 'linear + amo: extracted enforcement literal' was applied 96 times.
  - rule 'linear1: always true' was applied 1'478 times.
  - rule 'linear1: infeasible' was applied 18 times.
  - rule 'linear1: transformed to implication' was applied 14 times.
  - rule 'linear1: without enforcement' was applied 28 times.
  - rule 'linear1: x in domain' was applied 7'597 times.
  - rule 'linear2: boolean with one feasible value' was applied 8 times.
  - rule 'linear2: convert ax + by != cte to clauses' was applied 32'736 times.
  - rule 'linear2: convert implied ax + by == cte to clauses' was applied 540 times.
  - rule 'linear2: implied ax + by = cte has only one solution' was applied 2 times.
  - rule 'linear: always true' was applied 19'817 times.
  - rule 'linear: divide by GCD' was applied 319 times.
  - rule 'linear: empty' was applied 41'096 times.
  - rule 'linear: enforcement literal in expression' was applied 219 times.
  - rule 'linear: expanded complex rhs' was applied 3'542 times.
  - rule 'linear: extracted enforcement literal' was applied 15 times.
  - rule 'linear: fixed or dup variables' was applied 722'675 times.
  - rule 'linear: infeasible' was applied 489 times.
  - rule 'linear: negative at most one' was applied 29'688 times.
  - rule 'linear: never in domain' was applied 5'147 times.
  - rule 'linear: not satisfied after GCD' was applied 15 times.
  - rule 'linear: positive at most one' was applied 14'844 times.
  - rule 'linear: positive equal one' was applied 3'993 times.
  - rule 'linear: reduced variable domains' was applied 29'148 times.
  - rule 'linear: remapped using affine relations' was applied 2'284 times.
  - rule 'linear: simplified rhs' was applied 165'296 times.
  - rule 'linear: small Boolean expression' was applied 3'844 times.
  - rule 'linear: variable substitution 1' was applied 123 times.
  - rule 'linear: variable substitution 2' was applied 195 times.
  - rule 'new_bool: complex linear expansion' was applied 7'084 times.
  - rule 'new_bool: integer encoding' was applied 76'206 times.
  - rule 'new_bool: table expansion' was applied 8'156 times.
  - rule 'new_bool: var with 2 values' was applied 136 times.
  - rule 'no_overlap_2d: presolved fixed rectangles' was applied 1 time.
  - rule 'no_overlap_2d: removed inactive boxes' was applied 4 times.
  - rule 'no_overlap_2d: split into disjoint components' was applied 4 times.
  - rule 'objective: expanded via tight equality' was applied 3'614 times.
  - rule 'objective: shifted cost with exactly ones' was applied 3'571 times.
  - rule 'presolve: 60220 unused variables removed.' was applied 1 time.
  - rule 'presolve: iteration' was applied 3 times.
  - rule 'probing: bool_or reduced to implication' was applied 4 times.
  - rule 'propagators: changed bounds' was applied 128 times.
  - rule 'propagators: fixed booleans' was applied 251 times.
  - rule 'setppc: bool_or in at_most_one' was applied 27 times.
  - rule 'setppc: fixed variables' was applied 18 times.
  - rule 'setppc: removed dominated constraints' was applied 6'976 times.
  - rule 'table: all constant' was applied 28 times.
  - rule 'table: all tuples!' was applied 357 times.
  - rule 'table: compress tuples' was applied 2 times.
  - rule 'table: expanded positive constraint' was applied 519 times.
  - rule 'table: expanded positive constraint with two variables' was applied 22 times.
  - rule 'table: negative table without tuples' was applied 28 times.
  - rule 'table: reduce variable domain' was applied 2'069 times.
  - rule 'table: remove expressions' was applied 257 times.
  - rule 'table: remove tuples' was applied 260 times.
  - rule 'table: reused literals' was applied 51 times.
  - rule 'variables with 2 values: create encoding literal' was applied 136 times.
  - rule 'variables with 2 values: merge encoding literals' was applied 7 times.
  - rule 'variables with 2 values: new affine relation' was applied 143 times.
  - rule 'variables: add encoding constraint' was applied 76'206 times.
  - rule 'variables: both boolean and its negation fix the same variable' was applied 64 times.
  - rule 'variables: canonicalize affine domain' was applied 133 times.
  - rule 'variables: canonicalize domain' was applied 234 times.
  - rule 'variables: detect fully reified value encoding' was applied 68'860 times.
  - rule 'variables: detect half reified value encoding' was applied 210'924 times.
  - rule 'variables: detected fully encoded domain' was applied 110 times.
  - rule 'variables: only used in value and order encodings' was applied 197 times.
  - rule 'variables: removable enforcement literal' was applied 13 times.

Presolved optimization model '': (model_fingerprint: 0xa87ecd4a8f296d96)
#Variables: 213'419 (#bools: 3'579 #ints: 831 in objective) (202'790 primary variables)
  - 161'557 Booleans in [0,1]
  - 580 different domains in [-1,19579] with a largest complexity of 178.
#kAtMostOne: 17'803 (#literals: 78'803)
#kBoolAnd: 10'686 (#enforced: 10'686) (#literals: 21'397)
#kBoolAndClauses: 4'691 (#enforced: 4'691 #multi: 4'691) (#literals: 19'868)
#kBoolOr: 14'901 (#literals: 45'894)
#kExactlyOne: 13'801 (#literals: 63'175)
#kInterval: 6'867 (#enforced: 6'462) (#fixed: 58)
#kLinMax: 441 (#expressions: 882)
#kLinear1: 327'031 (#enforced: 327'031 #multi: 12)
#kLinear2: 64'492 (#enforced: 64'492)
#kLinear3: 778
#kLinearN: 24'944 (#enforced: 17'336) (#terms: 190'137)
#kNoOverlap2D: 1 (#rectangles: 3'472, #optional: 3'259, #quadratic_areas: 27, #fixed_rectangles: 35)
[Symmetry] Graph for symmetry has 912'836 nodes and 1'533'132 arcs.
[Symmetry] Symmetry computation done. time: 0.109405 dtime: 0.344555

Preloading model.
#Bound  16.67s best:inf   next:[281886,35710766] initial_domain
The solution hint is incomplete: 54978 out of 213419 non fixed variables hinted.
#Model  16.79s var:213419/213419 constraints:486436/486436

Starting search at 16.96s with 6 workers.
4 full problem subsolvers: [core, default_lp, max_lp, no_lp]
2 first solution subsolvers: [fj, fs_random_no_lp]
15 interleaved subsolvers: [feasibility_pump, graph_arc_lns, graph_cst_lns, graph_dec_lns, graph_var_lns, ls, packing_precedences_lns, packing_random_lns, packing_slice_lns, packing_square_lns, packing_swap_lns, rins/rens, rnd_cst_lns, rnd_var_lns, scheduling_precedences_lns]
3 helper subsolvers: [neighborhood_helper, synchronization_agent, update_gap_integral]

#Bound  18.21s best:inf   next:[281894,35450736] core (initial_propagation)
#Model  18.58s var:211378/213419 constraints:482032/486436
#Bound  18.95s best:inf   next:[281896,35450736] fs_random_no_lp
#Model  19.31s var:211165/213419 constraints:481578/486436
#Bound  19.52s best:inf   next:[281900,35450736] fs_random_no_lp
#Bound  19.54s best:inf   next:[281904,35450736] fs_random_no_lp
#Model  19.65s var:210880/213419 constraints:480970/486436
#Bound  19.77s best:inf   next:[281906,35450736] no_lp
#Bound  20.13s best:inf   next:[281920,35450736] default_lp
#Model  20.17s var:210825/213419 constraints:480841/486436
#Bound  20.43s best:inf   next:[281924,35450736] default_lp
#Bound  20.47s best:inf   next:[281936,35450736] default_lp
#Bound  20.50s best:inf   next:[281945,35450736] default_lp
#Bound  20.53s best:inf   next:[281950,35450736] default_lp
#Bound  20.56s best:inf   next:[281954,35450736] default_lp
#Bound  20.59s best:inf   next:[281962,35450736] default_lp
#Bound  20.61s best:inf   next:[281964,35450736] default_lp
#Bound  20.64s best:inf   next:[281966,35450736] default_lp
#Bound  20.68s best:inf   next:[281968,35450736] default_lp
#Model  20.76s var:210823/213419 constraints:480837/486436
#Model  21.18s var:210806/213419 constraints:480803/486436
#Model  21.62s var:210805/213419 constraints:480801/486436
#Model  22.15s var:210748/213419 constraints:480686/486436
#Model  22.58s var:210413/213419 constraints:480006/486436
#Done   22.61s no_lp

Task timing                             n [     min,      max]      avg      dev     time         n [     min,      max]      avg      dev    dtime
                        'core':         1 [   5.75s,    5.75s]    5.75s   0.00ns    5.75s         2 [   1.88s,    5.42s]    3.65s    1.77s    7.30s
                  'default_lp':         1 [   5.75s,    5.75s]    5.75s   0.00ns    5.75s         1 [   4.65s,    4.65s]    4.65s   0.00ns    4.65s
            'feasibility_pump':         1 [580.42ms, 580.42ms] 580.42ms   0.00ns 580.42ms         0 [  0.00ns,   0.00ns]   0.00ns   0.00ns   0.00ns
                          'fj':         1 [   5.45s,    5.45s]    5.45s   0.00ns    5.45s         1 [  8.47ms,   8.47ms]   8.47ms   0.00ns   8.47ms
             'fs_random_no_lp':         1 [   5.75s,    5.75s]    5.75s   0.00ns    5.75s         2 [   3.01s,    4.40s]    3.70s 698.89ms    7.41s
               'graph_arc_lns':         0 [  0.00ns,   0.00ns]   0.00ns   0.00ns   0.00ns         0 [  0.00ns,   0.00ns]   0.00ns   0.00ns   0.00ns
               'graph_cst_lns':         0 [  0.00ns,   0.00ns]   0.00ns   0.00ns   0.00ns         0 [  0.00ns,   0.00ns]   0.00ns   0.00ns   0.00ns
               'graph_dec_lns':         0 [  0.00ns,   0.00ns]   0.00ns   0.00ns   0.00ns         0 [  0.00ns,   0.00ns]   0.00ns   0.00ns   0.00ns
               'graph_var_lns':         0 [  0.00ns,   0.00ns]   0.00ns   0.00ns   0.00ns         0 [  0.00ns,   0.00ns]   0.00ns   0.00ns   0.00ns
                          'ls':         0 [  0.00ns,   0.00ns]   0.00ns   0.00ns   0.00ns         0 [  0.00ns,   0.00ns]   0.00ns   0.00ns   0.00ns
                      'max_lp':         1 [   5.75s,    5.75s]    5.75s   0.00ns    5.75s         1 [   4.36s,    4.36s]    4.36s   0.00ns    4.36s
                       'no_lp':         1 [   5.65s,    5.65s]    5.65s   0.00ns    5.65s         2 [   3.01s,    4.16s]    3.58s 578.21ms    7.17s
     'packing_precedences_lns':         0 [  0.00ns,   0.00ns]   0.00ns   0.00ns   0.00ns         0 [  0.00ns,   0.00ns]   0.00ns   0.00ns   0.00ns
          'packing_random_lns':         0 [  0.00ns,   0.00ns]   0.00ns   0.00ns   0.00ns         0 [  0.00ns,   0.00ns]   0.00ns   0.00ns   0.00ns
           'packing_slice_lns':         0 [  0.00ns,   0.00ns]   0.00ns   0.00ns   0.00ns         0 [  0.00ns,   0.00ns]   0.00ns   0.00ns   0.00ns
          'packing_square_lns':         0 [  0.00ns,   0.00ns]   0.00ns   0.00ns   0.00ns         0 [  0.00ns,   0.00ns]   0.00ns   0.00ns   0.00ns
            'packing_swap_lns':         0 [  0.00ns,   0.00ns]   0.00ns   0.00ns   0.00ns         0 [  0.00ns,   0.00ns]   0.00ns   0.00ns   0.00ns
                   'rins/rens':         0 [  0.00ns,   0.00ns]   0.00ns   0.00ns   0.00ns         0 [  0.00ns,   0.00ns]   0.00ns   0.00ns   0.00ns
                 'rnd_cst_lns':         0 [  0.00ns,   0.00ns]   0.00ns   0.00ns   0.00ns         0 [  0.00ns,   0.00ns]   0.00ns   0.00ns   0.00ns
                 'rnd_var_lns':         0 [  0.00ns,   0.00ns]   0.00ns   0.00ns   0.00ns         0 [  0.00ns,   0.00ns]   0.00ns   0.00ns   0.00ns
  'scheduling_precedences_lns':         0 [  0.00ns,   0.00ns]   0.00ns   0.00ns   0.00ns         0 [  0.00ns,   0.00ns]   0.00ns   0.00ns   0.00ns

Search stats            Bools  Conflicts  Branches  Restarts  BacktrackToRoot  Backtrack  BoolPropag  IntegerPropag
             'core':  370'403        142    14'402         2            1'000      1'138   2'425'969        892'196
       'default_lp':  369'841          3     1'014         0            1'003      1'003     145'847         55'946
  'fs_random_no_lp':  369'961         86     6'524         1            2'578      3'595   1'262'888        428'330
           'max_lp':  370'240          3       993         0              993        993     139'461        104'954
            'no_lp':  369'965         98     6'745         1            2'678      3'695   1'305'147        448'086

SAT formula            Fixed  Equiv    Total  VarLeft  BinaryClauses  PermanentClauses  TemporaryClauses
             'core':  11'950     60  370'403  358'393      1'074'746           121'488                40
       'default_lp':   3'934     60  369'841  365'847      1'094'958           126'366                 0
  'fs_random_no_lp':   4'355    805  369'961  364'801      1'101'762           123'434                40
           'max_lp':   3'023     60  370'240  367'157      1'077'912           126'366                 0
            'no_lp':  11'968    805  369'965  357'192      1'101'466           123'351                 5

SAT stats             ClassicMinim  LitRemoved  LitRemovedBinary  LitLearned  LitForgotten  Subsumed
             'core':            63       1'104                88       2'543             0        11
       'default_lp':             0           0                 0           3             0         0
  'fs_random_no_lp':            19         139                86       2'762             0         6
           'max_lp':             0           0                 0           3             0         0
            'no_lp':            30         271               185         403             0        12

Vivification          Clauses  Decisions  LitTrue  Subsumed  LitRemoved  DecisionReused  Conflicts
             'core':        0          0        0         0           0               0          0
       'default_lp':        0          0        0         0           0               0          0
  'fs_random_no_lp':    1'559      3'117       16         1          52               0          4
           'max_lp':        0          0        0         0           0               0          0
            'no_lp':    1'656      3'298       24         0          72               2          6

Clause deletion       at_true  l_and_not(l)  to_binary  sub_conflict  sub_extra  sub_decisions  sub_eager  sub_vivify  sub_probing  sub_inpro  blocked  eliminated  forgotten  promoted  conflicts
             'core':    2'995             0      1'948             7          0              0          4           0            0          0        0           0          0        86        142
       'default_lp':        0             0          0             0          0              0          0           0            0          0        0           0          0         0          3
  'fs_random_no_lp':      530           633        805             5          1              0          1           1            0        877        0           0          0        87         86
           'max_lp':        0             0          0             0          0              0          0           0            0          0        0           0          0         0          3
            'no_lp':      546           635        856             7          1              2          5           0            0        900        0           0          0        11         98

Lp stats         Component  Iterations  AddedCuts  OPTIMAL  DUAL_F.  DUAL_U.
  'default_lp':          1      10'520         98       31       14        0
      'max_lp':         97         789          0        0        1        0

Lp dimension               Final dimension of first component
  'default_lp':      1750 rows, 114150 columns, 56162 entries
      'max_lp':  511709 rows, 213624 columns, 1633415 entries

Lp debug         CutPropag  CutEqPropag  Adjust  Overflow  Bad  BadScaling
  'default_lp':          0            0      39         0    0           0
      'max_lp':          0            0       0         0    0           0

Lp pool          Constraints  Updates  Simplif  Merged  Shortened  Split  Strengthened  Cuts/Call
  'default_lp':      163'771        0    3'267       0        812      0             0     98/750
      'max_lp':      511'806        0        0   1'944      2'748      0             0        0/0

Lp Cut    default_lp
     IB:          98

LNS stats                        Improv/Calls  Closed  Difficulty  TimeLimit
               'graph_arc_lns':           0/0      0%    5.00e-01       0.10
               'graph_cst_lns':           0/0      0%    5.00e-01       0.10
               'graph_dec_lns':           0/0      0%    5.00e-01       0.10
               'graph_var_lns':           0/0      0%    5.00e-01       0.10
     'packing_precedences_lns':           0/0      0%    5.00e-01       0.10
          'packing_random_lns':           0/0      0%    5.00e-01       0.10
           'packing_slice_lns':           0/0      0%    5.00e-01       0.10
          'packing_square_lns':           0/0      0%    5.00e-01       0.10
            'packing_swap_lns':           0/0      0%    5.00e-01       0.10
                   'rins/rens':           0/0      0%    5.00e-01       0.10
                 'rnd_cst_lns':           0/0      0%    5.00e-01       0.10
                 'rnd_var_lns':           0/0      0%    5.00e-01       0.10
  'scheduling_precedences_lns':           0/0      0%    5.00e-01       0.10

LS stats                  Batches  Restarts/Perturbs  LinMoves  GenMoves  CompoundMoves  Bactracks  WeightUpdates  ScoreComputed
  'fj_restart_compound':        1                  1         0        43             41          1              0          5'355

Objective bounds      Num
             'core':    1
       'default_lp':   10
  'fs_random_no_lp':    3
   'initial_domain':    1
            'no_lp':    1

Solution repositories    Added  Queried  Synchro
    'alternative_path':      0        0        0
      'best_solutions':      0        0        0
   'fj solution hints':      0        0        0
        'lp solutions':      0        0        0
                'pump':      0        0

Improving bounds shared      Num  Sym
                  'core':  2'885    0
       'fs_random_no_lp':      1    0
                 'no_lp':  5'406    0

Clauses shared        #Exported  #Imported  #BinaryRead  #BinaryTotal
             'core':         19          0       10'970        10'970
       'default_lp':          0          0        8'520        10'970
  'fs_random_no_lp':         12          0           14        10'970
           'max_lp':          0          0            0        10'970
            'no_lp':     10'939          0       10'965        10'970

LRAT_status: NA
CpSolverResponse summary:
status: INFEASIBLE
objective: NA
best_bound: NA
integers: 118208
booleans: 369965
conflicts: 98
branches: 6745
propagations: 1305147
integer_propagations: 448086
restarts: 1
lp_iterations: 0
walltime: 23.0067
usertime: 23.0067
deterministic_time: 43.1833
gap_integral: 0

