{"schema": "joint-cp-run-v1", "W": 70, "H": 70, "routes": 325, "machines": 230, "fixed_rectangle": [63, 14, 6, 6], "bridge_restriction": "two used axes; adjacent bridges allowed", "near_placement_radius": 5, "hinted_routes": 226, "no_lp": false, "feasibility_only": true, "power_poles": 26, "seed": 1109, "workers": 3, "build_seconds": 3.6402971529896604, "variables": 184026, "constraints": 456672, "validation": ""}

Starting CP-SAT solver v9.15.6755
Parameters: random_seed: 1109 max_time_in_seconds: 600 log_search_progress: true num_search_workers: 3

Initial satisfaction model '': (model_fingerprint: 0x71e4aa5b08bada54)
#Variables: 184'026 (174'511 primary variables)
  - 108'927 Booleans in [0,1]
  - 481 different domains in [-1,19599] with a largest complexity of 417.
  - 29 constants in {1,363,375,387,399,411,423,435 ... 10942,11486,12326,13166,14006,14389,14846,15503} 
#kAllDiff: 1
#kBoolAnd: 9'800 (#enforced: 9'800) (#literals: 29'400)
#kBoolOr: 10'056 (#enforced: 9'800) (#literals: 25'606)
#kElement: 650
#kInterval: 10'408 (#enforced: 9'800) (#fixed: 94)
#kLinMax: 650 (#expressions: 1'300)
#kLinear1: 168'612 (#enforced: 166'600)
#kLinear2: 139'134 (#enforced: 99'600) (#complex_domain: 4'900)
#kLinear3: 58'100 (#enforced: 12'800)
#kLinearN: 58'334 (#enforced: 28'560) (#terms: 360'810)
#kNoOverlap2D: 1 (#rectangles: 5'204, #optional: 4'900, #quadratic_areas: 230, #fixed_rectangles: 47)
#kTable: 926

Starting presolve at 0.55s
The solution hint is incomplete: 6651 out of 183997 non fixed variables hinted.
  4.06e-02s  0.00e+00d  [DetectDominanceRelations] 
  1.60e+00s  9.31e-04d  [PresolveToFixPoint] #num_loops=8 #num_dual_strengthening=2 
  3.38e-03s  0.00e+00d  [ExtractEncodingFromLinear] #potential_supersets=48'497 
  2.79e-02s  0.00e+00d  [DetectDuplicateColumns] 
  3.32e-02s  0.00e+00d  [DetectDuplicateConstraints] #duplicates=7'893 
[Symmetry] Graph for symmetry has 1'969'712 nodes and 3'070'259 arcs.
[Symmetry] Graph too large. Skipping. You can use symmetry_level:3 or more to force it.
[SAT presolve] num removable Booleans: 0 / 348'045
[SAT presolve] num trivial clauses: 0
[SAT presolve] [0s] clauses:59'749 literals:148'075 vars:42'235 one_side_vars:17949 simple_definition:16'167 singleton_clauses:0
[SAT presolve] [0.00229802s] clauses:57'137 literals:132'407 vars:42'235 one_side_vars:17955 simple_definition:17'409 singleton_clauses:0
[SAT presolve] [0.0106634s] clauses:57'137 literals:132'407 vars:42'235 one_side_vars:17955 simple_definition:17'409 singleton_clauses:0
  2.82e-02s  0.00e+00d  [DetectDuplicateConstraintsWithDifferentEnforcements] #without_enforcements=7'565 
  2.08e+00s  1.00e+00d *[Probe] #probed=4'731 #fixed_bools=277 #new_bounds=89 #equiv=68 #new_binary_clauses=5'395 
  4.06e-02s  8.75e-02d  [MaxClique] Merged 85'554 constraints with 230'374 literals into 27'773 constraints with 104'949 literals
  7.19e-02s  0.00e+00d  [DetectDominanceRelations] 
  4.13e+00s  9.13e-04d  [PresolveToFixPoint] #num_loops=4 #num_dual_strengthening=2 
  4.33e-02s  0.00e+00d  [ProcessAtMostOneAndLinear] 
  3.26e-02s  0.00e+00d  [DetectDuplicateConstraints] #duplicates=259 
  2.79e-02s  0.00e+00d  [DetectDuplicateConstraintsWithDifferentEnforcements] #without_enforcements=7'362 
  1.42e-02s  1.00e-03d  [DetectDominatedLinearConstraints] #relevant_constraints=30'523 #num_inclusions=7'070 
  1.32e-02s  0.00e+00d  [DetectDifferentVariables] 
  1.97e-02s  1.27e-03d  [ProcessSetPPC] #relevant_constraints=87'329 #num_inclusions=7'934 
  2.62e-02s  5.99e-04d  [TransformClausesToExactlyOne] #num_amos=31'670 #num_clauses=16'102 #num_checked=16'102 
  1.38e+00s  0.00e+00d  [DetectEncodedComplexDomains] 
  1.00e-02s  2.20e-04d  [FindAlmostIdenticalLinearConstraints] #num_tested_pairs=4'933 
  1.55e-01s  1.00e+00d *[FindBigAtMostOneAndLinearOverlap] 
  5.00e-02s  1.00e+00d *[FindBigVerticalLinearOverlap] 
  1.42e-01s  1.00e+00d *[FindBigHorizontalLinearOverlap] #linears=8'007 
  9.85e-03s  2.51e-04d  [MergeClauses] #num_collisions=2'760 #num_merges=2'760 #num_saved_literals=6'170 
  1.00e-01s  0.00e+00d  [DetectDominanceRelations] 
  6.50e+00s  9.13e-04d  [PresolveToFixPoint] #num_loops=1 #num_dual_strengthening=1 
  9.70e-02s  0.00e+00d  [DetectDominanceRelations] 
  6.21e+00s  9.13e-04d  [PresolveToFixPoint] #num_loops=1 #num_dual_strengthening=1 
  2.39e-02s  0.00e+00d  [DetectDuplicateColumns] 
  2.50e-02s  0.00e+00d  [DetectDuplicateConstraints] 
[Symmetry] Graph for symmetry has 1'921'409 nodes and 2'907'398 arcs.
[Symmetry] Graph too large. Skipping. You can use symmetry_level:3 or more to force it.
[SAT presolve] num removable Booleans: 0 / 347'016
[SAT presolve] num trivial clauses: 0
[SAT presolve] [0s] clauses:27'994 literals:74'085 vars:28'548 one_side_vars:8246 simple_definition:18'034 singleton_clauses:0
[SAT presolve] [0.0011882s] clauses:27'992 literals:74'075 vars:28'548 one_side_vars:8246 simple_definition:18'037 singleton_clauses:0
[SAT presolve] [0.00805226s] clauses:27'992 literals:74'075 vars:28'548 one_side_vars:8246 simple_definition:18'037 singleton_clauses:0
  6.24e-02s  0.00e+00d  [DetectDuplicateConstraintsWithDifferentEnforcements] #without_enforcements=7'359 
  2.61e+00s  1.00e+00d *[Probe] #probed=4'846 #fixed_bools=47 #new_bounds=13 #equiv=22 #new_binary_clauses=4'497 
  4.06e-02s  8.50e-02d  [MaxClique] Merged 31'656 constraints with 112'690 literals into 31'653 constraints with 112'685 literals
  7.22e-02s  0.00e+00d  [DetectDominanceRelations] 
  6.31e+00s  9.13e-04d  [PresolveToFixPoint] #num_loops=2 #num_dual_strengthening=1 
  4.85e-02s  0.00e+00d  [ProcessAtMostOneAndLinear] 
  2.52e-02s  0.00e+00d  [DetectDuplicateConstraints] #duplicates=22 
  6.39e-02s  0.00e+00d  [DetectDuplicateConstraintsWithDifferentEnforcements] #without_enforcements=7'359 
  1.52e-02s  1.00e-03d  [DetectDominatedLinearConstraints] #relevant_constraints=30'522 #num_inclusions=7'070 
  1.32e-02s  0.00e+00d  [DetectDifferentVariables] 
  2.29e-02s  1.32e-03d  [ProcessSetPPC] #relevant_constraints=91'209 #num_inclusions=11'855 
  2.62e-02s  5.99e-04d  [TransformClausesToExactlyOne] #num_amos=31'652 #num_clauses=16'102 #num_checked=16'102 
  1.27e+00s  0.00e+00d  [DetectEncodedComplexDomains] 
  1.09e-02s  2.19e-04d  [FindAlmostIdenticalLinearConstraints] #num_tested_pairs=4'936 
  1.55e-01s  1.00e+00d *[FindBigAtMostOneAndLinearOverlap] 
  5.27e-02s  1.00e+00d *[FindBigVerticalLinearOverlap] 
  1.42e-01s  1.00e+00d *[FindBigHorizontalLinearOverlap] #linears=8'007 
  1.06e-02s  2.51e-04d  [MergeClauses] #num_collisions=2'760 #num_merges=2'760 #num_saved_literals=6'170 
  7.25e-02s  0.00e+00d  [DetectDominanceRelations] 
  6.18e+00s  9.13e-04d  [PresolveToFixPoint] #num_loops=1 #num_dual_strengthening=1 
  7.29e-02s  0.00e+00d  [DetectDominanceRelations] 
  6.18e+00s  9.13e-04d  [PresolveToFixPoint] #num_loops=1 #num_dual_strengthening=1 
  2.18e-02s  0.00e+00d  [DetectDuplicateColumns] 
  2.52e-02s  0.00e+00d  [DetectDuplicateConstraints] 
[Symmetry] Graph for symmetry has 1'921'166 nodes and 2'906'756 arcs.
[Symmetry] Graph too large. Skipping. You can use symmetry_level:3 or more to force it.
[SAT presolve] num removable Booleans: 0 / 346'947
[SAT presolve] num trivial clauses: 0
[SAT presolve] [0s] clauses:28'003 literals:74'096 vars:28'544 one_side_vars:8245 simple_definition:18'034 singleton_clauses:0
[SAT presolve] [0.00156535s] clauses:28'001 literals:74'090 vars:28'544 one_side_vars:8245 simple_definition:18'034 singleton_clauses:0
[SAT presolve] [0.00724265s] clauses:28'001 literals:74'090 vars:28'544 one_side_vars:8245 simple_definition:18'034 singleton_clauses:0
  6.33e-02s  0.00e+00d  [DetectDuplicateConstraintsWithDifferentEnforcements] #without_enforcements=7'359 
  2.60e+00s  1.00e+00d *[Probe] #probed=4'846 #new_binary_clauses=4'246 
  4.22e-02s  8.49e-02d  [MaxClique] 
  7.32e-02s  0.00e+00d  [DetectDominanceRelations] 
  6.17e+00s  9.13e-04d  [PresolveToFixPoint] #num_loops=1 #num_dual_strengthening=1 
  5.24e-02s  0.00e+00d  [ProcessAtMostOneAndLinear] 
  2.66e-02s  0.00e+00d  [DetectDuplicateConstraints] 
  6.24e-02s  0.00e+00d  [DetectDuplicateConstraintsWithDifferentEnforcements] #without_enforcements=7'359 
  1.59e-02s  1.00e-03d  [DetectDominatedLinearConstraints] #relevant_constraints=30'522 #num_inclusions=7'070 
  1.35e-02s  0.00e+00d  [DetectDifferentVariables] 
  2.48e-02s  1.32e-03d  [ProcessSetPPC] #relevant_constraints=91'206 #num_inclusions=11'854 
  2.64e-02s  5.99e-04d  [TransformClausesToExactlyOne] #num_amos=31'652 #num_clauses=16'100 #num_checked=16'100 
  1.27e+00s  0.00e+00d  [DetectEncodedComplexDomains] 
  1.09e-02s  2.21e-04d  [FindAlmostIdenticalLinearConstraints] #num_tested_pairs=4'974 
  1.41e-01s  1.00e+00d *[FindBigAtMostOneAndLinearOverlap] 
  5.38e-02s  1.00e+00d *[FindBigVerticalLinearOverlap] 
  1.45e-01s  1.00e+00d *[FindBigHorizontalLinearOverlap] #linears=8'007 
  1.14e-02s  2.51e-04d  [MergeClauses] #num_collisions=2'760 #num_merges=2'760 #num_saved_literals=6'170 
  7.29e-02s  0.00e+00d  [DetectDominanceRelations] 
  6.22e+00s  9.13e-04d  [PresolveToFixPoint] #num_loops=1 #num_dual_strengthening=1 
  5.53e-03s  0.00e+00d  [MergeNoOverlap] 
  6.38e-02s  0.00e+00d  [MergeNoOverlap2D] 

Presolve summary:
  - 2004 affine relations were detected.
  - rule 'TODO dual: make linear1 equiv' was applied 1'169 times.
  - rule 'TODO dual: only one blocking constraint?' was applied 10'792 times.
  - rule 'TODO dual: only one blocking enforced constraint?' was applied 177 times.
  - rule 'TODO duplicate: skipped identical encoding constraints' was applied 7 times.
  - rule 'TODO interval: same interval with different enforcement?' was applied 44'264 times.
  - rule 'TODO linear1: appear in only one extra 2-var constraint' was applied 216 times.
  - rule 'TODO linear2: contains a boolean' was applied 1'060 times.
  - rule 'TODO linear2: convert ax + by != cte to clauses for large domains' was applied 78'870 times.
  - rule 'affine: new relation' was applied 2'004 times.
  - rule 'all_diff: permutation expanded' was applied 1 time.
  - rule 'all_diff: propagate fixed expressions' was applied 1 time.
  - rule 'all_diff: remove fixed expressions' was applied 1 time.
  - rule 'at_most_one: removed literals' was applied 177 times.
  - rule 'at_most_one: size one' was applied 47 times.
  - rule 'at_most_one: transformed into max clique' was applied 2 times.
  - rule 'bool_and: always false' was applied 1'928 times.
  - rule 'bool_and: fixed literals' was applied 2 times.
  - rule 'bool_and: non-reified' was applied 31 times.
  - rule 'bool_and: setting unused literal in rhs to true' was applied 5 times.
  - rule 'bool_and: x => x' was applied 49 times.
  - rule 'bool_or: always true' was applied 4'556 times.
  - rule 'bool_or: fixed literals' was applied 142 times.
  - rule 'bool_or: implications' was applied 32'865 times.
  - rule 'bool_or: only one literal' was applied 11'319 times.
  - rule 'bool_or: removed enforcement literal' was applied 10'925 times.
  - rule 'bool_or: singleton' was applied 57 times.
  - rule 'deductions: 908002 stored' was applied 1 time.
  - rule 'deductions: reduced variable domain' was applied 9 times.
  - rule 'dual: enforced equivalence' was applied 47 times.
  - rule 'dual: fix variable' was applied 12 times.
  - rule 'dual: make encoding equiv' was applied 2'226'538 times.
  - rule 'duplicate: false after merging' was applied 1 time.
  - rule 'duplicate: merged rhs of linear constraint' was applied 20 times.
  - rule 'duplicate: remapped duplicate intervals' was applied 2 times.
  - rule 'duplicate: removed constraint' was applied 8'173 times.
  - rule 'duplicate: removed enforced constraint' was applied 1 time.
  - rule 'element: expanded' was applied 622 times.
  - rule 'element: fixed index' was applied 28 times.
  - rule 'element: reduced index domain ' was applied 75 times.
  - rule 'enforcement: always false' was applied 9'216 times.
  - rule 'enforcement: false literal' was applied 30'733 times.
  - rule 'enforcement: literal not used' was applied 22 times.
  - rule 'enforcement: true literal' was applied 16'591 times.
  - rule 'exactly_one: removed literals' was applied 55 times.
  - rule 'exactly_one: size two' was applied 512 times.
  - rule 'incompatible linear: add implication' was applied 11'811 times.
  - rule 'intervals: change duplicate index inside constraint' was applied 37 times.
  - rule 'intervals: removed unused interval' was applied 463 times.
  - rule 'lin_max: affine_max target domain reduced' was applied 45 times.
  - rule 'lin_max: converted to equality' was applied 174 times.
  - rule 'lin_max: removed exprs' was applied 163 times.
  - rule 'lin_max: target domain reduced' was applied 1'090 times.
  - rule 'linear + amo: empty after processing' was applied 24 times.
  - rule 'linear + amo: extracted enforcement literal' was applied 96 times.
  - rule 'linear1: always true' was applied 191 times.
  - rule 'linear1: infeasible' was applied 131 times.
  - rule 'linear1: transformed to implication' was applied 13 times.
  - rule 'linear1: without enforcement' was applied 28 times.
  - rule 'linear1: x in domain' was applied 7'585 times.
  - rule 'linear2: boolean with one feasible value' was applied 11 times.
  - rule 'linear2: convert ax + by != cte to clauses' was applied 32'736 times.
  - rule 'linear2: convert implied ax + by == cte to clauses' was applied 540 times.
  - rule 'linear2: implied ax + by = cte has only one solution' was applied 10 times.
  - rule 'linear: always true' was applied 18'271 times.
  - rule 'linear: divide by GCD' was applied 207 times.
  - rule 'linear: empty' was applied 32'622 times.
  - rule 'linear: enforcement literal in expression' was applied 198 times.
  - rule 'linear: expanded complex rhs' was applied 3'937 times.
  - rule 'linear: extracted enforcement literal' was applied 8 times.
  - rule 'linear: fixed or dup variables' was applied 707'312 times.
  - rule 'linear: negative at most one' was applied 29'688 times.
  - rule 'linear: never in domain' was applied 4'028 times.
  - rule 'linear: positive at most one' was applied 14'844 times.
  - rule 'linear: positive equal one' was applied 3'993 times.
  - rule 'linear: reduced variable domains' was applied 23'413 times.
  - rule 'linear: remapped using affine relations' was applied 2'120 times.
  - rule 'linear: simplified rhs' was applied 26'530 times.
  - rule 'linear: small Boolean expression' was applied 1'969 times.
  - rule 'linear: variable substitution 1' was applied 90 times.
  - rule 'linear: variable substitution 2' was applied 127 times.
  - rule 'new_bool: complex linear expansion' was applied 7'874 times.
  - rule 'new_bool: integer encoding' was applied 257'101 times.
  - rule 'new_bool: table expansion' was applied 8'196 times.
  - rule 'new_bool: var with 2 values' was applied 122 times.
  - rule 'no_overlap_2d: presolved fixed rectangles' was applied 2 times.
  - rule 'no_overlap_2d: split into disjoint components' was applied 4 times.
  - rule 'presolve: 42697 unused variables removed.' was applied 1 time.
  - rule 'presolve: iteration' was applied 3 times.
  - rule 'probing: bool_or reduced to implication' was applied 8 times.
  - rule 'probing: simplified clauses' was applied 22 times.
  - rule 'propagators: changed bounds' was applied 62 times.
  - rule 'setppc: bool_or in at_most_one' was applied 27 times.
  - rule 'setppc: fixed variables' was applied 16 times.
  - rule 'setppc: removed dominated constraints' was applied 7'875 times.
  - rule 'table: all constant' was applied 28 times.
  - rule 'table: all tuples!' was applied 357 times.
  - rule 'table: expanded positive constraint' was applied 519 times.
  - rule 'table: expanded positive constraint with two variables' was applied 22 times.
  - rule 'table: negative table without tuples' was applied 28 times.
  - rule 'table: reduce variable domain' was applied 2'060 times.
  - rule 'table: remove expressions' was applied 257 times.
  - rule 'table: remove tuples' was applied 257 times.
  - rule 'table: reused literals' was applied 49 times.
  - rule 'variables with 2 values: create encoding literal' was applied 122 times.
  - rule 'variables with 2 values: new affine relation' was applied 122 times.
  - rule 'variables: add encoding constraint' was applied 257'101 times.
  - rule 'variables: both boolean and its negation fix the same variable' was applied 64 times.
  - rule 'variables: canonicalize affine domain' was applied 128 times.
  - rule 'variables: canonicalize domain' was applied 211 times.
  - rule 'variables: detect fully reified value encoding' was applied 68'835 times.
  - rule 'variables: detect half reified value encoding' was applied 393'448 times.
  - rule 'variables: detected fully encoded domain' was applied 110 times.
  - rule 'variables: only used in value and order encodings' was applied 199 times.
  - rule 'variables: removable enforcement literal' was applied 16 times.

Presolved satisfaction model '': (model_fingerprint: 0x740857b122f3ffab)
#Variables: 412'787 (401'582 primary variables)
  - 354'692 Booleans in [0,1]
  - 569 different domains in [-1,19599] with a largest complexity of 417.
#kAtMostOne: 19'751 (#literals: 88'880)
#kBoolAnd: 11'876 (#enforced: 11'876) (#literals: 23'777)
#kBoolAndClauses: 2'760 (#enforced: 2'760 #multi: 2'760) (#literals: 11'690)
#kBoolOr: 14'517 (#literals: 44'239)
#kExactlyOne: 14'291 (#literals: 64'941)
#kInterval: 7'829 (#enforced: 7'410) (#fixed: 63)
#kLinMax: 476 (#expressions: 952)
#kLinear1: 891'280 (#enforced: 891'280 #multi: 6)
#kLinear2: 73'147 (#enforced: 73'147)
#kLinear3: 867
#kLinearN: 29'655 (#enforced: 21'257) (#terms: 220'221)
#kNoOverlap2D: 1 (#rectangles: 3'967, #optional: 3'739, #quadratic_areas: 27, #fixed_rectangles: 50)
[Symmetry] Graph for symmetry has 1'892'041 nodes and 2'930'372 arcs.
[Symmetry] Graph too large. Skipping. You can use symmetry_level:3 or more to force it.

Preloading model.
The solution hint is incomplete: 168582 out of 412787 non fixed variables hinted.
#Model  68.74s var:412787/412787 constraints:1066450/1066450

Starting search at 70.09s with 3 workers.
2 full problem subsolvers: [default_lp, no_lp]
1 first solution subsolver: [fj]
2 interleaved subsolvers: [feasibility_pump, rins/rens]
2 helper subsolvers: [neighborhood_helper, synchronization_agent]

#Model  77.21s var:412617/412787 constraints:1066112/1066450
#Model  79.93s var:412542/412787 constraints:1065962/1066450
#Model  82.62s var:412540/412787 constraints:1065958/1066450
#Model  85.21s var:412536/412787 constraints:1065948/1066450
#Model  87.84s var:412481/412787 constraints:1065838/1066450
#Model  90.45s var:412458/412787 constraints:1065792/1066450
#Model 190.82s var:412407/412787 constraints:1065690/1066450
#Model 309.05s var:412403/412787 constraints:1065682/1066450
#Model 311.66s var:412402/412787 constraints:1065680/1066450

Task timing                   n [     min,      max]      avg      dev     time         n [     min,      max]      avg      dev    dtime
        'default_lp':         1 [   8.83m,    8.83m]    8.83m   0.00ns    8.83m         2 [   1.89m,    6.99m]    4.44m    2.55m    8.88m
  'feasibility_pump':       739 [ 65.86ms,    4.94s] 333.70ms 449.46ms    4.11m       738 [ 17.60ms,    5.96s] 205.72ms 504.69ms    2.53m
                'fj':         2 [  37.02s,    4.11m]    2.36m    1.75m    4.73m         2 [ 19.66ms, 102.79ms]  61.23ms  41.56ms 122.45ms
             'no_lp':         1 [   8.83m,    8.83m]    8.83m   0.00ns    8.83m         2 [   3.03s,    1.13h]   33.87m   33.82m    1.13h
         'rins/rens':         0 [  0.00ns,   0.00ns]   0.00ns   0.00ns   0.00ns         0 [  0.00ns,   0.00ns]   0.00ns   0.00ns   0.00ns

Search stats         Bools  Conflicts  Branches  Restarts  BacktrackToRoot  Backtrack      BoolPropag  IntegerPropag
  'default_lp':  1'049'117         98    30'844         1           14'334     18'721      12'331'640      1'229'704
       'no_lp':  1'049'067    148'286   557'985        11           13'157    165'924  44'676'429'167      4'949'575

SAT formula      Fixed  Equiv      Total    VarLeft  BinaryClauses  PermanentClauses  TemporaryClauses
  'default_lp':    534    331  1'049'117  1'048'252      3'707'290           307'342                18
       'no_lp':    475    243  1'049'067  1'048'349      3'689'560           307'649             5'541

SAT stats        ClassicMinim  LitRemoved  LitRemovedBinary  LitLearned  LitForgotten  Subsumed
  'default_lp':            24         368               108         798             0         0
       'no_lp':       145'449     565'802            45'545  43'128'189    11'338'672   103'023

Vivification     Clauses  Decisions  LitTrue  Subsumed  LitRemoved  DecisionReused  Conflicts
  'default_lp':    9'865     19'837        0         1           5               0          0
       'no_lp':    8'710     18'753        4        30         778             224         26

Clause deletion    at_true  l_and_not(l)  to_binary  sub_conflict  sub_extra  sub_decisions  sub_eager  sub_vivify  sub_probing  sub_inpro  blocked  eliminated  forgotten  promoted  conflicts
    'default_lp':        2           211        197             0          0              0          0           1            0        866        0           0          0        22         98
         'no_lp':        9           262        108        97'085         69             25      5'938          30            1        822        0           0     39'094   295'539    148'286

Lp stats         Component  Iterations  AddedCuts  OPTIMAL  DUAL_F.  DUAL_U.
  'default_lp':          1     390'917     39'266    1'594      481        0

Lp dimension             Final dimension of first component
  'default_lp':  39948 rows, 128182 columns, 224464 entries

Lp debug         CutPropag  CutEqPropag  Adjust  Overflow     Bad  BadScaling
  'default_lp':          0            0       0         0  21'391           0

Lp pool          Constraints  Updates  Simplif  Merged  Shortened  Split  Strengthened      Cuts/Call
  'default_lp':      194'556        3       30       0         35      0            15  39'266/78'317

Lp Cut            default_lp
          CG_FF:          30
           CG_K:           3
          CG_KL:          15
           CG_R:          26
             IB:      22'689
       MIR_1_FF:       1'537
        MIR_1_K:          35
       MIR_1_KL:         934
        MIR_1_R:          37
       MIR_1_RB:           2
       MIR_2_FF:         620
        MIR_2_K:           9
       MIR_2_KL:         449
        MIR_2_R:          19
       MIR_2_RB:          38
      MIR_2_RBP:         160
       MIR_3_FF:         187
        MIR_3_K:           3
       MIR_3_KL:         118
        MIR_3_R:          13
       MIR_3_RB:          14
      MIR_3_RBP:           6
       MIR_4_FF:         131
        MIR_4_K:           3
       MIR_4_KL:          95
        MIR_4_R:          23
       MIR_4_RB:          18
      MIR_4_RBP:          47
       MIR_5_FF:          53
       MIR_5_KL:          33
        MIR_5_R:           7
       MIR_5_RB:           6
      MIR_5_RBP:           4
       MIR_6_FF:          44
       MIR_6_KL:          34
        MIR_6_R:          10
       MIR_6_RB:           7
      MIR_6_RBP:          24
   ZERO_HALF_FF:       6'328
    ZERO_HALF_K:          90
   ZERO_HALF_KL:       3'001
    ZERO_HALF_R:       2'113
   ZERO_HALF_RB:          17
  ZERO_HALF_RBP:         234

LNS stats       Improv/Calls  Closed  Difficulty  TimeLimit
  'rins/rens':           0/0      0%    5.00e-01       0.10

LS stats                              Batches  Restarts/Perturbs  LinMoves  GenMoves  CompoundMoves  Bactracks  WeightUpdates  ScoreComputed
              'fj_restart_compound':        1                  1         0       370            370          0              0         36'104
  'fj_restart_compound_perturb_obj':        1                  1         0       223            221          1              0          6'263

Solution repositories    Added  Queried  Synchro
    'alternative_path':      0        0        0
      'best_solutions':      0        0        0
   'fj solution hints':      0        0        0
        'lp solutions':      0        0        0
                'pump':      0        0

Improving bounds shared    Num  Sym
            'default_lp':   57    0
                 'no_lp':  480    0

Clauses shared    #Exported  #Imported  #BinaryRead  #BinaryTotal
   'default_lp':      7'637         13       41'468        41'468
        'no_lp':     33'845          0       33'832        41'468

LRAT_status: NA
CpSolverResponse summary:
status: UNKNOWN
objective: NA
best_bound: NA
integers: 132216
booleans: 1049117
conflicts: 98
branches: 30844
propagations: 12331640
integer_propagations: 1229704
restarts: 1
lp_iterations: 390917
walltime: 600.295
usertime: 600.295
deterministic_time: 4760.97
gap_integral: 0

