RF1 1
KF1 112
RF2 196
KF2 124
RF3 1
KF3 76
RF4 196
KF4 132
RF5 1
KF5 1
RF6 1
KF6 1
RF7 1
KF7 1
RF8 1
KF8 1
RF9 1
KF9 1
RF10 1
KF10 1
RF11 1
KF11 1
RF12 1
KF12 1
RF13 100
KF13 196
RF14 124
KF14 156
RF15 1
KF15 188
RF16 140
KF16 92
RF17 100
KF17 76
RF18 196
KF18 112
RF19 196
KF19 196
RF20 120
KF20 124
RF21 1
KF21 112
RF22 140
KF22 168
RF23 140
KF23 140
RF24 196
KF24 196
RF25 196
KF25 196
RF26 140
KF26 196
RF27 140
KF27 112
RF28 80
KF28 140
RF29 100
KF29 168
RF30 112
KF30 64
RF31 112
KF31 168
RF32 196
KF32 196
RF33 112
KF33 112
RF34 196
KF34 196
KO1 196
KO2 196
KO3 196
KO4 196
KO5 196
KO6 196
KO7 1
KO8 1
KO9 1
KO10 1
KO11 1
KO12 1
KO13 1
KO14 1
KO15 1
KO16 1
KO17 1
KO18 1
B1 196
B2 100
B3 1
B4 1
B5 1
B6 1
B7 70
B8 196
B9 0
B10 136
B11 124
B12 196
B13 196
B14 40
B15 112
B16 56
B17 196
O1 196
O2 196
O3 196
O4 1
O5 1
O6 1
O7 1
O8 1
O9 1
Q1 196
Q2 196
Q3 196
Q4 196
Q5 172
Q6 196
SC1 140
SA1 196
SB1 80
S1 112
SC2 196
SA2 196
SB2 196
S2 196
SC3 196
SA3 196
SB3 104
S3 1
SC4 196
SA4 196
SB4 72
S4 1
SC5 100
SA5 140
SB5 112
S5 1
SC6 196
SA6 140
SB6 196
S6 1
SC7 196
SA7 196
SB7 196
S7 160
SC8 196
SA8 196
SB8 196
S8 196
SC9 196
SA9 196
SB9 196
S9 196
SC10 196
SA10 196
SB10 196
S10 180
SC11 196
SA11 120
SB11 112
S11 172
SC12 112
SA12 112
SB12 196
S12 196
SC13 140
SA13 112
SB13 140
S13 196
QC1 196
QA1 112
QB1 196
QK1 196
QC2 112
QA2 196
QB2 196
QK2 196
QC3 196
QA3 196
QB3 196
QK3 196
QC4 140
QA4 112
QB4 112
QK4 196
QC5 100
QA5 148
QB5 196
QK5 196
QC6 112
QA6 80
QB6 112
QK6 196
R1 192
R2 52
R3 1
R4 1
R5 1
R6 1
R7 196
R8 196
R9 196
R10 196
R11 196
R12 196
R13 196
R14 132
R15 196
R16 196
R17 140
P1 196
H1 196
P2 136
H2 196
P3 196
H3 196
P4 196
H4 196
P5 168
H5 196
P6 196
H6 196
E1 196
E2 148
E3 196
F1 196
F2 160
F3 196
F4 196
CORE 98
WFE1 1
WFE2 1
WFE3 1
WFE4 1
WFE5 1
WFE6 1
WFE7 1
WFE8 1
WFE9 1
WFE10 1
WFE11 1
WFE12 1
WFE13 1
WFE14 1
WFE15 1
WFE16 1
WFE17 1
WFE18 1
WFE19 1
WFE20 1
WFE21 1
WFE22 1
WFE23 1
WFE24 1
WFE25 1
WFE26 1
WFE27 1
WFE28 1
WFE29 1
WFE30 1
WFE31 1
WFE32 1
WFE33 1
WFE34 1
WO7 1
WO8 1
WO9 1
WO10 1
WO11 1
WO12 1
WO13 1
WO14 1
WO15 1
WO16 1
WO17 1
WO18 1
POWER0 1
POWER1 1
POWER2 1
POWER3 1
POWER4 1
POWER5 1
POWER6 1
POWER7 1
POWER8 547
POWER9 500
POWER10 625
POWER11 238
POWER12 569
POWER13 625
POWER14 398
POWER15 334
POWER16 475
POWER17 297
POWER18 251
POWER19 414
POWER20 625
POWER21 450
POWER22 625
POWER23 475
POWER24 614
POWER25 231
{'status': 'INFEASIBLE', 'wall': 0.015596882000000001, 'variables': 41859, 'constraints': 4397, 'radius': 3, 'source': '求解器/构造/第四张全厂候选/实现/实验/改编号305.json'}
