RF1 1
KF1 416
RF2 708
KF2 536
RF3 1
KF3 332
RF4 624
KF4 548
RF5 1
KF5 1
RF6 1
KF6 1
RF7 1
KF7 1
RF8 1
KF8 1
RF9 1
KF9 1
RF10 1
KF10 1
RF11 1
KF11 1
RF12 1
KF12 1
RF13 324
KF13 616
RF14 536
KF14 512
RF15 1
KF15 676
RF16 432
KF16 404
RF17 324
KF17 388
RF18 528
KF18 520
RF19 876
KF19 820
RF20 384
KF20 584
RF21 1
KF21 496
RF22 540
KF22 480
RF23 540
KF23 540
RF24 732
KF24 780
RF25 720
KF25 676
RF26 504
KF26 840
RF27 396
KF27 520
RF28 288
KF28 432
RF29 324
KF29 492
RF30 416
KF30 256
RF31 352
KF31 440
RF32 636
KF32 532
RF33 364
KF33 424
RF34 900
KF34 900
KO1 900
KO2 900
KO3 900
KO4 748
KO5 900
KO6 900
KO7 1
KO8 1
KO9 1
KO10 1
KO11 1
KO12 1
KO13 1
KO14 1
KO15 1
KO16 1
KO17 1
KO18 1
B1 780
B2 268
B3 1
B4 1
B5 1
B6 1
B7 272
B8 844
B9 234
B10 608
B11 512
B12 748
B13 668
B14 180
B15 420
B16 316
B17 900
O1 900
O2 900
O3 900
O4 1
O5 1
O6 1
O7 1
O8 1
O9 1
Q1 900
Q2 900
Q3 888
Q4 900
Q5 714
Q6 780
SC1 540
SA1 780
SB1 344
S1 480
SC2 900
SA2 900
SB2 900
S2 900
SC3 772
SA3 900
SB3 412
S3 1
SC4 876
SA4 604
SB4 272
S4 1
SC5 324
SA5 396
SB5 448
S5 1
SC6 840
SA6 540
SB6 784
S6 1
SC7 900
SA7 900
SB7 684
S7 584
SC8 884
SA8 716
SB8 900
S8 900
SC9 900
SA9 780
SB9 900
S9 900
SC10 900
SA10 840
SB10 900
S10 600
SC11 880
SA11 476
SB11 588
S11 672
SC12 480
SA12 480
SB12 900
S12 840
SC13 540
SA13 480
SB13 540
S13 780
QC1 660
QA1 480
QB1 780
QK1 900
QC2 448
QA2 676
QB2 840
QK2 900
QC3 900
QA3 900
QB3 900
QK3 900
QC4 540
QA4 480
QB4 480
QK4 900
QC5 492
QA5 548
QB5 816
QK5 836
QC6 416
QA6 288
QB6 480
QK6 780
R1 740
R2 356
R3 1
R4 1
R5 1
R6 1
R7 892
R8 900
R9 900
R10 900
R11 888
R12 900
R13 644
R14 548
R15 736
R16 900
R17 540
P1 900
H1 900
P2 596
H2 900
P3 836
H3 812
P4 880
H4 872
P5 644
H5 900
P6 868
H6 900
E1 900
E2 636
E3 900
F1 900
F2 604
F3 876
F4 900
CORE 450
WFE1 1
WFE2 1
WFE3 1
WFE4 1
WFE5 1
WFE6 1
WFE7 1
WFE8 1
WFE9 1
WFE10 1
WFE11 1
WFE12 1
WFE13 1
WFE14 1
WFE15 1
WFE16 1
WFE17 1
WFE18 1
WFE19 1
WFE20 1
WFE21 1
WFE22 1
WFE23 1
WFE24 1
WFE25 1
WFE26 1
WFE27 1
WFE28 1
WFE29 1
WFE30 1
WFE31 1
WFE32 1
WFE33 1
WFE34 1
WO7 1
WO8 1
WO9 1
WO10 1
WO11 1
WO12 1
WO13 1
WO14 1
WO15 1
WO16 1
WO17 1
WO18 1
POWER0 1
POWER1 1
POWER2 1
POWER3 1
POWER4 1
POWER5 1
POWER6 1
POWER7 1
POWER8 547
POWER9 500
POWER10 625
POWER11 238
POWER12 569
POWER13 625
POWER14 398
POWER15 334
POWER16 475
POWER17 297
POWER18 251
POWER19 414
POWER20 625
POWER21 450
POWER22 625
POWER23 475
POWER24 614
POWER25 231
找到摆放 6.056841628000001 9336.0
找到摆放 6.701056017 9168.0
找到摆放 7.602722344000001 9150.0
找到摆放 9.121913442 9136.0
找到摆放 10.749840221000001 9117.0
找到摆放 11.910594445000001 9106.0
找到摆放 12.595443990000001 9078.0
找到摆放 12.721986683 9077.0
找到摆放 12.829817590000001 9075.0
找到摆放 12.925631947000001 9045.0
找到摆放 13.606846484 9025.0
找到摆放 14.161222398000001 9006.0
找到摆放 14.275206775000001 8988.0
找到摆放 14.47915743 8940.0
找到摆放 14.800170331 8845.0
找到摆放 14.915369942000002 8839.0
找到摆放 15.499551126000002 8723.0
找到摆放 15.603608049000002 8716.0
找到摆放 15.861511845 8693.0
找到摆放 16.392475165 8153.0
找到摆放 16.490829035 8138.0
找到摆放 17.012504324000002 8096.0
找到摆放 17.550695079 8075.0
找到摆放 17.876811767 8045.0
找到摆放 18.071343115 8021.0
找到摆放 18.925356746000002 8007.0
找到摆放 19.403275632 7997.0
找到摆放 19.528577791 7991.0
找到摆放 19.934687422 7981.0
找到摆放 20.171844993 7971.0
找到摆放 21.120447127000002 7970.0
找到摆放 21.346848573000003 7950.0
找到摆放 22.074404274000003 7946.0
找到摆放 22.456873364 7938.0
找到摆放 22.604281951 7937.0
找到摆放 23.140790776000003 7857.0
找到摆放 23.445156577000002 7792.0
找到摆放 27.664728244000003 7782.0
找到摆放 28.640637421 7777.0
找到摆放 29.101968683000003 7776.0
找到摆放 29.462936186 7773.0
找到摆放 31.697181411000003 7769.0
找到摆放 37.889908766000005 7766.0
找到摆放 40.032192003000006 7758.0
找到摆放 40.695542353 7755.0
找到摆放 40.891541674 7754.0
找到摆放 41.246506361 7747.0
找到摆放 41.751841851 7741.0
找到摆放 42.093524787 7714.0
找到摆放 44.876549191 7711.0
找到摆放 51.349424340000006 7693.0
找到摆放 65.156463331 7686.0
找到摆放 67.607975897 7674.0
找到摆放 68.31545092200001 7649.0
找到摆放 69.254976114 7643.0
找到摆放 69.585085167 7642.0
找到摆放 71.001812637 7639.0
找到摆放 73.74403469100001 7636.0
找到摆放 73.99498036300001 7633.0
找到摆放 77.019657608 7630.0
找到摆放 89.860072712 7625.0
{'status': 'FEASIBLE', 'wall': 180.02658413100002, 'variables': 133993, 'constraints': 4397, 'radius': 7, 'source': '求解器/构造/第四张全厂候选/实现/实验/改编号305.json'}
