RF1 90
KF1 190
RF2 168
KF2 118
RF3 98
KF3 98
RF4 182
KF4 192
RF5 1
KF5 1
RF6 1
KF6 1
RF7 1
KF7 1
RF8 1
KF8 1
RF9 1
KF9 162
RF10 1
KF10 110
RF11 1
KF11 1
RF12 1
KF12 1
RF13 1
KF13 1
RF14 1
KF14 1
RF15 1
KF15 102
RF16 1
KF16 196
RF17 178
KF17 164
RF18 70
KF18 88
RF19 192
KF19 160
RF20 70
KF20 108
RF21 76
KF21 182
RF22 196
KF22 144
RF23 126
KF23 126
RF24 196
KF24 196
RF25 126
KF25 196
RF26 124
KF26 154
RF27 70
KF27 136
RF28 106
KF28 160
RF29 54
KF29 124
RF30 126
KF30 196
RF31 168
KF31 182
RF32 90
KF32 62
RF33 98
KF33 196
RF34 196
KF34 196
KO1 196
KO2 196
KO3 196
KO4 196
KO5 98
KO6 196
KO7 1
KO8 1
KO9 1
KO10 1
KO11 1
KO12 1
KO13 1
KO14 1
KO15 1
KO16 1
KO17 1
KO18 1
B1 84
B2 196
B3 1
B4 1
B5 1
B6 1
B7 48
B8 196
B9 196
B10 100
B11 38
B12 196
B13 196
B14 0
B15 107
B16 47
B17 196
O1 196
O2 196
O3 196
O4 1
O5 1
O6 1
O7 1
O8 1
O9 1
Q1 196
Q2 196
Q3 160
Q4 196
Q5 188
Q6 196
SC1 182
SA1 182
SB1 196
S1 196
SC2 126
SA2 196
SB2 196
S2 196
SC3 196
SA3 196
SB3 68
S3 1
SC4 98
SA4 126
SB4 196
S4 1
SC5 62
SA5 126
SB5 98
S5 1
SC6 196
SA6 98
SB6 196
S6 1
SC7 126
SA7 126
SB7 196
S7 196
SC8 196
SA8 104
SB8 196
S8 196
SC9 196
SA9 196
SB9 196
S9 186
SC10 196
SA10 196
SB10 196
S10 196
SC11 196
SA11 196
SB11 120
S11 166
SC12 106
SA12 132
SB12 84
S12 98
SC13 126
SA13 98
SB13 98
S13 196
QC1 196
QA1 196
QB1 196
QK1 196
QC2 196
QA2 98
QB2 196
QK2 196
QC3 95
QA3 196
QB3 196
QK3 174
QC4 98
QA4 126
QB4 196
QK4 196
QC5 196
QA5 196
QB5 196
QK5 196
QC6 126
QA6 62
QB6 98
QK6 196
R1 126
R2 196
R3 1
R4 1
R5 1
R6 1
R7 196
R8 196
R9 196
R10 196
R11 126
R12 196
R13 196
R14 182
R15 196
R16 196
R17 196
P1 196
H1 196
P2 196
H2 196
P3 46
H3 196
P4 132
H4 184
P5 88
H5 196
P6 196
H6 196
E1 196
E2 142
E3 104
F1 196
F2 196
F3 196
F4 196
CORE 98
WFE1 1
WFE2 1
WFE3 1
WFE4 1
WFE5 1
WFE6 1
WFE7 1
WFE8 1
WFE9 1
WFE10 1
WFE11 1
WFE12 1
WFE13 1
WFE14 1
WFE15 1
WFE16 1
WFE17 1
WFE18 1
WFE19 1
WFE20 1
WFE21 1
WFE22 1
WFE23 1
WFE24 1
WFE25 1
WFE26 1
WFE27 1
WFE28 1
WFE29 1
WFE30 1
WFE31 1
WFE32 1
WFE33 1
WFE34 1
WO7 1
WO8 1
WO9 1
WO10 1
WO11 1
WO12 1
WO13 1
WO14 1
WO15 1
WO16 1
WO17 1
WO18 1
POWER0 1
POWER1 1
POWER2 1
POWER3 1
POWER4 1
POWER5 1
POWER6 1
POWER7 1
POWER8 28
POWER9 49
POWER10 49
POWER11 49
POWER12 49
POWER13 49
POWER14 49
POWER15 49
POWER16 49
POWER17 49
POWER18 49
POWER19 49
POWER20 28
POWER21 28
POWER22 49
POWER23 49
POWER24 49
POWER25 0
{'status': 'INFEASIBLE', 'wall': 0.016411922000000002, 'variables': 33489, 'constraints': 61585, 'radius': 3, 'source': '求解器/构造/第四张全厂候选/实现/实验/改规划联合305-initial-2.json'}
