RF1 322
KF1 418
RF2 230
KF2 282
RF3 286
KF3 292
RF4 328
KF4 212
RF5 1
KF5 1
RF6 1
KF6 1
RF7 1
KF7 1
RF8 1
KF8 1
RF9 1
KF9 168
RF10 1
KF10 258
RF11 1
KF11 1
RF12 1
KF12 1
RF13 1
KF13 1
RF14 1
KF14 1
RF15 1
KF15 346
RF16 1
KF16 392
RF17 152
KF17 212
RF18 282
KF18 356
RF19 484
KF19 412
RF20 174
KF20 312
RF21 168
KF21 412
RF22 230
KF22 390
RF23 330
KF23 286
RF24 446
KF24 462
RF25 374
KF25 484
RF26 286
KF26 412
RF27 230
KF27 260
RF28 152
KF28 206
RF29 176
KF29 294
RF30 186
KF30 142
RF31 286
KF31 254
RF32 450
KF32 340
RF33 222
KF33 242
RF34 484
KF34 418
KO1 484
KO2 484
KO3 484
KO4 484
KO5 484
KO6 242
KO7 1
KO8 1
KO9 1
KO10 1
KO11 1
KO12 1
KO13 1
KO14 1
KO15 1
KO16 1
KO17 1
KO18 1
B1 460
B2 196
B3 1
B4 1
B5 1
B6 1
B7 60
B8 484
B9 340
B10 299
B11 294
B12 472
B13 419
B14 94
B15 236
B16 132
B17 484
O1 484
O2 484
O3 484
O4 1
O5 1
O6 1
O7 1
O8 1
O9 1
Q1 484
Q2 484
Q3 484
Q4 484
Q5 399
Q6 462
SC1 484
SA1 484
SB1 462
S1 484
SC2 484
SA2 484
SB2 484
S2 484
SC3 468
SA3 484
SB3 232
S3 1
SC4 484
SA4 370
SB4 436
S4 1
SC5 168
SA5 242
SB5 234
S5 1
SC6 484
SA6 462
SB6 484
S6 1
SC7 484
SA7 484
SB7 484
S7 484
SC8 484
SA8 484
SB8 484
S8 484
SC9 484
SA9 242
SB9 484
S9 484
SC10 286
SA10 286
SB10 242
S10 484
SC11 288
SA11 140
SB11 334
S11 382
SC12 242
SA12 462
SB12 152
S12 450
SC13 286
SA13 242
SB13 286
S13 462
QC1 286
QA1 374
QB1 242
QK1 484
QC2 242
QA2 440
QB2 286
QK2 484
QC3 484
QA3 484
QB3 484
QK3 484
QC4 471
QA4 484
QB4 436
QK4 484
QC5 231
QA5 480
QB5 278
QK5 474
QC6 142
QA6 230
QB6 242
QK6 462
R1 436
R2 142
R3 1
R4 1
R5 1
R6 1
R7 364
R8 484
R9 484
R10 484
R11 450
R12 484
R13 380
R14 296
R15 436
R16 484
R17 484
P1 484
H1 484
P2 338
H2 484
P3 482
H3 483
P4 484
H4 336
P5 484
H5 484
P6 258
H6 484
E1 484
E2 339
E3 135
F1 484
F2 484
F3 482
F4 484
CORE 242
WFE1 1
WFE2 1
WFE3 1
WFE4 1
WFE5 1
WFE6 1
WFE7 1
WFE8 1
WFE9 1
WFE10 1
WFE11 1
WFE12 1
WFE13 1
WFE14 1
WFE15 1
WFE16 1
WFE17 1
WFE18 1
WFE19 1
WFE20 1
WFE21 1
WFE22 1
WFE23 1
WFE24 1
WFE25 1
WFE26 1
WFE27 1
WFE28 1
WFE29 1
WFE30 1
WFE31 1
WFE32 1
WFE33 1
WFE34 1
WO7 1
WO8 1
WO9 1
WO10 1
WO11 1
WO12 1
WO13 1
WO14 1
WO15 1
WO16 1
WO17 1
WO18 1
POWER0 1
POWER1 1
POWER2 1
POWER3 1
POWER4 1
POWER5 1
POWER6 1
POWER7 1
POWER8 475
POWER9 221
POWER10 475
POWER11 625
POWER12 547
POWER13 242
POWER14 625
POWER15 304
POWER16 625
POWER17 462
POWER18 398
POWER19 475
POWER20 614
POWER21 569
POWER22 625
POWER23 334
POWER24 235
POWER25 500
{'status': 'UNKNOWN', 'wall': 240.33633932, 'variables': 79973, 'constraints': 139391, 'radius': 5, 'source': '求解器/构造/第四张全厂候选/实现/实验/改规划联合305-initial-5.json'}
