{"iteration": 0, "elapsed": 21.309310474003723, "source": "/home/zhuran24/zmd-research-fresh/求解器/构造/第四张全厂候选/实现/实验/逐路联合601-best.json", "source_routes": 209, "center": "O3", "result": {"routes": 209, "power_distance": 15, "deficit": 22, "disconnected": 112, "focus_connected": true}}
{"iteration": 1, "elapsed": 32.475030254005105, "source": "/home/zhuran24/zmd-research-fresh/求解器/构造/第四张全厂候选/实现/实验/逐路联合601-best.json", "source_routes": 209, "center": "QA4", "result": {"routes": 209, "power_distance": 15, "deficit": 22, "disconnected": 112, "focus_connected": false}}
{"iteration": 2, "elapsed": 41.78304679300345, "source": "/home/zhuran24/zmd-research-fresh/求解器/构造/第四张全厂候选/实现/实验/逐路联合601-best.json", "source_routes": 209, "center": "B11", "result": {"routes": 209, "power_distance": 14, "deficit": 22, "disconnected": 112, "focus_connected": false}}
{"iteration": 3, "elapsed": 70.78876740500709, "source": "/home/zhuran24/zmd-research-fresh/求解器/构造/第四张全厂候选/实现/实验/逐路联合601-best.json", "source_routes": 209, "center": "KF32", "result": {"routes": 209, "power_distance": 15, "deficit": 23, "disconnected": 111, "focus_connected": false}}
{"iteration": 4, "elapsed": 89.21314534600242, "source": "/home/zhuran24/zmd-research-fresh/求解器/构造/第四张全厂候选/实现/实验/逐路联合601-best.json", "source_routes": 209, "center": "POWER11", "result": {"routes": 209, "power_distance": 15, "deficit": 23, "disconnected": 111, "focus_connected": false}}
{"iteration": 5, "elapsed": 118.40920386600192, "source": "/home/zhuran24/zmd-research-fresh/求解器/构造/第四张全厂候选/实现/实验/逐路联合601-best.json", "source_routes": 209, "center": "H5", "result": {"routes": 209, "power_distance": 29, "deficit": 22, "disconnected": 111, "focus_connected": true}}
{"iteration": 6, "elapsed": 139.6674105340062, "source": "/home/zhuran24/zmd-research-fresh/求解器/构造/第四张全厂候选/实现/实验/逐路联合601-best.json", "source_routes": 210, "center": "KO6", "result": {"routes": 209, "power_distance": 15, "deficit": 25, "disconnected": 109, "focus_connected": true}}
{"iteration": 7, "elapsed": 168.65804025000398, "source": "/home/zhuran24/zmd-research-fresh/求解器/构造/第四张全厂候选/实现/实验/逐路联合601-best.json", "source_routes": 209, "center": "Q3", "result": {"routes": 209, "power_distance": 15, "deficit": 25, "disconnected": 109, "focus_connected": false}}
{"iteration": 8, "elapsed": 177.95152939600666, "source": "/home/zhuran24/zmd-research-fresh/求解器/构造/第四张全厂候选/实现/实验/逐路联合601-best.json", "source_routes": 212, "center": "KF18", "result": {"routes": 212, "power_distance": 16, "deficit": 22, "disconnected": 109, "focus_connected": false}}
{"iteration": 9, "elapsed": 197.83754983500694, "source": "/home/zhuran24/zmd-research-fresh/求解器/构造/第四张全厂候选/实现/实验/连通循环/全局最好.json", "source_routes": 212, "center": "SC8", "result": {"routes": 212, "power_distance": 16, "deficit": 22, "disconnected": 109, "focus_connected": true}}
{"iteration": 10, "elapsed": 207.67164692400547, "source": "/home/zhuran24/zmd-research-fresh/求解器/构造/第四张全厂候选/实现/实验/连通循环/全局最好.json", "source_routes": 212, "center": "QB4", "result": {"routes": 212, "power_distance": 15, "deficit": 23, "disconnected": 108, "focus_connected": false}}
{"iteration": 11, "elapsed": 218.7371169560065, "source": "/home/zhuran24/zmd-research-fresh/求解器/构造/第四张全厂候选/实现/实验/连通循环/全局最好.json", "source_routes": 212, "center": "QA4", "result": {"routes": 212, "power_distance": 14, "deficit": 23, "disconnected": 108, "focus_connected": false}}
{"iteration": 12, "elapsed": 248.75630057900707, "source": "/home/zhuran24/zmd-research-fresh/求解器/构造/第四张全厂候选/实现/实验/连通循环/全局最好.json", "source_routes": 212, "center": "SC11", "result": {"routes": 209, "power_distance": 34, "deficit": 24, "disconnected": 109, "focus_connected": false}}
{"iteration": 13, "elapsed": 258.15807414800656, "source": "/home/zhuran24/zmd-research-fresh/求解器/构造/第四张全厂候选/实现/实验/逐路联合601-best.json", "source_routes": 212, "center": "SB11", "result": {"routes": 212, "power_distance": 14, "deficit": 22, "disconnected": 108, "focus_connected": false}}
{"iteration": 14, "elapsed": 268.8837180200062, "source": "/home/zhuran24/zmd-research-fresh/求解器/构造/第四张全厂候选/实现/实验/连通循环/全局最好.json", "source_routes": 212, "center": "SB9", "result": {"routes": 212, "power_distance": 14, "deficit": 23, "disconnected": 107, "focus_connected": false}}
{"iteration": 15, "elapsed": 299.0165985650019, "source": "/home/zhuran24/zmd-research-fresh/求解器/构造/第四张全厂候选/实现/实验/连通循环/全局最好.json", "source_routes": 212, "center": "SA4", "result": {"routes": 211, "power_distance": 16, "deficit": 21, "disconnected": 110, "focus_connected": false}}
{"iteration": 16, "elapsed": 308.545542439002, "source": "/home/zhuran24/zmd-research-fresh/求解器/构造/第四张全厂候选/实现/实验/连通循环/全局最好.json", "source_routes": 212, "center": "KF18", "result": {"routes": 212, "power_distance": 14, "deficit": 23, "disconnected": 107, "focus_connected": false}}
{"iteration": 17, "elapsed": 318.14504911100084, "source": "/home/zhuran24/zmd-research-fresh/求解器/构造/第四张全厂候选/实现/实验/连通循环/全局最好.json", "source_routes": 212, "center": "O3", "result": {"routes": 212, "power_distance": 14, "deficit": 23, "disconnected": 107, "focus_connected": false}}
{"iteration": 18, "elapsed": 327.72105535500305, "source": "/home/zhuran24/zmd-research-fresh/求解器/构造/第四张全厂候选/实现/实验/连通循环/全局最好.json", "source_routes": 212, "center": "S7", "result": {"routes": 212, "power_distance": 14, "deficit": 22, "disconnected": 108, "focus_connected": false}}
{"iteration": 19, "elapsed": 339.3613771260061, "source": "/home/zhuran24/zmd-research-fresh/求解器/构造/第四张全厂候选/实现/实验/连通循环/全局最好.json", "source_routes": 212, "center": "SA4", "result": {"routes": 212, "power_distance": 14, "deficit": 23, "disconnected": 107, "focus_connected": false}}
{"iteration": 20, "elapsed": 352.92071037200367, "source": "/home/zhuran24/zmd-research-fresh/求解器/构造/第四张全厂候选/实现/实验/连通循环/全局最好.json", "source_routes": 212, "center": "KF19", "result": {"routes": 208, "power_distance": 17, "deficit": 21, "disconnected": 111, "focus_connected": false}}
{"iteration": 21, "elapsed": 363.15762510500645, "source": "/home/zhuran24/zmd-research-fresh/求解器/构造/第四张全厂候选/实现/实验/连通循环/全局最好.json", "source_routes": 212, "center": "B14", "result": {"routes": 212, "power_distance": 14, "deficit": 23, "disconnected": 107, "focus_connected": false}}
{"iteration": 22, "elapsed": 393.142152143002, "source": "/home/zhuran24/zmd-research-fresh/求解器/构造/第四张全厂候选/实现/实验/连通循环/全局最好.json", "source_routes": 212, "center": "SC7", "result": {"routes": 212, "power_distance": 14, "deficit": 21, "disconnected": 108, "focus_connected": true}}
