RF1 1
KF1 1
RF2 1
KF2 1
RF3 1
KF3 312
RF4 1
KF4 1
RF5 1
KF5 1
RF6 1
KF6 1
RF7 1
KF7 1
RF8 1
KF8 1
RF9 1
KF9 1
RF10 1
KF10 1
RF11 1
KF11 1
RF12 1
KF12 1
RF13 1
KF13 1
RF14 1
KF14 1
RF15 1
KF15 1
RF16 1
KF16 1
RF17 1
KF17 1
RF18 1
KF18 56
RF19 1
KF19 1
RF20 1
KF20 1
RF21 1
KF21 1
RF22 1
KF22 1
RF23 1
KF23 1
RF24 1
KF24 1
RF25 1
KF25 244
RF26 324
KF26 324
RF27 1
KF27 1
RF28 1
KF28 1
RF29 1
KF29 1
RF30 1
KF30 284
RF31 1
KF31 1
RF32 1
KF32 1
RF33 1
KF33 1
RF34 1
KF34 1
KO1 160
KO2 1
KO3 256
KO4 324
KO5 1
KO6 304
KO7 1
KO8 1
KO9 1
KO10 1
KO11 1
KO12 1
KO13 1
KO14 1
KO15 1
KO16 1
KO17 1
KO18 1
B1 1
B2 1
B3 1
B4 1
B5 1
B6 1
B7 1
B8 1
B9 1
B10 1
B11 1
B12 1
B13 1
B14 1
B15 136
B16 1
B17 1
O1 322
O2 316
O3 318
O4 1
O5 1
O6 1
O7 1
O8 1
O9 1
Q1 1
Q2 1
Q3 1
Q4 1
Q5 260
Q6 1
SC1 120
SA1 264
SB1 244
S1 324
SC2 1
SA2 1
SB2 132
S2 256
SC3 1
SA3 40
SB3 1
S3 1
SC4 316
SA4 324
SB4 120
S4 1
SC5 1
SA5 1
SB5 1
S5 1
SC6 1
SA6 1
SB6 1
S6 1
SC7 72
SA7 228
SB7 1
S7 1
SC8 1
SA8 1
SB8 1
S8 1
SC9 1
SA9 1
SB9 1
S9 1
SC10 1
SA10 1
SB10 1
S10 1
SC11 104
SA11 1
SB11 324
S11 292
SC12 1
SA12 1
SB12 1
S12 1
SC13 1
SA13 1
SB13 1
S13 1
QC1 1
QA1 1
QB1 1
QK1 1
QC2 1
QA2 1
QB2 1
QK2 1
QC3 324
QA3 1
QB3 156
QK3 148
QC4 1
QA4 1
QB4 1
QK4 1
QC5 136
QA5 1
QB5 308
QK5 324
QC6 1
QA6 1
QB6 1
QK6 1
R1 1
R2 1
R3 1
R4 1
R5 1
R6 1
R7 1
R8 1
R9 1
R10 1
R11 1
R12 1
R13 1
R14 1
R15 1
R16 168
R17 1
P1 268
H1 1
P2 1
H2 1
P3 184
H3 1
P4 136
H4 1
P5 1
H5 1
P6 1
H6 1
E1 180
E2 1
E3 1
F1 1
F2 1
F3 324
F4 1
CORE 1
WFE1 1
WFE2 1
WFE3 1
WFE4 1
WFE5 1
WFE6 1
WFE7 1
WFE8 1
WFE9 1
WFE10 1
WFE11 1
WFE12 1
WFE13 1
WFE14 1
WFE15 1
WFE16 1
WFE17 1
WFE18 1
WFE19 1
WFE20 1
WFE21 1
WFE22 1
WFE23 1
WFE24 1
WFE25 1
WFE26 1
WFE27 1
WFE28 1
WFE29 1
WFE30 1
WFE31 1
WFE32 1
WFE33 1
WFE34 1
WO7 1
WO8 1
WO9 1
WO10 1
WO11 1
WO12 1
WO13 1
WO14 1
WO15 1
WO16 1
WO17 1
WO18 1
POWER0 1
POWER2 1
POWER3 1
POWER4 1
POWER6 1
POWER7 1
POWER8 60
POWER9 1
POWER10 1
POWER11 1
POWER12 1
POWER13 1
POWER14 1
POWER15 1
POWER16 1
POWER17 81
POWER18 1
POWER19 1
POWER20 36
POWER21 1
POWER22 1
POWER23 1
POWER24 81
POWER25 1
POWER26 1
POWER27 1
找到摆放 5.901410114 3450102.0
找到摆放 5.97991516 3390097.0
找到摆放 6.297358131 2110034.0
找到摆放 6.488904744 1020018.0
找到摆放 6.725268876 869979.0
找到摆放 6.968356508 809979.0
找到摆放 7.128347671 779970.0
找到摆放 7.214883229000001 769968.0
找到摆放 7.2295928840000006 679968.0
找到摆放 7.324759396 579939.0
找到摆放 7.564505308 529927.0
找到摆放 7.574574790000001 519927.0
找到摆放 7.620486814 519922.0
找到摆放 7.664349495000001 519918.0
找到摆放 7.8842473040000005 459865.0
找到摆放 7.9011727920000006 449865.0
找到摆放 7.9926138270000004 419868.0
找到摆放 8.089307858 389852.0
找到摆放 8.223166375 329856.0
找到摆放 8.349983876000001 329850.0
找到摆放 8.624861062 299853.0
找到摆放 8.641024381000001 299851.0
找到摆放 9.093782334 289845.0
找到摆放 9.148841974 269841.0
找到摆放 9.292953110000001 229859.0
找到摆放 9.453268608 209855.0
找到摆放 9.864784411 189850.0
找到摆放 10.025445816000001 189846.0
找到摆放 10.645708312 99875.0
找到摆放 10.805590307000001 99872.0
找到摆放 10.813229162 89872.0
找到摆放 11.321265357000001 89858.0
找到摆放 11.331424675000001 79854.0
找到摆放 11.365337935000001 49852.0
找到摆放 11.502811341000001 -40148.0
找到摆放 11.560736577 -40151.0
找到摆放 11.694522252 -40156.0
找到摆放 11.702205677 -50156.0
找到摆放 12.272914985 -100138.0
找到摆放 12.448899049000001 -100164.0
找到摆放 12.605173591000002 -110168.0
找到摆放 14.459394769000001 -140163.0
找到摆放 16.314470574 -190153.0
找到摆放 17.547150059 -190156.0
找到摆放 17.774820937 -190159.0
找到摆放 18.938841545000002 -210148.0
找到摆放 19.408344925 -210152.0
找到摆放 23.625754334 -210163.0
找到摆放 25.001795578000003 -240156.0
找到摆放 29.025284112 -240159.0
找到摆放 29.662475578000002 -280160.0
{'status': 'FEASIBLE', 'wall': 35.015811838000005, 'variables': 19010, 'constraints': 73807, 'radius': 4, 'source': '/home/zhuran24/zmd-research-fresh/求解器/构造/第四张全厂候选/实现/实验/实线减桩循环/0001-source.json'}
