RF1 1
KF1 1
RF2 1
KF2 1
RF3 1
KF3 572
RF4 1
KF4 1
RF5 1
KF5 1
RF6 1
KF6 1
RF7 1
KF7 1
RF8 1
KF8 1
RF9 1
KF9 1
RF10 1
KF10 1
RF11 1
KF11 1
RF12 1
KF12 1
RF13 1
KF13 1
RF14 1
KF14 1
RF15 1
KF15 1
RF16 1
KF16 1
RF17 1
KF17 1
RF18 1
KF18 1
RF19 1
KF19 1
RF20 1
KF20 1
RF21 1
KF21 1
RF22 1
KF22 1
RF23 1
KF23 1
RF24 1
KF24 1
RF25 1
KF25 1120
RF26 924
KF26 996
RF27 1
KF27 1
RF28 1
KF28 1
RF29 1
KF29 1
RF30 1
KF30 608
RF31 1
KF31 1
RF32 1
KF32 1
RF33 1
KF33 1
RF34 1
KF34 1
KO1 852
KO2 444
KO3 1156
KO4 1156
KO5 1
KO6 1156
KO7 1
KO8 1
KO9 1
KO10 1
KO11 1
KO12 1
KO13 1
KO14 1
KO15 1
KO16 1
KO17 1
KO18 1
B1 1
B2 1
B3 1
B4 1
B5 1
B6 1
B7 1
B8 1
B9 1
B10 1
B11 1
B12 1
B13 700
B14 1
B15 1
B16 1
B17 1
O1 872
O2 1136
O3 1064
O4 1
O5 1
O6 1
O7 1
O8 1
O9 1
Q1 1
Q2 1
Q3 256
Q4 1
Q5 624
Q6 1
SC1 1
SA1 592
SB1 1
S1 708
SC2 456
SA2 1
SB2 864
S2 1084
SC3 508
SA3 848
SB3 308
S3 1
SC4 672
SA4 1004
SB4 1
S4 1
SC5 1
SA5 1
SB5 1
S5 1
SC6 1
SA6 1
SB6 1
S6 1
SC7 1
SA7 520
SB7 1
S7 1
SC8 1
SA8 1
SB8 1
S8 1
SC9 1
SA9 1
SB9 1
S9 592
SC10 1
SA10 1
SB10 1
S10 1
SC11 1
SA11 1
SB11 816
S11 528
SC12 1
SA12 1
SB12 1
S12 1
SC13 1
SA13 1
SB13 1
S13 1
QC1 1
QA1 1
QB1 1
QK1 1
QC2 1
QA2 408
QB2 1
QK2 1
QC3 932
QA3 1
QB3 672
QK3 668
QC4 1
QA4 1
QB4 1
QK4 1
QC5 252
QA5 1
QB5 560
QK5 804
QC6 1
QA6 1
QB6 1
QK6 1
R1 1
R2 1
R3 1
R4 1
R5 1
R6 1
R7 1
R8 1
R9 1
R10 1
R11 1
R12 1
R13 1
R14 1
R15 1
R16 436
R17 1
P1 876
H1 1
P2 1
H2 1
P3 428
H3 1
P4 1
H4 1
P5 1
H5 516
P6 1
H6 1
E1 980
E2 1
E3 1
F1 1
F2 1
F3 1020
F4 1
CORE 214
WFE1 1
WFE2 1
WFE3 1
WFE4 1
WFE5 1
WFE6 1
WFE7 1
WFE8 1
WFE9 1
WFE10 1
WFE11 1
WFE12 1
WFE13 1
WFE14 1
WFE15 1
WFE16 1
WFE17 1
WFE18 1
WFE19 1
WFE20 1
WFE21 1
WFE22 1
WFE23 1
WFE24 1
WFE25 1
WFE26 1
WFE27 1
WFE28 1
WFE29 1
WFE30 1
WFE31 1
WFE32 1
WFE33 1
WFE34 1
WO7 1
WO8 1
WO9 1
WO10 1
WO11 1
WO12 1
WO13 1
WO14 1
WO15 1
WO16 1
WO17 1
WO18 1
POWER0 1
POWER2 1
POWER3 1
POWER4 1
POWER6 1
POWER7 1
POWER8 289
POWER9 1
POWER10 1
POWER11 143
POWER12 1
POWER13 1
POWER14 196
POWER15 1
POWER16 1
POWER17 241
POWER18 1
POWER19 1
POWER20 129
POWER21 1
POWER22 1
POWER23 1
POWER24 148
POWER25 1
POWER26 1
POWER27 1
{'status': 'UNKNOWN', 'wall': 35.026306829, 'variables': 43629, 'constraints': 182286, 'radius': 8, 'source': '/home/zhuran24/zmd-research-fresh/求解器/构造/第四张全厂候选/实现/实验/实线减桩循环/0003-source.json'}
