RF1 1
KF1 1
RF2 1
KF2 1
RF3 1
KF3 1
RF4 1
KF4 1
RF5 1
KF5 1
RF6 1
KF6 1
RF7 1
KF7 1
RF8 1
KF8 1
RF9 1
KF9 1
RF10 1
KF10 1
RF11 1
KF11 1
RF12 1
KF12 1
RF13 1
KF13 1
RF14 1
KF14 1
RF15 1
KF15 464
RF16 264
KF16 448
RF17 1
KF17 1
RF18 116
KF18 1
RF19 1
KF19 1
RF20 1
KF20 124
RF21 1
KF21 308
RF22 1
KF22 1
RF23 1
KF23 1
RF24 1
KF24 404
RF25 1
KF25 1
RF26 1
KF26 1
RF27 212
KF27 228
RF28 200
KF28 252
RF29 1
KF29 1
RF30 1
KF30 1
RF31 1
KF31 1
RF32 1
KF32 1
RF33 1
KF33 1
RF34 216
KF34 1
KO1 1
KO2 1
KO3 1
KO4 1
KO5 1
KO6 1
KO7 1
KO8 1
KO9 1
KO10 1
KO11 1
KO12 1
KO13 1
KO14 1
KO15 1
KO16 1
KO17 1
KO18 1
B1 1
B2 1
B3 1
B4 1
B5 1
B6 1
B7 1
B8 352
B9 1
B10 268
B11 1
B12 1
B13 1
B14 1
B15 1
B16 1
B17 1
O1 1
O2 1
O3 1
O4 1
O5 1
O6 1
O7 1
O8 1
O9 1
Q1 1
Q2 1
Q3 1
Q4 1
Q5 1
Q6 1
SC1 1
SA1 1
SB1 1
S1 1
SC2 1
SA2 1
SB2 1
S2 1
SC3 1
SA3 1
SB3 1
S3 1
SC4 1
SA4 1
SB4 1
S4 1
SC5 1
SA5 1
SB5 140
S5 1
SC6 1
SA6 1
SB6 1
S6 1
SC7 1
SA7 1
SB7 1
S7 1
SC8 1
SA8 1
SB8 1
S8 1
SC9 1
SA9 1
SB9 1
S9 1
SC10 1
SA10 1
SB10 1
S10 312
SC11 1
SA11 1
SB11 1
S11 1
SC12 1
SA12 1
SB12 1
S12 1
SC13 40
SA13 1
SB13 340
S13 476
QC1 272
QA1 100
QB1 440
QK1 1
QC2 1
QA2 1
QB2 1
QK2 1
QC3 1
QA3 1
QB3 1
QK3 1
QC4 1
QA4 1
QB4 1
QK4 1
QC5 1
QA5 1
QB5 1
QK5 1
QC6 1
QA6 1
QB6 1
QK6 76
R1 1
R2 1
R3 1
R4 1
R5 1
R6 1
R7 220
R8 308
R9 1
R10 288
R11 96
R12 1
R13 1
R14 1
R15 1
R16 1
R17 200
P1 1
H1 124
P2 1
H2 1
P3 1
H3 144
P4 1
H4 1
P5 1
H5 1
P6 1
H6 1
E1 1
E2 1
E3 1
F1 1
F2 1
F3 1
F4 1
CORE 1
WFE1 1
WFE2 1
WFE3 1
WFE4 1
WFE5 1
WFE6 1
WFE7 1
WFE8 1
WFE9 1
WFE10 1
WFE11 1
WFE12 1
WFE13 1
WFE14 1
WFE15 1
WFE16 1
WFE17 1
WFE18 1
WFE19 1
WFE20 1
WFE21 1
WFE22 1
WFE23 1
WFE24 1
WFE25 1
WFE26 1
WFE27 1
WFE28 1
WFE29 1
WFE30 1
WFE31 1
WFE32 1
WFE33 1
WFE34 1
WO7 1
WO8 1
WO9 1
WO10 1
WO11 1
WO12 1
WO13 1
WO14 1
WO15 1
WO16 1
WO17 1
WO18 1
POWER0 1
POWER2 1
POWER3 1
POWER4 1
POWER6 1
POWER7 1
POWER8 1
POWER9 1
POWER10 1
POWER11 51
POWER12 1
POWER13 1
POWER14 1
POWER15 1
POWER16 1
POWER17 81
POWER18 1
POWER19 1
POWER20 1
POWER21 1
POWER22 1
POWER23 1
POWER24 94
POWER25 1
POWER26 1
POWER27 1
找到摆放 8.069064617 50176.0
找到摆放 8.120542407 20172.0
找到摆放 8.148412674000001 -69813.0
找到摆放 8.279804822000001 -139765.0
找到摆放 8.40960491 -169791.0
找到摆放 8.519676542000001 -189870.0
找到摆放 8.592991900000001 -189871.0
找到摆放 8.693369686 -189876.0
找到摆放 8.837865923 -279873.0
找到摆放 8.95831257 -319873.0
找到摆放 9.05774325 -319878.0
找到摆放 9.224725538000001 -329896.0
找到摆放 9.545262383 -329899.0
找到摆放 9.644322709 -359845.0
找到摆放 9.758059442 -369735.0
找到摆放 9.764996657000001 -399735.0
找到摆放 9.808156140000001 -399738.0
找到摆放 9.967263630000001 -399741.0
找到摆放 10.872375038000001 -399781.0
找到摆放 11.197269463000001 -409803.0
找到摆放 11.279574362 -409816.0
{'status': 'FEASIBLE', 'wall': 35.009378959, 'variables': 14101, 'constraints': 53424, 'radius': 6, 'source': '/home/zhuran24/zmd-research-fresh/求解器/构造/第四张全厂候选/实现/实验/实线减桩循环/0006-source.json'}
