RF1 1
KF1 1
RF2 1
KF2 1
RF3 1
KF3 1
RF4 1
KF4 372
RF5 1
KF5 1
RF6 1
KF6 1
RF7 1
KF7 1
RF8 1
KF8 1
RF9 1
KF9 1
RF10 1
KF10 1
RF11 1
KF11 1
RF12 1
KF12 1
RF13 1
KF13 1
RF14 432
KF14 1
RF15 1
KF15 1
RF16 1
KF16 188
RF17 1
KF17 1
RF18 1
KF18 1
RF19 1
KF19 1
RF20 1
KF20 1
RF21 1
KF21 1
RF22 1
KF22 1
RF23 1
KF23 1
RF24 1
KF24 1
RF25 1
KF25 1
RF26 1
KF26 1
RF27 1
KF27 1
RF28 1
KF28 1
RF29 1
KF29 1
RF30 1
KF30 1
RF31 1
KF31 1
RF32 1
KF32 1
RF33 1
KF33 1
RF34 1
KF34 1
KO1 460
KO2 648
KO3 1
KO4 1
KO5 504
KO6 1
KO7 1
KO8 1
KO9 1
KO10 1
KO11 1
KO12 1
KO13 1
KO14 1
KO15 1
KO16 1
KO17 1
KO18 1
B1 1
B2 1
B3 1
B4 1
B5 1
B6 1
B7 1
B8 1
B9 1
B10 1
B11 1
B12 1
B13 1
B14 1
B15 1
B16 1
B17 1
O1 1
O2 1
O3 1
O4 1
O5 1
O6 1
O7 1
O8 1
O9 1
Q1 1120
Q2 1120
Q3 1
Q4 752
Q5 1
Q6 1
SC1 1
SA1 1
SB1 1
S1 1
SC2 1
SA2 1
SB2 1
S2 1
SC3 736
SA3 416
SB3 1128
S3 1
SC4 1
SA4 1
SB4 1
S4 1
SC5 1
SA5 1
SB5 1
S5 1
SC6 1
SA6 1
SB6 1
S6 1
SC7 1
SA7 1
SB7 1
S7 1
SC8 680
SA8 856
SB8 956
S8 1096
SC9 272
SA9 480
SB9 1
S9 1
SC10 572
SA10 1
SB10 440
S10 548
SC11 1
SA11 1
SB11 1
S11 1
SC12 1
SA12 1
SB12 1
S12 1
SC13 592
SA13 600
SB13 144
S13 1
QC1 484
QA1 1
QB1 552
QK1 892
QC2 580
QA2 1
QB2 824
QK2 1156
QC3 1
QA3 1
QB3 1
QK3 1
QC4 1
QA4 1
QB4 1
QK4 496
QC5 1
QA5 1
QB5 1
QK5 1
QC6 1
QA6 616
QB6 312
QK6 804
R1 1
R2 1
R3 1
R4 1
R5 1
R6 1
R7 1
R8 1
R9 1
R10 1
R11 1
R12 1
R13 1
R14 1
R15 1
R16 1
R17 1
P1 264
H1 1
P2 1080
H2 984
P3 1
H3 1
P4 1
H4 1
P5 1
H5 1
P6 1
H6 1
E1 1
E2 1
E3 1
F1 888
F2 964
F3 1
F4 1
CORE 244
WFE1 1
WFE2 1
WFE3 1
WFE4 1
WFE5 1
WFE6 1
WFE7 1
WFE8 1
WFE9 1
WFE10 1
WFE11 1
WFE12 1
WFE13 1
WFE14 1
WFE15 1
WFE16 1
WFE17 1
WFE18 1
WFE19 1
WFE20 1
WFE21 1
WFE22 1
WFE23 1
WFE24 1
WFE25 1
WFE26 1
WFE27 1
WFE28 1
WFE29 1
WFE30 1
WFE31 1
WFE32 1
WFE33 1
WFE34 1
WO7 1
WO8 1
WO9 1
WO10 1
WO11 1
WO12 1
WO13 1
WO14 1
WO15 1
WO16 1
WO17 1
WO18 1
POWER0 1
POWER2 1
POWER3 1
POWER4 1
POWER6 1
POWER7 1
POWER8 1
POWER9 1
POWER10 255
POWER11 1
POWER12 155
POWER13 1
POWER14 1
POWER15 1
POWER16 206
POWER17 1
POWER18 1
POWER19 1
POWER20 1
POWER21 276
POWER22 1
POWER23 1
POWER24 1
POWER25 134
POWER26 1
POWER27 1
找到摆放 16.850164907 3400018.0
找到摆放 16.984947208 3400013.0
找到摆放 17.001730236 2000033.0
找到摆放 17.174477616 769949.0
找到摆放 17.306531353 749934.0
找到摆放 17.958163600000002 729891.0
找到摆放 18.130673945 639849.0
找到摆放 18.367477701000002 549763.0
找到摆放 18.406777013000003 429763.0
找到摆放 18.421097944 399763.0
找到摆放 20.552625453 249776.0
找到摆放 21.309885121 219776.0
找到摆放 21.750315710000002 209772.0
找到摆放 21.776411878 209769.0
找到摆放 22.164808818 199764.0
找到摆放 22.179905421 189764.0
找到摆放 23.382479858 189759.0
找到摆放 23.404000131 159759.0
找到摆放 23.670652051 89786.0
找到摆放 23.690597184 89782.0
找到摆放 24.081672362000003 69779.0
找到摆放 24.396892847 69745.0
找到摆放 24.538088285 69742.0
找到摆放 24.995658749 69736.0
找到摆放 27.463656463000003 19777.0
找到摆放 27.71944295 -40228.0
找到摆放 28.470706937000003 -40237.0
找到摆放 30.568224754000003 -50271.0
找到摆放 30.866363563 -50277.0
{'status': 'FEASIBLE', 'wall': 35.031591983000006, 'variables': 38373, 'constraints': 159649, 'radius': 8, 'source': '/home/zhuran24/zmd-research-fresh/求解器/构造/第四张全厂候选/实现/实验/实线减桩循环/0011-source.json'}
