RF1 1
KF1 640
RF2 1
KF2 1
RF3 1
KF3 1
RF4 1
KF4 1
RF5 1
KF5 1
RF6 1
KF6 1
RF7 1
KF7 1
RF8 1
KF8 1
RF9 1
KF9 1
RF10 1
KF10 1
RF11 1
KF11 1
RF12 1
KF12 1
RF13 1
KF13 1
RF14 444
KF14 1
RF15 1
KF15 776
RF16 1
KF16 636
RF17 1
KF17 276
RF18 1
KF18 1
RF19 1
KF19 1
RF20 1
KF20 1
RF21 1
KF21 636
RF22 1
KF22 1
RF23 1
KF23 1
RF24 1
KF24 320
RF25 256
KF25 1
RF26 1
KF26 1
RF27 1
KF27 1
RF28 1
KF28 1
RF29 1
KF29 1
RF30 1
KF30 1
RF31 1
KF31 1
RF32 1
KF32 1
RF33 1
KF33 1
RF34 1
KF34 1
KO1 1
KO2 312
KO3 1
KO4 1
KO5 1
KO6 1
KO7 1
KO8 1
KO9 1
KO10 1
KO11 1
KO12 1
KO13 1
KO14 1
KO15 1
KO16 1
KO17 1
KO18 1
B1 408
B2 372
B3 1
B4 1
B5 1
B6 1
B7 536
B8 638
B9 1
B10 398
B11 100
B12 1
B13 1
B14 296
B15 1
B16 1
B17 1
O1 1
O2 1
O3 1
O4 1
O5 1
O6 1
O7 1
O8 1
O9 1
Q1 1
Q2 1
Q3 1
Q4 1
Q5 1
Q6 1
SC1 1
SA1 1
SB1 1
S1 1
SC2 1
SA2 1
SB2 1
S2 1
SC3 1
SA3 1
SB3 1
S3 1
SC4 1
SA4 1
SB4 1
S4 1
SC5 1
SA5 1
SB5 596
S5 1
SC6 1
SA6 1
SB6 412
S6 1
SC7 1
SA7 1
SB7 1
S7 1
SC8 1
SA8 1
SB8 1
S8 1
SC9 1
SA9 1
SB9 1
S9 1
SC10 1
SA10 1
SB10 1
S10 1
SC11 1
SA11 1
SB11 1
S11 1
SC12 1
SA12 1
SB12 1
S12 1
SC13 1
SA13 1
SB13 288
S13 448
QC1 1
QA1 1
QB1 1
QK1 1
QC2 1
QA2 1
QB2 1
QK2 1
QC3 1
QA3 1
QB3 1
QK3 1
QC4 1
QA4 1
QB4 1
QK4 1
QC5 1
QA5 1
QB5 1
QK5 1
QC6 452
QA6 216
QB6 356
QK6 1
R1 788
R2 656
R3 1
R4 1
R5 1
R6 1
R7 840
R8 868
R9 1
R10 368
R11 248
R12 1
R13 232
R14 228
R15 1
R16 1
R17 1
P1 1
H1 720
P2 1
H2 1
P3 1
H3 228
P4 1
H4 1
P5 1
H5 1
P6 372
H6 1
E1 1
E2 1
E3 104
F1 1
F2 1
F3 1
F4 1
CORE 1
WFE1 1
WFE2 1
WFE3 1
WFE4 1
WFE5 1
WFE6 1
WFE7 1
WFE8 1
WFE9 1
WFE10 1
WFE11 1
WFE12 1
WFE13 1
WFE14 1
WFE15 1
WFE16 1
WFE17 1
WFE18 1
WFE19 1
WFE20 1
WFE21 1
WFE22 1
WFE23 1
WFE24 1
WFE25 1
WFE26 1
WFE27 1
WFE28 1
WFE29 1
WFE30 1
WFE31 1
WFE32 1
WFE33 1
WFE34 1
WO7 1
WO8 1
WO9 1
WO10 1
WO11 1
WO12 1
WO13 1
WO14 1
WO15 1
WO16 1
WO17 1
WO18 1
POWER0 1
POWER2 1
POWER3 1
POWER4 1
POWER6 1
POWER7 1
POWER8 1
POWER9 229
POWER10 1
POWER11 1
POWER12 1
POWER13 1
POWER14 1
POWER15 1
POWER16 1
POWER17 1
POWER18 1
POWER19 1
POWER20 1
POWER21 1
POWER22 1
POWER23 1
POWER24 1
POWER25 1
POWER26 1
POWER27 1
找到摆放 13.469207276 -180405.0
找到摆放 13.645109999 -180408.0
找到摆放 13.774658712 -210432.0
找到摆放 13.962041253 -310395.0
找到摆放 14.049657921000001 -340383.0
找到摆放 14.12120962 -340386.0
找到摆放 14.357915242 -340400.0
找到摆放 15.200772688 -350409.0
找到摆放 15.795884856 -350412.0
找到摆放 15.966005275 -370436.0
找到摆放 16.824335218 -370446.0
找到摆放 17.441854298000003 -370449.0
找到摆放 17.535583369 -380449.0
找到摆放 18.764180557 -440438.0
找到摆放 18.887764670000003 -460426.0
找到摆放 19.109187468000002 -460429.0
找到摆放 20.732661812 -470423.0
找到摆放 21.562187407 -480454.0
找到摆放 21.656335565000003 -480457.0
{'status': 'FEASIBLE', 'wall': 35.00815673, 'variables': 23535, 'constraints': 86571, 'radius': 8, 'source': '/home/zhuran24/zmd-research-fresh/求解器/构造/第四张全厂候选/实现/实验/实线减桩循环/0013-source.json'}
