RF1 1
KF1 1
RF2 1
KF2 1
RF3 1
KF3 1
RF4 1
KF4 1
RF5 1
KF5 1
RF6 1
KF6 1
RF7 1
KF7 1
RF8 1
KF8 1
RF9 1
KF9 1
RF10 1
KF10 1
RF11 1
KF11 1
RF12 1
KF12 1
RF13 1
KF13 1
RF14 1
KF14 1
RF15 1
KF15 1
RF16 1
KF16 1
RF17 1
KF17 1
RF18 1
KF18 1
RF19 1
KF19 1
RF20 1
KF20 1
RF21 1
KF21 1
RF22 1
KF22 1
RF23 1
KF23 1
RF24 1
KF24 1
RF25 1
KF25 636
RF26 544
KF26 548
RF27 1
KF27 1
RF28 1
KF28 1
RF29 1
KF29 1
RF30 1
KF30 1
RF31 1
KF31 1
RF32 1
KF32 1
RF33 1
KF33 1
RF34 1
KF34 1
KO1 436
KO2 1
KO3 1004
KO4 800
KO5 1
KO6 828
KO7 1
KO8 1
KO9 1
KO10 1
KO11 1
KO12 1
KO13 1
KO14 1
KO15 1
KO16 1
KO17 1
KO18 1
B1 1
B2 1
B3 1
B4 1
B5 1
B6 1
B7 1
B8 1
B9 1
B10 1
B11 1
B12 1
B13 1
B14 1
B15 1
B16 1
B17 1
O1 640
O2 922
O3 688
O4 1
O5 1
O6 1
O7 1
O8 1
O9 1
Q1 1
Q2 1
Q3 1
Q4 1
Q5 1
Q6 1
SC1 1
SA1 1
SB1 1
S1 552
SC2 1
SA2 1
SB2 376
S2 724
SC3 1
SA3 1
SB3 1
S3 1
SC4 336
SA4 768
SB4 1
S4 1
SC5 1
SA5 1
SB5 1
S5 1
SC6 1
SA6 1
SB6 1
S6 1
SC7 1
SA7 336
SB7 1
S7 1
SC8 1
SA8 224
SB8 1
S8 1
SC9 1
SA9 1
SB9 1
S9 1
SC10 1
SA10 1
SB10 1
S10 1
SC11 472
SA11 1
SB11 264
S11 1
SC12 1
SA12 1
SB12 1
S12 1
SC13 1
SA13 1
SB13 1
S13 1
QC1 1
QA1 1
QB1 1
QK1 1
QC2 1
QA2 1
QB2 1
QK2 1
QC3 1
QA3 1
QB3 620
QK3 376
QC4 1
QA4 1
QB4 1
QK4 1
QC5 1
QA5 1
QB5 1
QK5 1
QC6 1
QA6 1
QB6 1
QK6 1
R1 1
R2 1
R3 1
R4 1
R5 1
R6 1
R7 1
R8 1
R9 1
R10 1
R11 1
R12 1
R13 1
R14 1
R15 1
R16 1
R17 1
P1 544
H1 1
P2 1
H2 1
P3 1
H3 1
P4 1
H4 1
P5 1
H5 1
P6 1
H6 1
E1 586
E2 1
E3 1
F1 1
F2 1
F3 644
F4 1
CORE 1
WFE1 1
WFE2 1
WFE3 1
WFE4 1
WFE5 1
WFE6 1
WFE7 1
WFE8 1
WFE9 1
WFE10 1
WFE11 1
WFE12 1
WFE13 1
WFE14 1
WFE15 1
WFE16 1
WFE17 1
WFE18 1
WFE19 1
WFE20 1
WFE21 1
WFE22 1
WFE23 1
WFE24 1
WFE25 1
WFE26 1
WFE27 1
WFE28 1
WFE29 1
WFE30 1
WFE31 1
WFE32 1
WFE33 1
WFE34 1
WO7 1
WO8 1
WO9 1
WO10 1
WO11 1
WO12 1
WO13 1
WO14 1
WO15 1
WO16 1
WO17 1
WO18 1
POWER0 1
POWER2 1
POWER3 1
POWER4 1
POWER6 1
POWER7 1
POWER8 174
POWER9 1
POWER10 1
POWER11 1
POWER12 1
POWER13 1
POWER14 1
POWER15 1
POWER16 1
POWER17 1
POWER18 1
POWER19 1
POWER20 1
POWER21 1
POWER22 1
POWER23 1
POWER24 134
POWER25 1
POWER26 1
POWER27 1
找到摆放 6.3077541340000005 -60026.0
找到摆放 6.4002846600000005 -120032.0
找到摆放 6.480150409 -210038.0
找到摆放 6.551338444000001 -250038.0
找到摆放 6.729789381000001 -339992.0
找到摆放 6.8656182470000005 -349992.0
找到摆放 6.883586872 -359992.0
找到摆放 7.121425035000001 -389992.0
找到摆放 8.281064098 -409998.0
找到摆放 8.298146544 -479998.0
找到摆放 8.62079793 -480014.0
找到摆放 11.234077713000001 -500025.0
找到摆放 11.549712624000001 -500043.0
找到摆放 12.398034792 -500063.0
找到摆放 12.836885819 -500082.0
找到摆放 12.84942855 -510082.0
找到摆放 17.132569247000003 -510083.0
找到摆放 18.757285962 -570087.0
找到摆放 18.965495936 -600087.0
找到摆放 19.214257185 -600095.0
找到摆放 19.605709643 -600098.0
找到摆放 19.847259427 -680062.0
找到摆放 20.193104077 -680065.0
找到摆放 20.578287653 -680070.0
找到摆放 20.781983082 -680072.0
找到摆放 21.521360650000002 -680110.0
找到摆放 21.976268234000003 -680131.0
找到摆放 23.811170469 -690150.0
找到摆放 24.081961032000002 -690153.0
找到摆放 24.336221839 -710124.0
找到摆放 25.799684887 -710244.0
找到摆放 26.298459431 -730241.0
找到摆放 26.592990448000002 -760260.0
找到摆放 26.602908529 -770260.0
找到摆放 26.879988648 -790251.0
找到摆放 27.036625553 -790254.0
找到摆放 27.760778212 -790256.0
找到摆放 31.186320689000002 -820176.0
找到摆放 31.571133915 -820192.0
找到摆放 33.170412025000005 -840184.0
{'status': 'FEASIBLE', 'wall': 35.213672584, 'variables': 22345, 'constraints': 84499, 'radius': 8, 'source': '/home/zhuran24/zmd-research-fresh/求解器/构造/第四张全厂候选/实现/实验/实线减桩循环/0035-source.json'}
