RF1 1
KF1 1
RF2 1
KF2 1
RF3 1
KF3 1
RF4 1
KF4 1
RF5 1
KF5 1
RF6 1
KF6 1
RF7 1
KF7 1
RF8 1
KF8 1
RF9 1
KF9 1
RF10 1
KF10 1
RF11 1
KF11 1
RF12 1
KF12 1
RF13 1
KF13 1
RF14 1
KF14 1
RF15 1
KF15 472
RF16 1
KF16 436
RF17 1
KF17 1
RF18 1
KF18 1
RF19 288
KF19 568
RF20 1
KF20 408
RF21 1
KF21 376
RF22 1
KF22 1
RF23 416
KF23 396
RF24 1
KF24 644
RF25 1
KF25 1
RF26 1
KF26 1
RF27 1
KF27 1
RF28 1
KF28 1
RF29 1
KF29 1
RF30 1
KF30 1
RF31 1
KF31 1
RF32 1
KF32 1
RF33 1
KF33 1
RF34 1
KF34 1
KO1 1
KO2 1
KO3 1
KO4 1
KO5 1
KO6 1
KO7 1
KO8 1
KO9 1
KO10 1
KO11 1
KO12 1
KO13 1
KO14 1
KO15 1
KO16 1
KO17 1
KO18 1
B1 1
B2 80
B3 1
B4 1
B5 1
B6 1
B7 1
B8 342
B9 1
B10 408
B11 1
B12 598
B13 1
B14 1
B15 1
B16 1
B17 1
O1 1
O2 1
O3 1
O4 1
O5 1
O6 1
O7 1
O8 1
O9 1
Q1 1
Q2 158
Q3 1
Q4 1
Q5 1
Q6 1
SC1 1
SA1 1
SB1 1
S1 1
SC2 1
SA2 1
SB2 1
S2 1
SC3 488
SA3 292
SB3 532
S3 1
SC4 1
SA4 1
SB4 1
S4 1
SC5 1
SA5 1
SB5 148
S5 1
SC6 1
SA6 1
SB6 1
S6 1
SC7 1
SA7 1
SB7 1
S7 1
SC8 1
SA8 1
SB8 1
S8 1
SC9 1
SA9 1
SB9 1
S9 1
SC10 1
SA10 1
SB10 1
S10 456
SC11 1
SA11 1
SB11 1
S11 1
SC12 1
SA12 1
SB12 1
S12 1
SC13 288
SA13 228
SB13 464
S13 652
QC1 1
QA1 1
QB1 236
QK1 1
QC2 1
QA2 1
QB2 1
QK2 1
QC3 256
QA3 352
QB3 364
QK3 1
QC4 1
QA4 1
QB4 1
QK4 1
QC5 1
QA5 1
QB5 1
QK5 1
QC6 1
QA6 1
QB6 1
QK6 320
R1 1
R2 332
R3 1
R4 1
R5 1
R6 1
R7 1
R8 1
R9 1
R10 596
R11 1
R12 624
R13 1
R14 1
R15 1
R16 1
R17 1
P1 1
H1 1
P2 1
H2 400
P3 1
H3 1
P4 1
H4 1
P5 1
H5 1
P6 1
H6 1
E1 1
E2 1
E3 1
F1 178
F2 1
F3 1
F4 1
CORE 1
WFE1 1
WFE2 1
WFE3 1
WFE4 1
WFE5 1
WFE6 1
WFE7 1
WFE8 1
WFE9 1
WFE10 1
WFE11 1
WFE12 1
WFE13 1
WFE14 1
WFE15 1
WFE16 1
WFE17 1
WFE18 1
WFE19 1
WFE20 1
WFE21 1
WFE22 1
WFE23 1
WFE24 1
WFE25 1
WFE26 1
WFE27 1
WFE28 1
WFE29 1
WFE30 1
WFE31 1
WFE32 1
WFE33 1
WFE34 1
WO7 1
WO8 1
WO9 1
WO10 1
WO11 1
WO12 1
WO13 1
WO14 1
WO15 1
WO16 1
WO17 1
WO18 1
POWER0 1
POWER2 1
POWER3 1
POWER4 1
POWER6 1
POWER7 1
POWER8 1
POWER9 1
POWER10 1
POWER11 163
POWER12 1
POWER13 1
POWER14 1
POWER15 101
POWER16 1
POWER17 1
POWER18 1
POWER19 1
POWER20 1
POWER21 119
POWER22 62
POWER23 1
POWER24 1
POWER25 1
POWER26 1
POWER27 1
找到摆放 20.686258846 -130227.0
找到摆放 20.795826719 -160227.0
找到摆放 20.866083306 -330256.0
找到摆放 21.1258425 -410197.0
找到摆放 21.353313787 -410198.0
找到摆放 21.429064083 -410225.0
找到摆放 21.503532135 -420225.0
找到摆放 21.597830136000002 -450231.0
找到摆放 21.924026108 -450256.0
找到摆放 22.156273193 -460322.0
找到摆放 22.45067711 -470322.0
找到摆放 22.667080002000002 -470323.0
找到摆放 22.860482334 -500294.0
找到摆放 23.133350852000003 -500295.0
找到摆放 24.065920476000002 -510285.0
找到摆放 24.10814577 -510289.0
找到摆放 24.578866509 -540294.0
找到摆放 26.114283970000002 -610297.0
找到摆放 28.930593843 -610298.0
找到摆放 29.642748302 -610306.0
找到摆放 31.573208901 -610320.0
找到摆放 32.188613633 -610322.0
找到摆放 32.430740927 -620325.0
找到摆放 32.487724013000005 -630325.0
{'status': 'FEASIBLE', 'wall': 35.017341472000005, 'variables': 21536, 'constraints': 86476, 'radius': 6, 'source': '/home/zhuran24/zmd-research-fresh/求解器/构造/第四张全厂候选/实现/实验/实线减桩循环/0037-source.json'}
