任务4否证后作者修订核验，2026-09-21。
范围：容量修订、生成一致性、原有局部检查及只读输入绑定。

command: /usr/bin/python -B /home/zhuran24/zmd-research-fresh/求解器/会议成果/任务书7执行/证据/植物运行/核验.py
exit_status: 0
stdout:
PASS: A=314 B=315；各66条原株种子逻辑边；普通种子物理容量1150/2150，正常种子槽位850/1600；正常槽位和单批缓存域N≤5833+实际运输格，全部物料≤6711+实际运输格。
PASS: 19份现行只读输入重绑定后字节及mtime不变（原始16份不变、3份外部更新已核）；A/B实际速率保留null；局部共边/供电/格数核验；8份局部时间表、N恒等式及Z界核对。
SCOPE: 未编译、装载、步进游戏内核；数值时间表不是全参数执行器；完整任务4状态partial。

stderr:

command: /usr/bin/python -B /home/zhuran24/zmd-research-fresh/求解器/会议成果/任务书7执行/证据/植物运行/修订核验.py
exit_status: 0
stdout:
PASS: 24份只读输入（含三份正式文件、候选约束）字节与mtime保持；66机容量见证无重叠。
PASS: 普通种子物理上限1150/2150，正常槽位850/1600；5833/6711/277/5680保留正常域。
PASS: 438台机器、629条边、4项条件定理与旧版数据逐字段一致；18项处理齐全，7项保持未证。

stderr:

修订记录
2026-09-21 F13/F14：核验修订后两类容量、已有合法摆放及正常域公式；F01/F16—F18：核来源指纹、原数据保持和未证登记。两命令均退出0。

读者自审补明P/H/G台数、v2字段迁移及两次日志入口后的终态核验
command: /usr/bin/python -B /home/zhuran24/zmd-research-fresh/求解器/会议成果/任务书7执行/证据/植物运行/修订核验.py
exit_status: 0
stdout:
PASS: 24份只读输入（含三份正式文件、候选约束）字节与mtime保持；66机容量见证无重叠。
PASS: 普通种子物理上限1150/2150，正常槽位850/1600；5833/6711/277/5680保留正常域。
PASS: 438台机器、629条边、4项条件定理与旧版数据逐字段一致；18项处理齐全，7项保持未证。

stderr:

修订记录
2026-09-21 F01/F13/F14：终态文字引用与库存字段再次匹配；退出状态按上列实际记录。
