{"command": ["/home/zhuran24/zmd-research-fresh/求解器/target/debug/kernel", "check", "/home/zhuran24/zmd-research-fresh/求解器/crates/kernel/evidence/round6/revision-r5/cli/ore-crossed-seed.json", "--cycle-domain", "--config", "/home/zhuran24/zmd-research-fresh/求解器/规格/内核配置-v1.json"], "cwd": "/home/zhuran24/zmd-research-fresh/求解器", "exit": 2}
{
  "domain_report": [
    {
      "condition": "D.1",
      "evidence": [
        "已装载固定布局、设定、global/v1、在线零干预、sufficient；无未来历史/玩家策略"
      ],
      "locations": [],
      "scope": "static",
      "status": "pass"
    },
    {
      "condition": "D.2",
      "evidence": [
        "现存回矿候选读取被抽象容量，先于physical/级排序/授权停止"
      ],
      "locations": [
        "PC|belt:north:0|core:south:1"
      ],
      "scope": "static",
      "status": "fail"
    },
    {
      "condition": "D.3",
      "evidence": [
        "O为空；成品格无取货指派；新格标签无冲突；retain_history保持该不变量"
      ],
      "locations": [],
      "scope": "static",
      "status": "pass"
    },
    {
      "condition": "D.4",
      "evidence": [
        "轮询级装载未完成：现存回矿候选读取被抽象容量，先于physical/级排序/授权停止"
      ],
      "locations": [
        "PC|belt:north:0|core:south:1"
      ],
      "scope": "static",
      "status": "unresolved"
    },
    {
      "condition": "D.5",
      "evidence": [
        "结构界B=1+300*0=1 <80000；每PC每刻至多1、每箱每刻至多一次全箱300"
      ],
      "locations": [],
      "scope": "static",
      "status": "pass"
    }
  ],
  "status": "unsupported",
  "trajectory_executed": false
}
