{"command": ["/home/zhuran24/zmd-research-fresh/求解器/target/debug/kernel", "verify-record", "/home/zhuran24/zmd-research-fresh/求解器/crates/kernel/evidence/round6/revision-r5/cli/negative/hash.json", "--config", "/home/zhuran24/zmd-research-fresh/求解器/规格/内核配置-v1.json"], "cwd": "/home/zhuran24/zmd-research-fresh", "exit": 2}
{
  "execution_mode": "finite_concrete",
  "fingerprints": [],
  "input_history": null,
  "open_items": [
    "invalid_input input @ /home/zhuran24/zmd-research-fresh/求解器/数据/样例/生产循环环带.json: 来源指纹不符，须重验而非刷新"
  ],
  "parameter_assignment": null,
  "port_meeting": "shared_edge_opposite",
  "producer": {
    "claim": "装载停止，未形成游戏后继",
    "kind": "kernel",
    "path": "/home/zhuran24/zmd-research-fresh/求解器/crates/kernel/src/lib.rs"
  },
  "profile_id": "kernel_profile_v1",
  "run_id": "kernel:load-stop",
  "schema": "kernel-output-v3",
  "status": "invalid_input",
  "trace": null,
  "uncovered_axes": [],
  "validation_scope": null
}
