已重跑并核验 传输拒收与暂停核验-运行记录-v3-kernel.json
已重跑并核验 分流器三路轮询-运行记录-checkpoint_delta-v3-kernel.json
已重跑并核验 分流器三路轮询-运行记录-v3-kernel.json
已重跑并核验 分流器三路轮询-运行记录-v3.json
已重跑并核验 双成品制造砖-运行记录-v3-kernel.json
已重跑并核验 双成品满仓起动试作-周期证书-kernel.json
已重跑并核验 密集制造闭环序0核验-周期证书-kernel.json
已重跑并核验 密集制造闭环序0核验-运行记录-v3-kernel.json
已重跑并核验 密集制造闭环序1核验-周期证书-kernel.json
已重跑并核验 密集制造闭环序1核验-运行记录-v3-kernel.json
已重跑并核验 密集制造闭环序2核验-周期证书-kernel.json
已重跑并核验 密集制造闭环序2核验-运行记录-v3-kernel.json
已重跑并核验 密集制造闭环序3核验-周期证书-kernel.json
已重跑并核验 密集制造闭环序3核验-运行记录-v3-kernel.json
已重跑并核验 密集制造闭环序4核验-周期证书-kernel.json
已重跑并核验 密集制造闭环序4核验-运行记录-v3-kernel.json
已重跑并核验 密集制造闭环序5核验-周期证书-kernel.json
已重跑并核验 密集制造闭环序5核验-运行记录-v3-kernel.json
已重跑并核验 密集结点循环种子核验-周期证书-kernel.json
已重跑并核验 密集结点循环种子核验-运行记录-v3-kernel.json
已重跑并核验 密集结点核验-周期证书-kernel.json
已重跑并核验 密集结点核验-运行记录-v3-kernel.json
已重跑并核验 密集结点闭环核验-周期证书-kernel.json
已重跑并核验 密集结点闭环核验-运行记录-v3-kernel.json
已重跑并核验 桥接器双通路-运行记录-v3-kernel.json
已重跑并核验 混做粉碎机两下游-运行记录-checkpoint_delta-v3-kernel.json
已重跑并核验 混做粉碎机两下游-运行记录-v3-kernel.json
已重跑并核验 混做粉碎机两下游-运行记录-v3.json
已重跑并核验 生产循环环带-周期证书-kernel.json
已重跑并核验 生产循环环带-运行记录-v3-kernel.json
已重跑并核验 研磨混做核验-运行记录-v3-kernel.json
已重跑并核验 轮询均分序0核验-运行记录-v3-kernel.json
已重跑并核验 轮询均分序1核验-运行记录-v3-kernel.json
已重跑并核验 轮询均分序2核验-运行记录-v3-kernel.json
已重跑并核验 轮询均分序3核验-运行记录-v3-kernel.json
已重跑并核验 轮询均分序4核验-运行记录-v3-kernel.json
已重跑并核验 轮询均分序5核验-运行记录-v3-kernel.json
已重跑并核验 轮询均分核验-运行记录-v3-kernel.json
已重跑并核验 阻尼切支恢复核验-运行记录-v3-kernel.json
已重跑并核验 阻尼连续带核验-运行记录-v3-kernel.json
