M	候选约束.txt
M	求解器/crates/kernel/evidence/revision-r2/prior-regression-results.json
M	求解器/crates/kernel/evidence/revision-r2/regression-results.json
M	求解器/crates/kernel/evidence/revision-r4/cli/age-cohorts-input.json
M	求解器/crates/kernel/evidence/revision-r4/cli/age-cohorts-run-result.json
M	求解器/crates/kernel/evidence/revision-r4/cli/age-cohorts-seed-result.json
M	求解器/crates/kernel/evidence/revision-r4/cli/age-overflow-cycle-result.json
M	求解器/crates/kernel/evidence/revision-r4/cli/age-overflow-input.json
M	求解器/crates/kernel/evidence/revision-r4/cli/closed-checkpoint-input.json
M	求解器/crates/kernel/evidence/revision-r4/cli/closed-input.json
M	求解器/crates/kernel/evidence/revision-r4/cli/closed-prefix-result.json
M	求解器/crates/kernel/evidence/revision-r4/cli/closed-seed-result.json
M	求解器/crates/kernel/evidence/revision-r4/cli/closed-stop-checkpoint_delta-result.json
M	求解器/crates/kernel/evidence/revision-r4/cli/closed-stop-full_state_each_instant-result.json
M	求解器/crates/kernel/evidence/revision-r4/cli/empty-branch-input.json
M	求解器/crates/kernel/evidence/revision-r4/cli/empty-branch-seed-result.json
M	求解器/crates/kernel/evidence/revision-r4/cli/extra-trigger-cycle-result.json
M	求解器/crates/kernel/evidence/revision-r4/cli/extra-trigger-input.json
M	求解器/crates/kernel/evidence/revision-r4/cli/forged-adjacency.json
M	求解器/crates/kernel/evidence/revision-r4/cli/full-branch-input.json
M	求解器/crates/kernel/evidence/revision-r4/cli/path-runs-input.json
M	求解器/crates/kernel/evidence/revision-r4/cli/path-runs-result.json
M	求解器/crates/kernel/evidence/revision-r4/cli/working-input.json
M	求解器/crates/kernel/evidence/round5/round5_cli/invalid-cycle-result.json
M	求解器/crates/kernel/evidence/round5/round5_cli/relocated-seed.json
M	求解器/crates/kernel/evidence/round5/round5_cli/resource-statistics.json
M	求解器/crates/kernel/evidence/round6/cli/checkpoint-input.json
M	求解器/crates/kernel/evidence/round6/cli/continued.json
M	求解器/crates/kernel/evidence/round6/cli/none-relative.json
M	求解器/crates/kernel/evidence/round6/cli/none-zero-prefix.json
M	求解器/crates/kernel/evidence/round6/cli/none.json
M	求解器/crates/kernel/evidence/round6/cli/overflow-input.json
M	求解器/crates/kernel/evidence/round6/cli/overflow.json
M	求解器/crates/kernel/evidence/round6/cli/referenced-relative.json
M	求解器/crates/kernel/evidence/round6/cli/referenced-zero-prefix.json
M	求解器/crates/kernel/evidence/round6/cli/referenced-zero-prefix.record.json
M	求解器/crates/kernel/evidence/round6/cli/referenced.json
M	求解器/crates/kernel/evidence/round6/regressions/revision-r3/age-overflow-cycle-result.json
M	求解器/crates/kernel/evidence/round6/regressions/revision-r3/age-overflow-input.json
M	求解器/crates/kernel/evidence/round6/regressions/revision-r3/boolean_context-cycle-result.json
M	求解器/crates/kernel/evidence/round6/regressions/revision-r3/boolean_context-input.json
M	求解器/crates/kernel/evidence/round6/regressions/revision-r3/boolean_seed-cycle-result.json
M	求解器/crates/kernel/evidence/round6/regressions/revision-r3/boolean_seed-input.json
M	求解器/crates/kernel/evidence/round6/regressions/revision-r3/bridge-control-result.json
M	求解器/crates/kernel/evidence/round6/regressions/revision-r3/bridge-input.json
M	求解器/crates/kernel/evidence/round6/regressions/revision-r3/checkpoint-control.json
M	求解器/crates/kernel/evidence/round6/regressions/revision-r3/checkpoint-derived-run-result.json
M	求解器/crates/kernel/evidence/round6/regressions/revision-r3/checkpoint-run-result.json
M	求解器/crates/kernel/evidence/round6/regressions/revision-r3/checkpoint-seed-result.json
M	求解器/crates/kernel/evidence/round6/regressions/revision-r3/expired-after-closure-cycle-result.json
M	求解器/crates/kernel/evidence/round6/regressions/revision-r3/missing_inventory-cycle-result.json
M	求解器/crates/kernel/evidence/round6/regressions/revision-r3/missing_inventory-input.json
M	求解器/crates/kernel/evidence/round6/regressions/revision-r3/parameter-conflict-cycle-result.json
M	求解器/crates/kernel/evidence/round6/regressions/revision-r3/parameter-conflict-input.json
M	求解器/crates/kernel/evidence/round6/regressions/revision-r3/parameter-lifetime-cycle-result.json
M	求解器/crates/kernel/evidence/round6/regressions/revision-r3/parameter-lifetime-input.json
M	求解器/crates/kernel/evidence/round6/regressions/revision-r3/parameter-missing-cycle-result.json
M	求解器/crates/kernel/evidence/round6/regressions/revision-r3/parameter-missing-input.json
M	求解器/crates/kernel/evidence/round6/regressions/revision-r3/parameter-top_only-cycle-result.json
M	求解器/crates/kernel/evidence/round6/regressions/revision-r3/parameter-top_only-input.json
M	求解器/crates/kernel/evidence/round6/regressions/revision-r3/phase--1-cycle-result.json
M	求解器/crates/kernel/evidence/round6/regressions/revision-r3/phase--1-input.json
M	求解器/crates/kernel/evidence/round6/regressions/revision-r3/phase-1_2-cycle-result.json
M	求解器/crates/kernel/evidence/round6/regressions/revision-r3/phase-1_2-input.json
M	求解器/crates/kernel/evidence/round6/regressions/revision-r3/phase-6-cycle-result.json
M	求解器/crates/kernel/evidence/round6/regressions/revision-r3/phase-6-input.json
M	求解器/crates/kernel/evidence/round6/regressions/revision-r3/phase-not-a-Time-cycle-result.json
M	求解器/crates/kernel/evidence/round6/regressions/revision-r3/phase-not-a-Time-input.json
M	求解器/crates/kernel/evidence/round6/regressions/revision-r3/results.json
M	求解器/crates/kernel/evidence/round6/regressions/revision-r3/slot_short-cycle-result.json
M	求解器/crates/kernel/evidence/round6/regressions/revision-r3/slot_short-input.json
M	求解器/crates/kernel/evidence/round6/regressions/revision-r3/slot_unknown-cycle-result.json
M	求解器/crates/kernel/evidence/round6/regressions/revision-r3/slot_unknown-input.json
M	求解器/crates/kernel/evidence/round6/regressions/revision-r3/unknown_progress-cycle-result.json
M	求解器/crates/kernel/evidence/round6/regressions/revision-r3/unknown_progress-input.json
M	求解器/crates/kernel/evidence/round6/regressions/revision-r3/zero-ore-iron-cycle-result.json
M	求解器/crates/kernel/evidence/round6/regressions/revision-r3/zero-ore-iron-input.json
M	求解器/crates/kernel/evidence/round6/regressions/revision-r3/zero-ore-origin-cycle-result.json
M	求解器/crates/kernel/evidence/round6/regressions/revision-r3/zero-ore-origin-input.json
M	求解器/crates/kernel/evidence/round6/revision-r5/cli/bounded-reference-package/分流器三路轮询-reference.json
M	求解器/crates/kernel/evidence/round6/revision-r5/cli/bounded-reference-package/混做粉碎机两下游-reference.json
M	求解器/crates/kernel/evidence/round6/revision-r5/cli/checkpoint_delta-checkpoint.json
M	求解器/crates/kernel/evidence/round6/revision-r5/cli/checkpoint_delta-continued.json
M	求解器/crates/kernel/evidence/round6/revision-r5/cli/checkpoint_delta-cycle-input.json
M	求解器/crates/kernel/evidence/round6/revision-r5/cli/full_state_each_instant-checkpoint.json
M	求解器/crates/kernel/evidence/round6/revision-r5/cli/full_state_each_instant-continued.json
M	求解器/crates/kernel/evidence/round6/revision-r5/cli/full_state_each_instant-cycle-input.json
M	求解器/crates/kernel/evidence/round6/revision-r5/cli/invalid-input.json
M	求解器/crates/kernel/evidence/round6/revision-r5/cli/invalid-shell.json
M	求解器/crates/kernel/evidence/round6/revision-r5/cli/ore-79999-cycle.json
M	求解器/crates/kernel/evidence/round6/revision-r5/cli/ore-79999-finite.json
M	求解器/crates/kernel/evidence/round6/revision-r5/cli/ore-79999-raw.json
M	求解器/crates/kernel/evidence/round6/revision-r5/cli/ore-79999-seed.json
M	求解器/crates/kernel/evidence/round6/revision-r5/cli/ore-80000-cycle.json
M	求解器/crates/kernel/evidence/round6/revision-r5/cli/ore-80000-finite.json
M	求解器/crates/kernel/evidence/round6/revision-r5/cli/ore-80000-raw.json
M	求解器/crates/kernel/evidence/round6/revision-r5/cli/ore-80000-seed.json
M	求解器/crates/kernel/evidence/round6/revision-r5/cli/ore-crossed-cycle.json
M	求解器/crates/kernel/evidence/round6/revision-r5/cli/ore-crossed-seed.json
M	求解器/crates/kernel/evidence/round6/revision-r5/cli/original-cycle.json
M	求解器/crates/kernel/evidence/round6/revision-r5/cli/package/checkpoint_delta/certificates/cycle.json
M	求解器/crates/kernel/evidence/round6/revision-r5/cli/package/checkpoint_delta/records/record.json
M	求解器/crates/kernel/evidence/round6/revision-r5/cli/package/full_state_each_instant/certificates/cycle.json
M	求解器/crates/kernel/evidence/round6/revision-r5/cli/reference-package/混做粉碎机两下游-checkpoint_delta.json
M	求解器/crates/kernel/evidence/round6/revision-r5/cli/reference-package/混做粉碎机两下游-full_state_each_instant.json
M	求解器/crates/kernel/evidence/round6/revision-r5/cli/resource-input.json
M	求解器/crates/kernel/evidence/round6/revision-r5/cli/resource-shell.json
M	求解器/crates/kernel/evidence/round6/revision-r5/cli/unsupported-input.json
M	求解器/crates/kernel/evidence/round6/revision-r5/cli/unsupported-shell.json
M	求解器/crates/kernel/evidence/round6/revision-r5/cli/zero-checkpoint.json
M	求解器/crates/kernel/evidence/round6/revision-r5/cli/zero-prefix.json
M	求解器/crates/kernel/evidence/round6/revision-r5/cli/混做粉碎机两下游-absolute.json
M	求解器/crates/kernel/tests/fixtures/benchmark_1000.json
M	求解器/crates/kernel/tests/fixtures/benchmark_brick.json
M	求解器/crates/kernel/tests/fixtures/benchmark_brick_60.json
M	求解器/crates/kernel/tests/fixtures/bridge.json
M	求解器/crates/kernel/tests/fixtures/core_inbound.json
M	求解器/crates/kernel/tests/fixtures/priority.json
M	求解器/crates/kernel/tests/fixtures/revision_r2_branch_cut.json
M	求解器/crates/kernel/tests/fixtures/revision_r2_phase_control.json
M	求解器/crates/topology/tests/validation.rs
A	求解器/内核维护/2026-09-22c/check_positive.py
A	求解器/内核维护/2026-09-22c/kernel-check.log
A	求解器/内核维护/2026-09-22c/kernel-run.log
A	求解器/内核维护/2026-09-22c/kernel-seed.log
A	求解器/内核维护/2026-09-22c/kernel-verify-record.log
A	求解器/内核维护/2026-09-22c/positive-input.json
A	求解器/内核维护/2026-09-22c/positive-run.json
A	求解器/内核维护/2026-09-22c/positive-validation.json
A	求解器/内核维护/2026-09-22c/regen_constraints.py
A	求解器/内核维护/2026-09-22c/relock.json
A	求解器/内核维护/2026-09-22c/relock.py
A	求解器/内核维护/2026-09-22c/seed-output.json
A	求解器/内核维护/2026-09-22c/stale-catalog-input.json
A	求解器/内核维护/2026-09-22c/stale-catalog.log
A	求解器/内核维护/2026-09-22c/test.log
A	求解器/数据/工具/__pycache__/formal_catalog.cpython-314.pyc
A	求解器/数据/工具/__pycache__/formal_units.cpython-314.pyc
M	求解器/数据/工具/check_revision.py
M	求解器/数据/工具/formal_catalog.py
M	求解器/数据/样例/check_examples.py
M	求解器/数据/样例/任务7内核/双门窗口恢复.json
M	求解器/数据/样例/任务7内核/同刻双箱争余量.json
M	求解器/数据/样例/任务7内核/成熟旧货重试.json
M	求解器/数据/样例/任务7内核/无线一满一可收.json
M	求解器/数据/样例/任务7内核/无线全拒收.json
M	求解器/数据/样例/任务7内核/无线多格全收.json
M	求解器/数据/样例/任务7内核/无线多格歧义.json
M	求解器/数据/样例/任务7内核/无线空箱.json
M	求解器/数据/样例/任务7内核/无线部分接收.json
M	求解器/数据/样例/任务7内核/生产环带.json
M	求解器/数据/样例/任务7内核/累计审计与窗口周期.json
M	求解器/数据/样例/任务7内核/累计调低保留.json
M	求解器/数据/样例/任务7内核/累计调高资格.json
M	求解器/数据/样例/任务7内核/装载与普通制造.json
M	求解器/数据/样例/任务7内核/身份实际切换.json
M	求解器/数据/样例/任务7内核/身份断边恢复.json
M	求解器/数据/样例/任务7内核/阻尼恢复.json
M	求解器/数据/样例/任务7内核/静止成熟与暂停键.json
M	求解器/数据/样例/传输拒收与暂停核验.json
M	求解器/数据/样例/分流器三路轮询.json
M	求解器/数据/样例/双成品制造砖.json
M	求解器/数据/样例/双成品满仓起动试作.json
M	求解器/数据/样例/密集制造闭环基础.json
M	求解器/数据/样例/密集制造闭环序0核验.json
M	求解器/数据/样例/密集制造闭环序1核验.json
M	求解器/数据/样例/密集制造闭环序2核验.json
M	求解器/数据/样例/密集制造闭环序3核验.json
M	求解器/数据/样例/密集制造闭环序4核验.json
M	求解器/数据/样例/密集制造闭环序5核验.json
M	求解器/数据/样例/密集结点循环种子核验.json
M	求解器/数据/样例/密集结点核验.json
M	求解器/数据/样例/密集结点闭环核验.json
M	求解器/数据/样例/桥接器双通路.json
M	求解器/数据/样例/混做粉碎机两下游.json
M	求解器/数据/样例/生产循环环带.json
M	求解器/数据/样例/研磨混做核验.json
M	求解器/数据/样例/轮询均分序0核验.json
M	求解器/数据/样例/轮询均分序1核验.json
M	求解器/数据/样例/轮询均分序2核验.json
M	求解器/数据/样例/轮询均分序3核验.json
M	求解器/数据/样例/轮询均分序4核验.json
M	求解器/数据/样例/轮询均分序5核验.json
M	求解器/数据/样例/轮询均分核验.json
M	求解器/数据/样例/阻尼切支恢复核验.json
M	求解器/数据/样例/阻尼连续带核验.json
M	求解器/数据/正式静态目录.json
M	求解约束.txt
