M	.gitignore
M	求解器/crates/kernel/src/tests.rs
M	求解器/crates/kernel/src/tests_round5.rs
M	求解器/crates/kernel/tests/coverage_audit.py
M	求解器/crates/kernel/tests/fixtures/benchmark_1000.json
M	求解器/crates/kernel/tests/fixtures/benchmark_brick.json
M	求解器/crates/kernel/tests/fixtures/benchmark_brick_60.json
M	求解器/crates/kernel/tests/fixtures/bridge.json
M	求解器/crates/kernel/tests/fixtures/core_inbound.json
M	求解器/crates/kernel/tests/fixtures/priority.json
M	求解器/crates/kernel/tests/fixtures/revision_r2_branch_cut.json
M	求解器/crates/kernel/tests/fixtures/revision_r2_phase_control.json
M	求解器/crates/kernel/tests/reference.rs
M	求解器/crates/kernel/tests/revision_r5_cli.py
M	求解器/crates/kernel/tests/round5_cli.rs
M	求解器/crates/kernel/tests/verify_all.py
M	求解器/crates/kernel/tests/verify_outputs.py
M	求解器/会议成果/主会话三审-0921.md
M	求解器/会议成果/任务书7执行/会议成果回填稿.md
M	求解器/会议成果/任务书7执行/密排布局.json
M	求解器/会议成果/任务书7执行/密排试点.md
M	求解器/会议成果/任务书7执行/成品输出通路.md
M	求解器/会议成果/任务书7执行/整厂衔接.md
M	求解器/会议成果/任务书7执行/未决去向.md
M	求解器/会议成果/任务书7执行/本轮成果.md
M	求解器/会议成果/任务书7执行/植物运行试点.md
A	求解器/内核维护/2026-09-22/archive-inventory.json
A	求解器/内核维护/2026-09-22/before.json
A	求解器/内核维护/2026-09-22/bin/python
A	求解器/内核维护/2026-09-22/bridge-edit-files.json
A	求解器/内核维护/2026-09-22/build-release.log
A	求解器/内核维护/2026-09-22/build.attempt-1.log
A	求解器/内核维护/2026-09-22/build.log
A	求解器/内核维护/2026-09-22/catalog-tests.attempt-1.log
A	求解器/内核维护/2026-09-22/catalog-tests.log
A	求解器/内核维护/2026-09-22/catalog.attempt-1.log
A	求解器/内核维护/2026-09-22/catalog.log
A	求解器/内核维护/2026-09-22/check_bridge_python.py
A	求解器/内核维护/2026-09-22/check_positive.py
A	求解器/内核维护/2026-09-22/clippy-diagnostics.json
A	求解器/内核维护/2026-09-22/clippy.attempt-1.log
A	求解器/内核维护/2026-09-22/clippy.attempt-2.log
A	求解器/内核维护/2026-09-22/clippy.log
A	求解器/内核维护/2026-09-22/commands.jsonl.log
A	求解器/内核维护/2026-09-22/coverage-control.json
A	求解器/内核维护/2026-09-22/coverage-control.log
A	求解器/内核维护/2026-09-22/delivery-manifest.json
A	求解器/内核维护/2026-09-22/early-test-invalid-cycle-result.json
A	求解器/内核维护/2026-09-22/early-test-output-restoration.json
A	求解器/内核维护/2026-09-22/early-test-relocated-seed.json
A	求解器/内核维护/2026-09-22/early-test-resource-statistics.json
A	求解器/内核维护/2026-09-22/final-audit.json
A	求解器/内核维护/2026-09-22/final_audit.py
A	求解器/内核维护/2026-09-22/functions.json
A	求解器/内核维护/2026-09-22/health-inventory.log
A	求解器/内核维护/2026-09-22/health_inventory.py
A	求解器/内核维护/2026-09-22/input-migration.json
A	求解器/内核维护/2026-09-22/integration-retry.log
A	求解器/内核维护/2026-09-22/integration-targeted.log
A	求解器/内核维护/2026-09-22/kernel-check.log
A	求解器/内核维护/2026-09-22/kernel-run.log
A	求解器/内核维护/2026-09-22/kernel-seed.log
A	求解器/内核维护/2026-09-22/kernel-verify-record.log
A	求解器/内核维护/2026-09-22/migrate_active_inputs.py
A	求解器/内核维护/2026-09-22/positive-input.json
A	求解器/内核维护/2026-09-22/positive-run.json
A	求解器/内核维护/2026-09-22/positive-validation.json
A	求解器/内核维护/2026-09-22/positive-validation.log
A	求解器/内核维护/2026-09-22/python-bridge-validation.json
A	求解器/内核维护/2026-09-22/python-bridge-validation.log
A	求解器/内核维护/2026-09-22/reader-review.json
A	求解器/内核维护/2026-09-22/recover_load_stop.py
A	求解器/内核维护/2026-09-22/reference-refresh.json
A	求解器/内核维护/2026-09-22/refresh_reference.py
A	求解器/内核维护/2026-09-22/relock.json
A	求解器/内核维护/2026-09-22/relock.py
A	求解器/内核维护/2026-09-22/restore_test_outputs.py
A	求解器/内核维护/2026-09-22/result.json
A	求解器/内核维护/2026-09-22/revert_bridge.py
A	求解器/内核维护/2026-09-22/revert_bridge_docs.py
A	求解器/内核维护/2026-09-22/revision-r5-final.log
A	求解器/内核维护/2026-09-22/run_checks.py
A	求解器/内核维护/2026-09-22/samples.attempt-1.log
A	求解器/内核维护/2026-09-22/samples.attempt-2.log
A	求解器/内核维护/2026-09-22/samples.log
A	求解器/内核维护/2026-09-22/seed-output.json
A	求解器/内核维护/2026-09-22/stale-catalog-input.json
A	求解器/内核维护/2026-09-22/stale-catalog.log
A	求解器/内核维护/2026-09-22/supported-sample-check.json
A	求解器/内核维护/2026-09-22/supported-samples.log
A	求解器/内核维护/2026-09-22/sync_regressions.py
A	求解器/内核维护/2026-09-22/test.attempt-1.log
A	求解器/内核维护/2026-09-22/test.attempt-2.log
A	求解器/内核维护/2026-09-22/test.attempt-3.log
A	求解器/内核维护/2026-09-22/test.attempt-4.log
A	求解器/内核维护/2026-09-22/test.attempt-5.log
A	求解器/内核维护/2026-09-22/test.attempt-6.log
A	求解器/内核维护/2026-09-22/test.log
A	求解器/内核维护/2026-09-22/toolchain.json
A	求解器/内核维护/2026-09-22/write_health_plan.py
A	求解器/内核维护/2026-09-22/write_report.py
A	求解器/内核维护/2026-09-22/分流器三路轮询-reference-diff.json
A	求解器/内核维护/2026-09-22/混做粉碎机两下游-reference-diff.json
A	求解器/内核维护/2026-09-22/记录.md
A	求解器/内核维护/代码体检方案.md
M	求解器/数据/工具/formal_catalog.py
M	求解器/数据/工具/formal_units.py
M	求解器/数据/工具/test_formal_catalog.py
M	求解器/数据/样例/check_examples.py
M	求解器/数据/样例/check_golden_trace.py
M	求解器/数据/样例/kernel_profile_v1参数赋值.json
M	求解器/数据/样例/runtime_example.py
M	求解器/数据/样例/runtime_record.py
M	求解器/数据/样例/任务7内核/双门窗口恢复.json
M	求解器/数据/样例/任务7内核/同刻双箱争余量.json
M	求解器/数据/样例/任务7内核/成熟旧货重试.json
M	求解器/数据/样例/任务7内核/无线一满一可收.json
M	求解器/数据/样例/任务7内核/无线全拒收.json
M	求解器/数据/样例/任务7内核/无线多格全收.json
M	求解器/数据/样例/任务7内核/无线多格歧义.json
M	求解器/数据/样例/任务7内核/无线空箱.json
M	求解器/数据/样例/任务7内核/无线部分接收.json
M	求解器/数据/样例/任务7内核/生产环带.json
M	求解器/数据/样例/任务7内核/累计审计与窗口周期.json
M	求解器/数据/样例/任务7内核/累计调低保留.json
M	求解器/数据/样例/任务7内核/累计调高资格.json
M	求解器/数据/样例/任务7内核/装载与普通制造.json
M	求解器/数据/样例/任务7内核/身份实际切换.json
M	求解器/数据/样例/任务7内核/身份断边恢复.json
M	求解器/数据/样例/任务7内核/阻尼恢复.json
M	求解器/数据/样例/任务7内核/静止成熟与暂停键.json
M	求解器/数据/样例/传输拒收与暂停核验.json
M	求解器/数据/样例/分流器三路轮询-参数赋值.json
A	求解器/数据/样例/分流器三路轮询-参考运行记录.json
M	求解器/数据/样例/分流器三路轮询.json
M	求解器/数据/样例/双成品制造砖.json
M	求解器/数据/样例/双成品满仓起动试作.json
M	求解器/数据/样例/密集制造闭环基础.json
M	求解器/数据/样例/密集制造闭环序0核验.json
M	求解器/数据/样例/密集制造闭环序1核验.json
M	求解器/数据/样例/密集制造闭环序2核验.json
M	求解器/数据/样例/密集制造闭环序3核验.json
M	求解器/数据/样例/密集制造闭环序4核验.json
M	求解器/数据/样例/密集制造闭环序5核验.json
M	求解器/数据/样例/密集结点循环种子核验.json
M	求解器/数据/样例/密集结点核验.json
M	求解器/数据/样例/密集结点闭环核验.json
M	求解器/数据/样例/桥接器双通路.json
A	求解器/数据/样例/混做粉碎机两下游-参考运行记录.json
M	求解器/数据/样例/混做粉碎机两下游.json
M	求解器/数据/样例/生产循环环带.json
M	求解器/数据/样例/研磨混做核验.json
M	求解器/数据/样例/轮询均分序0核验.json
M	求解器/数据/样例/轮询均分序1核验.json
M	求解器/数据/样例/轮询均分序2核验.json
M	求解器/数据/样例/轮询均分序3核验.json
M	求解器/数据/样例/轮询均分序4核验.json
M	求解器/数据/样例/轮询均分序5核验.json
M	求解器/数据/样例/轮询均分核验.json
M	求解器/数据/样例/阻尼切支恢复核验.json
M	求解器/数据/样例/阻尼连续带核验.json
M	求解器/数据/正式静态目录.json
M	求解器/数据/送料契约.md
M	求解器/规格/参数扫描约减.md
M	求解器/规格/受限转移定义.md
M	求解器/规格/运行语义.md
M	求解器/规格/选择点清单.md
