assign 0 3080194 3080194
assign 5000 2645267 2645255
assign 10000 2622893 2622881
assign 15000 2622666 2622666
assign 20000 2620681 2620674
assign 25000 2618556 2618556
assign 30000 2616514 2616512
assign 35000 2614534 2614528
assign 40000 2614493 2614493
assign 45000 2614483 2614475
assign 50000 2614529 2614475
assign 55000 2614513 2614475
assign 60000 2614483 2614475
assign 65000 2614530 2614475
assign 70000 2614506 2614475
assign 75000 2614473 2614470
assign 80000 2614563 2614470
assign 85000 2610600 2610600
assign 90000 2608544 2608544
assign 95000 2608546 2608526
DONE 2608526 blocked 78 components 62 seconds 0.6664834022521973
