power 25 []
initial (125, 34, -182)
routing 0 (189, 37, -338) best (189, 37, -338)
routing 1 (189, 37, -338) best (189, 37, -338)
routing 2 (189, 37, -342) best (189, 37, -338)
routing 3 (189, 37, -338) best (189, 37, -338)
routing 4 (189, 37, -338) best (189, 37, -338)
routing 5 (189, 37, -340) best (189, 37, -338)
routing 6 (189, 37, -340) best (189, 37, -338)
routing 7 (189, 37, -338) best (189, 37, -338)
routing 8 (189, 37, -345) best (189, 37, -338)
routing 9 (189, 37, -341) best (189, 37, -338)
routing 10 (189, 37, -339) best (189, 37, -338)
routing 11 (190, 37, -347) best (190, 37, -347)
routing 12 (190, 37, -347) best (190, 37, -347)
routing 13 (190, 37, -345) best (190, 37, -345)
routing 14 (189, 37, -343) best (190, 37, -345)
routing 15 (189, 37, -342) best (190, 37, -345)
routing 16 (189, 37, -342) best (190, 37, -345)
routing 17 (189, 37, -347) best (190, 37, -345)
routing 18 (189, 37, -343) best (190, 37, -345)
routing 19 (189, 37, -341) best (190, 37, -345)
routing 20 (190, 37, -345) best (190, 37, -345)
routing 21 (189, 37, -338) best (190, 37, -345)
routing 22 (189, 37, -338) best (190, 37, -345)
routing 23 (189, 37, -341) best (190, 37, -345)
routing 24 (189, 37, -338) best (190, 37, -345)
routing 25 (189, 37, -338) best (190, 37, -345)
routing 26 (189, 37, -338) best (190, 37, -345)
routing 27 (189, 37, -338) best (190, 37, -345)
routing 28 (189, 37, -338) best (190, 37, -345)
routing 29 (189, 37, -340) best (190, 37, -345)
routing 30 (189, 37, -340) best (190, 37, -345)
routing 31 (189, 37, -339) best (190, 37, -345)
routing 32 (190, 37, -345) best (190, 37, -345)
routing 33 (190, 37, -345) best (190, 37, -345)
routing 34 (190, 37, -345) best (190, 37, -345)
routing 35 (190, 37, -352) best (190, 37, -345)
routing 36 (190, 37, -342) best (190, 37, -342)
routing 37 (190, 37, -342) best (190, 37, -342)
routing 38 (190, 37, -348) best (190, 37, -342)
routing 39 (190, 37, -348) best (190, 37, -342)
routing 40 (190, 37, -347) best (190, 37, -342)
routing 41 (190, 37, -355) best (190, 37, -342)
routing 42 (189, 37, -338) best (190, 37, -342)
routing 43 (189, 37, -338) best (190, 37, -342)
routing 44 (190, 37, -344) best (190, 37, -342)
routing 45 (190, 37, -344) best (190, 37, -342)
routing 46 (190, 37, -344) best (190, 37, -342)
routing 47 (190, 37, -344) best (190, 37, -342)
routing 48 (190, 37, -344) best (190, 37, -342)
routing 49 (189, 37, -338) best (190, 37, -342)
routing 50 (190, 37, -351) best (190, 37, -342)
routing 51 (190, 37, -344) best (190, 37, -342)
routing 52 (190, 37, -342) best (190, 37, -342)
routing 53 (190, 37, -342) best (190, 37, -342)
routing 54 (189, 37, -338) best (190, 37, -342)
routing 55 (189, 37, -338) best (190, 37, -342)
routing 56 (191, 37, -353) best (191, 37, -353)
routing 57 (191, 37, -349) best (191, 37, -349)
routing 58 (191, 37, -349) best (191, 37, -349)
routing 59 (191, 37, -350) best (191, 37, -349)
