power 14 ['B1', 'B10', 'B11', 'B12', 'B13', 'B14', 'B16', 'B5', 'B7', 'B9', 'E1', 'E3', 'F1', 'F2', 'F4', 'H1', 'H2', 'H3', 'H4', 'KB10', 'KB11', 'KB12', 'KB13', 'KB14', 'KB15', 'KB16', 'KB17', 'KB18', 'KB19', 'KB20', 'KB21', 'KB22', 'KB23', 'KB24', 'KB25', 'KB26', 'KB27', 'KB28', 'KB29', 'KB30', 'KB31', 'KB32', 'KB33', 'KB34', 'KB4', 'KB5', 'KB6', 'KB7', 'KB8', 'KB9', 'KQ1', 'KQ3', 'KQ4', 'KQ5', 'O1', 'O3', 'O7', 'O8', 'O9', 'P2', 'P3', 'P4', 'P5', 'Q1', 'Q2', 'Q3', 'Q4', 'Q6', 'QA2', 'QB1', 'QB3', 'QB5', 'QC2', 'R10', 'R11', 'R12', 'R13', 'R14', 'R16', 'R3', 'R4', 'R5', 'R7', 'S10', 'S11', 'S12', 'S3', 'S4', 'S5', 'S6', 'S8', 'SA13', 'SA2', 'SA4', 'SB1', 'SB3', 'SC13', 'SC2', 'SC4', 'SC6', 'T10', 'T11', 'T12', 'T13', 'T14', 'T15', 'T16', 'T17', 'T18', 'T19', 'T20', 'T21', 'T22', 'T23', 'T24', 'T25', 'T26', 'T27', 'T28', 'T29', 'T30', 'T31', 'T32', 'T33', 'T34', 'T4', 'T5', 'T6', 'T7', 'T8', 'T9', 'U11', 'U16', 'U17', 'U5']
initial (125, 34, -182)
routing 0 (177, 43, -316) best (177, 43, -316)
routing 1 (177, 43, -316) best (177, 43, -316)
routing 2 (177, 42, -329) best (177, 43, -316)
routing 3 (177, 43, -316) best (177, 43, -316)
routing 4 (177, 43, -316) best (177, 43, -316)
routing 5 (177, 43, -333) best (177, 43, -316)
routing 6 (177, 43, -327) best (177, 43, -316)
routing 7 (176, 43, -311) best (177, 43, -316)
routing 8 (176, 43, -321) best (177, 43, -316)
routing 9 (176, 43, -318) best (177, 43, -316)
routing 10 (176, 43, -311) best (177, 43, -316)
routing 11 (176, 43, -312) best (177, 43, -316)
routing 12 (176, 43, -312) best (177, 43, -316)
routing 13 (176, 43, -312) best (177, 43, -316)
routing 14 (175, 43, -335) best (177, 43, -316)
routing 15 (177, 43, -329) best (177, 43, -316)
routing 16 (177, 43, -323) best (177, 43, -316)
routing 17 (177, 43, -342) best (177, 43, -316)
routing 18 (177, 43, -335) best (177, 43, -316)
routing 19 (177, 43, -327) best (177, 43, -316)
routing 20 (177, 43, -340) best (177, 43, -316)
routing 21 (177, 43, -316) best (177, 43, -316)
routing 22 (177, 43, -316) best (177, 43, -316)
routing 23 (177, 43, -316) best (177, 43, -316)
routing 24 (177, 43, -316) best (177, 43, -316)
routing 25 (176, 43, -311) best (177, 43, -316)
routing 26 (176, 43, -324) best (177, 43, -316)
routing 27 (176, 43, -324) best (177, 43, -316)
routing 28 (176, 43, -311) best (177, 43, -316)
routing 29 (176, 43, -328) best (177, 43, -316)
routing 30 (176, 43, -328) best (177, 43, -316)
routing 31 (176, 43, -328) best (177, 43, -316)
routing 32 (176, 43, -328) best (177, 43, -316)
routing 33 (176, 43, -317) best (177, 43, -316)
routing 34 (176, 43, -317) best (177, 43, -316)
routing 35 (171, 40, -374) best (177, 43, -316)
routing 36 (177, 43, -329) best (177, 43, -316)
routing 37 (177, 43, -329) best (177, 43, -316)
routing 38 (176, 43, -328) best (177, 43, -316)
routing 39 (177, 43, -334) best (177, 43, -316)
routing 40 (177, 43, -322) best (177, 43, -316)
routing 41 (177, 43, -322) best (177, 43, -316)
routing 42 (176, 43, -311) best (177, 43, -316)
routing 43 (176, 43, -311) best (177, 43, -316)
routing 44 (176, 43, -323) best (177, 43, -316)
