FREE_COMPONENTS 81 largest [(0, 218), (51, 91), (62, 73), (35, 62), (22, 58)]
ROUTE 0 131 best 131 cells 404 seconds 0.02
ROUTE 1 131 best 131 cells 402 seconds 0.04
ROUTE 2 131 best 131 cells 402 seconds 0.05
ROUTE 3 131 best 131 cells 408 seconds 0.07
ROUTE 4 131 best 131 cells 413 seconds 0.08
ROUTE 5 131 best 131 cells 413 seconds 0.09
ROUTE 6 131 best 131 cells 414 seconds 0.11
ROUTE 7 131 best 131 cells 413 seconds 0.12
ROUTE 8 131 best 131 cells 424 seconds 0.14
ROUTE 9 130 best 131 cells 428 seconds 0.15
ROUTE 10 130 best 131 cells 435 seconds 0.17
ROUTE 11 131 best 131 cells 431 seconds 0.18
ROUTE 12 130 best 131 cells 431 seconds 0.2
ROUTE 13 130 best 131 cells 432 seconds 0.21
ROUTE 14 129 best 131 cells 433 seconds 0.23
ROUTE 15 129 best 131 cells 433 seconds 0.24
ROUTE 16 130 best 131 cells 431 seconds 0.26
ROUTE 17 130 best 131 cells 441 seconds 0.27
ROUTE 18 130 best 131 cells 441 seconds 0.28
ROUTE 19 130 best 131 cells 441 seconds 0.3
ROUTE 20 130 best 131 cells 437 seconds 0.31
ROUTE 21 130 best 131 cells 438 seconds 0.32
ROUTE 22 130 best 131 cells 437 seconds 0.34
ROUTE 23 131 best 131 cells 433 seconds 0.35
ROUTE 24 131 best 131 cells 424 seconds 0.37
ROUTE 25 131 best 131 cells 424 seconds 0.38
ROUTE 26 131 best 131 cells 432 seconds 0.4
ROUTE 27 131 best 131 cells 445 seconds 0.42
ROUTE 28 131 best 131 cells 443 seconds 0.43
ROUTE 29 131 best 131 cells 438 seconds 0.45
ROUTE 30 131 best 131 cells 439 seconds 0.46
ROUTE 31 131 best 131 cells 439 seconds 0.47
ROUTE 32 131 best 131 cells 434 seconds 0.49
ROUTE 33 131 best 131 cells 436 seconds 0.51
ROUTE 34 131 best 131 cells 444 seconds 0.52
ROUTE 35 131 best 131 cells 444 seconds 0.54
ROUTE 36 131 best 131 cells 443 seconds 0.55
ROUTE 37 131 best 131 cells 438 seconds 0.57
ROUTE 38 131 best 131 cells 435 seconds 0.58
ROUTE 39 131 best 131 cells 442 seconds 0.6
ROUTE 40 131 best 131 cells 442 seconds 0.61
ROUTE 41 131 best 131 cells 438 seconds 0.63
ROUTE 42 131 best 131 cells 438 seconds 0.64
ROUTE 43 131 best 131 cells 442 seconds 0.66
ROUTE 44 131 best 131 cells 443 seconds 0.67
ROUTE 45 131 best 131 cells 443 seconds 0.69
ROUTE 46 131 best 131 cells 424 seconds 0.7
ROUTE 47 131 best 131 cells 417 seconds 0.72
ROUTE 48 131 best 131 cells 416 seconds 0.74
ROUTE 49 131 best 131 cells 419 seconds 0.75
ROUTE 50 131 best 131 cells 425 seconds 0.77
ROUTE 51 130 best 131 cells 412 seconds 0.78
ROUTE 52 130 best 131 cells 412 seconds 0.8
ROUTE 53 130 best 131 cells 403 seconds 0.82
ROUTE 54 130 best 131 cells 403 seconds 0.83
ROUTE 55 130 best 131 cells 405 seconds 0.85
ROUTE 56 130 best 131 cells 403 seconds 0.87
ROUTE 57 130 best 131 cells 404 seconds 0.88
ROUTE 58 130 best 131 cells 412 seconds 0.9
ROUTE 59 130 best 131 cells 411 seconds 0.91
ROUTE 60 130 best 131 cells 411 seconds 0.93
ROUTE 61 130 best 131 cells 410 seconds 0.95
ROUTE 62 130 best 131 cells 416 seconds 0.96
ROUTE 63 130 best 131 cells 408 seconds 0.98
ROUTE 64 130 best 131 cells 407 seconds 0.99
ROUTE 65 130 best 131 cells 407 seconds 1.01
ROUTE 66 130 best 131 cells 410 seconds 1.02
ROUTE 67 130 best 131 cells 418 seconds 1.04
ROUTE 68 130 best 131 cells 418 seconds 1.05
ROUTE 69 130 best 131 cells 418 seconds 1.06
ROUTE 70 130 best 131 cells 415 seconds 1.08
ROUTE 71 131 best 131 cells 430 seconds 1.1
ROUTE 72 131 best 131 cells 430 seconds 1.11
ROUTE 73 131 best 131 cells 430 seconds 1.12
ROUTE 74 131 best 131 cells 429 seconds 1.14
ROUTE 75 131 best 131 cells 417 seconds 1.15
ROUTE 76 131 best 131 cells 411 seconds 1.17
ROUTE 77 131 best 131 cells 411 seconds 1.18
ROUTE 78 131 best 131 cells 408 seconds 1.2
ROUTE 79 131 best 131 cells 412 seconds 1.21
ROUTE 80 131 best 131 cells 412 seconds 1.23
ROUTE 81 131 best 131 cells 412 seconds 1.24
ROUTE 82 131 best 131 cells 419 seconds 1.26
ROUTE 83 131 best 131 cells 418 seconds 1.27
ROUTE 84 131 best 131 cells 419 seconds 1.29
ROUTE 85 131 best 131 cells 416 seconds 1.3
ROUTE 86 131 best 131 cells 416 seconds 1.32
ROUTE 87 131 best 131 cells 416 seconds 1.33
ROUTE 88 131 best 131 cells 408 seconds 1.34
ROUTE 89 131 best 131 cells 415 seconds 1.36
