FREE_COMPONENTS 81 largest [(0, 218), (51, 91), (62, 73), (35, 62), (22, 58)]
ROUTE 0 129 best 129 cells 382 seconds 0.02
ROUTE 1 129 best 129 cells 382 seconds 0.04
ROUTE 2 130 best 130 cells 418 seconds 0.05
ROUTE 3 130 best 130 cells 424 seconds 0.07
ROUTE 4 130 best 130 cells 436 seconds 0.08
ROUTE 5 130 best 130 cells 439 seconds 0.1
ROUTE 6 130 best 130 cells 438 seconds 0.11
ROUTE 7 130 best 130 cells 437 seconds 0.12
ROUTE 8 130 best 130 cells 437 seconds 0.14
ROUTE 9 130 best 130 cells 429 seconds 0.15
ROUTE 10 130 best 130 cells 429 seconds 0.16
ROUTE 11 130 best 130 cells 428 seconds 0.18
ROUTE 12 130 best 130 cells 428 seconds 0.18
ROUTE 13 130 best 130 cells 431 seconds 0.19
ROUTE 14 130 best 130 cells 425 seconds 0.19
ROUTE 15 130 best 130 cells 425 seconds 0.2
ROUTE 16 130 best 130 cells 425 seconds 0.21
ROUTE 17 130 best 130 cells 431 seconds 0.21
ROUTE 18 130 best 130 cells 431 seconds 0.22
ROUTE 19 130 best 130 cells 416 seconds 0.22
ROUTE 20 130 best 130 cells 416 seconds 0.23
ROUTE 21 130 best 130 cells 417 seconds 0.24
ROUTE 22 130 best 130 cells 417 seconds 0.24
ROUTE 23 130 best 130 cells 417 seconds 0.25
ROUTE 24 130 best 130 cells 412 seconds 0.25
ROUTE 25 130 best 130 cells 427 seconds 0.26
ROUTE 26 130 best 130 cells 426 seconds 0.27
ROUTE 27 130 best 130 cells 426 seconds 0.27
ROUTE 28 130 best 130 cells 426 seconds 0.28
ROUTE 29 130 best 130 cells 415 seconds 0.28
ROUTE 30 130 best 130 cells 411 seconds 0.29
ROUTE 31 130 best 130 cells 411 seconds 0.3
ROUTE 32 130 best 130 cells 411 seconds 0.3
ROUTE 33 130 best 130 cells 414 seconds 0.31
ROUTE 34 130 best 130 cells 414 seconds 0.31
ROUTE 35 130 best 130 cells 413 seconds 0.32
ROUTE 36 130 best 130 cells 409 seconds 0.33
ROUTE 37 130 best 130 cells 416 seconds 0.33
ROUTE 38 130 best 130 cells 418 seconds 0.34
ROUTE 39 130 best 130 cells 418 seconds 0.34
ROUTE 40 130 best 130 cells 418 seconds 0.35
ROUTE 41 130 best 130 cells 419 seconds 0.35
ROUTE 42 130 best 130 cells 416 seconds 0.36
ROUTE 43 130 best 130 cells 444 seconds 0.37
ROUTE 44 130 best 130 cells 437 seconds 0.37
ROUTE 45 130 best 130 cells 437 seconds 0.38
ROUTE 46 130 best 130 cells 436 seconds 0.38
ROUTE 47 130 best 130 cells 437 seconds 0.39
ROUTE 48 130 best 130 cells 438 seconds 0.39
ROUTE 49 130 best 130 cells 433 seconds 0.4
ROUTE 50 130 best 130 cells 447 seconds 0.4
ROUTE 51 130 best 130 cells 441 seconds 0.41
ROUTE 52 130 best 130 cells 438 seconds 0.42
ROUTE 53 130 best 130 cells 438 seconds 0.42
ROUTE 54 130 best 130 cells 431 seconds 0.43
ROUTE 55 130 best 130 cells 431 seconds 0.43
ROUTE 56 130 best 130 cells 432 seconds 0.44
ROUTE 57 130 best 130 cells 438 seconds 0.44
ROUTE 58 130 best 130 cells 437 seconds 0.45
ROUTE 59 130 best 130 cells 437 seconds 0.45
ROUTE 60 130 best 130 cells 422 seconds 0.46
ROUTE 61 130 best 130 cells 426 seconds 0.47
ROUTE 62 130 best 130 cells 422 seconds 0.47
ROUTE 63 130 best 130 cells 426 seconds 0.48
ROUTE 64 130 best 130 cells 426 seconds 0.48
ROUTE 65 130 best 130 cells 433 seconds 0.49
ROUTE 66 130 best 130 cells 447 seconds 0.5
ROUTE 67 130 best 130 cells 440 seconds 0.5
ROUTE 68 130 best 130 cells 447 seconds 0.51
ROUTE 69 130 best 130 cells 447 seconds 0.51
ROUTE 70 130 best 130 cells 424 seconds 0.52
ROUTE 71 130 best 130 cells 433 seconds 0.52
ROUTE 72 130 best 130 cells 443 seconds 0.53
ROUTE 73 130 best 130 cells 442 seconds 0.53
ROUTE 74 130 best 130 cells 442 seconds 0.54
ROUTE 75 130 best 130 cells 445 seconds 0.55
ROUTE 76 130 best 130 cells 445 seconds 0.55
ROUTE 77 129 best 130 cells 444 seconds 0.56
ROUTE 78 129 best 130 cells 444 seconds 0.56
ROUTE 79 129 best 130 cells 444 seconds 0.57
ROUTE 80 129 best 130 cells 444 seconds 0.57
ROUTE 81 129 best 130 cells 447 seconds 0.58
ROUTE 82 129 best 130 cells 432 seconds 0.58
ROUTE 83 129 best 130 cells 432 seconds 0.59
ROUTE 84 130 best 130 cells 440 seconds 0.6
ROUTE 85 130 best 130 cells 442 seconds 0.6
ROUTE 86 130 best 130 cells 436 seconds 0.61
ROUTE 87 130 best 130 cells 436 seconds 0.61
ROUTE 88 130 best 130 cells 420 seconds 0.62
ROUTE 89 130 best 130 cells 420 seconds 0.63
