FREE_COMPONENTS 81 largest [(0, 218), (51, 91), (62, 73), (35, 62), (22, 58)]
ROUTE 0 129 best 129 cells 385 seconds 0.02
ROUTE 1 129 best 129 cells 389 seconds 0.04
ROUTE 2 129 best 129 cells 389 seconds 0.06
ROUTE 3 129 best 129 cells 386 seconds 0.07
ROUTE 4 130 best 130 cells 401 seconds 0.09
ROUTE 5 130 best 130 cells 402 seconds 0.11
ROUTE 6 130 best 130 cells 410 seconds 0.13
ROUTE 7 130 best 130 cells 411 seconds 0.14
ROUTE 8 130 best 130 cells 407 seconds 0.16
ROUTE 9 130 best 130 cells 400 seconds 0.18
ROUTE 10 130 best 130 cells 402 seconds 0.19
ROUTE 11 130 best 130 cells 397 seconds 0.21
ROUTE 12 130 best 130 cells 431 seconds 0.23
ROUTE 13 130 best 130 cells 436 seconds 0.24
ROUTE 14 130 best 130 cells 441 seconds 0.26
ROUTE 15 130 best 130 cells 436 seconds 0.27
ROUTE 16 130 best 130 cells 432 seconds 0.29
ROUTE 17 130 best 130 cells 433 seconds 0.3
ROUTE 18 130 best 130 cells 434 seconds 0.31
ROUTE 19 130 best 130 cells 426 seconds 0.33
ROUTE 20 130 best 130 cells 425 seconds 0.34
ROUTE 21 131 best 131 cells 422 seconds 0.36
ROUTE 22 131 best 131 cells 431 seconds 0.38
ROUTE 23 131 best 131 cells 432 seconds 0.4
ROUTE 24 131 best 131 cells 432 seconds 0.41
ROUTE 25 131 best 131 cells 434 seconds 0.42
ROUTE 26 131 best 131 cells 438 seconds 0.44
ROUTE 27 131 best 131 cells 438 seconds 0.45
ROUTE 28 131 best 131 cells 438 seconds 0.47
ROUTE 29 130 best 131 cells 431 seconds 0.48
ROUTE 30 130 best 131 cells 431 seconds 0.5
ROUTE 31 130 best 131 cells 427 seconds 0.51
ROUTE 32 130 best 131 cells 427 seconds 0.53
ROUTE 33 131 best 131 cells 443 seconds 0.54
ROUTE 34 131 best 131 cells 436 seconds 0.56
ROUTE 35 131 best 131 cells 428 seconds 0.57
ROUTE 36 131 best 131 cells 429 seconds 0.59
ROUTE 37 131 best 131 cells 437 seconds 0.6
ROUTE 38 131 best 131 cells 437 seconds 0.62
ROUTE 39 131 best 131 cells 438 seconds 0.63
ROUTE 40 130 best 131 cells 434 seconds 0.65
ROUTE 41 130 best 131 cells 425 seconds 0.66
ROUTE 42 130 best 131 cells 416 seconds 0.68
ROUTE 43 130 best 131 cells 416 seconds 0.69
ROUTE 44 130 best 131 cells 424 seconds 0.71
ROUTE 45 130 best 131 cells 425 seconds 0.72
ROUTE 46 130 best 131 cells 434 seconds 0.74
ROUTE 47 129 best 131 cells 433 seconds 0.75
ROUTE 48 129 best 131 cells 429 seconds 0.77
ROUTE 49 129 best 131 cells 429 seconds 0.78
ROUTE 50 129 best 131 cells 421 seconds 0.8
ROUTE 51 129 best 131 cells 421 seconds 0.81
ROUTE 52 129 best 131 cells 429 seconds 0.83
ROUTE 53 129 best 131 cells 421 seconds 0.84
ROUTE 54 129 best 131 cells 429 seconds 0.86
ROUTE 55 129 best 131 cells 429 seconds 0.87
ROUTE 56 129 best 131 cells 419 seconds 0.89
ROUTE 57 129 best 131 cells 432 seconds 0.91
ROUTE 58 129 best 131 cells 432 seconds 0.92
ROUTE 59 128 best 131 cells 436 seconds 0.94
ROUTE 60 129 best 131 cells 436 seconds 0.95
ROUTE 61 129 best 131 cells 436 seconds 0.97
ROUTE 62 129 best 131 cells 433 seconds 0.98
ROUTE 63 129 best 131 cells 436 seconds 1.0
ROUTE 64 130 best 131 cells 431 seconds 1.01
ROUTE 65 130 best 131 cells 430 seconds 1.03
ROUTE 66 130 best 131 cells 430 seconds 1.04
ROUTE 67 130 best 131 cells 429 seconds 1.06
ROUTE 68 130 best 131 cells 432 seconds 1.08
ROUTE 69 130 best 131 cells 426 seconds 1.09
ROUTE 70 130 best 131 cells 425 seconds 1.11
ROUTE 71 130 best 131 cells 425 seconds 1.13
ROUTE 72 130 best 131 cells 424 seconds 1.14
ROUTE 73 130 best 131 cells 424 seconds 1.16
ROUTE 74 130 best 131 cells 423 seconds 1.18
ROUTE 75 129 best 131 cells 416 seconds 1.2
ROUTE 76 129 best 131 cells 422 seconds 1.21
ROUTE 77 129 best 131 cells 428 seconds 1.23
ROUTE 78 128 best 131 cells 424 seconds 1.25
ROUTE 79 128 best 131 cells 427 seconds 1.26
ROUTE 80 128 best 131 cells 427 seconds 1.28
ROUTE 81 128 best 131 cells 427 seconds 1.29
ROUTE 82 128 best 131 cells 428 seconds 1.31
ROUTE 83 129 best 131 cells 433 seconds 1.32
ROUTE 84 129 best 131 cells 439 seconds 1.34
ROUTE 85 129 best 131 cells 438 seconds 1.35
ROUTE 86 128 best 131 cells 431 seconds 1.37
ROUTE 87 128 best 131 cells 433 seconds 1.39
ROUTE 88 128 best 131 cells 430 seconds 1.4
ROUTE 89 128 best 131 cells 426 seconds 1.42
