FREE_COMPONENTS 81 largest [(0, 194), (20, 132), (60, 78), (62, 73), (7, 61)]
ROUTE 0 134 best 134 cells 349 seconds 0.02
ROUTE 1 134 best 134 cells 349 seconds 0.04
ROUTE 2 135 best 135 cells 379 seconds 0.06
ROUTE 3 135 best 135 cells 377 seconds 0.07
ROUTE 4 135 best 135 cells 370 seconds 0.09
ROUTE 5 135 best 135 cells 376 seconds 0.1
ROUTE 6 135 best 135 cells 376 seconds 0.11
ROUTE 7 134 best 135 cells 376 seconds 0.13
ROUTE 8 134 best 135 cells 385 seconds 0.15
ROUTE 9 134 best 135 cells 386 seconds 0.17
ROUTE 10 134 best 135 cells 387 seconds 0.18
ROUTE 11 134 best 135 cells 387 seconds 0.2
ROUTE 12 134 best 135 cells 385 seconds 0.22
ROUTE 13 134 best 135 cells 386 seconds 0.24
ROUTE 14 134 best 135 cells 388 seconds 0.25
ROUTE 15 134 best 135 cells 388 seconds 0.27
ROUTE 16 134 best 135 cells 388 seconds 0.28
ROUTE 17 134 best 135 cells 383 seconds 0.3
ROUTE 18 135 best 135 cells 384 seconds 0.32
ROUTE 19 135 best 135 cells 378 seconds 0.33
ROUTE 20 135 best 135 cells 383 seconds 0.35
ROUTE 21 135 best 135 cells 378 seconds 0.36
ROUTE 22 135 best 135 cells 383 seconds 0.38
ROUTE 23 135 best 135 cells 383 seconds 0.39
ROUTE 24 135 best 135 cells 383 seconds 0.4
ROUTE 25 135 best 135 cells 383 seconds 0.42
ROUTE 26 135 best 135 cells 383 seconds 0.44
ROUTE 27 135 best 135 cells 386 seconds 0.45
ROUTE 28 135 best 135 cells 388 seconds 0.47
ROUTE 29 135 best 135 cells 388 seconds 0.48
ROUTE 30 135 best 135 cells 388 seconds 0.5
ROUTE 31 135 best 135 cells 388 seconds 0.51
ROUTE 32 135 best 135 cells 400 seconds 0.53
ROUTE 33 135 best 135 cells 400 seconds 0.54
ROUTE 34 135 best 135 cells 398 seconds 0.56
ROUTE 35 135 best 135 cells 406 seconds 0.57
ROUTE 36 135 best 135 cells 401 seconds 0.59
ROUTE 37 135 best 135 cells 405 seconds 0.6
ROUTE 38 135 best 135 cells 400 seconds 0.62
ROUTE 39 135 best 135 cells 397 seconds 0.63
ROUTE 40 135 best 135 cells 397 seconds 0.64
ROUTE 41 135 best 135 cells 402 seconds 0.66
ROUTE 42 135 best 135 cells 406 seconds 0.67
ROUTE 43 135 best 135 cells 414 seconds 0.69
ROUTE 44 135 best 135 cells 414 seconds 0.7
ROUTE 45 135 best 135 cells 417 seconds 0.71
ROUTE 46 135 best 135 cells 409 seconds 0.73
ROUTE 47 135 best 135 cells 409 seconds 0.74
ROUTE 48 135 best 135 cells 409 seconds 0.76
ROUTE 49 135 best 135 cells 406 seconds 0.77
ROUTE 50 135 best 135 cells 406 seconds 0.78
ROUTE 51 135 best 135 cells 406 seconds 0.8
ROUTE 52 135 best 135 cells 401 seconds 0.81
ROUTE 53 135 best 135 cells 389 seconds 0.83
ROUTE 54 135 best 135 cells 399 seconds 0.84
ROUTE 55 135 best 135 cells 391 seconds 0.86
ROUTE 56 135 best 135 cells 399 seconds 0.87
ROUTE 57 135 best 135 cells 389 seconds 0.89
ROUTE 58 135 best 135 cells 397 seconds 0.9
ROUTE 59 135 best 135 cells 397 seconds 0.92
ROUTE 60 135 best 135 cells 393 seconds 0.93
ROUTE 61 135 best 135 cells 393 seconds 0.95
ROUTE 62 135 best 135 cells 401 seconds 0.96
ROUTE 63 135 best 135 cells 392 seconds 0.97
ROUTE 64 135 best 135 cells 393 seconds 0.99
ROUTE 65 135 best 135 cells 393 seconds 1.01
ROUTE 66 135 best 135 cells 384 seconds 1.02
ROUTE 67 135 best 135 cells 386 seconds 1.04
ROUTE 68 135 best 135 cells 386 seconds 1.05
ROUTE 69 135 best 135 cells 386 seconds 1.07
ROUTE 70 135 best 135 cells 382 seconds 1.08
ROUTE 71 135 best 135 cells 380 seconds 1.1
ROUTE 72 135 best 135 cells 380 seconds 1.12
ROUTE 73 135 best 135 cells 372 seconds 1.13
ROUTE 74 135 best 135 cells 372 seconds 1.15
ROUTE 75 135 best 135 cells 372 seconds 1.16
ROUTE 76 135 best 135 cells 372 seconds 1.18
ROUTE 77 135 best 135 cells 380 seconds 1.19
ROUTE 78 135 best 135 cells 372 seconds 1.21
ROUTE 79 135 best 135 cells 371 seconds 1.22
ROUTE 80 135 best 135 cells 372 seconds 1.24
ROUTE 81 135 best 135 cells 372 seconds 1.25
ROUTE 82 135 best 135 cells 375 seconds 1.27
ROUTE 83 135 best 135 cells 375 seconds 1.28
ROUTE 84 135 best 135 cells 376 seconds 1.3
ROUTE 85 135 best 135 cells 376 seconds 1.31
ROUTE 86 135 best 135 cells 395 seconds 1.33
ROUTE 87 135 best 135 cells 394 seconds 1.34
ROUTE 88 135 best 135 cells 393 seconds 1.36
ROUTE 89 135 best 135 cells 405 seconds 1.37
