
Starting CP-SAT solver v9.15.6755
Parameters: random_seed: 224 max_time_in_seconds: 180 log_search_progress: true stop_after_first_solution: true num_workers: 5

Initial optimization model '': (model_fingerprint: 0xe0d89466dfd9a0c1)
#Variables: 120'120 (#bools: 23'518 in objective) (81'945 primary variables)
  - 66'100 Booleans in [0,1]
  - 54'020 in [0,2]
#kExactlyOne: 221 (#literals: 19'195)
#kLinear1: 1'782
#kLinear2: 106'328 (#enforced: 5)
#kLinear3: 1'613
#kLinearN: 58'748 (#enforced: 3'137) (#terms: 1'328'903)
#kTable: 4'544

Starting presolve at 0.22s
The solution hint is incomplete: 19195 out of 120120 non fixed variables hinted.
  4.59e-02s  0.00e+00d  [DetectDominanceRelations] 
  5.85e-01s  0.00e+00d  [PresolveToFixPoint] #num_loops=3 #num_dual_strengthening=1 
  2.88e-03s  0.00e+00d  [ExtractEncodingFromLinear] #potential_supersets=9'091 
  5.99e-02s  0.00e+00d  [DetectDuplicateColumns] 
  2.39e-02s  0.00e+00d  [DetectDuplicateConstraints] #duplicates=4'538 
[Symmetry] Graph for symmetry has 913'129 nodes and 3'729'947 arcs.
[Symmetry] Symmetry computation done. time: 0.317656 dtime: 0.674948
[Symmetry] #generators: 1846, average support size: 2
[Symmetry] 1846 orbits on 3692 variables with sizes: 2,2,2,2,2,2,2,2,2,2,...
[Symmetry] Num fixable by intersecting at_most_one with orbits: 25 largest_orbit: 2
[Symmetry] Found orbitope of size 1 x 2
[SAT presolve] num removable Booleans: 0 / 305'834
[SAT presolve] num trivial clauses: 0
[SAT presolve] [0s] clauses:111'078 literals:719'519 vars:61'626 one_side_vars:53966 simple_definition:670 singleton_clauses:0
[SAT presolve] [0.00595183s] clauses:110'647 literals:716'526 vars:61'626 one_side_vars:54385 simple_definition:578 singleton_clauses:0
[SAT presolve] [0.0151157s] clauses:110'647 literals:716'526 vars:61'626 one_side_vars:54385 simple_definition:578 singleton_clauses:0
  2.07e-02s  0.00e+00d  [DetectDuplicateConstraintsWithDifferentEnforcements] #without_enforcements=117 
  6.80e-01s  1.00e+00d *[Probe] #probed=9'298 #fixed_bools=722 #equiv=9 #new_binary_clauses=138'452 
  1.33e-01s  1.01e+00d *[MaxClique] Merged 85'373 constraints with 438'238 literals into 85'362 constraints with 438'238 literals
  9.67e-02s  0.00e+00d  [DetectDominanceRelations] 
  6.63e-01s  0.00e+00d  [PresolveToFixPoint] #num_loops=2 #num_dual_strengthening=1 
  6.93e-02s  0.00e+00d  [ProcessAtMostOneAndLinear] #num_changes=174 
  2.00e-02s  0.00e+00d  [DetectDuplicateConstraints] #duplicates=25 
  2.03e-02s  0.00e+00d  [DetectDuplicateConstraintsWithDifferentEnforcements] #without_enforcements=31 
  1.03e-02s  3.84e-04d  [DetectDominatedLinearConstraints] #relevant_constraints=13'399 #num_inclusions=986 
  5.90e-03s  0.00e+00d  [DetectDifferentVariables] 
  1.36e-01s  2.20e-02d  [ProcessSetPPC] #relevant_constraints=258'836 #num_inclusions=15'462 
  3.15e-02s  4.73e-03d  [TransformClausesToExactlyOne] #num_amos=82'038 #num_clauses=31'556 #num_checked=31'556 
  3.73e-01s  0.00e+00d  [DetectEncodedComplexDomains] 
  8.42e-03s  3.80e-07d  [FindAlmostIdenticalLinearConstraints] #num_tested_pairs=19 
  1.30e-01s  3.30e-01d  [FindBigAtMostOneAndLinearOverlap] 
  3.02e-02s  6.75e-02d  [FindBigVerticalLinearOverlap] #blocks=36 #saved_nz=2'817 
  1.43e-01s  9.54e-01d  [FindBigHorizontalLinearOverlap] #linears=10'240 
  2.72e-02s  2.29e-03d  [MergeClauses] #num_collisions=19'718 #num_merges=19'718 #num_saved_literals=338'999 
  8.97e-02s  0.00e+00d  [DetectDominanceRelations] 
  3.67e-01s  0.00e+00d  [PresolveToFixPoint] #num_loops=6 #num_dual_strengthening=1 
  8.92e-02s  0.00e+00d  [DetectDominanceRelations] 
  3.33e-01s  0.00e+00d  [PresolveToFixPoint] #num_loops=1 #num_dual_strengthening=1 
  4.28e-02s  0.00e+00d  [DetectDuplicateColumns] 
  1.85e-02s  0.00e+00d  [DetectDuplicateConstraints] #duplicates=626 
[Symmetry] Graph for symmetry has 828'791 nodes and 2'808'734 arcs.
[Symmetry] Symmetry computation done. time: 0.276498 dtime: 0.514142
[Symmetry] #generators: 1745, average support size: 2
[Symmetry] 1745 orbits on 3490 variables with sizes: 2,2,2,2,2,2,2,2,2,2,...
[Symmetry] Num fixable by intersecting at_most_one with orbits: 25 largest_orbit: 2
[Symmetry] Found orbitope of size 1 x 2
[SAT presolve] num removable Booleans: 0 / 293'022
[SAT presolve] num trivial clauses: 0
[SAT presolve] [0s] clauses:106'331 literals:587'321 vars:59'529 one_side_vars:51767 simple_definition:1'412 singleton_clauses:0
[SAT presolve] [0.00553819s] clauses:106'325 literals:587'303 vars:59'529 one_side_vars:51767 simple_definition:1'412 singleton_clauses:0
[SAT presolve] [0.0136368s] clauses:106'325 literals:587'303 vars:59'529 one_side_vars:51767 simple_definition:1'412 singleton_clauses:0
  1.86e-02s  0.00e+00d  [DetectDuplicateConstraintsWithDifferentEnforcements] #without_enforcements=31 
  6.61e-01s  1.00e+00d *[Probe] #probed=9'912 #fixed_bools=258 #equiv=456 #new_binary_clauses=147'236 
  1.33e-01s  1.00e+00d *[MaxClique] Merged 78'725 constraints with 166'470 literals into 74'273 constraints with 158'870 literals
  9.23e-02s  0.00e+00d  [DetectDominanceRelations] 
  3.50e-01s  0.00e+00d  [PresolveToFixPoint] #num_loops=1 #num_dual_strengthening=1 
  6.48e-02s  0.00e+00d  [ProcessAtMostOneAndLinear] 
  1.77e-02s  0.00e+00d  [DetectDuplicateConstraints] 
  2.15e-02s  0.00e+00d  [DetectDuplicateConstraintsWithDifferentEnforcements] #without_enforcements=31 
  1.38e-02s  3.49e-04d  [DetectDominatedLinearConstraints] #relevant_constraints=12'882 #num_inclusions=860 
  6.86e-03s  0.00e+00d  [DetectDifferentVariables] 
  1.13e-01s  1.62e-02d  [ProcessSetPPC] #relevant_constraints=242'150 #num_inclusions=6'395 
  3.16e-02s  4.40e-03d  [TransformClausesToExactlyOne] #num_amos=73'046 #num_clauses=30'921 #num_checked=30'921 
  3.64e-01s  0.00e+00d  [DetectEncodedComplexDomains] 
  9.04e-03s  3.30e-07d  [FindAlmostIdenticalLinearConstraints] #num_tested_pairs=18 
  1.24e-01s  3.04e-01d  [FindBigAtMostOneAndLinearOverlap] 
  2.77e-02s  6.02e-02d  [FindBigVerticalLinearOverlap] #blocks=1 #saved_nz=53 
  1.28e-01s  8.39e-01d  [FindBigHorizontalLinearOverlap] #linears=9'624 
  2.40e-02s  2.13e-03d  [MergeClauses] #num_collisions=19'158 #num_merges=19'158 #num_saved_literals=309'659 
  9.28e-02s  0.00e+00d  [DetectDominanceRelations] 
  3.51e-01s  0.00e+00d  [PresolveToFixPoint] #num_loops=7 #num_dual_strengthening=1 
  9.86e-02s  0.00e+00d  [DetectDominanceRelations] 
  3.60e-01s  0.00e+00d  [PresolveToFixPoint] #num_loops=1 #num_dual_strengthening=1 
  3.98e-02s  0.00e+00d  [DetectDuplicateColumns] 
  1.93e-02s  0.00e+00d  [DetectDuplicateConstraints] #duplicates=166 
[Symmetry] Graph for symmetry has 822'638 nodes and 2'758'405 arcs.
[Symmetry] Symmetry computation done. time: 0.297814 dtime: 0.517209
[Symmetry] #generators: 1704, average support size: 2
[Symmetry] 1704 orbits on 3408 variables with sizes: 2,2,2,2,2,2,2,2,2,2,...
[Symmetry] Num fixable by intersecting at_most_one with orbits: 25 largest_orbit: 2
[Symmetry] Found orbitope of size 1 x 2
[SAT presolve] num removable Booleans: 0 / 288'974
[SAT presolve] num trivial clauses: 0
[SAT presolve] [0s] clauses:99'639 literals:562'602 vars:57'948 one_side_vars:50928 simple_definition:783 singleton_clauses:0
[SAT presolve] [0.00568818s] clauses:99'628 literals:562'545 vars:57'948 one_side_vars:50940 simple_definition:775 singleton_clauses:0
[SAT presolve] [0.0138833s] clauses:99'628 literals:562'545 vars:57'948 one_side_vars:50940 simple_definition:775 singleton_clauses:0
  2.29e-02s  0.00e+00d  [DetectDuplicateConstraintsWithDifferentEnforcements] #without_enforcements=29 
  7.23e-01s  1.00e+00d *[Probe] #probed=9'868 #fixed_bools=178 #equiv=158 #new_binary_clauses=146'484 
  1.33e-01s  1.00e+00d *[MaxClique] Merged 72'389 constraints with 154'876 literals into 70'779 constraints with 152'206 literals
  9.91e-02s  0.00e+00d  [DetectDominanceRelations] 
  3.70e-01s  0.00e+00d  [PresolveToFixPoint] #num_loops=1 #num_dual_strengthening=1 
  7.29e-02s  0.00e+00d  [ProcessAtMostOneAndLinear] 
  2.09e-02s  0.00e+00d  [DetectDuplicateConstraints] #duplicates=1 
  2.32e-02s  0.00e+00d  [DetectDuplicateConstraintsWithDifferentEnforcements] #without_enforcements=29 
  1.47e-02s  3.43e-04d  [DetectDominatedLinearConstraints] #relevant_constraints=12'704 #num_inclusions=855 
  7.80e-03s  0.00e+00d  [DetectDifferentVariables] 
  1.18e-01s  1.57e-02d  [ProcessSetPPC] #relevant_constraints=237'702 #num_inclusions=5'608 
  3.42e-02s  4.34e-03d  [TransformClausesToExactlyOne] #num_amos=70'245 #num_clauses=30'428 #num_checked=30'428 
  3.62e-01s  0.00e+00d  [DetectEncodedComplexDomains] 
  1.08e-02s  6.15e-07d  [FindAlmostIdenticalLinearConstraints] #num_tested_pairs=31 
  1.20e-01s  2.97e-01d  [FindBigAtMostOneAndLinearOverlap] 
  2.72e-02s  5.89e-02d  [FindBigVerticalLinearOverlap] 
  1.24e-01s  8.08e-01d  [FindBigHorizontalLinearOverlap] #linears=9'411 
  2.69e-02s  2.11e-03d  [MergeClauses] #num_collisions=18'792 #num_merges=18'792 #num_saved_literals=304'684 
  9.80e-02s  0.00e+00d  [DetectDominanceRelations] 
  3.67e-01s  0.00e+00d  [PresolveToFixPoint] #num_loops=7 #num_dual_strengthening=1 
  6.06e-03s  0.00e+00d  [MergeNoOverlap] 
  6.05e-03s  0.00e+00d  [MergeNoOverlap2D] 
  2.86e-01s  0.00e+00d  [ExpandObjective] #entries=59'202'152 #tight_variables=1'992'019 #tight_constraints=135'147 #expands=4'475 

Presolve summary:
  - 27947 affine relations were detected.
  - rule 'TODO dual: only one blocking constraint?' was applied 47'353 times.
  - rule 'TODO linear2: contains a boolean' was applied 24 times.
  - rule 'affine: new relation' was applied 27'947 times.
  - rule 'at_most_one: empty or all false' was applied 205 times.
  - rule 'at_most_one: removed literals' was applied 2'565 times.
  - rule 'at_most_one: resolved two constraints with opposite literal' was applied 10 times.
  - rule 'at_most_one: satisfied' was applied 542 times.
  - rule 'at_most_one: size one' was applied 802 times.
  - rule 'at_most_one: transformed into max clique' was applied 3 times.
  - rule 'bool_and: always false' was applied 21 times.
  - rule 'bool_and: fixed literals' was applied 2'123 times.
  - rule 'bool_and: non-reified' was applied 2'082 times.
  - rule 'bool_or: always true' was applied 4'125 times.
  - rule 'bool_or: fixed literals' was applied 1'813 times.
  - rule 'bool_or: implications' was applied 78'974 times.
  - rule 'bool_or: only one literal' was applied 508 times.
  - rule 'bool_or: removed enforcement literal' was applied 1'705 times.
  - rule 'deductions: 159539 stored' was applied 1 time.
  - rule 'duplicate: removed constraint' was applied 5'356 times.
  - rule 'duplicate: removed enforced constraint' was applied 86 times.
  - rule 'enforcement: false literal' was applied 2'580 times.
  - rule 'enforcement: true literal' was applied 4'523 times.
  - rule 'exactly_one: removed literals' was applied 13'482 times.
  - rule 'exactly_one: satisfied' was applied 3'311 times.
  - rule 'exactly_one: size one' was applied 1'135 times.
  - rule 'exactly_one: size two' was applied 227 times.
  - rule 'linear + amo: added implications' was applied 87 times.
  - rule 'linear + amo: extracted enforcement literal' was applied 87 times.
  - rule 'linear + amo: fixed literal implied by enforcement' was applied 87 times.
  - rule 'linear matrix: common vertical rectangle' was applied 37 times.
  - rule 'linear1: always true' was applied 19 times.
  - rule 'linear1: transformed to implication' was applied 1'428 times.
  - rule 'linear1: x in domain' was applied 1'782 times.
  - rule 'linear2: convert ax + by != cte to clauses' was applied 78'415 times.
  - rule 'linear2: implied ax + by = cte has only one solution' was applied 4 times.
  - rule 'linear: all booleans and trivially true' was applied 18 times.
  - rule 'linear: always true' was applied 1'891 times.
  - rule 'linear: divide by GCD' was applied 130 times.
  - rule 'linear: doubleton free' was applied 23 times.
  - rule 'linear: empty' was applied 1'784 times.
  - rule 'linear: extracted at most one (max)' was applied 4'825 times.
  - rule 'linear: extracted enforcement literal' was applied 2'993 times.
  - rule 'linear: fixed or dup variables' was applied 11'589 times.
  - rule 'linear: negative clause' was applied 34'950 times.
  - rule 'linear: never in domain' was applied 394 times.
  - rule 'linear: not satisfied after GCD' was applied 18 times.
  - rule 'linear: positive at most one' was applied 4'521 times.
  - rule 'linear: positive clause' was applied 1 time.
  - rule 'linear: positive equal one' was applied 4'679 times.
  - rule 'linear: positive reified and' was applied 964 times.
  - rule 'linear: reduced variable domains' was applied 1'169 times.
  - rule 'linear: reduced variable domains in derived constraint' was applied 26 times.
  - rule 'linear: remapped using affine relations' was applied 28'473 times.
  - rule 'linear: remove irrelevant part' was applied 2 times.
  - rule 'linear: small Boolean expression' was applied 437 times.
  - rule 'linear: variable substitution 1' was applied 23 times.
  - rule 'new_bool: integer encoding' was applied 77'583 times.
  - rule 'new_bool: table expansion' was applied 166'246 times.
  - rule 'objective: expanded via tight equality' was applied 4'475 times.
  - rule 'objective: shifted cost with exactly ones' was applied 4'768 times.
  - rule 'objective: variable not used elsewhere' was applied 777 times.
  - rule 'presolve: 24930 unused variables removed.' was applied 1 time.
  - rule 'presolve: iteration' was applied 3 times.
  - rule 'probing: bool_or reduced to implication' was applied 1'755 times.
  - rule 'probing: simplified clauses' was applied 663 times.
  - rule 'setppc: bool_or in at_most_one' was applied 149 times.
  - rule 'setppc: fixed variables' was applied 739 times.
  - rule 'setppc: removed dominated constraints' was applied 4'552 times.
  - rule 'symmetry: fixed to false in general orbit' was applied 75 times.
  - rule 'table: expanded positive constraint' was applied 4'544 times.
  - rule 'table: reduce variable domain' was applied 589 times.
  - rule 'table: remove expressions' was applied 1'033 times.
  - rule 'table: remove tuples' was applied 598 times.
  - rule 'table: reused literals' was applied 4'544 times.
  - rule 'variables: add encoding constraint' was applied 77'583 times.
  - rule 'variables: canonicalize affine domain' was applied 18 times.
  - rule 'variables: detect fully reified value encoding' was applied 45 times.
  - rule 'variables: detect half reified value encoding' was applied 90 times.
  - rule 'variables: linear1 with domain not included in variable domain' was applied 26 times.
  - rule 'variables: only used in value and order encodings' was applied 9'498 times.

Presolved optimization model '': (model_fingerprint: 0x43a64ab19d615356)
#Variables: 301'843 (#bools: 19'644 in objective) (231'505 primary variables)
  - 285'781 Booleans in [0,1]
  - 37 in [0][4,5]
  - 16'025 in [0,2]
#kAtMostOne: 3'176 (#literals: 16'833)
#kBoolAnd: 16'071 (#enforced: 16'071) (#literals: 82'530)
#kBoolAndClauses: 9'299 (#enforced: 9'299 #multi: 9'299) (#literals: 105'107)
#kBoolOr: 2'242 (#literals: 10'788)
#kExactlyOne: 126'957 (#literals: 1'975'688)
#kLinear1: 94'536 (#enforced: 94'536)
#kLinear3: 1'459
#kLinearN: 11'085 (#enforced: 4'313) (#terms: 83'532)
[Symmetry] Graph for symmetry has 756'071 nodes and 2'728'145 arcs.
[Symmetry] Symmetry computation done. time: 0.298424 dtime: 0.504496
[Symmetry] #generators: 1656, average support size: 2
[Symmetry] The model contains 112 duplicate constraints !
[Symmetry] 1656 orbits on 3312 variables with sizes: 2,2,2,2,2,2,2,2,2,2,...
[Symmetry] Found orbitope of size 1 x 2

Preloading model.
#Bound  13.06s best:inf   next:[152,3877867] initial_domain
The solution hint is incomplete: 16479 out of 301843 non fixed variables hinted.
#Model  13.17s var:301843/301843 constraints:264825/264825

Starting search at 13.24s with 5 workers.
3 full problem subsolvers: [core, default_lp, no_lp]
2 first solution subsolvers: [fj, fs_random_no_lp]
9 interleaved subsolvers: [feasibility_pump, graph_arc_lns, graph_cst_lns, graph_dec_lns, graph_var_lns, ls, rins/rens, rnd_cst_lns, rnd_var_lns]
3 helper subsolvers: [neighborhood_helper, synchronization_agent, update_gap_integral]

#Bound  14.49s best:inf   next:[152,3861667] no_lp (initial_propagation)
#Bound  14.56s best:inf   next:[252,3861667] no_lp
#Model  14.71s var:301706/301843 constraints:264800/264825
#Model  14.97s var:300779/301843 constraints:264319/264825
#Model  15.17s var:300699/301843 constraints:264311/264825
#Model  15.44s var:300520/301843 constraints:264248/264825
#Model  15.63s var:300364/301843 constraints:264206/264825
#Model  15.90s var:300337/301843 constraints:264194/264825
#Model  16.10s var:300039/301843 constraints:264039/264825
#Model  16.37s var:299267/301843 constraints:263614/264825
#Bound  16.47s best:inf   next:[258,3861667] default_lp
#Model  16.60s var:298943/301843 constraints:263455/264825
#Model  16.86s var:298737/301843 constraints:263316/264825
#Model  17.14s var:298709/301843 constraints:263308/264825
#Model  17.42s var:298450/301843 constraints:263188/264825
#Model  17.64s var:298359/301843 constraints:263133/264825
#Model  17.91s var:298307/301843 constraints:263110/264825
#Model  18.21s var:298192/301843 constraints:263061/264825
#Model  18.40s var:298063/301843 constraints:263007/264825
#Model  18.67s var:297976/301843 constraints:262977/264825
#Model  18.83s var:297693/301843 constraints:262799/264825
#Model  19.08s var:297368/301843 constraints:262622/264825
#Model  19.24s var:297341/301843 constraints:262608/264825
#Model  19.45s var:297247/301843 constraints:262551/264825
#Model  19.71s var:296624/301843 constraints:262313/264825
#Model  19.90s var:296300/301843 constraints:262170/264825
#Model  20.00s var:296216/301843 constraints:262141/264825
#Model  20.19s var:296214/301843 constraints:262139/264825
#Model  20.31s var:296172/301843 constraints:262125/264825
#Model  20.49s var:296150/301843 constraints:262121/264825
#Model  20.67s var:296132/301843 constraints:262106/264825
#Model  20.86s var:295983/301843 constraints:262014/264825
#Model  21.04s var:295831/301843 constraints:261920/264825
#Model  21.26s var:295742/301843 constraints:261857/264825
#Model  21.44s var:295696/301843 constraints:261835/264825
#Model  21.64s var:295647/301843 constraints:261815/264825
#Model  21.81s var:295635/301843 constraints:261812/264825
#Model  22.05s var:295616/301843 constraints:261802/264825
#Model  22.25s var:295479/301843 constraints:261740/264825
#Model  22.47s var:295412/301843 constraints:261696/264825
#Model  22.66s var:295401/301843 constraints:261689/264825
#Model  22.85s var:295373/301843 constraints:261669/264825
#Model  23.02s var:295366/301843 constraints:261667/264825
#Model  23.21s var:295344/301843 constraints:261653/264825
#Model  23.35s var:295320/301843 constraints:261646/264825
#Model  23.54s var:295292/301843 constraints:261633/264825
#Model  24.12s var:295255/301843 constraints:261612/264825 [skipped_logs=2]
#Model  25.11s var:295073/301843 constraints:261496/264825 [skipped_logs=4]
#Model  26.14s var:294417/301843 constraints:261101/264825 [skipped_logs=4]
#Model  27.09s var:294206/301843 constraints:261014/264825 [skipped_logs=4]
#Model  28.01s var:293923/301843 constraints:260859/264825 [skipped_logs=4]
#Model  28.85s var:293776/301843 constraints:260813/264825 [skipped_logs=3]
#Model  30.06s var:293450/301843 constraints:260640/264825 [skipped_logs=4]
#Model  31.04s var:293260/301843 constraints:260527/264825 [skipped_logs=4]
#Model  32.12s var:293066/301843 constraints:260424/264825 [skipped_logs=4]
#Model  32.94s var:293056/301843 constraints:260422/264825 [skipped_logs=3]
#Model  34.01s var:292946/301843 constraints:260368/264825 [skipped_logs=4]
#Model  34.83s var:292933/301843 constraints:260362/264825 [skipped_logs=2]
#Model  36.12s var:292924/301843 constraints:260358/264825 [skipped_logs=3]
#Model  36.97s var:292874/301843 constraints:260330/264825 [skipped_logs=3]
#Model  38.09s var:292726/301843 constraints:260245/264825 [skipped_logs=5]
#Model  39.07s var:292551/301843 constraints:260179/264825 [skipped_logs=3]
#Model  40.04s var:292514/301843 constraints:260175/264825 [skipped_logs=4]
#Model  41.05s var:292315/301843 constraints:260078/264825 [skipped_logs=3]
#Model  42.10s var:292097/301843 constraints:259969/264825 [skipped_logs=4]
#Model  43.05s var:291776/301843 constraints:259827/264825 [skipped_logs=4]
#Model  44.10s var:291576/301843 constraints:259722/264825 [skipped_logs=4]
#Model  45.18s var:291469/301843 constraints:259683/264825 [skipped_logs=4]
#Model  46.12s var:291389/301843 constraints:259653/264825 [skipped_logs=4]
#Model  47.11s var:291024/301843 constraints:259459/264825 [skipped_logs=4]
#Model  47.31s var:291019/301843 constraints:259458/264825 [skipped_logs=0]
#Model  49.12s var:290976/301843 constraints:259439/264825 [skipped_logs=2]
#Model  50.06s var:290940/301843 constraints:259426/264825 [skipped_logs=2]
#Model  51.13s var:290723/301843 constraints:259370/264825 [skipped_logs=4]
#Model  52.03s var:290617/301843 constraints:259337/264825 [skipped_logs=3]
#Model  53.06s var:290528/301843 constraints:259305/264825 [skipped_logs=4]
#Model  54.03s var:290332/301843 constraints:259196/264825 [skipped_logs=4]
#Model  55.01s var:290086/301843 constraints:259135/264825 [skipped_logs=4]
#Bound  55.25s best:inf   next:[352,3861667] no_lp
#Model  56.00s var:289370/301843 constraints:258704/264825 [skipped_logs=4]
#Model  56.96s var:288917/301843 constraints:258443/264825 [skipped_logs=4]
#Bound  58.03s best:inf   next:[452,3861667] no_lp
#Model  57.84s var:288562/301843 constraints:258281/264825 [skipped_logs=3]
#Model  59.12s var:288270/301843 constraints:258184/264825 [skipped_logs=5]
#Model  60.08s var:288202/301843 constraints:258164/264825 [skipped_logs=3]
#Model  61.07s var:287619/301843 constraints:257828/264825 [skipped_logs=4]
#Model  62.07s var:287511/301843 constraints:257798/264825 [skipped_logs=4]
#Model  63.17s var:287476/301843 constraints:257785/264825 [skipped_logs=3]
#Model  63.91s var:287340/301843 constraints:257750/264825 [skipped_logs=3]
#Model  65.10s var:287229/301843 constraints:257720/264825 [skipped_logs=4]
#Model  66.03s var:286376/301843 constraints:257361/264825 [skipped_logs=4]
#Model  67.08s var:286334/301843 constraints:257346/264825 [skipped_logs=4]
#Model  68.14s var:286253/301843 constraints:257326/264825 [skipped_logs=4]
#Model  69.11s var:284546/301843 constraints:256414/264825 [skipped_logs=4]
#Model  70.13s var:284418/301843 constraints:256357/264825 [skipped_logs=4]
#Model  71.15s var:284113/301843 constraints:256193/264825 [skipped_logs=4]
#Model  72.09s var:283955/301843 constraints:256134/264825 [skipped_logs=4]
#Model  72.94s var:283938/301843 constraints:256127/264825 [skipped_logs=3]
#Model  73.83s var:283778/301843 constraints:256018/264825 [skipped_logs=3]
#Model  74.94s var:283685/301843 constraints:255965/264825 [skipped_logs=4]
#Model  76.10s var:283514/301843 constraints:255858/264825 [skipped_logs=3]
#Model  77.04s var:283482/301843 constraints:255843/264825 [skipped_logs=4]
#Model  77.78s var:283475/301843 constraints:255840/264825 [skipped_logs=1]
#Bound  78.88s best:inf   next:[458,3861667] default_lp
#Model  78.85s var:283471/301843 constraints:255839/264825 [skipped_logs=0]
#Model  80.06s var:283452/301843 constraints:255831/264825 [skipped_logs=3]
#Model  81.11s var:283433/301843 constraints:255823/264825 [skipped_logs=4]
#Model  82.09s var:283370/301843 constraints:255793/264825 [skipped_logs=4]
#Model  83.09s var:283336/301843 constraints:255775/264825 [skipped_logs=4]
#Model  83.80s var:283305/301843 constraints:255762/264825 [skipped_logs=3]
#Model  84.98s var:283301/301843 constraints:255761/264825 [skipped_logs=0]
#Model  86.15s var:283298/301843 constraints:255760/264825 [skipped_logs=1]
#Model  86.82s var:283297/301843 constraints:255760/264825 [skipped_logs=0]
#Model  87.60s var:283296/301843 constraints:255759/264825 [skipped_logs=0]
#Model  89.16s var:283246/301843 constraints:255729/264825 [skipped_logs=5]
#Model  90.01s var:283182/301843 constraints:255689/264825 [skipped_logs=3]
#Model  91.15s var:283148/301843 constraints:255677/264825 [skipped_logs=2]
#Model  92.01s var:283125/301843 constraints:255666/264825 [skipped_logs=2]
#Bound  92.69s best:inf   next:[552,3861667] no_lp
#Model  92.93s var:283121/301843 constraints:255665/264825 [skipped_logs=1]
#Model  94.32s var:283079/301843 constraints:255648/264825
#Model  95.03s var:283025/301843 constraints:255635/264825 [skipped_logs=3]
#Model  95.70s var:283009/301843 constraints:255629/264825 [skipped_logs=2]
#Model  97.31s var:283005/301843 constraints:255628/264825
#Model  97.77s var:282966/301843 constraints:255616/264825 [skipped_logs=1]
#Model  99.20s var:282964/301843 constraints:255614/264825
#Model  99.91s var:282957/301843 constraints:255609/264825 [skipped_logs=0]
#Model 101.18s var:282956/301843 constraints:255609/264825
#Model 103.68s var:282951/301843 constraints:255608/264825
#Model 103.83s var:282936/301843 constraints:255603/264825
#Model 104.18s var:282928/301843 constraints:255600/264825
#Model 104.96s var:282892/301843 constraints:255595/264825 [skipped_logs=2]
#Model 106.01s var:282873/301843 constraints:255586/264825 [skipped_logs=3]
#Model 106.75s var:282865/301843 constraints:255583/264825 [skipped_logs=1]
#Model 107.75s var:282846/301843 constraints:255576/264825 [skipped_logs=3]
#Model 108.44s var:282844/301843 constraints:255574/264825 [skipped_logs=0]
#Model 109.77s var:282710/301843 constraints:255511/264825 [skipped_logs=2]
#Model 111.48s var:282706/301843 constraints:255510/264825
#Model 112.15s var:282698/301843 constraints:255507/264825 [skipped_logs=2]
#Model 113.13s var:282661/301843 constraints:255485/264825 [skipped_logs=3]
#Model 113.98s var:282646/301843 constraints:255478/264825 [skipped_logs=3]
#Bound 114.73s best:inf   next:[558,3861667] default_lp
#Model 115.02s var:282606/301843 constraints:255464/264825 [skipped_logs=4]
#Model 116.07s var:282581/301843 constraints:255452/264825 [skipped_logs=2]
#Model 117.10s var:282572/301843 constraints:255449/264825 [skipped_logs=2]
#Model 117.87s var:282563/301843 constraints:255446/264825 [skipped_logs=3]
#Model 118.99s var:282559/301843 constraints:255444/264825 [skipped_logs=2]
#Model 119.66s var:282543/301843 constraints:255435/264825 [skipped_logs=2]
#Model 121.15s var:282369/301843 constraints:255368/264825 [skipped_logs=4]
#Model 121.83s var:282338/301843 constraints:255351/264825 [skipped_logs=2]
#Model 122.43s var:282337/301843 constraints:255351/264825 [skipped_logs=0]
#Model 123.96s var:282323/301843 constraints:255342/264825 [skipped_logs=2]
#Model 125.09s var:282322/301843 constraints:255341/264825
#Model 126.14s var:282309/301843 constraints:255335/264825 [skipped_logs=2]
#Model 127.02s var:282301/301843 constraints:255334/264825 [skipped_logs=3]
#Model 127.80s var:282295/301843 constraints:255331/264825 [skipped_logs=1]
#Model 129.12s var:282271/301843 constraints:255312/264825 [skipped_logs=5]
#Model 129.89s var:282262/301843 constraints:255309/264825 [skipped_logs=3]
#Model 130.86s var:282260/301843 constraints:255309/264825 [skipped_logs=1]
#Model 131.78s var:282254/301843 constraints:255308/264825 [skipped_logs=1]
#Model 133.18s var:282253/301843 constraints:255308/264825
#Model 134.00s var:282252/301843 constraints:255308/264825
#Model 135.03s var:282244/301843 constraints:255304/264825 [skipped_logs=1]
#Model 136.09s var:282227/301843 constraints:255294/264825 [skipped_logs=4]
#Model 137.11s var:282213/301843 constraints:255286/264825 [skipped_logs=2]
#Model 137.99s var:282100/301843 constraints:255253/264825 [skipped_logs=4]
#Model 139.01s var:282073/301843 constraints:255244/264825 [skipped_logs=4]
#Model 139.97s var:282060/301843 constraints:255239/264825 [skipped_logs=2]
#Model 144.23s var:282057/301843 constraints:255238/264825
#Model 144.48s var:282056/301843 constraints:255238/264825
#Model 145.24s var:282055/301843 constraints:255238/264825
#Model 145.73s var:282051/301843 constraints:255237/264825
#Model 147.12s var:282050/301843 constraints:255237/264825
#Model 147.39s var:282049/301843 constraints:255236/264825
#Model 148.06s var:282044/301843 constraints:255234/264825
#Model 148.21s var:282036/301843 constraints:255231/264825
#Model 148.68s var:281657/301843 constraints:255019/264825 [skipped_logs=2]
#Model 149.96s var:281648/301843 constraints:255016/264825 [skipped_logs=2]
#Model 150.65s var:281647/301843 constraints:255016/264825 [skipped_logs=0]
#Model 152.09s var:281646/301843 constraints:255015/264825
#Model 152.66s var:281642/301843 constraints:255015/264825 [skipped_logs=1]
#Model 154.16s var:281629/301843 constraints:255011/264825 [skipped_logs=3]
#Model 155.14s var:281626/301843 constraints:255009/264825 [skipped_logs=2]
#Model 155.69s var:281624/301843 constraints:255008/264825 [skipped_logs=0]
#Model 157.24s var:281621/301843 constraints:255007/264825
#Model 157.69s var:281611/301843 constraints:255004/264825 [skipped_logs=1]
#Model 159.03s var:281602/301843 constraints:255002/264825 [skipped_logs=3]
#Model 159.92s var:281595/301843 constraints:255001/264825 [skipped_logs=2]
#Model 160.80s var:281569/301843 constraints:254992/264825 [skipped_logs=1]
#Model 165.03s var:281568/301843 constraints:254990/264825
#Model 165.17s var:281562/301843 constraints:254988/264825
#Model 165.33s var:281561/301843 constraints:254987/264825
#Model 165.81s var:281554/301843 constraints:254982/264825
#Model 166.11s var:281546/301843 constraints:254979/264825 [skipped_logs=1]
#Model 167.07s var:281543/301843 constraints:254978/264825 [skipped_logs=1]
#Model 168.07s var:281526/301843 constraints:254970/264825 [skipped_logs=4]
#Model 169.00s var:281471/301843 constraints:254937/264825 [skipped_logs=3]
#Model 169.82s var:281454/301843 constraints:254929/264825 [skipped_logs=4]
#Model 170.76s var:281453/301843 constraints:254928/264825 [skipped_logs=0]
#Model 171.36s var:281452/301843 constraints:254928/264825 [skipped_logs=0]
#Model 172.07s var:281451/301843 constraints:254928/264825 [skipped_logs=0]
#Model 173.56s var:281450/301843 constraints:254928/264825 [skipped_logs=0]
#Model 175.02s var:281444/301843 constraints:254928/264825 [skipped_logs=3]
#Model 175.76s var:281428/301843 constraints:254923/264825 [skipped_logs=4]
#Model 176.89s var:281424/301843 constraints:254923/264825 [skipped_logs=3]
#Model 178.04s var:281410/301843 constraints:254919/264825 [skipped_logs=3]
#Model 178.92s var:281397/301843 constraints:254914/264825 [skipped_logs=1]
#Model 179.32s var:281390/301843 constraints:254910/264825 [skipped_logs=0]

Task timing                   n [     min,      max]      avg      dev     time         n [     min,      max]      avg      dev    dtime
              'core':         1 [   2.78m,    2.78m]    2.78m   0.00ns    2.78m         2 [   2.17s,    5.77m]    2.90m    2.87m    5.81m
        'default_lp':         1 [   2.78m,    2.78m]    2.78m   0.00ns    2.78m         2 [   2.60s,   37.53s]   20.06s   17.46s   40.13s
  'feasibility_pump':       627 [  1.20ms, 780.78ms]  18.68ms  39.02ms   11.71s       616 [  4.12ms, 501.67ms]   6.58ms  32.76ms    4.05s
                'fj':       273 [101.22ms, 483.61ms] 227.61ms  61.11ms    1.04m       273 [ 89.33ms, 137.50ms] 117.43ms  14.62ms   32.06s
   'fs_random_no_lp':         1 [   2.78m,    2.78m]    2.78m   0.00ns    2.78m         2 [   2.23s,    4.04m]    2.04m    2.00m    4.08m
     'graph_arc_lns':         0 [  0.00ns,   0.00ns]   0.00ns   0.00ns   0.00ns         0 [  0.00ns,   0.00ns]   0.00ns   0.00ns   0.00ns
     'graph_cst_lns':         0 [  0.00ns,   0.00ns]   0.00ns   0.00ns   0.00ns         0 [  0.00ns,   0.00ns]   0.00ns   0.00ns   0.00ns
     'graph_dec_lns':         0 [  0.00ns,   0.00ns]   0.00ns   0.00ns   0.00ns         0 [  0.00ns,   0.00ns]   0.00ns   0.00ns   0.00ns
     'graph_var_lns':         0 [  0.00ns,   0.00ns]   0.00ns   0.00ns   0.00ns         0 [  0.00ns,   0.00ns]   0.00ns   0.00ns   0.00ns
                'ls':         0 [  0.00ns,   0.00ns]   0.00ns   0.00ns   0.00ns         0 [  0.00ns,   0.00ns]   0.00ns   0.00ns   0.00ns
             'no_lp':         1 [   2.78m,    2.78m]    2.78m   0.00ns    2.78m         2 [   2.23s,    4.76m]    2.40m    2.36m    4.80m
         'rins/rens':       623 [ 18.25ms, 190.87ms]  36.75ms  11.40ms   22.90s         0 [  0.00ns,   0.00ns]   0.00ns   0.00ns   0.00ns
       'rnd_cst_lns':         0 [  0.00ns,   0.00ns]   0.00ns   0.00ns   0.00ns         0 [  0.00ns,   0.00ns]   0.00ns   0.00ns   0.00ns
       'rnd_var_lns':         0 [  0.00ns,   0.00ns]   0.00ns   0.00ns   0.00ns         0 [  0.00ns,   0.00ns]   0.00ns   0.00ns   0.00ns

Search stats            Bools  Conflicts   Branches  Restarts  BacktrackToRoot  Backtrack   BoolPropag  IntegerPropag
             'core':  285'781    686'268  6'094'229     2'528           12'556    695'562  776'329'266    149'821'442
       'default_lp':  285'781     22'967    478'372       178           45'408    103'247   66'482'303     23'721'252
  'fs_random_no_lp':  285'781    279'968  6'241'624       488           79'261    449'623  880'971'233    220'619'977
            'no_lp':  285'781    563'786  5'602'214     2'031          105'094    808'790  805'632'202    179'871'378

SAT formula            Fixed  Equiv    Total  VarLeft  BinaryClauses  PermanentClauses  TemporaryClauses
             'core':  19'973  1'991  285'781  263'817      1'753'544           224'713            14'824
       'default_lp':  19'973  1'973  285'781  263'835      1'997'996           185'029            12'480
  'fs_random_no_lp':  19'942  1'986  285'781  263'853      1'712'220           230'422             8'776
            'no_lp':  19'972  2'006  285'781  263'803      1'684'898           213'889            14'707

SAT stats             ClassicMinim  LitRemoved  LitRemovedBinary   LitLearned  LitForgotten  Subsumed
             'core':       589'881  69'402'586        77'927'835  156'174'129   131'285'240    86'697
       'default_lp':        16'719     931'419         1'305'487    4'992'943     1'074'719     1'274
  'fs_random_no_lp':       213'107  19'831'723        41'452'096   57'420'916    44'127'097    21'468
            'no_lp':       476'515  47'166'108        51'347'571  128'677'054   105'158'849    63'202

Vivification          Clauses  Decisions  LitTrue  Subsumed  LitRemoved  DecisionReused  Conflicts
             'core':        0          0        0         0           0               0          0
       'default_lp':   18'694     58'449       30     1'190      14'269             139         62
  'fs_random_no_lp':   25'496    276'457      122     4'131     158'431           1'087        648
            'no_lp':   28'376    256'254      123     4'113     155'992           1'069        565

Clause deletion       at_true  l_and_not(l)  to_binary  sub_conflict  sub_extra  sub_decisions  sub_eager  sub_vivify  sub_probing  sub_inpro  blocked  eliminated  forgotten   promoted  conflicts
             'core':   14'025         4'663        554        81'645      2'984              0      5'052           0            0      6'443        0           0    515'971  1'774'180    686'268
       'default_lp':   10'689           297        583         1'155        168             15        119       1'190        1'486      2'311        0           0      4'074     47'193     22'967
  'fs_random_no_lp':   12'711           310      1'104        19'782      1'560             35      1'686       4'131        2'058      5'450        0           0    175'728    617'888    279'968
            'no_lp':   17'676           319      1'129        59'126      2'790            416      4'076       4'113        2'343      5'161        0           0    422'428  1'448'069    563'786

Lp stats         Component  Iterations  AddedCuts  OPTIMAL  DUAL_F.  DUAL_U.
  'default_lp':         11      12'750        149   41'838        0        3

Lp dimension          Final dimension of first component
  'default_lp':  1722 rows, 62099 columns, 25323 entries

Lp debug         CutPropag  CutEqPropag  Adjust  Overflow  Bad  BadScaling
  'default_lp':          0            0       4         0  228           0

Lp pool          Constraints  Updates  Simplif  Merged  Shortened  Split  Strengthened  Cuts/Call
  'default_lp':       16'123        0   14'958       0     13'338      0             0    149/472

Lp Cut           default_lp
         CG_FF:          22
          CG_K:          13
          CG_R:          19
            IB:          67
      MIR_1_FF:           6
      MIR_2_FF:           1
       MIR_2_K:           1
      MIR_3_FF:           6
       MIR_3_K:           2
       MIR_3_R:           1
      MIR_4_FF:           1
       MIR_4_K:           1
      MIR_4_KL:           1
      MIR_6_FF:           2
       MIR_6_R:           1
  ZERO_HALF_FF:           2
   ZERO_HALF_R:           3

LNS stats           Improv/Calls  Closed  Difficulty  TimeLimit
  'graph_arc_lns':           0/0      0%    5.00e-01       0.10
  'graph_cst_lns':           0/0      0%    5.00e-01       0.10
  'graph_dec_lns':           0/0      0%    5.00e-01       0.10
  'graph_var_lns':           0/0      0%    5.00e-01       0.10
      'rins/rens':           0/0      0%    5.00e-01       0.10
    'rnd_cst_lns':           0/0      0%    5.00e-01       0.10
    'rnd_var_lns':           0/0      0%    5.00e-01       0.10

LS stats                                    Batches  Restarts/Perturbs   LinMoves  GenMoves  CompoundMoves  Bactracks  WeightUpdates  ScoreComputed
                             'fj_restart':       14                  9    395'260         0              0          0             68      3'285'677
                    'fj_restart_compound':       15                  5          0   229'595        226'752      1'389              8      5'617'524
                'fj_restart_compound_obj':       23                 12          0   397'395        394'723      1'315              8      8'521'871
            'fj_restart_compound_perturb':       16                  9          0   322'344        321'531        400              2      6'378'682
        'fj_restart_compound_perturb_obj':       27                 10          0   460'741        455'590      2'491             10     10'363'705
                       'fj_restart_decay':        7                  3    230'094         0              0          0             30      1'586'583
              'fj_restart_decay_compound':       13                  5          0   225'335        221'935      1'682              5      5'012'867
          'fj_restart_decay_compound_obj':       20                  7          0   336'691        332'978      1'855              8      7'629'804
      'fj_restart_decay_compound_perturb':       12                  7          0   248'846        248'583        128              2      4'543'022
  'fj_restart_decay_compound_perturb_obj':        5                  2          0    90'037         89'487        257              1      1'911'079
                   'fj_restart_decay_obj':       11                  4    371'934         0              0          0             52      2'466'986
               'fj_restart_decay_perturb':       10                  5    318'905         0              0          0             36      2'354'678
           'fj_restart_decay_perturb_obj':       33                  9  1'147'958         0              0          0            134      7'438'598
                         'fj_restart_obj':       31                  8  1'058'335         0              0          0            286      6'931'370
                     'fj_restart_perturb':        6                  5    157'628         0              0          0             14      1'475'956
                 'fj_restart_perturb_obj':       30                 10  1'024'143         0              0          0            249      6'914'824

Objective bounds     Num
      'default_lp':    3
  'initial_domain':    1
           'no_lp':    5

Solution repositories    Added  Queried  Synchro
    'alternative_path':      0        0        0
      'best_solutions':      0        0        0
   'fj solution hints':    102        0      102
        'lp solutions':      0        0        0
                'pump':    623      623

Improving bounds shared       Num  Sym
                  'core':   1'946    7
            'default_lp':   1'496    4
       'fs_random_no_lp':  10'326   42
                 'no_lp':   6'667   13

Clauses shared        #Exported  #Imported  #BinaryRead  #BinaryTotal
             'core':     19'309     17'337    1'137'773     1'137'773
       'default_lp':    100'711     26'288    1'137'751     1'137'773
  'fs_random_no_lp':    433'647     19'295    1'035'544     1'137'773
            'no_lp':    626'030     17'517    1'028'995     1'137'773

LRAT_status: NA
CpSolverResponse summary:
status: UNKNOWN
objective: 3861667
best_bound: 558
integers: 66725
booleans: 285781
conflicts: 22967
branches: 478372
propagations: 66482303
integer_propagations: 23721252
restarts: 178
lp_iterations: 12750
walltime: 180.282
usertime: 180.282
deterministic_time: 966.97
gap_integral: 14516.7

{"status": "UNKNOWN", "wall": 180.3048746120039, "workers": 5, "source_count": 52, "sink_count": 52, "movable": ["M000", "M001", "M002", "M003", "M004", "M005", "M006", "M007", "M008", "M009", "M010", "M011", "M012", "M013", "M014", "M015", "M016", "M017", "M018", "M019", "M020", "M021", "M022", "M023", "M024", "M025", "M026", "M027", "M028", "M029", "M030", "M031", "M032", "M033", "M034", "M035", "M036", "M037", "M038", "M039", "M040", "M041", "M042", "M043", "M044", "M045", "M046", "M047", "M048", "M049", "M050", "M051", "M052", "M053", "M054", "M055", "M056", "M057", "M058", "M059", "M060", "M061", "M062", "M063", "M064", "M065", "M066", "M067", "M068", "M069", "M070", "M071", "M072", "M073", "M074", "M075", "M076", "M077", "M078", "M079", "M080", "M081", "M082", "M083", "M084", "M085", "M086", "M087", "M088", "M089", "M090", "M091", "M092", "M093", "M094", "M095", "M096", "M097", "M098", "M099", "M100", "M101", "M102", "M103", "M104", "M105", "M106", "M107", "M108", "M109", "M110", "M111", "M112", "M113", "M114", "M115", "M116", "M117", "M118", "M119", "M120", "M121", "M122", "M123", "M124", "M125", "M126", "M127", "M128", "M129", "M130", "M131", "M132", "M133", "M134", "M135", "M136", "M137", "M138", "M139", "M140", "M141", "M142", "M143", "M144", "M145", "M146", "M147", "M148", "M149", "M150", "M151", "M152", "M153", "M154", "M155", "M156", "M157", "M158", "M159", "M160", "M161", "M162", "M163", "M164", "M165", "M166", "M167", "M168", "M169", "M170", "M171", "M172", "M173", "M174", "M175", "M176", "M177", "M178", "M179", "M180", "M181", "M182", "M183", "M184", "M185", "M186", "M187", "M188", "M189", "M190", "M191", "M192", "M193", "M194", "M195", "M196", "M197", "M198", "M199", "M200", "M201", "M202", "M203", "M204", "M205", "M206", "M207", "M208", "M209", "M210", "M211", "M212", "M213", "M214", "M215", "M216", "M217", "M218", "P000", "P026"], "scope": "219台机器允许平移2格、任意合法朝向，角区5台与1桩允许平移5格；核心及其他桩固定，另加P026一座2×2桩，允许其在初始(6,6)附近平移8格。允许六个成品角色在大型机位间重指派，固定各配方台数；所有制造机位必须被真实供电桩覆盖；兑现52矿口路径和6条成品入核心路径，其余路径和连续流须另验。"}
