{
  "aggregate_items_per_tick": "1",
  "binding_activation": {
    "matched_binding_indices": {
      "grinder_fine_buckwheat_001": [
        2,
        5,
        8,
        11,
        14,
        17,
        20,
        23,
        26,
        29,
        32,
        35,
        38,
        41,
        44,
        47,
        50,
        53,
        56,
        59,
        62,
        65,
        68,
        71,
        74,
        77,
        80,
        83,
        86,
        89,
        92,
        95,
        98,
        101,
        104,
        107,
        110,
        113,
        116,
        119,
        122,
        125,
        128,
        131,
        134,
        137,
        140,
        143,
        146,
        149,
        152,
        155,
        158,
        161,
        164,
        167,
        170,
        173,
        176,
        179
      ],
      "molding_bottle_001": [
        0,
        3,
        6
      ]
    },
    "out_specs_at_front": [
      {
        "commodity": "fine_buckwheat_powder",
        "dir": "N",
        "instance_id": "grinder_fine_buckwheat_001",
        "type": "out",
        "x": 35,
        "y": 35
      },
      {
        "commodity": "steel_bottle",
        "dir": "E",
        "instance_id": "molding_bottle_001",
        "type": "out",
        "x": 35,
        "y": 35
      }
    ],
    "status": "FEASIBLE"
  },
  "candidate_bindings": [
    {
      "bbox": [
        30,
        31,
        35,
        34
      ],
      "commodity": "fine_buckwheat_powder",
      "direction": "N",
      "front": [
        35,
        35
      ],
      "operation": "grinder_fine_buckwheat",
      "pose_id": "p_x30_y31_o0_m_BT",
      "pose_index": 3961,
      "residual_output_items_per_tick": "1/2"
    },
    {
      "bbox": [
        32,
        35,
        34,
        37
      ],
      "commodity": "steel_bottle",
      "direction": "E",
      "front": [
        35,
        35
      ],
      "operation": "molding_bottle",
      "pose_id": "p_x32_y35_o0_m_LR",
      "pose_index": 8581,
      "residual_output_items_per_tick": "1/2"
    }
  ],
  "front": [
    35,
    35
  ],
  "mixed_source_hyperedge_is_locally_feasible": true,
  "one_tick_capacity": "1",
  "pairwise_body_disjoint": true
}
