{
  "status": "PASS",
  "scope": "规格线文档覆盖、99轴、当前目录、定位回归、条件算术与本轮只读指纹；非全规则或运行认证",
  "axis_count": 99,
  "independent_item_count": 55,
  "finding_count": 28,
  "revision6_finding_count": 5,
  "catalog_sha256": "74d21a5bd37c6178f988a86a4aa78a03d1e4244ecff26f133bb5e700ada82e43",
  "axis_registry_sha256": "aacade17b417a65e1b7d7846615978defcd510bf3f490ae8fdb9e86ce36bd7a9",
  "request_sha256": "ef6fa51c1942fb1ddb2b4f3270449a3c6b207718c0334f3b46fe840f20a3d134",
  "shared_interface": {
    "axis_set_matches": true,
    "missing_in_input": [],
    "extra_in_input": [],
    "lifetime_mismatches": [],
    "schemas_present": {
      "event-order-v1": true,
      "damping-branch-v1": true,
      "poll-memory-v1": true
    },
    "note": "共享文件为运行时观测，不冻结为A线只读；样例及黄金轨迹由C线另验"
  },
  "checks": [
    "《明日方舟：终末地》游戏规则.txt：114 行覆盖",
    "《明日方舟：终末地》游戏规则.txt：逐行原文、序号及去向一致",
    "求解任务.txt：15 行覆盖",
    "求解任务.txt：逐行原文、序号及去向一致",
    "正式约束 56 条覆盖",
    "正式约束：条款名与源行一致",
    "只读文件 25037 份指纹未变",
    "运行语义中的正式源快照一致",
    "17 条发现逐条登记且无重复",
    "第2轮 10 条发现逐条登记且无重复",
    "H 下制造输入及占地条件算术通过",
    "H 下核心六口及出库条件算术通过",
    "T1–T12、T14–T17 存在且无已删除T13",
    "六正文选择点编号、文件链接与表格连续性通过",
    "已定位旧断言无正文残留（仅字符串检查）",
    "覆盖表所有显式目标小节均存在（不证明条款已落地）",
    "研磨进料去向节包含条款名及三个条件结论",
    "负例通过：研磨进料去向退回旧§4.3会被拒绝（内存变异，无文件改写）",
    "第3轮 9 条发现逐条登记且无重复",
    "T12包含成品拿取操作精度及周期末限制",
    "存货级序方向在派生量及调度两处明写",
    "特别运输分类和元件计数落点存在",
    "T14按轴调度已列排除",
    "T7混装、容量、谓词论域分别登记",
    "J的条件排除有正文落点",
    "第3轮已定位旧辖域断言无正文残留（字符串检查）",
    "具名参数轴无重复且均带生命周期、状态与据",
    "受限模型全部具名字段均在参数轴表中",
    "独立清单实际55项逐条映射，无遗漏或重复",
    "主席已定项与四处旧断言、三漏项的现行辖域检查通过",
    "负例通过：恢复T13旧选择点会被拒绝（内存变异）",
    "共享目录18单位与18配方及规格18配方行数一致",
    "全部配方id、机型、用量、产量及耗时逐项与目录一致",
    "全部单位id均有运行语义状态入口",
    "当前目录字节已登记于本轮修订记录并逐项核验",
    "T15两种格集合公式与方块相交条件在中央及边界桩位置一致（条件算术）",
    "六正文所有本地文件链接存在",
    "第4/5轮28条发现逐项登记且无重复，含两条阻断级",
    "28条发现均有改动、落点及据",
    "六正文均已实际修改，不是只增加修订记录",
    "原91轴加5轴及第6轮3轴共99项，与受限模型逐轴表和JSON集合全等",
    "99轴处置类别、实际编码、据、覆盖损失及补齐节点逐项一致",
    "负例通过：漏必选轴time.instant_order会被拒绝",
    "负例通过：漏必选轴time.manufacture_events会被拒绝",
    "负例通过：漏必选轴polling.level_tie会被拒绝",
    "负例通过：漏必选轴connection.port_meeting会被拒绝",
    "最严供电义务与四条必要条件的辖域落地",
    "占格互斥具有最严可建造的正文依据",
    "空仓库格指派要求empty_identity且沿用原轴",
    "五个新增轴在登记、清单、配置三处都有落点",
    "第4/5轮及完整性批评定位的旧正文断言无残留",
    "仓库/核心/相遇覆盖入口的辖域回归通过",
    "两种供电侧旁一维列数及跃变位置复算通过；非达标构造证明",
    "第6轮五项发现有逐条处置",
    "修订记录追加第6轮五项且无遗漏",
    "第6轮边界、库存、仓库停止及配方两轴在可执行条款定位",
    "两条旧覆盖发现归因在历史行及JSON均已纠正",
    "内核输入请求新增第6节在共享正文并入"
  ]
}
