model 550 1353

Starting CP-SAT solver v9.15.6755
Parameters: random_seed: 7802 max_time_in_seconds: 120 log_search_progress: true linearization_level: 2 num_search_workers: 4

Initial optimization model '': (model_fingerprint: 0x49c1284630463b67)
#Variables: 550 (#bools: 550 in objective) (550 primary variables)
  - 550 Booleans in [0,1]
#kLinear1: 8
#kLinear2: 8
#kLinear3: 10
#kLinearN: 1'327 (#terms: 127'077)

Starting presolve at 0.00s
  5.12e-03s  0.00e+00d  [DetectDominanceRelations] 
  2.95e-02s  0.00e+00d  [PresolveToFixPoint] #num_loops=2 #num_dual_strengthening=1 
  1.96e-05s  0.00e+00d  [ExtractEncodingFromLinear] #potential_supersets=240 
  2.30e-03s  0.00e+00d  [DetectDuplicateColumns] 
  1.85e-04s  0.00e+00d  [DetectDuplicateConstraints] 
[Symmetry] Graph for symmetry has 3'969 nodes and 129'205 arcs.
[Symmetry] Symmetry computation done. time: 0.00439131 dtime: 0.0188754
[Symmetry] #generators: 1, average support size: 540
[Symmetry] 270 orbits on 540 variables with sizes: 2,2,2,2,2,2,2,2,2,2,...
[Symmetry] Num fixable by intersecting at_most_one with orbits: 39 largest_orbit: 2
[SAT presolve] num removable Booleans: 0 / 550
[SAT presolve] num trivial clauses: 0
[SAT presolve] [0s] clauses:9 literals:18 vars:18 one_side_vars:18 simple_definition:0 singleton_clauses:0
[SAT presolve] [7.196e-06s] clauses:9 literals:18 vars:18 one_side_vars:18 simple_definition:0 singleton_clauses:0
[SAT presolve] [1.5175e-05s] clauses:9 literals:18 vars:18 one_side_vars:18 simple_definition:0 singleton_clauses:0
  9.68e-04s  0.00e+00d  [DetectDuplicateConstraintsWithDifferentEnforcements] #without_enforcements=802 
  2.57e-02s  1.52e-01d  [Probe] #probed=1'022 #new_binary_clauses=2'297 
  3.70e-03s  3.95e-02d  [MaxClique] Merged 542 constraints with 24'378 literals into 59 constraints with 5'084 literals
  4.92e-03s  0.00e+00d  [DetectDominanceRelations] 
  1.66e-02s  0.00e+00d  [PresolveToFixPoint] #num_loops=1 #num_dual_strengthening=1 
  2.09e-02s  0.00e+00d  [ProcessAtMostOneAndLinear] #num_changes=307 
  2.02e-04s  0.00e+00d  [DetectDuplicateConstraints] #duplicates=6 
  1.66e-04s  0.00e+00d  [DetectDuplicateConstraintsWithDifferentEnforcements] #without_enforcements=2 
  1.16e-02s  3.40e-03d  [DetectDominatedLinearConstraints] #relevant_constraints=987 #num_inclusions=5'331 #num_redundant=338 
  1.00e-04s  0.00e+00d  [DetectDifferentVariables] 
  7.23e-04s  8.31e-04d  [ProcessSetPPC] #relevant_constraints=708 #num_inclusions=1'638 
  1.83e-04s  0.00e+00d  [TransformClausesToExactlyOne] #num_amos=387 
  4.87e-06s  0.00e+00d  [DetectEncodedComplexDomains] 
  6.61e-06s  0.00e+00d  [FindAlmostIdenticalLinearConstraints] 
  4.51e-02s  9.90e-02d  [FindBigAtMostOneAndLinearOverlap] #blocks=152 #saved_nz=21'682 
  2.42e-02s  3.08e-02d  [FindBigVerticalLinearOverlap] #blocks=275 #saved_nz=16'150 
  1.81e-04s  4.80e-04d  [FindBigHorizontalLinearOverlap] #linears=655 
  3.35e-05s  0.00e+00d  [MergeClauses] 
  1.82e-03s  0.00e+00d  [DetectDominanceRelations] 
  1.65e-03s  0.00e+00d  [DetectDominanceRelations] 
  1.15e-02s  0.00e+00d  [PresolveToFixPoint] #num_loops=5 #num_dual_strengthening=2 
  1.65e-03s  0.00e+00d  [DetectDominanceRelations] 
  4.89e-03s  0.00e+00d  [PresolveToFixPoint] #num_loops=1 #num_dual_strengthening=1 
  3.02e-04s  0.00e+00d  [DetectDuplicateColumns] 
  1.56e-04s  0.00e+00d  [DetectDuplicateConstraints] 
[Symmetry] Graph for symmetry has 5'338 nodes and 39'322 arcs.
[Symmetry] Symmetry computation done. time: 0.000833583 dtime: 0.00249819
[SAT presolve] num removable Booleans: 0 / 919
[SAT presolve] num trivial clauses: 0
[SAT presolve] [0s] clauses:349 literals:1'865 vars:467 one_side_vars:261 simple_definition:147 singleton_clauses:0
[SAT presolve] [3.3574e-05s] clauses:347 literals:1'849 vars:467 one_side_vars:262 simple_definition:148 singleton_clauses:0
[SAT presolve] [7.0467e-05s] clauses:347 literals:1'849 vars:467 one_side_vars:262 simple_definition:148 singleton_clauses:0
  1.85e-04s  0.00e+00d  [DetectDuplicateConstraintsWithDifferentEnforcements] 
  3.51e-02s  9.11e-02d  [Probe] #probed=1'846 #new_binary_clauses=63'215 
  1.93e-02s  1.53e-01d  [MaxClique] Merged 467 constraints with 6'186 literals into 159 constraints with 5'683 literals
  1.80e-03s  0.00e+00d  [DetectDominanceRelations] 
  1.60e-03s  0.00e+00d  [DetectDominanceRelations] 
  7.46e-03s  0.00e+00d  [PresolveToFixPoint] #num_loops=3 #num_dual_strengthening=2 
  4.70e-03s  0.00e+00d  [ProcessAtMostOneAndLinear] #num_changes=4 
  1.51e-04s  0.00e+00d  [DetectDuplicateConstraints] 
  1.36e-04s  0.00e+00d  [DetectDuplicateConstraintsWithDifferentEnforcements] 
  2.66e-04s  9.25e-05d  [DetectDominatedLinearConstraints] #relevant_constraints=564 #num_inclusions=34 #num_redundant=1 
  4.85e-05s  0.00e+00d  [DetectDifferentVariables] 
  4.67e-04s  9.59e-05d  [ProcessSetPPC] #relevant_constraints=1'132 #num_inclusions=10 
  2.04e-04s  0.00e+00d  [TransformClausesToExactlyOne] #num_amos=181 
  6.67e-06s  0.00e+00d  [DetectEncodedComplexDomains] 
  6.55e-06s  0.00e+00d  [FindAlmostIdenticalLinearConstraints] 
  6.91e-03s  2.01e-02d  [FindBigAtMostOneAndLinearOverlap] 
  7.64e-03s  1.18e-02d  [FindBigVerticalLinearOverlap] #blocks=61 #saved_nz=2'514 
  7.56e-05s  1.15e-04d  [FindBigHorizontalLinearOverlap] #linears=584 
  1.41e-05s  0.00e+00d  [MergeClauses] 
  1.47e-03s  0.00e+00d  [DetectDominanceRelations] 
  6.80e-03s  0.00e+00d  [PresolveToFixPoint] #num_loops=3 #num_dual_strengthening=1 
  1.47e-03s  0.00e+00d  [DetectDominanceRelations] 
  4.48e-03s  0.00e+00d  [PresolveToFixPoint] #num_loops=1 #num_dual_strengthening=1 
  2.50e-04s  0.00e+00d  [DetectDuplicateColumns] 
  1.54e-04s  0.00e+00d  [DetectDuplicateConstraints] 
[Symmetry] Graph for symmetry has 5'247 nodes and 34'774 arcs.
[Symmetry] Symmetry computation done. time: 0.000781391 dtime: 0.00230683
[SAT presolve] num removable Booleans: 0 / 965
[SAT presolve] num trivial clauses: 0
[SAT presolve] [0s] clauses:30 literals:95 vars:52 one_side_vars:51 simple_definition:1 singleton_clauses:0
[SAT presolve] [1.0348e-05s] clauses:30 literals:95 vars:52 one_side_vars:51 simple_definition:1 singleton_clauses:0
[SAT presolve] [2.487e-05s] clauses:30 literals:95 vars:52 one_side_vars:51 simple_definition:1 singleton_clauses:0
  1.82e-04s  0.00e+00d  [DetectDuplicateConstraintsWithDifferentEnforcements] 
  4.09e-02s  8.81e-02d  [Probe] #probed=1'940 #new_binary_clauses=77'365 
  2.15e-02s  1.76e-01d  [MaxClique] Merged 183 constraints with 5'710 literals into 164 constraints with 5'675 literals
  1.68e-03s  0.00e+00d  [DetectDominanceRelations] 
  1.47e-03s  0.00e+00d  [DetectDominanceRelations] 
  6.87e-03s  0.00e+00d  [PresolveToFixPoint] #num_loops=2 #num_dual_strengthening=2 
  4.22e-03s  0.00e+00d  [ProcessAtMostOneAndLinear] 
  1.63e-04s  0.00e+00d  [DetectDuplicateConstraints] 
  1.39e-04s  0.00e+00d  [DetectDuplicateConstraintsWithDifferentEnforcements] 
  2.48e-04s  8.13e-05d  [DetectDominatedLinearConstraints] #relevant_constraints=571 #num_inclusions=25 
  4.65e-05s  0.00e+00d  [DetectDifferentVariables] 
  4.60e-04s  8.69e-05d  [ProcessSetPPC] #relevant_constraints=1'195 #num_inclusions=23 
  2.08e-04s  0.00e+00d  [TransformClausesToExactlyOne] #num_amos=168 
  3.26e-05s  0.00e+00d  [DetectEncodedComplexDomains] 
  9.02e-06s  0.00e+00d  [FindAlmostIdenticalLinearConstraints] 
  5.44e-03s  1.50e-02d  [FindBigAtMostOneAndLinearOverlap] #blocks=1 #saved_nz=112 
  5.97e-03s  9.50e-03d  [FindBigVerticalLinearOverlap] #blocks=24 #saved_nz=908 
  8.99e-05s  1.09e-04d  [FindBigHorizontalLinearOverlap] #linears=585 
  1.61e-05s  0.00e+00d  [MergeClauses] 
  1.43e-03s  0.00e+00d  [DetectDominanceRelations] 
  5.64e-03s  0.00e+00d  [PresolveToFixPoint] #num_loops=2 #num_dual_strengthening=1 
  2.52e-06s  0.00e+00d  [MergeNoOverlap] 
  2.83e-06s  0.00e+00d  [MergeNoOverlap2D] 
  3.78e-04s  0.00e+00d  [ExpandObjective] #entries=32'466 #tight_variables=1'923 #tight_constraints=500 #expands=330 

Presolve summary:
  - 4 affine relations were detected.
  - rule 'TODO dual: only one blocking constraint?' was applied 1'282 times.
  - rule 'TODO dual: only one unspecified blocking constraint?' was applied 1'090 times.
  - rule 'TODO linear matrix: reuse defining constraint' was applied 3 times.
  - rule 'affine: new relation' was applied 4 times.
  - rule 'at_most_one: removed literals' was applied 80 times.
  - rule 'at_most_one: size one' was applied 3 times.
  - rule 'at_most_one: transformed into max clique' was applied 3 times.
  - rule 'bool_or: fixed literals' was applied 6 times.
  - rule 'bool_or: implications' was applied 37 times.
  - rule 'deductions: 2 stored' was applied 1 time.
  - rule 'domination: fixed to lb.' was applied 5 times.
  - rule 'domination: in at most one' was applied 3 times.
  - rule 'domination: in exactly one' was applied 1 time.
  - rule 'dual: make encoding equiv' was applied 5 times.
  - rule 'duplicate: removed constraint' was applied 6 times.
  - rule 'duplicate: removed enforced constraint' was applied 802 times.
  - rule 'enforcement: true literal' was applied 40 times.
  - rule 'exactly_one: removed literals' was applied 15 times.
  - rule 'exactly_one: singleton' was applied 1 time.
  - rule 'exactly_one: size two' was applied 4 times.
  - rule 'linear + amo: added implications' was applied 39 times.
  - rule 'linear + amo: detect hidden AMO' was applied 228 times.
  - rule 'linear + amo: empty after processing' was applied 61 times.
  - rule 'linear + amo: extracted enforcement literal' was applied 14'982 times.
  - rule 'linear + amo: fixed literal implied by enforcement' was applied 127 times.
  - rule 'linear + amo: infeasible enforcement' was applied 1 time.
  - rule 'linear + amo: removed enforcement literal' was applied 9'560 times.
  - rule 'linear + amo: simplified enforcement list' was applied 75 times.
  - rule 'linear + amo: trivial linear constraint' was applied 18 times.
  - rule 'linear inclusion: redundant included constraint' was applied 339 times.
  - rule 'linear matrix: common amo rectangle' was applied 153 times.
  - rule 'linear matrix: common vertical rectangle' was applied 360 times.
  - rule 'linear1: always true' was applied 3 times.
  - rule 'linear2: already known enforced relation' was applied 1 time.
  - rule 'linear2: convert ax + by != cte to clauses' was applied 10 times.
  - rule 'linear2: implied ax + by = cte has only one solution' was applied 4 times.
  - rule 'linear: always true' was applied 10 times.
  - rule 'linear: divide by GCD' was applied 24 times.
  - rule 'linear: empty' was applied 61 times.
  - rule 'linear: extracted at most one (max)' was applied 1'095 times.
  - rule 'linear: fixed or dup variables' was applied 634 times.
  - rule 'linear: negative reified and' was applied 1 time.
  - rule 'linear: positive at most one' was applied 327 times.
  - rule 'linear: positive equal one' was applied 327 times.
  - rule 'linear: reduced variable domains' was applied 172 times.
  - rule 'linear: remapped using affine relations' was applied 136 times.
  - rule 'linear: variable substitution 2' was applied 8 times.
  - rule 'new_bool: integer encoding' was applied 1 time.
  - rule 'new_bool: with clause' was applied 153 times.
  - rule 'objective: expanded via tight equality' was applied 330 times.
  - rule 'objective: shifted cost with exactly ones' was applied 183 times.
  - rule 'presolve: 48 unused variables removed.' was applied 1 time.
  - rule 'presolve: iteration' was applied 3 times.
  - rule 'probing: bool_or reduced to implication' was applied 27 times.
  - rule 'probing: simplified clauses' was applied 3 times.
  - rule 'setppc: removed dominated constraints' was applied 2 times.
  - rule 'symmetry: added orbit symmetry breaking implications' was applied 1 time.
  - rule 'symmetry: fixed to false in general orbit' was applied 39 times.
  - rule 'variables: add encoding constraint' was applied 1 time.

Presolved optimization model '': (model_fingerprint: 0x967a32a60fe8d8ed)
#Variables: 1'003 (#bools: 149 in objective) (527 primary variables)
  - 978 Booleans in [0,1]
  - 1 in [0][2,3]
  - 2 in [0][2,5]
  - 3 in [0][3,5]
  - 1 in [0][3,6]
  - 2 in [0][4,5]
  - 9 in [0,3]
  - 3 in [0,5]
  - 4 in [0,6]
#kAtMostOne: 155 (#literals: 5'636)
#kBoolAnd: 13 (#enforced: 13) (#literals: 26)
#kExactlyOne: 475 (#literals: 1'894)
#kLinear1: 2 (#enforced: 2)
#kLinearN: 581 (#enforced: 110 #multi: 110) (#terms: 21'714)
[Symmetry] Graph for symmetry has 5'232 nodes and 33'639 arcs.
[Symmetry] Symmetry computation done. time: 0.000736152 dtime: 0.0021507

Preloading model.
#Bound   0.41s best:-inf  next:[-0,148]   initial_domain
#Model   0.41s var:1003/1003 constraints:1226/1226

Starting search at 0.41s with 4 workers.
3 full problem subsolvers: [core, default_lp, no_lp]
1 first solution subsolver: [fj]
9 interleaved subsolvers: [feasibility_pump, graph_arc_lns, graph_cst_lns, graph_dec_lns, graph_var_lns, ls, rins/rens, rnd_cst_lns, rnd_var_lns]
3 helper subsolvers: [neighborhood_helper, synchronization_agent, update_gap_integral]

#1       0.44s best:-0    next:[1,148]    fj_restart_decay_compound(batch:1 lin{mvs:0 evals:0} #w_updates:0 #perturb:0)
#2       0.44s best:18    next:[19,148]   rnd_var_lns (d=5.00e-01 s=5 t=0.10 p=0.00 stall=0 h=base)
#3       0.46s best:23    next:[24,148]   graph_var_lns (d=5.00e-01 s=7 t=0.10 p=0.00 stall=0 h=base)
#4       0.46s best:24    next:[25,148]   graph_arc_lns (d=5.00e-01 s=8 t=0.10 p=0.00 stall=0 h=base) [hint]
#Bound   0.46s best:24    next:[25,53]    am1_presolve (num_literals=149 num_am1=12 increase=95 work_done=46895)
#Bound   0.46s best:24    next:[25,50]    bool_core (num_cores=1 [size:3 mw:3 d:2] a=135 d=2 fixed=0/991 clauses=491)
#5       0.47s best:26    next:[27,50]    ls_restart(batch:1 lin{mvs:32 evals:295} #w_updates:29 #perturb:0)
#Bound   0.52s best:26    next:[27,44]    default_lp
#6       0.53s best:27    next:[28,44]    core
#Bound   0.53s best:27    next:[28,43]    default_lp
#Bound   0.53s best:27    next:[28,41]    bool_core (num_cores=5 [size:4 mw:2 d:3] a=122 d=3 fixed=0/1008 clauses=510)
#Bound   0.53s best:27    next:[28,39]    bool_core (num_cores=6 [size:4 mw:2 d:4] a=120 d=4 fixed=0/1013 clauses=535)
#Bound   0.53s best:27    next:[28,37]    bool_core (num_cores=7 [size:3 mw:2 amo:1 lit:2 d:3] a=120 d=4 fixed=0/1019 clauses=548)
#7       0.54s best:28    next:[29,37]    core
#Bound   0.54s best:28    next:[29,36]    bool_core (num_cores=8 [size:7 mw:1 amo:1 lit:4 d:3] a=115 d=4 fixed=0/1024 clauses=562)
#Bound   0.54s best:28    next:[29,35]    bool_core (num_cores=9 [size:6 mw:1 amo:1 lit:3 d:3] a=113 d=4 fixed=0/1030 clauses=574)
#Bound   0.54s best:28    next:[29,34]    bool_core (num_cores=10 [size:8 mw:1 amo:1 lit:7 d:3] a=107 d=4 fixed=0/1035 clauses=582)
#Bound   0.54s best:28    next:[29,33]    bool_core (num_cores=11 [size:13 mw:1 amo:1 lit:11 d:4] a=103 d=4 fixed=0/1038 clauses=594)
#Bound   0.55s best:28    next:[29,32]    bool_core (num_cores=12 [size:5 mw:1 amo:1 lit:3 d:4] a=103 d=4 fixed=0/1043 clauses=610)
#Bound   0.55s best:28    next:[29,31]    bool_core (num_cores=13 [size:12 mw:1 amo:2 lit:10 d:4] a=89 d=4 fixed=13/1051 clauses=633)
#Bound   0.55s best:28    next:[29,30]    bool_core (num_cores=14 [size:8 mw:1 amo:1 lit:5 d:5] a=65 d=5 fixed=83/1057 clauses=667)
#Model   0.55s var:921/1003 constraints:1199/1226
#Bound   0.56s best:28    next:[29,29]    bool_core (num_cores=15 [size:8 mw:1 exo] a=0 d=5 fixed=303/1071 clauses=768)
#8       0.56s best:29    next:[]         core
#Done    0.56s core

Task timing                   n [     min,      max]      avg      dev     time         n [     min,      max]      avg      dev    dtime
              'core':         1 [145.77ms, 145.77ms] 145.77ms   0.00ns 145.77ms         2 [ 99.88ms, 224.27ms] 162.07ms  62.19ms 324.15ms
        'default_lp':         1 [146.79ms, 146.79ms] 146.79ms   0.00ns 146.79ms         2 [ 73.98ms, 105.75ms]  89.86ms  15.88ms 179.73ms
  'feasibility_pump':         1 [ 23.67ms,  23.67ms]  23.67ms   0.00ns  23.67ms         0 [  0.00ns,   0.00ns]   0.00ns   0.00ns   0.00ns
                'fj':         1 [932.22us, 932.22us] 932.22us   0.00ns 932.22us         0 [  0.00ns,   0.00ns]   0.00ns   0.00ns   0.00ns
     'graph_arc_lns':         2 [  3.51ms,   3.81ms]   3.66ms 148.92us   7.33ms         1 [  1.19us,   1.19us]   1.19us   0.00ns   1.19us
     'graph_cst_lns':         1 [  3.70ms,   3.70ms]   3.70ms   0.00ns   3.70ms         1 [606.00ns, 606.00ns] 606.00ns   0.00ns 606.00ns
     'graph_dec_lns':         1 [  3.26ms,   3.26ms]   3.26ms   0.00ns   3.26ms         1 [ 10.00ns,  10.00ns]  10.00ns   0.00ns  10.00ns
     'graph_var_lns':         2 [ 10.80ms,  74.73ms]  42.77ms  31.96ms  85.54ms         2 [458.15us,  53.99ms]  27.23ms  26.77ms  54.45ms
                'ls':         1 [  1.08ms,   1.08ms]   1.08ms   0.00ns   1.08ms         1 [675.09us, 675.09us] 675.09us   0.00ns 675.09us
             'no_lp':         1 [146.59ms, 146.59ms] 146.59ms   0.00ns 146.59ms         2 [ 99.88ms, 216.47ms] 158.18ms  58.29ms 316.35ms
         'rins/rens':         0 [  0.00ns,   0.00ns]   0.00ns   0.00ns   0.00ns         0 [  0.00ns,   0.00ns]   0.00ns   0.00ns   0.00ns
       'rnd_cst_lns':         2 [  4.01ms,   5.18ms]   4.59ms 589.00us   9.19ms         2 [  2.53us,   4.90us]   3.71us   1.18us   7.42us
       'rnd_var_lns':         2 [  4.74ms,   5.75ms]   5.24ms 502.25us  10.49ms         2 [  5.70us,   8.83us]   7.26us   1.56us  14.53us

Search stats     Bools  Conflicts  Branches  Restarts  BacktrackToRoot  Backtrack  BoolPropag  IntegerPropag
        'core':  1'071        226    13'804         4            3'827      5'551   1'138'203      1'122'473
  'default_lp':    978          0     4'657         0            2'762      4'112     588'607        605'575
       'no_lp':    978      1'000     8'005         1            3'516      5'864   1'000'242      1'049'791

SAT formula      Fixed  Equiv  Total  VarLeft  BinaryClauses  PermanentClauses  TemporaryClauses
        'core':    316      0  1'071      755         11'940               661                 8
  'default_lp':      0      0    978      978         11'484               474                 0
       'no_lp':      0      0    978      978         11'490             1'180               232

SAT stats        ClassicMinim  LitRemoved  LitRemovedBinary  LitLearned  LitForgotten  Subsumed
        'core':            80         369             1'089       3'003             0        29
  'default_lp':             0           0                 0           0             0         0
       'no_lp':           887       3'966            16'836      38'703             0        50

Vivification     Clauses  Decisions  LitTrue  Subsumed  LitRemoved  DecisionReused  Conflicts
        'core':      987      3'073        0         9          41               6          0
  'default_lp':      199        743        0         1           4               0          0
       'no_lp':      953      2'940        0         6          33               2          0

Clause deletion    at_true  l_and_not(l)  to_binary  sub_conflict  sub_extra  sub_decisions  sub_eager  sub_vivify  sub_probing  sub_inpro  blocked  eliminated  forgotten  promoted  conflicts
          'core':       26             0         43            23          2              2          6           9            0          0        0           0          0        94        226
    'default_lp':        0             0          0             0          0              0          0           1            0          0        0           0          0         0          0
         'no_lp':        0             0          0            24          4              0         26           6            0          0        0           0          0       496      1'000

Lp stats         Component  Iterations  AddedCuts  OPTIMAL  DUAL_F.  DUAL_U.
  'default_lp':          1         209         20        4        0        0

Lp dimension       Final dimension of first component
  'default_lp':  448 rows, 978 columns, 15448 entries

Lp debug         CutPropag  CutEqPropag  Adjust  Overflow  Bad  BadScaling
  'default_lp':          0            0       3         0    0           0

Lp pool          Constraints  Updates  Simplif  Merged  Shortened  Split  Strengthened  Cuts/Call
  'default_lp':        1'121        0        0       0          0      0             0      20/20

Lp Cut    default_lp
     IB:          20

LNS stats           Improv/Calls  Closed  Difficulty  TimeLimit
  'graph_arc_lns':           1/1    100%    7.07e-01       0.10
  'graph_cst_lns':           0/1    100%    7.07e-01       0.10
  'graph_dec_lns':           0/1    100%    7.07e-01       0.10
  'graph_var_lns':           2/2    100%    8.14e-01       0.10
      'rins/rens':           0/0      0%    5.00e-01       0.10
    'rnd_cst_lns':           0/2    100%    8.14e-01       0.10
    'rnd_var_lns':           1/2    100%    8.14e-01       0.10

LS stats                        Batches  Restarts/Perturbs  LinMoves  GenMoves  CompoundMoves  Bactracks  WeightUpdates  ScoreComputed
  'fj_restart_decay_compound':        1                  1         0         0              0          0              0              0
                 'ls_restart':        1                  1        32         0              0          0             29            297

Solutions (8)                   Num   Rank
                       'core':    6  [5,8]
  'fj_restart_decay_compound':    2  [0,1]
              'graph_arc_lns':    2  [3,4]
              'graph_var_lns':    2  [2,3]
                 'ls_restart':    2  [4,5]
                'rnd_var_lns':    2  [1,2]

Objective bounds     Num
    'am1_presolve':    1
       'bool_core':   12
      'default_lp':    2
  'initial_domain':    1

Solution repositories    Added  Queried  Synchro
    'alternative_path':      1        0        1
      'best_solutions':     22       11       18
   'fj solution hints':      0        0        0
        'lp solutions':      0        0        0
                'pump':      0        0

Improving bounds shared    Num  Sym
                  'core':  288    0

Clauses shared    #Exported  #Imported  #BinaryRead  #BinaryTotal
         'core':         41          0           58            58
   'default_lp':          0          0           14            58
        'no_lp':         17          0           17            58

LRAT_status: NA
CpSolverResponse summary:
status: OPTIMAL
objective: 29
best_bound: 29
integers: 994
booleans: 1071
conflicts: 226
branches: 13804
propagations: 1138203
integer_propagations: 1122473
restarts: 4
lp_iterations: 0
walltime: 0.561118
usertime: 0.561118
deterministic_time: 1.76616
gap_integral: 1.63215
solution_fingerprint: 0x5d84d6cac9fd593c

{'wall': True, 'threshold': None, 'status': 'OPTIMAL', 'solver_version': '9.15.6755', 'seconds': 0.6551536040060455, 'model_sha256': '099d9803d24d06aef6fa565f19356a97f953f24654297982c151b80c60b23788', 'source_sha256': '3df117d4985569f3b1204ff5cc5a5884838ec318d09f7a2aea1020e21fc8d522', 'counts': {'s': 10, 'm': 2, 'l': 1}, 'score': 29}
