model 1240 2949

Starting CP-SAT solver v9.15.6755
Parameters: random_seed: 7802 max_time_in_seconds: 30 log_search_progress: true linearization_level: 2 num_search_workers: 1

Initial satisfaction model '': (model_fingerprint: 0xff6eccdd65eba6aa)
#Variables: 1'240 (0 primary variables)
  - 1'240 Booleans in [0,1]
#kLinear1: 1'248
#kLinear2: 12
#kLinear3: 8
#kLinearN: 2'922 (#terms: 336'868)

Starting presolve at 0.01s
Large number of fixed variables 1'240 / 1'240, doing a first remapping phase to go down to 0 variables.
TODO: 1240 fixed variables still required in the model!
  7.74e-05s  0.00e+00d  [DetectDominanceRelations] 
  7.68e-03s  0.00e+00d  [PresolveToFixPoint] #num_loops=1 #num_dual_strengthening=1 
  4.89e-06s  0.00e+00d  [ExtractEncodingFromLinear] 
  3.53e-06s  0.00e+00d  [DetectDuplicateColumns] 
  3.52e-06s  0.00e+00d  [DetectDuplicateConstraints] 
[Symmetry] Graph for symmetry has 1'240 nodes and 0 arcs.
[Symmetry] Symmetry computation done. time: 2.5973e-05 dtime: 7.44e-05
  4.04e-06s  0.00e+00d  [DetectDuplicateConstraintsWithDifferentEnforcements] 
  2.14e-04s  0.00e+00d  [Probe] 
  3.04e-06s  0.00e+00d  [MaxClique] 
  5.31e-06s  0.00e+00d  [PresolveToFixPoint] 
  3.21e-06s  0.00e+00d  [ProcessAtMostOneAndLinear] 
  2.41e-06s  0.00e+00d  [DetectDuplicateConstraints] 
  1.89e-06s  0.00e+00d  [DetectDuplicateConstraintsWithDifferentEnforcements] 
  2.67e-06s  0.00e+00d  [DetectDominatedLinearConstraints] 
  2.87e-06s  0.00e+00d  [DetectDifferentVariables] 
  3.71e-06s  0.00e+00d  [ProcessSetPPC] 
  4.62e-05s  0.00e+00d  [TransformClausesToExactlyOne] 
  2.09e-06s  0.00e+00d  [DetectEncodedComplexDomains] 
  3.07e-06s  0.00e+00d  [FindAlmostIdenticalLinearConstraints] 
  1.30e-06s  0.00e+00d  [FindBigAtMostOneAndLinearOverlap] 
  1.93e-06s  0.00e+00d  [FindBigVerticalLinearOverlap] 
  2.91e-06s  0.00e+00d  [FindBigHorizontalLinearOverlap] 
  2.88e-06s  0.00e+00d  [MergeClauses] 
  4.65e-06s  0.00e+00d  [PresolveToFixPoint] 
  4.45e-06s  0.00e+00d  [PresolveToFixPoint] 
  2.37e-06s  0.00e+00d  [DetectDuplicateColumns] 
  1.86e-06s  0.00e+00d  [DetectDuplicateConstraints] 
[Symmetry] Graph for symmetry has 1'240 nodes and 0 arcs.
[Symmetry] Symmetry computation done. time: 2.0624e-05 dtime: 7.44e-05
  2.11e-06s  0.00e+00d  [DetectDuplicateConstraintsWithDifferentEnforcements] 
  1.57e-04s  0.00e+00d  [Probe] 
  1.94e-06s  0.00e+00d  [MaxClique] 
  4.69e-06s  0.00e+00d  [PresolveToFixPoint] 
  2.86e-06s  0.00e+00d  [ProcessAtMostOneAndLinear] 
  2.18e-06s  0.00e+00d  [DetectDuplicateConstraints] 
  1.80e-06s  0.00e+00d  [DetectDuplicateConstraintsWithDifferentEnforcements] 
  2.32e-06s  0.00e+00d  [DetectDominatedLinearConstraints] 
  2.43e-06s  0.00e+00d  [DetectDifferentVariables] 
  3.22e-06s  0.00e+00d  [ProcessSetPPC] 
  4.36e-05s  0.00e+00d  [TransformClausesToExactlyOne] 
  1.90e-06s  0.00e+00d  [DetectEncodedComplexDomains] 
  2.47e-06s  0.00e+00d  [FindAlmostIdenticalLinearConstraints] 
  9.35e-07s  0.00e+00d  [FindBigAtMostOneAndLinearOverlap] 
  1.87e-06s  0.00e+00d  [FindBigVerticalLinearOverlap] 
  2.51e-06s  0.00e+00d  [FindBigHorizontalLinearOverlap] 
  2.61e-06s  0.00e+00d  [MergeClauses] 
  4.47e-06s  0.00e+00d  [PresolveToFixPoint] 
  2.09e-06s  0.00e+00d  [MergeNoOverlap] 
  2.42e-06s  0.00e+00d  [MergeNoOverlap2D] 

Presolve summary:
  - 0 affine relations were detected.
  - rule 'linear1: x in domain' was applied 1'240 times.
  - rule 'linear: always true' was applied 8 times.
  - rule 'linear: empty' was applied 2'942 times.
  - rule 'linear: fixed or dup variables' was applied 2'942 times.
  - rule 'presolve: 1240 unused variables removed.' was applied 1 time.
  - rule 'presolve: iteration' was applied 2 times.

Presolved satisfaction model '': (model_fingerprint: 0xa5b85c5e198ed849)
#Variables: 0 (0 primary variables)

[Symmetry] Graph for symmetry has 0 nodes and 0 arcs.

Preloading model.
The solution hint is complete and is feasible.

Starting search at 0.03s with 1 workers.
1 full problem subsolver: [main]

[Precedences] num_relations=0 num_clauses=0
[Probing] deterministic_time: 0 (limit: 1) wall_time: 1.74e-07 (0/0)
Initial num_bool: 0

Starting subsolver 'main' hint search at 0.03s
Starting subsolver 'main' search at 0.03s
#1       0.03s main

Task timing           n [     min,      max]      avg      dev     time         n [     min,      max]      avg      dev    dtime
      'main':         1 [ 67.21us,  67.21us]  67.21us   0.00ns  67.21us         0 [  0.00ns,   0.00ns]   0.00ns   0.00ns   0.00ns

Search stats    Bools  Conflicts  Branches  Restarts  BacktrackToRoot  Backtrack  BoolPropag  IntegerPropag
       'main':      0          0         0         0                0          0           0              0

SAT formula    Fixed  Equiv  Total  VarLeft  BinaryClauses  PermanentClauses  TemporaryClauses
      'main':      0      0      0        0              0                 0                 0

SAT stats    ClassicMinim  LitRemoved  LitRemovedBinary  LitLearned  LitForgotten  Subsumed
    'main':             0           0                 0           0             0         0

Vivification    Clauses  Decisions  LitTrue  Subsumed  LitRemoved  DecisionReused  Conflicts
       'main':        0          0        0         0           0               0          0

Clause deletion    at_true  l_and_not(l)  to_binary  sub_conflict  sub_extra  sub_decisions  sub_eager  sub_vivify  sub_probing  sub_inpro  blocked  eliminated  forgotten  promoted  conflicts
          'main':        0             0          0             0          0              0          0           0            0          0        0           0          0         0          0

Solutions (1)    Num   Rank
        'main':    1  [0,0]

Solution repositories    Added  Queried  Synchro
    'alternative_path':      0        0        0
      'best_solutions':      1        0        1
   'fj solution hints':      0        0        0

LRAT_status: NA
CpSolverResponse summary:
status: OPTIMAL
objective: NA
best_bound: NA
integers: 0
booleans: 0
conflicts: 0
branches: 0
propagations: 0
integer_propagations: 0
restarts: 0
lp_iterations: 0
walltime: 0.0320247
usertime: 0.0320247
deterministic_time: 0
gap_integral: 0
solution_fingerprint: 0xf9c895f354767b11

{'wall': False, 'threshold': 54, 'status': 'OPTIMAL', 'solver_version': '9.15.6755', 'seconds': 0.27320092600712087, 'model_sha256': '23b863c3514f3a777781be93934a0bfb540c797f54631775447dc5be8b402989', 'source_sha256': '3df117d4985569f3b1204ff5cc5a5884838ec318d09f7a2aea1020e21fc8d522', 'counts': {'s': 12, 'l': 10}, 'score': 54}
