built 1240 variables 1708
/home/zhuran24/zmd-research-fresh/求解器/候选约束轮次/第78-80轮/推导78A/single_pole_b.py:93: RuntimeWarning: Unrecognized options detected: {'threads'}. These will be passed to HiGHS verbatim.
  result=milp(np.zeros(n) if args.threshold is not None else -coeff,integrality=np.ones(n),bounds=Bounds(np.zeros(n),np.ones(n)),constraints=LinearConstraint(mat,-np.inf,np.array(rhs)),options={'disp':True,'time_limit':args.seconds,'threads':args.workers,'mip_rel_gap':0.0})
Running HiGHS 1.12.0 (git hash: 4f96ee8f4): Copyright (c) 2025 HiGHS under MIT licence terms
MIP has 2950 rows; 1240 cols; 336924 nonzeros; 1240 integer variables (1240 binary)
Coefficient ranges:
  Matrix  [1e+00, 6e+00]
  Cost    [0e+00, 0e+00]
  Bound   [1e+00, 1e+00]
  RHS     [1e+00, 6e+01]
Presolving model
2942 rows, 1240 cols, 336916 nonzeros  0s
2611 rows, 1240 cols, 324936 nonzeros  5s
Presolve reductions: rows 2611(-339); columns 1240(-0); nonzeros 324936(-11988) 
Objective function is integral with scale 1

Solving MIP model with:
   2611 rows
   1240 cols (1240 binary, 0 integer, 0 implied int., 0 continuous, 0 domain fixed)
   324936 nonzeros

Src: B => Branching; C => Central rounding; F => Feasibility pump; H => Heuristic;
     I => Shifting; J => Feasibility jump; L => Sub-MIP; P => Empty MIP; R => Randomized rounding;
     S => Solve LP; T => Evaluate node; U => Unbounded; X => User solution; Y => HiGHS solution;
     Z => ZI Round; l => Trivial lower; p => Trivial point; u => Trivial upper; z => Trivial zero

        Nodes      |    B&B Tree     |            Objective Bounds              |  Dynamic Constraints |       Work      
Src  Proc. InQueue |  Leaves   Expl. | BestBound       BestSol              Gap |   Cuts   InLp Confl. | LpIters     Time

         0       0         0   0.00%   0               inf                  inf        0      0      0         0     6.0s
         0       0         0   0.00%   0               inf                  inf        0      0      0       707     6.1s

67.3% inactive integer columns, restarting
Model after restart has 2127 rows, 405 cols (405 bin., 0 int., 0 impl., 0 cont., 0 dom.fix.), and 71314 nonzeros

         0       0         0   0.00%   0               inf                  inf       17      0      0      9519     9.7s
         0       0         0   0.00%   0               inf                  inf       17     10      0      9714     9.7s

5.9% inactive integer columns, restarting
Model after restart has 2103 rows, 381 cols (381 bin., 0 int., 0 impl., 0 cont., 0 dom.fix.), and 66972 nonzeros

         0       0         0   0.00%   0               inf                  inf       34      0      0     17220    12.2s
         0       0         0   0.00%   0               inf                  inf       34     25      0     17418    12.2s
       143       0        72 100.00%   inf             inf                  inf     2591     50    216     42627    16.4s

Solving report
  Status            Infeasible
  Primal bound      inf
  Dual bound        inf
  Gap               inf
  P-D integral      0
  Solution status   -
  Timing            16.41
  Max sub-MIP depth 3
  Nodes             143
  Repair LPs        0
  LP iterations     42627
                    0 (strong br.)
                    2357 (separation)
                    24872 (heuristics)
{'args': {'wall': False, 'threshold': 55, 'seconds': 180, 'workers': 4, 'name': 'local_b_highs_ge55', 'fixed': None, 'engine': 'highs'}, 'objects': 1240, 'source_sha256': '998b2e8dd7062337b158bfce86c968556eddfdd3f07647f2edef53f5acb18418', 'model_sha256': '4dbe34df57aa98b823d9e45647bd0e377cb6c1eb7d99c97c9f913eb5c3a8d31f', 'uses_boundary_13': False, 'status': 'INFEASIBLE', 'message': 'The problem is infeasible. (HiGHS Status 8: model_status is Infeasible; primal_status is None)', 'seconds': 16.63907784600451}
