built 1240 2949 seconds 0.32224540499737486

Starting CP-SAT solver v9.15.6755
Parameters: random_seed: 7802 max_time_in_seconds: 120 log_search_progress: true linearization_level: 2 num_search_workers: 4

Initial satisfaction model '': (model_fingerprint: 0xf19e809ecb0451b6)
#Variables: 1'240 (1'240 primary variables)
  - 1'240 Booleans in [0,1]
#kLinear1: 8
#kLinear2: 12
#kLinear3: 8
#kLinearN: 2'922 (#terms: 336'868)

Starting presolve at 0.01s
  2.07e-02s  0.00e+00d  [DetectDominanceRelations] 
  8.38e-02s  0.00e+00d  [PresolveToFixPoint] #num_loops=2 #num_dual_strengthening=1 
  5.55e-05s  0.00e+00d  [ExtractEncodingFromLinear] #potential_supersets=456 
  4.66e-03s  0.00e+00d  [DetectDuplicateColumns] 
  2.02e-04s  0.00e+00d  [DetectDuplicateConstraints] 
[Symmetry] Graph for symmetry has 8'898 nodes and 341'644 arcs.
[Symmetry] Symmetry computation done. time: 0.0184535 dtime: 0.0826329
[Symmetry] #generators: 2, average support size: 1240
[Symmetry] 160 orbits on 1240 variables with sizes: 8,8,8,8,8,8,8,8,8,8,...
[Symmetry] Num fixable by binary propagation in orbit: 4 / 8
[Symmetry] Num fixable by intersecting at_most_one with orbits: 58 largest_orbit: 8
[SAT presolve] num removable Booleans: 0 / 1'240
[SAT presolve] num trivial clauses: 0
[SAT presolve] [0s] clauses:16 literals:32 vars:27 one_side_vars:27 simple_definition:0 singleton_clauses:0
[SAT presolve] [9.476e-06s] clauses:16 literals:32 vars:27 one_side_vars:27 simple_definition:0 singleton_clauses:0
[SAT presolve] [2.2683e-05s] clauses:16 literals:32 vars:27 one_side_vars:27 simple_definition:0 singleton_clauses:0
  2.68e-03s  0.00e+00d  [DetectDuplicateConstraintsWithDifferentEnforcements] #without_enforcements=1'844 
  7.60e-02s  4.68e-01d  [Probe] #probed=2'364 #new_binary_clauses=7'325 
  1.83e-02s  2.23e-01d  [MaxClique] Merged 1'092 constraints with 56'380 literals into 135 constraints with 12'537 literals
  2.35e-02s  0.00e+00d  [DetectDominanceRelations] 
  5.42e-02s  0.00e+00d  [PresolveToFixPoint] #num_loops=1 #num_dual_strengthening=1 
  6.39e-02s  0.00e+00d  [ProcessAtMostOneAndLinear] #num_changes=608 
  2.57e-04s  0.00e+00d  [DetectDuplicateConstraints] #duplicates=6 
  2.02e-04s  0.00e+00d  [DetectDuplicateConstraintsWithDifferentEnforcements] #without_enforcements=12 
  4.68e-02s  1.90e-02d  [DetectDominatedLinearConstraints] #relevant_constraints=2'240 #num_inclusions=8'913 #num_redundant=638 
  3.12e-04s  0.00e+00d  [DetectDifferentVariables] 
  2.16e-03s  3.31e-03d  [ProcessSetPPC] #relevant_constraints=1'738 #num_inclusions=4'547 
  4.73e-04s  3.10e-08d  [TransformClausesToExactlyOne] #num_amos=1'305 #num_clauses=1 #num_checked=1 
  2.16e-05s  0.00e+00d  [DetectEncodedComplexDomains] 
  1.62e-05s  0.00e+00d  [FindAlmostIdenticalLinearConstraints] 
  1.67e-01s  3.35e-01d  [FindBigAtMostOneAndLinearOverlap] #blocks=455 #saved_nz=73'833 
  8.55e-02s  1.09e-01d  [FindBigVerticalLinearOverlap] #blocks=818 #saved_nz=48'527 
  5.07e-03s  2.81e-02d  [FindBigHorizontalLinearOverlap] #linears=1'649 
  9.82e-05s  1.50e-08d  [MergeClauses] 
  5.23e-03s  0.00e+00d  [DetectDominanceRelations] 
  4.71e-03s  0.00e+00d  [DetectDominanceRelations] 
  3.05e-02s  0.00e+00d  [PresolveToFixPoint] #num_loops=6 #num_dual_strengthening=2 
  4.71e-03s  0.00e+00d  [DetectDominanceRelations] 
  1.37e-02s  0.00e+00d  [PresolveToFixPoint] #num_loops=1 #num_dual_strengthening=1 
  8.66e-04s  0.00e+00d  [DetectDuplicateColumns] 
  1.13e-04s  0.00e+00d  [DetectDuplicateConstraints] 
[Symmetry] Graph for symmetry has 14'032 nodes and 111'947 arcs.
[Symmetry] Symmetry computation done. time: 0.00229019 dtime: 0.00732097
[SAT presolve] num removable Booleans: 0 / 2'386
[SAT presolve] num trivial clauses: 0
[SAT presolve] [0s] clauses:1'189 literals:6'217 vars:1'107 one_side_vars:466 simple_definition:329 singleton_clauses:0
[SAT presolve] [8.9633e-05s] clauses:1'189 literals:6'195 vars:1'107 one_side_vars:467 simple_definition:330 singleton_clauses:0
[SAT presolve] [0.000181084s] clauses:1'189 literals:6'195 vars:1'107 one_side_vars:467 simple_definition:330 singleton_clauses:0
  4.00e-04s  0.00e+00d  [DetectDuplicateConstraintsWithDifferentEnforcements] #without_enforcements=12 
  1.45e-01s  2.95e-01d  [Probe] #probed=4'774 #new_binary_clauses=274'249 
  6.60e-02s  5.79e-01d  [MaxClique] Merged 1'413 constraints with 16'041 literals into 377 constraints with 14'650 literals
  4.61e-03s  0.00e+00d  [DetectDominanceRelations] 
  1.38e-02s  0.00e+00d  [PresolveToFixPoint] #num_loops=1 #num_dual_strengthening=1 
  1.38e-02s  0.00e+00d  [ProcessAtMostOneAndLinear] #num_changes=9 
  1.79e-04s  0.00e+00d  [DetectDuplicateConstraints] 
  1.13e-04s  0.00e+00d  [DetectDuplicateConstraintsWithDifferentEnforcements] #without_enforcements=13 
  7.96e-04s  2.90e-04d  [DetectDominatedLinearConstraints] #relevant_constraints=1'501 #num_inclusions=71 #num_redundant=2 
  1.53e-04s  0.00e+00d  [DetectDifferentVariables] 
  1.31e-03s  2.89e-04d  [ProcessSetPPC] #relevant_constraints=3'078 #num_inclusions=18 
  5.33e-04s  0.00e+00d  [TransformClausesToExactlyOne] #num_amos=422 
  3.50e-05s  0.00e+00d  [DetectEncodedComplexDomains] 
  3.21e-05s  0.00e+00d  [FindAlmostIdenticalLinearConstraints] 
  2.18e-02s  6.49e-02d  [FindBigAtMostOneAndLinearOverlap] #blocks=1 #saved_nz=111 
  2.76e-02s  4.16e-02d  [FindBigVerticalLinearOverlap] #blocks=226 #saved_nz=10'000 
  1.38e-03s  7.19e-03d  [FindBigHorizontalLinearOverlap] #linears=1'576 
  6.19e-05s  0.00e+00d  [MergeClauses] 
  4.07e-03s  0.00e+00d  [DetectDominanceRelations] 
  1.94e-02s  0.00e+00d  [PresolveToFixPoint] #num_loops=3 #num_dual_strengthening=1 
  4.04e-03s  0.00e+00d  [DetectDominanceRelations] 
  1.21e-02s  0.00e+00d  [PresolveToFixPoint] #num_loops=1 #num_dual_strengthening=1 
  7.83e-04s  0.00e+00d  [DetectDuplicateColumns] 
  1.19e-04s  0.00e+00d  [DetectDuplicateConstraints] 
[Symmetry] Graph for symmetry has 13'926 nodes and 95'581 arcs.
[Symmetry] Symmetry computation done. time: 0.00211488 dtime: 0.00658068
[SAT presolve] num removable Booleans: 0 / 2'565
[SAT presolve] num trivial clauses: 0
[SAT presolve] [0s] clauses:52 literals:188 vars:86 one_side_vars:77 simple_definition:8 singleton_clauses:0
[SAT presolve] [1.5655e-05s] clauses:51 literals:162 vars:86 one_side_vars:80 simple_definition:5 singleton_clauses:0
[SAT presolve] [4.4532e-05s] clauses:51 literals:162 vars:86 one_side_vars:80 simple_definition:5 singleton_clauses:0
  4.10e-04s  0.00e+00d  [DetectDuplicateConstraintsWithDifferentEnforcements] #without_enforcements=13 
  1.69e-01s  2.94e-01d  [Probe] #probed=5'132 #new_bounds=6 #new_binary_clauses=337'179 
  7.68e-02s  6.94e-01d  [MaxClique] Merged 423 constraints with 14'744 literals into 390 constraints with 14'678 literals
  4.53e-03s  0.00e+00d  [DetectDominanceRelations] 
  4.03e-03s  0.00e+00d  [DetectDominanceRelations] 
  1.81e-02s  0.00e+00d  [PresolveToFixPoint] #num_loops=3 #num_dual_strengthening=2 
  1.18e-02s  0.00e+00d  [ProcessAtMostOneAndLinear] 
  1.23e-04s  0.00e+00d  [DetectDuplicateConstraints] 
  1.10e-04s  0.00e+00d  [DetectDuplicateConstraintsWithDifferentEnforcements] #without_enforcements=13 
  7.21e-04s  2.43e-04d  [DetectDominatedLinearConstraints] #relevant_constraints=1'545 #num_inclusions=67 
  1.46e-04s  0.00e+00d  [DetectDifferentVariables] 
  1.25e-03s  2.57e-04d  [ProcessSetPPC] #relevant_constraints=3'313 #num_inclusions=46 
  5.08e-04s  0.00e+00d  [TransformClausesToExactlyOne] #num_amos=391 
  4.10e-05s  0.00e+00d  [DetectEncodedComplexDomains] 
  4.62e-05s  6.50e-08d  [FindAlmostIdenticalLinearConstraints] #num_tested_pairs=1 
  1.57e-02s  4.55e-02d  [FindBigAtMostOneAndLinearOverlap] 
  1.98e-02s  3.12e-02d  [FindBigVerticalLinearOverlap] #blocks=85 #saved_nz=3'513 
  1.05e-03s  5.48e-03d  [FindBigHorizontalLinearOverlap] #linears=1'589 
  5.71e-05s  0.00e+00d  [MergeClauses] 
  3.87e-03s  0.00e+00d  [DetectDominanceRelations] 
  1.59e-02s  0.00e+00d  [PresolveToFixPoint] #num_loops=3 #num_dual_strengthening=1 
  7.53e-06s  0.00e+00d  [MergeNoOverlap] 
  7.59e-06s  0.00e+00d  [MergeNoOverlap2D] 

Presolve summary:
  - 1 affine relations were detected.
  - rule 'TODO dual: only one blocking constraint?' was applied 7'435 times.
  - rule 'TODO linear matrix: reuse defining constraint' was applied 3 times.
  - rule 'affine: new relation' was applied 1 time.
  - rule 'at_most_one: removed literals' was applied 60 times.
  - rule 'at_most_one: size one' was applied 5 times.
  - rule 'at_most_one: transformed into max clique' was applied 3 times.
  - rule 'bool_or: fixed literals' was applied 3 times.
  - rule 'bool_or: implications' was applied 60 times.
  - rule 'bool_or: removed enforcement literal' was applied 4 times.
  - rule 'deductions: 3 stored' was applied 1 time.
  - rule 'domination: fixed to lb.' was applied 3 times.
  - rule 'domination: in at most one' was applied 1 time.
  - rule 'duplicate: removed constraint' was applied 6 times.
  - rule 'duplicate: removed enforced constraint' was applied 1'847 times.
  - rule 'enforcement: true literal' was applied 48 times.
  - rule 'exactly_one: removed literals' was applied 5 times.
  - rule 'exactly_one: size two' was applied 1 time.
  - rule 'linear + amo: added implications' was applied 132 times.
  - rule 'linear + amo: detect hidden AMO' was applied 323 times.
  - rule 'linear + amo: empty after processing' was applied 152 times.
  - rule 'linear + amo: extracted enforcement literal' was applied 38'334 times.
  - rule 'linear + amo: fixed literal implied by enforcement' was applied 352 times.
  - rule 'linear + amo: infeasible enforcement' was applied 1 time.
  - rule 'linear + amo: removed enforcement literal' was applied 24'560 times.
  - rule 'linear + amo: simplified enforcement list' was applied 189 times.
  - rule 'linear + amo: trivial linear constraint' was applied 19 times.
  - rule 'linear inclusion: redundant included constraint' was applied 640 times.
  - rule 'linear matrix: common amo rectangle' was applied 456 times.
  - rule 'linear matrix: common vertical rectangle' was applied 1'129 times.
  - rule 'linear1: always true' was applied 4 times.
  - rule 'linear2: already known enforced relation' was applied 1 time.
  - rule 'linear2: convert ax + by != cte to clauses' was applied 12 times.
  - rule 'linear: always true' was applied 11 times.
  - rule 'linear: coefficient strengthening by increasing it' was applied 34 times.
  - rule 'linear: divide by GCD' was applied 52 times.
  - rule 'linear: empty' was applied 153 times.
  - rule 'linear: extracted at most one (max)' was applied 2'464 times.
  - rule 'linear: fixed or dup variables' was applied 686 times.
  - rule 'linear: negative clause' was applied 1 time.
  - rule 'linear: positive at most one' was applied 594 times.
  - rule 'linear: positive equal one' was applied 975 times.
  - rule 'linear: reduced variable domains' was applied 575 times.
  - rule 'linear: remapped using affine relations' was applied 28 times.
  - rule 'linear: small Boolean expression' was applied 1 time.
  - rule 'linear: variable substitution 2' was applied 27 times.
  - rule 'linear: variable substitution 3' was applied 3 times.
  - rule 'new_bool: with clause' was applied 456 times.
  - rule 'presolve: 62 unused variables removed.' was applied 1 time.
  - rule 'presolve: iteration' was applied 3 times.
  - rule 'probing: bool_or reduced to implication' was applied 48 times.
  - rule 'probing: simplified enforcement list' was applied 18 times.
  - rule 'symmetry: added orbit symmetry breaking implications' was applied 1 time.
  - rule 'symmetry: fixed to false in general orbit' was applied 58 times.

Presolved satisfaction model '': (model_fingerprint: 0xbb9df4169514a650)
#Variables: 2'732 (1'265 primary variables)
  - 2'608 Booleans in [0,1]
  - 1 in [0][2][4,5]
  - 5 in [0][2,3]
  - 3 in [0][2,5]
  - 2 in [0][3,4]
  - 12 in [0][3,5]
  - 14 in [0][4,5]
  - 1 in [0][4,5][8,10][12,13]
  - 1 in [0][4,5][8,10][12,18]
  - 3 in [0][4,6]
  - 1 in [0][4,6][8,18]
  - 2 in [0][5,6][10,11][15]
  - 1 in [0][5,6][10,11][15,16]
  - 2 in [0,1][3,5]
  - 1 in [0,1][5,6]
  - 6 in [0,2]
  - 22 in [0,3]
  - 1 in [0,4]
  - 38 in [0,5]
  - 7 in [0,6]
  - 1 in [0,17]
#kAtMostOne: 374 (#literals: 14'623)
#kBoolAnd: 17 (#enforced: 17) (#literals: 34)
#kExactlyOne: 1'430 (#literals: 5'087)
#kLinear3: 2
#kLinearN: 1'582 (#enforced: 249 #multi: 246) (#terms: 61'253)
[Symmetry] Graph for symmetry has 14'042 nodes and 91'777 arcs.
[Symmetry] Symmetry computation done. time: 0.0021006 dtime: 0.00643855

Preloading model.
#Model   1.39s var:2732/2732 constraints:3405/3405

Starting search at 1.39s with 4 workers.
3 full problem subsolvers: [default_lp, max_lp, no_lp]
1 first solution subsolver: [fj]
2 interleaved subsolvers: [feasibility_pump, rins/rens]
2 helper subsolvers: [neighborhood_helper, synchronization_agent]

#Model  14.78s var:2731/2732 constraints:3405/3405
#Model  17.42s var:2720/2732 constraints:3398/3405
#Model  27.72s var:2365/2732 constraints:3186/3405
#Model  27.77s var:1527/2732 constraints:2763/3405
#Model  27.83s var:1291/2732 constraints:2564/3405
#Done   27.91s default_lp

Task timing                   n [     min,      max]      avg      dev     time         n [     min,      max]      avg      dev    dtime
        'default_lp':         1 [  26.52s,   26.52s]   26.52s   0.00ns   26.52s         2 [348.01ms,    1.11m]   33.43s   33.08s    1.11m
  'feasibility_pump':       493 [  1.72ms, 279.69ms]   2.61ms  12.80ms    1.29s       492 [  1.39ms, 900.10ms]   3.24ms  40.47ms    1.60s
                'fj':       493 [ 25.78ms,  55.58ms]  49.57ms   3.14ms   24.44s       493 [ 46.30ms, 100.48ms]  99.97ms   2.42ms   49.28s
            'max_lp':         1 [  26.52s,   26.52s]   26.52s   0.00ns   26.52s         2 [954.30ms,    1.20m]   36.52s   35.57s    1.22m
             'no_lp':         1 [  26.52s,   26.52s]   26.52s   0.00ns   26.52s         2 [347.68ms,   31.71s]   16.03s   15.68s   32.06s
         'rins/rens':       493 [164.05us,  82.65ms]   1.52ms   9.22ms 749.07ms        10 [ 44.03ms, 100.07ms]  89.80ms  17.78ms 897.96ms

Search stats     Bools  Conflicts  Branches  Restarts  BacktrackToRoot  Backtrack  BoolPropag  IntegerPropag
  'default_lp':  2'608        639    90'865         5           33'885     60'418  14'504'256     15'562'529
      'max_lp':  2'608      3'369   143'307        11           47'467     89'154  23'076'640     25'065'620
       'no_lp':  2'608    342'897   519'269       146           22'329    380'257  38'567'517     45'974'033

SAT formula      Fixed  Equiv  Total  VarLeft  BinaryClauses  PermanentClauses  TemporaryClauses
  'default_lp':  1'816    226  2'608      566          7'258               436                 0
      'max_lp':     12      6  2'608    2'590         44'284             1'431             2'937
       'no_lp':      0      0  2'608    2'608         44'762             1'447             4'342

SAT stats        ClassicMinim  LitRemoved  LitRemovedBinary  LitLearned  LitForgotten  Subsumed
  'default_lp':           545       8'482            13'526      39'588             0       130
      'max_lp':         3'185      82'920           108'904     449'202             0       380
       'no_lp':       308'001   3'902'670        28'468'998  94'485'573    32'051'783   217'545

Vivification     Clauses  Decisions  LitTrue  Subsumed  LitRemoved  DecisionReused  Conflicts
  'default_lp':   19'153     48'788        3        58         253             165          1
      'max_lp':   28'519     72'474        0        43         277             248          0
       'no_lp':   11'470     29'219        0        27         120              96          0

Clause deletion    at_true  l_and_not(l)  to_binary  sub_conflict  sub_extra  sub_decisions  sub_eager  sub_vivify  sub_probing  sub_inpro  blocked  eliminated  forgotten  promoted  conflicts
    'default_lp':      692           491        295           110          1              1         20          58            5          0        0           0          0     1'288        639
        'max_lp':       25             0          6           361          4              0         19          43           11          0        0           0          0     6'997      3'369
         'no_lp':        0             0          0       208'688         39            304      8'857          27            0          0        0           0    120'626   677'286    342'897

Lp stats         Component  Iterations  AddedCuts  OPTIMAL  DUAL_F.  DUAL_U.
  'default_lp':          1     225'517      2'959      704       31      601
      'max_lp':          1      75'749        716       24    5'569    2'888

Lp dimension          Final dimension of first component
  'default_lp':   2177 rows, 2673 columns, 49657 entries
      'max_lp':  3685 rows, 2732 columns, 152237 entries

Lp debug         CutPropag  CutEqPropag  Adjust  Overflow     Bad  BadScaling
  'default_lp':          2            1     601         0  44'166           0
      'max_lp':          3          259   2'888         0  81'995           0

Lp pool          Constraints  Updates  Simplif  Merged  Shortened  Split  Strengthened    Cuts/Call
  'default_lp':        6'097      249    2'496       0      2'466     46            37  2'959/4'290
      'max_lp':        4'127      715      813       0        813     96             0    716/1'212

Lp Cut            default_lp  max_lp
          CG_FF:           1       -
           CG_K:           1       -
           CG_R:           1       -
         Clique:           -      76
             IB:       2'015       2
       MIR_1_FF:          30       9
        MIR_1_K:          25       5
       MIR_1_KL:          32      15
        MIR_1_R:          19       1
       MIR_1_RB:          11       1
      MIR_1_RBP:           1       1
      MIR_1_RLT:           -       1
       MIR_2_FF:          32       2
        MIR_2_K:          20       -
       MIR_2_KL:          15       1
        MIR_2_R:          16       2
       MIR_2_RB:          10       2
      MIR_2_RBP:           7       -
       MIR_3_FF:          11       -
        MIR_3_K:           8       1
       MIR_3_KL:           4       -
        MIR_3_R:          23       1
       MIR_3_RB:          10       3
      MIR_3_RBP:           4       -
       MIR_4_FF:           9       1
        MIR_4_K:           6       -
       MIR_4_KL:           2       1
        MIR_4_R:          15       1
       MIR_4_RB:           7       2
      MIR_4_RBP:           1       -
       MIR_5_FF:           2       -
        MIR_5_K:           1       -
       MIR_5_KL:           1       -
        MIR_5_R:          10       -
       MIR_5_RB:           8       -
      MIR_5_RBP:           2       -
        MIR_6_R:           3       -
       MIR_6_RB:           6       -
      MIR_6_RBP:           1       -
   ZERO_HALF_FF:          11       8
    ZERO_HALF_K:           -       1
   ZERO_HALF_KL:           1       6
    ZERO_HALF_R:         575     571
  ZERO_HALF_RBP:           2       2

LNS stats       Improv/Calls  Closed  Difficulty  TimeLimit
  'rins/rens':         10/10     30%    1.01e-01       0.10

LS stats                                    Batches  Restarts/Perturbs  LinMoves  GenMoves  CompoundMoves  Bactracks  WeightUpdates  ScoreComputed
                             'fj_restart':       35                 14   260'449         0              0          0         91'482        791'161
                    'fj_restart_compound':       19                  8         0    50'691          3'011     23'811             40      1'912'176
                'fj_restart_compound_obj':       26                  6         0    72'516          3'936     34'281             69      2'618'996
            'fj_restart_compound_perturb':       45                 11         0   126'914          8'346     59'251            115      4'430'599
        'fj_restart_compound_perturb_obj':       20                 13         0    52'624          4'705     23'889             37      2'052'351
                       'fj_restart_decay':        9                  5    62'389         0              0          0          2'265        125'034
              'fj_restart_decay_compound':       86                 17         0   247'198         22'780    112'142            155      8'585'058
          'fj_restart_decay_compound_obj':       29                 13         0    79'941          5'855     36'993             49      2'906'592
      'fj_restart_decay_compound_perturb':       34                  8         0    96'600          9'756     43'397             58      3'318'781
  'fj_restart_decay_compound_perturb_obj':       19                 10         0    51'926          5'312     23'259             32      1'917'786
                   'fj_restart_decay_obj':       38                 11   262'670         0              0          0          9'251        527'221
               'fj_restart_decay_perturb':       47                 16   322'531         0              0          0         11'383        646'200
           'fj_restart_decay_perturb_obj':       23                 11   157'912         0              0          0          5'735        311'900
                         'fj_restart_obj':       25                 10   192'468         0              0          0         59'550        665'935
                     'fj_restart_perturb':       19                 10   145'732         0              0          0         45'470        426'916
                 'fj_restart_perturb_obj':       19                 11   147'969         0              0          0         38'639        389'208

Solution repositories    Added  Queried  Synchro
    'alternative_path':      0        0        0
      'best_solutions':      0        0        0
   'fj solution hints':    166        0      166
        'lp solutions':    135      493      134
                'pump':      0        0

Improving bounds shared      Num  Sym
            'default_lp':  1'484    0
                'max_lp':      3    0
                 'no_lp':      5    0

Clauses shared    #Exported  #Imported  #BinaryRead  #BinaryTotal
   'default_lp':      1'241         50        1'512         1'512
       'max_lp':        238         39          293         1'512
        'no_lp':         98          3           69         1'512

LRAT_status: NA
CpSolverResponse summary:
status: INFEASIBLE
objective: NA
best_bound: NA
integers: 2694
booleans: 2608
conflicts: 639
branches: 90865
propagations: 14504256
integer_propagations: 15562529
restarts: 5
lp_iterations: 225517
walltime: 27.9162
usertime: 27.9162
deterministic_time: 226.975
gap_integral: 0

{'args': {'wall': False, 'a': 2, 'wm': 1, 'wl': 1, 'threshold': 55, 'seconds': 120, 'workers': 4, 'name': 'local_ge55'}, 'status': 'INFEASIBLE', 'objective': 0.0, 'bound': 0.0, 'seconds': 28.238785934998305, 'model_sha256': 'ff37824e22b923d264d025dffe584bb002a494af36f107123f6035178c353fab'}
