built 550 1353 seconds 0.12905038199096452

Starting CP-SAT solver v9.15.6755
Parameters: random_seed: 7802 max_time_in_seconds: 120 log_search_progress: true linearization_level: 2 num_search_workers: 4

Initial optimization model '': (model_fingerprint: 0x2f50435dc875693c)
#Variables: 550 (#bools: 550 in objective) (550 primary variables)
  - 550 Booleans in [0,1]
#kLinear1: 8
#kLinear2: 8
#kLinear3: 10
#kLinearN: 1'327 (#terms: 127'077)

Starting presolve at 0.00s
  5.17e-03s  0.00e+00d  [DetectDominanceRelations] 
  2.97e-02s  0.00e+00d  [PresolveToFixPoint] #num_loops=2 #num_dual_strengthening=1 
  1.91e-05s  0.00e+00d  [ExtractEncodingFromLinear] #potential_supersets=240 
  2.12e-03s  0.00e+00d  [DetectDuplicateColumns] 
  1.99e-04s  0.00e+00d  [DetectDuplicateConstraints] 
[Symmetry] Graph for symmetry has 3'969 nodes and 129'205 arcs.
[Symmetry] Symmetry computation done. time: 0.00444206 dtime: 0.0188754
[Symmetry] #generators: 1, average support size: 540
[Symmetry] 270 orbits on 540 variables with sizes: 2,2,2,2,2,2,2,2,2,2,...
[Symmetry] Num fixable by intersecting at_most_one with orbits: 39 largest_orbit: 2
[SAT presolve] num removable Booleans: 0 / 550
[SAT presolve] num trivial clauses: 0
[SAT presolve] [0s] clauses:9 literals:18 vars:18 one_side_vars:18 simple_definition:0 singleton_clauses:0
[SAT presolve] [8.226e-06s] clauses:9 literals:18 vars:18 one_side_vars:18 simple_definition:0 singleton_clauses:0
[SAT presolve] [1.5583e-05s] clauses:9 literals:18 vars:18 one_side_vars:18 simple_definition:0 singleton_clauses:0
  9.37e-04s  0.00e+00d  [DetectDuplicateConstraintsWithDifferentEnforcements] #without_enforcements=802 
  2.65e-02s  1.52e-01d  [Probe] #probed=1'022 #new_binary_clauses=2'297 
  3.71e-03s  3.95e-02d  [MaxClique] Merged 542 constraints with 24'378 literals into 59 constraints with 5'084 literals
  4.94e-03s  0.00e+00d  [DetectDominanceRelations] 
  1.68e-02s  0.00e+00d  [PresolveToFixPoint] #num_loops=1 #num_dual_strengthening=1 
  2.09e-02s  0.00e+00d  [ProcessAtMostOneAndLinear] #num_changes=307 
  2.15e-04s  0.00e+00d  [DetectDuplicateConstraints] #duplicates=6 
  1.66e-04s  0.00e+00d  [DetectDuplicateConstraintsWithDifferentEnforcements] #without_enforcements=2 
  1.17e-02s  3.40e-03d  [DetectDominatedLinearConstraints] #relevant_constraints=987 #num_inclusions=5'331 #num_redundant=338 
  1.43e-04s  0.00e+00d  [DetectDifferentVariables] 
  7.32e-04s  8.31e-04d  [ProcessSetPPC] #relevant_constraints=708 #num_inclusions=1'638 
  1.87e-04s  0.00e+00d  [TransformClausesToExactlyOne] #num_amos=387 
  6.82e-06s  0.00e+00d  [DetectEncodedComplexDomains] 
  6.23e-06s  0.00e+00d  [FindAlmostIdenticalLinearConstraints] 
  4.49e-02s  9.90e-02d  [FindBigAtMostOneAndLinearOverlap] #blocks=152 #saved_nz=21'682 
  2.44e-02s  3.08e-02d  [FindBigVerticalLinearOverlap] #blocks=275 #saved_nz=16'150 
  1.77e-04s  4.80e-04d  [FindBigHorizontalLinearOverlap] #linears=655 
  3.26e-05s  0.00e+00d  [MergeClauses] 
  1.85e-03s  0.00e+00d  [DetectDominanceRelations] 
  1.65e-03s  0.00e+00d  [DetectDominanceRelations] 
  1.15e-02s  0.00e+00d  [PresolveToFixPoint] #num_loops=5 #num_dual_strengthening=2 
  1.66e-03s  0.00e+00d  [DetectDominanceRelations] 
  4.90e-03s  0.00e+00d  [PresolveToFixPoint] #num_loops=1 #num_dual_strengthening=1 
  4.49e-04s  0.00e+00d  [DetectDuplicateColumns] 
  1.54e-04s  0.00e+00d  [DetectDuplicateConstraints] 
[Symmetry] Graph for symmetry has 5'338 nodes and 39'322 arcs.
[Symmetry] Symmetry computation done. time: 0.000844128 dtime: 0.00249819
[SAT presolve] num removable Booleans: 0 / 919
[SAT presolve] num trivial clauses: 0
[SAT presolve] [0s] clauses:349 literals:1'865 vars:467 one_side_vars:261 simple_definition:147 singleton_clauses:0
[SAT presolve] [3.2938e-05s] clauses:347 literals:1'849 vars:467 one_side_vars:262 simple_definition:148 singleton_clauses:0
[SAT presolve] [6.8933e-05s] clauses:347 literals:1'849 vars:467 one_side_vars:262 simple_definition:148 singleton_clauses:0
  1.91e-04s  0.00e+00d  [DetectDuplicateConstraintsWithDifferentEnforcements] 
  3.53e-02s  9.11e-02d  [Probe] #probed=1'846 #new_binary_clauses=63'215 
  1.94e-02s  1.53e-01d  [MaxClique] Merged 467 constraints with 6'186 literals into 159 constraints with 5'683 literals
  1.81e-03s  0.00e+00d  [DetectDominanceRelations] 
  1.65e-03s  0.00e+00d  [DetectDominanceRelations] 
  7.62e-03s  0.00e+00d  [PresolveToFixPoint] #num_loops=3 #num_dual_strengthening=2 
  4.73e-03s  0.00e+00d  [ProcessAtMostOneAndLinear] #num_changes=4 
  1.68e-04s  0.00e+00d  [DetectDuplicateConstraints] 
  1.35e-04s  0.00e+00d  [DetectDuplicateConstraintsWithDifferentEnforcements] 
  2.78e-04s  9.25e-05d  [DetectDominatedLinearConstraints] #relevant_constraints=564 #num_inclusions=34 #num_redundant=1 
  4.84e-05s  0.00e+00d  [DetectDifferentVariables] 
  5.11e-04s  9.59e-05d  [ProcessSetPPC] #relevant_constraints=1'132 #num_inclusions=10 
  2.11e-04s  0.00e+00d  [TransformClausesToExactlyOne] #num_amos=181 
  8.54e-06s  0.00e+00d  [DetectEncodedComplexDomains] 
  7.34e-06s  0.00e+00d  [FindAlmostIdenticalLinearConstraints] 
  6.88e-03s  2.01e-02d  [FindBigAtMostOneAndLinearOverlap] 
  7.66e-03s  1.18e-02d  [FindBigVerticalLinearOverlap] #blocks=61 #saved_nz=2'514 
  7.73e-05s  1.15e-04d  [FindBigHorizontalLinearOverlap] #linears=584 
  1.49e-05s  0.00e+00d  [MergeClauses] 
  1.48e-03s  0.00e+00d  [DetectDominanceRelations] 
  6.85e-03s  0.00e+00d  [PresolveToFixPoint] #num_loops=3 #num_dual_strengthening=1 
  1.48e-03s  0.00e+00d  [DetectDominanceRelations] 
  4.50e-03s  0.00e+00d  [PresolveToFixPoint] #num_loops=1 #num_dual_strengthening=1 
  2.50e-04s  0.00e+00d  [DetectDuplicateColumns] 
  1.54e-04s  0.00e+00d  [DetectDuplicateConstraints] 
[Symmetry] Graph for symmetry has 5'247 nodes and 34'774 arcs.
[Symmetry] Symmetry computation done. time: 0.000769332 dtime: 0.00230683
[SAT presolve] num removable Booleans: 0 / 965
[SAT presolve] num trivial clauses: 0
[SAT presolve] [0s] clauses:30 literals:95 vars:52 one_side_vars:51 simple_definition:1 singleton_clauses:0
[SAT presolve] [1.0186e-05s] clauses:30 literals:95 vars:52 one_side_vars:51 simple_definition:1 singleton_clauses:0
[SAT presolve] [2.6525e-05s] clauses:30 literals:95 vars:52 one_side_vars:51 simple_definition:1 singleton_clauses:0
  1.90e-04s  0.00e+00d  [DetectDuplicateConstraintsWithDifferentEnforcements] 
  4.08e-02s  8.81e-02d  [Probe] #probed=1'940 #new_binary_clauses=77'365 
  2.16e-02s  1.76e-01d  [MaxClique] Merged 183 constraints with 5'710 literals into 164 constraints with 5'675 literals
  1.68e-03s  0.00e+00d  [DetectDominanceRelations] 
  1.65e-03s  0.00e+00d  [DetectDominanceRelations] 
  7.09e-03s  0.00e+00d  [PresolveToFixPoint] #num_loops=2 #num_dual_strengthening=2 
  4.22e-03s  0.00e+00d  [ProcessAtMostOneAndLinear] 
  1.55e-04s  0.00e+00d  [DetectDuplicateConstraints] 
  1.36e-04s  0.00e+00d  [DetectDuplicateConstraintsWithDifferentEnforcements] 
  2.42e-04s  8.13e-05d  [DetectDominatedLinearConstraints] #relevant_constraints=571 #num_inclusions=25 
  4.59e-05s  0.00e+00d  [DetectDifferentVariables] 
  4.83e-04s  8.69e-05d  [ProcessSetPPC] #relevant_constraints=1'195 #num_inclusions=23 
  2.01e-04s  0.00e+00d  [TransformClausesToExactlyOne] #num_amos=168 
  2.90e-05s  0.00e+00d  [DetectEncodedComplexDomains] 
  8.85e-06s  0.00e+00d  [FindAlmostIdenticalLinearConstraints] 
  5.23e-03s  1.50e-02d  [FindBigAtMostOneAndLinearOverlap] #blocks=1 #saved_nz=112 
  5.96e-03s  9.50e-03d  [FindBigVerticalLinearOverlap] #blocks=24 #saved_nz=908 
  7.24e-05s  1.09e-04d  [FindBigHorizontalLinearOverlap] #linears=585 
  1.47e-05s  0.00e+00d  [MergeClauses] 
  1.42e-03s  0.00e+00d  [DetectDominanceRelations] 
  5.66e-03s  0.00e+00d  [PresolveToFixPoint] #num_loops=2 #num_dual_strengthening=1 
  2.56e-06s  0.00e+00d  [MergeNoOverlap] 
  2.88e-06s  0.00e+00d  [MergeNoOverlap2D] 
  3.80e-04s  0.00e+00d  [ExpandObjective] #entries=32'466 #tight_variables=1'923 #tight_constraints=500 #expands=330 

Presolve summary:
  - 4 affine relations were detected.
  - rule 'TODO dual: only one blocking constraint?' was applied 1'282 times.
  - rule 'TODO dual: only one unspecified blocking constraint?' was applied 1'090 times.
  - rule 'TODO linear matrix: reuse defining constraint' was applied 3 times.
  - rule 'affine: new relation' was applied 4 times.
  - rule 'at_most_one: removed literals' was applied 80 times.
  - rule 'at_most_one: size one' was applied 3 times.
  - rule 'at_most_one: transformed into max clique' was applied 3 times.
  - rule 'bool_or: fixed literals' was applied 6 times.
  - rule 'bool_or: implications' was applied 37 times.
  - rule 'deductions: 2 stored' was applied 1 time.
  - rule 'domination: fixed to lb.' was applied 5 times.
  - rule 'domination: in at most one' was applied 3 times.
  - rule 'domination: in exactly one' was applied 1 time.
  - rule 'dual: make encoding equiv' was applied 5 times.
  - rule 'duplicate: removed constraint' was applied 6 times.
  - rule 'duplicate: removed enforced constraint' was applied 802 times.
  - rule 'enforcement: true literal' was applied 40 times.
  - rule 'exactly_one: removed literals' was applied 15 times.
  - rule 'exactly_one: singleton' was applied 1 time.
  - rule 'exactly_one: size two' was applied 4 times.
  - rule 'linear + amo: added implications' was applied 39 times.
  - rule 'linear + amo: detect hidden AMO' was applied 228 times.
  - rule 'linear + amo: empty after processing' was applied 61 times.
  - rule 'linear + amo: extracted enforcement literal' was applied 14'982 times.
  - rule 'linear + amo: fixed literal implied by enforcement' was applied 127 times.
  - rule 'linear + amo: infeasible enforcement' was applied 1 time.
  - rule 'linear + amo: removed enforcement literal' was applied 9'560 times.
  - rule 'linear + amo: simplified enforcement list' was applied 75 times.
  - rule 'linear + amo: trivial linear constraint' was applied 18 times.
  - rule 'linear inclusion: redundant included constraint' was applied 339 times.
  - rule 'linear matrix: common amo rectangle' was applied 153 times.
  - rule 'linear matrix: common vertical rectangle' was applied 360 times.
  - rule 'linear1: always true' was applied 3 times.
  - rule 'linear2: already known enforced relation' was applied 1 time.
  - rule 'linear2: convert ax + by != cte to clauses' was applied 10 times.
  - rule 'linear2: implied ax + by = cte has only one solution' was applied 4 times.
  - rule 'linear: always true' was applied 10 times.
  - rule 'linear: divide by GCD' was applied 24 times.
  - rule 'linear: empty' was applied 61 times.
  - rule 'linear: extracted at most one (max)' was applied 1'095 times.
  - rule 'linear: fixed or dup variables' was applied 634 times.
  - rule 'linear: negative reified and' was applied 1 time.
  - rule 'linear: positive at most one' was applied 327 times.
  - rule 'linear: positive equal one' was applied 327 times.
  - rule 'linear: reduced variable domains' was applied 172 times.
  - rule 'linear: remapped using affine relations' was applied 136 times.
  - rule 'linear: variable substitution 2' was applied 8 times.
  - rule 'new_bool: integer encoding' was applied 1 time.
  - rule 'new_bool: with clause' was applied 153 times.
  - rule 'objective: expanded via tight equality' was applied 330 times.
  - rule 'objective: shifted cost with exactly ones' was applied 183 times.
  - rule 'presolve: 48 unused variables removed.' was applied 1 time.
  - rule 'presolve: iteration' was applied 3 times.
  - rule 'probing: bool_or reduced to implication' was applied 27 times.
  - rule 'probing: simplified clauses' was applied 3 times.
  - rule 'setppc: removed dominated constraints' was applied 2 times.
  - rule 'symmetry: added orbit symmetry breaking implications' was applied 1 time.
  - rule 'symmetry: fixed to false in general orbit' was applied 39 times.
  - rule 'variables: add encoding constraint' was applied 1 time.

Presolved optimization model '': (model_fingerprint: 0x13a8e70999098d54)
#Variables: 1'003 (#bools: 149 in objective) (527 primary variables)
  - 978 Booleans in [0,1]
  - 1 in [0][2,3]
  - 2 in [0][2,5]
  - 3 in [0][3,5]
  - 1 in [0][3,6]
  - 2 in [0][4,5]
  - 9 in [0,3]
  - 3 in [0,5]
  - 4 in [0,6]
#kAtMostOne: 155 (#literals: 5'636)
#kBoolAnd: 13 (#enforced: 13) (#literals: 26)
#kExactlyOne: 475 (#literals: 1'894)
#kLinear1: 2 (#enforced: 2)
#kLinearN: 581 (#enforced: 110 #multi: 110) (#terms: 21'714)
[Symmetry] Graph for symmetry has 5'232 nodes and 33'639 arcs.
[Symmetry] Symmetry computation done. time: 0.000722739 dtime: 0.0021507

Preloading model.
#Bound   0.41s best:-inf  next:[-0,148]   initial_domain
#Model   0.41s var:1003/1003 constraints:1226/1226

Starting search at 0.41s with 4 workers.
3 full problem subsolvers: [core, default_lp, no_lp]
1 first solution subsolver: [fj]
9 interleaved subsolvers: [feasibility_pump, graph_arc_lns, graph_cst_lns, graph_dec_lns, graph_var_lns, ls, rins/rens, rnd_cst_lns, rnd_var_lns]
3 helper subsolvers: [neighborhood_helper, synchronization_agent, update_gap_integral]

#1       0.43s best:-0    next:[1,148]    fj_restart_decay_compound(batch:1 lin{mvs:0 evals:0} #w_updates:0 #perturb:0)
#2       0.44s best:18    next:[19,148]   rnd_var_lns (d=5.00e-01 s=5 t=0.10 p=0.00 stall=0 h=base)
#3       0.45s best:23    next:[24,148]   graph_var_lns (d=5.00e-01 s=7 t=0.10 p=0.00 stall=0 h=base)
#4       0.46s best:24    next:[25,148]   graph_arc_lns (d=5.00e-01 s=8 t=0.10 p=0.00 stall=0 h=base) [hint]
#5       0.47s best:26    next:[27,148]   ls_restart(batch:1 lin{mvs:32 evals:295} #w_updates:29 #perturb:0)
#Bound   0.47s best:26    next:[27,53]    am1_presolve (num_literals=149 num_am1=12 increase=95 work_done=46895)
#Bound   0.47s best:26    next:[27,50]    bool_core (num_cores=1 [size:3 mw:3 d:2] a=135 d=2 fixed=0/991 clauses=491)
#Bound   0.52s best:26    next:[27,44]    default_lp
#6       0.53s best:27    next:[28,44]    graph_var_lns (d=7.07e-01 s=14 t=0.10 p=1.00 stall=0 h=base)
#Bound   0.54s best:27    next:[28,43]    bool_core (num_cores=4 [size:15 mw:2 amo:2 lit:13 d:3] a=123 d=3 fixed=0/1003 clauses=503)
#Bound   0.54s best:27    next:[28,41]    bool_core (num_cores=5 [size:4 mw:2 d:3] a=122 d=3 fixed=0/1008 clauses=514)
#Bound   0.54s best:27    next:[28,39]    bool_core (num_cores=6 [size:4 mw:2 d:4] a=120 d=4 fixed=0/1013 clauses=531)
#Bound   0.54s best:27    next:[28,37]    bool_core (num_cores=7 [size:3 mw:2 amo:1 lit:2 d:3] a=120 d=4 fixed=0/1019 clauses=544)
#7       0.55s best:29    next:[30,37]    core
#Bound   0.55s best:29    next:[30,36]    bool_core (num_cores=8 [size:7 mw:1 amo:1 lit:4 d:3] a=115 d=4 fixed=0/1024 clauses=553)
#Bound   0.55s best:29    next:[30,35]    bool_core (num_cores=9 [size:6 mw:1 amo:1 lit:3 d:3] a=113 d=4 fixed=0/1030 clauses=563)
#Bound   0.55s best:29    next:[30,34]    bool_core (num_cores=10 [size:8 mw:1 amo:1 lit:7 d:3] a=107 d=4 fixed=0/1035 clauses=575)
#Bound   0.55s best:29    next:[30,33]    bool_core (num_cores=11 [size:7 mw:1 amo:1 lit:5 d:3] a=104 d=4 fixed=0/1038 clauses=588)
#Bound   0.56s best:29    next:[30,32]    bool_core (num_cores=12 [size:12 mw:1 amo:2 lit:10 d:4] a=85 d=4 fixed=35/1044 clauses=619)
#Bound   0.56s best:29    next:[30,31]    bool_core (num_cores=13 [size:8 mw:1 amo:1 lit:6 d:5] a=65 d=5 fixed=93/1051 clauses=639)
#Bound   0.57s best:29    next:[30,30]    bool_core (num_cores=14 [size:4 mw:1 exo] a=0 d=5 fixed=410/1064 clauses=808)
#Done    0.57s core

Task timing                   n [     min,      max]      avg      dev     time         n [     min,      max]      avg      dev    dtime
              'core':         1 [154.80ms, 154.80ms] 154.80ms   0.00ns 154.80ms         2 [ 99.88ms, 218.38ms] 159.13ms  59.25ms 318.26ms
        'default_lp':         1 [155.55ms, 155.55ms] 155.55ms   0.00ns 155.55ms         2 [ 55.29ms, 105.40ms]  80.34ms  25.06ms 160.69ms
  'feasibility_pump':         1 [ 22.38ms,  22.38ms]  22.38ms   0.00ns  22.38ms         0 [  0.00ns,   0.00ns]   0.00ns   0.00ns   0.00ns
                'fj':         1 [944.97us, 944.97us] 944.97us   0.00ns 944.97us         0 [  0.00ns,   0.00ns]   0.00ns   0.00ns   0.00ns
     'graph_arc_lns':         2 [  3.53ms,  33.16ms]  18.35ms  14.82ms  36.70ms         1 [  1.19us,   1.19us]   1.19us   0.00ns   1.19us
     'graph_cst_lns':         1 [  3.38ms,   3.38ms]   3.38ms   0.00ns   3.38ms         1 [606.00ns, 606.00ns] 606.00ns   0.00ns 606.00ns
     'graph_dec_lns':         1 [  5.16ms,   5.16ms]   5.16ms   0.00ns   5.16ms         1 [ 10.00ns,  10.00ns]  10.00ns   0.00ns  10.00ns
     'graph_var_lns':         2 [ 10.42ms,  56.35ms]  33.38ms  22.97ms  66.77ms         2 [458.15us,  15.71ms]   8.08ms   7.63ms  16.17ms
                'ls':         1 [  1.06ms,   1.06ms]   1.06ms   0.00ns   1.06ms         1 [675.09us, 675.09us] 675.09us   0.00ns 675.09us
             'no_lp':         1 [155.44ms, 155.44ms] 155.44ms   0.00ns 155.44ms         2 [ 99.88ms, 233.51ms] 166.69ms  66.81ms 333.39ms
         'rins/rens':         0 [  0.00ns,   0.00ns]   0.00ns   0.00ns   0.00ns         0 [  0.00ns,   0.00ns]   0.00ns   0.00ns   0.00ns
       'rnd_cst_lns':         2 [  3.69ms,   4.58ms]   4.13ms 443.73us   8.27ms         2 [  2.53us,   4.90us]   3.71us   1.18us   7.42us
       'rnd_var_lns':         2 [  4.68ms,   5.34ms]   5.01ms 331.88us  10.01ms         2 [  5.70us,   8.83us]   7.26us   1.56us  14.53us

Search stats     Bools  Conflicts  Branches  Restarts  BacktrackToRoot  Backtrack  BoolPropag  IntegerPropag
        'core':  1'064        273    13'080         2            3'800      5'537   1'130'228      1'102'010
  'default_lp':    979         40     2'024         0            1'956      1'996     357'747        361'517
       'no_lp':    978      1'081     8'099         4            3'522      5'954   1'005'807      1'059'882

SAT formula      Fixed  Equiv  Total  VarLeft  BinaryClauses  PermanentClauses  TemporaryClauses
        'core':    708      0  1'064      356         11'698               662                18
  'default_lp':      0      0    979      979         11'510               475                39
       'no_lp':     91      0    978      887         11'576             1'179               262

SAT stats        ClassicMinim  LitRemoved  LitRemovedBinary  LitLearned  LitForgotten  Subsumed
        'core':            98         323             1'339       3'528             0        43
  'default_lp':            23         136             1'426       3'077             0         1
       'no_lp':           960       5'385            17'343      47'860             0       105

Vivification     Clauses  Decisions  LitTrue  Subsumed  LitRemoved  DecisionReused  Conflicts
        'core':      987      3'070        0         9          44               6          0
  'default_lp':        0          0        0         0           0               0          0
       'no_lp':      958      2'951        0         5          27               4          0

Clause deletion    at_true  l_and_not(l)  to_binary  sub_conflict  sub_extra  sub_decisions  sub_eager  sub_vivify  sub_probing  sub_inpro  blocked  eliminated  forgotten  promoted  conflicts
          'core':       32             0         51            40          1              1          3           9            0          0        0           0          0       106        273
    'default_lp':        0             0          0             1          0              0          0           0            0          0        0           0          0        86         40
         'no_lp':        0             0          0            77          1              0         28           5            0          0        0           0          0       662      1'081

Lp stats         Component  Iterations  AddedCuts  OPTIMAL  DUAL_F.  DUAL_U.
  'default_lp':          1       1'051         62      129        0        0

Lp dimension       Final dimension of first component
  'default_lp':  554 rows, 978 columns, 16848 entries

Lp debug         CutPropag  CutEqPropag  Adjust  Overflow  Bad  BadScaling
  'default_lp':          0            0     127         0    0           0

Lp pool          Constraints  Updates  Simplif  Merged  Shortened  Split  Strengthened  Cuts/Call
  'default_lp':        1'163        0        0       0          0      0             0      62/66

Lp Cut    default_lp
     IB:          62

LNS stats           Improv/Calls  Closed  Difficulty  TimeLimit
  'graph_arc_lns':           1/1    100%    7.07e-01       0.10
  'graph_cst_lns':           0/1    100%    7.07e-01       0.10
  'graph_dec_lns':           0/1    100%    7.07e-01       0.10
  'graph_var_lns':           2/2    100%    8.14e-01       0.10
      'rins/rens':           0/0      0%    5.00e-01       0.10
    'rnd_cst_lns':           0/2    100%    8.14e-01       0.10
    'rnd_var_lns':           1/2    100%    8.14e-01       0.10

LS stats                        Batches  Restarts/Perturbs  LinMoves  GenMoves  CompoundMoves  Bactracks  WeightUpdates  ScoreComputed
  'fj_restart_decay_compound':        1                  1         0         0              0          0              0              0
                 'ls_restart':        1                  1        32         0              0          0             29            297

Solutions (7)                   Num   Rank
                       'core':    2  [6,7]
  'fj_restart_decay_compound':    2  [0,1]
              'graph_arc_lns':    2  [3,4]
              'graph_var_lns':    4  [2,6]
                 'ls_restart':    2  [4,5]
                'rnd_var_lns':    2  [1,2]

Objective bounds     Num
    'am1_presolve':    1
       'bool_core':   12
      'default_lp':    1
  'initial_domain':    1

Solution repositories    Added  Queried  Synchro
    'alternative_path':      1        0        1
      'best_solutions':     19       11       15
   'fj solution hints':      0        0        0
        'lp solutions':      0        0        0
                'pump':      0        0

Improving bounds shared    Num  Sym
                  'core':  623    0
                 'no_lp':    1    0

Clauses shared    #Exported  #Imported  #BinaryRead  #BinaryTotal
         'core':         46          0           64            64
   'default_lp':          0          0           14            64
        'no_lp':         18          0           58            64

LRAT_status: NA
CpSolverResponse summary:
status: OPTIMAL
objective: 29
best_bound: 29
integers: 994
booleans: 1064
conflicts: 273
branches: 13080
propagations: 1130228
integer_propagations: 1102010
restarts: 2
lp_iterations: 0
walltime: 0.568713
usertime: 0.568713
deterministic_time: 1.71998
gap_integral: 1.97048
solution_fingerprint: 0x8f6be7abbc45ae6d

{'args': {'wall': True, 'a': 2, 'wm': 1, 'wl': 1, 'threshold': None, 'seconds': 120, 'workers': 4, 'name': 'wall_weighted'}, 'status': 'OPTIMAL', 'objective': 29.0, 'bound': 29.0, 'seconds': 0.6982632299914258, 'model_sha256': 'f9734f428337a711cce93a7afa82d83003771b4c0c768750c946c65e6622c488', 'counts': {'s': 10, 'm': 1, 'l': 2}, 'score': 29}
