?? 内核维护/2026-09-22d/R1-状态边界/audit_files.py
?? 内核维护/2026-09-22d/R1-状态边界/before.json
?? 内核维护/2026-09-22d/R1-状态边界/build.json
?? 内核维护/2026-09-22d/R1-状态边界/build.log
?? 内核维护/2026-09-22d/R2-来源与计时/probe_common.py
?? 内核维护/2026-09-22d/R2-来源与计时/protect.py
?? 内核维护/2026-09-22d/R2-来源与计时/protected-before.json
?? 内核维护/2026-09-22d/R3-测试写历史/220f7b6-names.log
?? 内核维护/2026-09-22d/R3-测试写历史/7da52a7-names.log
?? 内核维护/2026-09-22d/R3-测试写历史/a7539f5-names.log
?? 内核维护/2026-09-22d/R3-测试写历史/active-writes.log
?? 内核维护/2026-09-22d/R3-测试写历史/all_commit_changes.json
?? 内核维护/2026-09-22d/R3-测试写历史/audit_git.py
?? 内核维护/2026-09-22d/R3-测试写历史/file_audit.json
?? 内核维护/2026-09-22d/R3-测试写历史/git_summary.json
?? 内核维护/2026-09-22d/R5-验证与失败态/audit.py
?? 内核维护/2026-09-22d/R5-验证与失败态/codegraph-cycle.log
?? 内核维护/2026-09-22d/R5-验证与失败态/codegraph-record.log
?? 内核维护/2026-09-22d/R5-验证与失败态/protected-before.json
?? 内核维护/2026-09-22d/R5-验证与失败态/test-counts.json
