{
  "name": "load-shell-verify",
  "command": [
    "/home/zhuran24/zmd-research-fresh/求解器/target/release/kernel",
    "verify-cycle",
    "/home/zhuran24/zmd-research-fresh/求解器/crates/kernel/evidence/round6/cli/overflow.json",
    "--config",
    "/home/zhuran24/zmd-research-fresh/求解器/规格/内核配置-v1.json"
  ],
  "cwd": "/home/zhuran24/zmd-research-fresh/求解器",
  "exit_code": 0,
  "result": {
    "cycle_replayed": false,
    "diagnostic_replayed": true,
    "reason": "失败输入及依赖指纹已核，复现同一装载停止；无游戏转移或周期",
    "status": "input_checked"
  },
  "stderr": ""
}
STDOUT
{
  "cycle_replayed": false,
  "diagnostic_replayed": true,
  "reason": "失败输入及依赖指纹已核，复现同一装载停止；无游戏转移或周期",
  "status": "input_checked"
}

STDERR
