{
  "name": "ore-80000-cycle",
  "command": [
    "/home/zhuran24/zmd-research-fresh/求解器/target/release/kernel",
    "cycle",
    "/home/zhuran24/zmd-research-fresh/求解器/crates/kernel/复核/否证-r5-1-证据/ore-80000-seed.json",
    "--max-ticks",
    "1",
    "--no-record",
    "--out",
    "/home/zhuran24/zmd-research-fresh/求解器/crates/kernel/复核/否证-r5-1-证据/ore-80000-cycle.json",
    "--config",
    "/home/zhuran24/zmd-research-fresh/求解器/规格/内核配置-v1.json"
  ],
  "cwd": "/home/zhuran24/zmd-research-fresh/求解器",
  "exit_code": 2,
  "result": {
    "out": "/home/zhuran24/zmd-research-fresh/求解器/crates/kernel/复核/否证-r5-1-证据/ore-80000-cycle.json",
    "status": "stopped"
  },
  "stderr": ""
}
STDOUT
{"out":"/home/zhuran24/zmd-research-fresh/求解器/crates/kernel/复核/否证-r5-1-证据/ore-80000-cycle.json","status":"stopped"}

STDERR
