FREE_COMPONENTS 100 largest [(0, 270), (43, 120), (71, 53), (35, 49), (21, 40)]
ORE_RELAXATION_MATCHING 20
ROUTE 0 93 best 93 cells 274 seconds 0.03
ROUTE 1 94 best 94 cells 292 seconds 0.06
ROUTE 2 94 best 94 cells 312 seconds 0.08
ROUTE 3 94 best 94 cells 312 seconds 0.1
ROUTE 4 93 best 94 cells 307 seconds 0.12
ROUTE 5 94 best 94 cells 331 seconds 0.15
ROUTE 6 94 best 94 cells 329 seconds 0.17
ROUTE 7 94 best 94 cells 331 seconds 0.19
ROUTE 8 93 best 94 cells 315 seconds 0.21
ROUTE 9 93 best 94 cells 315 seconds 0.23
ROUTE 10 93 best 94 cells 305 seconds 0.25
ROUTE 11 95 best 95 cells 317 seconds 0.28
ROUTE 12 95 best 95 cells 299 seconds 0.3
ROUTE 13 95 best 95 cells 316 seconds 0.32
ROUTE 14 95 best 95 cells 312 seconds 0.35
ROUTE 15 95 best 95 cells 303 seconds 0.37
ROUTE 16 95 best 95 cells 312 seconds 0.39
ROUTE 17 95 best 95 cells 333 seconds 0.41
ROUTE 18 95 best 95 cells 333 seconds 0.43
ROUTE 19 95 best 95 cells 333 seconds 0.45
ROUTE 20 95 best 95 cells 324 seconds 0.47
ROUTE 21 95 best 95 cells 323 seconds 0.49
ROUTE 22 95 best 95 cells 311 seconds 0.51
ROUTE 23 95 best 95 cells 332 seconds 0.54
ROUTE 24 95 best 95 cells 344 seconds 0.56
