{
  "all_independent_checks_equal": true,
  "budget_maximum": 151,
  "budget_maximum_P_ge_11": 139,
  "weights": {
    "研磨机": {
      "32": "123/2",
      "33": "115/2",
      "34": "107/2",
      "35": "99/2",
      "36": "91/2",
      "37": "83/2",
      "38": "75/2",
      "39": "67/2",
      "40": "59/2",
      "41": "51/2",
      "42": "43/2",
      "43": "35/2",
      "44": "27/2",
      "45": "19/2",
      "46": "11/2",
      "47": "3/2",
      "48": "0"
    },
    "塑形机": {
      "6": "10",
      "7": "8",
      "8": "6",
      "9": "4",
      "10": "2",
      "11": "0"
    },
    "封装机": {
      "3": "24",
      "4": "18",
      "5": "10",
      "6": "6",
      "7": "2",
      "8": "0"
    },
    "灌装机": {
      "3": "14",
      "4": "6",
      "5": "2",
      "6": "0"
    }
  }
}
