
Starting CP-SAT solver v9.15.6755
Parameters: max_time_in_seconds: 600 log_search_progress: true num_workers: 3

Initial satisfaction model '': (model_fingerprint: 0x93272bd8cbbf4845)
#Variables: 1'240 (1'240 primary variables)
  - 1'240 Booleans in [0,1]
#kLinear1: 8
#kLinear2: 12
#kLinear3: 8
#kLinearN: 2'922 (#terms: 336'868)

Starting presolve at 0.01s
  2.60e-02s  0.00e+00d  [DetectDominanceRelations] 
  8.88e-02s  0.00e+00d  [PresolveToFixPoint] #num_loops=2 #num_dual_strengthening=1 
  5.33e-05s  0.00e+00d  [ExtractEncodingFromLinear] #potential_supersets=456 
  5.17e-03s  0.00e+00d  [DetectDuplicateColumns] 
  1.91e-04s  0.00e+00d  [DetectDuplicateConstraints] 
[Symmetry] Graph for symmetry has 8'898 nodes and 341'644 arcs.
[Symmetry] Symmetry computation done. time: 0.0150412 dtime: 0.0741894
[Symmetry] #generators: 2, average support size: 1240
[Symmetry] 160 orbits on 1240 variables with sizes: 8,8,8,8,8,8,8,8,8,8,...
[Symmetry] Num fixable by binary propagation in orbit: 5 / 8
[Symmetry] Num fixable by intersecting at_most_one with orbits: 58 largest_orbit: 8
[SAT presolve] num removable Booleans: 0 / 1'240
[SAT presolve] num trivial clauses: 0
[SAT presolve] [0s] clauses:16 literals:32 vars:20 one_side_vars:19 simple_definition:1 singleton_clauses:0
[SAT presolve] [1.0303e-05s] clauses:16 literals:32 vars:20 one_side_vars:19 simple_definition:1 singleton_clauses:0
[SAT presolve] [2.2987e-05s] clauses:16 literals:32 vars:20 one_side_vars:19 simple_definition:1 singleton_clauses:0
  2.48e-03s  0.00e+00d  [DetectDuplicateConstraintsWithDifferentEnforcements] #without_enforcements=1'859 
  7.45e-02s  4.68e-01d  [Probe] #probed=2'364 #new_binary_clauses=7'325 
  7.53e-02s  1.01e+00d *[MaxClique] Merged 1'070 constraints with 56'247 literals into 213 constraints with 16'191 literals
  2.33e-02s  0.00e+00d  [DetectDominanceRelations] 
  5.39e-02s  0.00e+00d  [PresolveToFixPoint] #num_loops=1 #num_dual_strengthening=1 
  6.83e-02s  0.00e+00d  [ProcessAtMostOneAndLinear] #num_changes=690 
  2.81e-04s  0.00e+00d  [DetectDuplicateConstraints] #duplicates=25 
  1.99e-04s  0.00e+00d  [DetectDuplicateConstraintsWithDifferentEnforcements] #without_enforcements=17 
  4.52e-02s  1.89e-02d  [DetectDominatedLinearConstraints] #relevant_constraints=2'196 #num_inclusions=8'511 #num_redundant=648 
  2.98e-04s  0.00e+00d  [DetectDifferentVariables] 
  2.74e-03s  4.26e-03d  [ProcessSetPPC] #relevant_constraints=1'753 #num_inclusions=4'616 
  4.83e-04s  2.11e-07d  [TransformClausesToExactlyOne] #num_amos=1'269 #num_clauses=2 #num_checked=2 
  2.13e-05s  0.00e+00d  [DetectEncodedComplexDomains] 
  1.80e-05s  0.00e+00d  [FindAlmostIdenticalLinearConstraints] 
  1.49e-01s  3.30e-01d  [FindBigAtMostOneAndLinearOverlap] #blocks=451 #saved_nz=76'980 
  7.66e-02s  1.00e-01d  [FindBigVerticalLinearOverlap] #blocks=803 #saved_nz=46'022 
  4.49e-03s  2.47e-02d  [FindBigHorizontalLinearOverlap] #linears=1'595 
  9.81e-05s  4.50e-08d  [MergeClauses] 
  5.18e-03s  0.00e+00d  [DetectDominanceRelations] 
  4.68e-03s  0.00e+00d  [DetectDominanceRelations] 
  3.09e-02s  0.00e+00d  [PresolveToFixPoint] #num_loops=5 #num_dual_strengthening=2 
  4.66e-03s  0.00e+00d  [DetectDominanceRelations] 
  1.34e-02s  0.00e+00d  [PresolveToFixPoint] #num_loops=1 #num_dual_strengthening=1 
  8.12e-04s  0.00e+00d  [DetectDuplicateColumns] 
  1.09e-04s  0.00e+00d  [DetectDuplicateConstraints] 
[Symmetry] Graph for symmetry has 14'063 nodes and 109'719 arcs.
[Symmetry] Symmetry computation done. time: 0.00223552 dtime: 0.00724479
[SAT presolve] num removable Booleans: 0 / 2'372
[SAT presolve] num trivial clauses: 0
[SAT presolve] [0s] clauses:1'161 literals:6'412 vars:1'105 one_side_vars:480 simple_definition:364 singleton_clauses:0
[SAT presolve] [0.000192277s] clauses:1'160 literals:6'348 vars:1'105 one_side_vars:502 simple_definition:369 singleton_clauses:0
[SAT presolve] [0.00028301s] clauses:1'160 literals:6'348 vars:1'105 one_side_vars:502 simple_definition:369 singleton_clauses:0
  4.32e-04s  0.00e+00d  [DetectDuplicateConstraintsWithDifferentEnforcements] #without_enforcements=32 
  1.25e-01s  2.86e-01d  [Probe] #probed=4'754 #new_bounds=1 #new_binary_clauses=263'278 
  6.57e-02s  5.81e-01d  [MaxClique] Merged 1'335 constraints with 15'506 literals into 351 constraints with 14'134 literals
  4.55e-03s  0.00e+00d  [DetectDominanceRelations] 
  1.37e-02s  0.00e+00d  [PresolveToFixPoint] #num_loops=2 #num_dual_strengthening=1 
  1.37e-02s  0.00e+00d  [ProcessAtMostOneAndLinear] #num_changes=5 
  1.38e-04s  0.00e+00d  [DetectDuplicateConstraints] 
  1.16e-04s  0.00e+00d  [DetectDuplicateConstraintsWithDifferentEnforcements] #without_enforcements=18 
  7.88e-04s  2.88e-04d  [DetectDominatedLinearConstraints] #relevant_constraints=1'476 #num_inclusions=64 #num_redundant=9 
  1.52e-04s  0.00e+00d  [DetectDifferentVariables] 
  1.35e-03s  3.24e-04d  [ProcessSetPPC] #relevant_constraints=3'011 #num_inclusions=15 
  4.79e-04s  0.00e+00d  [TransformClausesToExactlyOne] #num_amos=394 
  3.21e-05s  0.00e+00d  [DetectEncodedComplexDomains] 
  3.18e-05s  0.00e+00d  [FindAlmostIdenticalLinearConstraints] 
  2.02e-02s  6.28e-02d  [FindBigAtMostOneAndLinearOverlap] #blocks=1 #saved_nz=111 
  2.54e-02s  3.84e-02d  [FindBigVerticalLinearOverlap] #blocks=211 #saved_nz=9'485 
  1.49e-03s  7.63e-03d  [FindBigHorizontalLinearOverlap] #linears=1'544 
  5.34e-05s  0.00e+00d  [MergeClauses] 
  4.04e-03s  0.00e+00d  [DetectDominanceRelations] 
  1.88e-02s  0.00e+00d  [PresolveToFixPoint] #num_loops=3 #num_dual_strengthening=1 
  4.04e-03s  0.00e+00d  [DetectDominanceRelations] 
  1.20e-02s  0.00e+00d  [PresolveToFixPoint] #num_loops=1 #num_dual_strengthening=1 
  7.40e-04s  0.00e+00d  [DetectDuplicateColumns] 
  1.15e-04s  0.00e+00d  [DetectDuplicateConstraints] 
[Symmetry] Graph for symmetry has 13'861 nodes and 93'226 arcs.
[Symmetry] Symmetry computation done. time: 0.0020807 dtime: 0.00648235
[SAT presolve] num removable Booleans: 0 / 2'547
[SAT presolve] num trivial clauses: 0
[SAT presolve] [0s] clauses:44 literals:88 vars:60 one_side_vars:60 simple_definition:0 singleton_clauses:0
[SAT presolve] [1.362e-05s] clauses:44 literals:88 vars:60 one_side_vars:60 simple_definition:0 singleton_clauses:0
[SAT presolve] [4.0716e-05s] clauses:44 literals:88 vars:60 one_side_vars:60 simple_definition:0 singleton_clauses:0
  4.48e-04s  0.00e+00d  [DetectDuplicateConstraintsWithDifferentEnforcements] #without_enforcements=18 
  1.49e-01s  2.87e-01d  [Probe] #probed=5'104 #new_bounds=2 #new_binary_clauses=323'585 
  7.70e-02s  6.92e-01d  [MaxClique] Merged 394 constraints with 14'219 literals into 371 constraints with 14'174 literals
  4.08e-03s  0.00e+00d  [DetectDominanceRelations] 
  1.23e-02s  0.00e+00d  [PresolveToFixPoint] #num_loops=2 #num_dual_strengthening=1 
  1.18e-02s  0.00e+00d  [ProcessAtMostOneAndLinear] 
  1.96e-04s  0.00e+00d  [DetectDuplicateConstraints] 
  1.25e-04s  0.00e+00d  [DetectDuplicateConstraintsWithDifferentEnforcements] #without_enforcements=18 
  7.17e-04s  2.41e-04d  [DetectDominatedLinearConstraints] #relevant_constraints=1'504 #num_inclusions=55 
  1.48e-04s  0.00e+00d  [DetectDifferentVariables] 
  1.30e-03s  2.91e-04d  [ProcessSetPPC] #relevant_constraints=3'243 #num_inclusions=84 
  5.05e-04s  0.00e+00d  [TransformClausesToExactlyOne] #num_amos=371 
  3.81e-05s  0.00e+00d  [DetectEncodedComplexDomains] 
  4.15e-05s  0.00e+00d  [FindAlmostIdenticalLinearConstraints] 
  1.50e-02s  4.39e-02d  [FindBigAtMostOneAndLinearOverlap] 
  1.83e-02s  2.92e-02d  [FindBigVerticalLinearOverlap] #blocks=85 #saved_nz=3'610 
  1.15e-03s  5.94e-03d  [FindBigHorizontalLinearOverlap] #linears=1'548 
  6.48e-05s  0.00e+00d  [MergeClauses] 
  3.91e-03s  0.00e+00d  [DetectDominanceRelations] 
  1.56e-02s  0.00e+00d  [PresolveToFixPoint] #num_loops=2 #num_dual_strengthening=1 
  7.91e-06s  0.00e+00d  [MergeNoOverlap] 
  7.72e-06s  0.00e+00d  [MergeNoOverlap2D] 

Presolve summary:
  - 5 affine relations were detected.
  - rule 'TODO dual: only one blocking constraint?' was applied 6'311 times.
  - rule 'TODO linear matrix: reuse defining constraint' was applied 1 time.
  - rule 'affine: new relation' was applied 5 times.
  - rule 'at_most_one: removed literals' was applied 62 times.
  - rule 'at_most_one: size one' was applied 1 time.
  - rule 'at_most_one: transformed into max clique' was applied 3 times.
  - rule 'bool_or: fixed literals' was applied 11 times.
  - rule 'bool_or: implications' was applied 57 times.
  - rule 'deductions: 5 stored' was applied 1 time.
  - rule 'domination: in at most one' was applied 5 times.
  - rule 'duplicate: removed constraint' was applied 25 times.
  - rule 'duplicate: removed enforced constraint' was applied 1'876 times.
  - rule 'enforcement: true literal' was applied 11 times.
  - rule 'exactly_one: removed literals' was applied 5 times.
  - rule 'exactly_one: size two' was applied 5 times.
  - rule 'linear + amo: added implications' was applied 144 times.
  - rule 'linear + amo: detect hidden AMO' was applied 310 times.
  - rule 'linear + amo: empty after processing' was applied 166 times.
  - rule 'linear + amo: extracted enforcement literal' was applied 39'338 times.
  - rule 'linear + amo: fixed literal implied by enforcement' was applied 388 times.
  - rule 'linear + amo: infeasible enforcement' was applied 2 times.
  - rule 'linear + amo: removed enforcement literal' was applied 25'026 times.
  - rule 'linear + amo: simplified enforcement list' was applied 122 times.
  - rule 'linear + amo: trivial linear constraint' was applied 26 times.
  - rule 'linear inclusion: redundant included constraint' was applied 657 times.
  - rule 'linear matrix: common amo rectangle' was applied 452 times.
  - rule 'linear matrix: common vertical rectangle' was applied 1'099 times.
  - rule 'linear1: always true' was applied 4 times.
  - rule 'linear2: already known enforced relation' was applied 1 time.
  - rule 'linear2: convert ax + by != cte to clauses' was applied 14 times.
  - rule 'linear2: implied ax + by = cte has only one solution' was applied 1 time.
  - rule 'linear: always true' was applied 11 times.
  - rule 'linear: coefficient strengthening by increasing it' was applied 35 times.
  - rule 'linear: divide by GCD' was applied 65 times.
  - rule 'linear: empty' was applied 166 times.
  - rule 'linear: extracted at most one (max)' was applied 2'457 times.
  - rule 'linear: extracted enforcement literal' was applied 2 times.
  - rule 'linear: fixed or dup variables' was applied 676 times.
  - rule 'linear: negative clause' was applied 1 time.
  - rule 'linear: never in domain' was applied 1 time.
  - rule 'linear: positive at most one' was applied 558 times.
  - rule 'linear: positive equal one' was applied 974 times.
  - rule 'linear: reduced variable domains' was applied 538 times.
  - rule 'linear: remapped using affine relations' was applied 185 times.
  - rule 'linear: variable substitution 2' was applied 12 times.
  - rule 'linear: variable substitution 3' was applied 12 times.
  - rule 'new_bool: with clause' was applied 452 times.
  - rule 'presolve: 63 unused variables removed.' was applied 1 time.
  - rule 'presolve: iteration' was applied 3 times.
  - rule 'probing: bool_or reduced to implication' was applied 57 times.
  - rule 'probing: simplified enforcement list' was applied 15 times.
  - rule 'setppc: removed dominated constraints' was applied 65 times.
  - rule 'symmetry: added orbit symmetry breaking implications' was applied 1 time.
  - rule 'symmetry: fixed to false in general orbit' was applied 58 times.

Presolved satisfaction model '': (model_fingerprint: 0xedd40397f3e8b73f)
#Variables: 2'699 (1'266 primary variables)
  - 2'598 Booleans in [0,1]
  - 1 in [0][2][4,5]
  - 1 in [0][2,3]
  - 12 in [0][2,5]
  - 1 in [0][3][5]
  - 3 in [0][3,4]
  - 8 in [0][3,5]
  - 12 in [0][4,5]
  - 3 in [0][4,6]
  - 1 in [0][5,6][10,11][15,16]
  - 1 in [0,1][3,5]
  - 1 in [0,1][4,5]
  - 1 in [0,1][5,7][10,11]
  - 4 in [0,2]
  - 2 in [0,2][4,5]
  - 1 in [0,2][5]
  - 16 in [0,3]
  - 27 in [0,5]
  - 2 in [0,6]
  - 1 in [0,11]
  - 1 in [0,18]
  - 1 in [0,20]
  - 1 in [0,27]
#kAtMostOne: 350 (#literals: 14'132)
#kBoolAnd: 21 (#enforced: 21) (#literals: 42)
#kExactlyOne: 1'421 (#literals: 5'055)
#kLinear3: 2
#kLinearN: 1'536 (#enforced: 239 #multi: 237) (#terms: 59'554)
[Symmetry] Graph for symmetry has 14'007 nodes and 89'639 arcs.
[Symmetry] Symmetry computation done. time: 0.00215314 dtime: 0.00638978

Preloading model.
#Model   1.37s var:2699/2699 constraints:3330/3330

Starting search at 1.37s with 3 workers.
2 full problem subsolvers: [default_lp, no_lp]
1 first solution subsolver: [fj]
2 interleaved subsolvers: [feasibility_pump, rins/rens]
2 helper subsolvers: [neighborhood_helper, synchronization_agent]

#Model  18.71s var:2693/2699 constraints:3328/3330
#Model  30.59s var:2692/2699 constraints:3328/3330
#Model  41.79s var:2687/2699 constraints:3326/3330
#Done   64.76s default_lp

Task timing                   n [     min,      max]      avg      dev     time         n [     min,      max]      avg      dev    dtime
        'default_lp':         1 [   1.06m,    1.06m]    1.06m   0.00ns    1.06m         2 [340.26ms,    2.79m]    1.40m    1.39m    2.80m
  'feasibility_pump':      1276 [  1.26ms,  67.78ms]   1.54ms   2.60ms    1.97s      1275 [  1.08ms, 201.58ms]   1.25ms   5.61ms    1.59s
                'fj':      1276 [ 31.62ms,  54.54ms]  48.07ms   4.64ms    1.02m      1276 [ 57.28ms, 100.54ms] 100.03ms   1.20ms    2.13m
             'no_lp':         1 [   1.06m,    1.06m]    1.06m   0.00ns    1.06m         2 [339.95ms,    1.49m]   44.81s   44.47s    1.49m
         'rins/rens':         0 [  0.00ns,   0.00ns]   0.00ns   0.00ns   0.00ns         0 [  0.00ns,   0.00ns]   0.00ns   0.00ns   0.00ns

Search stats     Bools  Conflicts   Branches  Restarts  BacktrackToRoot  Backtrack   BoolPropag  IntegerPropag
  'default_lp':  2'598      1'970    191'345        13           67'968    122'227   32'819'676     33'755'080
       'no_lp':  2'598  1'527'826  2'320'317     1'607           42'250  1'599'325  119'852'379     54'748'476

SAT formula      Fixed  Equiv  Total  VarLeft  BinaryClauses  PermanentClauses  TemporaryClauses
  'default_lp':    493     11  2'598    2'094         41'018             1'602             1'531
       'no_lp':      7      5  2'598    2'586         41'462             1'710             8'533

SAT stats        ClassicMinim  LitRemoved  LitRemovedBinary   LitLearned  LitForgotten  Subsumed
  'default_lp':         1'671      23'891            57'300      131'382             0       312
       'no_lp':     1'110'556   8'593'536        30'976'061  471'626'166   216'625'096   805'282

Vivification     Clauses  Decisions  LitTrue  Subsumed  LitRemoved  DecisionReused  Conflicts
  'default_lp':   42'853    109'212        1       110         494             961          3
       'no_lp':   24'060     60'573        0        95         428             523          1

Clause deletion    at_true  l_and_not(l)  to_binary  sub_conflict  sub_extra  sub_decisions  sub_eager  sub_vivify  sub_probing  sub_inpro  blocked  eliminated  forgotten   promoted  conflicts
    'default_lp':        3             4          9           278          9             15         34         110           35          0        0           0          0      3'940      1'970
         'no_lp':       31             1          5       772'975         74            764     32'307          95            7          0        0           0    712'764  3'026'817  1'527'826

Lp stats         Component  Iterations  AddedCuts  OPTIMAL  DUAL_F.  DUAL_U.
  'default_lp':          1     595'584      3'805    2'569       47    1'771

Lp dimension         Final dimension of first component
  'default_lp':  1849 rows, 2639 columns, 26885 entries

Lp debug         CutPropag  CutEqPropag  Adjust  Overflow     Bad  BadScaling
  'default_lp':         17            5   1'771         0  92'478           0

Lp pool          Constraints  Updates  Simplif  Merged  Shortened  Split  Strengthened    Cuts/Call
  'default_lp':        6'874      684    3'945       0      3'941    154            72  3'805/6'378

Lp Cut            default_lp
             IB:       1'722
       MIR_1_FF:         113
        MIR_1_K:          55
       MIR_1_KL:          60
        MIR_1_R:          47
       MIR_1_RB:          27
      MIR_1_RBP:           8
       MIR_2_FF:          74
        MIR_2_K:          40
       MIR_2_KL:          31
        MIR_2_R:          61
       MIR_2_RB:          28
      MIR_2_RBP:           5
       MIR_3_FF:          34
        MIR_3_K:          28
       MIR_3_KL:          14
        MIR_3_R:          47
       MIR_3_RB:          24
      MIR_3_RBP:           4
       MIR_4_FF:          12
        MIR_4_K:           9
       MIR_4_KL:           4
        MIR_4_R:          28
       MIR_4_RB:          17
      MIR_4_RBP:           4
       MIR_5_FF:           7
        MIR_5_K:           7
       MIR_5_KL:           3
        MIR_5_R:          16
       MIR_5_RB:          20
      MIR_5_RBP:           1
       MIR_6_FF:           8
        MIR_6_K:           2
        MIR_6_R:          18
       MIR_6_RB:           8
      MIR_6_RBP:           5
   ZERO_HALF_FF:          20
    ZERO_HALF_K:           7
   ZERO_HALF_KL:          12
    ZERO_HALF_R:       1'170
   ZERO_HALF_RB:           2
  ZERO_HALF_RBP:           3

LNS stats       Improv/Calls  Closed  Difficulty  TimeLimit
  'rins/rens':           0/0      0%    5.00e-01       0.10

LS stats                                    Batches  Restarts/Perturbs   LinMoves  GenMoves  CompoundMoves  Bactracks  WeightUpdates  ScoreComputed
                             'fj_restart':      108                 25    891'743         0              0          0        326'376      1'813'847
                    'fj_restart_compound':       84                 29          0   238'672         14'549    111'973            210      8'253'447
                'fj_restart_compound_obj':       63                 22          0   179'321         10'552     84'332            136      6'177'947
            'fj_restart_compound_perturb':      126                 27          0   380'793         21'332    179'630            374     12'191'004
        'fj_restart_compound_perturb_obj':       49                 21          0   138'532         10'283     64'053            108      4'811'346
                       'fj_restart_decay':       99                 25    668'559         0              0          0         24'678      1'102'417
              'fj_restart_decay_compound':      105                 24          0   311'834         27'537    142'063            208     10'138'745
          'fj_restart_decay_compound_obj':       27                 16          0    73'001          6'395     33'247             47      2'701'109
      'fj_restart_decay_compound_perturb':       58                 23          0   169'130         15'736     76'627            110      5'648'041
  'fj_restart_decay_compound_perturb_obj':       98                 23          0   295'924         31'238    132'289            190      9'393'306
                   'fj_restart_decay_obj':       86                 28    581'471         0              0          0         21'716        955'286
               'fj_restart_decay_perturb':       38                 26    255'646         0              0          0          9'866        401'019
           'fj_restart_decay_perturb_obj':       40                 22    268'297         0              0          0         10'266        432'692
                         'fj_restart_obj':       45                 20    348'772         0              0          0        109'055        730'242
                     'fj_restart_perturb':       92                 21    742'932         0              0          0        281'492      1'601'670
                 'fj_restart_perturb_obj':      158                 23  1'323'498         0              0          0        473'055      2'658'737

Solution repositories    Added  Queried  Synchro
    'alternative_path':      0        0        0
      'best_solutions':      0        0        0
   'fj solution hints':    367        0      367
        'lp solutions':      0        0        0
                'pump':      0        0

Improving bounds shared    Num  Sym
            'default_lp':   16    0

Clauses shared    #Exported  #Imported  #BinaryRead  #BinaryTotal
   'default_lp':        156        257          137           137
        'no_lp':        381         19          111           137

LRAT_status: NA
CpSolverResponse summary:
status: INFEASIBLE
objective: NA
best_bound: NA
integers: 2651
booleans: 2598
conflicts: 1970
branches: 191345
propagations: 32819676
integer_propagations: 33755080
restarts: 13
lp_iterations: 595584
walltime: 64.7611
usertime: 64.7611
deterministic_time: 390.597
gap_integral: 0

{"encoding": "A direct integer inequalities", "edge": false, "unit": false, "threshold": 55, "options": 1240, "status": "INFEASIBLE", "seconds": 64.76143378499546, "workers": 3, "model_sha256": "e20605af926e6ffe9d4a5907339e9f9125e13d2ceffc21ed04312860dbe52533", "response": "CpSolverResponse summary:\nstatus: INFEASIBLE\nobjective: NA\nbest_bound: NA\nintegers: 2651\nbooleans: 2598\nconflicts: 1970\nbranches: 191345\npropagations: 32819676\ninteger_propagations: 33755080\nrestarts: 13\nlp_iterations: 595584\nwalltime: 64.7611\nusertime: 64.7611\ndeterministic_time: 390.597\ngap_integral: 0\n"}

Starting CP-SAT solver v9.15.6755
Parameters: max_time_in_seconds: 600 log_search_progress: true num_workers: 3

Initial satisfaction model '': (model_fingerprint: 0x2b6b19aba7d39e11)
#Variables: 550 (550 primary variables)
  - 550 Booleans in [0,1]
#kLinear1: 8
#kLinear2: 8
#kLinear3: 10
#kLinearN: 1'328 (#terms: 127'627)

Starting presolve at 0.00s
  6.68e-03s  0.00e+00d  [DetectDominanceRelations] 
  3.22e-02s  0.00e+00d  [PresolveToFixPoint] #num_loops=2 #num_dual_strengthening=1 
  1.89e-05s  0.00e+00d  [ExtractEncodingFromLinear] #potential_supersets=240 
  1.31e-03s  0.00e+00d  [DetectDuplicateColumns] 
  7.18e-05s  0.00e+00d  [DetectDuplicateConstraints] 
[Symmetry] Graph for symmetry has 3'970 nodes and 129'755 arcs.
[Symmetry] Symmetry computation done. time: 0.00496304 dtime: 0.01878
[Symmetry] #generators: 1, average support size: 540
[Symmetry] 270 orbits on 540 variables with sizes: 2,2,2,2,2,2,2,2,2,2,...
[Symmetry] Num fixable by intersecting at_most_one with orbits: 39 largest_orbit: 2
[SAT presolve] num removable Booleans: 0 / 550
[SAT presolve] num trivial clauses: 0
[SAT presolve] [0s] clauses:9 literals:18 vars:18 one_side_vars:18 simple_definition:0 singleton_clauses:0
[SAT presolve] [7.3e-06s] clauses:9 literals:18 vars:18 one_side_vars:18 simple_definition:0 singleton_clauses:0
[SAT presolve] [1.507e-05s] clauses:9 literals:18 vars:18 one_side_vars:18 simple_definition:0 singleton_clauses:0
  8.29e-04s  0.00e+00d  [DetectDuplicateConstraintsWithDifferentEnforcements] #without_enforcements=802 
  2.71e-02s  1.54e-01d  [Probe] #probed=1'020 #fixed_bools=1 #new_binary_clauses=2'290 
  2.39e-02s  2.90e-01d  [MaxClique] Merged 542 constraints with 24'378 literals into 59 constraints with 5'084 literals
  5.70e-03s  0.00e+00d  [DetectDominanceRelations] 
  1.79e-02s  0.00e+00d  [PresolveToFixPoint] #num_loops=1 #num_dual_strengthening=1 
  2.29e-02s  0.00e+00d  [ProcessAtMostOneAndLinear] #num_changes=331 
  1.17e-04s  0.00e+00d  [DetectDuplicateConstraints] #duplicates=7 
  5.48e-05s  0.00e+00d  [DetectDuplicateConstraintsWithDifferentEnforcements] #without_enforcements=2 
  1.35e-02s  4.97e-03d  [DetectDominatedLinearConstraints] #relevant_constraints=960 #num_inclusions=5'280 #num_redundant=354 
  9.44e-05s  0.00e+00d  [DetectDifferentVariables] 
  8.14e-04s  1.08e-03d  [ProcessSetPPC] #relevant_constraints=664 #num_inclusions=1'696 
  2.01e-04s  0.00e+00d  [TransformClausesToExactlyOne] #num_amos=490 
  5.80e-06s  0.00e+00d  [DetectEncodedComplexDomains] 
  6.40e-06s  0.00e+00d  [FindAlmostIdenticalLinearConstraints] 
  4.26e-02s  9.56e-02d  [FindBigAtMostOneAndLinearOverlap] #blocks=149 #saved_nz=22'729 
  2.43e-02s  2.94e-02d  [FindBigVerticalLinearOverlap] #blocks=269 #saved_nz=14'819 
  3.91e-04s  1.68e-03d  [FindBigHorizontalLinearOverlap] #linears=614 
  2.73e-05s  0.00e+00d  [MergeClauses] 
  2.17e-03s  0.00e+00d  [DetectDominanceRelations] 
  1.65e-03s  0.00e+00d  [DetectDominanceRelations] 
  1.37e-02s  0.00e+00d  [PresolveToFixPoint] #num_loops=5 #num_dual_strengthening=2 
  1.63e-03s  0.00e+00d  [DetectDominanceRelations] 
  5.04e-03s  0.00e+00d  [PresolveToFixPoint] #num_loops=1 #num_dual_strengthening=1 
  2.61e-04s  0.00e+00d  [DetectDuplicateColumns] 
  4.36e-05s  0.00e+00d  [DetectDuplicateConstraints] 
[Symmetry] Graph for symmetry has 5'298 nodes and 38'585 arcs.
[Symmetry] Symmetry computation done. time: 0.001169 dtime: 0.00258371
[SAT presolve] num removable Booleans: 0 / 900
[SAT presolve] num trivial clauses: 0
[SAT presolve] [0s] clauses:439 literals:1'774 vars:446 one_side_vars:235 simple_definition:116 singleton_clauses:0
[SAT presolve] [4.9653e-05s] clauses:439 literals:1'744 vars:446 one_side_vars:245 simple_definition:123 singleton_clauses:0
[SAT presolve] [9.1863e-05s] clauses:439 literals:1'744 vars:446 one_side_vars:245 simple_definition:123 singleton_clauses:0
  3.12e-04s  0.00e+00d  [DetectDuplicateConstraintsWithDifferentEnforcements] #without_enforcements=7 
  3.59e-02s  8.12e-02d  [Probe] #probed=1'816 #new_binary_clauses=55'321 
  1.87e-02s  1.36e-01d  [MaxClique] Merged 525 constraints with 5'845 literals into 152 constraints with 5'340 literals
  1.85e-03s  0.00e+00d  [DetectDominanceRelations] 
  1.61e-03s  0.00e+00d  [DetectDominanceRelations] 
  7.95e-03s  0.00e+00d  [PresolveToFixPoint] #num_loops=3 #num_dual_strengthening=2 
  5.10e-03s  0.00e+00d  [ProcessAtMostOneAndLinear] #num_changes=3 
  4.56e-05s  0.00e+00d  [DetectDuplicateConstraints] 
  3.19e-05s  0.00e+00d  [DetectDuplicateConstraintsWithDifferentEnforcements] 
  2.92e-04s  9.83e-05d  [DetectDominatedLinearConstraints] #relevant_constraints=557 #num_inclusions=42 #num_redundant=8 
  4.94e-05s  0.00e+00d  [DetectDifferentVariables] 
  4.77e-04s  1.16e-04d  [ProcessSetPPC] #relevant_constraints=1'102 #num_inclusions=6 
  1.96e-04s  0.00e+00d  [TransformClausesToExactlyOne] #num_amos=168 
  8.34e-06s  0.00e+00d  [DetectEncodedComplexDomains] 
  8.28e-06s  0.00e+00d  [FindAlmostIdenticalLinearConstraints] 
  7.07e-03s  2.08e-02d  [FindBigAtMostOneAndLinearOverlap] 
  7.69e-03s  1.18e-02d  [FindBigVerticalLinearOverlap] #blocks=62 #saved_nz=2'716 
  1.71e-04s  5.70e-04d  [FindBigHorizontalLinearOverlap] #linears=578 
  1.28e-05s  0.00e+00d  [MergeClauses] 
  1.69e-03s  0.00e+00d  [DetectDominanceRelations] 
  7.16e-03s  0.00e+00d  [PresolveToFixPoint] #num_loops=3 #num_dual_strengthening=1 
  1.47e-03s  0.00e+00d  [DetectDominanceRelations] 
  4.47e-03s  0.00e+00d  [PresolveToFixPoint] #num_loops=1 #num_dual_strengthening=1 
  2.45e-04s  0.00e+00d  [DetectDuplicateColumns] 
  4.93e-05s  0.00e+00d  [DetectDuplicateConstraints] 
[Symmetry] Graph for symmetry has 5'169 nodes and 33'581 arcs.
[Symmetry] Symmetry computation done. time: 0.000752333 dtime: 0.00228344
[SAT presolve] num removable Booleans: 0 / 942
[SAT presolve] num trivial clauses: 0
[SAT presolve] [0s] clauses:23 literals:109 vars:42 one_side_vars:41 simple_definition:1 singleton_clauses:0
[SAT presolve] [9.841e-06s] clauses:23 literals:109 vars:42 one_side_vars:41 simple_definition:1 singleton_clauses:0
[SAT presolve] [2.3954e-05s] clauses:23 literals:109 vars:42 one_side_vars:41 simple_definition:1 singleton_clauses:0
  6.55e-05s  0.00e+00d  [DetectDuplicateConstraintsWithDifferentEnforcements] 
  4.03e-02s  8.05e-02d  [Probe] #probed=1'902 #new_binary_clauses=68'257 
  2.10e-02s  1.56e-01d  [MaxClique] Merged 168 constraints with 5'336 literals into 160 constraints with 5'322 literals
  1.78e-03s  0.00e+00d  [DetectDominanceRelations] 
  4.67e-03s  0.00e+00d  [PresolveToFixPoint] #num_loops=1 #num_dual_strengthening=1 
  4.24e-03s  0.00e+00d  [ProcessAtMostOneAndLinear] #num_changes=2 
  4.36e-05s  0.00e+00d  [DetectDuplicateConstraints] 
  3.19e-05s  0.00e+00d  [DetectDuplicateConstraintsWithDifferentEnforcements] 
  2.52e-04s  8.16e-05d  [DetectDominatedLinearConstraints] #relevant_constraints=558 #num_inclusions=29 
  4.59e-05s  0.00e+00d  [DetectDifferentVariables] 
  7.73e-04s  1.03e-04d  [ProcessSetPPC] #relevant_constraints=1'170 #num_inclusions=22 
  2.03e-04s  0.00e+00d  [TransformClausesToExactlyOne] #num_amos=167 
  9.19e-06s  0.00e+00d  [DetectEncodedComplexDomains] 
  1.00e-05s  0.00e+00d  [FindAlmostIdenticalLinearConstraints] 
  5.05e-03s  1.48e-02d  [FindBigAtMostOneAndLinearOverlap] 
  6.15e-03s  9.24e-03d  [FindBigVerticalLinearOverlap] #blocks=32 #saved_nz=1'240 
  1.61e-04s  5.43e-04d  [FindBigHorizontalLinearOverlap] #linears=578 
  1.39e-05s  0.00e+00d  [MergeClauses] 
  1.39e-03s  0.00e+00d  [DetectDominanceRelations] 
  5.62e-03s  0.00e+00d  [PresolveToFixPoint] #num_loops=3 #num_dual_strengthening=1 
  2.61e-06s  0.00e+00d  [MergeNoOverlap] 
  2.89e-06s  0.00e+00d  [MergeNoOverlap2D] 

Presolve summary:
  - 9 affine relations were detected.
  - rule 'TODO dual: only one blocking constraint?' was applied 2'928 times.
  - rule 'TODO linear matrix: reuse defining constraint' was applied 1 time.
  - rule 'affine: new relation' was applied 9 times.
  - rule 'at_most_one: removed literals' was applied 107 times.
  - rule 'at_most_one: size one' was applied 2 times.
  - rule 'at_most_one: transformed into max clique' was applied 3 times.
  - rule 'bool_or: fixed literals' was applied 12 times.
  - rule 'bool_or: implications' was applied 32 times.
  - rule 'domination: fixed to lb.' was applied 11 times.
  - rule 'domination: in at most one' was applied 9 times.
  - rule 'duplicate: removed constraint' was applied 7 times.
  - rule 'duplicate: removed enforced constraint' was applied 809 times.
  - rule 'enforcement: true literal' was applied 51 times.
  - rule 'exactly_one: removed literals' was applied 30 times.
  - rule 'exactly_one: size two' was applied 9 times.
  - rule 'linear + amo: added implications' was applied 53 times.
  - rule 'linear + amo: detect hidden AMO' was applied 214 times.
  - rule 'linear + amo: empty after processing' was applied 85 times.
  - rule 'linear + amo: extracted enforcement literal' was applied 15'418 times.
  - rule 'linear + amo: fixed literal implied by enforcement' was applied 165 times.
  - rule 'linear + amo: infeasible enforcement' was applied 2 times.
  - rule 'linear + amo: removed enforcement literal' was applied 8'688 times.
  - rule 'linear + amo: simplified enforcement list' was applied 80 times.
  - rule 'linear + amo: trivial linear constraint' was applied 18 times.
  - rule 'linear inclusion: redundant included constraint' was applied 362 times.
  - rule 'linear matrix: common amo rectangle' was applied 149 times.
  - rule 'linear matrix: common vertical rectangle' was applied 363 times.
  - rule 'linear1: always true' was applied 3 times.
  - rule 'linear2: already known enforced relation' was applied 1 time.
  - rule 'linear2: convert ax + by != cte to clauses' was applied 8 times.
  - rule 'linear2: implied ax + by = cte has only one solution' was applied 2 times.
  - rule 'linear: always true' was applied 10 times.
  - rule 'linear: divide by GCD' was applied 26 times.
  - rule 'linear: empty' was applied 85 times.
  - rule 'linear: extracted at most one (max)' was applied 1'095 times.
  - rule 'linear: fixed or dup variables' was applied 703 times.
  - rule 'linear: negative reified and' was applied 1 time.
  - rule 'linear: positive at most one' was applied 294 times.
  - rule 'linear: positive equal one' was applied 331 times.
  - rule 'linear: reduced variable domains' was applied 186 times.
  - rule 'linear: remapped using affine relations' was applied 335 times.
  - rule 'linear: variable substitution 2' was applied 2 times.
  - rule 'new_bool: with clause' was applied 149 times.
  - rule 'presolve: 60 unused variables removed.' was applied 1 time.
  - rule 'presolve: iteration' was applied 3 times.
  - rule 'probing: bool_or reduced to implication' was applied 31 times.
  - rule 'setppc: removed dominated constraints' was applied 1 time.
  - rule 'symmetry: added orbit symmetry breaking implications' was applied 1 time.
  - rule 'symmetry: fixed to false in general orbit' was applied 39 times.

Presolved satisfaction model '': (model_fingerprint: 0x1de6fc59c210e539)
#Variables: 991 (541 primary variables)
  - 961 Booleans in [0,1]
  - 1 in [0][2,4]
  - 4 in [0][2,5]
  - 4 in [0][3,4]
  - 2 in [0][3,5]
  - 1 in [0][4,5]
  - 1 in [0][5,6][10,11]
  - 10 in [0,3]
  - 6 in [0,5]
  - 1 in [0,6]
#kAtMostOne: 153 (#literals: 5'308)
#kBoolAnd: 14 (#enforced: 14) (#literals: 28)
#kExactlyOne: 471 (#literals: 1'877)
#kLinearN: 571 (#enforced: 100 #multi: 100) (#terms: 20'827)
[Symmetry] Graph for symmetry has 5'185 nodes and 32'337 arcs.
[Symmetry] Symmetry computation done. time: 0.000745574 dtime: 0.00223358

Preloading model.
#Model   0.44s var:991/991 constraints:1209/1209

Starting search at 0.44s with 3 workers.
2 full problem subsolvers: [default_lp, no_lp]
1 first solution subsolver: [fj]
2 interleaved subsolvers: [feasibility_pump, rins/rens]
2 helper subsolvers: [neighborhood_helper, synchronization_agent]

#Done    0.68s default_lp

Task timing                   n [     min,      max]      avg      dev     time         n [     min,      max]      avg      dev    dtime
        'default_lp':         1 [240.44ms, 240.44ms] 240.44ms   0.00ns 240.44ms         2 [ 92.19ms, 331.20ms] 211.70ms 119.51ms 423.39ms
  'feasibility_pump':         5 [424.54us,  21.84ms]   6.07ms   8.30ms  30.33ms         4 [356.89us,  19.93ms]   5.25ms   8.47ms  21.00ms
                'fj':         5 [ 34.19ms,  50.80ms]  42.11ms   5.99ms 210.56ms         5 [ 73.62ms, 100.11ms]  94.76ms  10.57ms 473.81ms
             'no_lp':         1 [240.94ms, 240.94ms] 240.94ms   0.00ns 240.94ms         2 [ 92.10ms, 450.57ms] 271.33ms 179.24ms 542.66ms
         'rins/rens':         0 [  0.00ns,   0.00ns]   0.00ns   0.00ns   0.00ns         0 [  0.00ns,   0.00ns]   0.00ns   0.00ns   0.00ns

Search stats     Bools  Conflicts  Branches  Restarts  BacktrackToRoot  Backtrack  BoolPropag  IntegerPropag
  'default_lp':    961         41     6'743         0            3'495      4'817     847'149        872'127
       'no_lp':    961      6'800    16'661        23            3'515     11'341   1'271'097      1'017'211

SAT formula      Fixed  Equiv  Total  VarLeft  BinaryClauses  PermanentClauses  TemporaryClauses
  'default_lp':    219      0    961      742         10'764               454                29
       'no_lp':      0      0    961      961         10'762               475             2'654

SAT stats        ClassicMinim  LitRemoved  LitRemovedBinary  LitLearned  LitForgotten  Subsumed
  'default_lp':            19          51                93       1'754             0         2
       'no_lp':         4'792      58'115           196'701     634'823             0     3'862

Vivification     Clauses  Decisions  LitTrue  Subsumed  LitRemoved  DecisionReused  Conflicts
  'default_lp':      936      2'858        0        19          86               2          0
       'no_lp':      934      2'847        0        19          85               2          0

Clause deletion    at_true  l_and_not(l)  to_binary  sub_conflict  sub_extra  sub_decisions  sub_eager  sub_vivify  sub_probing  sub_inpro  blocked  eliminated  forgotten  promoted  conflicts
    'default_lp':        0             0          0             1          3              2          1          19            0          0        0           0          0        59         41
         'no_lp':        0             0          0         3'731        252              9        131          19            0          0        0           0          0    13'228      6'800

Lp stats         Component  Iterations  AddedCuts  OPTIMAL  DUAL_F.  DUAL_U.
  'default_lp':          1       3'241        235       24        0       38

Lp dimension       Final dimension of first component
  'default_lp':  680 rows, 975 columns, 11109 entries

Lp debug         CutPropag  CutEqPropag  Adjust  Overflow    Bad  BadScaling
  'default_lp':          0            0      38         0  1'196           0

Lp pool          Constraints  Updates  Simplif  Merged  Shortened  Split  Strengthened  Cuts/Call
  'default_lp':        1'330       18      657       0        658      0             4    235/281

Lp Cut           default_lp
            IB:         164
      MIR_1_FF:          11
       MIR_1_K:           1
      MIR_1_KL:           1
       MIR_1_R:           4
      MIR_1_RB:           3
      MIR_2_FF:           8
       MIR_2_K:           2
       MIR_2_R:           1
      MIR_2_RB:           2
      MIR_3_FF:           1
       MIR_3_R:           2
      MIR_3_RB:           2
       MIR_4_R:           1
      MIR_4_RB:           2
       MIR_5_R:           1
      MIR_5_RB:           2
      MIR_6_FF:           1
      MIR_6_RB:           1
  ZERO_HALF_FF:           1
   ZERO_HALF_K:           1
   ZERO_HALF_R:          22
  ZERO_HALF_RB:           1

LNS stats       Improv/Calls  Closed  Difficulty  TimeLimit
  'rins/rens':           0/0      0%    5.00e-01       0.10

LS stats                              Batches  Restarts/Perturbs  LinMoves  GenMoves  CompoundMoves  Bactracks  WeightUpdates  ScoreComputed
                       'fj_restart':        1                  1    11'422         0              0          0         11'118         18'015
  'fj_restart_compound_perturb_obj':        1                  1         0     3'907            294      1'803              5         95'512
                 'fj_restart_decay':        1                  1     8'335         0              0          0            744          8'901
     'fj_restart_decay_perturb_obj':        1                  1     6'119         0              0          0            571          6'974
           'fj_restart_perturb_obj':        1                  1     8'817         0              0          0          4'869         21'487

Solution repositories    Added  Queried  Synchro
    'alternative_path':      0        0        0
      'best_solutions':      0        0        0
   'fj solution hints':      0        0        0
        'lp solutions':      0        0        0
                'pump':      0        0

Clauses shared    #Exported  #Imported  #BinaryRead  #BinaryTotal
   'default_lp':          1          0            9             9
        'no_lp':          8          0            8             9

LRAT_status: NA
CpSolverResponse summary:
status: INFEASIBLE
objective: NA
best_bound: NA
integers: 975
booleans: 961
conflicts: 41
branches: 6743
propagations: 847149
integer_propagations: 872127
restarts: 0
lp_iterations: 3241
walltime: 0.677971
usertime: 0.677971
deterministic_time: 2.5481
gap_integral: 0

{"encoding": "A direct integer inequalities", "edge": true, "unit": false, "threshold": 30, "options": 550, "status": "INFEASIBLE", "seconds": 0.6780528340023011, "workers": 3, "model_sha256": "fc0dde645d5985cbf4aa88ec5cbe3f85a82c67feba3b26e27fd6f89e3766cf33", "response": "CpSolverResponse summary:\nstatus: INFEASIBLE\nobjective: NA\nbest_bound: NA\nintegers: 975\nbooleans: 961\nconflicts: 41\nbranches: 6743\npropagations: 847149\ninteger_propagations: 872127\nrestarts: 0\nlp_iterations: 3241\nwalltime: 0.677971\nusertime: 0.677971\ndeterministic_time: 2.5481\ngap_integral: 0\n"}

Starting CP-SAT solver v9.15.6755
Parameters: max_time_in_seconds: 600 log_search_progress: true num_workers: 3

Initial satisfaction model '': (model_fingerprint: 0xba1505b0e3d3004f)
#Variables: 550 (550 primary variables)
  - 550 Booleans in [0,1]
#kLinear1: 8
#kLinear2: 8
#kLinear3: 10
#kLinearN: 1'328 (#terms: 127'627)

Starting presolve at 0.00s
  1.02e-02s  0.00e+00d  [DetectDominanceRelations] 
  9.60e-04s  0.00e+00d  [DetectDominanceRelations] 
  4.13e-02s  0.00e+00d  [PresolveToFixPoint] #num_loops=3 #num_dual_strengthening=2 
  1.13e-05s  0.00e+00d  [ExtractEncodingFromLinear] #potential_supersets=230 
  2.76e-04s  0.00e+00d  [DetectDuplicateColumns] 
  8.92e-05s  0.00e+00d  [DetectDuplicateConstraints] #duplicates=170 
[Symmetry] Graph for symmetry has 2'245 nodes and 26'876 arcs.
[Symmetry] Symmetry computation done. time: 0.0011081 dtime: 0.0043603
[Symmetry] #generators: 1, average support size: 200
[Symmetry] 100 orbits on 200 variables with sizes: 2,2,2,2,2,2,2,2,2,2,...
[Symmetry] Num fixable by intersecting at_most_one with orbits: 7 largest_orbit: 2
[SAT presolve] num removable Booleans: 0 / 201
[SAT presolve] num trivial clauses: 0
[SAT presolve] [0s] clauses:19 literals:50 vars:26 one_side_vars:26 simple_definition:0 singleton_clauses:0
[SAT presolve] [8.75e-06s] clauses:13 literals:30 vars:26 one_side_vars:26 simple_definition:0 singleton_clauses:0
[SAT presolve] [1.4518e-05s] clauses:13 literals:30 vars:26 one_side_vars:26 simple_definition:0 singleton_clauses:0
  2.08e-04s  0.00e+00d  [DetectDuplicateConstraintsWithDifferentEnforcements] #without_enforcements=803 
  3.55e-03s  8.47e-03d  [Probe] #probed=386 #fixed_bools=1 #new_binary_clauses=381 
  8.90e-04s  6.70e-03d  [MaxClique] Merged 260 constraints with 2'574 literals into 59 constraints with 1'050 literals
  8.49e-04s  0.00e+00d  [DetectDominanceRelations] 
  3.92e-03s  0.00e+00d  [PresolveToFixPoint] #num_loops=1 #num_dual_strengthening=1 
  3.42e-03s  0.00e+00d  [ProcessAtMostOneAndLinear] #num_changes=160 
  3.40e-05s  0.00e+00d  [DetectDuplicateConstraints] #duplicates=12 
  2.76e-05s  0.00e+00d  [DetectDuplicateConstraintsWithDifferentEnforcements] #without_enforcements=10 
  2.13e-03s  3.58e-04d  [DetectDominatedLinearConstraints] #relevant_constraints=648 #num_inclusions=2'644 #num_redundant=230 
  3.44e-05s  0.00e+00d  [DetectDifferentVariables] 
  1.98e-04s  1.47e-04d  [ProcessSetPPC] #relevant_constraints=476 #num_inclusions=1'327 
  6.84e-05s  0.00e+00d  [TransformClausesToExactlyOne] #num_amos=152 
  4.77e-06s  0.00e+00d  [DetectEncodedComplexDomains] 
  5.85e-06s  0.00e+00d  [FindAlmostIdenticalLinearConstraints] 
  3.26e-03s  8.43e-03d  [FindBigAtMostOneAndLinearOverlap] #blocks=7 #saved_nz=783 
  2.96e-03s  2.91e-03d  [FindBigVerticalLinearOverlap] #blocks=68 #saved_nz=4'361 
  4.47e-05s  3.84e-05d  [FindBigHorizontalLinearOverlap] #linears=413 
  1.46e-05s  0.00e+00d  [MergeClauses] 
  4.87e-04s  0.00e+00d  [DetectDominanceRelations] 
  4.21e-04s  0.00e+00d  [DetectDominanceRelations] 
  3.28e-03s  0.00e+00d  [PresolveToFixPoint] #num_loops=4 #num_dual_strengthening=2 
  4.23e-04s  0.00e+00d  [DetectDominanceRelations] 
  1.51e-03s  0.00e+00d  [PresolveToFixPoint] #num_loops=1 #num_dual_strengthening=1 
  7.75e-05s  0.00e+00d  [DetectDuplicateColumns] 
  2.26e-05s  0.00e+00d  [DetectDuplicateConstraints] 
[Symmetry] Graph for symmetry has 1'864 nodes and 10'390 arcs.
[Symmetry] Symmetry computation done. time: 0.000263267 dtime: 0.00077833
[SAT presolve] num removable Booleans: 0 / 266
[SAT presolve] num trivial clauses: 0
[SAT presolve] [0s] clauses:136 literals:656 vars:182 one_side_vars:118 simple_definition:43 singleton_clauses:0
[SAT presolve] [1.8232e-05s] clauses:131 literals:600 vars:182 one_side_vars:127 simple_definition:45 singleton_clauses:0
[SAT presolve] [3.2211e-05s] clauses:131 literals:600 vars:182 one_side_vars:127 simple_definition:45 singleton_clauses:0
  2.46e-05s  0.00e+00d  [DetectDuplicateConstraintsWithDifferentEnforcements] #without_enforcements=11 
  2.76e-03s  5.46e-03d  [Probe] #probed=534 #new_binary_clauses=1'727 
  6.28e-04s  3.08e-03d  [MaxClique] Merged 168 constraints with 1'375 literals into 106 constraints with 1'294 literals
  4.22e-04s  0.00e+00d  [DetectDominanceRelations] 
  1.53e-03s  0.00e+00d  [PresolveToFixPoint] #num_loops=1 #num_dual_strengthening=1 
  1.18e-03s  0.00e+00d  [ProcessAtMostOneAndLinear] #num_changes=13 
  1.68e-05s  0.00e+00d  [DetectDuplicateConstraints] 
  1.54e-05s  0.00e+00d  [DetectDuplicateConstraintsWithDifferentEnforcements] 
  2.45e-04s  5.02e-05d  [DetectDominatedLinearConstraints] #relevant_constraints=378 #num_inclusions=300 #num_redundant=2 
  2.66e-05s  0.00e+00d  [DetectDifferentVariables] 
  1.60e-04s  4.46e-05d  [ProcessSetPPC] #relevant_constraints=556 #num_inclusions=368 
  7.43e-05s  0.00e+00d  [TransformClausesToExactlyOne] #num_amos=141 
  4.27e-06s  0.00e+00d  [DetectEncodedComplexDomains] 
  5.23e-06s  0.00e+00d  [FindAlmostIdenticalLinearConstraints] 
  1.27e-03s  2.71e-03d  [FindBigAtMostOneAndLinearOverlap] 
  8.68e-04s  1.25e-03d  [FindBigVerticalLinearOverlap] #blocks=7 #saved_nz=274 
  3.65e-05s  3.45e-05d  [FindBigHorizontalLinearOverlap] #linears=374 
  6.24e-06s  0.00e+00d  [MergeClauses] 
  4.12e-04s  0.00e+00d  [DetectDominanceRelations] 
  1.84e-03s  0.00e+00d  [PresolveToFixPoint] #num_loops=2 #num_dual_strengthening=1 
  4.00e-04s  0.00e+00d  [DetectDominanceRelations] 
  1.44e-03s  0.00e+00d  [PresolveToFixPoint] #num_loops=1 #num_dual_strengthening=1 
  6.86e-05s  0.00e+00d  [DetectDuplicateColumns] 
  1.82e-05s  0.00e+00d  [DetectDuplicateConstraints] 
[Symmetry] Graph for symmetry has 1'820 nodes and 9'483 arcs.
[Symmetry] Symmetry computation done. time: 0.000252441 dtime: 0.00072626
[Symmetry] #generators: 4, average support size: 2
[Symmetry] 4 orbits on 8 variables with sizes: 2,2,2,2
[Symmetry] Num fixable by intersecting at_most_one with orbits: 2 largest_orbit: 2
[Symmetry] Found orbitope of size 1 x 2
[SAT presolve] num removable Booleans: 0 / 273
[SAT presolve] num trivial clauses: 0
[SAT presolve] [0s] clauses:34 literals:68 vars:52 one_side_vars:52 simple_definition:0 singleton_clauses:0
[SAT presolve] [7.337e-06s] clauses:34 literals:68 vars:52 one_side_vars:52 simple_definition:0 singleton_clauses:0
[SAT presolve] [1.5222e-05s] clauses:34 literals:68 vars:52 one_side_vars:52 simple_definition:0 singleton_clauses:0
  2.16e-05s  0.00e+00d  [DetectDuplicateConstraintsWithDifferentEnforcements] 
  2.75e-03s  5.46e-03d  [Probe] #probed=544 #new_binary_clauses=1'936 
  6.61e-04s  3.25e-03d  [MaxClique] Merged 139 constraints with 1'360 literals into 125 constraints with 1'340 literals
  4.75e-04s  0.00e+00d  [DetectDominanceRelations] 
  3.86e-04s  0.00e+00d  [DetectDominanceRelations] 
  2.09e-03s  0.00e+00d  [PresolveToFixPoint] #num_loops=2 #num_dual_strengthening=2 
  1.06e-03s  0.00e+00d  [ProcessAtMostOneAndLinear] #num_changes=3 
  1.69e-05s  0.00e+00d  [DetectDuplicateConstraints] 
  1.50e-05s  0.00e+00d  [DetectDuplicateConstraintsWithDifferentEnforcements] 
  2.29e-04s  4.49e-05d  [DetectDominatedLinearConstraints] #relevant_constraints=375 #num_inclusions=281 
  2.53e-05s  0.00e+00d  [DetectDifferentVariables] 
  1.61e-04s  4.49e-05d  [ProcessSetPPC] #relevant_constraints=585 #num_inclusions=435 
  7.38e-05s  2.12e-07d  [TransformClausesToExactlyOne] #num_amos=125 #num_clauses=4 #num_checked=4 
  6.09e-06s  0.00e+00d  [DetectEncodedComplexDomains] 
  5.57e-06s  0.00e+00d  [FindAlmostIdenticalLinearConstraints] 
  1.12e-03s  2.33e-03d  [FindBigAtMostOneAndLinearOverlap] 
  8.19e-04s  1.13e-03d  [FindBigVerticalLinearOverlap] #blocks=6 #saved_nz=212 
  3.57e-05s  3.29e-05d  [FindBigHorizontalLinearOverlap] #linears=373 
  1.35e-05s  8.00e-08d  [MergeClauses] 
  3.97e-04s  0.00e+00d  [DetectDominanceRelations] 
  1.67e-03s  0.00e+00d  [PresolveToFixPoint] #num_loops=2 #num_dual_strengthening=1 
  1.90e-06s  0.00e+00d  [MergeNoOverlap] 
  2.13e-06s  0.00e+00d  [MergeNoOverlap2D] 

Presolve summary:
  - 1 affine relations were detected.
  - rule 'TODO dual: only one blocking constraint?' was applied 1'499 times.
  - rule 'TODO linear inclusion: superset is equality' was applied 33 times.
  - rule 'TODO linear matrix: reuse defining constraint' was applied 7 times.
  - rule 'affine: new relation' was applied 1 time.
  - rule 'at_most_one: empty or all false' was applied 2 times.
  - rule 'at_most_one: removed literals' was applied 245 times.
  - rule 'at_most_one: size one' was applied 16 times.
  - rule 'at_most_one: transformed into max clique' was applied 3 times.
  - rule 'bool_or: fixed literals' was applied 2 times.
  - rule 'bool_or: implications' was applied 47 times.
  - rule 'bool_or: removed enforcement literal' was applied 4 times.
  - rule 'domination: fixed to lb.' was applied 2 times.
  - rule 'domination: in at most one' was applied 350 times.
  - rule 'duplicate: merged rhs of linear constraint' was applied 7 times.
  - rule 'duplicate: removed constraint' was applied 182 times.
  - rule 'duplicate: removed enforced constraint' was applied 814 times.
  - rule 'enforcement: true literal' was applied 11 times.
  - rule 'exactly_one: removed literals' was applied 2 times.
  - rule 'exactly_one: size two' was applied 1 time.
  - rule 'linear + amo: added implications' was applied 25 times.
  - rule 'linear + amo: detect hidden AMO' was applied 162 times.
  - rule 'linear + amo: empty after processing' was applied 72 times.
  - rule 'linear + amo: extracted enforcement literal' was applied 2'510 times.
  - rule 'linear + amo: fixed literal implied by enforcement' was applied 168 times.
  - rule 'linear + amo: infeasible enforcement' was applied 17 times.
  - rule 'linear + amo: removed enforcement literal' was applied 801 times.
  - rule 'linear + amo: simplified enforcement list' was applied 76 times.
  - rule 'linear + amo: trivial linear constraint' was applied 165 times.
  - rule 'linear inclusion: redundant containing constraint' was applied 2 times.
  - rule 'linear inclusion: redundant included constraint' was applied 230 times.
  - rule 'linear matrix: common amo rectangle' was applied 7 times.
  - rule 'linear matrix: common vertical rectangle' was applied 81 times.
  - rule 'linear with partial amo: constant coeff' was applied 2 times.
  - rule 'linear1: always true' was applied 3 times.
  - rule 'linear2: convert ax + by != cte to clauses' was applied 8 times.
  - rule 'linear2: implied ax + by = cte has only one solution' was applied 13 times.
  - rule 'linear: always true' was applied 12 times.
  - rule 'linear: coefficient strengthening by increasing it' was applied 24 times.
  - rule 'linear: divide by GCD' was applied 43 times.
  - rule 'linear: empty' was applied 72 times.
  - rule 'linear: extracted at most one (max)' was applied 858 times.
  - rule 'linear: extracted enforcement literal' was applied 4 times.
  - rule 'linear: fixed or dup variables' was applied 1'403 times.
  - rule 'linear: negative clause' was applied 6 times.
  - rule 'linear: negative reified and' was applied 1 time.
  - rule 'linear: positive at most one' was applied 273 times.
  - rule 'linear: positive equal one' was applied 81 times.
  - rule 'linear: reduced variable domains' was applied 23 times.
  - rule 'linear: remapped using affine relations' was applied 34 times.
  - rule 'linear: remove irrelevant part' was applied 2 times.
  - rule 'linear: small Boolean expression' was applied 1 time.
  - rule 'new_bool: with clause' was applied 7 times.
  - rule 'presolve: 362 unused variables removed.' was applied 1 time.
  - rule 'presolve: iteration' was applied 3 times.
  - rule 'probing: bool_or reduced to implication' was applied 50 times.
  - rule 'probing: simplified clauses' was applied 2 times.
  - rule 'probing: simplified enforcement list' was applied 1 time.
  - rule 'setppc: removed dominated constraints' was applied 1 time.
  - rule 'symmetry: added orbit symmetry breaking implications' was applied 1 time.
  - rule 'symmetry: fixed to false in general orbit' was applied 9 times.

Presolved satisfaction model '': (model_fingerprint: 0x34b9721ca9b2615)
#Variables: 275 (198 primary variables)
  - 275 Booleans in [0,1]
#kAtMostOne: 106 (#literals: 1'284)
#kBoolAnd: 19 (#enforced: 19) (#literals: 38)
#kBoolAndClauses: 1 (#enforced: 1 #multi: 1) (#literals: 13)
#kBoolOr: 4 (#literals: 16)
#kExactlyOne: 87 (#literals: 390)
#kLinearN: 374 (#enforced: 32 #multi: 24) (#terms: 6'592)
[Symmetry] Graph for symmetry has 1'445 nodes and 9'133 arcs.
[Symmetry] Symmetry computation done. time: 0.000226758 dtime: 0.00067134

Preloading model.
#Model   0.10s var:275/275 constraints:591/591

Starting search at 0.10s with 3 workers.
2 full problem subsolvers: [default_lp, no_lp]
1 first solution subsolver: [fj]
2 interleaved subsolvers: [feasibility_pump, rins/rens]
2 helper subsolvers: [neighborhood_helper, synchronization_agent]

#Done    0.11s default_lp

Task timing                   n [     min,      max]      avg      dev     time         n [     min,      max]      avg      dev    dtime
        'default_lp':         1 [ 10.62ms,  10.62ms]  10.62ms   0.00ns  10.62ms         1 [ 19.60ms,  19.60ms]  19.60ms   0.00ns  19.60ms
  'feasibility_pump':         1 [  1.37ms,   1.37ms]   1.37ms   0.00ns   1.37ms         0 [  0.00ns,   0.00ns]   0.00ns   0.00ns   0.00ns
                'fj':         1 [ 39.53ms,  39.53ms]  39.53ms   0.00ns  39.53ms         1 [100.00ms, 100.00ms] 100.00ms   0.00ns 100.00ms
             'no_lp':         1 [ 10.76ms,  10.76ms]  10.76ms   0.00ns  10.76ms         2 [  5.98ms,  17.31ms]  11.65ms   5.66ms  23.30ms
         'rins/rens':         0 [  0.00ns,   0.00ns]   0.00ns   0.00ns   0.00ns         0 [  0.00ns,   0.00ns]   0.00ns   0.00ns   0.00ns

Search stats     Bools  Conflicts  Branches  Restarts  BacktrackToRoot  Backtrack  BoolPropag  IntegerPropag
  'default_lp':    275         11     1'726         0              938      1'282      37'393         38'558
       'no_lp':    275        773     3'053         4              941      2'048      49'280         42'187

SAT formula      Fixed  Equiv  Total  VarLeft  BinaryClauses  PermanentClauses  TemporaryClauses
  'default_lp':     47      0    275      228          1'388                88                 2
       'no_lp':      0      0    275      275          1'388                89               205

SAT stats        ClassicMinim  LitRemoved  LitRemovedBinary  LitLearned  LitForgotten  Subsumed
  'default_lp':             0           0                 2          56             0         2
       'no_lp':           727       6'439             1'869      46'233             0       562

Vivification     Clauses  Decisions  LitTrue  Subsumed  LitRemoved  DecisionReused  Conflicts
  'default_lp':      173        617        0         2           8               1          0
       'no_lp':      173        617        0         2           8               1          0

Clause deletion    at_true  l_and_not(l)  to_binary  sub_conflict  sub_extra  sub_decisions  sub_eager  sub_vivify  sub_probing  sub_inpro  blocked  eliminated  forgotten  promoted  conflicts
    'default_lp':        0             0          0             2          2              0          0           2            7          0        0           0          0         5         11
         'no_lp':        0             0          0           551          2              0         11           2            7          0        0           0          0     1'474        773

Lp stats         Component  Iterations  AddedCuts  OPTIMAL  DUAL_F.  DUAL_U.
  'default_lp':          1         389          0       12        0        9

Lp dimension      Final dimension of first component
  'default_lp':  218 rows, 271 columns, 3389 entries

Lp debug         CutPropag  CutEqPropag  Adjust  Overflow  Bad  BadScaling
  'default_lp':          0            0       9         0    0           0

Lp pool          Constraints  Updates  Simplif  Merged  Shortened  Split  Strengthened  Cuts/Call
  'default_lp':          535        0        0       0          0      0             0        0/0

LNS stats       Improv/Calls  Closed  Difficulty  TimeLimit
  'rins/rens':           0/0      0%    5.00e-01       0.10

LS stats         Batches  Restarts/Perturbs  LinMoves  GenMoves  CompoundMoves  Bactracks  WeightUpdates  ScoreComputed
  'fj_restart':        1                  1    15'722         0              0          0         16'139            275

Solution repositories    Added  Queried  Synchro
    'alternative_path':      0        0        0
      'best_solutions':      0        0        0
   'fj solution hints':      0        0        0
        'lp solutions':      0        0        0
                'pump':      0        0

Clauses shared    #Exported  #Imported  #BinaryRead  #BinaryTotal
   'default_lp':          1          0            1             1
        'no_lp':          0          0            1             1

LRAT_status: NA
CpSolverResponse summary:
status: INFEASIBLE
objective: NA
best_bound: NA
integers: 271
booleans: 275
conflicts: 11
branches: 1726
propagations: 37393
integer_propagations: 38558
restarts: 0
lp_iterations: 389
walltime: 0.143528
usertime: 0.143528
deterministic_time: 0.194883
gap_integral: 0

{"encoding": "A direct integer inequalities", "edge": true, "unit": true, "threshold": 14, "options": 550, "status": "INFEASIBLE", "seconds": 0.14360122299694922, "workers": 3, "model_sha256": "30f53c73c8e2ccb4d6f8587857c674865280d4583237ec1034e02b644c0cb604", "response": "CpSolverResponse summary:\nstatus: INFEASIBLE\nobjective: NA\nbest_bound: NA\nintegers: 271\nbooleans: 275\nconflicts: 11\nbranches: 1726\npropagations: 37393\ninteger_propagations: 38558\nrestarts: 0\nlp_iterations: 389\nwalltime: 0.143528\nusertime: 0.143528\ndeterministic_time: 0.194883\ngap_integral: 0\n"}
