RF1 1
KF1 1
RF2 1
KF2 1
RF3 1
KF3 656
RF4 1
KF4 1
RF5 1
KF5 1
RF6 1
KF6 1
RF7 1
KF7 1
RF8 1
KF8 1
RF9 1
KF9 1
RF10 1
KF10 1
RF11 1
KF11 1
RF12 1
KF12 1
RF13 1
KF13 1
RF14 540
KF14 648
RF15 1
KF15 1
RF16 308
KF16 1
RF17 1
KF17 1012
RF18 1
KF18 512
RF19 1
KF19 1
RF20 1
KF20 1
RF21 1
KF21 1
RF22 1
KF22 1
RF23 1
KF23 1
RF24 1
KF24 1
RF25 1
KF25 676
RF26 832
KF26 700
RF27 1
KF27 1
RF28 1
KF28 1
RF29 1
KF29 1
RF30 1
KF30 1
RF31 1
KF31 1
RF32 1
KF32 1
RF33 1
KF33 1
RF34 1
KF34 1
KO1 1020
KO2 788
KO3 1076
KO4 1012
KO5 668
KO6 832
KO7 1
KO8 1
KO9 1
KO10 1
KO11 1
KO12 1
KO13 1
KO14 1
KO15 1
KO16 1
KO17 1
KO18 1
B1 428
B2 1
B3 1
B4 1
B5 1
B6 1
B7 828
B8 1
B9 432
B10 1
B11 1
B12 1
B13 1
B14 1
B15 748
B16 1
B17 1
O1 1156
O2 1064
O3 540
O4 1
O5 1
O6 1
O7 1
O8 1
O9 1
Q1 1
Q2 1
Q3 1
Q4 1
Q5 1
Q6 1
SC1 1
SA1 1
SB1 1108
S1 1108
SC2 1
SA2 1
SB2 1
S2 576
SC3 1
SA3 452
SB3 184
S3 1
SC4 856
SA4 976
SB4 484
S4 1
SC5 1
SA5 1
SB5 1
S5 1
SC6 1
SA6 1
SB6 1
S6 1
SC7 780
SA7 1104
SB7 420
S7 1
SC8 1
SA8 1
SB8 1
S8 1
SC9 1
SA9 1
SB9 1
S9 1
SC10 1
SA10 1
SB10 1
S10 1
SC11 1
SA11 1
SB11 792
S11 1072
SC12 1
SA12 1
SB12 1
S12 1
SC13 1
SA13 1
SB13 1
S13 1
QC1 416
QA1 1
QB1 1
QK1 1
QC2 1
QA2 1
QB2 1
QK2 1
QC3 1
QA3 1
QB3 1
QK3 1
QC4 1
QA4 1
QB4 1
QK4 1
QC5 1
QA5 336
QB5 396
QK5 1
QC6 1
QA6 1
QB6 1
QK6 1
R1 1
R2 1
R3 1
R4 1
R5 1
R6 1
R7 1
R8 1
R9 1
R10 1
R11 1
R12 1
R13 1
R14 1
R15 1
R16 1
R17 1
P1 1116
H1 1
P2 1
H2 1
P3 1
H3 1
P4 696
H4 1
P5 1
H5 1
P6 1
H6 1
E1 1080
E2 1
E3 1
F1 1
F2 1
F3 664
F4 1
CORE 180
WFE1 1
WFE2 1
WFE3 1
WFE4 1
WFE5 1
WFE6 1
WFE7 1
WFE8 1
WFE9 1
WFE10 1
WFE11 1
WFE12 1
WFE13 1
WFE14 1
WFE15 1
WFE16 1
WFE17 1
WFE18 1
WFE19 1
WFE20 1
WFE21 1
WFE22 1
WFE23 1
WFE24 1
WFE25 1
WFE26 1
WFE27 1
WFE28 1
WFE29 1
WFE30 1
WFE31 1
WFE32 1
WFE33 1
WFE34 1
WO7 1
WO8 1
WO9 1
WO10 1
WO11 1
WO12 1
WO13 1
WO14 1
WO15 1
WO16 1
WO17 1
WO18 1
POWER0 1
POWER1 1
POWER2 1
POWER3 1
POWER4 1
POWER5 1
POWER6 1
POWER7 1
POWER8 1
POWER9 1
POWER10 1
POWER11 1
POWER12 1
POWER13 1
POWER14 1
POWER15 1
POWER16 267
POWER17 1
POWER18 1
POWER19 1
POWER20 1
POWER21 145
POWER22 1
POWER23 1
POWER24 229
POWER25 238
POWER26 1
POWER27 1
找到摆放 20.009666305 2650808.0
找到摆放 20.178606111 930789.0
找到摆放 20.431344272 920811.0
找到摆放 20.462277172 30784.0
找到摆放 20.772518848 20811.0
找到摆放 20.94519061 10811.0
找到摆放 20.985049302 -39219.0
找到摆放 21.213109381000002 -89225.0
找到摆放 21.348803032000003 -119222.0
找到摆放 21.525049526 -239237.0
找到摆放 21.56730083 -389237.0
找到摆放 21.964629477000003 -419275.0
找到摆放 22.296038597000003 -439274.0
找到摆放 22.606298838 -439417.0
找到摆放 24.256533676 -489358.0
找到摆放 25.268419391000002 -489359.0
找到摆放 26.738077483 -499383.0
找到摆放 27.885478907000003 -509389.0
找到摆放 29.041826661 -539375.0
{'status': 'FEASIBLE', 'wall': 35.033930251, 'variables': 43123, 'constraints': 171562, 'radius': 8, 'source': '/home/zhuran24/zmd-research-fresh/求解器/构造/第四张全厂候选/实现/实验/实线开路循环/0011-source.json'}
