{"command": ["/home/zhuran24/zmd-research-fresh/求解器/target/debug/kernel", "verify-batch", "/home/zhuran24/zmd-research-fresh/求解器/crates/kernel/evidence/round6/revision-r5/cli/package", "--config", "/home/zhuran24/zmd-research-fresh/求解器/规格/内核配置-v1.json"], "cwd": "/home/zhuran24/zmd-research-fresh", "exit": 0}
{
  "status": "input_checked",
  "read_only": true,
  "records": [
    {
      "path": "/home/zhuran24/zmd-research-fresh/求解器/crates/kernel/evidence/round6/revision-r5/cli/package/checkpoint_delta/records/record.json",
      "ticks": {
        "ticks": 21,
        "wireless_item_transactions": 1
      }
    },
    {
      "path": "/home/zhuran24/zmd-research-fresh/求解器/crates/kernel/evidence/round6/revision-r5/cli/package/full_state_each_instant/records/record.json",
      "ticks": {
        "ticks": 21,
        "wireless_item_transactions": 1
      }
    }
  ],
  "cycles": [
    {
      "path": "/home/zhuran24/zmd-research-fresh/求解器/crates/kernel/evidence/round6/revision-r5/cli/package/checkpoint_delta/certificates/cycle.json",
      "verification": {
        "checks": [
          "引用原始字节/format/producer和完整来源链",
          "原种子到达前缀及跨刻事件身份",
          "独立重建D动态前件及周期账/率/接收域",
          "从周期起点P次step_tick及完整终态"
        ],
        "cycle_replayed": true,
        "period": 20,
        "prefix_replayed": 21,
        "start_time": 0,
        "status": "input_checked"
      }
    },
    {
      "path": "/home/zhuran24/zmd-research-fresh/求解器/crates/kernel/evidence/round6/revision-r5/cli/package/full_state_each_instant/certificates/cycle.json",
      "verification": {
        "checks": [
          "引用原始字节/format/producer和完整来源链",
          "原种子到达前缀及跨刻事件身份",
          "独立重建D动态前件及周期账/率/接收域",
          "从周期起点P次step_tick及完整终态"
        ],
        "cycle_replayed": true,
        "period": 20,
        "prefix_replayed": 21,
        "start_time": 0,
        "status": "input_checked"
      }
    }
  ],
  "reference_records": 0,
  "historical_records": [],
  "scope": "当前v4记录和v3周期按现行源、schema、Rust重放及Python部分接收账验收；旧版本列作史料。"
}
已核 cycle.json
已核 record.json
已核 cycle.json
已核 record.json
