{'J': 1, 'cap': 184, 'units': 1945, 'rows': 5653, 'variables': 4540, 'model_sha256': '34ace6ad2864a57d85b99199a596930f92e2673824345102d28c77342804fc43', 'code_sha256': {'geometry77.py': '555274684b5cb4428d2b42791cb44bbae35c8207750b96827d95150195e0efc1', 'model77.py': '7bb9554c9cd727e6a85c03dab508493defbd31ec68762ae2b3eb867fe9723953', 'edges77.py': 'ddf1b80fd195b96da49fcbff40dbf39dfe7e48f247d089ae8fbcb60dbe9f38a6', 'tighter77.py': '0bf330542408bab50dfb1edb3d994a6c53ceeb7767d46226115c060addbba5eb'}}

Starting CP-SAT solver v9.15.6755
Parameters: random_seed: 7711 max_time_in_seconds: 600 log_search_progress: true linearization_level: 2 num_search_workers: 4

Initial satisfaction model '': (model_fingerprint: 0x49887f8140fa7ad0)
#Variables: 4'540 (4'540 primary variables)
  - 4'140 Booleans in [0,1]
  - 400 in [0,9]
#kLinear1: 2
#kLinear2: 1'822
#kLinear3: 946
#kLinearN: 4'748 (#terms: 175'294)

Starting presolve at 0.01s
  3.91e-03s  0.00e+00d  [DetectDominanceRelations] 
  3.50e-02s  0.00e+00d  [PresolveToFixPoint] #num_loops=3 #num_dual_strengthening=2 
  7.11e-05s  0.00e+00d  [ExtractEncodingFromLinear] #potential_supersets=1'847 
  3.10e-03s  0.00e+00d  [DetectDuplicateColumns] 
  2.40e-04s  0.00e+00d  [DetectDuplicateConstraints] #duplicates=14 
[Symmetry] Graph for symmetry has 16'041 nodes and 185'759 arcs.
[Symmetry] Symmetry computation done. time: 0.00330045 dtime: 0.0143128
[Symmetry] #generators: 46, average support size: 2
[Symmetry] 42 orbits on 88 variables with sizes: 3,3,3,3,2,2,2,2,2,2,...
[Symmetry] Num fixable by intersecting at_most_one with orbits: 1 largest_orbit: 3
[Symmetry] Found orbitope of size 1 x 2
[SAT presolve] num removable Booleans: 0 / 4'126
[SAT presolve] num trivial clauses: 0
[SAT presolve] [0s] clauses:4'810 literals:89'726 vars:4'125 one_side_vars:3561 simple_definition:51 singleton_clauses:0
[SAT presolve] [0.000344233s] clauses:4'810 literals:89'726 vars:4'125 one_side_vars:3561 simple_definition:51 singleton_clauses:0
[SAT presolve] [0.000520881s] clauses:4'810 literals:89'726 vars:4'125 one_side_vars:3561 simple_definition:51 singleton_clauses:0
  2.48e-04s  0.00e+00d  [DetectDuplicateConstraintsWithDifferentEnforcements] 
  9.79e-02s  2.17e-01d  [Probe] #probed=7'330 #fixed_bools=846 #equiv=458 #new_binary_clauses=82'825 
  3.03e-02s  2.90e-01d  [MaxClique] Merged 3'636 constraints with 28'944 literals into 2'315 constraints with 25'014 literals
  2.89e-03s  0.00e+00d  [DetectDominanceRelations] 
  2.39e-03s  0.00e+00d  [DetectDominanceRelations] 
  1.29e-02s  0.00e+00d  [PresolveToFixPoint] #num_loops=3 #num_dual_strengthening=2 
  3.82e-03s  0.00e+00d  [ProcessAtMostOneAndLinear] #num_changes=164 
  3.60e-04s  0.00e+00d  [DetectDuplicateConstraints] #duplicates=447 
  1.40e-04s  0.00e+00d  [DetectDuplicateConstraintsWithDifferentEnforcements] 
  4.38e-04s  1.75e-04d  [DetectDominatedLinearConstraints] #relevant_constraints=779 #num_inclusions=9 #num_redundant=1 
  9.42e-05s  0.00e+00d  [DetectDifferentVariables] 
  2.69e-03s  3.55e-04d  [ProcessSetPPC] #relevant_constraints=4'967 #num_inclusions=1'313 
  4.53e-04s  1.45e-04d  [TransformClausesToExactlyOne] #num_amos=795 #num_clauses=987 #num_checked=987 
  6.23e-05s  0.00e+00d  [DetectEncodedComplexDomains] 
  4.55e-05s  0.00e+00d  [FindAlmostIdenticalLinearConstraints] 
  1.04e-02s  3.61e-02d  [FindBigAtMostOneAndLinearOverlap] #blocks=26 #saved_nz=3'515 
  6.17e-03s  8.90e-03d  [FindBigVerticalLinearOverlap] #blocks=216 #saved_nz=12'825 
  6.55e-04s  2.98e-03d  [FindBigHorizontalLinearOverlap] #blocks=1 #saved_nz=217 #linears=752 
  5.58e-04s  1.27e-04d  [MergeClauses] #num_collisions=280 #num_merges=280 #num_saved_literals=2'381 
  2.24e-03s  0.00e+00d  [DetectDominanceRelations] 
  1.78e-03s  0.00e+00d  [DetectDominanceRelations] 
  9.81e-03s  0.00e+00d  [PresolveToFixPoint] #num_loops=5 #num_dual_strengthening=3 
  1.83e-03s  0.00e+00d  [DetectDominanceRelations] 
  4.90e-03s  0.00e+00d  [PresolveToFixPoint] #num_loops=1 #num_dual_strengthening=1 
  5.23e-04s  0.00e+00d  [DetectDuplicateColumns] 
  1.06e-04s  0.00e+00d  [DetectDuplicateConstraints] #duplicates=18 
[Symmetry] Graph for symmetry has 12'403 nodes and 59'847 arcs.
[Symmetry] Symmetry computation done. time: 0.00140483 dtime: 0.00497804
[SAT presolve] num removable Booleans: 0 / 2'388
[SAT presolve] num trivial clauses: 0
[SAT presolve] [0s] clauses:1'953 literals:28'628 vars:1'843 one_side_vars:1544 simple_definition:147 singleton_clauses:0
[SAT presolve] [0.000137517s] clauses:1'670 literals:26'936 vars:1'843 one_side_vars:1646 simple_definition:197 singleton_clauses:0
[SAT presolve] [0.000241505s] clauses:1'670 literals:26'936 vars:1'843 one_side_vars:1646 simple_definition:197 singleton_clauses:0
  1.77e-04s  0.00e+00d  [DetectDuplicateConstraintsWithDifferentEnforcements] #without_enforcements=5 
  3.96e-02s  6.60e-02d  [Probe] #probed=6'684 #new_bounds=10 #equiv=2 #new_binary_clauses=10'300 
  7.79e-03s  6.06e-02d  [MaxClique] Merged 1'189 constraints with 6'648 literals into 938 constraints with 5'676 literals
  2.23e-03s  0.00e+00d  [DetectDominanceRelations] 
  1.70e-03s  0.00e+00d  [DetectDominanceRelations] 
  9.03e-03s  0.00e+00d  [PresolveToFixPoint] #num_loops=4 #num_dual_strengthening=3 
  1.62e-03s  0.00e+00d  [ProcessAtMostOneAndLinear] 
  1.22e-04s  0.00e+00d  [DetectDuplicateConstraints] #duplicates=48 
  9.25e-05s  0.00e+00d  [DetectDuplicateConstraintsWithDifferentEnforcements] 
  3.24e-04s  4.25e-05d  [DetectDominatedLinearConstraints] #relevant_constraints=853 #num_inclusions=6 
  9.02e-05s  0.00e+00d  [DetectDifferentVariables] 
  1.36e-03s  2.95e-04d  [ProcessSetPPC] #relevant_constraints=3'241 #num_inclusions=1'113 
  5.23e-04s  1.63e-04d  [TransformClausesToExactlyOne] #num_amos=1'306 #num_clauses=771 #num_checked=771 
  7.17e-05s  0.00e+00d  [DetectEncodedComplexDomains] 
  8.39e-05s  3.00e-08d  [FindAlmostIdenticalLinearConstraints] #num_tested_pairs=1 
  2.12e-03s  4.95e-03d  [FindBigAtMostOneAndLinearOverlap] 
  1.85e-03s  4.26e-03d  [FindBigVerticalLinearOverlap] #blocks=9 #saved_nz=305 
  5.95e-04s  2.71e-03d  [FindBigHorizontalLinearOverlap] #blocks=1 #saved_nz=159 #linears=735 
  4.63e-04s  1.17e-04d  [MergeClauses] #num_collisions=166 #num_merges=166 #num_saved_literals=1'992 
  2.10e-03s  0.00e+00d  [DetectDominanceRelations] 
  1.71e-03s  0.00e+00d  [DetectDominanceRelations] 
  7.63e-03s  0.00e+00d  [PresolveToFixPoint] #num_loops=4 #num_dual_strengthening=2 
  1.70e-03s  0.00e+00d  [DetectDominanceRelations] 
  4.65e-03s  0.00e+00d  [PresolveToFixPoint] #num_loops=1 #num_dual_strengthening=1 
  4.76e-04s  0.00e+00d  [DetectDuplicateColumns] 
  1.23e-04s  0.00e+00d  [DetectDuplicateConstraints] #duplicates=73 
[Symmetry] Graph for symmetry has 11'536 nodes and 53'258 arcs.
[Symmetry] Symmetry computation done. time: 0.0012967 dtime: 0.00437994
[Symmetry] #generators: 32, average support size: 2
[Symmetry] 2 orbits on 34 variables with sizes: 17,17
[Symmetry] Num fixable by binary propagation in orbit: 16 / 17
[Symmetry] Found orbitope of size 1 x 17
[SAT presolve] num removable Booleans: 0 / 2'222
[SAT presolve] num trivial clauses: 0
[SAT presolve] [0s] clauses:1'528 literals:24'693 vars:1'699 one_side_vars:1595 simple_definition:104 singleton_clauses:0
[SAT presolve] [9.8209e-05s] clauses:1'528 literals:24'693 vars:1'699 one_side_vars:1595 simple_definition:104 singleton_clauses:0
[SAT presolve] [0.000194783s] clauses:1'528 literals:24'693 vars:1'699 one_side_vars:1595 simple_definition:104 singleton_clauses:0
  2.24e-04s  0.00e+00d  [DetectDuplicateConstraintsWithDifferentEnforcements] 
  3.72e-02s  6.05e-02d  [Probe] #probed=6'410 #new_bounds=6 #new_binary_clauses=9'171 
  8.09e-03s  5.99e-02d  [MaxClique] Merged 1'302 constraints with 5'686 literals into 1'157 constraints with 5'508 literals
  2.11e-03s  0.00e+00d  [DetectDominanceRelations] 
  1.69e-03s  0.00e+00d  [DetectDominanceRelations] 
  7.70e-03s  0.00e+00d  [PresolveToFixPoint] #num_loops=3 #num_dual_strengthening=2 
  1.63e-03s  0.00e+00d  [ProcessAtMostOneAndLinear] #num_changes=1 
  1.36e-04s  0.00e+00d  [DetectDuplicateConstraints] #duplicates=38 
  9.94e-05s  0.00e+00d  [DetectDuplicateConstraintsWithDifferentEnforcements] 
  2.64e-04s  3.76e-05d  [DetectDominatedLinearConstraints] #relevant_constraints=861 #num_inclusions=6 
  9.71e-05s  0.00e+00d  [DetectDifferentVariables] 
  1.31e-03s  2.82e-04d  [ProcessSetPPC] #relevant_constraints=3'268 #num_inclusions=1'097 
  5.74e-04s  1.82e-04d  [TransformClausesToExactlyOne] #num_amos=1'349 #num_clauses=583 #num_checked=583 
  7.12e-05s  0.00e+00d  [DetectEncodedComplexDomains] 
  8.36e-05s  3.00e-08d  [FindAlmostIdenticalLinearConstraints] #num_tested_pairs=1 
  1.91e-03s  3.94e-03d  [FindBigAtMostOneAndLinearOverlap] 
  1.67e-03s  3.71e-03d  [FindBigVerticalLinearOverlap] #blocks=4 #saved_nz=162 
  6.93e-04s  3.89e-03d  [FindBigHorizontalLinearOverlap] #linears=733 
  4.42e-04s  1.12e-04d  [MergeClauses] #num_collisions=74 #num_merges=74 #num_saved_literals=1'768 
  1.78e-03s  0.00e+00d  [DetectDominanceRelations] 
  4.86e-03s  0.00e+00d  [PresolveToFixPoint] #num_loops=2 #num_dual_strengthening=1 
  4.80e-05s  0.00e+00d  [MergeNoOverlap] 
  4.66e-05s  0.00e+00d  [MergeNoOverlap2D] 

Presolve summary:
  - 476 affine relations were detected.
  - rule 'TODO dual: add implied bound' was applied 2'177 times.
  - rule 'TODO dual: only one blocking constraint?' was applied 28'034 times.
  - rule 'TODO dual: only one blocking enforced constraint?' was applied 2'267 times.
  - rule 'TODO dual: tighten at most one' was applied 5'448 times.
  - rule 'TODO linear matrix: reuse exo constraint' was applied 1 time.
  - rule 'TODO linear2: contains a boolean' was applied 4 times.
  - rule 'TODO linear2: convert ax + by != cte to clauses for large domains' was applied 8 times.
  - rule 'affine: new relation' was applied 476 times.
  - rule 'at_most_one: removed literals' was applied 947 times.
  - rule 'at_most_one: resolved two constraints with opposite literal' was applied 124 times.
  - rule 'at_most_one: satisfied' was applied 83 times.
  - rule 'at_most_one: size one' was applied 104 times.
  - rule 'at_most_one: transformed into max clique' was applied 3 times.
  - rule 'at_most_one: x and not(x)' was applied 149 times.
  - rule 'bool_and: cannot be enforced' was applied 2 times.
  - rule 'bool_and: x => x' was applied 22 times.
  - rule 'bool_or: always true' was applied 245 times.
  - rule 'bool_or: fixed literals' was applied 444 times.
  - rule 'bool_or: implications' was applied 2'604 times.
  - rule 'bool_or: removed enforcement literal' was applied 473 times.
  - rule 'deductions: 52 stored' was applied 1 time.
  - rule 'domination: in at most one' was applied 26 times.
  - rule 'domination: in exactly one' was applied 86 times.
  - rule 'domination: in implication' was applied 2 times.
  - rule 'dual: add implication' was applied 245 times.
  - rule 'dual: enforced equivalence' was applied 12 times.
  - rule 'dual: fix variable' was applied 36 times.
  - rule 'duplicate: merged rhs of linear constraint' was applied 7 times.
  - rule 'duplicate: removed constraint' was applied 638 times.
  - rule 'duplicate: removed enforced constraint' was applied 5 times.
  - rule 'enforcement: false literal' was applied 2 times.
  - rule 'exactly_one: removed literals' was applied 413 times.
  - rule 'exactly_one: singleton' was applied 406 times.
  - rule 'exactly_one: size two' was applied 4 times.
  - rule 'linear + amo: extracted enforcement literal' was applied 344 times.
  - rule 'linear + amo: fixed literal implied by enforcement' was applied 76 times.
  - rule 'linear + amo: simplified enforcement list' was applied 93 times.
  - rule 'linear + amo: trivial linear constraint' was applied 2 times.
  - rule 'linear inclusion: sparsify superset' was applied 1 time.
  - rule 'linear matrix: common amo rectangle' was applied 26 times.
  - rule 'linear matrix: common horizontal rectangle' was applied 2 times.
  - rule 'linear matrix: common vertical rectangle' was applied 229 times.
  - rule 'linear1: always true' was applied 3 times.
  - rule 'linear2: boolean with one feasible value' was applied 2 times.
  - rule 'linear2: convert ax + by != cte to clauses' was applied 1'821 times.
  - rule 'linear: advanced coefficient strenghtening' was applied 6 times.
  - rule 'linear: all booleans and trivially true' was applied 2 times.
  - rule 'linear: always true' was applied 21 times.
  - rule 'linear: divide by GCD' was applied 2 times.
  - rule 'linear: empty' was applied 4 times.
  - rule 'linear: extracted at most one (max)' was applied 1 time.
  - rule 'linear: extracted enforcement literal' was applied 517 times.
  - rule 'linear: fixed or dup variables' was applied 725 times.
  - rule 'linear: negative at most one' was applied 136 times.
  - rule 'linear: negative clause' was applied 1'313 times.
  - rule 'linear: negative reified and' was applied 4 times.
  - rule 'linear: positive at most one' was applied 1'713 times.
  - rule 'linear: positive clause' was applied 1'712 times.
  - rule 'linear: positive equal one' was applied 39 times.
  - rule 'linear: reduced variable domains' was applied 18 times.
  - rule 'linear: reduced variable domains in derived constraint' was applied 7 times.
  - rule 'linear: remapped using affine relations' was applied 263 times.
  - rule 'linear: small Boolean expression' was applied 95 times.
  - rule 'linear: variable substitution 2' was applied 7 times.
  - rule 'linear: variable substitution 3' was applied 1 time.
  - rule 'new_bool: with clause' was applied 26 times.
  - rule 'presolve: 1015 unused variables removed.' was applied 1 time.
  - rule 'presolve: iteration' was applied 3 times.
  - rule 'probing: bool_or reduced to implication' was applied 948 times.
  - rule 'probing: simplified clauses' was applied 5'664 times.
  - rule 'setppc: bool_or in at_most_one' was applied 1'305 times.
  - rule 'setppc: exactly_one included in linear' was applied 6 times.
  - rule 'setppc: reduced linear coefficients' was applied 6 times.
  - rule 'setppc: removed dominated constraints' was applied 24 times.
  - rule 'symmetry: fixed all but one to false in orbitope row' was applied 2 times.
  - rule 'variables: detect half reified value encoding' was applied 1 time.

Presolved satisfaction model '': (model_fingerprint: 0xa5e0d83cdd257608)
#Variables: 2'768 (2'118 primary variables)
  - 2'182 Booleans in [0,1]
  - 80 in [0,2]
  - 458 in [0,3]
  - 13 in [0,4]
  - 10 in [0,5]
  - 6 in [0,6]
  - 1 in [0,7]
  - 2 in [0,8]
  - 7 in [0,9]
  - 1 in [0,10]
  - 6 in [0,14]
  - 1 in [0,39]
  - 1 in [0,45]
#kAtMostOne: 633 (#literals: 4'438)
#kBoolAnd: 561 (#enforced: 561) (#literals: 1'300)
#kBoolAndClauses: 74 (#enforced: 74 #multi: 74) (#literals: 1'916)
#kBoolOr: 435 (#literals: 18'816)
#kExactlyOne: 834 (#literals: 11'173)
#kLinear1: 1 (#enforced: 1)
#kLinear2: 1 (#enforced: 1)
#kLinear3: 62
#kLinearN: 803 (#enforced: 439 #multi: 43) (#terms: 10'425)
[Symmetry] Graph for symmetry has 9'491 nodes and 52'707 arcs.
[Symmetry] Symmetry computation done. time: 0.00117093 dtime: 0.00414017

Preloading model.
#Model   0.42s var:2768/2768 constraints:3404/3404

Starting search at 0.42s with 4 workers.
3 full problem subsolvers: [default_lp, max_lp, no_lp]
1 first solution subsolver: [fj]
2 interleaved subsolvers: [feasibility_pump, rins/rens]
2 helper subsolvers: [neighborhood_helper, synchronization_agent]

#Done    0.56s max_lp [loading]

Task timing                   n [     min,      max]      avg      dev     time         n [     min,      max]      avg      dev    dtime
        'default_lp':         1 [148.46ms, 148.46ms] 148.46ms   0.00ns 148.46ms         2 [ 51.71ms,  70.78ms]  61.25ms   9.53ms 122.49ms
  'feasibility_pump':         1 [ 38.95ms,  38.95ms]  38.95ms   0.00ns  38.95ms         0 [  0.00ns,   0.00ns]   0.00ns   0.00ns   0.00ns
                'fj':         1 [105.73ms, 105.73ms] 105.73ms   0.00ns 105.73ms         1 [ 87.10ms,  87.10ms]  87.10ms   0.00ns  87.10ms
            'max_lp':         1 [146.83ms, 146.83ms] 146.83ms   0.00ns 146.83ms         1 [357.33ms, 357.33ms] 357.33ms   0.00ns 357.33ms
             'no_lp':         1 [150.52ms, 150.52ms] 150.52ms   0.00ns 150.52ms         2 [ 18.75ms,  51.43ms]  35.09ms  16.34ms  70.18ms
         'rins/rens':         0 [  0.00ns,   0.00ns]   0.00ns   0.00ns   0.00ns         0 [  0.00ns,   0.00ns]   0.00ns   0.00ns   0.00ns

Search stats     Bools  Conflicts  Branches  Restarts  BacktrackToRoot  Backtrack  BoolPropag  IntegerPropag
  'default_lp':  2'183          0    18'362         0            7'165      9'443     383'804        535'852
      'max_lp':  2'183          0     4'366         0            4'366      4'366     169'438        272'510
       'no_lp':  2'183          0     5'028         0            4'542      5'026     197'521        271'181

SAT formula      Fixed  Equiv  Total  VarLeft  BinaryClauses  PermanentClauses  TemporaryClauses
  'default_lp':      0      0  2'183    2'183         11'630             1'128                 0
      'max_lp':      0      0  2'183    2'183         11'688             1'417                 0
       'no_lp':      0      0  2'183    2'183         11'630             1'349                 0

SAT stats        ClassicMinim  LitRemoved  LitRemovedBinary  LitLearned  LitForgotten  Subsumed
  'default_lp':             0           0                 0           0             0         0
      'max_lp':             0           0                 0           0             0         0
       'no_lp':             0           0                 0           0             0         0

Vivification     Clauses  Decisions  LitTrue  Subsumed  LitRemoved  DecisionReused  Conflicts
  'default_lp':      711      9'630        0       200       3'096             327          0
      'max_lp':        0          0        0         0           0               0          0
       'no_lp':        0          0        0         0           0               0          0

Clause deletion    at_true  l_and_not(l)  to_binary  sub_conflict  sub_extra  sub_decisions  sub_eager  sub_vivify  sub_probing  sub_inpro  blocked  eliminated  forgotten  promoted  conflicts
    'default_lp':        0             0          0             0          0              0          0         200           86          3        0           0          0         0          0
        'max_lp':        0             0          0             0          0              0          0           0            0          0        0           0          0         0          0
         'no_lp':        0             0         33             0          0              0          0           0           20         15        0           0          0         0          0

Lp stats         Component  Iterations  AddedCuts  OPTIMAL  DUAL_F.  DUAL_U.
  'default_lp':          1          44          0        2        0        0
      'max_lp':          1       1'139          0        0        0        1

Lp dimension         Final dimension of first component
  'default_lp':       3 rows, 2321 columns, 192 entries
      'max_lp':  3405 rows, 2770 columns, 51699 entries

Lp debug         CutPropag  CutEqPropag  Adjust  Overflow  Bad  BadScaling
  'default_lp':          0            0       0         0    0           0
      'max_lp':          0            0       1         0    0           0

Lp pool          Constraints  Updates  Simplif  Merged  Shortened  Split  Strengthened  Cuts/Call
  'default_lp':        1'759        0        0       0          0      0             0        0/0
      'max_lp':        3'405        0        0       0          0      0             0        0/0

LNS stats       Improv/Calls  Closed  Difficulty  TimeLimit
  'rins/rens':           0/0      0%    5.00e-01       0.10

LS stats                  Batches  Restarts/Perturbs  LinMoves  GenMoves  CompoundMoves  Bactracks  WeightUpdates  ScoreComputed
  'fj_restart_compound':        1                  1         0     8'996          1'684      3'656             10        171'637

Solution repositories    Added  Queried  Synchro
    'alternative_path':      0        0        0
      'best_solutions':      0        0        0
   'fj solution hints':      0        0        0
        'lp solutions':      0        0        0
                'pump':      0        0

Clauses shared    #Exported  #Imported  #BinaryRead  #BinaryTotal
   'default_lp':         39          0           39            70
       'max_lp':          0          0            0            70
        'no_lp':         31          0           70            70

LRAT_status: NA
CpSolverResponse summary:
status: INFEASIBLE
objective: NA
best_bound: NA
integers: 2853
booleans: 2183
conflicts: 0
branches: 4366
propagations: 169438
integer_propagations: 272510
restarts: 0
lp_iterations: 1139
walltime: 0.568956
usertime: 0.568956
deterministic_time: 1.46398
gap_integral: 0

{'J': 1, 'cap': 184, 'units': 1945, 'rows': 5653, 'variables': 4540, 'model_sha256': '34ace6ad2864a57d85b99199a596930f92e2673824345102d28c77342804fc43', 'code_sha256': {'geometry77.py': '555274684b5cb4428d2b42791cb44bbae35c8207750b96827d95150195e0efc1', 'model77.py': '7bb9554c9cd727e6a85c03dab508493defbd31ec68762ae2b3eb867fe9723953', 'edges77.py': 'ddf1b80fd195b96da49fcbff40dbf39dfe7e48f247d089ae8fbcb60dbe9f38a6', 'tighter77.py': '0bf330542408bab50dfb1edb3d994a6c53ceeb7767d46226115c060addbba5eb'}, 'status': 'INFEASIBLE', 'stats': 'CpSolverResponse summary:\nstatus: INFEASIBLE\nobjective: NA\nbest_bound: NA\nintegers: 2853\nbooleans: 2183\nconflicts: 0\nbranches: 4366\npropagations: 169438\ninteger_propagations: 272510\nrestarts: 0\nlp_iterations: 1139\nwalltime: 0.568956\nusertime: 0.568956\ndeterministic_time: 1.46398\ngap_integral: 0\n', 'seconds': 0.8345325249974849}
