   Compiling kernel v0.1.0 (/home/zhuran24/zmd-research-fresh/求解器/crates/kernel)
    Finished `test` profile [unoptimized + debuginfo] target(s) in 2.61s
     Running unittests src/lib.rs (求解器/target/debug/deps/kernel-26241e85d1128675)

running 66 tests
test tests::checkpoint_delta_negative_cases ... ok
test tests::integer_validation ... ok
test tests::config_axes_and_all_stop_values ... ok
test tests::damping_no_terminal ... ok
test tests::manufacturing_two_material_batch ... ok
test tests::catalog_and_geometry ... ok
test tests::membership_projection ... ok
test tests::explicit_step_anchors ... ok
test tests::box_selectors ... ok
test tests::completed_output_conflict_retains_batch ... ok
test tests::manufacture_disabled_intake_and_pause ... ok
test tests::core_inbound_physical_deposit ... ok
test tests::bridge_two_independent_slots_run ... ok
test tests::bridge_same_item_cannot_occupy_both_axes ... ok
test tests::damping_paths_and_missing_branch ... ok
test tests::ore_history_horizon_stop ... ok
test tests::closure_and_resources ... ok
test tests::explicit_ore_supply ... ok
test tests::after_closure_restart ... ok
test tests::identity_latch_and_no_cross_disconnected_observation ... ok
test tests::output_level_damping_priority ... ok
test tests::revision::revision_independent_identity_audit ... ok
test tests::revision::revision_branch_relevance ... ok
test tests::five_tick_recipe_completes_only_at_boundary ... ok
test tests::revision_r2::revision_r2_damping_does_not_rebind_singleton ... ok
test tests::revision::revision_ore_depletion_is_not_a_movement_guard ... ok
test tests::external_stop_positions ... ok
test tests::projections ... ok
test tests::coverage_five_states ... ok
test tests::malformed_state_rejected ... ok
test tests::level_tie_reversal_changes_winner ... ok
test tests::revision::revision_manufacturing_axis_evidence ... ok
test tests::output_off_preserves_game_state ... ok
test tests::revision::revision_warehouse_acceptance ... ok
test tests::revision::revision_initial_warehouse_labels ... ok
test tests::revision::revision_supply_order_intersection ... ok
test tests::revision::revision_pending_history_alias ... ok
test tests::revision_r2::revision_r2_internal_passage_identity ... ok
test tests::simultaneous_ring_restoration ... ok
test tests::stopped_engine_cannot_continue ... ok
test tests::transfer_capacity_and_empty_cooldown ... ok
test tests::transport_wrong_item_rejects ... ok
test tests::revision::revision_gate_item_domain ... ok
test tests::revision::revision_external_action_references ... ok
test tests::transfer_conservation ... ok
test tests::warehouse_identity_monotone ... ok
test tests::warehouse_invalid_identity_and_order ... ok
test tests::warehouse_competition_atomic_stop ... ok
test tests::warehouse_single_unknown_with_assigned_empty ... ok
test tests::revision::revision_snapshot_objects ... ok
test tests::warehouse_unassigned_species_order ... ok
test tests::warehouse_80000_and_recipe_conservation ... ok
test tests::revision_r2::revision_r2_phase_intersection ... ok
test tests::transfer_cooldown_pause ... ok
test tests::revision_r2::revision_r2_fixed_branch_cut_and_reload ... ok
test tests::three_examples_static ... ok
test tests::total_exhaustion_survives_window_expiry ... ok
test tests::revision::revision_ore_history_sufficiency ... ok
test tests::seed_and_parameter_negatives ... ok
test tests::byte_determinism_and_layout_permutation ... ok
test tests::revision_r2::revision_r2_seed_consumed_identity ... ok
test tests::revision_r2::revision_r2_required_input_shapes ... ok
test tests::revision_r2::revision_r2_unowned_global_events ... ok
test tests::full_and_delta_record_recompute ... ok
test tests::revision::revision_reports_and_after_closure_stop ... ok
test tests::revision_r2::revision_r2_rust_metadata_controls ... ok

test result: ok. 66 passed; 0 failed; 0 ignored; 0 measured; 0 filtered out; finished in 5.91s

     Running unittests src/main.rs (求解器/target/debug/deps/kernel-7b5e2fc753826063)

running 0 tests

test result: ok. 0 passed; 0 failed; 0 ignored; 0 measured; 0 filtered out; finished in 0.00s

     Running tests/reference.rs (求解器/target/debug/deps/reference-1613ad1990138602)

running 3 tests
test crusher_reference ... ok
test splitter_reference ... ok
test live_python_differential ... ok

test result: ok. 3 passed; 0 failed; 0 ignored; 0 measured; 0 filtered out; finished in 0.40s

     Running tests/revision_cli.rs (求解器/target/debug/deps/revision_cli-6e74e26d9cc8e0e1)

running 1 test
test revision_cli_and_python_record_negatives ... FAILED

failures:

---- revision_cli_and_python_record_negatives stdout ----

thread 'revision_cli_and_python_record_negatives' (509661) panicked at crates/kernel/tests/revision_cli.rs:15:5:

Traceback (most recent call last):
  File "/home/zhuran24/zmd-research-fresh/求解器/crates/kernel/tests/revision_cli.py", line 103, in <module>
    main()
    ~~~~^^
  File "/home/zhuran24/zmd-research-fresh/求解器/crates/kernel/tests/revision_cli.py", line 48, in main
    verifier.verify(path, data, expected)
    ~~~~~~~~~~~~~~~^^^^^^^^^^^^^^^^^^^^^^
  File "/home/zhuran24/zmd-research-fresh/求解器/crates/kernel/tests/verify_outputs.py", line 85, in verify
    trace = decode_trace(record['trace'])
  File "/home/zhuran24/zmd-research-fresh/求解器/数据/样例/checkpoint_delta.py", line 74, in decode_trace
    fields(tick, 'time events summary closure ' + ('state' if index % interval == 0 else 'delta'), 'checkpoint_tick')
    ~~~~~~^^^^^^^^^^^^^^^^^^^^^^^^^^^^^^^^^^^^^^^^^^^^^^^^^^^^^^^^^^^^^^^^^^^^^^^^^^^^^^^^^^^^^^^^^^^^^^^^^^^^^^^^^^^
  File "/home/zhuran24/zmd-research-fresh/求解器/数据/样例/check_examples.py", line 75, in fields
    require(isinstance(value, dict) and set(value) == set(expected.split()), f"{where}: 字段缺失或未知")
    ~~~~~~~^^^^^^^^^^^^^^^^^^^^^^^^^^^^^^^^^^^^^^^^^^^^^^^^^^^^^^^^^^^^^^^^^^^^^^^^^^^^^^^^^^^^^^^^^^^^^
  File "/home/zhuran24/zmd-research-fresh/求解器/数据/样例/check_examples.py", line 71, in require
    raise CheckError(message)
check_examples.CheckError: checkpoint_tick: 字段缺失或未知

note: run with `RUST_BACKTRACE=1` environment variable to display a backtrace


failures:
    revision_cli_and_python_record_negatives

test result: FAILED. 0 passed; 1 failed; 0 ignored; 0 measured; 0 filtered out; finished in 0.74s

error: test failed, to rerun pass `-p kernel --test revision_cli`
