
Starting CP-SAT solver v9.15.6755
Parameters: random_seed: 62 max_time_in_seconds: 90 log_search_progress: true linearization_level: 2 num_search_workers: 1 cp_model_probing_level: 0 log_to_stdout: false

Initial satisfaction model '': (model_fingerprint: 0x29aeb953dc1ad4c8)
#Variables: 2'025 (1'405 primary variables)
  - 2'022 Booleans in [0,1]
  - 1 in [0,12]
  - 1 in [10,12]
  - 1 constants in {1} 
#kBoolOr: 90 (#enforced: 90) (#literals: 90)
#kLinear1: 714 (#enforced: 714)
#kLinear2: 35 (#enforced: 22)
#kLinear3: 361 (#enforced: 354)
#kLinearN: 1'840 (#enforced: 602) (#terms: 25'449)

Starting presolve at 0.00s
  6.21e-04s  0.00e+00d  [DetectDominanceRelations] 
  7.22e-03s  0.00e+00d  [PresolveToFixPoint] #num_loops=2 #num_dual_strengthening=1 
  3.53e-05s  0.00e+00d  [ExtractEncodingFromLinear] #potential_supersets=1'237 
  1.98e-04s  0.00e+00d  [DetectDuplicateColumns] 
  9.47e-05s  0.00e+00d  [DetectDuplicateConstraints] #duplicates=94 
[Symmetry] Graph for symmetry has 7'200 nodes and 30'881 arcs.
[Symmetry] Symmetry computation done. time: 0.00112811 dtime: 0.00385774
[Symmetry] #generators: 35, average support size: 2
[Symmetry] 35 orbits on 70 variables with sizes: 2,2,2,2,2,2,2,2,2,2,...
[Symmetry] Found orbitope of size 1 x 2
[SAT presolve] num removable Booleans: 0 / 1'801
[SAT presolve] num trivial clauses: 0
[SAT presolve] [0s] clauses:1'651 literals:6'603 vars:1'619 one_side_vars:1619 simple_definition:0 singleton_clauses:0
[SAT presolve] [6.3851e-05s] clauses:1'651 literals:6'603 vars:1'619 one_side_vars:1619 simple_definition:0 singleton_clauses:0
[SAT presolve] [0.00013084s] clauses:1'651 literals:6'603 vars:1'619 one_side_vars:1619 simple_definition:0 singleton_clauses:0
[MaxClique] Merged 823 with 2551 literals) into 436(1261 literals) at_most_ones.
  4.18e-04s  0.00e+00d  [ProcessAtMostOneAndLinear] 
  4.41e-05s  0.00e+00d  [DetectDuplicateConstraints] 
  2.56e-05s  0.00e+00d  [DetectDuplicateConstraintsWithDifferentEnforcements] 
  4.31e-05s  6.10e-06d  [DetectDominatedLinearConstraints] #relevant_constraints=8 #num_inclusions=3 
  7.90e-06s  0.00e+00d  [DetectDifferentVariables] 
  8.67e-04s  1.03e-04d  [ProcessSetPPC] #relevant_constraints=2'416 #num_inclusions=3 
  1.88e-04s  3.98e-05d  [TransformClausesToExactlyOne] #num_amos=434 #num_clauses=942 #num_checked=942 
  8.82e-06s  0.00e+00d  [DetectEncodedComplexDomains] 
  5.49e-06s  0.00e+00d  [FindAlmostIdenticalLinearConstraints] 
  1.97e-03s  7.53e-03d  [FindBigAtMostOneAndLinearOverlap] 
  3.01e-04s  3.38e-03d  [FindBigVerticalLinearOverlap] 
  3.83e-05s  4.41e-05d  [FindBigHorizontalLinearOverlap] #linears=8 
  2.72e-04s  2.59e-05d  [MergeClauses] #num_collisions=396 #num_merges=396 #num_saved_literals=1'754 
  5.67e-04s  0.00e+00d  [DetectDominanceRelations] 
  2.18e-03s  0.00e+00d  [PresolveToFixPoint] #num_loops=1 #num_dual_strengthening=1 
  5.56e-04s  0.00e+00d  [DetectDominanceRelations] 
  1.61e-03s  0.00e+00d  [PresolveToFixPoint] #num_loops=1 #num_dual_strengthening=1 
  1.99e-04s  0.00e+00d  [DetectDuplicateColumns] 
  4.01e-05s  0.00e+00d  [DetectDuplicateConstraints] 
[Symmetry] Graph for symmetry has 6'371 nodes and 26'671 arcs.
[Symmetry] Symmetry computation done. time: 0.00102159 dtime: 0.00308629
[Symmetry] #generators: 35, average support size: 2
[Symmetry] 35 orbits on 70 variables with sizes: 2,2,2,2,2,2,2,2,2,2,...
[Symmetry] Found orbitope of size 1 x 2
[SAT presolve] num removable Booleans: 0 / 1'712
[SAT presolve] num trivial clauses: 0
[SAT presolve] [0s] clauses:1'102 literals:5'505 vars:1'460 one_side_vars:1460 simple_definition:0 singleton_clauses:0
[SAT presolve] [4.723e-05s] clauses:1'102 literals:5'505 vars:1'460 one_side_vars:1460 simple_definition:0 singleton_clauses:0
[SAT presolve] [0.000111011s] clauses:1'102 literals:5'505 vars:1'460 one_side_vars:1460 simple_definition:0 singleton_clauses:0
[MaxClique] Merged 434 with 1967 literals) into 345(990 literals) at_most_ones.
  4.31e-04s  0.00e+00d  [ProcessAtMostOneAndLinear] 
  4.53e-05s  0.00e+00d  [DetectDuplicateConstraints] 
  2.54e-05s  0.00e+00d  [DetectDuplicateConstraintsWithDifferentEnforcements] 
  4.37e-05s  6.10e-06d  [DetectDominatedLinearConstraints] #relevant_constraints=8 #num_inclusions=3 
  9.70e-06s  0.00e+00d  [DetectDifferentVariables] 
  8.28e-04s  9.87e-05d  [ProcessSetPPC] #relevant_constraints=2'236 #num_inclusions=1 
  1.82e-04s  3.97e-05d  [TransformClausesToExactlyOne] #num_amos=345 #num_clauses=942 #num_checked=942 
  1.31e-05s  0.00e+00d  [DetectEncodedComplexDomains] 
  6.39e-06s  0.00e+00d  [FindAlmostIdenticalLinearConstraints] 
  1.90e-03s  7.51e-03d  [FindBigAtMostOneAndLinearOverlap] 
  2.91e-04s  3.38e-03d  [FindBigVerticalLinearOverlap] 
  3.33e-05s  4.41e-05d  [FindBigHorizontalLinearOverlap] #linears=8 
  2.50e-04s  2.59e-05d  [MergeClauses] #num_collisions=396 #num_merges=396 #num_saved_literals=1'754 
  5.76e-04s  0.00e+00d  [DetectDominanceRelations] 
  1.98e-03s  0.00e+00d  [PresolveToFixPoint] #num_loops=1 #num_dual_strengthening=1 
  5.40e-04s  0.00e+00d  [DetectDominanceRelations] 
  1.51e-03s  0.00e+00d  [PresolveToFixPoint] #num_loops=1 #num_dual_strengthening=1 
  1.97e-04s  0.00e+00d  [DetectDuplicateColumns] 
  4.21e-05s  0.00e+00d  [DetectDuplicateConstraints] 
[Symmetry] Graph for symmetry has 6'282 nodes and 25'694 arcs.
[Symmetry] Symmetry computation done. time: 0.000968156 dtime: 0.00301684
[Symmetry] #generators: 35, average support size: 2
[Symmetry] 35 orbits on 70 variables with sizes: 2,2,2,2,2,2,2,2,2,2,...
[Symmetry] Found orbitope of size 1 x 2
[SAT presolve] num removable Booleans: 0 / 1'712
[SAT presolve] num trivial clauses: 0
[SAT presolve] [0s] clauses:1'102 literals:5'505 vars:1'460 one_side_vars:1460 simple_definition:0 singleton_clauses:0
[SAT presolve] [4.4672e-05s] clauses:1'102 literals:5'505 vars:1'460 one_side_vars:1460 simple_definition:0 singleton_clauses:0
[SAT presolve] [0.000106844s] clauses:1'102 literals:5'505 vars:1'460 one_side_vars:1460 simple_definition:0 singleton_clauses:0
  7.77e-04s  0.00e+00d  [ProcessAtMostOneAndLinear] 
  5.55e-05s  0.00e+00d  [DetectDuplicateConstraints] 
  2.70e-05s  0.00e+00d  [DetectDuplicateConstraintsWithDifferentEnforcements] 
  4.60e-05s  6.10e-06d  [DetectDominatedLinearConstraints] #relevant_constraints=8 #num_inclusions=3 
  9.73e-06s  0.00e+00d  [DetectDifferentVariables] 
  8.37e-04s  9.87e-05d  [ProcessSetPPC] #relevant_constraints=2'236 #num_inclusions=1 
  1.83e-04s  3.97e-05d  [TransformClausesToExactlyOne] #num_amos=345 #num_clauses=942 #num_checked=942 
  1.91e-05s  0.00e+00d  [DetectEncodedComplexDomains] 
  8.63e-06s  0.00e+00d  [FindAlmostIdenticalLinearConstraints] 
  1.84e-03s  7.50e-03d  [FindBigAtMostOneAndLinearOverlap] 
  3.18e-04s  3.38e-03d  [FindBigVerticalLinearOverlap] 
  3.75e-05s  4.41e-05d  [FindBigHorizontalLinearOverlap] #linears=8 
  2.07e-04s  2.59e-05d  [MergeClauses] #num_collisions=396 #num_merges=396 #num_saved_literals=1'754 
  5.55e-04s  0.00e+00d  [DetectDominanceRelations] 
  1.62e-03s  0.00e+00d  [PresolveToFixPoint] #num_loops=1 #num_dual_strengthening=1 
  2.18e-05s  0.00e+00d  [MergeNoOverlap] 
  6.54e-06s  0.00e+00d  [MergeNoOverlap2D] 

Presolve summary:
  - 13 affine relations were detected.
  - rule 'TODO dual: only one blocking constraint?' was applied 5'747 times.
  - rule 'affine: new relation' was applied 13 times.
  - rule 'at_most_one: resolved two constraints with opposite literal' was applied 89 times.
  - rule 'at_most_one: transformed into max clique' was applied 2 times.
  - rule 'bool_or: always true' was applied 90 times.
  - rule 'bool_or: implications' was applied 2 times.
  - rule 'bool_or: removed enforcement literal' was applied 942 times.
  - rule 'deductions: 709 stored' was applied 1 time.
  - rule 'duplicate: removed constraint' was applied 94 times.
  - rule 'linear + amo: infeasible enforcement' was applied 1 time.
  - rule 'linear + amo: trivial linear constraint' was applied 3 times.
  - rule 'linear2: convert ax + by != cte to clauses' was applied 13 times.
  - rule 'linear: always true' was applied 35 times.
  - rule 'linear: extracted enforcement literal' was applied 1 time.
  - rule 'linear: fixed or dup variables' was applied 2 times.
  - rule 'linear: negative clause' was applied 931 times.
  - rule 'linear: positive at most one' was applied 207 times.
  - rule 'linear: positive equal one' was applied 1'030 times.
  - rule 'linear: reduced variable domains' was applied 1 time.
  - rule 'linear: remapped using affine relations' was applied 16 times.
  - rule 'linear: singleton column' was applied 208 times.
  - rule 'presolve: 1 unused variables removed.' was applied 1 time.
  - rule 'presolve: iteration' was applied 3 times.
  - rule 'setppc: removed dominated constraints' was applied 2 times.

Presolved satisfaction model '': (model_fingerprint: 0x3293efe733abb4e5)
#Variables: 1'714 (1'412 primary variables)
  - 1'712 Booleans in [0,1]
  - 1 in [0,6]
  - 1 in [10,12]
#kAtMostOne: 185 (#literals: 670)
#kBoolAnd: 61 (#enforced: 61) (#literals: 221)
#kBoolAndClauses: 389 (#enforced: 389 #multi: 389) (#literals: 2'519)
#kBoolOr: 157 (#literals: 912)
#kExactlyOne: 941 (#literals: 17'544)
#kLinearN: 8 (#enforced: 5) (#terms: 1'147)
[Symmetry] Graph for symmetry has 5'971 nodes and 25'694 arcs.
[Symmetry] Symmetry computation done. time: 0.000896183 dtime: 0.00299818
[Symmetry] #generators: 35, average support size: 2
[Symmetry] 35 orbits on 70 variables with sizes: 2,2,2,2,2,2,2,2,2,2,...
[Symmetry] Found orbitope of size 1 x 2

Preloading model.

Starting search at 0.05s with 1 workers.
1 full problem subsolver: [main]

#Done   14.03s main

Task timing           n [     min,      max]      avg      dev     time         n [     min,      max]      avg      dev    dtime
      'main':         1 [  13.98s,   13.98s]   13.98s   0.00ns   13.98s         1 [  21.10s,   21.10s]   21.10s   0.00ns   21.10s

Search stats    Bools  Conflicts  Branches  Restarts  BacktrackToRoot  Backtrack  BoolPropag  IntegerPropag
       'main':  1'712      3'808   333'302        30           43'905     91'263   4'100'175      5'425'234

SAT formula    Fixed  Equiv  Total  VarLeft  BinaryClauses  PermanentClauses  TemporaryClauses
      'main':      0    233  1'712    1'479         10'370               386             3'030

SAT stats    ClassicMinim  LitRemoved  LitRemovedBinary  LitLearned  LitForgotten  Subsumed
    'main':         3'001      14'912           131'336     474'607             0       549

Vivification    Clauses  Decisions  LitTrue  Subsumed  LitRemoved  DecisionReused  Conflicts
       'main':   19'230    244'099        0     1'223      15'568           3'961          3

Clause deletion    at_true  l_and_not(l)  to_binary  sub_conflict  sub_extra  sub_decisions  sub_eager  sub_vivify  sub_probing  sub_inpro  blocked  eliminated  forgotten  promoted  conflicts
          'main':        0             0        250           507         18              0         42       1'223           40        108        0           0          0     6'555      3'808

Lp stats    Component  Iterations  AddedCuts  OPTIMAL  DUAL_F.  DUAL_U.
   'main':          1      98'468      3'918       86    7'117    3'204

Lp dimension        Final dimension of first component
       'main':  2519 rows, 1714 columns, 52813 entries

Lp debug    CutPropag  CutEqPropag  Adjust  Overflow      Bad  BadScaling
   'main':          0            7   3'203         0  110'377           0

Lp pool    Constraints  Updates  Simplif  Merged  Shortened  Split  Strengthened    Cuts/Call
  'main':        6'131    1'522        0       0          0      0             4  3'918/7'157

Lp Cut            main
         CG_FF:    195
          CG_K:     79
         CG_KL:     84
          CG_R:    288
        Clique:    320
      MIR_1_FF:      7
       MIR_1_K:      1
       MIR_1_R:      5
      MIR_2_FF:     26
       MIR_2_K:      3
      MIR_2_KL:      5
       MIR_2_R:     16
      MIR_3_FF:    140
       MIR_3_K:      1
      MIR_3_KL:     78
       MIR_3_R:     12
      MIR_4_FF:     87
       MIR_4_K:      2
      MIR_4_KL:     15
       MIR_4_R:      7
      MIR_5_FF:     55
       MIR_5_K:      8
      MIR_5_KL:     15
       MIR_5_R:      6
      MIR_6_FF:     21
       MIR_6_K:      1
      MIR_6_KL:      2
       MIR_6_R:      2
  ZERO_HALF_FF:    846
   ZERO_HALF_K:     13
  ZERO_HALF_KL:    307
   ZERO_HALF_R:  1'271

Solution repositories    Added  Queried  Synchro
    'alternative_path':      0        0        0
      'best_solutions':      0        0        0
   'fj solution hints':      0        0        0

LRAT_status: NA
CpSolverResponse summary:
status: INFEASIBLE
objective: NA
best_bound: NA
integers: 1777
booleans: 1712
conflicts: 3808
branches: 333302
propagations: 4100175
integer_propagations: 5425234
restarts: 30
lp_iterations: 98468
walltime: 14.0311
usertime: 14.0311
deterministic_time: 21.1313
gap_integral: 0

