
Starting CP-SAT solver v9.15.6755
Parameters: random_seed: 62 max_time_in_seconds: 90 log_search_progress: true linearization_level: 2 num_search_workers: 1 cp_model_probing_level: 0 log_to_stdout: false

Initial satisfaction model '': (model_fingerprint: 0x2817a2aeb5c325b7)
#Variables: 1'801 (1'190 primary variables)
  - 1'798 Booleans in [0,1]
  - 1 in [0,12]
  - 1 in [10,12]
  - 1 constants in {1} 
#kBoolOr: 85 (#enforced: 85) (#literals: 85)
#kLinear1: 709 (#enforced: 709)
#kLinear2: 30 (#enforced: 18)
#kLinear3: 278 (#enforced: 268)
#kLinearN: 1'677 (#enforced: 546) (#terms: 23'378)

Starting presolve at 0.00s
  5.53e-04s  0.00e+00d  [DetectDominanceRelations] 
  6.70e-03s  0.00e+00d  [PresolveToFixPoint] #num_loops=2 #num_dual_strengthening=1 
  3.99e-05s  0.00e+00d  [ExtractEncodingFromLinear] #potential_supersets=1'131 
  1.83e-04s  0.00e+00d  [DetectDuplicateColumns] 
  7.12e-05s  0.00e+00d  [DetectDuplicateConstraints] #duplicates=93 
[Symmetry] Graph for symmetry has 6'404 nodes and 28'082 arcs.
[Symmetry] Symmetry computation done. time: 0.000974451 dtime: 0.00365843
[Symmetry] #generators: 7, average support size: 2
[Symmetry] 6 orbits on 13 variables with sizes: 3,2,2,2,2,2
[Symmetry] Found orbitope of size 1 x 2
[SAT presolve] num removable Booleans: 0 / 1'580
[SAT presolve] num trivial clauses: 0
[SAT presolve] [0s] clauses:1'497 literals:6'010 vars:1'440 one_side_vars:1440 simple_definition:0 singleton_clauses:0
[SAT presolve] [7.8219e-05s] clauses:1'497 literals:6'010 vars:1'440 one_side_vars:1440 simple_definition:0 singleton_clauses:0
[SAT presolve] [0.00013704s] clauses:1'497 literals:6'010 vars:1'440 one_side_vars:1440 simple_definition:0 singleton_clauses:0
[MaxClique] Merged 816 with 2523 literals) into 439(1258 literals) at_most_ones.
  3.40e-04s  0.00e+00d  [ProcessAtMostOneAndLinear] 
  5.74e-05s  0.00e+00d  [DetectDuplicateConstraints] 
  2.68e-05s  0.00e+00d  [DetectDuplicateConstraintsWithDifferentEnforcements] 
  3.68e-05s  5.07e-06d  [DetectDominatedLinearConstraints] #relevant_constraints=9 #num_inclusions=3 
  7.74e-06s  0.00e+00d  [DetectDifferentVariables] 
  7.97e-04s  9.59e-05d  [ProcessSetPPC] #relevant_constraints=2'169 #num_inclusions=3 
  1.68e-04s  3.49e-05d  [TransformClausesToExactlyOne] #num_amos=437 #num_clauses=793 #num_checked=793 
  8.68e-06s  0.00e+00d  [DetectEncodedComplexDomains] 
  4.57e-06s  0.00e+00d  [FindAlmostIdenticalLinearConstraints] 
  1.54e-03s  5.53e-03d  [FindBigAtMostOneAndLinearOverlap] 
  8.13e-04s  2.42e-03d  [FindBigVerticalLinearOverlap] 
  3.08e-05s  4.11e-05d  [FindBigHorizontalLinearOverlap] #linears=9 
  2.09e-04s  2.30e-05d  [MergeClauses] #num_collisions=330 #num_merges=330 #num_saved_literals=1'510 
  4.98e-04s  0.00e+00d  [DetectDominanceRelations] 
  1.56e-03s  0.00e+00d  [PresolveToFixPoint] #num_loops=1 #num_dual_strengthening=1 
  4.95e-04s  0.00e+00d  [DetectDominanceRelations] 
  1.41e-03s  0.00e+00d  [PresolveToFixPoint] #num_loops=1 #num_dual_strengthening=1 
  1.82e-04s  0.00e+00d  [DetectDuplicateColumns] 
  4.29e-05s  0.00e+00d  [DetectDuplicateConstraints] 
[Symmetry] Graph for symmetry has 5'665 nodes and 24'391 arcs.
[Symmetry] Symmetry computation done. time: 0.000849751 dtime: 0.0029352
[Symmetry] #generators: 7, average support size: 2
[Symmetry] 6 orbits on 13 variables with sizes: 3,2,2,2,2,2
[Symmetry] Found orbitope of size 1 x 2
[SAT presolve] num removable Booleans: 0 / 1'496
[SAT presolve] num trivial clauses: 0
[SAT presolve] [0s] clauses:965 literals:4'946 vars:1'291 one_side_vars:1291 simple_definition:0 singleton_clauses:0
[SAT presolve] [6.6384e-05s] clauses:965 literals:4'946 vars:1'291 one_side_vars:1291 simple_definition:0 singleton_clauses:0
[SAT presolve] [0.000124021s] clauses:965 literals:4'946 vars:1'291 one_side_vars:1291 simple_definition:0 singleton_clauses:0
[MaxClique] Merged 437 with 1924 literals) into 353(1002 literals) at_most_ones.
  3.01e-04s  0.00e+00d  [ProcessAtMostOneAndLinear] 
  3.30e-05s  0.00e+00d  [DetectDuplicateConstraints] 
  2.22e-05s  0.00e+00d  [DetectDuplicateConstraintsWithDifferentEnforcements] 
  3.37e-05s  5.07e-06d  [DetectDominatedLinearConstraints] #relevant_constraints=9 #num_inclusions=3 
  7.07e-06s  0.00e+00d  [DetectDifferentVariables] 
  7.16e-04s  9.18e-05d  [ProcessSetPPC] #relevant_constraints=1'999 #num_inclusions=1 
  1.54e-04s  3.48e-05d  [TransformClausesToExactlyOne] #num_amos=353 #num_clauses=793 #num_checked=793 
  1.04e-05s  0.00e+00d  [DetectEncodedComplexDomains] 
  5.57e-06s  0.00e+00d  [FindAlmostIdenticalLinearConstraints] 
  1.47e-03s  5.51e-03d  [FindBigAtMostOneAndLinearOverlap] 
  3.20e-04s  2.42e-03d  [FindBigVerticalLinearOverlap] 
  3.11e-05s  4.11e-05d  [FindBigHorizontalLinearOverlap] #linears=9 
  1.98e-04s  2.30e-05d  [MergeClauses] #num_collisions=330 #num_merges=330 #num_saved_literals=1'510 
  4.86e-04s  0.00e+00d  [DetectDominanceRelations] 
  1.41e-03s  0.00e+00d  [PresolveToFixPoint] #num_loops=1 #num_dual_strengthening=1 
  4.88e-04s  0.00e+00d  [DetectDominanceRelations] 
  1.34e-03s  0.00e+00d  [PresolveToFixPoint] #num_loops=1 #num_dual_strengthening=1 
  1.77e-04s  0.00e+00d  [DetectDuplicateColumns] 
  5.08e-05s  0.00e+00d  [DetectDuplicateConstraints] 
[Symmetry] Graph for symmetry has 5'581 nodes and 23'469 arcs.
[Symmetry] Symmetry computation done. time: 0.000836583 dtime: 0.00286417
[Symmetry] #generators: 7, average support size: 2
[Symmetry] 6 orbits on 13 variables with sizes: 3,2,2,2,2,2
[Symmetry] Found orbitope of size 1 x 2
[SAT presolve] num removable Booleans: 0 / 1'496
[SAT presolve] num trivial clauses: 0
[SAT presolve] [0s] clauses:965 literals:4'946 vars:1'291 one_side_vars:1291 simple_definition:0 singleton_clauses:0
[SAT presolve] [6.614e-05s] clauses:965 literals:4'946 vars:1'291 one_side_vars:1291 simple_definition:0 singleton_clauses:0
[SAT presolve] [0.000124747s] clauses:965 literals:4'946 vars:1'291 one_side_vars:1291 simple_definition:0 singleton_clauses:0
  3.27e-04s  0.00e+00d  [ProcessAtMostOneAndLinear] 
  4.81e-05s  0.00e+00d  [DetectDuplicateConstraints] 
  2.34e-05s  0.00e+00d  [DetectDuplicateConstraintsWithDifferentEnforcements] 
  3.50e-05s  5.07e-06d  [DetectDominatedLinearConstraints] #relevant_constraints=9 #num_inclusions=3 
  8.20e-06s  0.00e+00d  [DetectDifferentVariables] 
  7.76e-04s  9.18e-05d  [ProcessSetPPC] #relevant_constraints=1'999 #num_inclusions=1 
  1.68e-04s  3.48e-05d  [TransformClausesToExactlyOne] #num_amos=353 #num_clauses=793 #num_checked=793 
  1.38e-05s  0.00e+00d  [DetectEncodedComplexDomains] 
  6.19e-06s  0.00e+00d  [FindAlmostIdenticalLinearConstraints] 
  1.47e-03s  5.51e-03d  [FindBigAtMostOneAndLinearOverlap] 
  8.42e-04s  2.42e-03d  [FindBigVerticalLinearOverlap] 
  4.93e-05s  4.11e-05d  [FindBigHorizontalLinearOverlap] #linears=9 
  2.13e-04s  2.30e-05d  [MergeClauses] #num_collisions=330 #num_merges=330 #num_saved_literals=1'510 
  5.08e-04s  0.00e+00d  [DetectDominanceRelations] 
  1.47e-03s  0.00e+00d  [PresolveToFixPoint] #num_loops=1 #num_dual_strengthening=1 
  4.73e-06s  0.00e+00d  [MergeNoOverlap] 
  5.45e-06s  0.00e+00d  [MergeNoOverlap2D] 

Presolve summary:
  - 12 affine relations were detected.
  - rule 'TODO dual: only one blocking constraint?' was applied 5'160 times.
  - rule 'affine: new relation' was applied 12 times.
  - rule 'at_most_one: resolved two constraints with opposite literal' was applied 84 times.
  - rule 'at_most_one: transformed into max clique' was applied 2 times.
  - rule 'bool_or: always true' was applied 85 times.
  - rule 'bool_or: implications' was applied 4 times.
  - rule 'bool_or: removed enforcement literal' was applied 792 times.
  - rule 'deductions: 704 stored' was applied 1 time.
  - rule 'duplicate: removed constraint' was applied 93 times.
  - rule 'linear + amo: trivial linear constraint' was applied 2 times.
  - rule 'linear2: convert ax + by != cte to clauses' was applied 10 times.
  - rule 'linear: always true' was applied 39 times.
  - rule 'linear: negative clause' was applied 787 times.
  - rule 'linear: positive at most one' was applied 203 times.
  - rule 'linear: positive equal one' was applied 928 times.
  - rule 'linear: reduced variable domains' was applied 1 time.
  - rule 'linear: remapped using affine relations' was applied 16 times.
  - rule 'linear: singleton column' was applied 206 times.
  - rule 'presolve: 1 unused variables removed.' was applied 1 time.
  - rule 'presolve: iteration' was applied 3 times.
  - rule 'setppc: removed dominated constraints' was applied 2 times.

Presolved satisfaction model '': (model_fingerprint: 0xda9a06b4421941b7)
#Variables: 1'498 (1'229 primary variables)
  - 1'496 Booleans in [0,1]
  - 1 in [0,6]
  - 1 in [10,12]
#kAtMostOne: 181 (#literals: 658)
#kBoolAnd: 61 (#enforced: 61) (#literals: 233)
#kBoolAndClauses: 326 (#enforced: 326 #multi: 326) (#literals: 2'156)
#kBoolOr: 137 (#literals: 936)
#kExactlyOne: 844 (#literals: 16'124)
#kLinearN: 9 (#enforced: 6) (#terms: 962)
[Symmetry] Graph for symmetry has 5'278 nodes and 23'469 arcs.
[Symmetry] Symmetry computation done. time: 0.000831704 dtime: 0.00284599
[Symmetry] #generators: 7, average support size: 2
[Symmetry] 6 orbits on 13 variables with sizes: 3,2,2,2,2,2
[Symmetry] Found orbitope of size 1 x 2

Preloading model.

Starting search at 0.05s with 1 workers.
1 full problem subsolver: [main]

#Done   10.80s main

Task timing           n [     min,      max]      avg      dev     time         n [     min,      max]      avg      dev    dtime
      'main':         1 [  10.75s,   10.75s]   10.75s   0.00ns   10.75s         1 [  16.78s,   16.78s]   16.78s   0.00ns   16.78s

Search stats    Bools  Conflicts  Branches  Restarts  BacktrackToRoot  Backtrack  BoolPropag  IntegerPropag
       'main':  1'496      4'667   273'578        28           31'307     74'064   3'688'789      4'590'606

SAT formula    Fixed  Equiv  Total  VarLeft  BinaryClauses  PermanentClauses  TemporaryClauses
      'main':      0    202  1'496    1'294          9'454               257             3'677

SAT stats    ClassicMinim  LitRemoved  LitRemovedBinary  LitLearned  LitForgotten  Subsumed
    'main':         3'482      18'580           130'869     572'576             0       754

Vivification    Clauses  Decisions  LitTrue  Subsumed  LitRemoved  DecisionReused  Conflicts
       'main':   12'301    198'019        0     1'099      14'725           2'557          1

Clause deletion    at_true  l_and_not(l)  to_binary  sub_conflict  sub_extra  sub_decisions  sub_eager  sub_vivify  sub_probing  sub_inpro  blocked  eliminated  forgotten  promoted  conflicts
          'main':        0             0        261           695         41              0         59       1'099           42         92        0           0          0     8'590      4'667

Lp stats    Component  Iterations  AddedCuts  OPTIMAL  DUAL_F.  DUAL_U.
   'main':          1      87'802      3'710       82    6'225    3'932

Lp dimension        Final dimension of first component
       'main':  2307 rows, 1498 columns, 52617 entries

Lp debug    CutPropag  CutEqPropag  Adjust  Overflow     Bad  BadScaling
   'main':          0            9   3'932         0  97'292           0

Lp pool    Constraints  Updates  Simplif  Merged  Shortened  Split  Strengthened    Cuts/Call
  'main':        5'695    1'595        0       0          0      0            10  3'710/6'817

Lp Cut            main
         CG_FF:    153
          CG_K:     69
         CG_KL:     76
          CG_R:    250
        Clique:    268
      MIR_1_FF:      6
       MIR_1_R:      5
      MIR_2_FF:     36
      MIR_2_KL:      3
       MIR_2_R:      9
      MIR_3_FF:    117
       MIR_3_K:      2
      MIR_3_KL:     69
       MIR_3_R:      5
      MIR_4_FF:    117
       MIR_4_K:      6
      MIR_4_KL:     27
       MIR_4_R:     15
      MIR_5_FF:     47
       MIR_5_K:      1
      MIR_5_KL:     13
       MIR_5_R:      8
      MIR_6_FF:     15
       MIR_6_K:      3
      MIR_6_KL:      3
       MIR_6_R:      4
  ZERO_HALF_FF:    865
   ZERO_HALF_K:      9
  ZERO_HALF_KL:    253
   ZERO_HALF_R:  1'256

Solution repositories    Added  Queried  Synchro
    'alternative_path':      0        0        0
      'best_solutions':      0        0        0
   'fj solution hints':      0        0        0

LRAT_status: NA
CpSolverResponse summary:
status: INFEASIBLE
objective: NA
best_bound: NA
integers: 1556
booleans: 1496
conflicts: 4667
branches: 273578
propagations: 3688789
integer_propagations: 4590606
restarts: 28
lp_iterations: 87802
walltime: 10.7973
usertime: 10.7973
deterministic_time: 16.803
gap_integral: 0

