
Starting CP-SAT solver v9.15.6755
Parameters: random_seed: 62 max_time_in_seconds: 90 log_search_progress: true linearization_level: 2 num_search_workers: 1 cp_model_probing_level: 0 log_to_stdout: false

Initial satisfaction model '': (model_fingerprint: 0x9bfeeb4b6f9e2d9d)
#Variables: 2'089 (1'359 primary variables)
  - 2'086 Booleans in [0,1]
  - 1 in [0,12]
  - 1 in [10,12]
  - 1 constants in {1} 
#kBoolOr: 82 (#enforced: 82) (#literals: 82)
#kLinear1: 844 (#enforced: 844)
#kLinear2: 31 (#enforced: 17)
#kLinear3: 366 (#enforced: 351)
#kLinearN: 1'923 (#enforced: 667) (#terms: 28'084)

Starting presolve at 0.00s
  1.03e-03s  0.00e+00d  [DetectDominanceRelations] 
  1.41e-02s  0.00e+00d  [PresolveToFixPoint] #num_loops=2 #num_dual_strengthening=1 
  6.23e-05s  0.00e+00d  [ExtractEncodingFromLinear] #potential_supersets=1'261 
  5.53e-04s  0.00e+00d  [DetectDuplicateColumns] 
  1.06e-04s  0.00e+00d  [DetectDuplicateConstraints] #duplicates=89 
[Symmetry] Graph for symmetry has 7'519 nodes and 34'135 arcs.
[Symmetry] Symmetry computation done. time: 0.00206999 dtime: 0.00400304
[Symmetry] #generators: 20, average support size: 2
[Symmetry] 19 orbits on 39 variables with sizes: 3,2,2,2,2,2,2,2,2,2,...
[Symmetry] Found orbitope of size 1 x 2
[SAT presolve] num removable Booleans: 0 / 1'886
[SAT presolve] num trivial clauses: 0
[SAT presolve] [0s] clauses:1'810 literals:7'079 vars:1'712 one_side_vars:1712 simple_definition:0 singleton_clauses:0
[SAT presolve] [0.000109934s] clauses:1'810 literals:7'079 vars:1'712 one_side_vars:1712 simple_definition:0 singleton_clauses:0
[SAT presolve] [0.000205901s] clauses:1'810 literals:7'079 vars:1'712 one_side_vars:1712 simple_definition:0 singleton_clauses:0
[MaxClique] Merged 936 with 2660 literals) into 449(1425 literals) at_most_ones.
  6.25e-04s  0.00e+00d  [ProcessAtMostOneAndLinear] 
  5.77e-05s  0.00e+00d  [DetectDuplicateConstraints] 
  4.58e-05s  0.00e+00d  [DetectDuplicateConstraintsWithDifferentEnforcements] 
  7.41e-05s  7.27e-06d  [DetectDominatedLinearConstraints] #relevant_constraints=49 #num_inclusions=3 
  1.41e-05s  0.00e+00d  [DetectDifferentVariables] 
  1.45e-03s  1.15e-04d  [ProcessSetPPC] #relevant_constraints=2'546 #num_inclusions=3 
  3.00e-04s  4.13e-05d  [TransformClausesToExactlyOne] #num_amos=447 #num_clauses=970 #num_checked=970 
  1.24e-05s  0.00e+00d  [DetectEncodedComplexDomains] 
  1.04e-05s  0.00e+00d  [FindAlmostIdenticalLinearConstraints] 
  3.57e-03s  8.26e-03d  [FindBigAtMostOneAndLinearOverlap] 
  5.23e-04s  3.71e-03d  [FindBigVerticalLinearOverlap] 
  1.01e-04s  2.79e-04d  [FindBigHorizontalLinearOverlap] #linears=49 
  2.87e-04s  2.70e-05d  [MergeClauses] #num_collisions=412 #num_merges=412 #num_saved_literals=1'859 
  9.03e-04s  0.00e+00d  [DetectDominanceRelations] 
  2.80e-03s  0.00e+00d  [PresolveToFixPoint] #num_loops=1 #num_dual_strengthening=1 
  8.89e-04s  0.00e+00d  [DetectDominanceRelations] 
  2.53e-03s  0.00e+00d  [PresolveToFixPoint] #num_loops=1 #num_dual_strengthening=1 
  4.96e-04s  0.00e+00d  [DetectDuplicateColumns] 
  6.02e-05s  0.00e+00d  [DetectDuplicateConstraints] 
[Symmetry] Graph for symmetry has 6'675 nodes and 29'807 arcs.
[Symmetry] Symmetry computation done. time: 0.00164545 dtime: 0.00336337
[Symmetry] #generators: 20, average support size: 2
[Symmetry] 19 orbits on 39 variables with sizes: 3,2,2,2,2,2,2,2,2,2,...
[Symmetry] Found orbitope of size 1 x 2
[SAT presolve] num removable Booleans: 0 / 1'808
[SAT presolve] num trivial clauses: 0
[SAT presolve] [0s] clauses:1'092 literals:5'643 vars:1'544 one_side_vars:1544 simple_definition:0 singleton_clauses:0
[SAT presolve] [8.4263e-05s] clauses:1'092 literals:5'643 vars:1'544 one_side_vars:1544 simple_definition:0 singleton_clauses:0
[SAT presolve] [0.000175867s] clauses:1'092 literals:5'643 vars:1'544 one_side_vars:1544 simple_definition:0 singleton_clauses:0
[MaxClique] Merged 447 with 2070 literals) into 369(1183 literals) at_most_ones.
  5.81e-04s  0.00e+00d  [ProcessAtMostOneAndLinear] 
  5.37e-05s  0.00e+00d  [DetectDuplicateConstraints] 
  4.47e-05s  0.00e+00d  [DetectDuplicateConstraintsWithDifferentEnforcements] 
  7.27e-05s  7.27e-06d  [DetectDominatedLinearConstraints] #relevant_constraints=49 #num_inclusions=3 
  1.88e-05s  0.00e+00d  [DetectDifferentVariables] 
  1.54e-03s  1.11e-04d  [ProcessSetPPC] #relevant_constraints=2'388 #num_inclusions=1 
  3.35e-04s  4.12e-05d  [TransformClausesToExactlyOne] #num_amos=369 #num_clauses=970 #num_checked=970 
  2.03e-05s  0.00e+00d  [DetectEncodedComplexDomains] 
  1.35e-05s  0.00e+00d  [FindAlmostIdenticalLinearConstraints] 
  3.57e-03s  8.25e-03d  [FindBigAtMostOneAndLinearOverlap] 
  5.68e-04s  3.70e-03d  [FindBigVerticalLinearOverlap] 
  1.36e-04s  2.79e-04d  [FindBigHorizontalLinearOverlap] #linears=49 
  3.29e-04s  2.70e-05d  [MergeClauses] #num_collisions=412 #num_merges=412 #num_saved_literals=1'859 
  9.16e-04s  0.00e+00d  [DetectDominanceRelations] 
  2.61e-03s  0.00e+00d  [PresolveToFixPoint] #num_loops=1 #num_dual_strengthening=1 
  8.88e-04s  0.00e+00d  [DetectDominanceRelations] 
  2.59e-03s  0.00e+00d  [PresolveToFixPoint] #num_loops=1 #num_dual_strengthening=1 
  4.85e-04s  0.00e+00d  [DetectDuplicateColumns] 
  5.59e-05s  0.00e+00d  [DetectDuplicateConstraints] 
[Symmetry] Graph for symmetry has 6'597 nodes and 28'920 arcs.
[Symmetry] Symmetry computation done. time: 0.00165123 dtime: 0.00330499
[Symmetry] #generators: 20, average support size: 2
[Symmetry] 19 orbits on 39 variables with sizes: 3,2,2,2,2,2,2,2,2,2,...
[Symmetry] Found orbitope of size 1 x 2
[SAT presolve] num removable Booleans: 0 / 1'808
[SAT presolve] num trivial clauses: 0
[SAT presolve] [0s] clauses:1'092 literals:5'643 vars:1'544 one_side_vars:1544 simple_definition:0 singleton_clauses:0
[SAT presolve] [7.893e-05s] clauses:1'092 literals:5'643 vars:1'544 one_side_vars:1544 simple_definition:0 singleton_clauses:0
[SAT presolve] [0.000171019s] clauses:1'092 literals:5'643 vars:1'544 one_side_vars:1544 simple_definition:0 singleton_clauses:0
  5.72e-04s  0.00e+00d  [ProcessAtMostOneAndLinear] 
  5.72e-05s  0.00e+00d  [DetectDuplicateConstraints] 
  4.62e-05s  0.00e+00d  [DetectDuplicateConstraintsWithDifferentEnforcements] 
  7.10e-05s  7.27e-06d  [DetectDominatedLinearConstraints] #relevant_constraints=49 #num_inclusions=3 
  1.84e-05s  0.00e+00d  [DetectDifferentVariables] 
  1.44e-03s  1.11e-04d  [ProcessSetPPC] #relevant_constraints=2'388 #num_inclusions=1 
  2.98e-04s  4.12e-05d  [TransformClausesToExactlyOne] #num_amos=369 #num_clauses=970 #num_checked=970 
  1.97e-05s  0.00e+00d  [DetectEncodedComplexDomains] 
  1.47e-05s  0.00e+00d  [FindAlmostIdenticalLinearConstraints] 
  3.40e-03s  7.62e-03d  [FindBigAtMostOneAndLinearOverlap] #blocks=1 #saved_nz=115 
  4.72e-04s  2.82e-03d  [FindBigVerticalLinearOverlap] 
  1.32e-04s  2.50e-04d  [FindBigHorizontalLinearOverlap] #linears=49 
  3.35e-04s  2.70e-05d  [MergeClauses] #num_collisions=412 #num_merges=412 #num_saved_literals=1'859 
  9.27e-04s  0.00e+00d  [DetectDominanceRelations] 
  2.94e-03s  0.00e+00d  [PresolveToFixPoint] #num_loops=2 #num_dual_strengthening=1 
  1.02e-05s  0.00e+00d  [MergeNoOverlap] 
  1.08e-05s  0.00e+00d  [MergeNoOverlap2D] 

Presolve summary:
  - 14 affine relations were detected.
  - rule 'TODO dual: only one blocking constraint?' was applied 6'090 times.
  - rule 'affine: new relation' was applied 14 times.
  - rule 'at_most_one: resolved two constraints with opposite literal' was applied 78 times.
  - rule 'at_most_one: transformed into max clique' was applied 2 times.
  - rule 'bool_or: always true' was applied 82 times.
  - rule 'bool_or: implications' was applied 4 times.
  - rule 'bool_or: removed enforcement literal' was applied 970 times.
  - rule 'deductions: 840 stored' was applied 1 time.
  - rule 'duplicate: removed constraint' was applied 89 times.
  - rule 'linear + amo: trivial linear constraint' was applied 3 times.
  - rule 'linear matrix: common amo rectangle' was applied 1 time.
  - rule 'linear2: convert ax + by != cte to clauses' was applied 14 times.
  - rule 'linear: always true' was applied 23 times.
  - rule 'linear: negative clause' was applied 960 times.
  - rule 'linear: positive at most one' was applied 183 times.
  - rule 'linear: positive equal one' was applied 1'078 times.
  - rule 'linear: reduced variable domains' was applied 1 time.
  - rule 'linear: remapped using affine relations' was applied 19 times.
  - rule 'linear: singleton column' was applied 186 times.
  - rule 'new_bool: with clause' was applied 1 time.
  - rule 'presolve: 1 unused variables removed.' was applied 1 time.
  - rule 'presolve: iteration' was applied 3 times.
  - rule 'setppc: removed dominated constraints' was applied 2 times.

Presolved satisfaction model '': (model_fingerprint: 0xb7d40b5480b6ea50)
#Variables: 1'811 (1'505 primary variables)
  - 1'809 Booleans in [0,1]
  - 1 in [0,6]
  - 1 in [10,12]
#kAtMostOne: 247 (#literals: 822)
#kBoolAnd: 61 (#enforced: 61) (#literals: 183)
#kBoolAndClauses: 406 (#enforced: 406 #multi: 406) (#literals: 2'662)
#kBoolOr: 152 (#literals: 878)
#kExactlyOne: 1'001 (#literals: 20'120)
#kLinearN: 49 (#enforced: 46) (#terms: 1'379)
[Symmetry] Graph for symmetry has 6'204 nodes and 28'689 arcs.
[Symmetry] Symmetry computation done. time: 0.00159832 dtime: 0.00325025
[Symmetry] #generators: 20, average support size: 2
[Symmetry] 19 orbits on 39 variables with sizes: 3,2,2,2,2,2,2,2,2,2,...
[Symmetry] Found orbitope of size 1 x 2

Preloading model.

Starting search at 0.09s with 1 workers.
1 full problem subsolver: [main]

#Done   15.07s main

Task timing           n [     min,      max]      avg      dev     time         n [     min,      max]      avg      dev    dtime
      'main':         1 [  14.98s,   14.98s]   14.98s   0.00ns   14.98s         1 [  22.96s,   22.96s]   22.96s   0.00ns   22.96s

Search stats    Bools  Conflicts  Branches  Restarts  BacktrackToRoot  Backtrack  BoolPropag  IntegerPropag
       'main':  1'809      6'178   365'362        32           40'428     90'522   4'571'058      5'657'531

SAT formula    Fixed  Equiv  Total  VarLeft  BinaryClauses  PermanentClauses  TemporaryClauses
      'main':      0    255  1'809    1'554         10'498               313             4'845

SAT stats    ClassicMinim  LitRemoved  LitRemovedBinary  LitLearned  LitForgotten  Subsumed
    'main':         5'321      33'222           137'195     797'179             0     1'021

Vivification    Clauses  Decisions  LitTrue  Subsumed  LitRemoved  DecisionReused  Conflicts
       'main':   15'745    274'310        0     1'361      18'420           3'743          2

Clause deletion    at_true  l_and_not(l)  to_binary  sub_conflict  sub_extra  sub_decisions  sub_eager  sub_vivify  sub_probing  sub_inpro  blocked  eliminated  forgotten  promoted  conflicts
          'main':        0             0        296           969         16              0         52       1'361           81        115        0           0          0    11'329      6'178

Lp stats    Component  Iterations  AddedCuts  OPTIMAL  DUAL_F.  DUAL_U.
   'main':          1     107'393      4'719       90    6'946    5'256

Lp dimension        Final dimension of first component
       'main':  2651 rows, 1811 columns, 53646 entries

Lp debug    CutPropag  CutEqPropag  Adjust  Overflow      Bad  BadScaling
   'main':          0           49   5'253         0  118'900           0

Lp pool    Constraints  Updates  Simplif  Merged  Shortened  Split  Strengthened    Cuts/Call
  'main':        7'089    1'469        0       0          0      0            53  4'719/8'429

Lp Cut            main
         CG_FF:    205
          CG_K:     94
         CG_KL:     99
          CG_R:    322
        Clique:    347
      MIR_1_FF:      5
       MIR_1_K:      1
       MIR_1_R:      6
     MIR_1_RLT:      2
      MIR_2_FF:     50
       MIR_2_K:      3
      MIR_2_KL:     10
       MIR_2_R:      7
      MIR_3_FF:    140
       MIR_3_K:      2
      MIR_3_KL:     91
       MIR_3_R:     11
      MIR_4_FF:    110
       MIR_4_K:      2
      MIR_4_KL:     37
       MIR_4_R:      5
      MIR_5_FF:     59
       MIR_5_K:      2
      MIR_5_KL:      8
       MIR_5_R:      7
      MIR_6_FF:     30
      MIR_6_KL:      5
       MIR_6_R:      2
  ZERO_HALF_FF:  1'047
   ZERO_HALF_K:     29
  ZERO_HALF_KL:    328
   ZERO_HALF_R:  1'653

Solution repositories    Added  Queried  Synchro
    'alternative_path':      0        0        0
      'best_solutions':      0        0        0
   'fj solution hints':      0        0        0

LRAT_status: NA
CpSolverResponse summary:
status: INFEASIBLE
objective: NA
best_bound: NA
integers: 1870
booleans: 1809
conflicts: 6178
branches: 365362
propagations: 4571058
integer_propagations: 5657531
restarts: 32
lp_iterations: 107393
walltime: 15.0729
usertime: 15.0729
deterministic_time: 22.9917
gap_integral: 0

