
Starting CP-SAT solver v9.15.6755
Parameters: random_seed: 62 max_time_in_seconds: 90 log_search_progress: true linearization_level: 2 num_search_workers: 1 cp_model_probing_level: 0 log_to_stdout: false

Initial satisfaction model '': (model_fingerprint: 0xfb300ff858d98cc1)
#Variables: 2'086 (1'284 primary variables)
  - 2'083 Booleans in [0,1]
  - 1 in [0,12]
  - 1 in [10,12]
  - 1 constants in {1} 
#kBoolOr: 83 (#enforced: 83) (#literals: 83)
#kLinear1: 603 (#enforced: 603)
#kLinear2: 40 (#enforced: 20)
#kLinear3: 368 (#enforced: 353)
#kLinearN: 1'957 (#enforced: 718) (#terms: 26'188)

Starting presolve at 0.00s
  6.05e-04s  0.00e+00d  [DetectDominanceRelations] 
  6.57e-03s  0.00e+00d  [PresolveToFixPoint] #num_loops=2 #num_dual_strengthening=1 
  3.32e-05s  0.00e+00d  [ExtractEncodingFromLinear] #potential_supersets=1'240 
  1.99e-04s  0.00e+00d  [DetectDuplicateColumns] 
  5.77e-05s  0.00e+00d  [DetectDuplicateConstraints] #duplicates=102 
[Symmetry] Graph for symmetry has 7'395 nodes and 31'617 arcs.
[Symmetry] Symmetry computation done. time: 0.00115748 dtime: 0.00400151
[Symmetry] #generators: 74, average support size: 2
[Symmetry] 73 orbits on 147 variables with sizes: 3,2,2,2,2,2,2,2,2,2,...
[Symmetry] Found orbitope of size 1 x 2
[SAT presolve] num removable Booleans: 0 / 1'866
[SAT presolve] num trivial clauses: 0
[SAT presolve] [0s] clauses:1'666 literals:7'217 vars:1'694 one_side_vars:1694 simple_definition:0 singleton_clauses:0
[SAT presolve] [5.5259e-05s] clauses:1'666 literals:7'217 vars:1'694 one_side_vars:1694 simple_definition:0 singleton_clauses:0
[SAT presolve] [0.000118166s] clauses:1'666 literals:7'217 vars:1'694 one_side_vars:1694 simple_definition:0 singleton_clauses:0
[MaxClique] Merged 695 with 2141 literals) into 354(1048 literals) at_most_ones.
  3.79e-04s  0.00e+00d  [ProcessAtMostOneAndLinear] 
  9.26e-05s  0.00e+00d  [DetectDuplicateConstraints] 
  2.90e-05s  0.00e+00d  [DetectDuplicateConstraintsWithDifferentEnforcements] 
  3.93e-05s  6.27e-06d  [DetectDominatedLinearConstraints] #relevant_constraints=7 #num_inclusions=3 
  7.02e-06s  0.00e+00d  [DetectDifferentVariables] 
  8.22e-04s  1.03e-04d  [ProcessSetPPC] #relevant_constraints=2'479 #num_inclusions=2 
  1.61e-04s  4.61e-05d  [TransformClausesToExactlyOne] #num_amos=353 #num_clauses=1'068 #num_checked=1'068 
  1.25e-05s  0.00e+00d  [DetectEncodedComplexDomains] 
  5.61e-06s  0.00e+00d  [FindAlmostIdenticalLinearConstraints] 
  2.03e-03s  8.28e-03d  [FindBigAtMostOneAndLinearOverlap] 
  3.06e-04s  3.74e-03d  [FindBigVerticalLinearOverlap] 
  1.78e-05s  4.01e-05d  [FindBigHorizontalLinearOverlap] #linears=7 
  1.91e-04s  3.01e-05d  [MergeClauses] #num_collisions=444 #num_merges=444 #num_saved_literals=2'028 
  5.58e-04s  0.00e+00d  [DetectDominanceRelations] 
  1.59e-03s  0.00e+00d  [PresolveToFixPoint] #num_loops=1 #num_dual_strengthening=1 
  5.48e-04s  0.00e+00d  [DetectDominanceRelations] 
  1.50e-03s  0.00e+00d  [PresolveToFixPoint] #num_loops=1 #num_dual_strengthening=1 
  1.83e-04s  0.00e+00d  [DetectDuplicateColumns] 
  3.37e-05s  0.00e+00d  [DetectDuplicateConstraints] 
[Symmetry] Graph for symmetry has 6'564 nodes and 27'343 arcs.
[Symmetry] Symmetry computation done. time: 0.000981496 dtime: 0.00325784
[Symmetry] #generators: 74, average support size: 2
[Symmetry] 73 orbits on 147 variables with sizes: 3,2,2,2,2,2,2,2,2,2,...
[Symmetry] Found orbitope of size 1 x 2
[SAT presolve] num removable Booleans: 0 / 1'788
[SAT presolve] num trivial clauses: 0
[SAT presolve] [0s] clauses:1'177 literals:6'239 vars:1'551 one_side_vars:1551 simple_definition:0 singleton_clauses:0
[SAT presolve] [4.4345e-05s] clauses:1'177 literals:6'239 vars:1'551 one_side_vars:1551 simple_definition:0 singleton_clauses:0
[SAT presolve] [0.000106227s] clauses:1'177 literals:6'239 vars:1'551 one_side_vars:1551 simple_definition:0 singleton_clauses:0
[MaxClique] Merged 353 with 1676 literals) into 275(812 literals) at_most_ones.
  3.33e-04s  0.00e+00d  [ProcessAtMostOneAndLinear] 
  3.50e-05s  0.00e+00d  [DetectDuplicateConstraints] 
  2.60e-05s  0.00e+00d  [DetectDuplicateConstraintsWithDifferentEnforcements] 
  3.80e-05s  6.27e-06d  [DetectDominatedLinearConstraints] #relevant_constraints=7 #num_inclusions=3 
  8.53e-06s  0.00e+00d  [DetectDifferentVariables] 
  8.31e-04s  9.98e-05d  [ProcessSetPPC] #relevant_constraints=2'322 #num_inclusions=1 
  1.56e-04s  4.60e-05d  [TransformClausesToExactlyOne] #num_amos=275 #num_clauses=1'068 #num_checked=1'068 
  1.59e-05s  0.00e+00d  [DetectEncodedComplexDomains] 
  7.31e-06s  0.00e+00d  [FindAlmostIdenticalLinearConstraints] 
  2.00e-03s  8.26e-03d  [FindBigAtMostOneAndLinearOverlap] 
  3.07e-04s  3.74e-03d  [FindBigVerticalLinearOverlap] 
  2.19e-05s  4.01e-05d  [FindBigHorizontalLinearOverlap] #linears=7 
  1.95e-04s  3.01e-05d  [MergeClauses] #num_collisions=444 #num_merges=444 #num_saved_literals=2'028 
  5.49e-04s  0.00e+00d  [DetectDominanceRelations] 
  1.48e-03s  0.00e+00d  [PresolveToFixPoint] #num_loops=1 #num_dual_strengthening=1 
  5.84e-04s  0.00e+00d  [DetectDominanceRelations] 
  1.48e-03s  0.00e+00d  [PresolveToFixPoint] #num_loops=1 #num_dual_strengthening=1 
  1.75e-04s  0.00e+00d  [DetectDuplicateColumns] 
  3.59e-05s  0.00e+00d  [DetectDuplicateConstraints] 
[Symmetry] Graph for symmetry has 6'486 nodes and 26'479 arcs.
[Symmetry] Symmetry computation done. time: 0.000969741 dtime: 0.00319755
[Symmetry] #generators: 74, average support size: 2
[Symmetry] 73 orbits on 147 variables with sizes: 3,2,2,2,2,2,2,2,2,2,...
[Symmetry] Found orbitope of size 1 x 2
[SAT presolve] num removable Booleans: 0 / 1'788
[SAT presolve] num trivial clauses: 0
[SAT presolve] [0s] clauses:1'177 literals:6'239 vars:1'551 one_side_vars:1551 simple_definition:0 singleton_clauses:0
[SAT presolve] [4.4287e-05s] clauses:1'177 literals:6'239 vars:1'551 one_side_vars:1551 simple_definition:0 singleton_clauses:0
[SAT presolve] [0.000106148s] clauses:1'177 literals:6'239 vars:1'551 one_side_vars:1551 simple_definition:0 singleton_clauses:0
  3.37e-04s  0.00e+00d  [ProcessAtMostOneAndLinear] 
  3.77e-05s  0.00e+00d  [DetectDuplicateConstraints] 
  2.86e-05s  0.00e+00d  [DetectDuplicateConstraintsWithDifferentEnforcements] 
  4.01e-05s  6.27e-06d  [DetectDominatedLinearConstraints] #relevant_constraints=7 #num_inclusions=3 
  9.88e-06s  0.00e+00d  [DetectDifferentVariables] 
  7.89e-04s  9.98e-05d  [ProcessSetPPC] #relevant_constraints=2'322 #num_inclusions=1 
  1.58e-04s  4.60e-05d  [TransformClausesToExactlyOne] #num_amos=275 #num_clauses=1'068 #num_checked=1'068 
  1.89e-05s  0.00e+00d  [DetectEncodedComplexDomains] 
  9.62e-06s  0.00e+00d  [FindAlmostIdenticalLinearConstraints] 
  2.04e-03s  8.26e-03d  [FindBigAtMostOneAndLinearOverlap] 
  3.09e-04s  3.74e-03d  [FindBigVerticalLinearOverlap] 
  2.57e-05s  4.01e-05d  [FindBigHorizontalLinearOverlap] #linears=7 
  1.94e-04s  3.01e-05d  [MergeClauses] #num_collisions=444 #num_merges=444 #num_saved_literals=2'028 
  5.65e-04s  0.00e+00d  [DetectDominanceRelations] 
  1.51e-03s  0.00e+00d  [PresolveToFixPoint] #num_loops=1 #num_dual_strengthening=1 
  5.60e-06s  0.00e+00d  [MergeNoOverlap] 
  5.80e-06s  0.00e+00d  [MergeNoOverlap2D] 

Presolve summary:
  - 20 affine relations were detected.
  - rule 'TODO dual: only one blocking constraint?' was applied 5'922 times.
  - rule 'affine: new relation' was applied 20 times.
  - rule 'at_most_one: resolved two constraints with opposite literal' was applied 78 times.
  - rule 'at_most_one: transformed into max clique' was applied 2 times.
  - rule 'bool_or: always true' was applied 83 times.
  - rule 'bool_or: implications' was applied 8 times.
  - rule 'bool_or: removed enforcement literal' was applied 1'068 times.
  - rule 'deductions: 598 stored' was applied 1 time.
  - rule 'duplicate: removed constraint' was applied 102 times.
  - rule 'linear + amo: trivial linear constraint' was applied 3 times.
  - rule 'linear2: convert ax + by != cte to clauses' was applied 20 times.
  - rule 'linear: always true' was applied 22 times.
  - rule 'linear: negative clause' was applied 1'056 times.
  - rule 'linear: positive at most one' was applied 190 times.
  - rule 'linear: positive equal one' was applied 1'050 times.
  - rule 'linear: reduced variable domains' was applied 1 time.
  - rule 'linear: remapped using affine relations' was applied 24 times.
  - rule 'linear: singleton column' was applied 197 times.
  - rule 'presolve: 1 unused variables removed.' was applied 1 time.
  - rule 'presolve: iteration' was applied 3 times.
  - rule 'setppc: removed dominated constraints' was applied 1 time.

Presolved satisfaction model '': (model_fingerprint: 0x13fd9114f23c852c)
#Variables: 1'790 (1'542 primary variables)
  - 1'788 Booleans in [0,1]
  - 1 in [0,6]
  - 1 in [10,12]
#kAtMostOne: 166 (#literals: 594)
#kBoolAnd: 45 (#enforced: 45) (#literals: 154)
#kBoolAndClauses: 436 (#enforced: 436 #multi: 436) (#literals: 2'888)
#kBoolOr: 188 (#literals: 1'105)
#kExactlyOne: 972 (#literals: 17'865)
#kLinearN: 7 (#enforced: 4) (#terms: 1'174)
[Symmetry] Graph for symmetry has 6'190 nodes and 26'479 arcs.
[Symmetry] Symmetry computation done. time: 0.00096714 dtime: 0.00317979
[Symmetry] #generators: 74, average support size: 2
[Symmetry] 73 orbits on 147 variables with sizes: 3,2,2,2,2,2,2,2,2,2,...
[Symmetry] Found orbitope of size 1 x 2

Preloading model.

Starting search at 0.05s with 1 workers.
1 full problem subsolver: [main]

#Done   14.46s main

Task timing           n [     min,      max]      avg      dev     time         n [     min,      max]      avg      dev    dtime
      'main':         1 [  14.41s,   14.41s]   14.41s   0.00ns   14.41s         1 [  24.01s,   24.01s]   24.01s   0.00ns   24.01s

Search stats    Bools  Conflicts  Branches  Restarts  BacktrackToRoot  Backtrack  BoolPropag  IntegerPropag
       'main':  1'788      2'144   434'493        34           62'548    115'858   5'065'948      6'848'955

SAT formula    Fixed  Equiv  Total  VarLeft  BinaryClauses  PermanentClauses  TemporaryClauses
      'main':      0    255  1'788    1'533          8'740               540             1'564

SAT stats    ClassicMinim  LitRemoved  LitRemovedBinary  LitLearned  LitForgotten  Subsumed
    'main':         1'426       8'193            82'369     272'290             0       375

Vivification    Clauses  Decisions  LitTrue  Subsumed  LitRemoved  DecisionReused  Conflicts
       'main':   30'759    331'146        0     1'151      14'819           5'742          1

Clause deletion    at_true  l_and_not(l)  to_binary  sub_conflict  sub_extra  sub_decisions  sub_eager  sub_vivify  sub_probing  sub_inpro  blocked  eliminated  forgotten  promoted  conflicts
          'main':        0             0        330           345          5              0         30       1'151           48         90        0           0          0     3'197      2'144

Lp stats    Component  Iterations  AddedCuts  OPTIMAL  DUAL_F.  DUAL_U.
   'main':          1     101'177      5'965       96    7'044    1'664

Lp dimension        Final dimension of first component
       'main':  2882 rows, 1790 columns, 64654 entries

Lp debug    CutPropag  CutEqPropag  Adjust  Overflow      Bad  BadScaling
   'main':          1           31   1'662         0  176'369           0

Lp pool    Constraints  Updates  Simplif  Merged  Shortened  Split  Strengthened     Cuts/Call
  'main':        8'261    2'326        0       0          0     12            27  5'965/10'395

Lp Cut            main
         CG_FF:    178
          CG_K:     93
         CG_KL:     76
          CG_R:    328
        Clique:    358
      MIR_1_FF:     10
       MIR_1_K:      2
      MIR_1_KL:      1
       MIR_1_R:      8
      MIR_2_FF:     76
       MIR_2_K:     10
      MIR_2_KL:     17
       MIR_2_R:     14
      MIR_3_FF:    220
       MIR_3_K:      5
      MIR_3_KL:    123
       MIR_3_R:     18
      MIR_4_FF:    172
       MIR_4_K:      6
      MIR_4_KL:     20
       MIR_4_R:     15
      MIR_5_FF:     66
       MIR_5_K:      1
      MIR_5_KL:     13
       MIR_5_R:     15
      MIR_6_FF:     37
       MIR_6_K:      3
      MIR_6_KL:      8
       MIR_6_R:      9
  ZERO_HALF_FF:  1'114
   ZERO_HALF_K:     21
  ZERO_HALF_KL:    286
   ZERO_HALF_R:  2'642

Solution repositories    Added  Queried  Synchro
    'alternative_path':      0        0        0
      'best_solutions':      0        0        0
   'fj solution hints':      0        0        0

LRAT_status: NA
CpSolverResponse summary:
status: INFEASIBLE
objective: NA
best_bound: NA
integers: 1853
booleans: 1788
conflicts: 2144
branches: 434493
propagations: 5065948
integer_propagations: 6848955
restarts: 34
lp_iterations: 101177
walltime: 14.4614
usertime: 14.4614
deterministic_time: 24.043
gap_integral: 0

