
Starting CP-SAT solver v9.15.6755
Parameters: random_seed: 62 max_time_in_seconds: 90 log_search_progress: true linearization_level: 2 num_search_workers: 1 cp_model_probing_level: 0 log_to_stdout: false

Initial satisfaction model '': (model_fingerprint: 0x69147c43f5582854)
#Variables: 2'132 (1'376 primary variables)
  - 2'129 Booleans in [0,1]
  - 1 in [0,12]
  - 1 in [10,12]
  - 1 constants in {1} 
#kBoolOr: 83 (#enforced: 83) (#literals: 83)
#kLinear1: 843 (#enforced: 843)
#kLinear2: 30 (#enforced: 17)
#kLinear3: 362 (#enforced: 352)
#kLinearN: 1'996 (#enforced: 716) (#terms: 29'034)

Starting presolve at 0.00s
  6.53e-04s  0.00e+00d  [DetectDominanceRelations] 
  7.06e-03s  0.00e+00d  [PresolveToFixPoint] #num_loops=2 #num_dual_strengthening=1 
  3.07e-05s  0.00e+00d  [ExtractEncodingFromLinear] #potential_supersets=1'280 
  2.03e-04s  0.00e+00d  [DetectDuplicateColumns] 
  5.75e-05s  0.00e+00d  [DetectDuplicateConstraints] #duplicates=91 
[Symmetry] Graph for symmetry has 7'744 nodes and 35'210 arcs.
[Symmetry] Symmetry computation done. time: 0.00110511 dtime: 0.00412774
[Symmetry] #generators: 30, average support size: 2
[Symmetry] 30 orbits on 60 variables with sizes: 2,2,2,2,2,2,2,2,2,2,...
[Symmetry] Found orbitope of size 1 x 2
[SAT presolve] num removable Booleans: 0 / 1'929
[SAT presolve] num trivial clauses: 0
[SAT presolve] [0s] clauses:1'861 literals:7'376 vars:1'757 one_side_vars:1757 simple_definition:0 singleton_clauses:0
[SAT presolve] [6.0621e-05s] clauses:1'861 literals:7'376 vars:1'757 one_side_vars:1757 simple_definition:0 singleton_clauses:0
[SAT presolve] [0.000126832s] clauses:1'861 literals:7'376 vars:1'757 one_side_vars:1757 simple_definition:0 singleton_clauses:0
[MaxClique] Merged 935 with 2637 literals) into 499(1475 literals) at_most_ones.
  4.37e-04s  0.00e+00d  [ProcessAtMostOneAndLinear] 
  3.64e-05s  0.00e+00d  [DetectDuplicateConstraints] 
  2.94e-05s  0.00e+00d  [DetectDuplicateConstraintsWithDifferentEnforcements] 
  4.03e-05s  7.55e-06d  [DetectDominatedLinearConstraints] #relevant_constraints=48 #num_inclusions=3 
  9.19e-06s  0.00e+00d  [DetectDifferentVariables] 
  9.15e-04s  1.18e-04d  [ProcessSetPPC] #relevant_constraints=2'664 #num_inclusions=2 
  1.75e-04s  4.36e-05d  [TransformClausesToExactlyOne] #num_amos=498 #num_clauses=1'021 #num_checked=1'021 
  1.31e-05s  0.00e+00d  [DetectEncodedComplexDomains] 
  6.32e-06s  0.00e+00d  [FindAlmostIdenticalLinearConstraints] 
  2.12e-03s  7.78e-03d  [FindBigAtMostOneAndLinearOverlap] #blocks=1 #saved_nz=114 
  3.03e-04s  3.02e-03d  [FindBigVerticalLinearOverlap] 
  5.17e-05s  2.52e-04d  [FindBigHorizontalLinearOverlap] #linears=48 
  1.80e-04s  2.85e-05d  [MergeClauses] #num_collisions=430 #num_merges=430 #num_saved_literals=1'944 
  6.03e-04s  0.00e+00d  [DetectDominanceRelations] 
  1.82e-03s  0.00e+00d  [PresolveToFixPoint] #num_loops=2 #num_dual_strengthening=1 
  5.92e-04s  0.00e+00d  [DetectDominanceRelations] 
  1.64e-03s  0.00e+00d  [PresolveToFixPoint] #num_loops=1 #num_dual_strengthening=1 
  1.98e-04s  0.00e+00d  [DetectDuplicateColumns] 
  3.39e-05s  0.00e+00d  [DetectDuplicateConstraints] 
[Symmetry] Graph for symmetry has 6'777 nodes and 30'622 arcs.
[Symmetry] Symmetry computation done. time: 0.000972604 dtime: 0.00342611
[Symmetry] #generators: 30, average support size: 2
[Symmetry] 30 orbits on 60 variables with sizes: 2,2,2,2,2,2,2,2,2,2,...
[Symmetry] Found orbitope of size 1 x 2
[SAT presolve] num removable Booleans: 0 / 1'852
[SAT presolve] num trivial clauses: 0
[SAT presolve] [0s] clauses:1'191 literals:6'036 vars:1'592 one_side_vars:1592 simple_definition:0 singleton_clauses:0
[SAT presolve] [4.3262e-05s] clauses:1'191 literals:6'036 vars:1'592 one_side_vars:1592 simple_definition:0 singleton_clauses:0
[SAT presolve] [0.000106002s] clauses:1'191 literals:6'036 vars:1'592 one_side_vars:1592 simple_definition:0 singleton_clauses:0
[MaxClique] Merged 498 with 2005 literals) into 497(1987 literals) at_most_ones.
  3.64e-04s  0.00e+00d  [ProcessAtMostOneAndLinear] 
  3.75e-05s  0.00e+00d  [DetectDuplicateConstraints] 
  3.11e-05s  0.00e+00d  [DetectDuplicateConstraintsWithDifferentEnforcements] 
  4.11e-05s  6.97e-06d  [DetectDominatedLinearConstraints] #relevant_constraints=48 #num_inclusions=3 
  1.14e-05s  0.00e+00d  [DetectDifferentVariables] 
  9.11e-04s  1.32e-04d  [ProcessSetPPC] #relevant_constraints=2'585 #num_inclusions=64 
  1.75e-04s  4.35e-05d  [TransformClausesToExactlyOne] #num_amos=434 #num_clauses=1'021 #num_checked=1'021 
  1.64e-05s  0.00e+00d  [DetectEncodedComplexDomains] 
  8.57e-06s  0.00e+00d  [FindAlmostIdenticalLinearConstraints] 
  1.86e-03s  6.89e-03d  [FindBigAtMostOneAndLinearOverlap] 
  2.96e-04s  3.01e-03d  [FindBigVerticalLinearOverlap] 
  5.38e-05s  2.52e-04d  [FindBigHorizontalLinearOverlap] #linears=48 
  1.85e-04s  2.85e-05d  [MergeClauses] #num_collisions=430 #num_merges=430 #num_saved_literals=1'944 
  6.05e-04s  0.00e+00d  [DetectDominanceRelations] 
  1.64e-03s  0.00e+00d  [PresolveToFixPoint] #num_loops=1 #num_dual_strengthening=1 
  6.07e-04s  0.00e+00d  [DetectDominanceRelations] 
  1.63e-03s  0.00e+00d  [PresolveToFixPoint] #num_loops=1 #num_dual_strengthening=1 
  2.08e-04s  0.00e+00d  [DetectDuplicateColumns] 
  3.60e-05s  0.00e+00d  [DetectDuplicateConstraints] 
[Symmetry] Graph for symmetry has 6'713 nodes and 29'911 arcs.
[Symmetry] Symmetry computation done. time: 0.000965274 dtime: 0.00337887
[Symmetry] #generators: 30, average support size: 2
[Symmetry] 30 orbits on 60 variables with sizes: 2,2,2,2,2,2,2,2,2,2,...
[Symmetry] Found orbitope of size 1 x 2
[SAT presolve] num removable Booleans: 0 / 1'852
[SAT presolve] num trivial clauses: 0
[SAT presolve] [0s] clauses:1'191 literals:6'036 vars:1'592 one_side_vars:1592 simple_definition:0 singleton_clauses:0
[SAT presolve] [4.4099e-05s] clauses:1'191 literals:6'036 vars:1'592 one_side_vars:1592 simple_definition:0 singleton_clauses:0
[SAT presolve] [0.00010675s] clauses:1'191 literals:6'036 vars:1'592 one_side_vars:1592 simple_definition:0 singleton_clauses:0
  3.69e-04s  0.00e+00d  [ProcessAtMostOneAndLinear] 
  4.00e-05s  0.00e+00d  [DetectDuplicateConstraints] 
  3.38e-05s  0.00e+00d  [DetectDuplicateConstraintsWithDifferentEnforcements] 
  4.39e-05s  6.97e-06d  [DetectDominatedLinearConstraints] #relevant_constraints=48 #num_inclusions=3 
  1.51e-05s  0.00e+00d  [DetectDifferentVariables] 
  8.83e-04s  1.15e-04d  [ProcessSetPPC] #relevant_constraints=2'522 #num_inclusions=1 
  1.80e-04s  4.35e-05d  [TransformClausesToExactlyOne] #num_amos=434 #num_clauses=1'021 #num_checked=1'021 
  2.01e-05s  0.00e+00d  [DetectEncodedComplexDomains] 
  1.13e-05s  0.00e+00d  [FindAlmostIdenticalLinearConstraints] 
  1.88e-03s  6.87e-03d  [FindBigAtMostOneAndLinearOverlap] 
  3.01e-04s  3.01e-03d  [FindBigVerticalLinearOverlap] 
  5.77e-05s  2.52e-04d  [FindBigHorizontalLinearOverlap] #linears=48 
  1.86e-04s  2.85e-05d  [MergeClauses] #num_collisions=430 #num_merges=430 #num_saved_literals=1'944 
  6.16e-04s  0.00e+00d  [DetectDominanceRelations] 
  1.67e-03s  0.00e+00d  [PresolveToFixPoint] #num_loops=1 #num_dual_strengthening=1 
  6.76e-06s  0.00e+00d  [MergeNoOverlap] 
  6.77e-06s  0.00e+00d  [MergeNoOverlap2D] 

Presolve summary:
  - 13 affine relations were detected.
  - rule 'TODO dual: only one blocking constraint?' was applied 6'198 times.
  - rule 'affine: new relation' was applied 13 times.
  - rule 'at_most_one: resolved two constraints with opposite literal' was applied 78 times.
  - rule 'at_most_one: transformed into max clique' was applied 2 times.
  - rule 'bool_or: always true' was applied 83 times.
  - rule 'bool_or: implications' was applied 4 times.
  - rule 'bool_or: removed enforcement literal' was applied 1'021 times.
  - rule 'deductions: 840 stored' was applied 1 time.
  - rule 'duplicate: removed constraint' was applied 91 times.
  - rule 'linear + amo: trivial linear constraint' was applied 3 times.
  - rule 'linear matrix: common amo rectangle' was applied 1 time.
  - rule 'linear2: convert ax + by != cte to clauses' was applied 15 times.
  - rule 'linear: always true' was applied 22 times.
  - rule 'linear: negative clause' was applied 1'010 times.
  - rule 'linear: positive at most one' was applied 184 times.
  - rule 'linear: positive equal one' was applied 1'096 times.
  - rule 'linear: reduced variable domains' was applied 1 time.
  - rule 'linear: remapped using affine relations' was applied 21 times.
  - rule 'linear: singleton column' was applied 187 times.
  - rule 'new_bool: with clause' was applied 1 time.
  - rule 'presolve: 1 unused variables removed.' was applied 1 time.
  - rule 'presolve: iteration' was applied 3 times.
  - rule 'setppc: removed dominated constraints' was applied 64 times.

Presolved satisfaction model '': (model_fingerprint: 0xebaff1dc591c7ff)
#Variables: 1'854 (1'532 primary variables)
  - 1'852 Booleans in [0,1]
  - 1 in [0,6]
  - 1 in [10,12]
#kAtMostOne: 264 (#literals: 954)
#kBoolAnd: 65 (#enforced: 65) (#literals: 235)
#kBoolAndClauses: 424 (#enforced: 424 #multi: 424) (#literals: 2'783)
#kBoolOr: 167 (#literals: 969)
#kExactlyOne: 1'019 (#literals: 20'764)
#kLinearN: 48 (#enforced: 45) (#terms: 1'398)
[Symmetry] Graph for symmetry has 6'434 nodes and 29'911 arcs.
[Symmetry] Symmetry computation done. time: 0.000991446 dtime: 0.00336213
[Symmetry] #generators: 30, average support size: 2
[Symmetry] 30 orbits on 60 variables with sizes: 2,2,2,2,2,2,2,2,2,2,...
[Symmetry] Found orbitope of size 1 x 2

Preloading model.

Starting search at 0.04s with 1 workers.
1 full problem subsolver: [main]

#Done   15.23s main

Task timing           n [     min,      max]      avg      dev     time         n [     min,      max]      avg      dev    dtime
      'main':         1 [  15.19s,   15.19s]   15.19s   0.00ns   15.19s         1 [  22.96s,   22.96s]   22.96s   0.00ns   22.96s

Search stats    Bools  Conflicts  Branches  Restarts  BacktrackToRoot  Backtrack  BoolPropag  IntegerPropag
       'main':  1'852      4'446   416'991        30           47'203     98'560   5'483'289      6'833'179

SAT formula    Fixed  Equiv  Total  VarLeft  BinaryClauses  PermanentClauses  TemporaryClauses
      'main':      0    263  1'852    1'589         10'370               415             3'442

SAT stats    ClassicMinim  LitRemoved  LitRemovedBinary  LitLearned  LitForgotten  Subsumed
    'main':         3'661      20'619           150'947     430'616             0       753

Vivification    Clauses  Decisions  LitTrue  Subsumed  LitRemoved  DecisionReused  Conflicts
       'main':   20'830    322'089        0     1'330      17'689           5'293          4

Clause deletion    at_true  l_and_not(l)  to_binary  sub_conflict  sub_extra  sub_decisions  sub_eager  sub_vivify  sub_probing  sub_inpro  blocked  eliminated  forgotten  promoted  conflicts
          'main':        0             0        286           672          8              0         81       1'330           60         95        0           0          0     8'062      4'446

Lp stats    Component  Iterations  AddedCuts  OPTIMAL  DUAL_F.  DUAL_U.
   'main':          1     118'686      4'844       95    8'639    3'683

Lp dimension        Final dimension of first component
       'main':  2727 rows, 1854 columns, 55600 entries

Lp debug    CutPropag  CutEqPropag  Adjust  Overflow      Bad  BadScaling
   'main':          0            9   3'682         0  134'254           0

Lp pool    Constraints  Updates  Simplif  Merged  Shortened  Split  Strengthened    Cuts/Call
  'main':        7'331    1'700        0       0          0      0             4  4'844/8'948

Lp Cut            main
         CG_FF:    189
          CG_K:     84
         CG_KL:     66
          CG_R:    289
        Clique:    335
      MIR_1_FF:      6
       MIR_1_R:      5
      MIR_2_FF:     68
       MIR_2_K:      1
      MIR_2_KL:     10
       MIR_2_R:     13
      MIR_3_FF:    189
       MIR_3_K:      1
      MIR_3_KL:     98
       MIR_3_R:      8
      MIR_4_FF:    152
       MIR_4_K:      2
      MIR_4_KL:     25
       MIR_4_R:      8
      MIR_5_FF:     55
       MIR_5_K:      3
      MIR_5_KL:     10
       MIR_5_R:      7
      MIR_6_FF:     26
       MIR_6_K:      1
      MIR_6_KL:      6
       MIR_6_R:      4
  ZERO_HALF_FF:  1'021
   ZERO_HALF_K:     15
  ZERO_HALF_KL:    267
   ZERO_HALF_R:  1'880

Solution repositories    Added  Queried  Synchro
    'alternative_path':      0        0        0
      'best_solutions':      0        0        0
   'fj solution hints':      0        0        0

LRAT_status: NA
CpSolverResponse summary:
status: INFEASIBLE
objective: NA
best_bound: NA
integers: 1914
booleans: 1852
conflicts: 4446
branches: 416991
propagations: 5483289
integer_propagations: 6833179
restarts: 30
lp_iterations: 118686
walltime: 15.2322
usertime: 15.2322
deterministic_time: 22.9924
gap_integral: 0

