
Starting CP-SAT solver v9.15.6755
Parameters: random_seed: 62 max_time_in_seconds: 90 log_search_progress: true linearization_level: 2 num_search_workers: 1 cp_model_probing_level: 0 log_to_stdout: false

Initial satisfaction model '': (model_fingerprint: 0xe18ffc389175af4e)
#Variables: 1'934 (1'302 primary variables)
  - 1'931 Booleans in [0,1]
  - 1 in [0,12]
  - 1 in [10,12]
  - 1 constants in {1} 
#kBoolOr: 88 (#enforced: 88) (#literals: 88)
#kLinear1: 712 (#enforced: 712)
#kLinear2: 33 (#enforced: 20)
#kLinear3: 324 (#enforced: 313)
#kLinearN: 1'743 (#enforced: 551) (#terms: 24'153)

Starting presolve at 0.00s
  5.91e-04s  0.00e+00d  [DetectDominanceRelations] 
  6.98e-03s  0.00e+00d  [PresolveToFixPoint] #num_loops=2 #num_dual_strengthening=1 
  4.25e-05s  0.00e+00d  [ExtractEncodingFromLinear] #potential_supersets=1'193 
  1.87e-04s  0.00e+00d  [DetectDuplicateColumns] 
  7.79e-05s  0.00e+00d  [DetectDuplicateConstraints] #duplicates=93 
[Symmetry] Graph for symmetry has 6'839 nodes and 29'248 arcs.
[Symmetry] Symmetry computation done. time: 0.00100553 dtime: 0.00368968
[Symmetry] #generators: 7, average support size: 2
[Symmetry] 6 orbits on 13 variables with sizes: 3,2,2,2,2,2
[Symmetry] Found orbitope of size 1 x 2
[SAT presolve] num removable Booleans: 0 / 1'712
[SAT presolve] num trivial clauses: 0
[SAT presolve] [0s] clauses:1'554 literals:6'116 vars:1'532 one_side_vars:1532 simple_definition:0 singleton_clauses:0
[SAT presolve] [6.6486e-05s] clauses:1'554 literals:6'116 vars:1'532 one_side_vars:1532 simple_definition:0 singleton_clauses:0
[SAT presolve] [0.000127891s] clauses:1'554 literals:6'116 vars:1'532 one_side_vars:1532 simple_definition:0 singleton_clauses:0
[MaxClique] Merged 819 with 2535 literals) into 436(1258 literals) at_most_ones.
  4.00e-04s  0.00e+00d  [ProcessAtMostOneAndLinear] 
  4.42e-05s  0.00e+00d  [DetectDuplicateConstraints] 
  2.48e-05s  0.00e+00d  [DetectDuplicateConstraintsWithDifferentEnforcements] 
  3.79e-05s  5.87e-06d  [DetectDominatedLinearConstraints] #relevant_constraints=9 #num_inclusions=3 
  7.14e-06s  0.00e+00d  [DetectDifferentVariables] 
  7.93e-04s  9.70e-05d  [ProcessSetPPC] #relevant_constraints=2'282 #num_inclusions=3 
  1.77e-04s  3.61e-05d  [TransformClausesToExactlyOne] #num_amos=434 #num_clauses=847 #num_checked=847 
  9.80e-06s  0.00e+00d  [DetectEncodedComplexDomains] 
  6.30e-06s  0.00e+00d  [FindAlmostIdenticalLinearConstraints] 
  1.73e-03s  6.73e-03d  [FindBigAtMostOneAndLinearOverlap] 
  2.70e-04s  3.01e-03d  [FindBigVerticalLinearOverlap] 
  2.57e-05s  4.74e-05d  [FindBigHorizontalLinearOverlap] #linears=9 
  2.25e-04s  2.35e-05d  [MergeClauses] #num_collisions=357 #num_merges=357 #num_saved_literals=1'594 
  5.26e-04s  0.00e+00d  [DetectDominanceRelations] 
  1.69e-03s  0.00e+00d  [PresolveToFixPoint] #num_loops=1 #num_dual_strengthening=1 
  5.24e-04s  0.00e+00d  [DetectDominanceRelations] 
  1.46e-03s  0.00e+00d  [PresolveToFixPoint] #num_loops=1 #num_dual_strengthening=1 
  1.84e-04s  0.00e+00d  [DetectDuplicateColumns] 
  4.41e-05s  0.00e+00d  [DetectDuplicateConstraints] 
[Symmetry] Graph for symmetry has 6'060 nodes and 25'279 arcs.
[Symmetry] Symmetry computation done. time: 0.000884003 dtime: 0.00292941
[Symmetry] #generators: 7, average support size: 2
[Symmetry] 6 orbits on 13 variables with sizes: 3,2,2,2,2,2
[Symmetry] Found orbitope of size 1 x 2
[SAT presolve] num removable Booleans: 0 / 1'625
[SAT presolve] num trivial clauses: 0
[SAT presolve] [0s] clauses:1'010 literals:5'028 vars:1'377 one_side_vars:1377 simple_definition:0 singleton_clauses:0
[SAT presolve] [4.8271e-05s] clauses:1'010 literals:5'028 vars:1'377 one_side_vars:1377 simple_definition:0 singleton_clauses:0
[SAT presolve] [0.000108082s] clauses:1'010 literals:5'028 vars:1'377 one_side_vars:1377 simple_definition:0 singleton_clauses:0
[MaxClique] Merged 434 with 1948 literals) into 347(993 literals) at_most_ones.
  3.57e-04s  0.00e+00d  [ProcessAtMostOneAndLinear] 
  3.79e-05s  0.00e+00d  [DetectDuplicateConstraints] 
  2.22e-05s  0.00e+00d  [DetectDuplicateConstraintsWithDifferentEnforcements] 
  3.78e-05s  5.87e-06d  [DetectDominatedLinearConstraints] #relevant_constraints=9 #num_inclusions=3 
  8.08e-06s  0.00e+00d  [DetectDifferentVariables] 
  7.88e-04s  9.30e-05d  [ProcessSetPPC] #relevant_constraints=2'106 #num_inclusions=1 
  1.78e-04s  3.60e-05d  [TransformClausesToExactlyOne] #num_amos=347 #num_clauses=847 #num_checked=847 
  9.97e-06s  0.00e+00d  [DetectEncodedComplexDomains] 
  5.90e-06s  0.00e+00d  [FindAlmostIdenticalLinearConstraints] 
  2.24e-03s  6.71e-03d  [FindBigAtMostOneAndLinearOverlap] 
  3.53e-04s  3.00e-03d  [FindBigVerticalLinearOverlap] 
  3.99e-05s  4.74e-05d  [FindBigHorizontalLinearOverlap] #linears=9 
  2.12e-04s  2.35e-05d  [MergeClauses] #num_collisions=357 #num_merges=357 #num_saved_literals=1'594 
  5.14e-04s  0.00e+00d  [DetectDominanceRelations] 
  1.45e-03s  0.00e+00d  [PresolveToFixPoint] #num_loops=1 #num_dual_strengthening=1 
  5.05e-04s  0.00e+00d  [DetectDominanceRelations] 
  1.39e-03s  0.00e+00d  [PresolveToFixPoint] #num_loops=1 #num_dual_strengthening=1 
  1.97e-04s  0.00e+00d  [DetectDuplicateColumns] 
  4.96e-05s  0.00e+00d  [DetectDuplicateConstraints] 
[Symmetry] Graph for symmetry has 5'973 nodes and 24'324 arcs.
[Symmetry] Symmetry computation done. time: 0.00127303 dtime: 0.0028634
[Symmetry] #generators: 7, average support size: 2
[Symmetry] 6 orbits on 13 variables with sizes: 3,2,2,2,2,2
[Symmetry] Found orbitope of size 1 x 2
[SAT presolve] num removable Booleans: 0 / 1'625
[SAT presolve] num trivial clauses: 0
[SAT presolve] [0s] clauses:1'010 literals:5'028 vars:1'377 one_side_vars:1377 simple_definition:0 singleton_clauses:0
[SAT presolve] [4.4414e-05s] clauses:1'010 literals:5'028 vars:1'377 one_side_vars:1377 simple_definition:0 singleton_clauses:0
[SAT presolve] [0.000146507s] clauses:1'010 literals:5'028 vars:1'377 one_side_vars:1377 simple_definition:0 singleton_clauses:0
  3.46e-04s  0.00e+00d  [ProcessAtMostOneAndLinear] 
  3.82e-05s  0.00e+00d  [DetectDuplicateConstraints] 
  2.38e-05s  0.00e+00d  [DetectDuplicateConstraintsWithDifferentEnforcements] 
  4.00e-05s  5.87e-06d  [DetectDominatedLinearConstraints] #relevant_constraints=9 #num_inclusions=3 
  9.82e-06s  0.00e+00d  [DetectDifferentVariables] 
  7.59e-04s  9.30e-05d  [ProcessSetPPC] #relevant_constraints=2'106 #num_inclusions=1 
  2.02e-04s  3.60e-05d  [TransformClausesToExactlyOne] #num_amos=347 #num_clauses=847 #num_checked=847 
  1.40e-05s  0.00e+00d  [DetectEncodedComplexDomains] 
  6.88e-06s  0.00e+00d  [FindAlmostIdenticalLinearConstraints] 
  2.09e-03s  6.70e-03d  [FindBigAtMostOneAndLinearOverlap] 
  2.71e-04s  3.00e-03d  [FindBigVerticalLinearOverlap] 
  5.09e-05s  4.74e-05d  [FindBigHorizontalLinearOverlap] #linears=9 
  2.10e-04s  2.35e-05d  [MergeClauses] #num_collisions=357 #num_merges=357 #num_saved_literals=1'594 
  5.27e-04s  0.00e+00d  [DetectDominanceRelations] 
  1.57e-03s  0.00e+00d  [PresolveToFixPoint] #num_loops=1 #num_dual_strengthening=1 
  5.40e-06s  0.00e+00d  [MergeNoOverlap] 
  5.88e-06s  0.00e+00d  [MergeNoOverlap2D] 

Presolve summary:
  - 13 affine relations were detected.
  - rule 'TODO dual: only one blocking constraint?' was applied 5'517 times.
  - rule 'affine: new relation' was applied 13 times.
  - rule 'at_most_one: resolved two constraints with opposite literal' was applied 87 times.
  - rule 'at_most_one: transformed into max clique' was applied 2 times.
  - rule 'bool_or: always true' was applied 88 times.
  - rule 'bool_or: implications' was applied 4 times.
  - rule 'bool_or: removed enforcement literal' was applied 847 times.
  - rule 'deductions: 707 stored' was applied 1 time.
  - rule 'duplicate: removed constraint' was applied 93 times.
  - rule 'linear + amo: trivial linear constraint' was applied 3 times.
  - rule 'linear2: convert ax + by != cte to clauses' was applied 13 times.
  - rule 'linear: always true' was applied 36 times.
  - rule 'linear: negative clause' was applied 838 times.
  - rule 'linear: positive at most one' was applied 203 times.
  - rule 'linear: positive equal one' was applied 990 times.
  - rule 'linear: reduced variable domains' was applied 1 time.
  - rule 'linear: remapped using affine relations' was applied 11 times.
  - rule 'linear: singleton column' was applied 206 times.
  - rule 'presolve: 1 unused variables removed.' was applied 1 time.
  - rule 'presolve: iteration' was applied 3 times.
  - rule 'setppc: removed dominated constraints' was applied 2 times.

Presolved satisfaction model '': (model_fingerprint: 0xecdd7fdf3f8d9216)
#Variables: 1'627 (1'323 primary variables)
  - 1'625 Booleans in [0,1]
  - 1 in [0,6]
  - 1 in [10,12]
#kAtMostOne: 184 (#literals: 667)
#kBoolAnd: 61 (#enforced: 61) (#literals: 224)
#kBoolAndClauses: 350 (#enforced: 350 #multi: 350) (#literals: 2'283)
#kBoolOr: 140 (#literals: 825)
#kExactlyOne: 903 (#literals: 16'661)
#kLinearN: 9 (#enforced: 6) (#terms: 1'103)
[Symmetry] Graph for symmetry has 5'666 nodes and 24'324 arcs.
[Symmetry] Symmetry computation done. time: 0.00127704 dtime: 0.00284498
[Symmetry] #generators: 7, average support size: 2
[Symmetry] 6 orbits on 13 variables with sizes: 3,2,2,2,2,2
[Symmetry] Found orbitope of size 1 x 2

Preloading model.

Starting search at 0.05s with 1 workers.
1 full problem subsolver: [main]

#Done    7.11s main

Task timing           n [     min,      max]      avg      dev     time         n [     min,      max]      avg      dev    dtime
      'main':         1 [   7.05s,    7.05s]    7.05s   0.00ns    7.05s         1 [   9.98s,    9.98s]    9.98s   0.00ns    9.98s

Search stats    Bools  Conflicts  Branches  Restarts  BacktrackToRoot  Backtrack  BoolPropag  IntegerPropag
       'main':  1'625      3'198   208'029        22           25'539     56'901   2'717'776      3'496'821

SAT formula    Fixed  Equiv  Total  VarLeft  BinaryClauses  PermanentClauses  TemporaryClauses
      'main':      0    205  1'625    1'420          9'858               311             2'481

SAT stats    ClassicMinim  LitRemoved  LitRemovedBinary  LitLearned  LitForgotten  Subsumed
    'main':         2'617      17'431            91'141     355'509             0       525

Vivification    Clauses  Decisions  LitTrue  Subsumed  LitRemoved  DecisionReused  Conflicts
       'main':   10'941    149'479        0     1'160      14'834           3'207          3

Clause deletion    at_true  l_and_not(l)  to_binary  sub_conflict  sub_extra  sub_decisions  sub_eager  sub_vivify  sub_probing  sub_inpro  blocked  eliminated  forgotten  promoted  conflicts
          'main':        0             0        253           491         15              0         34       1'160           37         85        0           0          0     5'794      3'198

Lp stats    Component  Iterations  AddedCuts  OPTIMAL  DUAL_F.  DUAL_U.
   'main':          1      55'066      1'984       65    3'686    2'616

Lp dimension        Final dimension of first component
       'main':  1952 rows, 1627 columns, 47140 entries

Lp debug    CutPropag  CutEqPropag  Adjust  Overflow     Bad  BadScaling
   'main':          0            9   2'616         0  46'072           0

Lp pool    Constraints  Updates  Simplif  Merged  Shortened  Split  Strengthened    Cuts/Call
  'main':        4'070      879        0       0          0      0             4  1'984/3'784

Lp Cut           main
         CG_FF:   159
          CG_K:    64
         CG_KL:    51
          CG_R:   213
        Clique:   239
      MIR_1_FF:     3
       MIR_1_R:     1
     MIR_1_RLT:     1
      MIR_2_FF:     9
      MIR_2_KL:     1
       MIR_2_R:     8
      MIR_3_FF:    92
       MIR_3_K:     2
      MIR_3_KL:    62
       MIR_3_R:    12
      MIR_4_FF:    68
       MIR_4_K:     3
      MIR_4_KL:    18
       MIR_4_R:    14
      MIR_5_FF:    29
      MIR_5_KL:     7
       MIR_5_R:     3
      MIR_6_FF:     6
      MIR_6_KL:     1
       MIR_6_R:     1
  ZERO_HALF_FF:   406
   ZERO_HALF_K:     5
  ZERO_HALF_KL:   154
   ZERO_HALF_R:   352

Solution repositories    Added  Queried  Synchro
    'alternative_path':      0        0        0
      'best_solutions':      0        0        0
   'fj solution hints':      0        0        0

LRAT_status: NA
CpSolverResponse summary:
status: INFEASIBLE
objective: NA
best_bound: NA
integers: 1687
booleans: 1625
conflicts: 3198
branches: 208029
propagations: 2717776
integer_propagations: 3496821
restarts: 22
lp_iterations: 55066
walltime: 7.10616
usertime: 7.10616
deterministic_time: 10.0135
gap_integral: 0

