{
  "continuous_start_stock": [
    12,
    13,
    12
  ],
  "third_filler_starts_0_to_20": [
    0,
    7,
    13,
    20
  ],
  "third_filler_prestart_stock": [
    10,
    11,
    10,
    10
  ],
  "three_filler_completions_in_0_open_20_closed": [
    4,
    4,
    3
  ],
  "three_filler_state_period": 20,
  "gate_limit_2_in_sliding_4_to_9": 3,
  "intermittent_gate_limit_2_actual_per_20": 4,
  "serial_P1_delivery_tick": 11,
  "serial_extra_delay_against_empty_unlimited_path": 8,
  "parts_first_completed_batch_block_tick": 63,
  "kernel_run": false,
  "whole_layout_or_phase_dependent_long_run_counterexample": false
}
all assertions passed
