{'arguments': {'P': 10, 'j': 1, 'cap': 185, 'engine': 'cp', 'seconds': 60, 'workers': 1, 'full': True, 'fixed': '求解器/候选约束轮次/第75-77轮/推导75/complete_subsets_S185.json', 'name': 'replay_185_cp'}, 'units': {'s': 132, 'm': 132, 'l': 136, 'c': 108, 'p': 3462}, 'variables': 8455, 'constraints': 12884, 'matrix_sha256': '70dd96083f957ca58f28aba5c11c55c53482d32ea35399ed1864ba669789e1cb', 'source_sha256': {'geometry.py': '5d35b6c04cee936c4c2c7f81d4e163ae4daef1bd8cf55c4a5fc12c7983435f8f', 'model.py': '67e9a0efe49377d3f3cd02297f4346d6aaea4befab95fa8ec00e1f5dfdbf813c'}, 'build_seconds': 0.26013020500249695}

Starting CP-SAT solver v9.15.6755
Parameters: random_seed: 76 max_time_in_seconds: 60 log_search_progress: true linearization_level: 2 num_search_workers: 1

Initial satisfaction model '': (model_fingerprint: 0x6c904ae8353d865)
#Variables: 8'455 (8'455 primary variables)
  - 8'055 Booleans in [0,1]
  - 400 in [0,9]
#kLinear1: 7'942
#kLinear2: 3'173
#kLinear3: 536
#kLinearN: 8'972 (#terms: 199'788)

Starting presolve at 0.01s
  7.62e-04s  0.00e+00d  [DetectDominanceRelations] 
  3.63e-04s  0.00e+00d  [DetectDominanceRelations] 
  1.12e-02s  0.00e+00d  [PresolveToFixPoint] #num_loops=4 #num_dual_strengthening=3 
  2.94e-05s  0.00e+00d  [ExtractEncodingFromLinear] 
  3.65e-05s  0.00e+00d  [DetectDuplicateColumns] 
  2.66e-05s  0.00e+00d  [DetectDuplicateConstraints] 
[Symmetry] Graph for symmetry has 8'455 nodes and 0 arcs.
[Symmetry] Symmetry computation done. time: 0.000207942 dtime: 0.0005073
  3.85e-05s  0.00e+00d  [DetectDuplicateConstraintsWithDifferentEnforcements] 
  1.29e-03s  6.75e-04d  [Probe] #probed=6 
  2.66e-05s  0.00e+00d  [MaxClique] 
  6.22e-05s  0.00e+00d  [PresolveToFixPoint] 
  2.47e-05s  0.00e+00d  [ProcessAtMostOneAndLinear] 
  1.23e-05s  0.00e+00d  [DetectDuplicateConstraints] 
  1.20e-05s  0.00e+00d  [DetectDuplicateConstraintsWithDifferentEnforcements] 
  1.44e-05s  0.00e+00d  [DetectDominatedLinearConstraints] 
  1.52e-05s  0.00e+00d  [DetectDifferentVariables] 
  1.89e-05s  0.00e+00d  [ProcessSetPPC] 
  3.17e-04s  0.00e+00d  [TransformClausesToExactlyOne] 
  3.60e-05s  0.00e+00d  [DetectEncodedComplexDomains] 
  2.89e-05s  0.00e+00d  [FindAlmostIdenticalLinearConstraints] 
  5.61e-06s  0.00e+00d  [FindBigAtMostOneAndLinearOverlap] 
  1.32e-05s  0.00e+00d  [FindBigVerticalLinearOverlap] 
  2.25e-05s  0.00e+00d  [FindBigHorizontalLinearOverlap] 
  2.41e-05s  0.00e+00d  [MergeClauses] 
  4.07e-05s  0.00e+00d  [PresolveToFixPoint] 
  3.04e-05s  0.00e+00d  [PresolveToFixPoint] 
  1.50e-05s  0.00e+00d  [DetectDuplicateColumns] 
  1.26e-05s  0.00e+00d  [DetectDuplicateConstraints] 
[Symmetry] Graph for symmetry has 8'455 nodes and 0 arcs.
[Symmetry] Symmetry computation done. time: 0.000135288 dtime: 0.0005073
  3.50e-05s  0.00e+00d  [DetectDuplicateConstraintsWithDifferentEnforcements] 
  1.06e-03s  6.75e-04d  [Probe] #probed=6 
  2.54e-05s  0.00e+00d  [MaxClique] 
  5.65e-05s  0.00e+00d  [PresolveToFixPoint] 
  2.50e-05s  0.00e+00d  [ProcessAtMostOneAndLinear] 
  1.27e-05s  0.00e+00d  [DetectDuplicateConstraints] 
  1.20e-05s  0.00e+00d  [DetectDuplicateConstraintsWithDifferentEnforcements] 
  1.40e-05s  0.00e+00d  [DetectDominatedLinearConstraints] 
  1.50e-05s  0.00e+00d  [DetectDifferentVariables] 
  1.86e-05s  0.00e+00d  [ProcessSetPPC] 
  3.12e-04s  0.00e+00d  [TransformClausesToExactlyOne] 
  3.54e-05s  0.00e+00d  [DetectEncodedComplexDomains] 
  2.91e-05s  0.00e+00d  [FindAlmostIdenticalLinearConstraints] 
  5.35e-06s  0.00e+00d  [FindBigAtMostOneAndLinearOverlap] 
  1.34e-05s  0.00e+00d  [FindBigVerticalLinearOverlap] 
  2.16e-05s  0.00e+00d  [FindBigHorizontalLinearOverlap] 
  2.38e-05s  0.00e+00d  [MergeClauses] 
  4.06e-05s  0.00e+00d  [PresolveToFixPoint] 
  1.36e-05s  0.00e+00d  [MergeNoOverlap] 
  1.44e-05s  0.00e+00d  [MergeNoOverlap2D] 

Presolve summary:
  - 1 affine relations were detected.
  - rule 'TODO dual: only one blocking constraint?' was applied 94 times.
  - rule 'TODO dual: tighten at most one' was applied 94 times.
  - rule 'affine: new relation' was applied 1 time.
  - rule 'at_most_one: satisfied' was applied 1 time.
  - rule 'bool_and: x => x' was applied 2 times.
  - rule 'bool_or: always true' was applied 1'920 times.
  - rule 'bool_or: implications' was applied 3 times.
  - rule 'bool_or: only one literal' was applied 2 times.
  - rule 'domination: in at most one' was applied 46 times.
  - rule 'dual: enforced equivalence' was applied 1 time.
  - rule 'enforcement: literal not used' was applied 1 time.
  - rule 'enforcement: true literal' was applied 1 time.
  - rule 'linear1: always true' was applied 2 times.
  - rule 'linear1: x in domain' was applied 3'970 times.
  - rule 'linear2: convert ax + by != cte to clauses' was applied 1'890 times.
  - rule 'linear: always true' was applied 6'549 times.
  - rule 'linear: empty' was applied 8'176 times.
  - rule 'linear: extracted enforcement literal' was applied 3 times.
  - rule 'linear: fixed or dup variables' was applied 15'054 times.
  - rule 'linear: negative clause' was applied 34 times.
  - rule 'linear: positive at most one' was applied 1 time.
  - rule 'linear: positive clause' was applied 1 time.
  - rule 'linear: reduced variable domains' was applied 4'280 times.
  - rule 'linear: simplified rhs' was applied 1 time.
  - rule 'linear: singleton column' was applied 21 times.
  - rule 'presolve: 8433 unused variables removed.' was applied 1 time.
  - rule 'presolve: iteration' was applied 2 times.

Presolved satisfaction model '': (model_fingerprint: 0xa5b85c5e198ed849)
#Variables: 0 (0 primary variables)

[Symmetry] Graph for symmetry has 0 nodes and 0 arcs.

Preloading model.
The solution hint is complete and is feasible.

Starting search at 0.04s with 1 workers.
1 full problem subsolver: [main]

[Precedences] num_relations=0 num_clauses=0
[Probing] deterministic_time: 0 (limit: 1) wall_time: 3.39e-07 (0/0)
Initial num_bool: 0

Starting subsolver 'main' hint search at 0.04s
Starting subsolver 'main' search at 0.04s
#1       0.04s main

Task timing           n [     min,      max]      avg      dev     time         n [     min,      max]      avg      dev    dtime
      'main':         1 [ 71.53us,  71.53us]  71.53us   0.00ns  71.53us         0 [  0.00ns,   0.00ns]   0.00ns   0.00ns   0.00ns

Search stats    Bools  Conflicts  Branches  Restarts  BacktrackToRoot  Backtrack  BoolPropag  IntegerPropag
       'main':      0          0         0         0                0          0           0              0

SAT formula    Fixed  Equiv  Total  VarLeft  BinaryClauses  PermanentClauses  TemporaryClauses
      'main':      0      0      0        0              0                 0                 0

SAT stats    ClassicMinim  LitRemoved  LitRemovedBinary  LitLearned  LitForgotten  Subsumed
    'main':             0           0                 0           0             0         0

Vivification    Clauses  Decisions  LitTrue  Subsumed  LitRemoved  DecisionReused  Conflicts
       'main':        0          0        0         0           0               0          0

Clause deletion    at_true  l_and_not(l)  to_binary  sub_conflict  sub_extra  sub_decisions  sub_eager  sub_vivify  sub_probing  sub_inpro  blocked  eliminated  forgotten  promoted  conflicts
          'main':        0             0          0             0          0              0          0           0            0          0        0           0          0         0          0

Solutions (1)    Num   Rank
        'main':    1  [0,0]

Solution repositories    Added  Queried  Synchro
    'alternative_path':      0        0        0
      'best_solutions':      1        0        1
   'fj solution hints':      0        0        0

LRAT_status: NA
CpSolverResponse summary:
status: OPTIMAL
objective: NA
best_bound: NA
integers: 0
booleans: 0
conflicts: 0
branches: 0
propagations: 0
integer_propagations: 0
restarts: 0
lp_iterations: 0
walltime: 0.0356184
usertime: 0.0356184
deterministic_time: 0.00134992
gap_integral: 0
solution_fingerprint: 0xb2dea583ff79b4e1

{'arguments': {'P': 10, 'j': 1, 'cap': 185, 'engine': 'cp', 'seconds': 60, 'workers': 1, 'full': True, 'fixed': '求解器/候选约束轮次/第75-77轮/推导75/complete_subsets_S185.json', 'name': 'replay_185_cp'}, 'units': {'s': 132, 'm': 132, 'l': 136, 'c': 108, 'p': 3462}, 'variables': 8455, 'constraints': 12884, 'matrix_sha256': '70dd96083f957ca58f28aba5c11c55c53482d32ea35399ed1864ba669789e1cb', 'source_sha256': {'geometry.py': '5d35b6c04cee936c4c2c7f81d4e163ae4daef1bd8cf55c4a5fc12c7983435f8f', 'model.py': '67e9a0efe49377d3f3cd02297f4346d6aaea4befab95fa8ec00e1f5dfdbf813c'}, 'build_seconds': 0.26013020500249695, 'status': 'OPTIMAL', 'version': '9.15.6755', 'S': 185, 'seconds': 0.5824258909997297}
