{'arguments': {'P': 10, 'j': 1, 'cap': 186, 'engine': 'cp', 'seconds': 60, 'workers': 1, 'full': True, 'fixed': '求解器/候选约束轮次/第75-77轮/推导75/complete_subsets_S186.json', 'name': 'replay_186_cp'}, 'units': {'s': 132, 'm': 132, 'l': 136, 'c': 108, 'p': 3462}, 'variables': 8455, 'constraints': 12884, 'matrix_sha256': '57d3c7d78414f67681efb91560f786ed7de712c6e351bbd1ab93d669aa483edf', 'source_sha256': {'geometry.py': '5d35b6c04cee936c4c2c7f81d4e163ae4daef1bd8cf55c4a5fc12c7983435f8f', 'model.py': '67e9a0efe49377d3f3cd02297f4346d6aaea4befab95fa8ec00e1f5dfdbf813c'}, 'build_seconds': 0.24321636599779595}

Starting CP-SAT solver v9.15.6755
Parameters: random_seed: 76 max_time_in_seconds: 60 log_search_progress: true linearization_level: 2 num_search_workers: 1

Initial satisfaction model '': (model_fingerprint: 0xfbd0d29509916383)
#Variables: 8'455 (8'455 primary variables)
  - 8'055 Booleans in [0,1]
  - 400 in [0,9]
#kLinear1: 7'942
#kLinear2: 3'173
#kLinear3: 536
#kLinearN: 8'972 (#terms: 199'788)

Starting presolve at 0.01s
  8.01e-04s  0.00e+00d  [DetectDominanceRelations] 
  3.77e-04s  0.00e+00d  [DetectDominanceRelations] 
  1.14e-02s  0.00e+00d  [PresolveToFixPoint] #num_loops=4 #num_dual_strengthening=3 
  3.13e-05s  0.00e+00d  [ExtractEncodingFromLinear] 
  3.78e-05s  0.00e+00d  [DetectDuplicateColumns] 
  2.60e-05s  0.00e+00d  [DetectDuplicateConstraints] 
[Symmetry] Graph for symmetry has 8'455 nodes and 0 arcs.
[Symmetry] Symmetry computation done. time: 0.000205163 dtime: 0.0005073
  3.91e-05s  0.00e+00d  [DetectDuplicateConstraintsWithDifferentEnforcements] 
  1.32e-03s  6.75e-04d  [Probe] #probed=8 
  2.97e-05s  0.00e+00d  [MaxClique] 
  6.49e-05s  0.00e+00d  [PresolveToFixPoint] 
  2.78e-05s  0.00e+00d  [ProcessAtMostOneAndLinear] 
  1.23e-05s  0.00e+00d  [DetectDuplicateConstraints] 
  1.12e-05s  0.00e+00d  [DetectDuplicateConstraintsWithDifferentEnforcements] 
  1.36e-05s  0.00e+00d  [DetectDominatedLinearConstraints] 
  1.45e-05s  0.00e+00d  [DetectDifferentVariables] 
  1.89e-05s  0.00e+00d  [ProcessSetPPC] 
  3.21e-04s  0.00e+00d  [TransformClausesToExactlyOne] 
  3.51e-05s  0.00e+00d  [DetectEncodedComplexDomains] 
  3.01e-05s  0.00e+00d  [FindAlmostIdenticalLinearConstraints] 
  5.59e-06s  0.00e+00d  [FindBigAtMostOneAndLinearOverlap] 
  1.33e-05s  0.00e+00d  [FindBigVerticalLinearOverlap] 
  2.49e-05s  0.00e+00d  [FindBigHorizontalLinearOverlap] 
  2.67e-05s  0.00e+00d  [MergeClauses] 
  4.49e-05s  0.00e+00d  [PresolveToFixPoint] 
  3.22e-05s  0.00e+00d  [PresolveToFixPoint] 
  1.48e-05s  0.00e+00d  [DetectDuplicateColumns] 
  1.24e-05s  0.00e+00d  [DetectDuplicateConstraints] 
[Symmetry] Graph for symmetry has 8'455 nodes and 0 arcs.
[Symmetry] Symmetry computation done. time: 0.000139297 dtime: 0.0005073
  3.68e-05s  0.00e+00d  [DetectDuplicateConstraintsWithDifferentEnforcements] 
  1.11e-03s  6.75e-04d  [Probe] #probed=8 
  2.67e-05s  0.00e+00d  [MaxClique] 
  6.20e-05s  0.00e+00d  [PresolveToFixPoint] 
  2.69e-05s  0.00e+00d  [ProcessAtMostOneAndLinear] 
  1.53e-05s  0.00e+00d  [DetectDuplicateConstraints] 
  1.19e-05s  0.00e+00d  [DetectDuplicateConstraintsWithDifferentEnforcements] 
  1.38e-05s  0.00e+00d  [DetectDominatedLinearConstraints] 
  1.46e-05s  0.00e+00d  [DetectDifferentVariables] 
  1.83e-05s  0.00e+00d  [ProcessSetPPC] 
  3.21e-04s  0.00e+00d  [TransformClausesToExactlyOne] 
  3.46e-05s  0.00e+00d  [DetectEncodedComplexDomains] 
  3.03e-05s  0.00e+00d  [FindAlmostIdenticalLinearConstraints] 
  5.55e-06s  0.00e+00d  [FindBigAtMostOneAndLinearOverlap] 
  1.41e-05s  0.00e+00d  [FindBigVerticalLinearOverlap] 
  2.43e-05s  0.00e+00d  [FindBigHorizontalLinearOverlap] 
  2.59e-05s  0.00e+00d  [MergeClauses] 
  4.54e-05s  0.00e+00d  [PresolveToFixPoint] 
  1.49e-05s  0.00e+00d  [MergeNoOverlap] 
  1.48e-05s  0.00e+00d  [MergeNoOverlap2D] 

Presolve summary:
  - 2 affine relations were detected.
  - rule 'TODO dual: only one blocking constraint?' was applied 94 times.
  - rule 'TODO dual: tighten at most one' was applied 94 times.
  - rule 'affine: new relation' was applied 2 times.
  - rule 'at_most_one: dominated singleton' was applied 2 times.
  - rule 'at_most_one: empty or all false' was applied 1 time.
  - rule 'at_most_one: removed literals' was applied 1 time.
  - rule 'at_most_one: satisfied' was applied 1 time.
  - rule 'at_most_one: singleton' was applied 1 time.
  - rule 'bool_and: x => x' was applied 4 times.
  - rule 'bool_or: always true' was applied 1'920 times.
  - rule 'bool_or: implications' was applied 4 times.
  - rule 'bool_or: only one literal' was applied 2 times.
  - rule 'domination: in at most one' was applied 46 times.
  - rule 'dual: enforced equivalence' was applied 2 times.
  - rule 'enforcement: true literal' was applied 1 time.
  - rule 'linear1: always true' was applied 2 times.
  - rule 'linear1: x in domain' was applied 3'970 times.
  - rule 'linear2: convert ax + by != cte to clauses' was applied 1'891 times.
  - rule 'linear: always true' was applied 6'548 times.
  - rule 'linear: empty' was applied 8'175 times.
  - rule 'linear: extracted enforcement literal' was applied 4 times.
  - rule 'linear: fixed or dup variables' was applied 15'052 times.
  - rule 'linear: negative clause' was applied 34 times.
  - rule 'linear: positive at most one' was applied 2 times.
  - rule 'linear: positive clause' was applied 1 time.
  - rule 'linear: reduced variable domains' was applied 4'278 times.
  - rule 'linear: simplified rhs' was applied 1 time.
  - rule 'linear: singleton column' was applied 21 times.
  - rule 'presolve: 8432 unused variables removed.' was applied 1 time.
  - rule 'presolve: iteration' was applied 2 times.

Presolved satisfaction model '': (model_fingerprint: 0xa5b85c5e198ed849)
#Variables: 0 (0 primary variables)

[Symmetry] Graph for symmetry has 0 nodes and 0 arcs.

Preloading model.
The solution hint is complete and is feasible.

Starting search at 0.04s with 1 workers.
1 full problem subsolver: [main]

[Precedences] num_relations=0 num_clauses=0
[Probing] deterministic_time: 0 (limit: 1) wall_time: 3.83e-07 (0/0)
Initial num_bool: 0

Starting subsolver 'main' hint search at 0.04s
Starting subsolver 'main' search at 0.04s
#1       0.04s main

Task timing           n [     min,      max]      avg      dev     time         n [     min,      max]      avg      dev    dtime
      'main':         1 [ 74.92us,  74.92us]  74.92us   0.00ns  74.92us         0 [  0.00ns,   0.00ns]   0.00ns   0.00ns   0.00ns

Search stats    Bools  Conflicts  Branches  Restarts  BacktrackToRoot  Backtrack  BoolPropag  IntegerPropag
       'main':      0          0         0         0                0          0           0              0

SAT formula    Fixed  Equiv  Total  VarLeft  BinaryClauses  PermanentClauses  TemporaryClauses
      'main':      0      0      0        0              0                 0                 0

SAT stats    ClassicMinim  LitRemoved  LitRemovedBinary  LitLearned  LitForgotten  Subsumed
    'main':             0           0                 0           0             0         0

Vivification    Clauses  Decisions  LitTrue  Subsumed  LitRemoved  DecisionReused  Conflicts
       'main':        0          0        0         0           0               0          0

Clause deletion    at_true  l_and_not(l)  to_binary  sub_conflict  sub_extra  sub_decisions  sub_eager  sub_vivify  sub_probing  sub_inpro  blocked  eliminated  forgotten  promoted  conflicts
          'main':        0             0          0             0          0              0          0           0            0          0        0           0          0         0          0

Solutions (1)    Num   Rank
        'main':    1  [0,0]

Solution repositories    Added  Queried  Synchro
    'alternative_path':      0        0        0
      'best_solutions':      1        0        1
   'fj solution hints':      0        0        0

LRAT_status: NA
CpSolverResponse summary:
status: OPTIMAL
objective: NA
best_bound: NA
integers: 0
booleans: 0
conflicts: 0
branches: 0
propagations: 0
integer_propagations: 0
restarts: 0
lp_iterations: 0
walltime: 0.0359729
usertime: 0.035973
deterministic_time: 0.00135008
gap_integral: 0
solution_fingerprint: 0x74a33f818df505fe

{'arguments': {'P': 10, 'j': 1, 'cap': 186, 'engine': 'cp', 'seconds': 60, 'workers': 1, 'full': True, 'fixed': '求解器/候选约束轮次/第75-77轮/推导75/complete_subsets_S186.json', 'name': 'replay_186_cp'}, 'units': {'s': 132, 'm': 132, 'l': 136, 'c': 108, 'p': 3462}, 'variables': 8455, 'constraints': 12884, 'matrix_sha256': '57d3c7d78414f67681efb91560f786ed7de712c6e351bbd1ab93d669aa483edf', 'source_sha256': {'geometry.py': '5d35b6c04cee936c4c2c7f81d4e163ae4daef1bd8cf55c4a5fc12c7983435f8f', 'model.py': '67e9a0efe49377d3f3cd02297f4346d6aaea4befab95fa8ec00e1f5dfdbf813c'}, 'build_seconds': 0.24321636599779595, 'status': 'OPTIMAL', 'version': '9.15.6755', 'S': 186, 'seconds': 0.5660266909981146}
