?? "\346\261\202\350\247\243\345\231\250/\345\206\205\346\240\270\347\273\264\346\212\244/2026-09-22d/R1-\347\212\266\346\200\201\350\276\271\347\225\214/audit_files.py"
?? "\346\261\202\350\247\243\345\231\250/\345\206\205\346\240\270\347\273\264\346\212\244/2026-09-22d/R1-\347\212\266\346\200\201\350\276\271\347\225\214/before.json"
?? "\346\261\202\350\247\243\345\231\250/\345\206\205\346\240\270\347\273\264\346\212\244/2026-09-22d/R1-\347\212\266\346\200\201\350\276\271\347\225\214/build.json"
?? "\346\261\202\350\247\243\345\231\250/\345\206\205\346\240\270\347\273\264\346\212\244/2026-09-22d/R1-\347\212\266\346\200\201\350\276\271\347\225\214/build.log"
?? "\346\261\202\350\247\243\345\231\250/\345\206\205\346\240\270\347\273\264\346\212\244/2026-09-22d/R2-\346\235\245\346\272\220\344\270\216\350\256\241\346\227\266/git-before.command.json"
?? "\346\261\202\350\247\243\345\231\250/\345\206\205\346\240\270\347\273\264\346\212\244/2026-09-22d/R2-\346\235\245\346\272\220\344\270\216\350\256\241\346\227\266/git-before.stderr.log"
?? "\346\261\202\350\247\243\345\231\250/\345\206\205\346\240\270\347\273\264\346\212\244/2026-09-22d/R2-\346\235\245\346\272\220\344\270\216\350\256\241\346\227\266/git-before.stdout.log"
?? "\346\261\202\350\247\243\345\231\250/\345\206\205\346\240\270\347\273\264\346\212\244/2026-09-22d/R2-\346\235\245\346\272\220\344\270\216\350\256\241\346\227\266/probe_common.py"
?? "\346\261\202\350\247\243\345\231\250/\345\206\205\346\240\270\347\273\264\346\212\244/2026-09-22d/R2-\346\235\245\346\272\220\344\270\216\350\256\241\346\227\266/protect.py"
?? "\346\261\202\350\247\243\345\231\250/\345\206\205\346\240\270\347\273\264\346\212\244/2026-09-22d/R2-\346\235\245\346\272\220\344\270\216\350\256\241\346\227\266/protected-before.json"
?? "\346\261\202\350\247\243\345\231\250/\345\206\205\346\240\270\347\273\264\346\212\244/2026-09-22d/R3-\346\265\213\350\257\225\345\206\231\345\216\206\345\217\262/220f7b6-names.log"
?? "\346\261\202\350\247\243\345\231\250/\345\206\205\346\240\270\347\273\264\346\212\244/2026-09-22d/R3-\346\265\213\350\257\225\345\206\231\345\216\206\345\217\262/7da52a7-names.log"
?? "\346\261\202\350\247\243\345\231\250/\345\206\205\346\240\270\347\273\264\346\212\244/2026-09-22d/R3-\346\265\213\350\257\225\345\206\231\345\216\206\345\217\262/a7539f5-names.log"
?? "\346\261\202\350\247\243\345\231\250/\345\206\205\346\240\270\347\273\264\346\212\244/2026-09-22d/R3-\346\265\213\350\257\225\345\206\231\345\216\206\345\217\262/active-writes.log"
?? "\346\261\202\350\247\243\345\231\250/\345\206\205\346\240\270\347\273\264\346\212\244/2026-09-22d/R3-\346\265\213\350\257\225\345\206\231\345\216\206\345\217\262/all_commit_changes.json"
?? "\346\261\202\350\247\243\345\231\250/\345\206\205\346\240\270\347\273\264\346\212\244/2026-09-22d/R3-\346\265\213\350\257\225\345\206\231\345\216\206\345\217\262/audit_git.py"
?? "\346\261\202\350\247\243\345\231\250/\345\206\205\346\240\270\347\273\264\346\212\244/2026-09-22d/R3-\346\265\213\350\257\225\345\206\231\345\216\206\345\217\262/file_audit.json"
?? "\346\261\202\350\247\243\345\231\250/\345\206\205\346\240\270\347\273\264\346\212\244/2026-09-22d/R3-\346\265\213\350\257\225\345\206\231\345\216\206\345\217\262/git_summary.json"
?? "\346\261\202\350\247\243\345\231\250/\345\206\205\346\240\270\347\273\264\346\212\244/2026-09-22d/R4-\350\265\204\346\272\220/tracked-before.json"
?? "\346\261\202\350\247\243\345\231\250/\345\206\205\346\240\270\347\273\264\346\212\244/2026-09-22d/R5-\351\252\214\350\257\201\344\270\216\345\244\261\350\264\245\346\200\201/audit.py"
?? "\346\261\202\350\247\243\345\231\250/\345\206\205\346\240\270\347\273\264\346\212\244/2026-09-22d/R5-\351\252\214\350\257\201\344\270\216\345\244\261\350\264\245\346\200\201/codegraph-cycle.log"
?? "\346\261\202\350\247\243\345\231\250/\345\206\205\346\240\270\347\273\264\346\212\244/2026-09-22d/R5-\351\252\214\350\257\201\344\270\216\345\244\261\350\264\245\346\200\201/codegraph-record.log"
?? "\346\261\202\350\247\243\345\231\250/\345\206\205\346\240\270\347\273\264\346\212\244/2026-09-22d/R5-\351\252\214\350\257\201\344\270\216\345\244\261\350\264\245\346\200\201/protected-before.json"
?? "\346\261\202\350\247\243\345\231\250/\345\206\205\346\240\270\347\273\264\346\212\244/2026-09-22d/R5-\351\252\214\350\257\201\344\270\216\345\244\261\350\264\245\346\200\201/test-counts.json"
