	Command being timed: "/home/zhuran24/zmd-research-fresh/求解器/target/release/kernel run /home/zhuran24/zmd-research-fresh/求解器/数据/样例/生产循环环带.json --config /home/zhuran24/zmd-research-fresh/求解器/规格/内核配置-v1.json --ticks 1000 --max-sweeps 100000 --format checkpoint_delta --checkpoint-interval 32 --out /home/zhuran24/zmd-research-fresh/求解器/内核维护/2026-09-22d/R4-资源/ring-delta-1000.artifact.json"
	User time (seconds): 0.26
	System time (seconds): 0.05
	Percent of CPU this job got: 99%
	Elapsed (wall clock) time (h:mm:ss or m:ss): 0:00.31
	Average shared text size (kbytes): 0
	Average unshared data size (kbytes): 0
	Average stack size (kbytes): 0
	Average total size (kbytes): 0
	Maximum resident set size (kbytes): 221540
	Average resident set size (kbytes): 0
	Major (requiring I/O) page faults: 0
	Minor (reclaiming a frame) page faults: 65877
	Voluntary context switches: 172
	Involuntary context switches: 8
	Swaps: 0
	File system inputs: 0
	File system outputs: 32560
	Socket messages sent: 0
	Socket messages received: 0
	Signals delivered: 0
	Page size (bytes): 4096
	Exit status: 0
