   Compiling proc-macro2 v1.0.107
   Compiling autocfg v1.5.1
   Compiling quote v1.0.47
   Compiling unicode-ident v1.0.26
   Compiling serde_core v1.0.229
   Compiling zmij v1.0.23
   Compiling serde v1.0.229
   Compiling serde_json v1.0.151
   Compiling itoa v1.0.18
   Compiling memchr v2.8.3
   Compiling num-traits v0.2.19
   Compiling syn v3.0.6
   Compiling num-integer v0.1.47
   Compiling num-bigint v0.4.8
   Compiling num-rational v0.4.2
   Compiling serde_derive v1.0.229
   Compiling topology v0.1.0 (/home/zhuran24/zmd-research-fresh/求解器/target/catalog-gate-53_qfart/求解器/crates/topology)
    Finished `test` profile [unoptimized + debuginfo] target(s) in 3.08s
     Running unittests src/lib.rs (求解器/target/r4-isolated-catalog/debug/deps/topology-958a7a196b95191c)

running 0 tests

test result: ok. 0 passed; 0 failed; 0 ignored; 0 measured; 1 filtered out; finished in 0.00s

     Running unittests src/main.rs (求解器/target/r4-isolated-catalog/debug/deps/topology-232d29a62249f608)

running 0 tests

test result: ok. 0 passed; 0 failed; 0 ignored; 0 measured; 0 filtered out; finished in 0.00s

     Running tests/validation.rs (求解器/target/r4-isolated-catalog/debug/deps/validation-55f92a55e3fc13c3)

running 1 test
test catalog_is_checked_against_live_formal_sources ... ok

test result: ok. 1 passed; 0 failed; 0 ignored; 0 measured; 29 filtered out; finished in 0.04s

