MODE strip classes 395 positions 395 already 0
1 395 [43, 1] 1 13 0.09
2 395 [43, 2] 1 14 0.19
3 395 [43, 3] 1 14 0.31
4 395 [43, 4] 1 18 0.45
5 395 [43, 5] 1 19 0.6
6 395 [43, 6] 1 19 0.76
7 395 [43, 7] 1 23 0.95
8 395 [43, 8] 1 24 1.17
9 395 [43, 9] 1 24 1.39
10 395 [43, 10] 1 23 1.63
11 395 [43, 11] 1 23 1.87
12 395 [43, 12] 1 23 2.09
13 395 [43, 13] 1 22 2.3
14 395 [43, 14] 1 22 2.52
15 395 [43, 15] 1 22 2.71
16 395 [43, 16] 1 21 2.9
17 395 [44, 1] 1 13 2.98
18 395 [44, 2] 1 14 3.08
19 395 [44, 3] 1 14 3.19
20 395 [44, 4] 1 18 3.33
21 395 [44, 5] 1 19 3.47
22 395 [44, 6] 1 19 3.64
23 395 [44, 7] 1 23 3.81
24 395 [44, 8] 1 24 4.02
25 395 [44, 9] 1 24 4.26
26 395 [44, 10] 1 23 4.47
27 395 [44, 11] 1 23 4.68
28 395 [44, 12] 1 23 4.85
29 395 [44, 13] 1 22 5.04
30 395 [44, 14] 1 22 5.22
31 395 [44, 15] 1 21 5.39
32 395 [44, 16] 1 20 5.57
33 395 [45, 1] 1 13 5.65
34 395 [45, 2] 1 14 5.75
35 395 [45, 3] 1 14 5.85
36 395 [45, 4] 1 18 6.0
37 395 [45, 5] 1 19 6.14
38 395 [45, 6] 1 19 6.29
39 395 [45, 7] 1 23 6.47
40 395 [45, 8] 1 24 6.68
41 395 [45, 9] 1 24 6.88
42 395 [45, 10] 1 22 7.09
43 395 [45, 11] 1 22 7.3
44 395 [45, 12] 1 22 7.47
45 395 [45, 13] 1 20 7.64
46 395 [45, 14] 1 20 7.81
47 395 [45, 15] 1 20 7.98
48 395 [45, 16] 1 18 8.12
49 395 [46, 1] 1 13 8.2
50 395 [46, 2] 1 14 8.3
51 395 [46, 3] 1 14 8.42
52 395 [46, 4] 1 18 8.55
53 395 [46, 5] 1 19 8.69
54 395 [46, 6] 1 19 8.84
55 395 [46, 7] 1 23 9.01
56 395 [46, 8] 1 24 9.23
57 395 [46, 9] 1 24 9.41
58 395 [46, 10] 1 22 9.61
59 395 [46, 11] 1 22 9.8
60 395 [46, 12] 1 22 9.98
61 395 [46, 13] 1 20 10.15
62 395 [46, 14] 1 20 10.31
63 395 [46, 15] 1 20 10.46
64 395 [46, 16] 1 18 10.6
65 395 [47, 1] 1 13 10.68
66 395 [47, 2] 1 14 10.79
67 395 [47, 3] 1 14 10.89
68 395 [47, 4] 1 18 11.02
69 395 [47, 5] 1 19 11.17
70 395 [47, 6] 1 19 11.32
71 395 [47, 7] 1 23 11.49
72 395 [47, 8] 1 24 11.68
73 395 [47, 9] 1 23 11.87
74 395 [47, 10] 1 22 12.07
75 395 [47, 11] 1 22 12.25
76 395 [47, 12] 1 21 12.41
77 395 [47, 13] 1 20 12.56
78 395 [47, 14] 1 20 12.72
79 395 [47, 15] 1 19 12.86
80 395 [47, 16] 1 17 13.0
81 395 [48, 1] 1 13 13.08
82 395 [48, 2] 1 14 13.17
83 395 [48, 3] 1 14 13.28
84 395 [48, 4] 1 18 13.42
85 395 [48, 5] 1 19 13.57
86 395 [48, 6] 1 19 13.71
87 395 [48, 7] 1 23 13.89
88 395 [48, 8] 1 24 14.08
89 395 [48, 9] 1 23 14.27
90 395 [48, 10] 1 21 14.44
91 395 [48, 11] 1 21 14.62
92 395 [48, 12] 1 20 14.79
93 395 [48, 13] 1 18 14.94
94 395 [48, 14] 1 18 15.09
95 395 [48, 15] 1 17 15.22
96 395 [49, 1] 1 13 15.31
97 395 [49, 2] 1 14 15.4
98 395 [49, 3] 1 14 15.51
99 395 [49, 4] 1 18 15.64
100 395 [49, 5] 1 19 15.8
101 395 [49, 6] 1 19 15.95
102 395 [49, 7] 1 23 16.11
103 395 [49, 8] 1 24 16.31
104 395 [49, 9] 1 23 16.48
105 395 [49, 10] 1 21 16.67
106 395 [49, 11] 1 21 16.86
107 395 [49, 12] 1 20 17.03
108 395 [49, 13] 1 18 17.17
109 395 [49, 14] 1 18 17.31
110 395 [49, 15] 1 17 17.45
111 395 [50, 1] 1 13 17.53
112 395 [50, 2] 1 14 17.63
113 395 [50, 3] 1 14 17.74
114 395 [50, 4] 1 18 17.87
115 395 [50, 5] 1 19 18.01
116 395 [50, 6] 1 19 18.17
117 395 [50, 7] 1 23 18.33
118 395 [50, 8] 1 24 18.53
119 395 [50, 9] 1 23 18.69
120 395 [50, 10] 1 21 18.86
121 395 [50, 11] 1 21 19.03
122 395 [50, 12] 1 20 19.19
123 395 [50, 13] 1 18 19.33
124 395 [50, 14] 1 18 19.46
125 395 [50, 15] 1 17 19.59
126 395 [51, 1] 1 13 19.67
127 395 [51, 2] 1 14 19.77
128 395 [51, 3] 1 14 19.88
129 395 [51, 4] 1 18 20.01
130 395 [51, 5] 1 19 20.16
131 395 [51, 6] 1 19 20.3
132 395 [51, 7] 1 23 20.48
133 395 [51, 8] 1 24 20.68
134 395 [51, 9] 1 23 20.85
135 395 [51, 10] 1 20 21.02
136 395 [51, 11] 1 20 21.19
137 395 [51, 12] 1 19 21.33
138 395 [51, 13] 1 16 21.46
139 395 [51, 14] 1 16 21.59
140 395 [51, 15] 1 15 21.69
141 395 [52, 1] 1 13 21.78
142 395 [52, 2] 1 14 21.87
143 395 [52, 3] 1 14 21.98
144 395 [52, 4] 1 18 22.11
145 395 [52, 5] 1 19 22.25
146 395 [52, 6] 1 19 22.41
147 395 [52, 7] 1 23 22.6
148 395 [52, 8] 1 24 22.79
149 395 [52, 9] 1 23 22.98
150 395 [52, 10] 1 20 23.15
151 395 [52, 11] 1 20 23.34
152 395 [52, 12] 1 19 23.48
153 395 [52, 13] 1 16 23.62
154 395 [52, 14] 1 16 23.74
155 395 [52, 15] 1 15 23.84
156 395 [53, 1] 1 13 23.92
157 395 [53, 2] 1 14 24.02
158 395 [53, 3] 1 14 24.13
159 395 [53, 4] 1 18 24.26
160 395 [53, 5] 1 19 24.4
161 395 [53, 6] 1 19 24.54
162 395 [53, 7] 1 23 24.71
163 395 [53, 8] 1 24 24.9
164 395 [53, 9] 1 23 25.07
165 395 [53, 10] 1 20 25.23
166 395 [53, 11] 1 20 25.39
167 395 [53, 12] 1 19 25.52
168 395 [53, 13] 1 16 25.64
169 395 [53, 14] 1 16 25.75
170 395 [53, 15] 1 15 25.86
171 395 [54, 1] 1 13 25.94
172 395 [54, 2] 1 14 26.04
173 395 [54, 3] 1 14 26.14
174 395 [54, 4] 1 18 26.27
175 395 [54, 5] 1 19 26.42
176 395 [54, 6] 1 19 26.56
177 395 [54, 7] 1 23 26.71
178 395 [54, 8] 1 24 26.89
179 395 [54, 9] 1 23 27.05
180 395 [54, 10] 1 19 27.21
181 395 [54, 11] 1 19 27.36
182 395 [54, 12] 1 18 27.49
183 395 [54, 13] 1 14 27.6
184 395 [54, 14] 1 14 27.7
185 395 [54, 15] 1 13 27.78
186 395 [55, 1] 1 13 27.86
187 395 [55, 2] 1 14 27.96
188 395 [55, 3] 1 14 28.07
189 395 [55, 4] 1 18 28.2
190 395 [55, 5] 1 19 28.36
191 395 [55, 6] 1 19 28.52
192 395 [55, 7] 1 23 28.67
193 395 [55, 8] 1 24 28.85
194 395 [55, 9] 1 23 29.0
195 395 [55, 10] 1 19 29.15
196 395 [55, 11] 1 19 29.29
197 395 [55, 12] 1 18 29.43
198 395 [55, 13] 1 14 29.54
199 395 [55, 14] 1 14 29.64
200 395 [55, 15] 1 13 29.72
201 395 [56, 1] 1 13 29.8
202 395 [56, 2] 1 14 29.9
203 395 [56, 3] 1 14 30.01
204 395 [56, 4] 1 18 30.14
205 395 [56, 5] 1 19 30.29
206 395 [56, 6] 1 19 30.43
207 395 [56, 7] 1 23 30.59
208 395 [56, 8] 1 24 30.77
209 395 [56, 9] 1 23 30.93
210 395 [56, 10] 1 19 31.1
211 395 [56, 11] 1 19 31.25
212 395 [56, 12] 1 18 31.38
213 395 [56, 13] 1 14 31.48
214 395 [56, 14] 1 14 31.58
215 395 [56, 15] 1 13 31.67
216 395 [57, 1] 1 13 31.75
217 395 [57, 2] 1 14 31.85
218 395 [57, 3] 1 14 31.96
219 395 [57, 4] 1 18 32.09
220 395 [57, 5] 1 19 32.23
221 395 [57, 6] 1 19 32.38
222 395 [57, 7] 1 23 32.54
223 395 [57, 8] 1 24 32.71
224 395 [57, 9] 1 23 32.87
225 395 [57, 10] 1 19 33.02
226 395 [57, 11] 1 19 33.16
227 395 [57, 12] 1 18 33.3
228 395 [57, 13] 1 14 33.4
229 395 [57, 14] 1 14 33.5
230 395 [57, 15] 1 13 33.58
231 395 [58, 1] 1 13 33.66
232 395 [58, 2] 1 14 33.77
233 395 [58, 3] 1 14 33.88
234 395 [58, 4] 1 18 34.01
235 395 [58, 5] 1 19 34.16
236 395 [58, 6] 1 19 34.31
237 395 [58, 7] 1 23 34.46
238 395 [58, 8] 1 24 34.66
239 395 [58, 9] 1 23 34.82
240 395 [58, 10] 1 19 34.97
241 395 [58, 11] 1 19 35.11
242 395 [58, 12] 1 18 35.25
243 395 [58, 13] 1 14 35.36
244 395 [58, 14] 1 14 35.45
245 395 [58, 15] 1 13 35.54
246 395 [59, 1] 1 13 35.62
247 395 [59, 2] 1 14 35.71
248 395 [59, 3] 1 14 35.81
249 395 [59, 4] 1 18 35.94
250 395 [59, 5] 1 19 36.09
251 395 [59, 6] 1 19 36.26
252 395 [59, 7] 1 23 36.41
253 395 [59, 8] 1 24 36.57
254 395 [59, 9] 1 23 36.72
255 395 [59, 10] 1 19 36.86
256 395 [59, 11] 1 19 37.01
257 395 [59, 12] 1 18 37.14
258 395 [59, 13] 1 14 37.24
259 395 [59, 14] 1 14 37.33
260 395 [59, 15] 1 13 37.41
261 395 [60, 1] 1 13 37.49
262 395 [60, 2] 1 14 37.58
263 395 [60, 3] 1 14 37.68
264 395 [60, 4] 1 18 37.8
265 395 [60, 5] 1 19 37.93
266 395 [60, 6] 1 19 38.06
267 395 [60, 7] 1 23 38.2
268 395 [60, 8] 1 24 38.35
269 395 [60, 9] 1 23 38.49
270 395 [60, 10] 1 19 38.63
271 395 [60, 11] 1 19 38.78
272 395 [60, 12] 1 18 38.89
273 395 [60, 13] 1 14 38.99
274 395 [60, 14] 1 14 39.08
275 395 [60, 15] 1 13 39.16
276 395 [61, 1] 1 13 39.23
277 395 [61, 2] 1 14 39.31
278 395 [61, 3] 1 14 39.4
279 395 [61, 4] 1 17 39.51
280 395 [61, 5] 1 19 39.63
281 395 [61, 6] 1 19 39.74
282 395 [61, 7] 1 22 39.87
283 395 [61, 8] 1 24 40.02
284 395 [61, 9] 1 22 40.15
285 395 [61, 10] 1 19 40.27
286 395 [61, 11] 1 19 40.39
287 395 [61, 12] 1 17 40.5
288 395 [61, 13] 1 14 40.59
289 395 [61, 14] 1 14 40.67
290 395 [61, 15] 1 13 40.74
291 395 [62, 1] 1 12 40.8
292 395 [62, 2] 1 13 40.88
293 395 [62, 3] 1 13 40.95
294 395 [62, 4] 1 16 41.05
295 395 [62, 5] 1 18 41.15
296 395 [62, 6] 1 18 41.25
297 395 [62, 7] 1 21 41.36
298 395 [62, 8] 1 22 41.5
299 395 [62, 9] 1 21 41.61
300 395 [62, 10] 1 18 41.72
301 395 [62, 11] 1 18 41.82
302 395 [62, 12] 1 16 41.92
303 395 [62, 13] 1 13 42.0
304 395 [62, 14] 1 13 42.06
305 395 [62, 15] 1 12 42.13
306 395 [63, 1] 1 11 42.19
307 395 [63, 2] 1 11 42.25
308 395 [63, 3] 1 11 42.33
309 395 [63, 4] 1 14 42.41
310 395 [63, 5] 1 15 42.51
311 395 [63, 6] 1 15 42.59
312 395 [63, 7] 1 18 42.7
313 395 [63, 8] 1 19 42.81
314 395 [63, 9] 1 18 42.91
315 395 [63, 10] 1 15 43.01
316 395 [63, 11] 1 15 43.1
317 395 [63, 12] 1 14 43.18
318 395 [63, 13] 1 11 43.26
319 395 [63, 14] 1 11 43.32
320 395 [63, 15] 1 11 43.38
321 395 [64, 1] 1 10 43.43
322 395 [64, 2] 1 11 43.49
323 395 [64, 3] 1 11 43.56
324 395 [64, 4] 1 14 43.63
325 395 [64, 5] 1 15 43.71
326 395 [64, 6] 1 15 43.8
327 395 [64, 7] 1 18 43.89
328 395 [64, 8] 1 19 43.99
329 395 [64, 9] 1 18 44.09
330 395 [64, 10] 1 15 44.18
331 395 [64, 11] 1 15 44.26
332 395 [64, 12] 1 14 44.34
333 395 [64, 13] 1 11 44.4
334 395 [64, 14] 1 11 44.46
335 395 [64, 15] 1 10 44.51
336 395 [65, 1] 1 9 44.56
337 395 [65, 2] 1 10 44.61
338 395 [65, 3] 1 10 44.67
339 395 [65, 4] 1 13 44.74
340 395 [65, 5] 1 14 44.81
341 395 [65, 6] 1 14 44.89
342 395 [65, 7] 1 16 44.97
343 395 [65, 8] 1 17 45.06
344 395 [65, 9] 1 16 45.14
345 395 [65, 10] 1 14 45.22
346 395 [65, 11] 1 14 45.29
347 395 [65, 12] 1 13 45.36
348 395 [65, 13] 1 10 45.42
349 395 [65, 14] 1 10 45.47
350 395 [65, 15] 1 9 45.52
351 395 [66, 1] 1 8 45.56
352 395 [66, 2] 1 8 45.6
353 395 [66, 3] 1 8 45.65
354 395 [66, 4] 1 10 45.71
355 395 [66, 5] 1 11 45.77
356 395 [66, 6] 1 11 45.84
357 395 [66, 7] 1 13 45.91
358 395 [66, 8] 1 14 45.98
359 395 [66, 9] 1 13 46.04
360 395 [66, 10] 1 11 46.11
361 395 [66, 11] 1 11 46.18
362 395 [66, 12] 1 10 46.23
363 395 [66, 13] 1 8 46.29
364 395 [66, 14] 1 8 46.33
365 395 [66, 15] 1 8 46.37
366 395 [67, 1] 1 7 46.41
367 395 [67, 2] 1 8 46.45
368 395 [67, 3] 1 8 46.49
369 395 [67, 4] 1 10 46.54
370 395 [67, 5] 1 11 46.6
371 395 [67, 6] 1 11 46.67
372 395 [67, 7] 1 13 46.73
373 395 [67, 8] 1 14 46.8
374 395 [67, 9] 1 13 46.86
375 395 [67, 10] 1 11 46.92
376 395 [67, 11] 1 11 46.98
377 395 [67, 12] 1 10 47.04
378 395 [67, 13] 1 8 47.09
379 395 [67, 14] 1 8 47.13
380 395 [67, 15] 1 7 47.16
381 395 [68, 1] 1 7 47.19
382 395 [68, 2] 1 7 47.23
383 395 [68, 3] 1 8 47.27
384 395 [68, 4] 1 9 47.31
385 395 [68, 5] 1 10 47.36
386 395 [68, 6] 1 11 47.42
387 395 [68, 7] 1 12 47.48
388 395 [68, 8] 1 12 47.54
389 395 [68, 9] 1 12 47.59
390 395 [68, 10] 1 11 47.65
391 395 [68, 11] 1 10 47.7
392 395 [68, 12] 1 9 47.75
393 395 [68, 13] 1 8 47.79
394 395 [68, 14] 1 7 47.83
395 395 [68, 15] 1 7 47.86
