FREE_COMPONENTS 82 largest [(0, 137), (25, 132), (62, 78), (64, 73), (38, 37)]
ORE_RELAXATION_MATCHING 48
ROUTE 0 133 best 133 cells 353 seconds 0.02
ROUTE 1 133 best 133 cells 361 seconds 0.04
ROUTE 2 133 best 133 cells 361 seconds 0.05
ROUTE 3 133 best 133 cells 361 seconds 0.07
ROUTE 4 134 best 134 cells 383 seconds 0.09
ROUTE 5 134 best 134 cells 383 seconds 0.1
ROUTE 6 134 best 134 cells 386 seconds 0.12
ROUTE 7 134 best 134 cells 388 seconds 0.13
ROUTE 8 134 best 134 cells 390 seconds 0.15
ROUTE 9 134 best 134 cells 390 seconds 0.16
ROUTE 10 134 best 134 cells 390 seconds 0.18
ROUTE 11 134 best 134 cells 383 seconds 0.19
ROUTE 12 134 best 134 cells 383 seconds 0.21
ROUTE 13 134 best 134 cells 382 seconds 0.22
ROUTE 14 134 best 134 cells 378 seconds 0.24
ROUTE 15 134 best 134 cells 375 seconds 0.25
ROUTE 16 134 best 134 cells 375 seconds 0.27
ROUTE 17 134 best 134 cells 378 seconds 0.28
ROUTE 18 134 best 134 cells 385 seconds 0.3
ROUTE 19 134 best 134 cells 410 seconds 0.32
ROUTE 20 134 best 134 cells 401 seconds 0.33
ROUTE 21 134 best 134 cells 409 seconds 0.34
ROUTE 22 135 best 135 cells 414 seconds 0.36
ROUTE 23 135 best 135 cells 415 seconds 0.38
ROUTE 24 135 best 135 cells 415 seconds 0.39
ROUTE 25 135 best 135 cells 415 seconds 0.4
ROUTE 26 135 best 135 cells 412 seconds 0.42
ROUTE 27 135 best 135 cells 406 seconds 0.43
ROUTE 28 135 best 135 cells 403 seconds 0.44
ROUTE 29 135 best 135 cells 411 seconds 0.46
ROUTE 30 134 best 135 cells 415 seconds 0.47
ROUTE 31 134 best 135 cells 415 seconds 0.49
ROUTE 32 134 best 135 cells 415 seconds 0.5
ROUTE 33 134 best 135 cells 415 seconds 0.51
ROUTE 34 134 best 135 cells 413 seconds 0.53
ROUTE 35 134 best 135 cells 414 seconds 0.54
ROUTE 36 134 best 135 cells 417 seconds 0.56
ROUTE 37 134 best 135 cells 416 seconds 0.57
ROUTE 38 134 best 135 cells 416 seconds 0.59
ROUTE 39 134 best 135 cells 415 seconds 0.6
ROUTE 40 134 best 135 cells 415 seconds 0.61
ROUTE 41 134 best 135 cells 416 seconds 0.63
ROUTE 42 134 best 135 cells 416 seconds 0.64
ROUTE 43 134 best 135 cells 411 seconds 0.65
ROUTE 44 133 best 135 cells 414 seconds 0.67
ROUTE 45 133 best 135 cells 409 seconds 0.68
ROUTE 46 133 best 135 cells 409 seconds 0.7
ROUTE 47 134 best 135 cells 406 seconds 0.71
ROUTE 48 134 best 135 cells 404 seconds 0.73
ROUTE 49 135 best 135 cells 403 seconds 0.74
ROUTE 50 135 best 135 cells 404 seconds 0.76
ROUTE 51 135 best 135 cells 404 seconds 0.77
ROUTE 52 135 best 135 cells 405 seconds 0.79
ROUTE 53 135 best 135 cells 406 seconds 0.8
ROUTE 54 135 best 135 cells 398 seconds 0.82
ROUTE 55 135 best 135 cells 393 seconds 0.83
ROUTE 56 135 best 135 cells 392 seconds 0.85
ROUTE 57 135 best 135 cells 405 seconds 0.86
ROUTE 58 135 best 135 cells 400 seconds 0.88
ROUTE 59 135 best 135 cells 400 seconds 0.89
