BUILT 1945 units 4398 variables 6106 constraints

Starting CP-SAT solver v9.15.6755
Parameters: random_seed: 72 max_time_in_seconds: 180 log_search_progress: true linearization_level: 2 num_search_workers: 1

Initial optimization model '': (model_fingerprint: 0x26f30e66d55511fb)
#Variables: 4'398 (#ints: 1 in objective) (3'298 primary variables)
  - 3'982 Booleans in [0,1]
  - 1 in [-4,16]
  - 1 in [-4,21]
  - 1 in [-4,48]
  - 1 in [-4,53]
  - 4 in [0,2]
  - 400 in [0,9]
  - 4 in [0,13]
  - 2 in [0,23]
  - 1 in [180,183]
  - 1 constants in {1} 
#kBoolOr: 96 (#enforced: 96) (#literals: 96)
#kLinear1: 1'506 (#enforced: 1'504)
#kLinear2: 804 (#enforced: 2 #multi: 2)
#kLinear3: 344 (#enforced: 3 #multi: 3)
#kLinearN: 3'351 (#enforced: 1'067 #multi: 267) (#terms: 149'032)
#kTable: 5

Starting presolve at 0.00s
  2.76e-03s  0.00e+00d  [DetectDominanceRelations] 
  2.81e-02s  0.00e+00d  [PresolveToFixPoint] #num_loops=3 #num_dual_strengthening=2 
  1.36e-04s  0.00e+00d  [ExtractEncodingFromLinear] #potential_supersets=1'462 #potential_subsets=2 
  3.08e-03s  0.00e+00d  [DetectDuplicateColumns] 
  2.19e-04s  0.00e+00d  [DetectDuplicateConstraints] #duplicates=42 
[Symmetry] Graph for symmetry has 13'779 nodes and 160'152 arcs.
[Symmetry] Symmetry computation done. time: 0.00253896 dtime: 0.0116555
[Symmetry] #generators: 8, average support size: 2
[Symmetry] 4 orbits on 12 variables with sizes: 3,3,3,3
[Symmetry] Found orbitope of size 1 x 3
[SAT presolve] num removable Booleans: 0 / 3'406
[SAT presolve] num trivial clauses: 0
[SAT presolve] [0s] clauses:3'258 literals:65'786 vars:3'142 one_side_vars:2873 simple_definition:165 singleton_clauses:0
[SAT presolve] [0.000224561s] clauses:3'258 literals:65'786 vars:3'142 one_side_vars:2873 simple_definition:165 singleton_clauses:0
[SAT presolve] [0.000375195s] clauses:3'258 literals:65'786 vars:3'142 one_side_vars:2873 simple_definition:165 singleton_clauses:0
  2.89e-04s  0.00e+00d  [DetectDuplicateConstraintsWithDifferentEnforcements] #without_enforcements=2 
  1.13e+00s  9.25e-01d  [Probe] #probed=8'890 #fixed_bools=42 #equiv=96 #new_binary_clauses=179'243 
  1.05e-02s  9.53e-02d  [MaxClique] Merged 2'421 constraints with 7'955 literals into 987 constraints with 6'148 literals
  3.46e-03s  0.00e+00d  [DetectDominanceRelations] 
  2.96e-03s  0.00e+00d  [DetectDominanceRelations] 
  1.57e-02s  0.00e+00d  [PresolveToFixPoint] #num_loops=3 #num_dual_strengthening=2 
  1.37e-02s  0.00e+00d  [ProcessAtMostOneAndLinear] #num_changes=417 
  2.33e-04s  0.00e+00d  [DetectDuplicateConstraints] #duplicates=12 
  1.77e-04s  0.00e+00d  [DetectDuplicateConstraintsWithDifferentEnforcements] 
  5.43e-04s  4.61e-04d  [DetectDominatedLinearConstraints] #relevant_constraints=778 
  1.00e-04s  0.00e+00d  [DetectDifferentVariables] 
  2.35e-03s  1.39e-03d  [ProcessSetPPC] #relevant_constraints=3'744 #num_inclusions=3'761 
  4.41e-04s  2.65e-04d  [TransformClausesToExactlyOne] #num_amos=998 #num_clauses=1'123 #num_checked=1'123 
  1.67e-04s  0.00e+00d  [DetectEncodedComplexDomains] 
  3.38e-05s  0.00e+00d  [FindAlmostIdenticalLinearConstraints] 
  3.32e-02s  1.42e-01d  [FindBigAtMostOneAndLinearOverlap] #blocks=16 #saved_nz=2'239 
  2.61e-02s  3.10e-02d  [FindBigVerticalLinearOverlap] #blocks=487 #saved_nz=28'783 
  1.41e-03s  8.86e-03d  [FindBigHorizontalLinearOverlap] #linears=974 
  7.58e-04s  2.55e-04d  [MergeClauses] #num_collisions=338 #num_merges=338 #num_saved_literals=2'826 
  2.64e-03s  0.00e+00d  [DetectDominanceRelations] 
  9.95e-03s  0.00e+00d  [PresolveToFixPoint] #num_loops=4 #num_dual_strengthening=2 
  2.65e-03s  0.00e+00d  [DetectDominanceRelations] 
  7.18e-03s  0.00e+00d  [PresolveToFixPoint] #num_loops=1 #num_dual_strengthening=1 
  9.92e-04s  0.00e+00d  [DetectDuplicateColumns] 
  1.98e-04s  0.00e+00d  [DetectDuplicateConstraints] #duplicates=8 
[Symmetry] Graph for symmetry has 13'600 nodes and 101'939 arcs.
[Symmetry] Symmetry computation done. time: 0.00188229 dtime: 0.0071443
[Symmetry] #generators: 32, average support size: 2
[Symmetry] 2 orbits on 34 variables with sizes: 17,17
[Symmetry] Num fixable by binary propagation in orbit: 16 / 17
[Symmetry] Found orbitope of size 1 x 17
[SAT presolve] num removable Booleans: 0 / 3'217
[SAT presolve] num trivial clauses: 0
[SAT presolve] [0s] clauses:1'443 literals:51'604 vars:2'586 one_side_vars:2449 simple_definition:136 singleton_clauses:0
[SAT presolve] [0.000116905s] clauses:1'443 literals:51'604 vars:2'586 one_side_vars:2449 simple_definition:136 singleton_clauses:0
[SAT presolve] [0.000257916s] clauses:1'443 literals:51'604 vars:2'586 one_side_vars:2449 simple_definition:136 singleton_clauses:0
  2.48e-04s  0.00e+00d  [DetectDuplicateConstraintsWithDifferentEnforcements] 
  3.24e-01s  3.50e-01d  [Probe] #probed=8'892 #new_bounds=32 #equiv=1 #new_binary_clauses=135'309 
  1.21e-02s  1.04e-01d  [MaxClique] Merged 990 constraints with 6'235 literals into 921 constraints with 6'118 literals
  3.00e-03s  0.00e+00d  [DetectDominanceRelations] 
  2.60e-03s  0.00e+00d  [DetectDominanceRelations] 
  1.19e-02s  0.00e+00d  [PresolveToFixPoint] #num_loops=3 #num_dual_strengthening=2 
  2.74e-03s  0.00e+00d  [ProcessAtMostOneAndLinear] 
  1.83e-04s  0.00e+00d  [DetectDuplicateConstraints] #duplicates=18 
  1.70e-04s  0.00e+00d  [DetectDuplicateConstraintsWithDifferentEnforcements] 
  3.17e-04s  7.79e-05d  [DetectDominatedLinearConstraints] #relevant_constraints=1'087 
  8.44e-05s  0.00e+00d  [DetectDifferentVariables] 
  2.13e-03s  7.07e-04d  [ProcessSetPPC] #relevant_constraints=4'111 #num_inclusions=1'846 
  4.28e-04s  2.65e-04d  [TransformClausesToExactlyOne] #num_amos=902 #num_clauses=1'123 #num_checked=1'123 
  1.71e-04s  0.00e+00d  [DetectEncodedComplexDomains] 
  7.42e-05s  1.10e-07d  [FindAlmostIdenticalLinearConstraints] #num_tested_pairs=5 
  4.85e-03s  1.41e-02d  [FindBigAtMostOneAndLinearOverlap] #blocks=1 #saved_nz=158 
  4.96e-03s  1.31e-02d  [FindBigVerticalLinearOverlap] #blocks=16 #saved_nz=947 
  1.34e-03s  8.49e-03d  [FindBigHorizontalLinearOverlap] #linears=977 
  6.53e-04s  2.55e-04d  [MergeClauses] #num_collisions=334 #num_merges=334 #num_saved_literals=2'206 
  2.62e-03s  0.00e+00d  [DetectDominanceRelations] 
  7.70e-03s  0.00e+00d  [PresolveToFixPoint] #num_loops=2 #num_dual_strengthening=1 
  2.60e-03s  0.00e+00d  [DetectDominanceRelations] 
  6.96e-03s  0.00e+00d  [PresolveToFixPoint] #num_loops=1 #num_dual_strengthening=1 
  8.61e-04s  0.00e+00d  [DetectDuplicateColumns] 
  1.78e-04s  0.00e+00d  [DetectDuplicateConstraints] #duplicates=6 
[Symmetry] Graph for symmetry has 13'443 nodes and 100'952 arcs.
[Symmetry] Symmetry computation done. time: 0.00184619 dtime: 0.0070681
[SAT presolve] num removable Booleans: 0 / 3'196
[SAT presolve] num trivial clauses: 0
[SAT presolve] [0s] clauses:1'376 literals:51'447 vars:2'569 one_side_vars:2432 simple_definition:136 singleton_clauses:0
[SAT presolve] [0.000112028s] clauses:1'376 literals:51'447 vars:2'569 one_side_vars:2432 simple_definition:136 singleton_clauses:0
[SAT presolve] [0.000251661s] clauses:1'376 literals:51'447 vars:2'569 one_side_vars:2432 simple_definition:136 singleton_clauses:0
  2.56e-04s  0.00e+00d  [DetectDuplicateConstraintsWithDifferentEnforcements] 
  3.04e-01s  3.36e-01d  [Probe] #probed=8'896 #new_bounds=4 #new_binary_clauses=133'082 
  1.19e-02s  1.03e-01d  [MaxClique] 
  2.63e-03s  0.00e+00d  [DetectDominanceRelations] 
  7.46e-03s  0.00e+00d  [PresolveToFixPoint] #num_loops=2 #num_dual_strengthening=1 
  2.64e-03s  0.00e+00d  [ProcessAtMostOneAndLinear] 
  1.83e-04s  0.00e+00d  [DetectDuplicateConstraints] 
  1.74e-04s  0.00e+00d  [DetectDuplicateConstraintsWithDifferentEnforcements] 
  3.23e-04s  7.36e-05d  [DetectDominatedLinearConstraints] #relevant_constraints=1'100 
  9.31e-05s  0.00e+00d  [DetectDifferentVariables] 
  2.14e-03s  7.03e-04d  [ProcessSetPPC] #relevant_constraints=4'120 #num_inclusions=1'833 
  4.35e-04s  2.65e-04d  [TransformClausesToExactlyOne] #num_amos=902 #num_clauses=1'123 #num_checked=1'123 
  1.80e-04s  0.00e+00d  [DetectEncodedComplexDomains] 
  8.17e-05s  1.45e-07d  [FindAlmostIdenticalLinearConstraints] #num_tested_pairs=6 
  4.68e-03s  1.29e-02d  [FindBigAtMostOneAndLinearOverlap] 
  4.53e-03s  1.23e-02d  [FindBigVerticalLinearOverlap] #blocks=6 #saved_nz=254 
  1.34e-03s  8.53e-03d  [FindBigHorizontalLinearOverlap] #linears=984 
  6.64e-04s  2.55e-04d  [MergeClauses] #num_collisions=334 #num_merges=334 #num_saved_literals=2'206 
  2.63e-03s  0.00e+00d  [DetectDominanceRelations] 
  7.25e-03s  0.00e+00d  [PresolveToFixPoint] #num_loops=2 #num_dual_strengthening=1 
  3.53e-05s  0.00e+00d  [MergeNoOverlap] 
  3.20e-05s  0.00e+00d  [MergeNoOverlap2D] 
  2.01e-03s  0.00e+00d  [ExpandObjective] #entries=468'753 #tight_variables=19'452 #tight_constraints=1'418 #expands=122 

Presolve summary:
  - 116 affine relations were detected.
  - rule 'TODO dual: add implied bound' was applied 5'200 times.
  - rule 'TODO dual: only one blocking constraint?' was applied 12'252 times.
  - rule 'TODO dual: only one blocking enforced constraint?' was applied 8'536 times.
  - rule 'TODO dual: only one unspecified blocking constraint?' was applied 78 times.
  - rule 'TODO linear matrix: reuse defining constraint' was applied 2 times.
  - rule 'TODO linear matrix: reuse exo constraint' was applied 1 time.
  - rule 'TODO linear1: appear in only one extra 2-var constraint' was applied 4 times.
  - rule 'affine: new relation' was applied 116 times.
  - rule 'at_most_one: removed literals' was applied 139 times.
  - rule 'at_most_one: resolved two constraints with opposite literal' was applied 121 times.
  - rule 'at_most_one: size one' was applied 69 times.
  - rule 'at_most_one: transformed into max clique' was applied 2 times.
  - rule 'bool_and: x => x' was applied 2 times.
  - rule 'bool_or: always true' was applied 96 times.
  - rule 'bool_or: fixed literals' was applied 59 times.
  - rule 'bool_or: implications' was applied 1'104 times.
  - rule 'bool_or: removed enforcement literal' was applied 400 times.
  - rule 'deductions: 1694 stored' was applied 1 time.
  - rule 'domination: fixed to lb.' was applied 71 times.
  - rule 'domination: in at most one' was applied 5 times.
  - rule 'domination: in exactly one' was applied 16 times.
  - rule 'dual: add implication' was applied 24 times.
  - rule 'dual: enforced equivalence' was applied 2 times.
  - rule 'dual: fix variable' was applied 6 times.
  - rule 'dual: make encoding equiv' was applied 96 times.
  - rule 'duplicate: removed constraint' was applied 86 times.
  - rule 'duplicate: removed enforced constraint' was applied 2 times.
  - rule 'enforcement: literal not used' was applied 6 times.
  - rule 'enforcement: removed duplicate literal' was applied 2 times.
  - rule 'exactly_one: removed literals' was applied 21 times.
  - rule 'exactly_one: singleton' was applied 12 times.
  - rule 'exactly_one: size two' was applied 10 times.
  - rule 'exactly_one: x and not(x)' was applied 81 times.
  - rule 'linear + amo: fixed literal implied by enforcement' was applied 417 times.
  - rule 'linear + amo: infeasible enforcement' was applied 4 times.
  - rule 'linear + amo: trivial linear constraint' was applied 2 times.
  - rule 'linear matrix: common amo rectangle' was applied 17 times.
  - rule 'linear matrix: common vertical rectangle' was applied 509 times.
  - rule 'linear2: convert ax + by != cte to clauses' was applied 1'038 times.
  - rule 'linear: always true' was applied 20 times.
  - rule 'linear: divide by GCD' was applied 2 times.
  - rule 'linear: extracted at most one (max)' was applied 1 time.
  - rule 'linear: extracted enforcement literal' was applied 165 times.
  - rule 'linear: fixed or dup variables' was applied 101 times.
  - rule 'linear: negative clause' was applied 777 times.
  - rule 'linear: negative reified and' was applied 2 times.
  - rule 'linear: positive at most one' was applied 353 times.
  - rule 'linear: positive clause' was applied 400 times.
  - rule 'linear: positive equal one' was applied 1'276 times.
  - rule 'linear: reduced variable domains' was applied 7 times.
  - rule 'linear: reduced variable domains in derived constraint' was applied 7 times.
  - rule 'linear: remapped using affine relations' was applied 125 times.
  - rule 'linear: simplified rhs' was applied 54 times.
  - rule 'linear: singleton column' was applied 599 times.
  - rule 'linear: singleton column define objective' was applied 1 time.
  - rule 'linear: variable substitution 2' was applied 9 times.
  - rule 'linear: variable substitution 3' was applied 2 times.
  - rule 'new_bool: integer encoding' was applied 30 times.
  - rule 'new_bool: table expansion' was applied 6 times.
  - rule 'new_bool: var with 2 values' was applied 2 times.
  - rule 'new_bool: with clause' was applied 17 times.
  - rule 'objective: expanded via tight equality' was applied 122 times.
  - rule 'objective: shifted cost with exactly ones' was applied 195 times.
  - rule 'presolve: 163 unused variables removed.' was applied 1 time.
  - rule 'presolve: iteration' was applied 3 times.
  - rule 'probing: bool_or reduced to implication' was applied 66 times.
  - rule 'probing: simplified clauses' was applied 1'153 times.
  - rule 'setppc: removed dominated constraints' was applied 8 times.
  - rule 'symmetry: fixed all but one to false in orbitope row' was applied 1 time.
  - rule 'table: compress tuples' was applied 3 times.
  - rule 'table: expanded positive constraint' was applied 4 times.
  - rule 'table: expanded positive constraint with two variables' was applied 1 time.
  - rule 'table: reduce variable domain' was applied 10 times.
  - rule 'table: reused literals' was applied 4 times.
  - rule 'variables with 2 values: create encoding literal' was applied 2 times.
  - rule 'variables with 2 values: new affine relation' was applied 2 times.
  - rule 'variables: add encoding constraint' was applied 30 times.
  - rule 'variables: detect fully reified value encoding' was applied 48 times.
  - rule 'variables: detect half reified value encoding' was applied 496 times.
  - rule 'variables: detected fully encoded domain' was applied 6 times.
  - rule 'variables: only used in value and order encodings' was applied 2 times.

Presolved optimization model '': (model_fingerprint: 0x143c02951039aeff)
#Variables: 3'937 (#bools: 763 in objective) (3'154 primary variables)
  - 3'198 Booleans in [0,1]
  - 1 in [0][5][7][10,12]
  - 1 in [0][6][8][10,12]
  - 178 in [0,2]
  - 91 in [0,3]
  - 16 in [0,4]
  - 10 in [0,5]
  - 7 in [0,6]
  - 6 in [0,7]
  - 6 in [0,8]
  - 403 in [0,9]
  - 5 in [0,10]
  - 1 in [0,11]
  - 1 in [0,12]
  - 2 in [0,13]
  - 1 in [0,14]
  - 1 in [0,15]
  - 1 in [0,16]
  - 1 in [0,17]
  - 1 in [0,21]
  - 1 in [0,26]
  - 1 in [0,57]
  - 1 in [1][3,4]
  - 1 in [1,3]
  - 1 in [5,6][9]
  - 1 in [7,9]
#kAtMostOne: 647 (#literals: 5'511)
#kBoolAnd: 186 (#enforced: 186) (#literals: 443)
#kBoolAndClauses: 332 (#enforced: 332 #multi: 332) (#literals: 2'868)
#kBoolOr: 457 (#literals: 45'867)
#kExactlyOne: 1'085 (#literals: 19'040)
#kLinear1: 460 (#enforced: 460)
#kLinear3: 69
#kLinearN: 1'036 (#enforced: 766 #multi: 256) (#terms: 20'349)
[Symmetry] Graph for symmetry has 12'434 nodes and 100'702 arcs.
[Symmetry] Symmetry computation done. time: 0.00188144 dtime: 0.00625111

Preloading model.
#Bound   2.07s best:inf   next:[180,183]  initial_domain

Starting search at 2.07s with 1 workers.
1 full problem subsolver: [main]

[Encoding] 16 literals associated to VAR >= value, and 400 half-associations.
[Encoding] 30 literals associated to VAR == value, and 0 half-associations.
[Encoding] num_fully_encoded_variables:8
[Encoding] num_partially_encoded_variables:400
[Precedences] num_relations=0 num_clauses=2222
[Precedences] Added 23 GreaterThanAtLeastOneOf() constraints.
[Probing] deterministic_time: 0.272934 (limit: 1) wall_time: 0.310063 (3604/3604)
[Probing]  - new binary clause: 134'370
[Encoding] num_element_encoding: 9
[Encoding] Added 11 element support clauses, and 1 dedicated propagators.
[ElementLinearRelaxation] #from_exactly_one:9
[EncodingLinearRelaxation] #tight_equality:8 #loose_equality:0 #inequality:408
[LinearRelaxationBeforeCliqueExpansion] #linear:4942 #at_most_ones:920
[FinalLinearRelaxation] #linear:5050 #cut_generators:0
Initial num_bool: 3604

Starting subsolver 'main' hint search at 2.48s
Starting subsolver 'main' search at 2.48s
#Bound  16.86s best:inf   next:[181,183]  main
#Bound  18.93s best:inf   next:[182,183]  main
#Bound  43.71s best:inf   next:[183,183]  main
#Done   44.73s main

Task timing           n [     min,      max]      avg      dev     time         n [     min,      max]      avg      dev    dtime
      'main':         1 [  42.66s,   42.66s]   42.66s   0.00ns   42.66s         1 [   1.11m,    1.11m]    1.11m   0.00ns    1.11m

Search stats    Bools  Conflicts   Branches  Restarts  BacktrackToRoot  Backtrack  BoolPropag  IntegerPropag
       'main':  3'604      6'034  1'906'778        21          115'507    205'793  21'619'815     38'725'934

SAT formula    Fixed  Equiv  Total  VarLeft  BinaryClauses  PermanentClauses  TemporaryClauses
      'main':  1'265    295  3'604    2'044          7'644               778             1'597

SAT stats    ClassicMinim  LitRemoved  LitRemovedBinary  LitLearned  LitForgotten  Subsumed
    'main':         4'764      63'184            96'238     361'112             0     1'466

Vivification    Clauses  Decisions  LitTrue  Subsumed  LitRemoved  DecisionReused  Conflicts
       'main':   55'506  1'744'723        0     1'553      21'513          56'570         83

Clause deletion    at_true  l_and_not(l)  to_binary  sub_conflict  sub_extra  sub_decisions  sub_eager  sub_vivify  sub_probing  sub_inpro  blocked  eliminated  forgotten  promoted  conflicts
          'main':    1'214           179        104         1'329         12             28        137       1'553          177      1'105        0           0          0    11'865      6'034

Lp stats    Component  Iterations  AddedCuts  OPTIMAL  DUAL_F.  DUAL_U.
   'main':          1     226'124      5'354      480   17'153       40

Lp dimension        Final dimension of first component
       'main':  3277 rows, 3937 columns, 51040 entries

Lp debug    CutPropag  CutEqPropag  Adjust  Overflow      Bad  BadScaling
   'main':          3            3  17'670         0  196'276           0

Lp pool    Constraints  Updates  Simplif  Merged  Shortened  Split  Strengthened    Cuts/Call
  'main':       10'394    2'111   25'598       6     19'796    218         1'432  5'354/7'708

Lp Cut             main
          CG_FF:     63
           CG_K:     32
          CG_KL:      7
           CG_R:    169
          CG_RB:     35
         CG_RBP:     11
         Clique:    247
             IB:  1'244
       MIR_1_FF:     86
        MIR_1_K:      8
       MIR_1_KL:      4
        MIR_1_R:     28
       MIR_1_RB:      1
      MIR_1_RLT:      1
       MIR_2_FF:     67
        MIR_2_K:      4
       MIR_2_KL:      3
        MIR_2_R:     43
       MIR_2_RB:      7
      MIR_2_RBP:      2
       MIR_3_FF:    196
        MIR_3_K:      5
       MIR_3_KL:     91
        MIR_3_R:     41
       MIR_3_RB:      9
      MIR_3_RBP:      2
       MIR_4_FF:    142
        MIR_4_K:      3
       MIR_4_KL:     19
        MIR_4_R:     36
       MIR_4_RB:      2
       MIR_5_FF:     66
        MIR_5_K:      3
       MIR_5_KL:      3
        MIR_5_R:     22
       MIR_5_RB:      4
      MIR_5_RBP:      3
       MIR_6_FF:     44
        MIR_6_K:      3
       MIR_6_KL:      3
        MIR_6_R:     23
       MIR_6_RB:      2
      MIR_6_RBP:      2
   ZERO_HALF_FF:    450
    ZERO_HALF_K:     51
   ZERO_HALF_KL:     58
    ZERO_HALF_R:  1'982
   ZERO_HALF_RB:     18
  ZERO_HALF_RBP:      9

Objective bounds     Num
  'initial_domain':    1
            'main':    3

Solution repositories    Added  Queried  Synchro
    'alternative_path':      0        0        0
      'best_solutions':      0        0        0
   'fj solution hints':      0        0        0

LRAT_status: NA
CpSolverResponse summary:
status: INFEASIBLE
objective: NA
best_bound: NA
integers: 4077
booleans: 3604
conflicts: 6034
branches: 1906778
propagations: 21619815
integer_propagations: 38725934
restarts: 21
lp_iterations: 226124
walltime: 44.7362
usertime: 44.7362
deterministic_time: 69.0378
gap_integral: 0

{"solver": "CP-SAT", "version": "9.15.6755", "status": "INFEASIBLE", "seconds": 44.92744693599525, "branch_J": null, "strip": false, "project": true, "groups": false, "cap": 183, "lower": 0.0, "domain_count": 1945, "domain_sha256": "ab3ea68af12b58f04f8318aa096bea4b73e0741224d77d31b9f5bb93bf9fdd1b", "script_sha256": "697ade0b50a59f702ded7689babbe85f1ba26fe8ac62dc9e0dff799f913c475a"}
