BUILT 1945 units 4398 variables 6106 constraints

Starting CP-SAT solver v9.15.6755
Parameters: random_seed: 72 max_time_in_seconds: 240 log_search_progress: true num_search_workers: 2

Initial optimization model '': (model_fingerprint: 0x3fbe73d386b97e3d)
#Variables: 4'398 (#ints: 1 in objective) (3'298 primary variables)
  - 3'982 Booleans in [0,1]
  - 1 in [-4,16]
  - 1 in [-4,21]
  - 1 in [-4,48]
  - 1 in [-4,53]
  - 4 in [0,2]
  - 400 in [0,9]
  - 4 in [0,13]
  - 2 in [0,23]
  - 1 in [180,187]
  - 1 constants in {1} 
#kBoolOr: 96 (#enforced: 96) (#literals: 96)
#kLinear1: 1'506 (#enforced: 1'504)
#kLinear2: 804 (#enforced: 2 #multi: 2)
#kLinear3: 344 (#enforced: 3 #multi: 3)
#kLinearN: 3'351 (#enforced: 1'067 #multi: 267) (#terms: 149'032)
#kTable: 5

Starting presolve at 0.00s
The solution hint is incomplete: 1945 out of 4397 non fixed variables hinted.
  2.80e-03s  0.00e+00d  [DetectDominanceRelations] 
  2.90e-02s  0.00e+00d  [PresolveToFixPoint] #num_loops=3 #num_dual_strengthening=2 
  1.33e-04s  0.00e+00d  [ExtractEncodingFromLinear] #potential_supersets=1'462 #potential_subsets=2 
  2.74e-03s  0.00e+00d  [DetectDuplicateColumns] 
  2.67e-04s  0.00e+00d  [DetectDuplicateConstraints] #duplicates=42 
[Symmetry] Graph for symmetry has 13'779 nodes and 160'152 arcs.
[Symmetry] Symmetry computation done. time: 0.00261459 dtime: 0.0116555
[Symmetry] #generators: 8, average support size: 2
[Symmetry] 4 orbits on 12 variables with sizes: 3,3,3,3
[Symmetry] Found orbitope of size 1 x 3
[SAT presolve] num removable Booleans: 0 / 3'406
[SAT presolve] num trivial clauses: 0
[SAT presolve] [0s] clauses:3'258 literals:65'786 vars:3'142 one_side_vars:2873 simple_definition:165 singleton_clauses:0
[SAT presolve] [0.000237962s] clauses:3'258 literals:65'786 vars:3'142 one_side_vars:2873 simple_definition:165 singleton_clauses:0
[SAT presolve] [0.000389366s] clauses:3'258 literals:65'786 vars:3'142 one_side_vars:2873 simple_definition:165 singleton_clauses:0
  2.91e-04s  0.00e+00d  [DetectDuplicateConstraintsWithDifferentEnforcements] #without_enforcements=2 
  1.15e+00s  9.25e-01d  [Probe] #probed=8'890 #fixed_bools=42 #equiv=96 #new_binary_clauses=179'243 
  1.07e-02s  9.53e-02d  [MaxClique] Merged 2'421 constraints with 7'955 literals into 987 constraints with 6'148 literals
  3.51e-03s  0.00e+00d  [DetectDominanceRelations] 
  2.98e-03s  0.00e+00d  [DetectDominanceRelations] 
  1.60e-02s  0.00e+00d  [PresolveToFixPoint] #num_loops=3 #num_dual_strengthening=2 
  1.37e-02s  0.00e+00d  [ProcessAtMostOneAndLinear] #num_changes=417 
  2.49e-04s  0.00e+00d  [DetectDuplicateConstraints] #duplicates=12 
  1.91e-04s  0.00e+00d  [DetectDuplicateConstraintsWithDifferentEnforcements] 
  5.47e-04s  4.61e-04d  [DetectDominatedLinearConstraints] #relevant_constraints=778 
  1.03e-04s  0.00e+00d  [DetectDifferentVariables] 
  2.40e-03s  1.39e-03d  [ProcessSetPPC] #relevant_constraints=3'744 #num_inclusions=3'761 
  4.70e-04s  2.65e-04d  [TransformClausesToExactlyOne] #num_amos=998 #num_clauses=1'123 #num_checked=1'123 
  1.75e-04s  0.00e+00d  [DetectEncodedComplexDomains] 
  3.73e-05s  0.00e+00d  [FindAlmostIdenticalLinearConstraints] 
  3.32e-02s  1.42e-01d  [FindBigAtMostOneAndLinearOverlap] #blocks=16 #saved_nz=2'239 
  2.63e-02s  3.10e-02d  [FindBigVerticalLinearOverlap] #blocks=487 #saved_nz=28'783 
  1.42e-03s  8.86e-03d  [FindBigHorizontalLinearOverlap] #linears=974 
  7.46e-04s  2.55e-04d  [MergeClauses] #num_collisions=338 #num_merges=338 #num_saved_literals=2'826 
  2.65e-03s  0.00e+00d  [DetectDominanceRelations] 
  1.01e-02s  0.00e+00d  [PresolveToFixPoint] #num_loops=4 #num_dual_strengthening=2 
  2.66e-03s  0.00e+00d  [DetectDominanceRelations] 
  7.26e-03s  0.00e+00d  [PresolveToFixPoint] #num_loops=1 #num_dual_strengthening=1 
  9.86e-04s  0.00e+00d  [DetectDuplicateColumns] 
  2.07e-04s  0.00e+00d  [DetectDuplicateConstraints] #duplicates=8 
[Symmetry] Graph for symmetry has 13'600 nodes and 101'939 arcs.
[Symmetry] Symmetry computation done. time: 0.00198354 dtime: 0.0071443
[Symmetry] #generators: 32, average support size: 2
[Symmetry] 2 orbits on 34 variables with sizes: 17,17
[Symmetry] Num fixable by binary propagation in orbit: 16 / 17
[Symmetry] Found orbitope of size 1 x 17
[SAT presolve] num removable Booleans: 0 / 3'217
[SAT presolve] num trivial clauses: 0
[SAT presolve] [0s] clauses:1'443 literals:51'604 vars:2'586 one_side_vars:2449 simple_definition:136 singleton_clauses:0
[SAT presolve] [0.000120212s] clauses:1'443 literals:51'604 vars:2'586 one_side_vars:2449 simple_definition:136 singleton_clauses:0
[SAT presolve] [0.000261294s] clauses:1'443 literals:51'604 vars:2'586 one_side_vars:2449 simple_definition:136 singleton_clauses:0
  2.66e-04s  0.00e+00d  [DetectDuplicateConstraintsWithDifferentEnforcements] 
  3.26e-01s  3.50e-01d  [Probe] #probed=8'892 #new_bounds=32 #equiv=1 #new_binary_clauses=135'309 
  1.22e-02s  1.04e-01d  [MaxClique] Merged 990 constraints with 6'235 literals into 921 constraints with 6'118 literals
  3.08e-03s  0.00e+00d  [DetectDominanceRelations] 
  2.64e-03s  0.00e+00d  [DetectDominanceRelations] 
  1.23e-02s  0.00e+00d  [PresolveToFixPoint] #num_loops=3 #num_dual_strengthening=2 
  2.89e-03s  0.00e+00d  [ProcessAtMostOneAndLinear] 
  2.27e-04s  0.00e+00d  [DetectDuplicateConstraints] #duplicates=18 
  1.74e-04s  0.00e+00d  [DetectDuplicateConstraintsWithDifferentEnforcements] 
  3.39e-04s  7.79e-05d  [DetectDominatedLinearConstraints] #relevant_constraints=1'087 
  8.76e-05s  0.00e+00d  [DetectDifferentVariables] 
  2.21e-03s  7.07e-04d  [ProcessSetPPC] #relevant_constraints=4'111 #num_inclusions=1'846 
  5.12e-04s  2.65e-04d  [TransformClausesToExactlyOne] #num_amos=902 #num_clauses=1'123 #num_checked=1'123 
  1.84e-04s  0.00e+00d  [DetectEncodedComplexDomains] 
  8.11e-05s  1.10e-07d  [FindAlmostIdenticalLinearConstraints] #num_tested_pairs=5 
  4.92e-03s  1.41e-02d  [FindBigAtMostOneAndLinearOverlap] #blocks=1 #saved_nz=158 
  5.05e-03s  1.31e-02d  [FindBigVerticalLinearOverlap] #blocks=16 #saved_nz=947 
  1.37e-03s  8.49e-03d  [FindBigHorizontalLinearOverlap] #linears=977 
  7.37e-04s  2.55e-04d  [MergeClauses] #num_collisions=334 #num_merges=334 #num_saved_literals=2'206 
  2.65e-03s  0.00e+00d  [DetectDominanceRelations] 
  7.89e-03s  0.00e+00d  [PresolveToFixPoint] #num_loops=2 #num_dual_strengthening=1 
  2.66e-03s  0.00e+00d  [DetectDominanceRelations] 
  7.21e-03s  0.00e+00d  [PresolveToFixPoint] #num_loops=1 #num_dual_strengthening=1 
  9.13e-04s  0.00e+00d  [DetectDuplicateColumns] 
  2.13e-04s  0.00e+00d  [DetectDuplicateConstraints] #duplicates=6 
[Symmetry] Graph for symmetry has 13'443 nodes and 100'952 arcs.
[Symmetry] Symmetry computation done. time: 0.00185216 dtime: 0.0070681
[SAT presolve] num removable Booleans: 0 / 3'196
[SAT presolve] num trivial clauses: 0
[SAT presolve] [0s] clauses:1'376 literals:51'447 vars:2'569 one_side_vars:2432 simple_definition:136 singleton_clauses:0
[SAT presolve] [0.000116528s] clauses:1'376 literals:51'447 vars:2'569 one_side_vars:2432 simple_definition:136 singleton_clauses:0
[SAT presolve] [0.000258398s] clauses:1'376 literals:51'447 vars:2'569 one_side_vars:2432 simple_definition:136 singleton_clauses:0
  2.64e-04s  0.00e+00d  [DetectDuplicateConstraintsWithDifferentEnforcements] 
  3.06e-01s  3.36e-01d  [Probe] #probed=8'896 #new_bounds=4 #new_binary_clauses=133'082 
  1.21e-02s  1.03e-01d  [MaxClique] 
  2.72e-03s  0.00e+00d  [DetectDominanceRelations] 
  7.71e-03s  0.00e+00d  [PresolveToFixPoint] #num_loops=2 #num_dual_strengthening=1 
  2.76e-03s  0.00e+00d  [ProcessAtMostOneAndLinear] 
  2.21e-04s  0.00e+00d  [DetectDuplicateConstraints] 
  1.89e-04s  0.00e+00d  [DetectDuplicateConstraintsWithDifferentEnforcements] 
  3.35e-04s  7.36e-05d  [DetectDominatedLinearConstraints] #relevant_constraints=1'100 
  9.23e-05s  0.00e+00d  [DetectDifferentVariables] 
  2.22e-03s  7.03e-04d  [ProcessSetPPC] #relevant_constraints=4'120 #num_inclusions=1'833 
  4.78e-04s  2.65e-04d  [TransformClausesToExactlyOne] #num_amos=902 #num_clauses=1'123 #num_checked=1'123 
  1.85e-04s  0.00e+00d  [DetectEncodedComplexDomains] 
  9.02e-05s  1.45e-07d  [FindAlmostIdenticalLinearConstraints] #num_tested_pairs=6 
  4.67e-03s  1.29e-02d  [FindBigAtMostOneAndLinearOverlap] 
  4.63e-03s  1.23e-02d  [FindBigVerticalLinearOverlap] #blocks=6 #saved_nz=254 
  1.37e-03s  8.53e-03d  [FindBigHorizontalLinearOverlap] #linears=984 
  7.27e-04s  2.55e-04d  [MergeClauses] #num_collisions=334 #num_merges=334 #num_saved_literals=2'206 
  2.70e-03s  0.00e+00d  [DetectDominanceRelations] 
  7.60e-03s  0.00e+00d  [PresolveToFixPoint] #num_loops=2 #num_dual_strengthening=1 
  3.68e-05s  0.00e+00d  [MergeNoOverlap] 
  3.13e-05s  0.00e+00d  [MergeNoOverlap2D] 
  2.23e-03s  0.00e+00d  [ExpandObjective] #entries=468'753 #tight_variables=19'452 #tight_constraints=1'418 #expands=122 

Presolve summary:
  - 116 affine relations were detected.
  - rule 'TODO dual: add implied bound' was applied 5'200 times.
  - rule 'TODO dual: only one blocking constraint?' was applied 12'252 times.
  - rule 'TODO dual: only one blocking enforced constraint?' was applied 8'536 times.
  - rule 'TODO dual: only one unspecified blocking constraint?' was applied 78 times.
  - rule 'TODO linear matrix: reuse defining constraint' was applied 2 times.
  - rule 'TODO linear matrix: reuse exo constraint' was applied 1 time.
  - rule 'TODO linear1: appear in only one extra 2-var constraint' was applied 4 times.
  - rule 'affine: new relation' was applied 116 times.
  - rule 'at_most_one: removed literals' was applied 139 times.
  - rule 'at_most_one: resolved two constraints with opposite literal' was applied 121 times.
  - rule 'at_most_one: size one' was applied 69 times.
  - rule 'at_most_one: transformed into max clique' was applied 2 times.
  - rule 'bool_and: x => x' was applied 2 times.
  - rule 'bool_or: always true' was applied 96 times.
  - rule 'bool_or: fixed literals' was applied 59 times.
  - rule 'bool_or: implications' was applied 1'104 times.
  - rule 'bool_or: removed enforcement literal' was applied 400 times.
  - rule 'deductions: 1694 stored' was applied 1 time.
  - rule 'domination: fixed to lb.' was applied 71 times.
  - rule 'domination: in at most one' was applied 5 times.
  - rule 'domination: in exactly one' was applied 16 times.
  - rule 'dual: add implication' was applied 24 times.
  - rule 'dual: enforced equivalence' was applied 2 times.
  - rule 'dual: fix variable' was applied 6 times.
  - rule 'dual: make encoding equiv' was applied 96 times.
  - rule 'duplicate: removed constraint' was applied 86 times.
  - rule 'duplicate: removed enforced constraint' was applied 2 times.
  - rule 'enforcement: literal not used' was applied 6 times.
  - rule 'enforcement: removed duplicate literal' was applied 2 times.
  - rule 'exactly_one: removed literals' was applied 21 times.
  - rule 'exactly_one: singleton' was applied 12 times.
  - rule 'exactly_one: size two' was applied 10 times.
  - rule 'exactly_one: x and not(x)' was applied 81 times.
  - rule 'linear + amo: fixed literal implied by enforcement' was applied 417 times.
  - rule 'linear + amo: infeasible enforcement' was applied 4 times.
  - rule 'linear + amo: trivial linear constraint' was applied 2 times.
  - rule 'linear matrix: common amo rectangle' was applied 17 times.
  - rule 'linear matrix: common vertical rectangle' was applied 509 times.
  - rule 'linear2: convert ax + by != cte to clauses' was applied 1'038 times.
  - rule 'linear: always true' was applied 20 times.
  - rule 'linear: divide by GCD' was applied 2 times.
  - rule 'linear: extracted at most one (max)' was applied 1 time.
  - rule 'linear: extracted enforcement literal' was applied 165 times.
  - rule 'linear: fixed or dup variables' was applied 101 times.
  - rule 'linear: negative clause' was applied 777 times.
  - rule 'linear: negative reified and' was applied 2 times.
  - rule 'linear: positive at most one' was applied 353 times.
  - rule 'linear: positive clause' was applied 400 times.
  - rule 'linear: positive equal one' was applied 1'276 times.
  - rule 'linear: reduced variable domains' was applied 7 times.
  - rule 'linear: reduced variable domains in derived constraint' was applied 7 times.
  - rule 'linear: remapped using affine relations' was applied 125 times.
  - rule 'linear: simplified rhs' was applied 54 times.
  - rule 'linear: singleton column' was applied 599 times.
  - rule 'linear: singleton column define objective' was applied 1 time.
  - rule 'linear: variable substitution 2' was applied 9 times.
  - rule 'linear: variable substitution 3' was applied 2 times.
  - rule 'new_bool: integer encoding' was applied 30 times.
  - rule 'new_bool: table expansion' was applied 6 times.
  - rule 'new_bool: var with 2 values' was applied 2 times.
  - rule 'new_bool: with clause' was applied 17 times.
  - rule 'objective: expanded via tight equality' was applied 122 times.
  - rule 'objective: shifted cost with exactly ones' was applied 195 times.
  - rule 'presolve: 163 unused variables removed.' was applied 1 time.
  - rule 'presolve: iteration' was applied 3 times.
  - rule 'probing: bool_or reduced to implication' was applied 66 times.
  - rule 'probing: simplified clauses' was applied 1'153 times.
  - rule 'setppc: removed dominated constraints' was applied 8 times.
  - rule 'symmetry: fixed all but one to false in orbitope row' was applied 1 time.
  - rule 'table: compress tuples' was applied 3 times.
  - rule 'table: expanded positive constraint' was applied 4 times.
  - rule 'table: expanded positive constraint with two variables' was applied 1 time.
  - rule 'table: reduce variable domain' was applied 10 times.
  - rule 'table: reused literals' was applied 4 times.
  - rule 'variables with 2 values: create encoding literal' was applied 2 times.
  - rule 'variables with 2 values: new affine relation' was applied 2 times.
  - rule 'variables: add encoding constraint' was applied 30 times.
  - rule 'variables: detect fully reified value encoding' was applied 48 times.
  - rule 'variables: detect half reified value encoding' was applied 496 times.
  - rule 'variables: detected fully encoded domain' was applied 6 times.
  - rule 'variables: only used in value and order encodings' was applied 2 times.

Presolved optimization model '': (model_fingerprint: 0x4268d66af1c247de)
#Variables: 3'937 (#bools: 763 in objective) (3'154 primary variables)
  - 3'198 Booleans in [0,1]
  - 1 in [0][5][7][10,12]
  - 1 in [0][6][8][10,12]
  - 178 in [0,2]
  - 91 in [0,3]
  - 16 in [0,4]
  - 10 in [0,5]
  - 7 in [0,6]
  - 6 in [0,7]
  - 6 in [0,8]
  - 403 in [0,9]
  - 5 in [0,10]
  - 1 in [0,11]
  - 1 in [0,12]
  - 2 in [0,13]
  - 1 in [0,14]
  - 1 in [0,15]
  - 1 in [0,16]
  - 1 in [0,17]
  - 1 in [0,21]
  - 1 in [0,26]
  - 1 in [0,57]
  - 1 in [1][3,4]
  - 1 in [1,3]
  - 1 in [5,6][9]
  - 1 in [7,9]
#kAtMostOne: 647 (#literals: 5'511)
#kBoolAnd: 186 (#enforced: 186) (#literals: 443)
#kBoolAndClauses: 332 (#enforced: 332 #multi: 332) (#literals: 2'868)
#kBoolOr: 457 (#literals: 45'867)
#kExactlyOne: 1'085 (#literals: 19'040)
#kLinear1: 460 (#enforced: 460)
#kLinear3: 69
#kLinearN: 1'036 (#enforced: 766 #multi: 256) (#terms: 20'349)
[Symmetry] Graph for symmetry has 12'434 nodes and 100'702 arcs.
[Symmetry] Symmetry computation done. time: 0.00178978 dtime: 0.00625111

Preloading model.
#Bound   2.10s best:inf   next:[180,187]  initial_domain
The solution hint is incomplete: 2347 out of 3937 non fixed variables hinted.
#Model   2.10s var:3937/3937 constraints:4272/4272

Starting search at 2.10s with 2 workers.
1 full problem subsolver: [default_lp]
1 first solution subsolver: [fj]
9 interleaved subsolvers: [feasibility_pump, graph_arc_lns, graph_cst_lns, graph_dec_lns, graph_var_lns, ls, rins/rens, rnd_cst_lns, rnd_var_lns]
3 helper subsolvers: [neighborhood_helper, synchronization_agent, update_gap_integral]

#1       2.69s best:186   next:[180,185]  default_lp [hint]

Task timing                   n [     min,      max]      avg      dev     time         n [     min,      max]      avg      dev    dtime
        'default_lp':         1 [   3.97m,    3.97m]    3.97m   0.00ns    3.97m         2 [349.45ms,    3.02m]    1.51m    1.51m    3.03m
  'feasibility_pump':       330 [ 77.96us,  73.74ms]  36.79ms  18.36ms   12.14s       328 [774.76us, 149.20ms]  72.62ms  36.55ms   23.82s
                'fj':        13 [ 33.18ms,  45.30ms]  38.61ms   4.28ms 501.98ms        13 [100.02ms, 100.41ms] 100.32ms 117.46us    1.30s
     'graph_arc_lns':       330 [  4.56ms, 213.06ms]  70.94ms  41.06ms   23.41s       330 [ 10.00ns, 112.92ms]  67.22ms  43.79ms   22.18s
     'graph_cst_lns':       265 [  6.05ms, 318.27ms] 125.39ms  82.31ms   33.23s       265 [105.00ns, 110.46ms]  60.34ms  46.43ms   15.99s
     'graph_dec_lns':       264 [  8.98ms, 294.66ms] 125.22ms  72.30ms   33.06s       264 [ 10.00ns, 110.56ms]  63.11ms  45.61ms   16.66s
     'graph_var_lns':       330 [  6.12ms, 212.73ms]  75.88ms  49.48ms   25.04s       330 [ 10.00ns, 112.92ms]  63.39ms  46.16ms   20.92s
                'ls':       330 [ 32.34ms,  41.96ms]  36.66ms   2.79ms   12.10s       330 [100.00ms, 100.08ms] 100.03ms  16.27us   33.01s
         'rins/rens':       331 [736.71us, 278.06ms]  97.00ms  80.08ms   32.11s       236 [  1.50ms, 112.71ms]  82.74ms  36.05ms   19.53s
       'rnd_cst_lns':       270 [  6.33ms, 292.26ms] 122.41ms  74.18ms   33.05s       270 [149.00ns, 110.68ms]  61.17ms  46.19ms   16.52s
       'rnd_var_lns':       278 [  4.79ms, 278.03ms] 118.83ms  74.68ms   33.03s       278 [ 10.00ns, 110.88ms]  61.48ms  46.56ms   17.09s

Search stats     Bools  Conflicts   Branches  Restarts  BacktrackToRoot  Backtrack  BoolPropag  IntegerPropag
  'default_lp':  3'604     68'555  4'219'498       159          210'869    425'706  97'082'220    161'252'627

SAT formula      Fixed  Equiv  Total  VarLeft  BinaryClauses  PermanentClauses  TemporaryClauses
  'default_lp':      0      1  3'604    3'603         83'176             2'632            11'936

SAT stats        ClassicMinim  LitRemoved  LitRemovedBinary  LitLearned  LitForgotten  Subsumed
  'default_lp':        60'227     713'608         1'296'485   3'405'743     1'823'153    12'119

Vivification     Clauses  Decisions  LitTrue  Subsumed  LitRemoved  DecisionReused  Conflicts
  'default_lp':  120'214  3'716'411        0     2'934      32'496         121'346        261

Clause deletion    at_true  l_and_not(l)  to_binary  sub_conflict  sub_extra  sub_decisions  sub_eager  sub_vivify  sub_probing  sub_inpro  blocked  eliminated  forgotten  promoted  conflicts
    'default_lp':        0             0          0        11'274        201             68        845       2'934          156        975        0           0     39'756   142'333     68'555

Lp stats         Component  Iterations  AddedCuts  OPTIMAL  DUAL_F.  DUAL_U.
  'default_lp':          1     790'660     33'982  144'242       17      121

Lp dimension         Final dimension of first component
  'default_lp':  1679 rows, 3566 columns, 32221 entries

Lp debug         CutPropag  CutEqPropag   Adjust  Overflow     Bad  BadScaling
  'default_lp':          5           36  144'311         0  73'812           0

Lp pool          Constraints  Updates  Simplif  Merged  Shortened  Split  Strengthened      Cuts/Call
  'default_lp':       12'014    1'050        0       0          0     34            26  33'982/82'924

Lp Cut            default_lp
          CG_FF:         810
           CG_K:         593
          CG_KL:         274
           CG_R:       1'270
          CG_RB:         278
         CG_RBP:         114
             IB:      25'307
       MIR_1_FF:         130
        MIR_1_K:          37
       MIR_1_KL:          90
        MIR_1_R:         121
       MIR_1_RB:          24
      MIR_1_RBP:           4
       MIR_2_FF:         752
        MIR_2_K:          96
       MIR_2_KL:         643
        MIR_2_R:         904
       MIR_2_RB:          45
      MIR_2_RBP:           8
       MIR_3_FF:         345
        MIR_3_K:          51
       MIR_3_KL:         265
        MIR_3_R:         335
       MIR_3_RB:          26
      MIR_3_RBP:           4
       MIR_4_FF:         192
        MIR_4_K:          43
       MIR_4_KL:         166
        MIR_4_R:         245
       MIR_4_RB:           8
      MIR_4_RBP:           4
       MIR_5_FF:         117
        MIR_5_K:          20
       MIR_5_KL:          74
        MIR_5_R:         154
       MIR_5_RB:           7
      MIR_5_RBP:           1
       MIR_6_FF:          64
        MIR_6_K:          20
       MIR_6_KL:          46
        MIR_6_R:         109
       MIR_6_RB:           4
      MIR_6_RBP:           1
   ZERO_HALF_FF:          38
    ZERO_HALF_K:           7
   ZERO_HALF_KL:           8
    ZERO_HALF_R:          83
   ZERO_HALF_RB:          42
  ZERO_HALF_RBP:           3

LNS stats           Improv/Calls  Closed  Difficulty  TimeLimit
  'graph_arc_lns':         1/330     50%    5.62e-01       0.11
  'graph_cst_lns':         0/265     51%    8.86e-01       0.11
  'graph_dec_lns':         1/264     50%    8.81e-01       0.11
  'graph_var_lns':         4/330     50%    6.77e-01       0.11
      'rins/rens':         4/317     50%    7.58e-01       0.11
    'rnd_cst_lns':         0/270     51%    8.88e-01       0.11
    'rnd_var_lns':         1/278     51%    8.92e-01       0.11

LS stats                                Batches  Restarts/Perturbs   LinMoves  GenMoves  CompoundMoves  Bactracks  WeightUpdates  ScoreComputed
                         'fj_restart':        1                  1     10'837         0              0          0          1'419         68'206
    'fj_restart_compound_perturb_obj':        2                  2          0    14'490          2'181      6'145              5        264'791
                   'fj_restart_decay':        1                  1     12'494         0              0          0            239         57'855
  'fj_restart_decay_compound_perturb':        3                  3          0    22'334          3'466      9'424              7        344'290
               'fj_restart_decay_obj':        2                  2     25'343         0              0          0            509        116'254
                 'fj_restart_perturb':        2                  1     24'236         0              0          0          3'416        131'039
             'fj_restart_perturb_obj':        2                  2     24'825         0              0          0          2'763        123'405
                         'ls_restart':       77                 18  1'447'319         0              0          0        183'022      4'731'498
                'ls_restart_compound':       41                 19          0   300'426          6'280    146'998            782      4'703'292
        'ls_restart_compound_perturb':       49                 21          0   361'851          8'551    176'573            912      5'514'423
                   'ls_restart_decay':       39                 15    553'602         0              0          0         10'149      2'384'347
          'ls_restart_decay_compound':       26                 14          0   187'121         12'402     87'319            392      3'069'640
  'ls_restart_decay_compound_perturb':       28                 11          0   206'929         14'375     96'235            317      3'392'707
           'ls_restart_decay_perturb':       41                 17    572'315         0              0          0         10'535      2'515'081
                 'ls_restart_perturb':       29                 19    368'889         0              0          0         78'024      2'384'671

Solutions (1)    Num   Rank
  'default_lp':    2  [0,1]

Objective bounds     Num
  'initial_domain':    1

Solution repositories    Added  Queried  Synchro
    'alternative_path':    742    1'169      742
      'best_solutions':  2'107    1'266    1'532
   'fj solution hints':      4        0        4
        'lp solutions':      0        0        0
                'pump':  1'024      331

Improving bounds shared    Num  Sym
            'default_lp':    7    0

Clauses shared    #Exported  #Imported  #BinaryRead  #BinaryTotal
   'default_lp':      2'220          0          307           307

LRAT_status: NA
CpSolverResponse summary:
status: FEASIBLE
objective: 186
best_bound: 180
integers: 3838
booleans: 3604
conflicts: 68555
branches: 4219498
propagations: 97082220
integer_propagations: 161252627
restarts: 159
lp_iterations: 790660
walltime: 240.05
usertime: 240.05
deterministic_time: 370.773
gap_integral: 660.938
solution_fingerprint: 0xfa7237785fb6e244

{"solver": "CP-SAT", "version": "9.15.6755", "status": "FEASIBLE", "seconds": 240.24949910301075, "branch_J": null, "strip": false, "project": true, "groups": false, "cap": null, "lower": 180.0, "domain_count": 1945, "domain_sha256": "ab3ea68af12b58f04f8318aa096bea4b73e0741224d77d31b9f5bb93bf9fdd1b", "script_sha256": "0e203cad682b69c1ec76edd637a6ead276b3535311ce49d3392cfa16a72e9df4", "S": 186, "warehouse_gaps": [63, 0]}
