
Starting CP-SAT solver v9.15.6755
Parameters: max_time_in_seconds: 240 log_search_progress: true linearization_level: 2 num_search_workers: 1

Initial optimization model '': (model_fingerprint: 0x20a0adb29b6fd0dc)
#Variables: 11'988 (#ints: 1 in objective) (8'971 primary variables)
  - 11'572 Booleans in [0,1]
  - 1 in [-4,16]
  - 1 in [-4,21]
  - 1 in [-4,48]
  - 1 in [-4,53]
  - 4 in [0,2]
  - 400 in [0,9]
  - 4 in [0,13]
  - 2 in [0,23]
  - 1 in [180,187]
  - 1 constants in {1} 
#kBoolOr: 3'744 (#enforced: 96) (#literals: 765'462)
#kLinear1: 1'507 (#enforced: 1'504)
#kLinear2: 798 (#enforced: 2 #multi: 2)
#kLinear3: 140 (#enforced: 3 #multi: 3)
#kLinearN: 5'488 (#enforced: 1'067 #multi: 267) (#terms: 166'011)
#kTable: 5

Starting presolve at 0.01s
  1.83e-02s  0.00e+00d  [DetectDominanceRelations] 
  8.56e-02s  0.00e+00d  [PresolveToFixPoint] #num_loops=4 #num_dual_strengthening=2 
  2.55e-04s  0.00e+00d  [ExtractEncodingFromLinear] #potential_supersets=3'506 #potential_subsets=2 
  1.31e-02s  0.00e+00d  [DetectDuplicateColumns] 
  4.66e-04s  0.00e+00d  [DetectDuplicateConstraints] #duplicates=2 
[Symmetry] Graph for symmetry has 30'421 nodes and 911'942 arcs.
[Symmetry] Symmetry computation done. time: 0.00857644 dtime: 0.0546603
[Symmetry] #generators: 9, average support size: 7.33333
[Symmetry] 29 orbits on 62 variables with sizes: 3,3,3,3,2,2,2,2,2,2,...
[Symmetry] Found orbitope of size 1 x 3
[SAT presolve] num removable Booleans: 0 / 8'829
[SAT presolve] num trivial clauses: 0
[SAT presolve] [0s] clauses:5'682 literals:802'944 vars:8'557 one_side_vars:8404 simple_definition:151 singleton_clauses:0
[SAT presolve] [0.000958639s] clauses:5'682 literals:802'944 vars:8'557 one_side_vars:8404 simple_definition:151 singleton_clauses:0
[SAT presolve] [0.00129672s] clauses:5'682 literals:802'944 vars:8'557 one_side_vars:8404 simple_definition:151 singleton_clauses:0
  4.82e-04s  0.00e+00d  [DetectDuplicateConstraintsWithDifferentEnforcements] 
  1.26e+00s  1.90e+00d *[Probe] #probed=23'582 #equiv=13 #new_binary_clauses=154'245 
  1.14e-02s  8.64e-02d  [MaxClique] Merged 3'329 constraints with 13'880 literals into 2'779 constraints with 12'795 literals
  1.86e-02s  0.00e+00d  [DetectDominanceRelations] 
  1.80e-02s  0.00e+00d  [DetectDominanceRelations] 
  6.20e-02s  0.00e+00d  [PresolveToFixPoint] #num_loops=3 #num_dual_strengthening=2 
  1.42e-02s  0.00e+00d  [ProcessAtMostOneAndLinear] #num_changes=505 
  4.10e-04s  0.00e+00d  [DetectDuplicateConstraints] #duplicates=11 
  3.43e-04s  0.00e+00d  [DetectDuplicateConstraintsWithDifferentEnforcements] 
  6.52e-04s  5.45e-04d  [DetectDominatedLinearConstraints] #relevant_constraints=787 
  1.43e-04s  0.00e+00d  [DetectDifferentVariables] 
  2.46e-02s  1.00e-01d  [ProcessSetPPC] #relevant_constraints=9'166 #num_inclusions=398'352 
  1.72e-03s  4.37e-03d  [TransformClausesToExactlyOne] #num_amos=2'939 #num_clauses=4'687 #num_checked=4'687 
  8.79e-04s  0.00e+00d  [DetectEncodedComplexDomains] 
  8.60e-05s  0.00e+00d  [FindAlmostIdenticalLinearConstraints] 
  5.53e-02s  2.21e-01d  [FindBigAtMostOneAndLinearOverlap] #blocks=19 #saved_nz=2'956 
  3.69e-02s  7.70e-02d  [FindBigVerticalLinearOverlap] #blocks=486 #saved_nz=27'964 
  5.07e-03s  3.51e-02d  [FindBigHorizontalLinearOverlap] #linears=942 
  1.21e-02s  3.96e-03d  [MergeClauses] #num_collisions=298 #num_merges=298 #num_saved_literals=2'876 
  1.91e-02s  0.00e+00d  [DetectDominanceRelations] 
  4.34e-02s  0.00e+00d  [PresolveToFixPoint] #num_loops=4 #num_dual_strengthening=2 
  1.91e-02s  0.00e+00d  [DetectDominanceRelations] 
  3.91e-02s  0.00e+00d  [PresolveToFixPoint] #num_loops=1 #num_dual_strengthening=1 
  1.41e-02s  0.00e+00d  [DetectDuplicateColumns] 
  5.23e-04s  0.00e+00d  [DetectDuplicateConstraints] #duplicates=8 
[Symmetry] Graph for symmetry has 30'470 nodes and 858'213 arcs.
[Symmetry] Symmetry computation done. time: 0.00810595 dtime: 0.050192
[SAT presolve] num removable Booleans: 0 / 8'798
[SAT presolve] num trivial clauses: 0
[SAT presolve] [0s] clauses:5'089 literals:792'353 vars:8'246 one_side_vars:8112 simple_definition:134 singleton_clauses:0
[SAT presolve] [0.000950217s] clauses:5'089 literals:792'353 vars:8'246 one_side_vars:8112 simple_definition:134 singleton_clauses:0
[SAT presolve] [0.00128366s] clauses:5'089 literals:792'353 vars:8'246 one_side_vars:8112 simple_definition:134 singleton_clauses:0
  5.10e-04s  0.00e+00d  [DetectDuplicateConstraintsWithDifferentEnforcements] 
  6.07e-01s  1.48e+00d *[Probe] #probed=23'720 #new_bounds=30 #new_binary_clauses=185'084 
  1.44e-02s  1.10e-01d  [MaxClique] Merged 2'930 constraints with 13'803 literals into 2'878 constraints with 13'728 literals
  1.91e-02s  0.00e+00d  [DetectDominanceRelations] 
  4.07e-02s  0.00e+00d  [PresolveToFixPoint] #num_loops=2 #num_dual_strengthening=1 
  3.35e-03s  0.00e+00d  [ProcessAtMostOneAndLinear] 
  4.07e-04s  0.00e+00d  [DetectDuplicateConstraints] 
  3.44e-04s  0.00e+00d  [DetectDuplicateConstraintsWithDifferentEnforcements] 
  4.29e-04s  9.08e-05d  [DetectDominatedLinearConstraints] #relevant_constraints=1'102 
  1.47e-04s  0.00e+00d  [DetectDifferentVariables] 
  2.45e-02s  1.00e-01d  [ProcessSetPPC] #relevant_constraints=9'532 #num_inclusions=398'460 
  1.75e-03s  4.35e-03d  [TransformClausesToExactlyOne] #num_amos=2'971 #num_clauses=4'591 #num_checked=4'591 
  9.32e-04s  0.00e+00d  [DetectEncodedComplexDomains] 
  1.63e-04s  6.50e-08d  [FindAlmostIdenticalLinearConstraints] #num_tested_pairs=2 
  1.98e-02s  6.66e-02d  [FindBigAtMostOneAndLinearOverlap] 
  1.05e-02s  4.88e-02d  [FindBigVerticalLinearOverlap] #blocks=22 #saved_nz=859 
  5.50e-03s  3.55e-02d  [FindBigHorizontalLinearOverlap] #linears=954 
  1.19e-02s  3.95e-03d  [MergeClauses] #num_collisions=254 #num_merges=254 #num_saved_literals=2'664 
  1.92e-02s  0.00e+00d  [DetectDominanceRelations] 
  4.04e-02s  0.00e+00d  [PresolveToFixPoint] #num_loops=2 #num_dual_strengthening=1 
  1.91e-02s  0.00e+00d  [DetectDominanceRelations] 
  3.92e-02s  0.00e+00d  [PresolveToFixPoint] #num_loops=1 #num_dual_strengthening=1 
  1.39e-02s  0.00e+00d  [DetectDuplicateColumns] 
  5.31e-04s  0.00e+00d  [DetectDuplicateConstraints] #duplicates=6 
[Symmetry] Graph for symmetry has 30'480 nodes and 857'093 arcs.
[Symmetry] Symmetry computation done. time: 0.00801213 dtime: 0.0498721
[SAT presolve] num removable Booleans: 0 / 8'800
[SAT presolve] num trivial clauses: 0
[SAT presolve] [0s] clauses:5'022 literals:791'851 vars:8'150 one_side_vars:8016 simple_definition:134 singleton_clauses:0
[SAT presolve] [0.000898966s] clauses:5'022 literals:791'851 vars:8'150 one_side_vars:8016 simple_definition:134 singleton_clauses:0
[SAT presolve] [0.00123304s] clauses:5'022 literals:791'851 vars:8'150 one_side_vars:8016 simple_definition:134 singleton_clauses:0
  5.65e-04s  0.00e+00d  [DetectDuplicateConstraintsWithDifferentEnforcements] 
  5.92e-01s  1.46e+00d *[Probe] #probed=23'736 #new_bounds=7 #new_binary_clauses=189'117 
  1.46e-02s  1.12e-01d  [MaxClique] Merged 2'969 constraints with 13'918 literals into 2'877 constraints with 13'826 literals
  1.92e-02s  0.00e+00d  [DetectDominanceRelations] 
  3.98e-02s  0.00e+00d  [PresolveToFixPoint] #num_loops=2 #num_dual_strengthening=1 
  3.30e-03s  0.00e+00d  [ProcessAtMostOneAndLinear] 
  4.26e-04s  0.00e+00d  [DetectDuplicateConstraints] 
  3.71e-04s  0.00e+00d  [DetectDuplicateConstraintsWithDifferentEnforcements] 
  4.56e-04s  8.76e-05d  [DetectDominatedLinearConstraints] #relevant_constraints=1'120 
  1.68e-04s  0.00e+00d  [DetectDifferentVariables] 
  2.45e-02s  1.00e-01d  [ProcessSetPPC] #relevant_constraints=9'458 #num_inclusions=398'473 
  1.80e-03s  4.37e-03d  [TransformClausesToExactlyOne] #num_amos=2'967 #num_clauses=4'503 #num_checked=4'503 
  9.80e-04s  0.00e+00d  [DetectEncodedComplexDomains] 
  1.86e-04s  8.00e-08d  [FindAlmostIdenticalLinearConstraints] #num_tested_pairs=2 
  1.97e-02s  6.51e-02d  [FindBigAtMostOneAndLinearOverlap] #blocks=1 #saved_nz=150 
  9.81e-03s  4.73e-02d  [FindBigVerticalLinearOverlap] #blocks=6 #saved_nz=248 
  5.14e-03s  3.53e-02d  [FindBigHorizontalLinearOverlap] #linears=959 
  1.20e-02s  3.95e-03d  [MergeClauses] #num_collisions=210 #num_merges=210 #num_saved_literals=2'532 
  1.91e-02s  0.00e+00d  [DetectDominanceRelations] 
  3.99e-02s  0.00e+00d  [PresolveToFixPoint] #num_loops=2 #num_dual_strengthening=1 
  9.84e-05s  0.00e+00d  [MergeNoOverlap] 
  1.03e-04s  0.00e+00d  [MergeNoOverlap2D] 
  2.72e-03s  0.00e+00d  [ExpandObjective] #entries=583'417 #tight_variables=19'355 #tight_constraints=1'417 #expands=123 

Presolve summary:
  - 24 affine relations were detected.
  - rule 'TODO dual: add implied bound' was applied 4'800 times.
  - rule 'TODO dual: only one blocking constraint?' was applied 99'338 times.
  - rule 'TODO dual: only one blocking enforced constraint?' was applied 7'882 times.
  - rule 'TODO linear matrix: reuse defining constraint' was applied 3 times.
  - rule 'TODO linear1: appear in only one extra 2-var constraint' was applied 4 times.
  - rule 'affine: new relation' was applied 24 times.
  - rule 'at_most_one: empty or all false' was applied 2 times.
  - rule 'at_most_one: removed literals' was applied 122 times.
  - rule 'at_most_one: resolved two constraints with opposite literal' was applied 121 times.
  - rule 'at_most_one: size one' was applied 4 times.
  - rule 'at_most_one: transformed into max clique' was applied 3 times.
  - rule 'bool_and: x => x' was applied 2 times.
  - rule 'bool_or: always true' was applied 138 times.
  - rule 'bool_or: fixed literals' was applied 1'773 times.
  - rule 'bool_or: implications' was applied 1'126 times.
  - rule 'bool_or: removed enforcement literal' was applied 400 times.
  - rule 'deductions: 1689 stored' was applied 1 time.
  - rule 'domination: in at most one' was applied 44 times.
  - rule 'domination: in exactly one' was applied 2 times.
  - rule 'dual: add implication' was applied 22 times.
  - rule 'dual: enforced equivalence' was applied 2 times.
  - rule 'dual: fix variable' was applied 6 times.
  - rule 'dual: make encoding equiv' was applied 192 times.
  - rule 'duplicate: removed constraint' was applied 27 times.
  - rule 'enforcement: literal not used' was applied 6 times.
  - rule 'enforcement: removed duplicate literal' was applied 2 times.
  - rule 'enforcement: true literal' was applied 48 times.
  - rule 'exactly_one: removed literals' was applied 203 times.
  - rule 'exactly_one: singleton' was applied 14 times.
  - rule 'exactly_one: size one' was applied 84 times.
  - rule 'exactly_one: size two' was applied 4 times.
  - rule 'linear + amo: fixed literal implied by enforcement' was applied 505 times.
  - rule 'linear + amo: infeasible enforcement' was applied 4 times.
  - rule 'linear + amo: trivial linear constraint' was applied 2 times.
  - rule 'linear matrix: common amo rectangle' was applied 20 times.
  - rule 'linear matrix: common vertical rectangle' was applied 514 times.
  - rule 'linear1: x in domain' was applied 1 time.
  - rule 'linear2: convert ax + by != cte to clauses' was applied 834 times.
  - rule 'linear: always true' was applied 22 times.
  - rule 'linear: divide by GCD' was applied 2 times.
  - rule 'linear: empty' was applied 1 time.
  - rule 'linear: extracted at most one (max)' was applied 1 time.
  - rule 'linear: extracted enforcement literal' was applied 165 times.
  - rule 'linear: fixed or dup variables' was applied 213 times.
  - rule 'linear: negative clause' was applied 777 times.
  - rule 'linear: negative reified and' was applied 2 times.
  - rule 'linear: positive at most one' was applied 2'480 times.
  - rule 'linear: positive clause' was applied 400 times.
  - rule 'linear: positive equal one' was applied 1'265 times.
  - rule 'linear: reduced variable domains' was applied 11 times.
  - rule 'linear: reduced variable domains in derived constraint' was applied 10 times.
  - rule 'linear: remapped using affine relations' was applied 78 times.
  - rule 'linear: simplified rhs' was applied 44 times.
  - rule 'linear: singleton column' was applied 2'522 times.
  - rule 'linear: singleton column define objective' was applied 1 time.
  - rule 'linear: variable substitution 2' was applied 13 times.
  - rule 'linear: variable substitution 3' was applied 3 times.
  - rule 'new_bool: integer encoding' was applied 24 times.
  - rule 'new_bool: table expansion' was applied 6 times.
  - rule 'new_bool: var with 2 values' was applied 3 times.
  - rule 'new_bool: with clause' was applied 20 times.
  - rule 'objective: expanded via tight equality' was applied 123 times.
  - rule 'objective: shifted cost with exactly ones' was applied 145 times.
  - rule 'presolve: 323 unused variables removed.' was applied 1 time.
  - rule 'presolve: iteration' was applied 3 times.
  - rule 'probing: bool_or reduced to implication' was applied 332 times.
  - rule 'probing: simplified clauses' was applied 400 times.
  - rule 'setppc: removed dominated constraints' was applied 5 times.
  - rule 'table: all tuples!' was applied 1 time.
  - rule 'table: compress tuples' was applied 2 times.
  - rule 'table: expanded positive constraint' was applied 2 times.
  - rule 'table: expanded positive constraint with two variables' was applied 2 times.
  - rule 'table: reduce variable domain' was applied 14 times.
  - rule 'table: remove expressions' was applied 3 times.
  - rule 'table: remove tuples' was applied 2 times.
  - rule 'table: reused literals' was applied 2 times.
  - rule 'variables with 2 values: create encoding literal' was applied 3 times.
  - rule 'variables with 2 values: new affine relation' was applied 3 times.
  - rule 'variables: add encoding constraint' was applied 24 times.
  - rule 'variables: detect fully reified value encoding' was applied 48 times.
  - rule 'variables: detect half reified value encoding' was applied 496 times.
  - rule 'variables: only used in value and order encodings' was applied 2 times.

Presolved optimization model '': (model_fingerprint: 0x118975c2d0dfddd4)
#Variables: 9'538 (#bools: 897 in objective) (8'743 primary variables)
  - 8'790 Booleans in [0,1]
  - 1 in [0][5][7][10,12]
  - 1 in [0][6][8][10,12]
  - 191 in [0,2]
  - 84 in [0,3]
  - 16 in [0,4]
  - 15 in [0,5]
  - 5 in [0,6]
  - 5 in [0,7]
  - 8 in [0,8]
  - 404 in [0,9]
  - 7 in [0,10]
  - 1 in [0,11]
  - 1 in [0,12]
  - 1 in [0,15]
  - 1 in [0,16]
  - 1 in [0,17]
  - 1 in [0,19]
  - 1 in [0,22]
  - 1 in [0,25]
  - 1 in [0,35]
  - 1 in [1,3]
  - 1 in [7,9]
#kAtMostOne: 2'622 (#literals: 13'316)
#kBoolAnd: 278 (#enforced: 278) (#literals: 625)
#kBoolAndClauses: 206 (#enforced: 206 #multi: 206) (#literals: 2'938)
#kBoolOr: 4'087 (#literals: 785'167)
#kExactlyOne: 1'072 (#literals: 18'916)
#kLinear1: 448 (#enforced: 448)
#kLinear3: 80
#kLinearN: 1'045 (#enforced: 766 #multi: 256) (#terms: 24'958)
[Symmetry] Graph for symmetry has 27'437 nodes and 856'479 arcs.
[Symmetry] Symmetry computation done. time: 0.00762091 dtime: 0.0450199

Preloading model.
#Bound   3.51s best:inf   next:[185,187]  initial_domain

Starting search at 3.51s with 1 workers.
1 full problem subsolver: [main]

[Encoding] 12 literals associated to VAR >= value, and 400 half-associations.
[Encoding] 24 literals associated to VAR == value, and 0 half-associations.
[Encoding] num_fully_encoded_variables:6
[Encoding] num_partially_encoded_variables:400
[Precedences] num_relations=0 num_clauses=5587
[Precedences] Added 14 GreaterThanAtLeastOneOf() constraints.
[Probing] deterministic_time: 0.454991 (limit: 1) wall_time: 0.428832 (9196/9196)
[Probing]  - new binary clause: 168'289
[Encoding] num_element_encoding: 9
[Encoding] Added 11 element support clauses, and 3 dedicated propagators.
[ElementLinearRelaxation] #from_exactly_one:9
[EncodingLinearRelaxation] #tight_equality:6 #loose_equality:0 #inequality:406
[LinearRelaxationBeforeCliqueExpansion] #linear:8313 #at_most_ones:2981
[FinalLinearRelaxation] #linear:10484 #cut_generators:0
Initial num_bool: 9196

Starting subsolver 'main' hint search at 4.16s
Starting subsolver 'main' search at 4.16s

Task timing           n [     min,      max]      avg      dev     time         n [     min,      max]      avg      dev    dtime
      'main':         1 [   3.94m,    3.94m]    3.94m   0.00ns    3.94m         1 [  10.33m,   10.33m]   10.33m   0.00ns   10.33m

Search stats    Bools  Conflicts   Branches  Restarts  BacktrackToRoot  Backtrack  BoolPropag  IntegerPropag
       'main':  9'196      3'994  1'819'966         4           72'929     90'705  10'792'040     20'386'473

SAT formula    Fixed  Equiv  Total  VarLeft  BinaryClauses  PermanentClauses  TemporaryClauses
      'main':      0      1  9'196    9'195        109'948             5'328             2'917

SAT stats    ClassicMinim  LitRemoved  LitRemovedBinary  LitLearned  LitForgotten  Subsumed
    'main':         3'370      67'679           176'254     403'995             0       732

Vivification    Clauses  Decisions  LitTrue  Subsumed  LitRemoved  DecisionReused  Conflicts
       'main':   13'184  1'729'185        0       582       7'072           5'891         16

Clause deletion    at_true  l_and_not(l)  to_binary  sub_conflict  sub_extra  sub_decisions  sub_eager  sub_vivify  sub_probing  sub_inpro  blocked  eliminated  forgotten  promoted  conflicts
          'main':        0             0          0           688         12              2         44         582            9         10        0           0          0     7'869      3'994

Lp stats    Component  Iterations  AddedCuts  OPTIMAL  DUAL_F.  DUAL_U.
   'main':          1     595'012      2'429      153   15'425       76

Lp dimension         Final dimension of first component
       'main':  5185 rows, 9538 columns, 408055 entries

Lp debug    CutPropag  CutEqPropag  Adjust  Overflow     Bad  BadScaling
   'main':          0            0  15'650         0  21'905           0

Lp pool    Constraints  Updates  Simplif  Merged  Shortened  Split  Strengthened    Cuts/Call
  'main':       12'906      829        0       6          0      0            46  2'429/3'718

Lp Cut             main
          CG_FF:     42
           CG_K:     16
          CG_KL:     18
           CG_R:     37
          CG_RB:      5
         CG_RBP:      1
         Clique:     41
             IB:  1'466
       MIR_1_FF:     15
        MIR_1_K:      1
       MIR_1_KL:      2
        MIR_1_R:      3
      MIR_1_RBP:      1
       MIR_2_FF:     19
        MIR_2_K:      3
       MIR_2_KL:      1
        MIR_2_R:     16
       MIR_3_FF:     34
        MIR_3_K:      2
       MIR_3_KL:     11
        MIR_3_R:     10
       MIR_4_FF:     35
        MIR_4_K:      2
       MIR_4_KL:     10
        MIR_4_R:     18
       MIR_4_RB:      3
      MIR_4_RBP:      3
       MIR_5_FF:      9
        MIR_5_K:      1
       MIR_5_KL:      1
        MIR_5_R:      8
      MIR_5_RBP:      2
       MIR_6_FF:      9
        MIR_6_K:      1
       MIR_6_KL:      2
        MIR_6_R:      4
   ZERO_HALF_FF:    126
   ZERO_HALF_KL:     18
    ZERO_HALF_R:    430
   ZERO_HALF_RB:      2
  ZERO_HALF_RBP:      1

Objective bounds     Num
  'initial_domain':    1

Solution repositories    Added  Queried  Synchro
    'alternative_path':      0        0        0
      'best_solutions':      0        0        0
   'fj solution hints':      0        0        0

LRAT_status: NA
CpSolverResponse summary:
status: UNKNOWN
objective: 187
best_bound: 185
integers: 9693
booleans: 9196
conflicts: 3994
branches: 1819966
propagations: 10792040
integer_propagations: 20386473
restarts: 4
lp_iterations: 595012
walltime: 240.002
usertime: 240.002
deterministic_time: 626.066
gap_integral: 0

{"status": "UNKNOWN", "branch_J": 0, "scope": "global group relaxation; 185 <= S <= 187", "seconds": 243.83231666201027, "lower": 185.0}
