BUILT 3970 units 11988 variables 11680 constraints

Starting CP-SAT solver v9.15.6755
Parameters: random_seed: 72 max_time_in_seconds: 300 log_search_progress: true linearization_level: 2 num_search_workers: 1

Initial optimization model '': (model_fingerprint: 0xa4242ab055e94088)
#Variables: 11'988 (#ints: 1 in objective) (8'971 primary variables)
  - 11'572 Booleans in [0,1]
  - 1 in [-4,16]
  - 1 in [-4,21]
  - 1 in [-4,48]
  - 1 in [-4,53]
  - 4 in [0,2]
  - 400 in [0,9]
  - 4 in [0,13]
  - 2 in [0,23]
  - 1 in [180,187]
  - 1 constants in {1} 
#kBoolOr: 3'744 (#enforced: 96) (#literals: 765'462)
#kLinear1: 1'506 (#enforced: 1'504)
#kLinear2: 798 (#enforced: 2 #multi: 2)
#kLinear3: 140 (#enforced: 3 #multi: 3)
#kLinearN: 5'487 (#enforced: 1'067 #multi: 267) (#terms: 165'840)
#kTable: 5

Starting presolve at 0.01s
  2.01e-02s  0.00e+00d  [DetectDominanceRelations] 
  8.62e-02s  0.00e+00d  [PresolveToFixPoint] #num_loops=3 #num_dual_strengthening=2 
  2.32e-04s  0.00e+00d  [ExtractEncodingFromLinear] #potential_supersets=3'589 #potential_subsets=2 
  1.43e-02s  0.00e+00d  [DetectDuplicateColumns] 
  5.47e-04s  0.00e+00d  [DetectDuplicateConstraints] #duplicates=6 
[Symmetry] Graph for symmetry has 31'023 nodes and 943'733 arcs.
[Symmetry] Symmetry computation done. time: 0.0095338 dtime: 0.0567105
[Symmetry] #generators: 8, average support size: 2
[Symmetry] 4 orbits on 12 variables with sizes: 3,3,3,3
[Symmetry] Found orbitope of size 1 x 3
[SAT presolve] num removable Booleans: 0 / 9'079
[SAT presolve] num trivial clauses: 0
[SAT presolve] [0s] clauses:6'738 literals:830'816 vars:8'815 one_side_vars:8574 simple_definition:231 singleton_clauses:0
[SAT presolve] [0.000975944s] clauses:6'738 literals:830'816 vars:8'815 one_side_vars:8574 simple_definition:231 singleton_clauses:0
[SAT presolve] [0.00133209s] clauses:6'738 literals:830'816 vars:8'815 one_side_vars:8574 simple_definition:231 singleton_clauses:0
  5.36e-04s  0.00e+00d  [DetectDuplicateConstraintsWithDifferentEnforcements] 
  1.48e+00s  2.00e+00d *[Probe] #probed=7'280 #fixed_bools=36 #equiv=36 #new_binary_clauses=291'673 
  1.48e-02s  1.05e-01d  [MaxClique] Merged 4'380 constraints with 16'358 literals into 2'894 constraints with 14'091 literals
  2.06e-02s  0.00e+00d  [DetectDominanceRelations] 
  1.99e-02s  0.00e+00d  [DetectDominanceRelations] 
  6.88e-02s  0.00e+00d  [PresolveToFixPoint] #num_loops=3 #num_dual_strengthening=2 
  1.55e-02s  0.00e+00d  [ProcessAtMostOneAndLinear] #num_changes=421 
  4.40e-04s  0.00e+00d  [DetectDuplicateConstraints] #duplicates=3 
  3.68e-04s  0.00e+00d  [DetectDuplicateConstraintsWithDifferentEnforcements] 
  8.50e-04s  5.74e-04d  [DetectDominatedLinearConstraints] #relevant_constraints=791 
  1.42e-04s  0.00e+00d  [DetectDifferentVariables] 
  2.69e-02s  1.00e-01d  [ProcessSetPPC] #relevant_constraints=9'352 #num_inclusions=392'491 
  1.96e-03s  4.58e-03d  [TransformClausesToExactlyOne] #num_amos=2'910 #num_clauses=4'779 #num_checked=4'779 
  1.21e-03s  0.00e+00d  [DetectEncodedComplexDomains] 
  9.03e-05s  0.00e+00d  [FindAlmostIdenticalLinearConstraints] 
  6.05e-02s  2.27e-01d  [FindBigAtMostOneAndLinearOverlap] #blocks=17 #saved_nz=2'949 
  4.03e-02s  7.71e-02d  [FindBigVerticalLinearOverlap] #blocks=491 #saved_nz=28'794 
  5.62e-03s  3.63e-02d  [FindBigHorizontalLinearOverlap] #linears=972 
  1.32e-02s  4.06e-03d  [MergeClauses] #num_collisions=342 #num_merges=342 #num_saved_literals=3'160 
  2.10e-02s  0.00e+00d  [DetectDominanceRelations] 
  4.53e-02s  0.00e+00d  [PresolveToFixPoint] #num_loops=3 #num_dual_strengthening=1 
  2.02e-02s  0.00e+00d  [DetectDominanceRelations] 
  4.14e-02s  0.00e+00d  [PresolveToFixPoint] #num_loops=1 #num_dual_strengthening=1 
  1.36e-02s  0.00e+00d  [DetectDuplicateColumns] 
  5.09e-04s  0.00e+00d  [DetectDuplicateConstraints] #duplicates=6 
[Symmetry] Graph for symmetry has 30'721 nodes and 881'369 arcs.
[Symmetry] Symmetry computation done. time: 0.00860915 dtime: 0.0500269
[Symmetry] #generators: 4, average support size: 2
[Symmetry] 4 orbits on 8 variables with sizes: 2,2,2,2
[Symmetry] Found orbitope of size 1 x 2
[SAT presolve] num removable Booleans: 0 / 9'005
[SAT presolve] num trivial clauses: 0
[SAT presolve] [0s] clauses:5'100 literals:812'850 vars:8'432 one_side_vars:8289 simple_definition:142 singleton_clauses:0
[SAT presolve] [0.00110465s] clauses:5'100 literals:812'850 vars:8'432 one_side_vars:8289 simple_definition:142 singleton_clauses:0
[SAT presolve] [0.00144972s] clauses:5'100 literals:812'850 vars:8'432 one_side_vars:8289 simple_definition:142 singleton_clauses:0
  5.50e-04s  0.00e+00d  [DetectDuplicateConstraintsWithDifferentEnforcements] 
  7.41e-01s  1.58e+00d *[Probe] #probed=24'284 #fixed_bools=6 #new_bounds=38 #equiv=10 #new_binary_clauses=232'368 
  1.87e-02s  1.40e-01d  [MaxClique] Merged 2'906 constraints with 14'630 literals into 2'863 constraints with 14'588 literals
  2.06e-02s  0.00e+00d  [DetectDominanceRelations] 
  4.37e-02s  0.00e+00d  [PresolveToFixPoint] #num_loops=2 #num_dual_strengthening=1 
  3.52e-03s  0.00e+00d  [ProcessAtMostOneAndLinear] 
  4.02e-04s  0.00e+00d  [DetectDuplicateConstraints] #duplicates=10 
  3.74e-04s  0.00e+00d  [DetectDuplicateConstraintsWithDifferentEnforcements] 
  4.22e-04s  9.54e-05d  [DetectDominatedLinearConstraints] #relevant_constraints=1'099 
  1.44e-04s  0.00e+00d  [DetectDifferentVariables] 
  2.56e-02s  1.00e-01d  [ProcessSetPPC] #relevant_constraints=9'753 #num_inclusions=392'694 
  1.80e-03s  4.46e-03d  [TransformClausesToExactlyOne] #num_amos=2'876 #num_clauses=4'779 #num_checked=4'779 
  9.58e-04s  0.00e+00d  [DetectEncodedComplexDomains] 
  1.85e-04s  2.00e-08d  [FindAlmostIdenticalLinearConstraints] #num_tested_pairs=1 
  2.12e-02s  6.75e-02d  [FindBigAtMostOneAndLinearOverlap] #blocks=1 #saved_nz=118 
  1.14e-02s  4.96e-02d  [FindBigVerticalLinearOverlap] #blocks=20 #saved_nz=884 
  5.45e-03s  3.62e-02d  [FindBigHorizontalLinearOverlap] #linears=977 
  1.30e-02s  4.06e-03d  [MergeClauses] #num_collisions=342 #num_merges=342 #num_saved_literals=3'160 
  2.03e-02s  0.00e+00d  [DetectDominanceRelations] 
  4.44e-02s  0.00e+00d  [PresolveToFixPoint] #num_loops=4 #num_dual_strengthening=2 
  2.05e-02s  0.00e+00d  [DetectDominanceRelations] 
  4.17e-02s  0.00e+00d  [PresolveToFixPoint] #num_loops=1 #num_dual_strengthening=1 
  1.48e-02s  0.00e+00d  [DetectDuplicateColumns] 
  5.64e-04s  0.00e+00d  [DetectDuplicateConstraints] #duplicates=8 
[Symmetry] Graph for symmetry has 30'591 nodes and 879'084 arcs.
[Symmetry] Symmetry computation done. time: 0.00830056 dtime: 0.0489591
[SAT presolve] num removable Booleans: 0 / 8'984
[SAT presolve] num trivial clauses: 0
[SAT presolve] [0s] clauses:5'035 literals:811'867 vars:8'407 one_side_vars:8268 simple_definition:138 singleton_clauses:0
[SAT presolve] [0.000960087s] clauses:5'035 literals:811'867 vars:8'407 one_side_vars:8268 simple_definition:138 singleton_clauses:0
[SAT presolve] [0.00130744s] clauses:5'035 literals:811'867 vars:8'407 one_side_vars:8268 simple_definition:138 singleton_clauses:0
  6.24e-04s  0.00e+00d  [DetectDuplicateConstraintsWithDifferentEnforcements] 
  7.28e-01s  1.56e+00d *[Probe] #probed=24'304 #new_bounds=3 #new_binary_clauses=245'047 
  1.99e-02s  1.43e-01d  [MaxClique] Merged 2'870 constraints with 14'642 literals into 2'861 constraints with 14'589 literals
  2.09e-02s  0.00e+00d  [DetectDominanceRelations] 
  4.33e-02s  0.00e+00d  [PresolveToFixPoint] #num_loops=2 #num_dual_strengthening=1 
  3.85e-03s  0.00e+00d  [ProcessAtMostOneAndLinear] 
  5.08e-04s  0.00e+00d  [DetectDuplicateConstraints] 
  4.00e-04s  0.00e+00d  [DetectDuplicateConstraintsWithDifferentEnforcements] 
  4.84e-04s  9.10e-05d  [DetectDominatedLinearConstraints] #relevant_constraints=1'110 
  1.69e-04s  0.00e+00d  [DetectDifferentVariables] 
  2.68e-02s  1.00e-01d  [ProcessSetPPC] #relevant_constraints=9'748 #num_inclusions=392'713 
  1.93e-03s  4.46e-03d  [TransformClausesToExactlyOne] #num_amos=2'863 #num_clauses=4'779 #num_checked=4'779 
  1.00e-03s  0.00e+00d  [DetectEncodedComplexDomains] 
  1.86e-04s  8.00e-08d  [FindAlmostIdenticalLinearConstraints] #num_tested_pairs=3 
  2.12e-02s  6.57e-02d  [FindBigAtMostOneAndLinearOverlap] 
  1.13e-02s  4.85e-02d  [FindBigVerticalLinearOverlap] #blocks=10 #saved_nz=364 
  5.40e-03s  3.63e-02d  [FindBigHorizontalLinearOverlap] #linears=980 
  1.36e-02s  4.06e-03d  [MergeClauses] #num_collisions=342 #num_merges=342 #num_saved_literals=3'160 
  2.12e-02s  0.00e+00d  [DetectDominanceRelations] 
  4.37e-02s  0.00e+00d  [PresolveToFixPoint] #num_loops=2 #num_dual_strengthening=1 
  9.94e-05s  0.00e+00d  [MergeNoOverlap] 
  1.02e-04s  0.00e+00d  [MergeNoOverlap2D] 
  3.19e-03s  0.00e+00d  [ExpandObjective] #entries=612'194 #tight_variables=19'836 #tight_constraints=1'433 #expands=121 

Presolve summary:
  - 98 affine relations were detected.
  - rule 'TODO dual: add implied bound' was applied 4'800 times.
  - rule 'TODO dual: only one blocking constraint?' was applied 99'961 times.
  - rule 'TODO dual: only one blocking enforced constraint?' was applied 7'906 times.
  - rule 'TODO linear matrix: reuse defining constraint' was applied 2 times.
  - rule 'TODO linear1: appear in only one extra 2-var constraint' was applied 4 times.
  - rule 'affine: new relation' was applied 98 times.
  - rule 'at_most_one: removed literals' was applied 122 times.
  - rule 'at_most_one: resolved two constraints with opposite literal' was applied 132 times.
  - rule 'at_most_one: size one' was applied 46 times.
  - rule 'at_most_one: transformed into max clique' was applied 3 times.
  - rule 'bool_and: x => x' was applied 2 times.
  - rule 'bool_or: always true' was applied 96 times.
  - rule 'bool_or: fixed literals' was applied 549 times.
  - rule 'bool_or: implications' was applied 894 times.
  - rule 'bool_or: removed enforcement literal' was applied 400 times.
  - rule 'deductions: 1723 stored' was applied 1 time.
  - rule 'domination: in at most one' was applied 3 times.
  - rule 'dual: add implication' was applied 22 times.
  - rule 'dual: enforced equivalence' was applied 2 times.
  - rule 'dual: fix variable' was applied 6 times.
  - rule 'dual: make encoding equiv' was applied 96 times.
  - rule 'duplicate: removed constraint' was applied 33 times.
  - rule 'enforcement: literal not used' was applied 6 times.
  - rule 'enforcement: removed duplicate literal' was applied 2 times.
  - rule 'exactly_one: removed literals' was applied 54 times.
  - rule 'exactly_one: singleton' was applied 12 times.
  - rule 'exactly_one: size two' was applied 43 times.
  - rule 'exactly_one: x and not(x)' was applied 36 times.
  - rule 'linear + amo: fixed literal implied by enforcement' was applied 421 times.
  - rule 'linear + amo: infeasible enforcement' was applied 4 times.
  - rule 'linear + amo: trivial linear constraint' was applied 2 times.
  - rule 'linear matrix: common amo rectangle' was applied 18 times.
  - rule 'linear matrix: common vertical rectangle' was applied 521 times.
  - rule 'linear2: convert ax + by != cte to clauses' was applied 834 times.
  - rule 'linear: always true' was applied 20 times.
  - rule 'linear: divide by GCD' was applied 2 times.
  - rule 'linear: extracted at most one (max)' was applied 1 time.
  - rule 'linear: extracted enforcement literal' was applied 165 times.
  - rule 'linear: fixed or dup variables' was applied 43 times.
  - rule 'linear: negative clause' was applied 777 times.
  - rule 'linear: negative reified and' was applied 2 times.
  - rule 'linear: positive at most one' was applied 2'480 times.
  - rule 'linear: positive clause' was applied 400 times.
  - rule 'linear: positive equal one' was applied 1'282 times.
  - rule 'linear: reduced variable domains' was applied 6 times.
  - rule 'linear: reduced variable domains in derived constraint' was applied 4 times.
  - rule 'linear: remapped using affine relations' was applied 96 times.
  - rule 'linear: simplified rhs' was applied 54 times.
  - rule 'linear: singleton column' was applied 2'522 times.
  - rule 'linear: singleton column define objective' was applied 1 time.
  - rule 'linear: variable substitution 2' was applied 11 times.
  - rule 'new_bool: integer encoding' was applied 30 times.
  - rule 'new_bool: table expansion' was applied 6 times.
  - rule 'new_bool: var with 2 values' was applied 2 times.
  - rule 'new_bool: with clause' was applied 18 times.
  - rule 'objective: expanded via tight equality' was applied 121 times.
  - rule 'objective: shifted cost with exactly ones' was applied 210 times.
  - rule 'presolve: 58 unused variables removed.' was applied 1 time.
  - rule 'presolve: iteration' was applied 3 times.
  - rule 'probing: bool_or reduced to implication' was applied 58 times.
  - rule 'probing: simplified clauses' was applied 4'483 times.
  - rule 'setppc: removed dominated constraints' was applied 3 times.
  - rule 'table: compress tuples' was applied 3 times.
  - rule 'table: expanded positive constraint' was applied 4 times.
  - rule 'table: expanded positive constraint with two variables' was applied 1 time.
  - rule 'table: reduce variable domain' was applied 10 times.
  - rule 'table: reused literals' was applied 4 times.
  - rule 'variables with 2 values: create encoding literal' was applied 2 times.
  - rule 'variables with 2 values: new affine relation' was applied 2 times.
  - rule 'variables: add encoding constraint' was applied 30 times.
  - rule 'variables: detect fully reified value encoding' was applied 48 times.
  - rule 'variables: detect half reified value encoding' was applied 496 times.
  - rule 'variables: detected fully encoded domain' was applied 6 times.
  - rule 'variables: only used in value and order encodings' was applied 2 times.

Presolved optimization model '': (model_fingerprint: 0x9c9bdee1ab9de4cf)
#Variables: 9'729 (#bools: 1'038 in objective) (8'920 primary variables)
  - 8'984 Booleans in [0,1]
  - 1 in [0][5][7][10,12]
  - 1 in [0][6][8][10,12]
  - 189 in [0,2]
  - 94 in [0,3]
  - 10 in [0,4]
  - 9 in [0,5]
  - 7 in [0,6]
  - 7 in [0,7]
  - 5 in [0,8]
  - 402 in [0,9]
  - 6 in [0,10]
  - 1 in [0,11]
  - 1 in [0,12]
  - 1 in [0,13]
  - 1 in [0,14]
  - 1 in [0,15]
  - 1 in [0,17]
  - 2 in [0,18]
  - 1 in [0,21]
  - 1 in [0,26]
  - 1 in [1][3,4]
  - 1 in [1,3]
  - 1 in [5,6][9]
  - 1 in [7,9]
#kAtMostOne: 2'605 (#literals: 14'077)
#kBoolAnd: 188 (#enforced: 188) (#literals: 448)
#kBoolAndClauses: 338 (#enforced: 338 #multi: 338) (#literals: 3'830)
#kBoolOr: 4'099 (#literals: 804'365)
#kExactlyOne: 1'093 (#literals: 19'399)
#kLinear1: 460 (#enforced: 460)
#kLinear3: 86
#kLinearN: 1'034 (#enforced: 766 #multi: 256) (#terms: 25'961)
[Symmetry] Graph for symmetry has 27'774 nodes and 878'675 arcs.
[Symmetry] Symmetry computation done. time: 0.00819935 dtime: 0.044425

Preloading model.
#Bound   4.09s best:inf   next:[180,187]  initial_domain

Starting search at 4.09s with 1 workers.
1 full problem subsolver: [main]

[Encoding] 16 literals associated to VAR >= value, and 400 half-associations.
[Encoding] 30 literals associated to VAR == value, and 0 half-associations.
[Encoding] num_fully_encoded_variables:8
[Encoding] num_partially_encoded_variables:400
[Precedences] num_relations=0 num_clauses=5886
[Precedences] Added 23 GreaterThanAtLeastOneOf() constraints.
[Probing] deterministic_time: 0.558911 (limit: 1) wall_time: 0.558501 (9390/9390)
[Probing]  - new binary clause: 245'047
[Encoding] num_element_encoding: 12
[Encoding] Added 11 element support clauses, and 4 dedicated propagators.
[ElementLinearRelaxation] #from_exactly_one:12
[EncodingLinearRelaxation] #tight_equality:8 #loose_equality:0 #inequality:408
[LinearRelaxationBeforeCliqueExpansion] #linear:8616 #at_most_ones:2881
[FinalLinearRelaxation] #linear:10685 #cut_generators:0
Initial num_bool: 9390

Starting subsolver 'main' hint search at 4.88s
Starting subsolver 'main' search at 4.88s

Task timing           n [     min,      max]      avg      dev     time         n [     min,      max]      avg      dev    dtime
      'main':         1 [   4.93m,    4.93m]    4.93m   0.00ns    4.93m         1 [  13.24m,   13.24m]   13.24m   0.00ns   13.24m

Search stats    Bools  Conflicts  Branches  Restarts  BacktrackToRoot  Backtrack  BoolPropag  IntegerPropag
       'main':  9'390      2'821   531'363         2           36'697     44'550   5'351'401      8'924'333

SAT formula    Fixed  Equiv  Total  VarLeft  BinaryClauses  PermanentClauses  TemporaryClauses
      'main':      0      1  9'390    9'389        121'000             5'747             1'927

SAT stats    ClassicMinim  LitRemoved  LitRemovedBinary  LitLearned  LitForgotten  Subsumed
    'main':         2'236     165'686            34'987     293'232             0       516

Vivification    Clauses  Decisions  LitTrue  Subsumed  LitRemoved  DecisionReused  Conflicts
       'main':    4'189    476'576        0       491       4'130           2'313         28

Clause deletion    at_true  l_and_not(l)  to_binary  sub_conflict  sub_extra  sub_decisions  sub_eager  sub_vivify  sub_probing  sub_inpro  blocked  eliminated  forgotten  promoted  conflicts
          'main':        0             0          0           480         12              0         36         491            9          8        0           0          0     4'972      2'821

Lp stats    Component  Iterations  AddedCuts  OPTIMAL  DUAL_F.  DUAL_U.
   'main':          1     807'799      1'391      130    9'823       33

Lp dimension         Final dimension of first component
       'main':  4644 rows, 9729 columns, 422093 entries

Lp debug    CutPropag  CutEqPropag  Adjust  Overflow    Bad  BadScaling
   'main':          1            0   9'979         0  4'832           0

Lp pool    Constraints  Updates  Simplif  Merged  Shortened  Split  Strengthened    Cuts/Call
  'main':       12'065       70        3       6          0      3             4  1'391/1'816

Lp Cut            main
          CG_FF:    18
           CG_K:    12
          CG_KL:     7
           CG_R:    19
          CG_RB:     3
         CG_RBP:     3
         Clique:    20
             IB:   964
       MIR_1_FF:    14
        MIR_1_K:     3
       MIR_1_KL:     2
        MIR_1_R:     8
       MIR_1_RB:     1
      MIR_1_RLT:     3
       MIR_2_FF:     7
        MIR_2_K:     2
       MIR_2_KL:     1
        MIR_2_R:     4
       MIR_3_FF:    27
        MIR_3_K:     8
       MIR_3_KL:    20
        MIR_3_R:    11
       MIR_3_RB:     1
      MIR_3_RBP:     1
       MIR_4_FF:    12
        MIR_4_K:     1
       MIR_4_KL:     1
        MIR_4_R:     5
       MIR_5_FF:     6
        MIR_5_R:     3
       MIR_6_FF:    15
        MIR_6_K:     4
       MIR_6_KL:     4
        MIR_6_R:     7
       MIR_6_RB:     1
   ZERO_HALF_FF:    40
    ZERO_HALF_K:     3
   ZERO_HALF_KL:    14
    ZERO_HALF_R:   113
   ZERO_HALF_RB:     1
  ZERO_HALF_RBP:     2

Objective bounds     Num
  'initial_domain':    1

Solution repositories    Added  Queried  Synchro
    'alternative_path':      0        0        0
      'best_solutions':      0        0        0
   'fj solution hints':      0        0        0

LRAT_status: NA
CpSolverResponse summary:
status: UNKNOWN
objective: 187
best_bound: 180
integers: 9904
booleans: 9390
conflicts: 2821
branches: 531363
propagations: 5351401
integer_propagations: 8924333
restarts: 2
lp_iterations: 807799
walltime: 300.003
usertime: 300.003
deterministic_time: 801.163
gap_integral: 0

{"solver": "CP-SAT", "version": "9.15.6755", "status": "UNKNOWN", "seconds": 304.01581539199105, "branch_J": null, "strip": false, "project": false, "groups": true, "cap": 187, "lower": 180.0, "domain_count": 3970, "domain_sha256": "dff299bb520aeee61628e1565bf3d9f790d0e93d8b521e04d7c4fe73ccf745f5", "script_sha256": "697ade0b50a59f702ded7689babbe85f1ba26fe8ac62dc9e0dff799f913c475a"}
