
Starting CP-SAT solver v9.15.6755
Parameters: max_time_in_seconds: 120 log_search_progress: true linearization_level: 2 num_search_workers: 1

Initial satisfaction model '': (model_fingerprint: 0xb560ac8fa3989e3a)
#Variables: 4'540 (4'540 primary variables)
  - 4'140 Booleans in [0,1]
  - 400 in [0,9]
#kLinear1: 2
#kLinear2: 2'222
#kLinear3: 946
#kLinearN: 4'746 (#terms: 174'952)

Starting presolve at 0.00s
  3.77e-03s  0.00e+00d  [DetectDominanceRelations] 
  3.50e-02s  0.00e+00d  [PresolveToFixPoint] #num_loops=3 #num_dual_strengthening=2 
  6.34e-05s  0.00e+00d  [ExtractEncodingFromLinear] #potential_supersets=1'846 
  3.47e-03s  0.00e+00d  [DetectDuplicateColumns] 
  1.71e-04s  0.00e+00d  [DetectDuplicateConstraints] #duplicates=14 
[Symmetry] Graph for symmetry has 16'439 nodes and 186'217 arcs.
[Symmetry] Symmetry computation done. time: 0.00321387 dtime: 0.0145359
[Symmetry] #generators: 46, average support size: 2
[Symmetry] 42 orbits on 88 variables with sizes: 3,3,3,3,2,2,2,2,2,2,...
[Symmetry] Num fixable by intersecting at_most_one with orbits: 1 largest_orbit: 3
[Symmetry] Found orbitope of size 1 x 2
[SAT presolve] num removable Booleans: 0 / 4'126
[SAT presolve] num trivial clauses: 0
[SAT presolve] [0s] clauses:4'809 literals:89'555 vars:4'125 one_side_vars:3561 simple_definition:51 singleton_clauses:0
[SAT presolve] [0.000325675s] clauses:4'809 literals:89'555 vars:4'125 one_side_vars:3561 simple_definition:51 singleton_clauses:0
[SAT presolve] [0.000498375s] clauses:4'809 literals:89'555 vars:4'125 one_side_vars:3561 simple_definition:51 singleton_clauses:0
  2.40e-04s  0.00e+00d  [DetectDuplicateConstraintsWithDifferentEnforcements] 
  1.86e-01s  3.70e-01d  [Probe] #probed=9'032 #fixed_bools=42 #equiv=196 #new_binary_clauses=322'373 
  4.58e-02s  4.38e-01d  [MaxClique] Merged 3'635 constraints with 28'773 literals into 2'426 constraints with 27'328 literals
  4.05e-03s  0.00e+00d  [DetectDominanceRelations] 
  3.52e-03s  0.00e+00d  [DetectDominanceRelations] 
  1.76e-02s  0.00e+00d  [PresolveToFixPoint] #num_loops=2 #num_dual_strengthening=2 
  5.97e-03s  0.00e+00d  [ProcessAtMostOneAndLinear] #num_changes=22 
  1.51e-04s  0.00e+00d  [DetectDuplicateConstraints] #duplicates=48 
  1.21e-04s  0.00e+00d  [DetectDuplicateConstraintsWithDifferentEnforcements] 
  5.40e-04s  3.28e-04d  [DetectDominatedLinearConstraints] #relevant_constraints=789 #num_inclusions=6 #num_redundant=3 
  1.30e-04s  0.00e+00d  [DetectDifferentVariables] 
  3.67e-03s  6.16e-04d  [ProcessSetPPC] #relevant_constraints=5'794 #num_inclusions=1'656 
  3.89e-04s  2.65e-04d  [TransformClausesToExactlyOne] #num_amos=662 #num_clauses=1'113 #num_checked=1'113 
  5.24e-05s  0.00e+00d  [DetectEncodedComplexDomains] 
  4.30e-05s  0.00e+00d  [FindAlmostIdenticalLinearConstraints] 
  4.02e-02s  1.74e-01d  [FindBigAtMostOneAndLinearOverlap] #blocks=63 #saved_nz=10'042 
  1.89e-02s  2.88e-02d  [FindBigVerticalLinearOverlap] #blocks=491 #saved_nz=34'747 
  1.19e-03s  7.05e-03d  [FindBigHorizontalLinearOverlap] #blocks=1 #saved_nz=200 #linears=933 
  7.30e-04s  2.55e-04d  [MergeClauses] #num_collisions=338 #num_merges=338 #num_saved_literals=2'826 
  3.02e-03s  0.00e+00d  [DetectDominanceRelations] 
  2.55e-03s  0.00e+00d  [DetectDominanceRelations] 
  1.43e-02s  0.00e+00d  [PresolveToFixPoint] #num_loops=6 #num_dual_strengthening=3 
  2.56e-03s  0.00e+00d  [DetectDominanceRelations] 
  7.25e-03s  0.00e+00d  [PresolveToFixPoint] #num_loops=1 #num_dual_strengthening=1 
  9.53e-04s  0.00e+00d  [DetectDuplicateColumns] 
  1.09e-04s  0.00e+00d  [DetectDuplicateConstraints] #duplicates=10 
[Symmetry] Graph for symmetry has 14'935 nodes and 100'450 arcs.
[Symmetry] Symmetry computation done. time: 0.00186985 dtime: 0.00721557
[SAT presolve] num removable Booleans: 0 / 3'495
[SAT presolve] num trivial clauses: 0
[SAT presolve] [0s] clauses:1'476 literals:51'719 vars:2'615 one_side_vars:2479 simple_definition:136 singleton_clauses:0
[SAT presolve] [0.000118657s] clauses:1'476 literals:51'719 vars:2'615 one_side_vars:2479 simple_definition:136 singleton_clauses:0
[SAT presolve] [0.000271398s] clauses:1'476 literals:51'719 vars:2'615 one_side_vars:2479 simple_definition:136 singleton_clauses:0
  2.02e-04s  0.00e+00d  [DetectDuplicateConstraintsWithDifferentEnforcements] 
  1.94e-01s  3.00e-01d  [Probe] #probed=9'360 #new_bounds=132 #equiv=1 #new_binary_clauses=198'854 
  1.46e-02s  1.21e-01d  [MaxClique] Merged 1'148 constraints with 6'875 literals into 939 constraints with 6'569 literals
  3.12e-03s  0.00e+00d  [DetectDominanceRelations] 
  2.54e-03s  0.00e+00d  [DetectDominanceRelations] 
  1.29e-02s  0.00e+00d  [PresolveToFixPoint] #num_loops=3 #num_dual_strengthening=2 
  2.00e-03s  0.00e+00d  [ProcessAtMostOneAndLinear] 
  1.18e-04s  0.00e+00d  [DetectDuplicateConstraints] #duplicates=3 
  1.06e-04s  0.00e+00d  [DetectDuplicateConstraintsWithDifferentEnforcements] 
  2.97e-04s  7.07e-05d  [DetectDominatedLinearConstraints] #relevant_constraints=1'116 #num_inclusions=2 
  1.03e-04s  0.00e+00d  [DetectDifferentVariables] 
  2.22e-03s  6.98e-04d  [ProcessSetPPC] #relevant_constraints=4'247 #num_inclusions=1'835 
  4.68e-04s  2.65e-04d  [TransformClausesToExactlyOne] #num_amos=941 #num_clauses=1'113 #num_checked=1'113 
  6.32e-05s  0.00e+00d  [DetectEncodedComplexDomains] 
  8.61e-05s  2.25e-07d  [FindAlmostIdenticalLinearConstraints] #num_tested_pairs=7 
  4.86e-03s  1.39e-02d  [FindBigAtMostOneAndLinearOverlap] #blocks=1 #saved_nz=127 
  3.62e-03s  1.11e-02d  [FindBigVerticalLinearOverlap] #blocks=16 #saved_nz=731 
  1.12e-03s  6.67e-03d  [FindBigHorizontalLinearOverlap] #blocks=1 #saved_nz=159 #linears=932 
  7.21e-04s  2.54e-04d  [MergeClauses] #num_collisions=334 #num_merges=334 #num_saved_literals=2'206 
  2.52e-03s  0.00e+00d  [DetectDominanceRelations] 
  7.77e-03s  0.00e+00d  [PresolveToFixPoint] #num_loops=2 #num_dual_strengthening=1 
  2.53e-03s  0.00e+00d  [DetectDominanceRelations] 
  7.06e-03s  0.00e+00d  [PresolveToFixPoint] #num_loops=1 #num_dual_strengthening=1 
  8.40e-04s  0.00e+00d  [DetectDuplicateColumns] 
  1.12e-04s  0.00e+00d  [DetectDuplicateConstraints] #duplicates=6 
[Symmetry] Graph for symmetry has 14'182 nodes and 97'747 arcs.
[Symmetry] Symmetry computation done. time: 0.00182907 dtime: 0.00695467
[Symmetry] #generators: 32, average support size: 2
[Symmetry] 2 orbits on 34 variables with sizes: 17,17
[Symmetry] Num fixable by binary propagation in orbit: 16 / 17
[Symmetry] Found orbitope of size 1 x 17
[SAT presolve] num removable Booleans: 0 / 3'416
[SAT presolve] num trivial clauses: 0
[SAT presolve] [0s] clauses:1'377 literals:51'426 vars:2'555 one_side_vars:2419 simple_definition:136 singleton_clauses:0
[SAT presolve] [0.000114735s] clauses:1'377 literals:51'426 vars:2'555 one_side_vars:2419 simple_definition:136 singleton_clauses:0
[SAT presolve] [0.000259964s] clauses:1'377 literals:51'426 vars:2'555 one_side_vars:2419 simple_definition:136 singleton_clauses:0
  2.01e-04s  0.00e+00d  [DetectDuplicateConstraintsWithDifferentEnforcements] 
  1.71e-01s  2.74e-01d  [Probe] #probed=9'244 #new_bounds=6 #new_binary_clauses=174'742 
  1.28e-02s  1.05e-01d  [MaxClique] Merged 939 constraints with 6'085 literals into 922 constraints with 6'037 literals
  3.01e-03s  0.00e+00d  [DetectDominanceRelations] 
  2.54e-03s  0.00e+00d  [DetectDominanceRelations] 
  1.13e-02s  0.00e+00d  [PresolveToFixPoint] #num_loops=3 #num_dual_strengthening=2 
  1.95e-03s  0.00e+00d  [ProcessAtMostOneAndLinear] #num_changes=1 
  1.29e-04s  0.00e+00d  [DetectDuplicateConstraints] #duplicates=17 
  1.12e-04s  0.00e+00d  [DetectDuplicateConstraintsWithDifferentEnforcements] 
  2.99e-04s  5.64e-05d  [DetectDominatedLinearConstraints] #relevant_constraints=1'124 #num_inclusions=1 
  1.10e-04s  0.00e+00d  [DetectDifferentVariables] 
  2.23e-03s  6.92e-04d  [ProcessSetPPC] #relevant_constraints=4'232 #num_inclusions=1'834 
  4.77e-04s  2.65e-04d  [TransformClausesToExactlyOne] #num_amos=908 #num_clauses=1'113 #num_checked=1'113 
  7.01e-05s  0.00e+00d  [DetectEncodedComplexDomains] 
  9.38e-05s  6.50e-08d  [FindAlmostIdenticalLinearConstraints] #num_tested_pairs=2 
  4.21e-03s  1.17e-02d  [FindBigAtMostOneAndLinearOverlap] 
  3.12e-03s  9.77e-03d  [FindBigVerticalLinearOverlap] #blocks=4 #saved_nz=159 
  1.32e-03s  8.34e-03d  [FindBigHorizontalLinearOverlap] #linears=933 
  7.38e-04s  2.54e-04d  [MergeClauses] #num_collisions=334 #num_merges=334 #num_saved_literals=2'206 
  2.55e-03s  0.00e+00d  [DetectDominanceRelations] 
  7.30e-03s  0.00e+00d  [PresolveToFixPoint] #num_loops=2 #num_dual_strengthening=1 
  4.83e-05s  0.00e+00d  [MergeNoOverlap] 
  4.70e-05s  0.00e+00d  [MergeNoOverlap2D] 

Presolve summary:
  - 209 affine relations were detected.
  - rule 'TODO dual: add implied bound' was applied 220 times.
  - rule 'TODO dual: only one blocking constraint?' was applied 24'248 times.
  - rule 'TODO dual: only one blocking enforced constraint?' was applied 220 times.
  - rule 'TODO dual: tighten at most one' was applied 6'430 times.
  - rule 'TODO linear matrix: reuse defining constraint' was applied 1 time.
  - rule 'TODO linear2: contains a boolean' was applied 4 times.
  - rule 'TODO linear2: convert ax + by != cte to clauses for large domains' was applied 8 times.
  - rule 'affine: new relation' was applied 209 times.
  - rule 'at_most_one: removed literals' was applied 154 times.
  - rule 'at_most_one: resolved two constraints with opposite literal' was applied 116 times.
  - rule 'at_most_one: size one' was applied 69 times.
  - rule 'at_most_one: transformed into max clique' was applied 3 times.
  - rule 'at_most_one: x and not(x)' was applied 115 times.
  - rule 'bool_and: x => x' was applied 22 times.
  - rule 'bool_or: always true' was applied 151 times.
  - rule 'bool_or: fixed literals' was applied 47 times.
  - rule 'bool_or: implications' was applied 1'887 times.
  - rule 'deductions: 408 stored' was applied 1 time.
  - rule 'domination: fixed to lb.' was applied 69 times.
  - rule 'domination: in at most one' was applied 3 times.
  - rule 'domination: in exactly one' was applied 18 times.
  - rule 'domination: in implication' was applied 2 times.
  - rule 'dual: add implication' was applied 40 times.
  - rule 'dual: enforced equivalence' was applied 12 times.
  - rule 'dual: fix variable' was applied 2 times.
  - rule 'duplicate: merged rhs of linear constraint' was applied 7 times.
  - rule 'duplicate: removed constraint' was applied 98 times.
  - rule 'enforcement: false literal' was applied 2 times.
  - rule 'exactly_one: removed literals' was applied 504 times.
  - rule 'exactly_one: singleton' was applied 497 times.
  - rule 'linear + amo: extracted enforcement literal' was applied 94 times.
  - rule 'linear + amo: fixed literal implied by enforcement' was applied 17 times.
  - rule 'linear + amo: simplified enforcement list' was applied 20 times.
  - rule 'linear + amo: trivial linear constraint' was applied 2 times.
  - rule 'linear inclusion: sparsify superset' was applied 3 times.
  - rule 'linear matrix: common amo rectangle' was applied 64 times.
  - rule 'linear matrix: common horizontal rectangle' was applied 2 times.
  - rule 'linear matrix: common vertical rectangle' was applied 511 times.
  - rule 'linear2: contains a boolean' was applied 400 times.
  - rule 'linear2: convert ax + by != cte to clauses' was applied 1'821 times.
  - rule 'linear: advanced coefficient strenghtening' was applied 6 times.
  - rule 'linear: all booleans and trivially true' was applied 2 times.
  - rule 'linear: always true' was applied 21 times.
  - rule 'linear: divide by GCD' was applied 2 times.
  - rule 'linear: extracted at most one (max)' was applied 1 time.
  - rule 'linear: extracted enforcement literal' was applied 380 times.
  - rule 'linear: fixed or dup variables' was applied 62 times.
  - rule 'linear: negative at most one' was applied 136 times.
  - rule 'linear: negative clause' was applied 1'313 times.
  - rule 'linear: negative reified and' was applied 2 times.
  - rule 'linear: positive at most one' was applied 1'712 times.
  - rule 'linear: positive clause' was applied 1'711 times.
  - rule 'linear: positive equal one' was applied 161 times.
  - rule 'linear: reduced variable domains' was applied 28 times.
  - rule 'linear: reduced variable domains in derived constraint' was applied 10 times.
  - rule 'linear: remapped using affine relations' was applied 26 times.
  - rule 'linear: variable substitution 2' was applied 4 times.
  - rule 'linear: variable substitution 3' was applied 7 times.
  - rule 'new_bool: with clause' was applied 64 times.
  - rule 'presolve: 155 unused variables removed.' was applied 1 time.
  - rule 'presolve: iteration' was applied 3 times.
  - rule 'probing: bool_or reduced to implication' was applied 215 times.
  - rule 'probing: simplified clauses' was applied 1'165 times.
  - rule 'setppc: bool_or in at_most_one' was applied 1'649 times.
  - rule 'setppc: exactly_one included in linear' was applied 4 times.
  - rule 'setppc: reduced linear coefficients' was applied 4 times.
  - rule 'setppc: removed dominated constraints' was applied 1 time.
  - rule 'symmetry: fixed all but one to false in orbitope row' was applied 2 times.
  - rule 'variables: detect half reified value encoding' was applied 401 times.

Presolved satisfaction model '': (model_fingerprint: 0xcfdfd43a0f2b8181)
#Variables: 4'129 (3'036 primary variables)
  - 3'388 Booleans in [0,1]
  - 48 in [0,2]
  - 95 in [0,3]
  - 77 in [0,4]
  - 78 in [0,5]
  - 11 in [0,6]
  - 7 in [0,7]
  - 4 in [0,8]
  - 402 in [0,9]
  - 6 in [0,10]
  - 9 in [0,11]
  - 1 in [0,19]
  - 1 in [0,20]
  - 1 in [0,39]
  - 1 in [0,46]
#kAtMostOne: 642 (#literals: 5'445)
#kBoolAnd: 197 (#enforced: 197) (#literals: 465)
#kBoolAndClauses: 332 (#enforced: 332 #multi: 332) (#literals: 2'868)
#kBoolOr: 447 (#literals: 45'824)
#kExactlyOne: 1'260 (#literals: 19'551)
#kLinear1: 401 (#enforced: 401)
#kLinear3: 87
#kLinearN: 1'040 (#enforced: 394 #multi: 6) (#terms: 16'933)
[Symmetry] Graph for symmetry has 13'173 nodes and 97'448 arcs.
[Symmetry] Symmetry computation done. time: 0.00177443 dtime: 0.00684947

Preloading model.

Starting search at 0.91s with 1 workers.
1 full problem subsolver: [main]

[Encoding] 0 literals associated to VAR >= value, and 401 half-associations.
[Encoding] num_partially_encoded_variables:401
[Precedences] num_relations=0 num_clauses=2373
[Probing] deterministic_time: 0.212853 (limit: 1) wall_time: 0.188432 (3789/3789)
[Probing]  - new binary clause: 177'425
[Encoding] num_element_encoding: 19
[ElementLinearRelaxation] #from_exactly_one:19
[EncodingLinearRelaxation] #tight_equality:0 #loose_equality:0 #inequality:401
[LinearRelaxationBeforeCliqueExpansion] #linear:4710 #at_most_ones:910
[FinalLinearRelaxation] #linear:4814 #cut_generators:0
Initial num_bool: 3789

Starting subsolver 'main' hint search at 1.20s
Starting subsolver 'main' search at 1.20s
#Done   17.47s main

Task timing           n [     min,      max]      avg      dev     time         n [     min,      max]      avg      dev    dtime
      'main':         1 [  16.56s,   16.56s]   16.56s   0.00ns   16.56s         1 [  19.82s,   19.82s]   19.82s   0.00ns   19.82s

Search stats    Bools  Conflicts  Branches  Restarts  BacktrackToRoot  Backtrack  BoolPropag  IntegerPropag
       'main':  3'789      3'246   785'476        25           48'083     79'735  12'422'345     20'813'549

SAT formula    Fixed  Equiv  Total  VarLeft  BinaryClauses  PermanentClauses  TemporaryClauses
      'main':    362    142  3'789    3'285         45'832             1'435             1'537

SAT stats    ClassicMinim  LitRemoved  LitRemovedBinary  LitLearned  LitForgotten  Subsumed
    'main':         1'948      17'992            77'036     242'978             0       859

Vivification    Clauses  Decisions  LitTrue  Subsumed  LitRemoved  DecisionReused  Conflicts
       'main':   21'971    716'682        0     1'188      15'925          23'921        210

Clause deletion    at_true  l_and_not(l)  to_binary  sub_conflict  sub_extra  sub_decisions  sub_eager  sub_vivify  sub_probing  sub_inpro  blocked  eliminated  forgotten  promoted  conflicts
          'main':       39            49         80           798         12             36         61       1'188          109         62        0           0          0     4'862      3'246

Lp stats    Component  Iterations  AddedCuts  OPTIMAL  DUAL_F.  DUAL_U.
   'main':          1      73'237      6'698       96    4'811    1'617

Lp dimension        Final dimension of first component
       'main':  3281 rows, 4131 columns, 48940 entries

Lp debug    CutPropag  CutEqPropag  Adjust  Overflow      Bad  BadScaling
   'main':          1            9   1'612         0  167'250           0

Lp pool    Constraints  Updates  Simplif  Merged  Shortened  Split  Strengthened     Cuts/Call
  'main':       11'505      968    4'320       3      4'131      9           164  6'698/10'587

Lp Cut             main
          CG_FF:    154
           CG_K:     68
          CG_KL:     27
           CG_R:    220
          CG_RB:     37
         CG_RBP:     19
         Clique:    306
             IB:  1'498
       MIR_1_FF:     77
        MIR_1_K:      5
       MIR_1_KL:      9
        MIR_1_R:     42
       MIR_1_RB:      7
      MIR_1_RLT:    594
       MIR_2_FF:    119
        MIR_2_K:     13
       MIR_2_KL:     12
        MIR_2_R:     66
       MIR_2_RB:     30
       MIR_3_FF:    202
        MIR_3_K:      4
       MIR_3_KL:     90
        MIR_3_R:     87
       MIR_3_RB:     10
      MIR_3_RBP:      1
       MIR_4_FF:    201
        MIR_4_K:      7
       MIR_4_KL:     17
        MIR_4_R:     70
       MIR_4_RB:      5
       MIR_5_FF:     94
        MIR_5_K:      5
       MIR_5_KL:      5
        MIR_5_R:     44
       MIR_5_RB:      2
       MIR_6_FF:     72
        MIR_6_K:     10
       MIR_6_KL:      8
        MIR_6_R:     42
       MIR_6_RB:      4
      MIR_6_RBP:      1
   ZERO_HALF_FF:    664
    ZERO_HALF_K:     34
   ZERO_HALF_KL:     77
    ZERO_HALF_R:  1'636
  ZERO_HALF_RBP:      3

Solution repositories    Added  Queried  Synchro
    'alternative_path':      0        0        0
      'best_solutions':      0        0        0
   'fj solution hints':      0        0        0

LRAT_status: NA
CpSolverResponse summary:
status: INFEASIBLE
objective: NA
best_bound: NA
integers: 4232
booleans: 3789
conflicts: 3246
branches: 785476
propagations: 12422345
integer_propagations: 20813549
restarts: 25
lp_iterations: 73237
walltime: 17.4685
usertime: 17.4685
deterministic_time: 21.705
gap_integral: 0

{"encoding": "independent linear MIP", "engine": "CP-SAT", "status": "INFEASIBLE", "cap": 182, "project": true, "groups": false, "branch_J": null, "seconds": 17.830255350010702, "mip_script_sha256": "6492b9b6e75222d6b1e1c0ec2a555483793c300ed9913b37f77abe74836452ac"}
