
Starting CP-SAT solver v9.15.6755
Parameters: max_time_in_seconds: 420 log_search_progress: true linearization_level: 2 num_search_workers: 1

Initial satisfaction model '': (model_fingerprint: 0xab0093b2c540e5e1)
#Variables: 4'540 (4'540 primary variables)
  - 4'140 Booleans in [0,1]
  - 400 in [0,9]
#kLinear1: 2
#kLinear2: 2'222
#kLinear3: 946
#kLinearN: 5'146 (#terms: 232'401)

Starting presolve at 0.01s
  4.75e-03s  0.00e+00d  [DetectDominanceRelations] 
  4.47e-02s  0.00e+00d  [PresolveToFixPoint] #num_loops=3 #num_dual_strengthening=2 
  6.78e-05s  0.00e+00d  [ExtractEncodingFromLinear] #potential_supersets=1'846 
  3.52e-03s  0.00e+00d  [DetectDuplicateColumns] 
  2.07e-04s  0.00e+00d  [DetectDuplicateConstraints] #duplicates=14 
[Symmetry] Graph for symmetry has 18'167 nodes and 244'994 arcs.
[Symmetry] Symmetry computation done. time: 0.0038515 dtime: 0.0183457
[Symmetry] #generators: 46, average support size: 2
[Symmetry] 42 orbits on 88 variables with sizes: 3,3,3,3,2,2,2,2,2,2,...
[Symmetry] Num fixable by intersecting at_most_one with orbits: 1 largest_orbit: 3
[Symmetry] Found orbitope of size 1 x 2
[SAT presolve] num removable Booleans: 0 / 4'126
[SAT presolve] num trivial clauses: 0
[SAT presolve] [0s] clauses:4'809 literals:89'555 vars:4'125 one_side_vars:3561 simple_definition:51 singleton_clauses:0
[SAT presolve] [0.000321018s] clauses:4'809 literals:89'555 vars:4'125 one_side_vars:3561 simple_definition:51 singleton_clauses:0
[SAT presolve] [0.000493216s] clauses:4'809 literals:89'555 vars:4'125 one_side_vars:3561 simple_definition:51 singleton_clauses:0
  2.76e-04s  0.00e+00d  [DetectDuplicateConstraintsWithDifferentEnforcements] 
  1.19e+00s  1.07e+00d *[Probe] #probed=8'222 #fixed_bools=42 #equiv=196 #new_binary_clauses=321'782 
  4.58e-02s  4.37e-01d  [MaxClique] Merged 3'635 constraints with 28'773 literals into 2'426 constraints with 27'328 literals
  5.19e-03s  0.00e+00d  [DetectDominanceRelations] 
  4.50e-03s  0.00e+00d  [DetectDominanceRelations] 
  2.44e-02s  0.00e+00d  [PresolveToFixPoint] #num_loops=2 #num_dual_strengthening=2 
  1.02e-02s  0.00e+00d  [ProcessAtMostOneAndLinear] #num_changes=22 
  1.87e-04s  0.00e+00d  [DetectDuplicateConstraints] #duplicates=48 
  1.45e-04s  0.00e+00d  [DetectDuplicateConstraintsWithDifferentEnforcements] 
  1.92e-03s  1.56e-03d  [DetectDominatedLinearConstraints] #relevant_constraints=1'189 #num_inclusions=406 #num_redundant=3 
  2.06e-04s  0.00e+00d  [DetectDifferentVariables] 
  4.06e-03s  7.47e-04d  [ProcessSetPPC] #relevant_constraints=6'194 #num_inclusions=1'656 
  3.91e-04s  2.65e-04d  [TransformClausesToExactlyOne] #num_amos=662 #num_clauses=1'113 #num_checked=1'113 
  5.67e-05s  0.00e+00d  [DetectEncodedComplexDomains] 
  4.82e-05s  0.00e+00d  [FindAlmostIdenticalLinearConstraints] 
  7.37e-02s  2.67e-01d  [FindBigAtMostOneAndLinearOverlap] #blocks=194 #saved_nz=29'734 
  2.61e-02s  3.08e-02d  [FindBigVerticalLinearOverlap] #blocks=635 #saved_nz=66'089 
  1.34e-03s  7.93e-03d  [FindBigHorizontalLinearOverlap] #blocks=1 #saved_nz=172 #linears=1'319 
  7.36e-04s  2.55e-04d  [MergeClauses] #num_collisions=338 #num_merges=338 #num_saved_literals=2'826 
  3.31e-03s  0.00e+00d  [DetectDominanceRelations] 
  2.82e-03s  0.00e+00d  [DetectDominanceRelations] 
  1.68e-02s  0.00e+00d  [PresolveToFixPoint] #num_loops=6 #num_dual_strengthening=3 
  2.84e-03s  0.00e+00d  [DetectDominanceRelations] 
  8.20e-03s  0.00e+00d  [PresolveToFixPoint] #num_loops=1 #num_dual_strengthening=1 
  9.11e-04s  0.00e+00d  [DetectDuplicateColumns] 
  1.23e-04s  0.00e+00d  [DetectDuplicateConstraints] #duplicates=10 
[Symmetry] Graph for symmetry has 16'012 nodes and 106'934 arcs.
[Symmetry] Symmetry computation done. time: 0.00205165 dtime: 0.0076066
[SAT presolve] num removable Booleans: 0 / 3'622
[SAT presolve] num trivial clauses: 0
[SAT presolve] [0s] clauses:1'476 literals:51'719 vars:2'615 one_side_vars:2479 simple_definition:136 singleton_clauses:0
[SAT presolve] [0.000118619s] clauses:1'476 literals:51'719 vars:2'615 one_side_vars:2479 simple_definition:136 singleton_clauses:0
[SAT presolve] [0.00027204s] clauses:1'476 literals:51'719 vars:2'615 one_side_vars:2479 simple_definition:136 singleton_clauses:0
  2.15e-04s  0.00e+00d  [DetectDuplicateConstraintsWithDifferentEnforcements] 
  4.00e-01s  3.95e-01d  [Probe] #probed=9'632 #new_bounds=235 #equiv=2 #new_binary_clauses=208'248 
  1.62e-02s  1.29e-01d  [MaxClique] Merged 1'147 constraints with 6'837 literals into 939 constraints with 6'534 literals
  3.40e-03s  0.00e+00d  [DetectDominanceRelations] 
  2.81e-03s  0.00e+00d  [DetectDominanceRelations] 
  1.50e-02s  0.00e+00d  [PresolveToFixPoint] #num_loops=3 #num_dual_strengthening=2 
  2.55e-03s  0.00e+00d  [ProcessAtMostOneAndLinear] 
  1.38e-04s  0.00e+00d  [DetectDuplicateConstraints] #duplicates=4 
  1.22e-04s  0.00e+00d  [DetectDuplicateConstraintsWithDifferentEnforcements] 
  4.54e-04s  9.51e-05d  [DetectDominatedLinearConstraints] #relevant_constraints=1'600 #num_inclusions=53 
  1.36e-04s  0.00e+00d  [DetectDifferentVariables] 
  2.32e-03s  6.95e-04d  [ProcessSetPPC] #relevant_constraints=4'822 #num_inclusions=1'765 
  4.77e-04s  2.65e-04d  [TransformClausesToExactlyOne] #num_amos=941 #num_clauses=1'113 #num_checked=1'113 
  6.47e-05s  0.00e+00d  [DetectEncodedComplexDomains] 
  9.91e-05s  3.60e-07d  [FindAlmostIdenticalLinearConstraints] #num_tested_pairs=18 
  4.12e-03s  1.14e-02d  [FindBigAtMostOneAndLinearOverlap] #blocks=2 #saved_nz=233 
  3.86e-03s  9.59e-03d  [FindBigVerticalLinearOverlap] #blocks=32 #saved_nz=1'478 
  1.31e-03s  7.89e-03d  [FindBigHorizontalLinearOverlap] #blocks=1 #saved_nz=159 #linears=1'338 
  6.94e-04s  2.55e-04d  [MergeClauses] #num_collisions=334 #num_merges=334 #num_saved_literals=2'206 
  2.80e-03s  0.00e+00d  [DetectDominanceRelations] 
  9.15e-03s  0.00e+00d  [PresolveToFixPoint] #num_loops=2 #num_dual_strengthening=1 
  2.78e-03s  0.00e+00d  [DetectDominanceRelations] 
  7.94e-03s  0.00e+00d  [PresolveToFixPoint] #num_loops=1 #num_dual_strengthening=1 
  9.08e-04s  0.00e+00d  [DetectDuplicateColumns] 
  1.33e-04s  0.00e+00d  [DetectDuplicateConstraints] #duplicates=6 
[Symmetry] Graph for symmetry has 15'411 nodes and 103'707 arcs.
[Symmetry] Symmetry computation done. time: 0.00198853 dtime: 0.00739857
[Symmetry] #generators: 32, average support size: 2
[Symmetry] 2 orbits on 34 variables with sizes: 17,17
[Symmetry] Num fixable by binary propagation in orbit: 16 / 17
[Symmetry] Found orbitope of size 1 x 17
[SAT presolve] num removable Booleans: 0 / 3'588
[SAT presolve] num trivial clauses: 0
[SAT presolve] [0s] clauses:1'379 literals:51'454 vars:2'558 one_side_vars:2421 simple_definition:137 singleton_clauses:0
[SAT presolve] [0.000113069s] clauses:1'379 literals:51'454 vars:2'558 one_side_vars:2421 simple_definition:137 singleton_clauses:0
[SAT presolve] [0.000263517s] clauses:1'379 literals:51'454 vars:2'558 one_side_vars:2421 simple_definition:137 singleton_clauses:0
  2.34e-04s  0.00e+00d  [DetectDuplicateConstraintsWithDifferentEnforcements] 
  3.14e-01s  3.46e-01d  [Probe] #probed=9'606 #new_bounds=35 #equiv=8 #new_binary_clauses=217'595 
  1.43e-02s  1.08e-01d  [MaxClique] Merged 939 constraints with 6'095 literals into 923 constraints with 6'031 literals
  3.33e-03s  0.00e+00d  [DetectDominanceRelations] 
  2.77e-03s  0.00e+00d  [DetectDominanceRelations] 
  1.33e-02s  0.00e+00d  [PresolveToFixPoint] #num_loops=3 #num_dual_strengthening=2 
  2.48e-03s  0.00e+00d  [ProcessAtMostOneAndLinear] #num_changes=1 
  1.47e-04s  0.00e+00d  [DetectDuplicateConstraints] #duplicates=18 
  1.29e-04s  0.00e+00d  [DetectDuplicateConstraintsWithDifferentEnforcements] 
  4.60e-04s  8.39e-05d  [DetectDominatedLinearConstraints] #relevant_constraints=1'619 #num_inclusions=83 
  1.41e-04s  0.00e+00d  [DetectDifferentVariables] 
  2.35e-03s  6.90e-04d  [ProcessSetPPC] #relevant_constraints=4'799 #num_inclusions=1'764 
  5.15e-04s  2.65e-04d  [TransformClausesToExactlyOne] #num_amos=909 #num_clauses=1'113 #num_checked=1'113 
  8.05e-05s  0.00e+00d  [DetectEncodedComplexDomains] 
  1.26e-04s  5.10e-07d  [FindAlmostIdenticalLinearConstraints] #num_tested_pairs=25 #found=2 
  3.75e-03s  9.45e-03d  [FindBigAtMostOneAndLinearOverlap] 
  3.44e-03s  8.36e-03d  [FindBigVerticalLinearOverlap] #blocks=12 #saved_nz=567 
  1.61e-03s  1.01e-02d  [FindBigHorizontalLinearOverlap] #linears=1'343 
  7.77e-04s  2.55e-04d  [MergeClauses] #num_collisions=334 #num_merges=334 #num_saved_literals=2'206 
  2.83e-03s  0.00e+00d  [DetectDominanceRelations] 
  8.73e-03s  0.00e+00d  [PresolveToFixPoint] #num_loops=2 #num_dual_strengthening=1 
  5.20e-05s  0.00e+00d  [MergeNoOverlap] 
  4.96e-05s  0.00e+00d  [MergeNoOverlap2D] 

Presolve summary:
  - 229 affine relations were detected.
  - rule 'TODO dual: add implied bound' was applied 220 times.
  - rule 'TODO dual: only one blocking constraint?' was applied 22'854 times.
  - rule 'TODO dual: only one blocking enforced constraint?' was applied 220 times.
  - rule 'TODO dual: tighten at most one' was applied 6'430 times.
  - rule 'TODO linear matrix: reuse defining constraint' was applied 1 time.
  - rule 'TODO linear matrix: reuse exo constraint' was applied 10 times.
  - rule 'TODO linear2: contains a boolean' was applied 4 times.
  - rule 'TODO linear2: convert ax + by != cte to clauses for large domains' was applied 8 times.
  - rule 'affine: new relation' was applied 229 times.
  - rule 'at_most_one: removed literals' was applied 153 times.
  - rule 'at_most_one: resolved two constraints with opposite literal' was applied 115 times.
  - rule 'at_most_one: size one' was applied 70 times.
  - rule 'at_most_one: transformed into max clique' was applied 3 times.
  - rule 'at_most_one: x and not(x)' was applied 115 times.
  - rule 'bool_and: x => x' was applied 22 times.
  - rule 'bool_or: always true' was applied 151 times.
  - rule 'bool_or: fixed literals' was applied 39 times.
  - rule 'bool_or: implications' was applied 1'887 times.
  - rule 'deductions: 415 stored' was applied 1 time.
  - rule 'domination: fixed to lb.' was applied 1 time.
  - rule 'domination: in at most one' was applied 3 times.
  - rule 'domination: in exactly one' was applied 83 times.
  - rule 'domination: in implication' was applied 2 times.
  - rule 'dual: add implication' was applied 40 times.
  - rule 'dual: enforced equivalence' was applied 12 times.
  - rule 'dual: fix variable' was applied 2 times.
  - rule 'duplicate: merged rhs of linear constraint' was applied 7 times.
  - rule 'duplicate: removed constraint' was applied 100 times.
  - rule 'enforcement: false literal' was applied 2 times.
  - rule 'exactly_one: removed literals' was applied 504 times.
  - rule 'exactly_one: singleton' was applied 497 times.
  - rule 'exactly_one: size two' was applied 9 times.
  - rule 'linear + amo: extracted enforcement literal' was applied 94 times.
  - rule 'linear + amo: fixed literal implied by enforcement' was applied 17 times.
  - rule 'linear + amo: simplified enforcement list' was applied 20 times.
  - rule 'linear + amo: trivial linear constraint' was applied 2 times.
  - rule 'linear inclusion: sparsify superset' was applied 3 times.
  - rule 'linear matrix: common amo rectangle' was applied 196 times.
  - rule 'linear matrix: common horizontal rectangle' was applied 2 times.
  - rule 'linear matrix: common vertical rectangle' was applied 679 times.
  - rule 'linear2: contains a boolean' was applied 400 times.
  - rule 'linear2: convert ax + by != cte to clauses' was applied 1'821 times.
  - rule 'linear: advanced affine relation from 2 constraints' was applied 2 times.
  - rule 'linear: advanced coefficient strenghtening' was applied 6 times.
  - rule 'linear: all booleans and trivially true' was applied 2 times.
  - rule 'linear: always true' was applied 21 times.
  - rule 'linear: divide by GCD' was applied 2 times.
  - rule 'linear: extracted at most one (max)' was applied 1 time.
  - rule 'linear: extracted enforcement literal' was applied 380 times.
  - rule 'linear: fixed or dup variables' was applied 95 times.
  - rule 'linear: negative at most one' was applied 136 times.
  - rule 'linear: negative clause' was applied 1'313 times.
  - rule 'linear: negative reified and' was applied 2 times.
  - rule 'linear: positive at most one' was applied 1'712 times.
  - rule 'linear: positive clause' was applied 1'711 times.
  - rule 'linear: positive equal one' was applied 210 times.
  - rule 'linear: reduced variable domains' was applied 64 times.
  - rule 'linear: reduced variable domains in derived constraint' was applied 17 times.
  - rule 'linear: remapped using affine relations' was applied 416 times.
  - rule 'linear: variable substitution 1' was applied 1 time.
  - rule 'linear: variable substitution 2' was applied 18 times.
  - rule 'linear: variable substitution 3' was applied 8 times.
  - rule 'new_bool: with clause' was applied 196 times.
  - rule 'presolve: 152 unused variables removed.' was applied 1 time.
  - rule 'presolve: iteration' was applied 3 times.
  - rule 'probing: bool_or reduced to implication' was applied 215 times.
  - rule 'probing: simplified clauses' was applied 1'165 times.
  - rule 'setppc: bool_or in at_most_one' was applied 1'649 times.
  - rule 'setppc: exactly_one included in linear' was applied 4 times.
  - rule 'setppc: reduced linear coefficients' was applied 4 times.
  - rule 'setppc: removed dominated constraints' was applied 1 time.
  - rule 'symmetry: fixed all but one to false in orbitope row' was applied 2 times.
  - rule 'variables: detect half reified value encoding' was applied 401 times.

Presolved satisfaction model '': (model_fingerprint: 0x74e9185f52642d51)
#Variables: 4'397 (3'041 primary variables)
  - 3'555 Booleans in [0,1]
  - 102 in [0,2]
  - 105 in [0,3]
  - 75 in [0,4]
  - 54 in [0,5]
  - 11 in [0,6]
  - 13 in [0,7]
  - 15 in [0,8]
  - 400 in [0,9]
  - 61 in [0,10]
  - 1 in [0,14]
  - 1 in [0,16]
  - 2 in [0,19]
  - 1 in [0,39]
  - 1 in [0,46]
#kAtMostOne: 641 (#literals: 5'419)
#kBoolAnd: 198 (#enforced: 198) (#literals: 468)
#kBoolAndClauses: 332 (#enforced: 332 #multi: 332) (#literals: 2'868)
#kBoolOr: 447 (#literals: 45'848)
#kExactlyOne: 1'431 (#literals: 19'981)
#kLinear1: 401 (#enforced: 401)
#kLinear3: 131
#kLinearN: 1'497 (#enforced: 394 #multi: 6) (#terms: 21'606)
[Symmetry] Graph for symmetry has 14'380 nodes and 102'953 arcs.
[Symmetry] Symmetry computation done. time: 0.00193525 dtime: 0.00718121

Preloading model.

Starting search at 2.35s with 1 workers.
1 full problem subsolver: [main]

[Encoding] 0 literals associated to VAR >= value, and 401 half-associations.
[Encoding] num_partially_encoded_variables:401
[Precedences] num_relations=0 num_clauses=2544
[Probing] deterministic_time: 0.280981 (limit: 1) wall_time: 0.324513 (3956/3956)
[Probing]  - new binary clause: 217'120
[Encoding] num_element_encoding: 6
[ElementLinearRelaxation] #from_exactly_one:6
[EncodingLinearRelaxation] #tight_equality:0 #loose_equality:0 #inequality:401
[LinearRelaxationBeforeCliqueExpansion] #linear:5369 #at_most_ones:911
[FinalLinearRelaxation] #linear:5474 #cut_generators:0
Initial num_bool: 3956

Starting subsolver 'main' hint search at 2.80s
Starting subsolver 'main' search at 2.80s
#Done  168.35s main

Task timing           n [     min,      max]      avg      dev     time         n [     min,      max]      avg      dev    dtime
      'main':         1 [   2.77m,    2.77m]    2.77m   0.00ns    2.77m         1 [   4.21m,    4.21m]    4.21m   0.00ns    4.21m

Search stats    Bools  Conflicts   Branches  Restarts  BacktrackToRoot  Backtrack   BoolPropag  IntegerPropag
       'main':  3'956     14'062  5'866'812        99          304'035    546'669  127'886'513    207'810'492

SAT formula    Fixed  Equiv  Total  VarLeft  BinaryClauses  PermanentClauses  TemporaryClauses
      'main':      0      1  3'956    3'955         71'304             1'978             6'628

SAT stats    ClassicMinim  LitRemoved  LitRemovedBinary  LitLearned  LitForgotten  Subsumed
    'main':        11'003     160'466           371'664   2'689'835       858'876     2'762

Vivification    Clauses  Decisions  LitTrue  Subsumed  LitRemoved  DecisionReused  Conflicts
       'main':  176'965  5'453'745        0     1'144       9'837         178'862         47

Clause deletion    at_true  l_and_not(l)  to_binary  sub_conflict  sub_extra  sub_decisions  sub_eager  sub_vivify  sub_probing  sub_inpro  blocked  eliminated  forgotten  promoted  conflicts
          'main':        0             0          0         2'628         70              7        134       1'144            9          1        0           0      3'999    27'130     14'062

Lp stats    Component  Iterations  AddedCuts  OPTIMAL  DUAL_F.  DUAL_U.
   'main':          1     461'525     17'044      202   28'664   10'103

Lp dimension         Final dimension of first component
       'main':  6239 rows, 4398 columns, 152283 entries

Lp debug    CutPropag  CutEqPropag  Adjust  Overflow      Bad  BadScaling
   'main':          1           13  10'091         0  619'571           0

Lp pool    Constraints  Updates  Simplif  Merged  Shortened  Split  Strengthened      Cuts/Call
  'main':       14'516    4'832        0       0          0      8           266  17'044/29'189

Lp Cut             main
          CG_FF:    237
           CG_K:     91
          CG_KL:     46
           CG_R:    373
          CG_RB:    107
         CG_RBP:     56
         Clique:    638
             IB:  2'674
       MIR_1_FF:    200
        MIR_1_K:     50
       MIR_1_KL:     38
        MIR_1_R:     50
       MIR_1_RB:     12
      MIR_1_RBP:      5
      MIR_1_RLT:    701
       MIR_2_FF:    198
        MIR_2_K:     73
       MIR_2_KL:     41
        MIR_2_R:    123
       MIR_2_RB:    132
      MIR_2_RBP:     13
       MIR_3_FF:    354
        MIR_3_K:     63
       MIR_3_KL:    150
        MIR_3_R:    115
       MIR_3_RB:     75
      MIR_3_RBP:      9
       MIR_4_FF:    306
        MIR_4_K:     33
       MIR_4_KL:     33
        MIR_4_R:     88
       MIR_4_RB:     52
      MIR_4_RBP:      9
       MIR_5_FF:    151
        MIR_5_K:     24
       MIR_5_KL:     20
        MIR_5_R:     66
       MIR_5_RB:     23
      MIR_5_RBP:     10
       MIR_6_FF:     77
        MIR_6_K:     17
       MIR_6_KL:      4
        MIR_6_R:     64
       MIR_6_RB:     15
      MIR_6_RBP:      5
   ZERO_HALF_FF:  1'592
    ZERO_HALF_K:     96
   ZERO_HALF_KL:    166
    ZERO_HALF_R:  7'474
   ZERO_HALF_RB:     35
  ZERO_HALF_RBP:     60

Solution repositories    Added  Queried  Synchro
    'alternative_path':      0        0        0
      'best_solutions':      0        0        0
   'fj solution hints':      0        0        0

LRAT_status: NA
CpSolverResponse summary:
status: INFEASIBLE
objective: NA
best_bound: NA
integers: 4509
booleans: 3956
conflicts: 14062
branches: 5866812
propagations: 127886513
integer_propagations: 207810492
restarts: 99
lp_iterations: 461525
walltime: 168.352
usertime: 168.352
deterministic_time: 255.498
gap_integral: 0

{"encoding": "independent linear MIP", "engine": "CP-SAT", "status": "INFEASIBLE", "cap": 184, "project": true, "groups": false, "branch_J": null, "seconds": 168.76664085499942, "mip_script_sha256": "3cd4239dfbd3c690b0d594e983975092454c8e0ffbc0f5274fdcd0d1ea4fa613"}
