BUILT 1945 units (6053, 4540) matrix 156274 nonzeros
Running HiGHS 1.12.0 (git hash: 4f96ee8f4): Copyright (c) 2025 HiGHS under MIT licence terms
MIP has 6053 rows; 4540 cols; 156274 nonzeros; 2427 integer variables (2427 binary)
Coefficient ranges:
  Matrix  [1e+00, 1e+01]
  Cost    [1e+00, 9e+00]
  Bound   [1e+00, 9e+00]
  RHS     [1e+00, 1e+02]
Presolving model
5867 rows, 4124 cols, 148638 nonzeros  0s
4411 rows, 3943 cols, 147268 nonzeros  0s
4411 rows, 3943 cols, 147263 nonzeros  0s
Presolve reductions: rows 4411(-1642); columns 3943(-597); nonzeros 147263(-9011) 
Objective function is integral with scale 1

Solving MIP model with:
   4411 rows
   3943 cols (2192 binary, 0 integer, 1351 implied int., 400 continuous, 0 domain fixed)
   147263 nonzeros

Src: B => Branching; C => Central rounding; F => Feasibility pump; H => Heuristic;
     I => Shifting; J => Feasibility jump; L => Sub-MIP; P => Empty MIP; R => Randomized rounding;
     S => Solve LP; T => Evaluate node; U => Unbounded; X => User solution; Y => HiGHS solution;
     Z => ZI Round; l => Trivial lower; p => Trivial point; u => Trivial upper; z => Trivial zero

        Nodes      |    B&B Tree     |            Objective Bounds              |  Dynamic Constraints |       Work      
Src  Proc. InQueue |  Leaves   Expl. | BestBound       BestSol              Gap |   Cuts   InLp Confl. | LpIters     Time

         0       0         0   0.00%   -276            inf                  inf        0      0      0         0     0.6s
         0       0         0   0.00%   -116.0498907    inf                  inf        0      0      2      2277     0.8s
         1       0         1 100.00%   inf             inf                  inf      604     13      2      2857     1.1s

Solving report
  Status            Infeasible
  Primal bound      inf
  Dual bound        inf
  Gap               inf
  P-D integral      0
  Solution status   -
  Timing            1.06
  Max sub-MIP depth 0
  Nodes             1
  Repair LPs        0
  LP iterations     2857
                    0 (strong br.)
                    551 (separation)
                    0 (heuristics)
{"solver": "SciPy HiGHS", "version": "1.18.1", "status": 2, "message": "The problem is infeasible. (HiGHS Status 8: model_status is Infeasible; primal_status is None)", "seconds": 1.326961525992374, "build_seconds": 0.2486223829910159, "branch_J": 0, "strip": false, "project": true, "groups": false, "cap": 182, "domain_count": 1945, "domain_sha256": "c81dd334a701d2081a38484316ce473ed3d4f91b9d1aed2af0146a31e6359caf", "matrix_sha256": "9a00123ef2a8a0c85d113f1810a5c7d7ca2fc2bfc9186c5410fe39e97fe91465", "script_sha256": "6492b9b6e75222d6b1e1c0ec2a555483793c300ed9913b37f77abe74836452ac"}
