BUILT 1945 units (6052, 4540) matrix 156103 nonzeros
Running HiGHS 1.12.0 (git hash: 4f96ee8f4): Copyright (c) 2025 HiGHS under MIT licence terms
MIP has 6052 rows; 4540 cols; 156103 nonzeros; 2427 integer variables (2427 binary)
Coefficient ranges:
  Matrix  [1e+00, 1e+01]
  Cost    [1e+00, 9e+00]
  Bound   [1e+00, 9e+00]
  RHS     [1e+00, 1e+02]
Presolving model
6019 rows, 4527 cols, 155993 nonzeros  0s
4640 rows, 4264 cols, 155784 nonzeros  0s
4638 rows, 4261 cols, 155715 nonzeros  0s
Presolve reductions: rows 4638(-1414); columns 4261(-279); nonzeros 155715(-388) 
Objective function is integral with scale 1

Solving MIP model with:
   4638 rows
   4261 cols (2407 binary, 0 integer, 1454 implied int., 400 continuous, 0 domain fixed)
   155715 nonzeros

Src: B => Branching; C => Central rounding; F => Feasibility pump; H => Heuristic;
     I => Shifting; J => Feasibility jump; L => Sub-MIP; P => Empty MIP; R => Randomized rounding;
     S => Solve LP; T => Evaluate node; U => Unbounded; X => User solution; Y => HiGHS solution;
     Z => ZI Round; l => Trivial lower; p => Trivial point; u => Trivial upper; z => Trivial zero

        Nodes      |    B&B Tree     |            Objective Bounds              |  Dynamic Constraints |       Work      
Src  Proc. InQueue |  Leaves   Expl. | BestBound       BestSol              Gap |   Cuts   InLp Confl. | LpIters     Time

         0       0         0   0.00%   -346            inf                  inf        0      0      0         0     0.7s
         0       0         0   0.00%   -118.8181818    inf                  inf        0      0      4      1793     0.9s
         1       0         1 100.00%   inf             inf                  inf     2016     29     15      6423     2.2s

Solving report
  Status            Infeasible
  Primal bound      inf
  Dual bound        inf
  Gap               inf
  P-D integral      0
  Solution status   -
  Timing            2.17
  Max sub-MIP depth 0
  Nodes             1
  Repair LPs        0
  LP iterations     6423
                    0 (strong br.)
                    4630 (separation)
                    0 (heuristics)
{"solver": "SciPy HiGHS", "version": "1.18.1", "status": 2, "message": "The problem is infeasible. (HiGHS Status 8: model_status is Infeasible; primal_status is None)", "seconds": 2.436787901009666, "build_seconds": 0.24801070601097308, "branch_J": null, "strip": false, "project": true, "groups": false, "cap": 180, "domain_count": 1945, "domain_sha256": "c81dd334a701d2081a38484316ce473ed3d4f91b9d1aed2af0146a31e6359caf", "matrix_sha256": "2457d87331ba5eb50afc59a0867df85c9301400c24737f7dcf2cc9282b65b38a", "script_sha256": "6492b9b6e75222d6b1e1c0ec2a555483793c300ed9913b37f77abe74836452ac"}
