BUILT 3970 units 8323 variables 8004 constraints

Starting CP-SAT solver v9.15.6755
Parameters: random_seed: 72 max_time_in_seconds: 240 log_search_progress: true num_search_workers: 2

Initial optimization model '': (model_fingerprint: 0xf2ca87904b48f0e7)
#Variables: 8'323 (#bools: 746 in objective) (5'311 primary variables)
  - 7'920 Booleans in [0,1]
  - 400 in [0,9]
  - 2 in [0,23]
  - 1 constants in {1} 
#kBoolOr: 96 (#enforced: 96) (#literals: 96)
#kLinear1: 1'506 (#enforced: 1'504)
#kLinear2: 797 (#enforced: 2 #multi: 2)
#kLinear3: 140 (#enforced: 3 #multi: 3)
#kLinearN: 5'464 (#enforced: 1'067 #multi: 267) (#terms: 161'962)
#kTable: 1

Starting presolve at 0.01s
  4.02e-03s  0.00e+00d  [DetectDominanceRelations] 
  3.40e-02s  0.00e+00d  [PresolveToFixPoint] #num_loops=3 #num_dual_strengthening=2 
  9.28e-05s  0.00e+00d  [ExtractEncodingFromLinear] #potential_supersets=3'584 
  3.24e-03s  0.00e+00d  [DetectDuplicateColumns] 
  2.80e-04s  0.00e+00d  [DetectDuplicateConstraints] #duplicates=3 
[Symmetry] Graph for symmetry has 19'917 nodes and 170'589 arcs.
[Symmetry] Symmetry computation done. time: 0.00333853 dtime: 0.0143195
[Symmetry] #generators: 8, average support size: 2
[Symmetry] 4 orbits on 12 variables with sizes: 3,3,3,3
[Symmetry] Found orbitope of size 1 x 3
[SAT presolve] num removable Booleans: 0 / 5'388
[SAT presolve] num trivial clauses: 0
[SAT presolve] [0s] clauses:3'069 literals:65'345 vars:3'089 one_side_vars:2942 simple_definition:144 singleton_clauses:0
[SAT presolve] [0.00022655s] clauses:3'069 literals:65'345 vars:3'089 one_side_vars:2942 simple_definition:144 singleton_clauses:0
[SAT presolve] [0.000434518s] clauses:3'069 literals:65'345 vars:3'089 one_side_vars:2942 simple_definition:144 singleton_clauses:0
  3.16e-04s  0.00e+00d  [DetectDuplicateConstraintsWithDifferentEnforcements] 
  1.30e+00s  1.06e+00d *[Probe] #probed=7'591 #fixed_bools=39 #equiv=39 #new_binary_clauses=294'360 
  1.33e-02s  1.02e-01d  [MaxClique] Merged 4'367 constraints with 16'332 literals into 2'885 constraints with 14'069 literals
  5.22e-03s  0.00e+00d  [DetectDominanceRelations] 
  3.52e-03s  0.00e+00d  [DetectDominanceRelations] 
  1.94e-02s  0.00e+00d  [PresolveToFixPoint] #num_loops=2 #num_dual_strengthening=2 
  1.39e-02s  0.00e+00d  [ProcessAtMostOneAndLinear] #num_changes=421 
  2.47e-04s  0.00e+00d  [DetectDuplicateConstraints] #duplicates=2 
  1.96e-04s  0.00e+00d  [DetectDuplicateConstraintsWithDifferentEnforcements] 
  6.01e-04s  5.58e-04d  [DetectDominatedLinearConstraints] #relevant_constraints=775 
  1.13e-04s  0.00e+00d  [DetectDifferentVariables] 
  2.89e-03s  7.76e-03d  [ProcessSetPPC] #relevant_constraints=5'649 #num_inclusions=5'898 
  7.21e-04s  2.70e-04d  [TransformClausesToExactlyOne] #num_amos=2'795 #num_clauses=1'125 #num_checked=1'125 
  6.23e-05s  0.00e+00d  [DetectEncodedComplexDomains] 
  4.59e-05s  0.00e+00d  [FindAlmostIdenticalLinearConstraints] 
  4.65e-02s  2.21e-01d  [FindBigAtMostOneAndLinearOverlap] #blocks=18 #saved_nz=2'740 
  3.28e-02s  6.67e-02d  [FindBigVerticalLinearOverlap] #blocks=502 #saved_nz=29'401 
  2.71e-03s  1.85e-02d  [FindBigHorizontalLinearOverlap] #linears=965 
  7.69e-04s  2.58e-04d  [MergeClauses] #num_collisions=342 #num_merges=342 #num_saved_literals=3'160 
  3.77e-03s  0.00e+00d  [DetectDominanceRelations] 
  3.81e-03s  0.00e+00d  [DetectDominanceRelations] 
  1.75e-02s  0.00e+00d  [PresolveToFixPoint] #num_loops=5 #num_dual_strengthening=3 
  3.79e-03s  0.00e+00d  [DetectDominanceRelations] 
  8.92e-03s  0.00e+00d  [PresolveToFixPoint] #num_loops=1 #num_dual_strengthening=1 
  1.01e-03s  0.00e+00d  [DetectDuplicateColumns] 
  2.41e-04s  0.00e+00d  [DetectDuplicateConstraints] #duplicates=10 
[Symmetry] Graph for symmetry has 19'537 nodes and 111'054 arcs.
[Symmetry] Symmetry computation done. time: 0.00239963 dtime: 0.00907004
[Symmetry] #generators: 6, average support size: 2
[Symmetry] 5 orbits on 11 variables with sizes: 3,2,2,2,2
[Symmetry] Found orbitope of size 1 x 2
[SAT presolve] num removable Booleans: 0 / 4'968
[SAT presolve] num trivial clauses: 0
[SAT presolve] [0s] clauses:1'624 literals:52'664 vars:2'841 one_side_vars:2704 simple_definition:137 singleton_clauses:0
[SAT presolve] [0.000121453s] clauses:1'624 literals:52'664 vars:2'841 one_side_vars:2704 simple_definition:137 singleton_clauses:0
[SAT presolve] [0.000315127s] clauses:1'624 literals:52'664 vars:2'841 one_side_vars:2704 simple_definition:137 singleton_clauses:0
  2.90e-04s  0.00e+00d  [DetectDuplicateConstraintsWithDifferentEnforcements] #without_enforcements=2 
  4.26e-01s  4.53e-01d  [Probe] #probed=16'183 #fixed_bools=3 #new_bounds=41 #equiv=9 #new_binary_clauses=166'388 
  1.39e-02s  1.09e-01d  [MaxClique] Merged 2'965 constraints with 13'846 literals into 2'706 constraints with 13'501 literals
  3.87e-03s  0.00e+00d  [DetectDominanceRelations] 
  3.84e-03s  0.00e+00d  [DetectDominanceRelations] 
  1.51e-02s  0.00e+00d  [PresolveToFixPoint] #num_loops=3 #num_dual_strengthening=2 
  2.85e-03s  0.00e+00d  [ProcessAtMostOneAndLinear] 
  2.19e-04s  0.00e+00d  [DetectDuplicateConstraints] #duplicates=11 
  1.95e-04s  0.00e+00d  [DetectDuplicateConstraintsWithDifferentEnforcements] 
  3.38e-04s  7.95e-05d  [DetectDominatedLinearConstraints] #relevant_constraints=1'095 
  9.88e-05s  0.00e+00d  [DetectDifferentVariables] 
  2.62e-03s  3.79e-03d  [ProcessSetPPC] #relevant_constraints=5'900 #num_inclusions=3'466 
  7.37e-04s  2.65e-04d  [TransformClausesToExactlyOne] #num_amos=2'742 #num_clauses=1'117 #num_checked=1'117 
  6.80e-05s  0.00e+00d  [DetectEncodedComplexDomains] 
  9.42e-05s  8.00e-08d  [FindAlmostIdenticalLinearConstraints] #num_tested_pairs=2 
  1.09e-02s  5.54e-02d  [FindBigAtMostOneAndLinearOverlap] 
  6.50e-03s  3.65e-02d  [FindBigVerticalLinearOverlap] #blocks=11 #saved_nz=422 
  2.58e-03s  1.77e-02d  [FindBigHorizontalLinearOverlap] #linears=971 
  7.78e-04s  2.55e-04d  [MergeClauses] #num_collisions=338 #num_merges=338 #num_saved_literals=2'826 
  3.82e-03s  0.00e+00d  [DetectDominanceRelations] 
  3.84e-03s  0.00e+00d  [DetectDominanceRelations] 
  1.55e-02s  0.00e+00d  [PresolveToFixPoint] #num_loops=4 #num_dual_strengthening=3 
  3.90e-03s  0.00e+00d  [DetectDominanceRelations] 
  9.08e-03s  0.00e+00d  [PresolveToFixPoint] #num_loops=1 #num_dual_strengthening=1 
  1.06e-03s  0.00e+00d  [DetectDuplicateColumns] 
  2.70e-04s  0.00e+00d  [DetectDuplicateConstraints] #duplicates=10 
[Symmetry] Graph for symmetry has 19'267 nodes and 109'317 arcs.
[Symmetry] Symmetry computation done. time: 0.0022573 dtime: 0.00867258
[Symmetry] #generators: 6, average support size: 2
[Symmetry] 1 orbits on 7 variables with sizes: 7
[Symmetry] Found orbitope of size 1 x 7
[SAT presolve] num removable Booleans: 0 / 4'939
[SAT presolve] num trivial clauses: 0
[SAT presolve] [0s] clauses:1'402 literals:51'505 vars:2'578 one_side_vars:2444 simple_definition:134 singleton_clauses:0
[SAT presolve] [0.000136802s] clauses:1'402 literals:51'505 vars:2'578 one_side_vars:2444 simple_definition:134 singleton_clauses:0
[SAT presolve] [0.00032705s] clauses:1'402 literals:51'505 vars:2'578 one_side_vars:2444 simple_definition:134 singleton_clauses:0
  3.21e-04s  0.00e+00d  [DetectDuplicateConstraintsWithDifferentEnforcements] 
  4.13e-01s  4.42e-01d  [Probe] #probed=16'182 #new_bounds=5 #new_binary_clauses=172'583 
  1.41e-02s  1.09e-01d  [MaxClique] Merged 2'736 constraints with 13'596 literals into 2'685 constraints with 13'450 literals
  3.95e-03s  0.00e+00d  [DetectDominanceRelations] 
  3.86e-03s  0.00e+00d  [DetectDominanceRelations] 
  1.49e-02s  0.00e+00d  [PresolveToFixPoint] #num_loops=3 #num_dual_strengthening=2 
  2.83e-03s  0.00e+00d  [ProcessAtMostOneAndLinear] 
  2.78e-04s  0.00e+00d  [DetectDuplicateConstraints] #duplicates=2 
  2.09e-04s  0.00e+00d  [DetectDuplicateConstraintsWithDifferentEnforcements] 
  3.54e-04s  7.80e-05d  [DetectDominatedLinearConstraints] #relevant_constraints=1'101 
  1.12e-04s  0.00e+00d  [DetectDifferentVariables] 
  2.65e-03s  3.76e-03d  [ProcessSetPPC] #relevant_constraints=5'869 #num_inclusions=3'449 
  7.41e-04s  2.65e-04d  [TransformClausesToExactlyOne] #num_amos=2'704 #num_clauses=1'117 #num_checked=1'117 
  8.22e-05s  0.00e+00d  [DetectEncodedComplexDomains] 
  1.06e-04s  2.00e-07d  [FindAlmostIdenticalLinearConstraints] #num_tested_pairs=6 
  1.08e-02s  5.42e-02d  [FindBigAtMostOneAndLinearOverlap] 
  6.33e-03s  3.59e-02d  [FindBigVerticalLinearOverlap] #blocks=6 #saved_nz=230 
  2.62e-03s  1.77e-02d  [FindBigHorizontalLinearOverlap] #linears=972 
  7.79e-04s  2.55e-04d  [MergeClauses] #num_collisions=334 #num_merges=334 #num_saved_literals=2'206 
  3.86e-03s  0.00e+00d  [DetectDominanceRelations] 
  3.89e-03s  0.00e+00d  [DetectDominanceRelations] 
  1.45e-02s  0.00e+00d  [PresolveToFixPoint] #num_loops=3 #num_dual_strengthening=2 
  5.44e-05s  0.00e+00d  [MergeNoOverlap] 
  5.33e-05s  0.00e+00d  [MergeNoOverlap2D] 
  2.35e-03s  0.00e+00d  [ExpandObjective] #entries=479'965 #tight_variables=19'278 #tight_constraints=1'403 #expands=123 

Presolve summary:
  - 92 affine relations were detected.
  - rule 'TODO domination: unexploited dominations' was applied 6 times.
  - rule 'TODO dual: add implied bound' was applied 7'200 times.
  - rule 'TODO dual: only one blocking constraint?' was applied 48'998 times.
  - rule 'TODO dual: only one blocking enforced constraint?' was applied 11'854 times.
  - rule 'TODO linear matrix: reuse defining constraint' was applied 1 time.
  - rule 'TODO linear matrix: reuse exo constraint' was applied 1 time.
  - rule 'TODO linear1: appear in only one extra 2-var constraint' was applied 4 times.
  - rule 'affine: new relation' was applied 92 times.
  - rule 'at_most_one: removed literals' was applied 473 times.
  - rule 'at_most_one: resolved two constraints with opposite literal' was applied 126 times.
  - rule 'at_most_one: size one' was applied 55 times.
  - rule 'at_most_one: transformed into max clique' was applied 3 times.
  - rule 'bool_and: x => x' was applied 2 times.
  - rule 'bool_or: always true' was applied 96 times.
  - rule 'bool_or: fixed literals' was applied 59 times.
  - rule 'bool_or: implications' was applied 900 times.
  - rule 'bool_or: removed enforcement literal' was applied 400 times.
  - rule 'deductions: 1630 stored' was applied 1 time.
  - rule 'domination: added implications' was applied 219 times.
  - rule 'domination: fixed to lb.' was applied 264 times.
  - rule 'domination: in at most one' was applied 94 times.
  - rule 'domination: in exactly one' was applied 31 times.
  - rule 'dual: add implication' was applied 34 times.
  - rule 'dual: enforced equivalence' was applied 2 times.
  - rule 'dual: fix variable' was applied 6 times.
  - rule 'dual: make encoding equiv' was applied 96 times.
  - rule 'duplicate: merged rhs of linear constraint' was applied 1 time.
  - rule 'duplicate: removed constraint' was applied 38 times.
  - rule 'duplicate: removed enforced constraint' was applied 2 times.
  - rule 'enforcement: literal not used' was applied 6 times.
  - rule 'enforcement: removed duplicate literal' was applied 2 times.
  - rule 'exactly_one: removed literals' was applied 61 times.
  - rule 'exactly_one: singleton' was applied 12 times.
  - rule 'exactly_one: size two' was applied 38 times.
  - rule 'exactly_one: x and not(x)' was applied 39 times.
  - rule 'linear + amo: fixed literal implied by enforcement' was applied 421 times.
  - rule 'linear + amo: infeasible enforcement' was applied 4 times.
  - rule 'linear + amo: trivial linear constraint' was applied 2 times.
  - rule 'linear matrix: common amo rectangle' was applied 18 times.
  - rule 'linear matrix: common vertical rectangle' was applied 519 times.
  - rule 'linear2: convert ax + by != cte to clauses' was applied 834 times.
  - rule 'linear: always true' was applied 20 times.
  - rule 'linear: extracted at most one (max)' was applied 1 time.
  - rule 'linear: extracted enforcement literal' was applied 112 times.
  - rule 'linear: fixed or dup variables' was applied 102 times.
  - rule 'linear: negative clause' was applied 777 times.
  - rule 'linear: negative reified and' was applied 2 times.
  - rule 'linear: positive at most one' was applied 2'480 times.
  - rule 'linear: positive clause' was applied 400 times.
  - rule 'linear: positive equal one' was applied 1'266 times.
  - rule 'linear: reduced variable domains' was applied 6 times.
  - rule 'linear: reduced variable domains in derived constraint' was applied 3 times.
  - rule 'linear: remapped using affine relations' was applied 91 times.
  - rule 'linear: singleton column' was applied 2'522 times.
  - rule 'linear: variable substitution 2' was applied 12 times.
  - rule 'linear: variable substitution 3' was applied 5 times.
  - rule 'new_bool: with clause' was applied 18 times.
  - rule 'objective: expanded via tight equality' was applied 123 times.
  - rule 'objective: shifted cost with exactly ones' was applied 202 times.
  - rule 'presolve: 444 unused variables removed.' was applied 1 time.
  - rule 'presolve: iteration' was applied 3 times.
  - rule 'probing: bool_or reduced to implication' was applied 66 times.
  - rule 'probing: simplified clauses' was applied 1'153 times.
  - rule 'setppc: removed dominated constraints' was applied 109 times.
  - rule 'table: expanded positive constraint with two variables' was applied 1 time.
  - rule 'variables: detect fully reified value encoding' was applied 48 times.
  - rule 'variables: detect half reified value encoding' was applied 496 times.
  - rule 'variables: only used in value and order encodings' was applied 2 times.

Presolved optimization model '': (model_fingerprint: 0x8a67e281142ccd45)
#Variables: 5'645 (#bools: 782 in objective) (4'862 primary variables)
  - 4'905 Booleans in [0,1]
  - 193 in [0,2]
  - 86 in [0,3]
  - 17 in [0,4]
  - 4 in [0,5]
  - 12 in [0,6]
  - 4 in [0,7]
  - 4 in [0,8]
  - 402 in [0,9]
  - 7 in [0,10]
  - 3 in [0,13]
  - 2 in [0,14]
  - 2 in [0,17]
  - 1 in [0,25]
  - 1 in [0,28]
  - 1 in [0,30]
  - 1 in [0,52]
#kAtMostOne: 2'419 (#literals: 12'531)
#kBoolAnd: 209 (#enforced: 209) (#literals: 498)
#kBoolAndClauses: 332 (#enforced: 332 #multi: 332) (#literals: 2'868)
#kBoolOr: 451 (#literals: 45'838)
#kExactlyOne: 1'062 (#literals: 18'846)
#kLinear1: 400 (#enforced: 400)
#kLinear3: 82
#kLinearN: 1'025 (#enforced: 764 #multi: 254) (#terms: 21'808)
[Symmetry] Graph for symmetry has 16'012 nodes and 109'121 arcs.
[Symmetry] Symmetry computation done. time: 0.00208941 dtime: 0.00763596
[Symmetry] #generators: 39, average support size: 2
[Symmetry] 3 orbits on 42 variables with sizes: 16,15,11
[Symmetry] Found orbitope of size 1 x 16

Preloading model.
#Bound   2.57s best:inf   next:[81,296]   initial_domain
#Model   2.57s var:5645/5645 constraints:5980/5980

Starting search at 2.57s with 2 workers.
1 full problem subsolver: [default_lp]
1 first solution subsolver: [fj]
9 interleaved subsolvers: [feasibility_pump, graph_arc_lns, graph_cst_lns, graph_dec_lns, graph_var_lns, ls, rins/rens, rnd_cst_lns, rnd_var_lns]
3 helper subsolvers: [neighborhood_helper, synchronization_agent, update_gap_integral]

#Bound   3.13s best:inf   next:[87,296]   default_lp
#Bound   3.13s best:inf   next:[99,296]   default_lp
#Bound   4.24s best:inf   next:[103,296]  default_lp
#Bound   4.40s best:inf   next:[148,296]  default_lp
#Bound   4.40s best:inf   next:[152,296]  default_lp
#Bound   4.58s best:inf   next:[153,296]  default_lp
#1      28.98s best:187   next:[153,186]  fj_restart_compound_perturb(batch:13 lin{mvs:0 evals:1'441'572} gen{mvs:58'475 evals:0} comp{mvs:6'015 btracks:26'230} #w_updates:125 #perturb:0)
#2      29.08s best:186   next:[153,185]  graph_arc_lns (d=5.00e-01 s=1502 t=0.10 p=0.00 stall=0 h=base)
#3      29.48s best:185   next:[153,184]  graph_arc_lns (d=7.07e-01 s=1509 t=0.10 p=1.00 stall=0 h=base)
#4     185.50s best:184   next:[153,183]  graph_arc_lns (d=3.80e-01 s=3118 t=0.11 p=0.50 stall=256 h=base)

Task timing                   n [     min,      max]      avg      dev     time         n [     min,      max]      avg      dev    dtime
        'default_lp':         1 [   3.96m,    3.96m]    3.96m   0.00ns    3.96m         2 [416.76ms,    3.25m]    1.63m    1.62m    3.26m
  'feasibility_pump':       749 [  2.51ms,  32.42ms]   2.93ms   1.29ms    2.19s       748 [  1.24ms,  38.45ms]   1.33ms   1.36ms 995.69ms
                'fj':       749 [  1.94ms,  41.67ms]  32.26ms   2.29ms   24.17s       749 [  4.95ms, 100.63ms] 100.01ms   3.48ms    1.25m
     'graph_arc_lns':       349 [  6.90ms, 193.30ms]  77.80ms  43.62ms   27.15s       349 [ 10.00ns, 112.91ms]  70.75ms  40.11ms   24.69s
     'graph_cst_lns':       307 [  7.42ms, 378.39ms] 114.36ms  93.62ms   35.11s       307 [ 10.00ns, 112.65ms]  55.58ms  51.07ms   17.06s
     'graph_dec_lns':       261 [ 10.87ms, 287.38ms] 134.21ms  74.52ms   35.03s       261 [ 10.00ns, 110.61ms]  62.55ms  45.13ms   16.33s
     'graph_var_lns':       349 [  6.79ms, 276.33ms]  90.52ms  68.11ms   31.59s       349 [ 10.00ns, 112.87ms]  59.60ms  48.16ms   20.80s
                'ls':       349 [ 28.71ms,  39.20ms]  34.57ms   3.07ms   12.07s       349 [100.00ms, 100.35ms] 100.04ms  43.79us   34.91s
         'rins/rens':         0 [  0.00ns,   0.00ns]   0.00ns   0.00ns   0.00ns         0 [  0.00ns,   0.00ns]   0.00ns   0.00ns   0.00ns
       'rnd_cst_lns':       292 [  9.12ms, 261.15ms] 119.71ms  72.84ms   34.96s       292 [ 35.00ns, 110.65ms]  62.01ms  47.14ms   18.11s
       'rnd_var_lns':       268 [  7.15ms, 291.05ms] 130.43ms  73.95ms   34.96s       268 [ 10.00ns, 110.64ms]  63.65ms  44.84ms   17.06s

Search stats     Bools  Conflicts   Branches  Restarts  BacktrackToRoot  Backtrack  BoolPropag  IntegerPropag
  'default_lp':  5'305     51'789  3'697'014       127          263'484    436'539  93'199'920    150'075'545

SAT formula      Fixed  Equiv  Total  VarLeft  BinaryClauses  PermanentClauses  TemporaryClauses
  'default_lp':      0      0  5'305    5'305        115'814             2'385            16'123

SAT stats        ClassicMinim  LitRemoved  LitRemovedBinary  LitLearned  LitForgotten  Subsumed
  'default_lp':        37'201     589'991         2'587'036   4'476'772     2'452'814     5'806

Vivification     Clauses  Decisions  LitTrue  Subsumed  LitRemoved  DecisionReused  Conflicts
  'default_lp':   98'990  3'234'370        0     2'844      29'235         101'404         79

Clause deletion    at_true  l_and_not(l)  to_binary  sub_conflict  sub_extra  sub_decisions  sub_eager  sub_vivify  sub_probing  sub_inpro  blocked  eliminated  forgotten  promoted  conflicts
    'default_lp':        0             0          0         5'447        154             16        359       2'844            1         22        0           0     26'617   109'448     51'789

Lp stats         Component  Iterations  AddedCuts  OPTIMAL  DUAL_F.  DUAL_U.
  'default_lp':          1     604'942     16'838  112'575        0   13'692

Lp dimension         Final dimension of first component
  'default_lp':  1246 rows, 5284 columns, 21882 entries

Lp debug         CutPropag  CutEqPropag   Adjust  Overflow     Bad  BadScaling
  'default_lp':          7            9  126'231         0  41'721           0

Lp pool          Constraints  Updates  Simplif  Merged  Shortened  Split  Strengthened      Cuts/Call
  'default_lp':       13'600      136        1       0          0     13             1  16'838/54'819

Lp Cut            default_lp
          CG_FF:         343
           CG_K:         428
          CG_KL:          65
           CG_R:         461
          CG_RB:         341
         CG_RBP:         183
             IB:      13'986
       MIR_1_FF:          21
        MIR_1_K:          12
       MIR_1_KL:          13
        MIR_1_R:          15
       MIR_1_RB:          16
      MIR_1_RBP:           2
       MIR_2_FF:          52
        MIR_2_K:          10
       MIR_2_KL:          30
        MIR_2_R:         160
       MIR_2_RB:           9
      MIR_2_RBP:           3
       MIR_3_FF:          28
        MIR_3_K:           8
       MIR_3_KL:          10
        MIR_3_R:          68
       MIR_3_RB:          14
      MIR_3_RBP:           1
       MIR_4_FF:          18
        MIR_4_K:          16
       MIR_4_KL:          12
        MIR_4_R:          71
       MIR_4_RB:          22
      MIR_4_RBP:           6
       MIR_5_FF:          15
        MIR_5_K:           5
       MIR_5_KL:           7
        MIR_5_R:          61
       MIR_5_RB:          11
      MIR_5_RBP:           4
       MIR_6_FF:          15
        MIR_6_K:          13
       MIR_6_KL:           7
        MIR_6_R:          25
       MIR_6_RB:           6
   ZERO_HALF_FF:          10
    ZERO_HALF_K:          10
   ZERO_HALF_KL:           1
    ZERO_HALF_R:         177
   ZERO_HALF_RB:          45
  ZERO_HALF_RBP:           2

LNS stats           Improv/Calls  Closed  Difficulty  TimeLimit
  'graph_arc_lns':         7/349     50%    4.49e-01       0.11
  'graph_cst_lns':         1/307     50%    6.52e-01       0.11
  'graph_dec_lns':         0/261     51%    8.76e-01       0.11
  'graph_var_lns':         3/349     51%    7.06e-01       0.11
      'rins/rens':           0/0      0%    5.00e-01       0.10
    'rnd_cst_lns':         2/292     50%    8.15e-01       0.11
    'rnd_var_lns':         0/268     50%    8.69e-01       0.11

LS stats                                    Batches  Restarts/Perturbs   LinMoves  GenMoves  CompoundMoves  Bactracks  WeightUpdates  ScoreComputed
                             'fj_restart':       77                 10  2'937'336         0              0          0        174'578      8'325'862
                    'fj_restart_compound':       29                 14          0   147'401         23'351     61'992            112      5'254'087
                'fj_restart_compound_obj':       61                 18          0   328'867         33'830    147'462            771     11'099'540
            'fj_restart_compound_perturb':       64                 18          0   319'022         43'358    137'789            517     11'776'185
        'fj_restart_compound_perturb_obj':       37                 20          0   204'793         32'007     86'331            200      6'919'331
                       'fj_restart_decay':       38                 11    600'351         0              0          0          9'362      2'788'261
              'fj_restart_decay_compound':       31                 11          0   159'868         25'972     66'923            103      5'765'895
          'fj_restart_decay_compound_obj':       39                 24          0   215'532         38'342     88'501            105      7'247'389
      'fj_restart_decay_compound_perturb':       80                 11          0   399'729         70'250    164'699            229     15'351'418
  'fj_restart_decay_compound_perturb_obj':       60                 18          0   320'761         57'988    131'315            190     11'228'037
                   'fj_restart_decay_obj':       54                 16    875'458         0              0          0         13'051      3'964'313
               'fj_restart_decay_perturb':       60                 20    975'984         0              0          0         14'752      4'463'599
           'fj_restart_decay_perturb_obj':       38                 18    596'288         0              0          0          9'221      2'768'648
                         'fj_restart_obj':       39                 14  1'168'740         0              0          0         84'009      3'985'109
                     'fj_restart_perturb':       22                 13    637'125         0              0          0         40'778      1'978'485
                 'fj_restart_perturb_obj':       20                 13    525'115         0              0          0         38'880      1'859'125
                             'ls_restart':       56                 25  1'044'001         0              0          0        254'991      2'822'901
                    'ls_restart_compound':       33                 18          0   169'278          3'425     82'879            701      4'115'644
            'ls_restart_compound_perturb':       46                 19          0   235'381          5'436    114'922            993      5'763'382
                       'ls_restart_decay':       54                 20    588'003         0              0          0         10'757      3'015'663
              'ls_restart_decay_compound':       43                 19          0   210'038         17'102     96'415            570      5'884'020
      'ls_restart_decay_compound_perturb':       40                 21          0   195'999         15'472     90'198            574      5'391'916
               'ls_restart_decay_perturb':       29                 18    304'127         0              0          0          6'377      1'554'110
                     'ls_restart_perturb':       48                 22  1'155'839         0              0          0        222'971      2'144'930

Solutions (4)                     Num   Rank
  'fj_restart_compound_perturb':    2  [0,1]
                'graph_arc_lns':    6  [1,4]

Objective bounds     Num
      'default_lp':    6
  'initial_domain':    1

Solution repositories    Added  Queried  Synchro
    'alternative_path':    655      915      655
      'best_solutions':  1'860    1'073    1'450
   'fj solution hints':    241        0      241
        'lp solutions':      0        0        0
                'pump':      0        0

Improving bounds shared    Num  Sym
            'default_lp':   12    0

Clauses shared    #Exported  #Imported  #BinaryRead  #BinaryTotal
   'default_lp':      1'756          0            6             6

LRAT_status: NA
CpSolverResponse summary:
status: FEASIBLE
objective: 184
best_bound: 153
integers: 5537
booleans: 5305
conflicts: 51789
branches: 3697014
propagations: 93199920
integer_propagations: 150075545
restarts: 127
lp_iterations: 604942
walltime: 240.003
usertime: 240.003
deterministic_time: 423.004
gap_integral: 1565.6
solution_fingerprint: 0x2ec1bf299359f67b

{"solver": "CP-SAT", "version": "9.15.6755", "status": "FEASIBLE", "seconds": 240.18242974200257, "branch_J": null, "strip": false, "cap": 187, "lower": 153.0, "domain_count": 3970, "domain_sha256": "dff299bb520aeee61628e1565bf3d9f790d0e93d8b521e04d7c4fe73ccf745f5", "S": 184, "warehouse_gaps": [0, 6]}
